[2022-12-13T06:25:09.583+0000][151028][gc,init] CardTable entry size: 512
[2022-12-13T06:25:09.587+0000][151028][gc     ] Using G1
[2022-12-13T06:25:11.037+0000][151028][gc,init] Version: 19.0.1+10-21 (release)
[2022-12-13T06:25:11.037+0000][151028][gc,init] CPUs: 12 total, 12 available
[2022-12-13T06:25:11.037+0000][151028][gc,init] Memory: 15984M
[2022-12-13T06:25:11.037+0000][151028][gc,init] Large Page Support: Disabled
[2022-12-13T06:25:11.037+0000][151028][gc,init] NUMA Support: Disabled
[2022-12-13T06:25:11.037+0000][151028][gc,init] Compressed Oops: Enabled (Zero based)
[2022-12-13T06:25:11.037+0000][151028][gc,init] Heap Region Size: 4M
[2022-12-13T06:25:11.037+0000][151028][gc,init] Heap Min Capacity: 7992M
[2022-12-13T06:25:11.037+0000][151028][gc,init] Heap Initial Capacity: 7992M
[2022-12-13T06:25:11.037+0000][151028][gc,init] Heap Max Capacity: 7992M
[2022-12-13T06:25:11.037+0000][151028][gc,init] Pre-touch: Enabled
[2022-12-13T06:25:11.037+0000][151028][gc,init] Parallel Workers: 10
[2022-12-13T06:25:11.037+0000][151028][gc,init] Concurrent Workers: 3
[2022-12-13T06:25:11.037+0000][151028][gc,init] Concurrent Refinement Workers: 10
[2022-12-13T06:25:11.037+0000][151028][gc,init] Periodic GC: Disabled
[2022-12-13T06:25:11.037+0000][151028][gc,metaspace] CDS archive(s) mapped at: [0x0000000800000000-0x0000000800c4f000-0x0000000800c4f000), size 12906496, SharedBaseAddress: 0x0000000800000000, ArchiveRelocationMode: 0.
[2022-12-13T06:25:11.037+0000][151028][gc,metaspace] Compressed class space mapped at: 0x0000000801000000-0x0000000841000000, reserved size: 1073741824
[2022-12-13T06:25:11.037+0000][151028][gc,metaspace] Narrow klass base: 0x0000000800000000, Narrow klass shift: 0, Narrow klass range: 0x100000000
[2022-12-13T06:25:11.368+0000][151028][safepoint   ] Safepoint "ICBufferFull", Time since last: 317170700 ns, Reaching safepoint: 221400 ns, At safepoint: 39800 ns, Total: 261200 ns
[2022-12-13T06:25:11.959+0000][151028][safepoint   ] Safepoint "ICBufferFull", Time since last: 590400800 ns, Reaching safepoint: 205900 ns, At safepoint: 29000 ns, Total: 234900 ns
[2022-12-13T06:25:12.472+0000][151028][safepoint   ] Safepoint "ICBufferFull", Time since last: 513074600 ns, Reaching safepoint: 300300 ns, At safepoint: 34500 ns, Total: 334800 ns
[2022-12-13T06:25:13.067+0000][151028][safepoint   ] Safepoint "ICBufferFull", Time since last: 594860100 ns, Reaching safepoint: 163400 ns, At safepoint: 6200 ns, Total: 169600 ns
[2022-12-13T06:25:13.766+0000][151028][safepoint   ] Safepoint "ICBufferFull", Time since last: 698115200 ns, Reaching safepoint: 346000 ns, At safepoint: 58800 ns, Total: 404800 ns
[2022-12-13T06:25:14.285+0000][151028][safepoint   ] Safepoint "ICBufferFull", Time since last: 519415500 ns, Reaching safepoint: 305600 ns, At safepoint: 35800 ns, Total: 341400 ns
[2022-12-13T06:25:14.853+0000][151028][gc,start    ] GC(0) Pause Young (Concurrent Start) (Metadata GC Threshold)
[2022-12-13T06:25:14.853+0000][151028][gc,task     ] GC(0) Using 10 workers of 10 for evacuation
[2022-12-13T06:25:14.853+0000][151028][gc,age      ] GC(0) Desired survivor size 27262976 bytes, new threshold 15 (max threshold 15)
[2022-12-13T06:25:14.871+0000][151028][gc,phases   ] GC(0)   Pre Evacuate Collection Set: 0.5ms
[2022-12-13T06:25:14.871+0000][151028][gc,phases   ] GC(0)   Merge Heap Roots: 0.3ms
[2022-12-13T06:25:14.871+0000][151028][gc,phases   ] GC(0)   Evacuate Collection Set: 6.6ms
[2022-12-13T06:25:14.871+0000][151028][gc,phases   ] GC(0)   Post Evacuate Collection Set: 10.7ms
[2022-12-13T06:25:14.871+0000][151028][gc,phases   ] GC(0)   Other: 0.2ms
[2022-12-13T06:25:14.871+0000][151028][gc,age      ] GC(0) Age table with threshold 15 (max threshold 15)
[2022-12-13T06:25:14.871+0000][151028][gc,age      ] GC(0) - age   1:   12261616 bytes,   12261616 total
[2022-12-13T06:25:14.871+0000][151028][gc,heap     ] GC(0) Eden regions: 61->0(96)
[2022-12-13T06:25:14.871+0000][151028][gc,heap     ] GC(0) Survivor regions: 0->3(13)
[2022-12-13T06:25:14.871+0000][151028][gc,heap     ] GC(0) Old regions: 0->0
[2022-12-13T06:25:14.871+0000][151028][gc,heap     ] GC(0) Archive regions: 2->2
[2022-12-13T06:25:14.871+0000][151028][gc,heap     ] GC(0) Humongous regions: 0->0
[2022-12-13T06:25:14.871+0000][151028][gc,metaspace] GC(0) Metaspace: 21070K(21504K)->21070K(21504K) NonClass: 18769K(19008K)->18769K(19008K) Class: 2301K(2496K)->2301K(2496K)
[2022-12-13T06:25:14.871+0000][151028][gc          ] GC(0) Pause Young (Concurrent Start) (Metadata GC Threshold) 245M->15M(7992M) 18.773ms
[2022-12-13T06:25:14.871+0000][151028][gc,cpu      ] GC(0) User=0.10s Sys=0.00s Real=0.02s
[2022-12-13T06:25:14.871+0000][151028][gc          ] GC(1) Concurrent Mark Cycle
[2022-12-13T06:25:14.872+0000][151028][gc,marking  ] GC(1) Concurrent Clear Claimed Marks
[2022-12-13T06:25:14.872+0000][151028][gc,marking  ] GC(1) Concurrent Clear Claimed Marks 0.047ms
[2022-12-13T06:25:14.872+0000][151028][gc,marking  ] GC(1) Concurrent Scan Root Regions
[2022-12-13T06:25:14.872+0000][151028][safepoint   ] Safepoint "CollectForMetadataAllocation", Time since last: 567098000 ns, Reaching safepoint: 194900 ns, At safepoint: 19057600 ns, Total: 19252500 ns
[2022-12-13T06:25:14.876+0000][151028][gc,marking  ] GC(1) Concurrent Scan Root Regions 4.522ms
[2022-12-13T06:25:14.876+0000][151028][gc,marking  ] GC(1) Concurrent Mark
[2022-12-13T06:25:14.876+0000][151028][gc,marking  ] GC(1) Concurrent Mark From Roots
[2022-12-13T06:25:14.876+0000][151028][gc,task     ] GC(1) Using 3 workers of 3 for marking
[2022-12-13T06:25:14.879+0000][151028][gc,marking  ] GC(1) Concurrent Mark From Roots 2.603ms
[2022-12-13T06:25:14.879+0000][151028][gc,marking  ] GC(1) Concurrent Preclean
[2022-12-13T06:25:14.879+0000][151028][gc,marking  ] GC(1) Concurrent Preclean 0.017ms
[2022-12-13T06:25:14.879+0000][151028][gc,start    ] GC(1) Pause Remark
[2022-12-13T06:25:14.883+0000][151028][gc          ] GC(1) Pause Remark 19M->19M(7992M) 3.199ms
[2022-12-13T06:25:14.883+0000][151028][gc,cpu      ] GC(1) User=0.02s Sys=0.00s Real=0.00s
[2022-12-13T06:25:14.883+0000][151028][safepoint   ] Safepoint "G1PauseRemark", Time since last: 7238600 ns, Reaching safepoint: 451600 ns, At safepoint: 3361400 ns, Total: 3813000 ns
[2022-12-13T06:25:14.883+0000][151028][gc,marking  ] GC(1) Concurrent Mark 6.632ms
[2022-12-13T06:25:14.883+0000][151028][gc,marking  ] GC(1) Concurrent Rebuild Remembered Sets
[2022-12-13T06:25:14.883+0000][151028][gc,marking  ] GC(1) Concurrent Rebuild Remembered Sets 0.013ms
[2022-12-13T06:25:14.883+0000][151028][gc,start    ] GC(1) Pause Cleanup
[2022-12-13T06:25:14.883+0000][151028][gc          ] GC(1) Pause Cleanup 19M->19M(7992M) 0.033ms
[2022-12-13T06:25:14.883+0000][151028][gc,cpu      ] GC(1) User=0.00s Sys=0.00s Real=0.00s
[2022-12-13T06:25:14.883+0000][151028][safepoint   ] Safepoint "G1PauseCleanup", Time since last: 171600 ns, Reaching safepoint: 284700 ns, At safepoint: 131800 ns, Total: 416500 ns
[2022-12-13T06:25:14.883+0000][151028][gc,marking  ] GC(1) Concurrent Cleanup for Next Mark
[2022-12-13T06:25:14.910+0000][151028][gc,marking  ] GC(1) Concurrent Cleanup for Next Mark 26.555ms
[2022-12-13T06:25:14.910+0000][151028][gc          ] GC(1) Concurrent Mark Cycle 38.577ms
[2022-12-13T06:25:15.628+0000][151028][safepoint   ] Safepoint "ICBufferFull", Time since last: 744274800 ns, Reaching safepoint: 803300 ns, At safepoint: 50800 ns, Total: 854100 ns
[2022-12-13T06:25:16.458+0000][151028][safepoint   ] Safepoint "ICBufferFull", Time since last: 829087700 ns, Reaching safepoint: 258900 ns, At safepoint: 33200 ns, Total: 292100 ns
[2022-12-13T06:25:16.483+0000][151028][gc,start    ] GC(2) Pause Young (Normal) (G1 Evacuation Pause)
[2022-12-13T06:25:16.483+0000][151028][gc,task     ] GC(2) Using 10 workers of 10 for evacuation
[2022-12-13T06:25:16.483+0000][151028][gc,age      ] GC(2) Desired survivor size 27262976 bytes, new threshold 15 (max threshold 15)
[2022-12-13T06:25:16.497+0000][151028][gc,phases   ] GC(2)   Pre Evacuate Collection Set: 0.4ms
[2022-12-13T06:25:16.497+0000][151028][gc,phases   ] GC(2)   Merge Heap Roots: 0.2ms
[2022-12-13T06:25:16.497+0000][151028][gc,phases   ] GC(2)   Evacuate Collection Set: 10.8ms
[2022-12-13T06:25:16.497+0000][151028][gc,phases   ] GC(2)   Post Evacuate Collection Set: 2.3ms
[2022-12-13T06:25:16.497+0000][151028][gc,phases   ] GC(2)   Other: 0.2ms
[2022-12-13T06:25:16.497+0000][151028][gc,age      ] GC(2) Age table with threshold 15 (max threshold 15)
[2022-12-13T06:25:16.497+0000][151028][gc,age      ] GC(2) - age   1:    8001424 bytes,    8001424 total
[2022-12-13T06:25:16.497+0000][151028][gc,age      ] GC(2) - age   2:   11451176 bytes,   19452600 total
[2022-12-13T06:25:16.497+0000][151028][gc,heap     ] GC(2) Eden regions: 96->0(94)
[2022-12-13T06:25:16.497+0000][151028][gc,heap     ] GC(2) Survivor regions: 3->5(13)
[2022-12-13T06:25:16.497+0000][151028][gc,heap     ] GC(2) Old regions: 0->0
[2022-12-13T06:25:16.497+0000][151028][gc,heap     ] GC(2) Archive regions: 2->2
[2022-12-13T06:25:16.497+0000][151028][gc,heap     ] GC(2) Humongous regions: 0->0
[2022-12-13T06:25:16.497+0000][151028][gc,metaspace] GC(2) Metaspace: 26277K(26944K)->26277K(26944K) NonClass: 23266K(23616K)->23266K(23616K) Class: 3011K(3328K)->3011K(3328K)
[2022-12-13T06:25:16.497+0000][151028][gc          ] GC(2) Pause Young (Normal) (G1 Evacuation Pause) 399M->23M(7992M) 14.415ms
[2022-12-13T06:25:16.497+0000][151028][gc,cpu      ] GC(2) User=0.08s Sys=0.01s Real=0.01s
[2022-12-13T06:25:16.497+0000][151028][safepoint   ] Safepoint "G1CollectForAllocation", Time since last: 24503900 ns, Reaching safepoint: 198200 ns, At safepoint: 14601500 ns, Total: 14799700 ns
[2022-12-13T06:25:17.706+0000][151028][safepoint   ] Safepoint "Cleanup", Time since last: 1208002200 ns, Reaching safepoint: 397500 ns, At safepoint: 45900 ns, Total: 443400 ns
[2022-12-13T06:25:18.313+0000][151028][gc,start    ] GC(3) Pause Young (Normal) (G1 Evacuation Pause)
[2022-12-13T06:25:18.313+0000][151028][gc,task     ] GC(3) Using 10 workers of 10 for evacuation
[2022-12-13T06:25:18.313+0000][151028][gc,age      ] GC(3) Desired survivor size 27262976 bytes, new threshold 15 (max threshold 15)
[2022-12-13T06:25:18.330+0000][151028][gc,phases   ] GC(3)   Pre Evacuate Collection Set: 0.3ms
[2022-12-13T06:25:18.330+0000][151028][gc,phases   ] GC(3)   Merge Heap Roots: 0.2ms
[2022-12-13T06:25:18.330+0000][151028][gc,phases   ] GC(3)   Evacuate Collection Set: 11.5ms
[2022-12-13T06:25:18.330+0000][151028][gc,phases   ] GC(3)   Post Evacuate Collection Set: 5.1ms
[2022-12-13T06:25:18.330+0000][151028][gc,phases   ] GC(3)   Other: 0.1ms
[2022-12-13T06:25:18.330+0000][151028][gc,age      ] GC(3) Age table with threshold 15 (max threshold 15)
[2022-12-13T06:25:18.330+0000][151028][gc,age      ] GC(3) - age   1:    9087480 bytes,    9087480 total
[2022-12-13T06:25:18.330+0000][151028][gc,age      ] GC(3) - age   2:    6920984 bytes,   16008464 total
[2022-12-13T06:25:18.330+0000][151028][gc,age      ] GC(3) - age   3:   11412800 bytes,   27421264 total
[2022-12-13T06:25:18.330+0000][151028][gc,heap     ] GC(3) Eden regions: 94->0(92)
[2022-12-13T06:25:18.330+0000][151028][gc,heap     ] GC(3) Survivor regions: 5->7(13)
[2022-12-13T06:25:18.330+0000][151028][gc,heap     ] GC(3) Old regions: 0->0
[2022-12-13T06:25:18.330+0000][151028][gc,heap     ] GC(3) Archive regions: 2->2
[2022-12-13T06:25:18.330+0000][151028][gc,heap     ] GC(3) Humongous regions: 0->0
[2022-12-13T06:25:18.330+0000][151028][gc,metaspace] GC(3) Metaspace: 33734K(34496K)->33734K(34496K) NonClass: 29889K(30336K)->29889K(30336K) Class: 3845K(4160K)->3845K(4160K)
[2022-12-13T06:25:18.330+0000][151028][gc          ] GC(3) Pause Young (Normal) (G1 Evacuation Pause) 399M->31M(7992M) 17.590ms
[2022-12-13T06:25:18.330+0000][151028][gc,cpu      ] GC(3) User=0.12s Sys=0.00s Real=0.02s
[2022-12-13T06:25:18.330+0000][151028][safepoint   ] Safepoint "G1CollectForAllocation", Time since last: 606775400 ns, Reaching safepoint: 154600 ns, At safepoint: 17704800 ns, Total: 17859400 ns
[2022-12-13T06:25:19.081+0000][151028][gc,start    ] GC(4) Pause Young (Concurrent Start) (Metadata GC Threshold)
[2022-12-13T06:25:19.081+0000][151028][gc,task     ] GC(4) Using 10 workers of 10 for evacuation
[2022-12-13T06:25:19.081+0000][151028][gc,age      ] GC(4) Desired survivor size 27262976 bytes, new threshold 3 (max threshold 15)
[2022-12-13T06:25:19.096+0000][151028][gc,phases   ] GC(4)   Pre Evacuate Collection Set: 0.5ms
[2022-12-13T06:25:19.096+0000][151028][gc,phases   ] GC(4)   Merge Heap Roots: 0.3ms
[2022-12-13T06:25:19.096+0000][151028][gc,phases   ] GC(4)   Evacuate Collection Set: 12.5ms
[2022-12-13T06:25:19.096+0000][151028][gc,phases   ] GC(4)   Post Evacuate Collection Set: 1.5ms
[2022-12-13T06:25:19.096+0000][151028][gc,phases   ] GC(4)   Other: 0.2ms
[2022-12-13T06:25:19.096+0000][151028][gc,age      ] GC(4) Age table with threshold 3 (max threshold 15)
[2022-12-13T06:25:19.096+0000][151028][gc,age      ] GC(4) - age   1:    3475312 bytes,    3475312 total
[2022-12-13T06:25:19.096+0000][151028][gc,age      ] GC(4) - age   2:    7763216 bytes,   11238528 total
[2022-12-13T06:25:19.096+0000][151028][gc,age      ] GC(4) - age   3:    6903616 bytes,   18142144 total
[2022-12-13T06:25:19.096+0000][151028][gc,heap     ] GC(4) Eden regions: 66->0(178)
[2022-12-13T06:25:19.096+0000][151028][gc,heap     ] GC(4) Survivor regions: 7->5(13)
[2022-12-13T06:25:19.096+0000][151028][gc,heap     ] GC(4) Old regions: 0->3
[2022-12-13T06:25:19.096+0000][151028][gc,heap     ] GC(4) Archive regions: 2->2
[2022-12-13T06:25:19.096+0000][151028][gc,heap     ] GC(4) Humongous regions: 0->0
[2022-12-13T06:25:19.096+0000][151028][gc,metaspace] GC(4) Metaspace: 35280K(36096K)->35280K(36096K) NonClass: 31257K(31744K)->31257K(31744K) Class: 4022K(4352K)->4022K(4352K)
[2022-12-13T06:25:19.096+0000][151028][gc          ] GC(4) Pause Young (Concurrent Start) (Metadata GC Threshold) 295M->35M(7992M) 15.302ms
[2022-12-13T06:25:19.096+0000][151028][gc,cpu      ] GC(4) User=0.08s Sys=0.02s Real=0.01s
[2022-12-13T06:25:19.096+0000][151028][gc          ] GC(5) Concurrent Mark Cycle
[2022-12-13T06:25:19.096+0000][151028][gc,marking  ] GC(5) Concurrent Clear Claimed Marks
[2022-12-13T06:25:19.096+0000][151028][gc,marking  ] GC(5) Concurrent Clear Claimed Marks 0.053ms
[2022-12-13T06:25:19.096+0000][151028][gc,marking  ] GC(5) Concurrent Scan Root Regions
[2022-12-13T06:25:19.097+0000][151028][safepoint   ] Safepoint "CollectForMetadataAllocation", Time since last: 750435900 ns, Reaching safepoint: 350000 ns, At safepoint: 15528100 ns, Total: 15878100 ns
[2022-12-13T06:25:19.103+0000][151028][gc,marking  ] GC(5) Concurrent Scan Root Regions 6.473ms
[2022-12-13T06:25:19.103+0000][151028][gc,marking  ] GC(5) Concurrent Mark
[2022-12-13T06:25:19.103+0000][151028][gc,marking  ] GC(5) Concurrent Mark From Roots
[2022-12-13T06:25:19.103+0000][151028][gc,task     ] GC(5) Using 3 workers of 3 for marking
[2022-12-13T06:25:19.105+0000][151028][gc,marking  ] GC(5) Concurrent Mark From Roots 2.234ms
[2022-12-13T06:25:19.105+0000][151028][gc,marking  ] GC(5) Concurrent Preclean
[2022-12-13T06:25:19.105+0000][151028][gc,marking  ] GC(5) Concurrent Preclean 0.017ms
[2022-12-13T06:25:19.106+0000][151028][gc,start    ] GC(5) Pause Remark
[2022-12-13T06:25:19.108+0000][151028][gc          ] GC(5) Pause Remark 37M->37M(7992M) 2.803ms
[2022-12-13T06:25:19.109+0000][151028][gc,cpu      ] GC(5) User=0.01s Sys=0.01s Real=0.00s
[2022-12-13T06:25:19.109+0000][151028][safepoint   ] Safepoint "G1PauseRemark", Time since last: 8858700 ns, Reaching safepoint: 309900 ns, At safepoint: 2931600 ns, Total: 3241500 ns
[2022-12-13T06:25:19.109+0000][151028][gc,marking  ] GC(5) Concurrent Mark 5.676ms
[2022-12-13T06:25:19.109+0000][151028][gc,marking  ] GC(5) Concurrent Rebuild Remembered Sets
[2022-12-13T06:25:19.113+0000][151028][gc,marking  ] GC(5) Concurrent Rebuild Remembered Sets 4.282ms
[2022-12-13T06:25:19.113+0000][151028][gc,start    ] GC(5) Pause Cleanup
[2022-12-13T06:25:19.114+0000][151028][gc          ] GC(5) Pause Cleanup 37M->37M(7992M) 0.500ms
[2022-12-13T06:25:19.114+0000][151028][gc,cpu      ] GC(5) User=0.00s Sys=0.00s Real=0.00s
[2022-12-13T06:25:19.114+0000][151028][safepoint   ] Safepoint "G1PauseCleanup", Time since last: 4493700 ns, Reaching safepoint: 291100 ns, At safepoint: 666500 ns, Total: 957600 ns
[2022-12-13T06:25:19.114+0000][151028][gc,marking  ] GC(5) Concurrent Cleanup for Next Mark
[2022-12-13T06:25:19.137+0000][151028][gc,marking  ] GC(5) Concurrent Cleanup for Next Mark 23.024ms
[2022-12-13T06:25:19.137+0000][151028][gc          ] GC(5) Concurrent Mark Cycle 40.838ms
[2022-12-13T06:25:20.294+0000][151028][safepoint   ] Safepoint "ICBufferFull", Time since last: 1179727100 ns, Reaching safepoint: 293100 ns, At safepoint: 6700 ns, Total: 299800 ns
[2022-12-13T06:25:21.315+0000][151028][safepoint   ] Safepoint "ICBufferFull", Time since last: 1020427000 ns, Reaching safepoint: 189500 ns, At safepoint: 25100 ns, Total: 214600 ns
[2022-12-13T06:25:22.315+0000][151028][safepoint   ] Safepoint "Cleanup", Time since last: 1000169100 ns, Reaching safepoint: 340600 ns, At safepoint: 24500 ns, Total: 365100 ns
[2022-12-13T06:25:23.316+0000][151028][safepoint   ] Safepoint "Cleanup", Time since last: 1000143500 ns, Reaching safepoint: 254100 ns, At safepoint: 34600 ns, Total: 288700 ns
[2022-12-13T06:25:24.354+0000][151028][safepoint   ] Safepoint "ICBufferFull", Time since last: 1038194700 ns, Reaching safepoint: 221200 ns, At safepoint: 7400 ns, Total: 228600 ns
[2022-12-13T06:25:25.061+0000][151028][safepoint   ] Safepoint "ICBufferFull", Time since last: 706568200 ns, Reaching safepoint: 270700 ns, At safepoint: 11800 ns, Total: 282500 ns
[2022-12-13T06:25:25.061+0000][151028][safepoint   ] Safepoint "ICBufferFull", Time since last: 133500 ns, Reaching safepoint: 299600 ns, At safepoint: 28600 ns, Total: 328200 ns
[2022-12-13T06:25:25.877+0000][151028][gc,start    ] GC(6) Pause Young (Concurrent Start) (Metadata GC Threshold)
[2022-12-13T06:25:25.877+0000][151028][gc,task     ] GC(6) Using 10 workers of 10 for evacuation
[2022-12-13T06:25:25.877+0000][151028][gc,age      ] GC(6) Desired survivor size 67108864 bytes, new threshold 15 (max threshold 15)
[2022-12-13T06:25:25.906+0000][151028][gc,phases   ] GC(6)   Pre Evacuate Collection Set: 0.6ms
[2022-12-13T06:25:25.906+0000][151028][gc,phases   ] GC(6)   Merge Heap Roots: 0.2ms
[2022-12-13T06:25:25.906+0000][151028][gc,phases   ] GC(6)   Evacuate Collection Set: 25.9ms
[2022-12-13T06:25:25.906+0000][151028][gc,phases   ] GC(6)   Post Evacuate Collection Set: 2.6ms
[2022-12-13T06:25:25.906+0000][151028][gc,phases   ] GC(6)   Other: 0.2ms
[2022-12-13T06:25:25.906+0000][151028][gc,age      ] GC(6) Age table with threshold 15 (max threshold 15)
[2022-12-13T06:25:25.906+0000][151028][gc,age      ] GC(6) - age   1:   25342520 bytes,   25342520 total
[2022-12-13T06:25:25.906+0000][151028][gc,age      ] GC(6) - age   2:    3441432 bytes,   28783952 total
[2022-12-13T06:25:25.906+0000][151028][gc,age      ] GC(6) - age   3:    7721832 bytes,   36505784 total
[2022-12-13T06:25:25.906+0000][151028][gc,age      ] GC(6) - age   4:    6871568 bytes,   43377352 total
[2022-12-13T06:25:25.906+0000][151028][gc,heap     ] GC(6) Eden regions: 112->0(98)
[2022-12-13T06:25:25.906+0000][151028][gc,heap     ] GC(6) Survivor regions: 5->11(32)
[2022-12-13T06:25:25.906+0000][151028][gc,heap     ] GC(6) Old regions: 3->3
[2022-12-13T06:25:25.906+0000][151028][gc,heap     ] GC(6) Archive regions: 2->2
[2022-12-13T06:25:25.906+0000][151028][gc,heap     ] GC(6) Humongous regions: 0->0
[2022-12-13T06:25:25.906+0000][151028][gc,metaspace] GC(6) Metaspace: 59038K(60416K)->59038K(60416K) NonClass: 51739K(52480K)->51739K(52480K) Class: 7298K(7936K)->7298K(7936K)
[2022-12-13T06:25:25.907+0000][151028][gc          ] GC(6) Pause Young (Concurrent Start) (Metadata GC Threshold) 483M->58M(7992M) 29.817ms
[2022-12-13T06:25:25.907+0000][151028][gc,cpu      ] GC(6) User=0.19s Sys=0.01s Real=0.03s
[2022-12-13T06:25:25.907+0000][151028][gc          ] GC(7) Concurrent Mark Cycle
[2022-12-13T06:25:25.907+0000][151028][gc,marking  ] GC(7) Concurrent Clear Claimed Marks
[2022-12-13T06:25:25.907+0000][151028][gc,marking  ] GC(7) Concurrent Clear Claimed Marks 0.089ms
[2022-12-13T06:25:25.907+0000][151028][gc,marking  ] GC(7) Concurrent Scan Root Regions
[2022-12-13T06:25:25.907+0000][151028][safepoint   ] Safepoint "CollectForMetadataAllocation", Time since last: 815093700 ns, Reaching safepoint: 169000 ns, At safepoint: 30063100 ns, Total: 30232100 ns
[2022-12-13T06:25:25.926+0000][151028][gc,marking  ] GC(7) Concurrent Scan Root Regions 19.128ms
[2022-12-13T06:25:25.926+0000][151028][gc,marking  ] GC(7) Concurrent Mark
[2022-12-13T06:25:25.926+0000][151028][gc,marking  ] GC(7) Concurrent Mark From Roots
[2022-12-13T06:25:25.926+0000][151028][gc,task     ] GC(7) Using 3 workers of 3 for marking
[2022-12-13T06:25:25.939+0000][151028][gc,marking  ] GC(7) Concurrent Mark From Roots 12.807ms
[2022-12-13T06:25:25.939+0000][151028][gc,marking  ] GC(7) Concurrent Preclean
[2022-12-13T06:25:25.939+0000][151028][gc,marking  ] GC(7) Concurrent Preclean 0.141ms
[2022-12-13T06:25:25.939+0000][151028][gc,start    ] GC(7) Pause Remark
[2022-12-13T06:25:25.950+0000][151028][gc          ] GC(7) Pause Remark 62M->62M(7992M) 10.216ms
[2022-12-13T06:25:25.950+0000][151028][gc,cpu      ] GC(7) User=0.04s Sys=0.01s Real=0.00s
[2022-12-13T06:25:25.950+0000][151028][safepoint   ] Safepoint "G1PauseRemark", Time since last: 32348000 ns, Reaching safepoint: 355900 ns, At safepoint: 10377900 ns, Total: 10733800 ns
[2022-12-13T06:25:25.950+0000][151028][gc,marking  ] GC(7) Concurrent Mark 24.001ms
[2022-12-13T06:25:25.950+0000][151028][gc,marking  ] GC(7) Concurrent Rebuild Remembered Sets
[2022-12-13T06:25:25.958+0000][151028][gc,marking  ] GC(7) Concurrent Rebuild Remembered Sets 8.331ms
[2022-12-13T06:25:25.961+0000][151028][gc,start    ] GC(7) Pause Cleanup
[2022-12-13T06:25:25.962+0000][151028][gc          ] GC(7) Pause Cleanup 62M->62M(7992M) 1.257ms
[2022-12-13T06:25:25.962+0000][151028][gc,cpu      ] GC(7) User=0.01s Sys=0.00s Real=0.00s
[2022-12-13T06:25:25.962+0000][151028][safepoint   ] Safepoint "G1PauseCleanup", Time since last: 8634700 ns, Reaching safepoint: 2349700 ns, At safepoint: 1379300 ns, Total: 3729000 ns
[2022-12-13T06:25:25.962+0000][151028][gc,marking  ] GC(7) Concurrent Cleanup for Next Mark
[2022-12-13T06:25:25.988+0000][151028][gc,marking  ] GC(7) Concurrent Cleanup for Next Mark 25.405ms
[2022-12-13T06:25:25.988+0000][151028][gc          ] GC(7) Concurrent Mark Cycle 81.202ms
[2022-12-13T06:25:26.963+0000][151028][safepoint   ] Safepoint "Cleanup", Time since last: 1000240200 ns, Reaching safepoint: 295300 ns, At safepoint: 33300 ns, Total: 328600 ns
[2022-12-13T06:25:27.963+0000][151028][safepoint   ] Safepoint "Cleanup", Time since last: 1000169900 ns, Reaching safepoint: 253500 ns, At safepoint: 39100 ns, Total: 292600 ns
[2022-12-13T06:25:28.989+0000][151028][safepoint   ] Safepoint "Cleanup", Time since last: 1024580500 ns, Reaching safepoint: 1049200 ns, At safepoint: 36500 ns, Total: 1085700 ns
[2022-12-13T06:25:30.454+0000][151028][safepoint   ] Safepoint "Cleanup", Time since last: 1464878500 ns, Reaching safepoint: 481700 ns, At safepoint: 59800 ns, Total: 541500 ns
[2022-12-13T06:25:30.788+0000][151028][gc,start    ] GC(8) Pause Young (Normal) (G1 Evacuation Pause)
[2022-12-13T06:25:30.788+0000][151028][gc,task     ] GC(8) Using 10 workers of 10 for evacuation
[2022-12-13T06:25:30.788+0000][151028][gc,age      ] GC(8) Desired survivor size 29360128 bytes, new threshold 3 (max threshold 15)
[2022-12-13T06:25:30.814+0000][151028][gc,phases   ] GC(8)   Pre Evacuate Collection Set: 0.3ms
[2022-12-13T06:25:30.814+0000][151028][gc,phases   ] GC(8)   Merge Heap Roots: 0.2ms
[2022-12-13T06:25:30.814+0000][151028][gc,phases   ] GC(8)   Evacuate Collection Set: 22.9ms
[2022-12-13T06:25:30.814+0000][151028][gc,phases   ] GC(8)   Post Evacuate Collection Set: 2.5ms
[2022-12-13T06:25:30.814+0000][151028][gc,phases   ] GC(8)   Other: 0.1ms
[2022-12-13T06:25:30.814+0000][151028][gc,age      ] GC(8) Age table with threshold 3 (max threshold 15)
[2022-12-13T06:25:30.814+0000][151028][gc,age      ] GC(8) - age   1:    9541384 bytes,    9541384 total
[2022-12-13T06:25:30.814+0000][151028][gc,age      ] GC(8) - age   2:   24854992 bytes,   34396376 total
[2022-12-13T06:25:30.814+0000][151028][gc,age      ] GC(8) - age   3:    3431056 bytes,   37827432 total
[2022-12-13T06:25:30.814+0000][151028][gc,heap     ] GC(8) Eden regions: 101->0(116)
[2022-12-13T06:25:30.814+0000][151028][gc,heap     ] GC(8) Survivor regions: 11->10(14)
[2022-12-13T06:25:30.814+0000][151028][gc,heap     ] GC(8) Old regions: 3->7
[2022-12-13T06:25:30.814+0000][151028][gc,heap     ] GC(8) Archive regions: 2->2
[2022-12-13T06:25:30.814+0000][151028][gc,heap     ] GC(8) Humongous regions: 0->0
[2022-12-13T06:25:30.814+0000][151028][gc,metaspace] GC(8) Metaspace: 79567K(81280K)->79567K(81280K) NonClass: 69272K(70272K)->69272K(70272K) Class: 10295K(11008K)->10295K(11008K)
[2022-12-13T06:25:30.814+0000][151028][gc          ] GC(8) Pause Young (Normal) (G1 Evacuation Pause) 462M->67M(7992M) 26.300ms
[2022-12-13T06:25:30.814+0000][151028][gc,cpu      ] GC(8) User=0.22s Sys=0.00s Real=0.03s
[2022-12-13T06:25:30.814+0000][151028][safepoint   ] Safepoint "G1CollectForAllocation", Time since last: 333172700 ns, Reaching safepoint: 143200 ns, At safepoint: 26490300 ns, Total: 26633500 ns
[2022-12-13T06:25:31.815+0000][151028][safepoint   ] Safepoint "Cleanup", Time since last: 1000135500 ns, Reaching safepoint: 457400 ns, At safepoint: 36100 ns, Total: 493500 ns
[2022-12-13T06:25:32.655+0000][151028][safepoint   ] Safepoint "ICBufferFull", Time since last: 840081000 ns, Reaching safepoint: 278500 ns, At safepoint: 34700 ns, Total: 313200 ns
[2022-12-13T06:25:32.896+0000][151028][gc,start    ] GC(9) Pause Young (Concurrent Start) (Metadata GC Threshold)
[2022-12-13T06:25:32.896+0000][151028][gc,task     ] GC(9) Using 10 workers of 10 for evacuation
[2022-12-13T06:25:32.896+0000][151028][gc,age      ] GC(9) Desired survivor size 33554432 bytes, new threshold 2 (max threshold 15)
[2022-12-13T06:25:32.923+0000][151028][gc,phases   ] GC(9)   Pre Evacuate Collection Set: 0.5ms
[2022-12-13T06:25:32.923+0000][151028][gc,phases   ] GC(9)   Merge Heap Roots: 0.2ms
[2022-12-13T06:25:32.923+0000][151028][gc,phases   ] GC(9)   Evacuate Collection Set: 23.8ms
[2022-12-13T06:25:32.924+0000][151028][gc,phases   ] GC(9)   Post Evacuate Collection Set: 2.3ms
[2022-12-13T06:25:32.924+0000][151028][gc,phases   ] GC(9)   Other: 0.1ms
[2022-12-13T06:25:32.924+0000][151028][gc,age      ] GC(9) Age table with threshold 2 (max threshold 15)
[2022-12-13T06:25:32.924+0000][151028][gc,age      ] GC(9) - age   1:    7875360 bytes,    7875360 total
[2022-12-13T06:25:32.924+0000][151028][gc,age      ] GC(9) - age   2:    9172488 bytes,   17047848 total
[2022-12-13T06:25:32.924+0000][151028][gc,heap     ] GC(9) Eden regions: 41->0(241)
[2022-12-13T06:25:32.924+0000][151028][gc,heap     ] GC(9) Survivor regions: 10->5(16)
[2022-12-13T06:25:32.924+0000][151028][gc,heap     ] GC(9) Old regions: 7->14
[2022-12-13T06:25:32.924+0000][151028][gc,heap     ] GC(9) Archive regions: 2->2
[2022-12-13T06:25:32.924+0000][151028][gc,heap     ] GC(9) Humongous regions: 0->0
[2022-12-13T06:25:32.924+0000][151028][gc,metaspace] GC(9) Metaspace: 98894K(101056K)->98894K(101056K) NonClass: 86108K(87296K)->86108K(87296K) Class: 12786K(13760K)->12786K(13760K)
[2022-12-13T06:25:32.924+0000][151028][gc          ] GC(9) Pause Young (Concurrent Start) (Metadata GC Threshold) 229M->77M(7992M) 27.299ms
[2022-12-13T06:25:32.924+0000][151028][gc,cpu      ] GC(9) User=0.17s Sys=0.01s Real=0.03s
[2022-12-13T06:25:32.924+0000][151028][gc          ] GC(10) Concurrent Mark Cycle
[2022-12-13T06:25:32.924+0000][151028][gc,marking  ] GC(10) Concurrent Clear Claimed Marks
[2022-12-13T06:25:32.924+0000][151028][safepoint   ] Safepoint "CollectForMetadataAllocation", Time since last: 240846800 ns, Reaching safepoint: 349600 ns, At safepoint: 27555100 ns, Total: 27904700 ns
[2022-12-13T06:25:32.924+0000][151028][gc,marking  ] GC(10) Concurrent Clear Claimed Marks 0.134ms
[2022-12-13T06:25:32.924+0000][151028][gc,marking  ] GC(10) Concurrent Scan Root Regions
[2022-12-13T06:25:32.941+0000][151028][gc,marking  ] GC(10) Concurrent Scan Root Regions 16.752ms
[2022-12-13T06:25:32.941+0000][151028][gc,marking  ] GC(10) Concurrent Mark
[2022-12-13T06:25:32.941+0000][151028][gc,marking  ] GC(10) Concurrent Mark From Roots
[2022-12-13T06:25:32.941+0000][151028][gc,task     ] GC(10) Using 3 workers of 3 for marking
[2022-12-13T06:25:32.960+0000][151028][gc,marking  ] GC(10) Concurrent Mark From Roots 19.133ms
[2022-12-13T06:25:32.960+0000][151028][gc,marking  ] GC(10) Concurrent Preclean
[2022-12-13T06:25:32.960+0000][151028][gc,marking  ] GC(10) Concurrent Preclean 0.157ms
[2022-12-13T06:25:32.960+0000][151028][gc,start    ] GC(10) Pause Remark
[2022-12-13T06:25:32.965+0000][151028][gc          ] GC(10) Pause Remark 81M->81M(7992M) 4.835ms
[2022-12-13T06:25:32.965+0000][151028][gc,cpu      ] GC(10) User=0.03s Sys=0.00s Real=0.00s
[2022-12-13T06:25:32.965+0000][151028][safepoint   ] Safepoint "G1PauseRemark", Time since last: 36325800 ns, Reaching safepoint: 251500 ns, At safepoint: 4964500 ns, Total: 5216000 ns
[2022-12-13T06:25:32.966+0000][151028][gc,marking  ] GC(10) Concurrent Mark 24.754ms
[2022-12-13T06:25:32.966+0000][151028][gc,marking  ] GC(10) Concurrent Rebuild Remembered Sets
[2022-12-13T06:25:32.989+0000][151028][gc,marking  ] GC(10) Concurrent Rebuild Remembered Sets 23.892ms
[2022-12-13T06:25:32.990+0000][151028][gc,start    ] GC(10) Pause Cleanup
[2022-12-13T06:25:32.990+0000][151028][gc          ] GC(10) Pause Cleanup 83M->83M(7992M) 0.499ms
[2022-12-13T06:25:32.990+0000][151028][gc,cpu      ] GC(10) User=0.00s Sys=0.00s Real=0.01s
[2022-12-13T06:25:32.990+0000][151028][safepoint   ] Safepoint "G1PauseCleanup", Time since last: 24100200 ns, Reaching safepoint: 195900 ns, At safepoint: 589600 ns, Total: 785500 ns
[2022-12-13T06:25:32.990+0000][151028][gc,marking  ] GC(10) Concurrent Cleanup for Next Mark
[2022-12-13T06:25:33.014+0000][151028][gc,marking  ] GC(10) Concurrent Cleanup for Next Mark 23.438ms
[2022-12-13T06:25:33.014+0000][151028][gc          ] GC(10) Concurrent Mark Cycle 90.165ms
[2022-12-13T06:25:34.073+0000][151028][safepoint   ] Safepoint "Cleanup", Time since last: 1082113200 ns, Reaching safepoint: 248000 ns, At safepoint: 33600 ns, Total: 281600 ns
[2022-12-13T06:25:34.540+0000][151028][safepoint   ] Safepoint "ICBufferFull", Time since last: 467058300 ns, Reaching safepoint: 377100 ns, At safepoint: 44800 ns, Total: 421900 ns
[2022-12-13T06:25:35.017+0000][151028][safepoint   ] Safepoint "ICBufferFull", Time since last: 476425600 ns, Reaching safepoint: 170100 ns, At safepoint: 23900 ns, Total: 194000 ns
[2022-12-13T06:25:35.192+0000][151028][safepoint   ] Safepoint "ICBufferFull", Time since last: 174495100 ns, Reaching safepoint: 300000 ns, At safepoint: 22700 ns, Total: 322700 ns
[2022-12-13T06:25:35.407+0000][151028][safepoint   ] Safepoint "ICBufferFull", Time since last: 214754900 ns, Reaching safepoint: 244000 ns, At safepoint: 23400 ns, Total: 267400 ns
[2022-12-13T06:25:36.076+0000][151028][safepoint   ] Safepoint "ICBufferFull", Time since last: 668839300 ns, Reaching safepoint: 227800 ns, At safepoint: 35600 ns, Total: 263400 ns
[2022-12-13T06:25:36.799+0000][151028][safepoint   ] Safepoint "ICBufferFull", Time since last: 723404400 ns, Reaching safepoint: 244200 ns, At safepoint: 22400 ns, Total: 266600 ns
[2022-12-13T06:25:37.270+0000][151028][safepoint   ] Safepoint "ICBufferFull", Time since last: 469927400 ns, Reaching safepoint: 238900 ns, At safepoint: 48100 ns, Total: 287000 ns
[2022-12-13T06:25:37.734+0000][151028][safepoint   ] Safepoint "ICBufferFull", Time since last: 464093200 ns, Reaching safepoint: 179200 ns, At safepoint: 22300 ns, Total: 201500 ns
[2022-12-13T06:25:38.985+0000][151028][safepoint   ] Safepoint "Cleanup", Time since last: 1250392500 ns, Reaching safepoint: 191900 ns, At safepoint: 22400 ns, Total: 214300 ns
[2022-12-13T06:25:40.053+0000][151028][safepoint   ] Safepoint "Cleanup", Time since last: 1068268100 ns, Reaching safepoint: 228600 ns, At safepoint: 23300 ns, Total: 251900 ns
[2022-12-13T06:25:40.667+0000][151028][safepoint   ] Safepoint "ICBufferFull", Time since last: 613507500 ns, Reaching safepoint: 344100 ns, At safepoint: 37800 ns, Total: 381900 ns
[2022-12-13T06:25:41.057+0000][151028][safepoint   ] Safepoint "ICBufferFull", Time since last: 389448400 ns, Reaching safepoint: 287200 ns, At safepoint: 25100 ns, Total: 312300 ns
[2022-12-13T06:25:41.467+0000][151028][safepoint   ] Safepoint "ICBufferFull", Time since last: 409400000 ns, Reaching safepoint: 343700 ns, At safepoint: 134800 ns, Total: 478500 ns
[2022-12-13T06:25:41.941+0000][151028][safepoint   ] Safepoint "ICBufferFull", Time since last: 473773000 ns, Reaching safepoint: 696900 ns, At safepoint: 168100 ns, Total: 865000 ns
[2022-12-13T06:25:41.945+0000][151028][safepoint   ] Safepoint "ICBufferFull", Time since last: 1352300 ns, Reaching safepoint: 2524400 ns, At safepoint: 168800 ns, Total: 2693200 ns
[2022-12-13T06:25:42.193+0000][151028][safepoint   ] Safepoint "ICBufferFull", Time since last: 245534600 ns, Reaching safepoint: 2295700 ns, At safepoint: 60300 ns, Total: 2356000 ns
[2022-12-13T06:25:42.356+0000][151028][safepoint   ] Safepoint "ICBufferFull", Time since last: 162614700 ns, Reaching safepoint: 333000 ns, At safepoint: 50600 ns, Total: 383600 ns
[2022-12-13T06:25:42.690+0000][151028][safepoint   ] Safepoint "ICBufferFull", Time since last: 333446100 ns, Reaching safepoint: 330300 ns, At safepoint: 196300 ns, Total: 526600 ns
[2022-12-13T06:25:42.970+0000][151028][safepoint   ] Safepoint "ICBufferFull", Time since last: 279823500 ns, Reaching safepoint: 319800 ns, At safepoint: 79200 ns, Total: 399000 ns
[2022-12-13T06:25:43.400+0000][151028][safepoint   ] Safepoint "ICBufferFull", Time since last: 429702200 ns, Reaching safepoint: 250000 ns, At safepoint: 38000 ns, Total: 288000 ns
[2022-12-13T06:25:43.856+0000][151028][safepoint   ] Safepoint "ICBufferFull", Time since last: 455749500 ns, Reaching safepoint: 245700 ns, At safepoint: 26100 ns, Total: 271800 ns
[2022-12-13T06:25:44.266+0000][151028][safepoint   ] Safepoint "ICBufferFull", Time since last: 409335800 ns, Reaching safepoint: 354200 ns, At safepoint: 31900 ns, Total: 386100 ns
[2022-12-13T06:25:44.545+0000][151028][gc,start    ] GC(11) Pause Young (Normal) (G1 Evacuation Pause)
[2022-12-13T06:25:44.545+0000][151028][gc,task     ] GC(11) Using 10 workers of 10 for evacuation
[2022-12-13T06:25:44.545+0000][151028][gc,age      ] GC(11) Desired survivor size 71303168 bytes, new threshold 15 (max threshold 15)
[2022-12-13T06:25:44.584+0000][151028][gc,phases   ] GC(11)   Pre Evacuate Collection Set: 0.4ms
[2022-12-13T06:25:44.584+0000][151028][gc,phases   ] GC(11)   Merge Heap Roots: 0.3ms
[2022-12-13T06:25:44.584+0000][151028][gc,phases   ] GC(11)   Evacuate Collection Set: 32.8ms
[2022-12-13T06:25:44.584+0000][151028][gc,phases   ] GC(11)   Post Evacuate Collection Set: 5.3ms
[2022-12-13T06:25:44.584+0000][151028][gc,phases   ] GC(11)   Other: 0.3ms
[2022-12-13T06:25:44.584+0000][151028][gc,age      ] GC(11) Age table with threshold 15 (max threshold 15)
[2022-12-13T06:25:44.584+0000][151028][gc,age      ] GC(11) - age   1:   56029536 bytes,   56029536 total
[2022-12-13T06:25:44.584+0000][151028][gc,age      ] GC(11) - age   2:    7201816 bytes,   63231352 total
[2022-12-13T06:25:44.584+0000][151028][gc,age      ] GC(11) - age   3:    9091928 bytes,   72323280 total
[2022-12-13T06:25:44.584+0000][151028][gc,heap     ] GC(11) Eden regions: 265->0(130)
[2022-12-13T06:25:44.584+0000][151028][gc,heap     ] GC(11) Survivor regions: 5->19(34)
[2022-12-13T06:25:44.584+0000][151028][gc,heap     ] GC(11) Old regions: 14->14
[2022-12-13T06:25:44.584+0000][151028][gc,heap     ] GC(11) Archive regions: 2->2
[2022-12-13T06:25:44.584+0000][151028][gc,heap     ] GC(11) Humongous regions: 0->0
[2022-12-13T06:25:44.584+0000][151028][gc,metaspace] GC(11) Metaspace: 126371K(130560K)->126371K(130560K) NonClass: 109816K(112192K)->109816K(112192K) Class: 16554K(18368K)->16554K(18368K)
[2022-12-13T06:25:44.584+0000][151028][gc          ] GC(11) Pause Young (Normal) (G1 Evacuation Pause) 1137M->131M(7992M) 39.610ms
[2022-12-13T06:25:44.584+0000][151028][gc,cpu      ] GC(11) User=0.32s Sys=0.01s Real=0.04s
[2022-12-13T06:25:44.584+0000][151028][safepoint   ] Safepoint "G1CollectForAllocation", Time since last: 278188900 ns, Reaching safepoint: 328300 ns, At safepoint: 39790600 ns, Total: 40118900 ns
[2022-12-13T06:25:45.313+0000][151028][safepoint   ] Safepoint "ICBufferFull", Time since last: 728643700 ns, Reaching safepoint: 323800 ns, At safepoint: 104800 ns, Total: 428600 ns
[2022-12-13T06:25:45.630+0000][151028][safepoint   ] Safepoint "ICBufferFull", Time since last: 306775200 ns, Reaching safepoint: 9264600 ns, At safepoint: 173600 ns, Total: 9438200 ns
[2022-12-13T06:25:45.640+0000][151028][safepoint   ] Safepoint "ICBufferFull", Time since last: 652200 ns, Reaching safepoint: 9859900 ns, At safepoint: 175600 ns, Total: 10035500 ns
[2022-12-13T06:25:45.668+0000][151028][safepoint   ] Safepoint "ICBufferFull", Time since last: 1045600 ns, Reaching safepoint: 26101600 ns, At safepoint: 445000 ns, Total: 26546600 ns
[2022-12-13T06:25:45.678+0000][151028][safepoint   ] Safepoint "ICBufferFull", Time since last: 8752000 ns, Reaching safepoint: 398100 ns, At safepoint: 456100 ns, Total: 854200 ns
[2022-12-13T06:25:46.169+0000][151028][safepoint   ] Safepoint "ICBufferFull", Time since last: 490476300 ns, Reaching safepoint: 360200 ns, At safepoint: 113100 ns, Total: 473300 ns
[2022-12-13T06:25:46.719+0000][151028][safepoint   ] Safepoint "ICBufferFull", Time since last: 549839400 ns, Reaching safepoint: 308600 ns, At safepoint: 44200 ns, Total: 352800 ns
[2022-12-13T06:25:47.453+0000][151028][safepoint   ] Safepoint "ICBufferFull", Time since last: 733687000 ns, Reaching safepoint: 386000 ns, At safepoint: 76300 ns, Total: 462300 ns
[2022-12-13T06:25:47.634+0000][151028][safepoint   ] Safepoint "ICBufferFull", Time since last: 181047900 ns, Reaching safepoint: 414800 ns, At safepoint: 60000 ns, Total: 474800 ns
[2022-12-13T06:25:47.968+0000][151028][gc,start    ] GC(12) Pause Young (Normal) (G1 Evacuation Pause)
[2022-12-13T06:25:47.968+0000][151028][gc,task     ] GC(12) Using 10 workers of 10 for evacuation
[2022-12-13T06:25:47.969+0000][151028][gc,age      ] GC(12) Desired survivor size 39845888 bytes, new threshold 1 (max threshold 15)
[2022-12-13T06:25:48.008+0000][151028][gc,phases   ] GC(12)   Pre Evacuate Collection Set: 0.5ms
[2022-12-13T06:25:48.008+0000][151028][gc,phases   ] GC(12)   Merge Heap Roots: 0.2ms
[2022-12-13T06:25:48.008+0000][151028][gc,phases   ] GC(12)   Evacuate Collection Set: 35.9ms
[2022-12-13T06:25:48.008+0000][151028][gc,phases   ] GC(12)   Post Evacuate Collection Set: 2.7ms
[2022-12-13T06:25:48.008+0000][151028][gc,phases   ] GC(12)   Other: 0.2ms
[2022-12-13T06:25:48.008+0000][151028][gc,age      ] GC(12) Age table with threshold 1 (max threshold 15)
[2022-12-13T06:25:48.008+0000][151028][gc,age      ] GC(12) - age   1:   34020080 bytes,   34020080 total
[2022-12-13T06:25:48.008+0000][151028][gc,heap     ] GC(12) Eden regions: 130->0(276)
[2022-12-13T06:25:48.008+0000][151028][gc,heap     ] GC(12) Survivor regions: 19->10(19)
[2022-12-13T06:25:48.008+0000][151028][gc,heap     ] GC(12) Old regions: 14->31
[2022-12-13T06:25:48.008+0000][151028][gc,heap     ] GC(12) Archive regions: 2->2
[2022-12-13T06:25:48.008+0000][151028][gc,heap     ] GC(12) Humongous regions: 0->0
[2022-12-13T06:25:48.008+0000][151028][gc,metaspace] GC(12) Metaspace: 132261K(137088K)->132261K(137088K) NonClass: 114795K(117504K)->114795K(117504K) Class: 17466K(19584K)->17466K(19584K)
[2022-12-13T06:25:48.008+0000][151028][gc          ] GC(12) Pause Young (Normal) (G1 Evacuation Pause) 651M->164M(7992M) 39.739ms
[2022-12-13T06:25:48.008+0000][151028][gc,cpu      ] GC(12) User=0.35s Sys=0.02s Real=0.04s
[2022-12-13T06:25:48.008+0000][151028][safepoint   ] Safepoint "G1CollectForAllocation", Time since last: 333706500 ns, Reaching safepoint: 260200 ns, At safepoint: 39973600 ns, Total: 40233800 ns
[2022-12-13T06:25:48.660+0000][151028][safepoint   ] Safepoint "ICBufferFull", Time since last: 651872300 ns, Reaching safepoint: 236200 ns, At safepoint: 27400 ns, Total: 263600 ns
[2022-12-13T06:25:49.510+0000][151028][safepoint   ] Safepoint "ICBufferFull", Time since last: 848846900 ns, Reaching safepoint: 368800 ns, At safepoint: 68100 ns, Total: 436900 ns
[2022-12-13T06:25:50.358+0000][151028][safepoint   ] Safepoint "ICBufferFull", Time since last: 848258600 ns, Reaching safepoint: 380700 ns, At safepoint: 71200 ns, Total: 451900 ns
[2022-12-13T06:25:50.872+0000][151028][safepoint   ] Safepoint "ICBufferFull", Time since last: 512836200 ns, Reaching safepoint: 298600 ns, At safepoint: 65700 ns, Total: 364300 ns
[2022-12-13T06:25:51.872+0000][151028][safepoint   ] Safepoint "Cleanup", Time since last: 1000165300 ns, Reaching safepoint: 365500 ns, At safepoint: 41000 ns, Total: 406500 ns
[2022-12-13T06:25:52.873+0000][151028][safepoint   ] Safepoint "Cleanup", Time since last: 1000140900 ns, Reaching safepoint: 214500 ns, At safepoint: 13400 ns, Total: 227900 ns
[2022-12-13T06:25:53.873+0000][151028][safepoint   ] Safepoint "Cleanup", Time since last: 1000134000 ns, Reaching safepoint: 346000 ns, At safepoint: 48200 ns, Total: 394200 ns
[2022-12-13T06:25:54.707+0000][151028][safepoint   ] Safepoint "ICBufferFull", Time since last: 833956800 ns, Reaching safepoint: 322100 ns, At safepoint: 56800 ns, Total: 378900 ns
[2022-12-13T06:25:55.708+0000][151028][safepoint   ] Safepoint "Cleanup", Time since last: 1000149000 ns, Reaching safepoint: 281400 ns, At safepoint: 44200 ns, Total: 325600 ns
[2022-12-13T06:25:56.708+0000][151028][safepoint   ] Safepoint "Cleanup", Time since last: 1000168500 ns, Reaching safepoint: 171500 ns, At safepoint: 24400 ns, Total: 195900 ns
[2022-12-13T06:25:57.709+0000][151028][safepoint   ] Safepoint "Cleanup", Time since last: 1000142600 ns, Reaching safepoint: 552400 ns, At safepoint: 150900 ns, Total: 703300 ns
[2022-12-13T06:25:58.710+0000][151028][safepoint   ] Safepoint "Cleanup", Time since last: 1000152400 ns, Reaching safepoint: 192100 ns, At safepoint: 25200 ns, Total: 217300 ns
[2022-12-13T06:25:58.800+0000][151028][gc,start    ] GC(13) Pause Young (Normal) (G1 Evacuation Pause)
[2022-12-13T06:25:58.800+0000][151028][gc,task     ] GC(13) Using 10 workers of 10 for evacuation
[2022-12-13T06:25:58.800+0000][151028][gc,age      ] GC(13) Desired survivor size 75497472 bytes, new threshold 15 (max threshold 15)
[2022-12-13T06:25:58.852+0000][151028][gc,phases   ] GC(13)   Pre Evacuate Collection Set: 0.3ms
[2022-12-13T06:25:58.852+0000][151028][gc,phases   ] GC(13)   Merge Heap Roots: 0.2ms
[2022-12-13T06:25:58.852+0000][151028][gc,phases   ] GC(13)   Evacuate Collection Set: 48.2ms
[2022-12-13T06:25:58.852+0000][151028][gc,phases   ] GC(13)   Post Evacuate Collection Set: 2.8ms
[2022-12-13T06:25:58.852+0000][151028][gc,phases   ] GC(13)   Other: 0.3ms
[2022-12-13T06:25:58.852+0000][151028][gc,age      ] GC(13) Age table with threshold 15 (max threshold 15)
[2022-12-13T06:25:58.852+0000][151028][gc,age      ] GC(13) - age   1:   93395384 bytes,   93395384 total
[2022-12-13T06:25:58.852+0000][151028][gc,age      ] GC(13) - age   2:   31891632 bytes,  125287016 total
[2022-12-13T06:25:58.852+0000][151028][gc,heap     ] GC(13) Eden regions: 276->0(178)
[2022-12-13T06:25:58.852+0000][151028][gc,heap     ] GC(13) Survivor regions: 10->34(36)
[2022-12-13T06:25:58.852+0000][151028][gc,heap     ] GC(13) Old regions: 31->31
[2022-12-13T06:25:58.852+0000][151028][gc,heap     ] GC(13) Archive regions: 2->2
[2022-12-13T06:25:58.852+0000][151028][gc,heap     ] GC(13) Humongous regions: 0->0
[2022-12-13T06:25:58.852+0000][151028][gc,metaspace] GC(13) Metaspace: 133983K(138752K)->133983K(138752K) NonClass: 116460K(119104K)->116460K(119104K) Class: 17523K(19648K)->17523K(19648K)
[2022-12-13T06:25:58.852+0000][151028][gc          ] GC(13) Pause Young (Normal) (G1 Evacuation Pause) 1268M->261M(7992M) 52.133ms
[2022-12-13T06:25:58.852+0000][151028][gc,cpu      ] GC(13) User=0.49s Sys=0.00s Real=0.05s
[2022-12-13T06:25:58.853+0000][151028][safepoint   ] Safepoint "G1CollectForAllocation", Time since last: 90534500 ns, Reaching safepoint: 211600 ns, At safepoint: 52312400 ns, Total: 52524000 ns
[2022-12-13T06:25:59.853+0000][151028][safepoint   ] Safepoint "Cleanup", Time since last: 1000141300 ns, Reaching safepoint: 237900 ns, At safepoint: 54200 ns, Total: 292100 ns
[2022-12-13T06:26:01.217+0000][151028][safepoint   ] Safepoint "Cleanup", Time since last: 1363634400 ns, Reaching safepoint: 209800 ns, At safepoint: 67000 ns, Total: 276800 ns
[2022-12-13T06:26:02.454+0000][151028][safepoint   ] Safepoint "Cleanup", Time since last: 1236778400 ns, Reaching safepoint: 385800 ns, At safepoint: 79000 ns, Total: 464800 ns
[2022-12-13T06:26:03.550+0000][151028][safepoint   ] Safepoint "Cleanup", Time since last: 1095469300 ns, Reaching safepoint: 376100 ns, At safepoint: 28100 ns, Total: 404200 ns
[2022-12-13T06:26:04.550+0000][151028][safepoint   ] Safepoint "Cleanup", Time since last: 1000156900 ns, Reaching safepoint: 183700 ns, At safepoint: 16500 ns, Total: 200200 ns
[2022-12-13T06:26:05.551+0000][151028][safepoint   ] Safepoint "Cleanup", Time since last: 1000152700 ns, Reaching safepoint: 226200 ns, At safepoint: 14100 ns, Total: 240300 ns
[2022-12-13T06:26:06.551+0000][151028][safepoint   ] Safepoint "Cleanup", Time since last: 1000138000 ns, Reaching safepoint: 173200 ns, At safepoint: 24000 ns, Total: 197200 ns
[2022-12-13T06:26:07.424+0000][151028][safepoint   ] Safepoint "ICBufferFull", Time since last: 872706500 ns, Reaching safepoint: 305500 ns, At safepoint: 45000 ns, Total: 350500 ns
[2022-12-13T06:26:08.425+0000][151028][safepoint   ] Safepoint "Cleanup", Time since last: 1000162100 ns, Reaching safepoint: 184100 ns, At safepoint: 26400 ns, Total: 210500 ns
[2022-12-13T06:26:09.425+0000][151028][safepoint   ] Safepoint "Cleanup", Time since last: 1000133600 ns, Reaching safepoint: 300200 ns, At safepoint: 41400 ns, Total: 341600 ns
[2022-12-13T06:26:10.425+0000][151028][safepoint   ] Safepoint "Cleanup", Time since last: 1000146900 ns, Reaching safepoint: 223500 ns, At safepoint: 27600 ns, Total: 251100 ns
[2022-12-13T06:26:10.731+0000][151028][gc,start    ] GC(14) Pause Young (Normal) (G1 Evacuation Pause)
[2022-12-13T06:26:10.731+0000][151028][gc,task     ] GC(14) Using 10 workers of 10 for evacuation
[2022-12-13T06:26:10.731+0000][151028][gc,age      ] GC(14) Desired survivor size 56623104 bytes, new threshold 1 (max threshold 15)
[2022-12-13T06:26:10.798+0000][151028][gc,phases   ] GC(14)   Pre Evacuate Collection Set: 0.4ms
[2022-12-13T06:26:10.798+0000][151028][gc,phases   ] GC(14)   Merge Heap Roots: 0.3ms
[2022-12-13T06:26:10.798+0000][151028][gc,phases   ] GC(14)   Evacuate Collection Set: 64.1ms
[2022-12-13T06:26:10.798+0000][151028][gc,phases   ] GC(14)   Post Evacuate Collection Set: 2.1ms
[2022-12-13T06:26:10.798+0000][151028][gc,phases   ] GC(14)   Other: 0.2ms
[2022-12-13T06:26:10.798+0000][151028][gc,age      ] GC(14) Age table with threshold 1 (max threshold 15)
[2022-12-13T06:26:10.798+0000][151028][gc,age      ] GC(14) - age   1:   35279424 bytes,   35279424 total
[2022-12-13T06:26:10.798+0000][151028][gc,heap     ] GC(14) Eden regions: 178->0(461)
[2022-12-13T06:26:10.798+0000][151028][gc,heap     ] GC(14) Survivor regions: 34->10(27)
[2022-12-13T06:26:10.798+0000][151028][gc,heap     ] GC(14) Old regions: 31->63
[2022-12-13T06:26:10.798+0000][151028][gc,heap     ] GC(14) Archive regions: 2->2
[2022-12-13T06:26:10.798+0000][151028][gc,heap     ] GC(14) Humongous regions: 0->0
[2022-12-13T06:26:10.798+0000][151028][gc,metaspace] GC(14) Metaspace: 135197K(140032K)->135197K(140032K) NonClass: 117555K(120256K)->117555K(120256K) Class: 17642K(19776K)->17642K(19776K)
[2022-12-13T06:26:10.798+0000][151028][gc          ] GC(14) Pause Young (Normal) (G1 Evacuation Pause) 973M->294M(7992M) 67.439ms
[2022-12-13T06:26:10.798+0000][151028][gc,cpu      ] GC(14) User=0.65s Sys=0.00s Real=0.07s
[2022-12-13T06:26:10.798+0000][151028][safepoint   ] Safepoint "G1CollectForAllocation", Time since last: 304977800 ns, Reaching safepoint: 185900 ns, At safepoint: 67630400 ns, Total: 67816300 ns
[2022-12-13T06:26:11.799+0000][151028][safepoint   ] Safepoint "Cleanup", Time since last: 1000149100 ns, Reaching safepoint: 195800 ns, At safepoint: 86400 ns, Total: 282200 ns
[2022-12-13T06:26:12.799+0000][151028][safepoint   ] Safepoint "Cleanup", Time since last: 1000202000 ns, Reaching safepoint: 255400 ns, At safepoint: 15500 ns, Total: 270900 ns
[2022-12-13T06:26:13.800+0000][151028][safepoint   ] Safepoint "Cleanup", Time since last: 1000155900 ns, Reaching safepoint: 308600 ns, At safepoint: 61300 ns, Total: 369900 ns
[2022-12-13T06:26:14.800+0000][151028][safepoint   ] Safepoint "Cleanup", Time since last: 1000158900 ns, Reaching safepoint: 198800 ns, At safepoint: 24700 ns, Total: 223500 ns
[2022-12-13T06:26:15.800+0000][151028][safepoint   ] Safepoint "Cleanup", Time since last: 1000165000 ns, Reaching safepoint: 213200 ns, At safepoint: 27400 ns, Total: 240600 ns
[2022-12-13T06:26:17.173+0000][151028][safepoint   ] Safepoint "Cleanup", Time since last: 1372571700 ns, Reaching safepoint: 189300 ns, At safepoint: 10900 ns, Total: 200200 ns
[2022-12-13T06:26:18.174+0000][151028][safepoint   ] Safepoint "Cleanup", Time since last: 1000152300 ns, Reaching safepoint: 188500 ns, At safepoint: 10800 ns, Total: 199300 ns
[2022-12-13T06:26:19.174+0000][151028][safepoint   ] Safepoint "Cleanup", Time since last: 1000150100 ns, Reaching safepoint: 187000 ns, At safepoint: 10900 ns, Total: 197900 ns
[2022-12-13T06:26:20.174+0000][151028][safepoint   ] Safepoint "Cleanup", Time since last: 1000140200 ns, Reaching safepoint: 193000 ns, At safepoint: 11000 ns, Total: 204000 ns
[2022-12-13T06:26:21.175+0000][151028][safepoint   ] Safepoint "Cleanup", Time since last: 1000155900 ns, Reaching safepoint: 244300 ns, At safepoint: 15200 ns, Total: 259500 ns
[2022-12-13T06:26:22.175+0000][151028][safepoint   ] Safepoint "Cleanup", Time since last: 1000171700 ns, Reaching safepoint: 190000 ns, At safepoint: 11000 ns, Total: 201000 ns
[2022-12-13T06:26:23.175+0000][151028][safepoint   ] Safepoint "Cleanup", Time since last: 1000161400 ns, Reaching safepoint: 207500 ns, At safepoint: 38100 ns, Total: 245600 ns
[2022-12-13T06:26:24.802+0000][151028][safepoint   ] Safepoint "Cleanup", Time since last: 1626455600 ns, Reaching safepoint: 253300 ns, At safepoint: 13800 ns, Total: 267100 ns
[2022-12-13T06:26:25.806+0000][151028][safepoint   ] Safepoint "Cleanup", Time since last: 1003191600 ns, Reaching safepoint: 228900 ns, At safepoint: 21000 ns, Total: 249900 ns
[2022-12-13T06:26:26.806+0000][151028][safepoint   ] Safepoint "Cleanup", Time since last: 1000140400 ns, Reaching safepoint: 188600 ns, At safepoint: 11200 ns, Total: 199800 ns
[2022-12-13T06:26:27.806+0000][151028][safepoint   ] Safepoint "Cleanup", Time since last: 1000167000 ns, Reaching safepoint: 223200 ns, At safepoint: 23400 ns, Total: 246600 ns
[2022-12-13T06:26:28.807+0000][151028][safepoint   ] Safepoint "Cleanup", Time since last: 1000164600 ns, Reaching safepoint: 239300 ns, At safepoint: 14700 ns, Total: 254000 ns
[2022-12-13T06:26:29.807+0000][151028][safepoint   ] Safepoint "Cleanup", Time since last: 1000149100 ns, Reaching safepoint: 318700 ns, At safepoint: 14800 ns, Total: 333500 ns
[2022-12-13T06:26:31.162+0000][151028][safepoint   ] Safepoint "Cleanup", Time since last: 1354209600 ns, Reaching safepoint: 235800 ns, At safepoint: 13400 ns, Total: 249200 ns
[2022-12-13T06:26:32.162+0000][151028][safepoint   ] Safepoint "Cleanup", Time since last: 1000149600 ns, Reaching safepoint: 193200 ns, At safepoint: 26000 ns, Total: 219200 ns
[2022-12-13T06:26:33.162+0000][151028][safepoint   ] Safepoint "Cleanup", Time since last: 1000152700 ns, Reaching safepoint: 181600 ns, At safepoint: 11500 ns, Total: 193100 ns
[2022-12-13T06:26:34.163+0000][151028][safepoint   ] Safepoint "Cleanup", Time since last: 1000549900 ns, Reaching safepoint: 282900 ns, At safepoint: 23400 ns, Total: 306300 ns
[2022-12-13T06:26:35.165+0000][151028][safepoint   ] Safepoint "Cleanup", Time since last: 1001326100 ns, Reaching safepoint: 236800 ns, At safepoint: 19300 ns, Total: 256100 ns
[2022-12-13T06:26:36.165+0000][151028][safepoint   ] Safepoint "Cleanup", Time since last: 1000141100 ns, Reaching safepoint: 239500 ns, At safepoint: 18200 ns, Total: 257700 ns
[2022-12-13T06:26:38.166+0000][151028][safepoint   ] Safepoint "Cleanup", Time since last: 2000248500 ns, Reaching safepoint: 229500 ns, At safepoint: 18900 ns, Total: 248400 ns
[2022-12-13T06:26:39.167+0000][151028][safepoint   ] Safepoint "Cleanup", Time since last: 1001005000 ns, Reaching safepoint: 254600 ns, At safepoint: 20400 ns, Total: 275000 ns
[2022-12-13T06:26:42.168+0000][151028][safepoint   ] Safepoint "Cleanup", Time since last: 3000325900 ns, Reaching safepoint: 293600 ns, At safepoint: 41800 ns, Total: 335400 ns
[2022-12-13T06:26:44.168+0000][151028][safepoint   ] Safepoint "Cleanup", Time since last: 2000238900 ns, Reaching safepoint: 280900 ns, At safepoint: 39700 ns, Total: 320600 ns
[2022-12-13T06:26:44.810+0000][151028][safepoint   ] Safepoint "ICBufferFull", Time since last: 641457300 ns, Reaching safepoint: 417700 ns, At safepoint: 123600 ns, Total: 541300 ns
[2022-12-13T06:26:45.857+0000][151028][safepoint   ] Safepoint "Cleanup", Time since last: 1045846300 ns, Reaching safepoint: 571900 ns, At safepoint: 16700 ns, Total: 588600 ns
[2022-12-13T06:26:46.857+0000][151028][safepoint   ] Safepoint "Cleanup", Time since last: 1000151400 ns, Reaching safepoint: 247800 ns, At safepoint: 21100 ns, Total: 268900 ns
[2022-12-13T06:26:47.858+0000][151028][safepoint   ] Safepoint "Cleanup", Time since last: 1000156700 ns, Reaching safepoint: 224800 ns, At safepoint: 15200 ns, Total: 240000 ns
[2022-12-13T06:26:48.858+0000][151028][safepoint   ] Safepoint "Cleanup", Time since last: 1000150900 ns, Reaching safepoint: 234700 ns, At safepoint: 25100 ns, Total: 259800 ns
[2022-12-13T06:26:49.859+0000][151028][safepoint   ] Safepoint "Cleanup", Time since last: 1000742300 ns, Reaching safepoint: 231900 ns, At safepoint: 19300 ns, Total: 251200 ns
[2022-12-13T06:26:50.859+0000][151028][safepoint   ] Safepoint "Cleanup", Time since last: 1000168200 ns, Reaching safepoint: 257600 ns, At safepoint: 14600 ns, Total: 272200 ns
[2022-12-13T06:26:51.860+0000][151028][safepoint   ] Safepoint "Cleanup", Time since last: 1000147200 ns, Reaching safepoint: 213400 ns, At safepoint: 19900 ns, Total: 233300 ns
[2022-12-13T06:26:52.860+0000][151028][safepoint   ] Safepoint "Cleanup", Time since last: 1000155700 ns, Reaching safepoint: 221400 ns, At safepoint: 20200 ns, Total: 241600 ns
[2022-12-13T06:26:53.861+0000][151028][safepoint   ] Safepoint "Cleanup", Time since last: 1000149300 ns, Reaching safepoint: 258600 ns, At safepoint: 26200 ns, Total: 284800 ns
[2022-12-13T06:26:54.861+0000][151028][safepoint   ] Safepoint "Cleanup", Time since last: 1000585500 ns, Reaching safepoint: 176800 ns, At safepoint: 11400 ns, Total: 188200 ns
[2022-12-13T06:26:55.862+0000][151028][safepoint   ] Safepoint "Cleanup", Time since last: 1000143100 ns, Reaching safepoint: 190100 ns, At safepoint: 11200 ns, Total: 201300 ns
[2022-12-13T06:26:58.862+0000][151028][safepoint   ] Safepoint "Cleanup", Time since last: 3000330600 ns, Reaching safepoint: 191300 ns, At safepoint: 11300 ns, Total: 202600 ns
[2022-12-13T06:27:00.863+0000][151028][safepoint   ] Safepoint "Cleanup", Time since last: 2000897200 ns, Reaching safepoint: 166100 ns, At safepoint: 11800 ns, Total: 177900 ns
[2022-12-13T06:27:01.864+0000][151028][safepoint   ] Safepoint "Cleanup", Time since last: 1000154700 ns, Reaching safepoint: 239100 ns, At safepoint: 15500 ns, Total: 254600 ns
[2022-12-13T06:27:02.864+0000][151028][safepoint   ] Safepoint "Cleanup", Time since last: 1000165000 ns, Reaching safepoint: 185300 ns, At safepoint: 12000 ns, Total: 197300 ns
[2022-12-13T06:27:03.865+0000][151028][safepoint   ] Safepoint "Cleanup", Time since last: 1000142200 ns, Reaching safepoint: 327700 ns, At safepoint: 96400 ns, Total: 424100 ns
[2022-12-13T06:27:05.276+0000][151028][safepoint   ] Safepoint "Cleanup", Time since last: 1411275600 ns, Reaching safepoint: 243500 ns, At safepoint: 13400 ns, Total: 256900 ns
[2022-12-13T06:27:08.277+0000][151028][safepoint   ] Safepoint "Cleanup", Time since last: 3000355200 ns, Reaching safepoint: 208900 ns, At safepoint: 27100 ns, Total: 236000 ns
[2022-12-13T06:27:12.277+0000][151028][safepoint   ] Safepoint "Cleanup", Time since last: 4000437500 ns, Reaching safepoint: 215000 ns, At safepoint: 14200 ns, Total: 229200 ns
[2022-12-13T06:27:13.278+0000][151028][safepoint   ] Safepoint "Cleanup", Time since last: 1000160400 ns, Reaching safepoint: 216500 ns, At safepoint: 17500 ns, Total: 234000 ns
[2022-12-13T06:27:14.185+0000][151028][gc,start    ] GC(15) Pause Young (Normal) (G1 Evacuation Pause)
[2022-12-13T06:27:14.185+0000][151028][gc,task     ] GC(15) Using 10 workers of 10 for evacuation
[2022-12-13T06:27:14.185+0000][151028][gc,age      ] GC(15) Desired survivor size 123731968 bytes, new threshold 15 (max threshold 15)
[2022-12-13T06:27:14.207+0000][151028][gc,phases   ] GC(15)   Pre Evacuate Collection Set: 0.5ms
[2022-12-13T06:27:14.207+0000][151028][gc,phases   ] GC(15)   Merge Heap Roots: 0.3ms
[2022-12-13T06:27:14.207+0000][151028][gc,phases   ] GC(15)   Evacuate Collection Set: 17.7ms
[2022-12-13T06:27:14.207+0000][151028][gc,phases   ] GC(15)   Post Evacuate Collection Set: 3.3ms
[2022-12-13T06:27:14.207+0000][151028][gc,phases   ] GC(15)   Other: 0.3ms
[2022-12-13T06:27:14.208+0000][151028][gc,age      ] GC(15) Age table with threshold 15 (max threshold 15)
[2022-12-13T06:27:14.208+0000][151028][gc,age      ] GC(15) - age   1:   14011400 bytes,   14011400 total
[2022-12-13T06:27:14.208+0000][151028][gc,age      ] GC(15) - age   2:   34500112 bytes,   48511512 total
[2022-12-13T06:27:14.208+0000][151028][gc,heap     ] GC(15) Eden regions: 461->0(1185)
[2022-12-13T06:27:14.208+0000][151028][gc,heap     ] GC(15) Survivor regions: 10->13(59)
[2022-12-13T06:27:14.208+0000][151028][gc,heap     ] GC(15) Old regions: 63->63
[2022-12-13T06:27:14.208+0000][151028][gc,heap     ] GC(15) Archive regions: 2->2
[2022-12-13T06:27:14.208+0000][151028][gc,heap     ] GC(15) Humongous regions: 6->0
[2022-12-13T06:27:14.208+0000][151028][gc,metaspace] GC(15) Metaspace: 137311K(142144K)->137311K(142144K) NonClass: 119320K(121984K)->119320K(121984K) Class: 17991K(20160K)->17991K(20160K)
[2022-12-13T06:27:14.208+0000][151028][gc          ] GC(15) Pause Young (Normal) (G1 Evacuation Pause) 2162M->306M(7992M) 22.310ms
[2022-12-13T06:27:14.208+0000][151028][gc,cpu      ] GC(15) User=0.17s Sys=0.01s Real=0.02s
[2022-12-13T06:27:14.208+0000][151028][safepoint   ] Safepoint "G1CollectForAllocation", Time since last: 907273900 ns, Reaching safepoint: 188900 ns, At safepoint: 22516300 ns, Total: 22705200 ns
[2022-12-13T06:27:15.208+0000][151028][safepoint   ] Safepoint "Cleanup", Time since last: 1000161300 ns, Reaching safepoint: 216200 ns, At safepoint: 40900 ns, Total: 257100 ns
[2022-12-13T06:27:20.209+0000][151028][safepoint   ] Safepoint "Cleanup", Time since last: 5000548600 ns, Reaching safepoint: 249900 ns, At safepoint: 18400 ns, Total: 268300 ns
[2022-12-13T06:27:21.209+0000][151028][safepoint   ] Safepoint "Cleanup", Time since last: 1000191700 ns, Reaching safepoint: 205900 ns, At safepoint: 25900 ns, Total: 231800 ns
[2022-12-13T06:27:22.210+0000][151028][safepoint   ] Safepoint "Cleanup", Time since last: 1000159100 ns, Reaching safepoint: 199300 ns, At safepoint: 25500 ns, Total: 224800 ns
[2022-12-13T06:27:24.210+0000][151028][safepoint   ] Safepoint "Cleanup", Time since last: 2000245600 ns, Reaching safepoint: 191700 ns, At safepoint: 25300 ns, Total: 217000 ns
[2022-12-13T06:27:25.211+0000][151028][safepoint   ] Safepoint "Cleanup", Time since last: 1000158400 ns, Reaching safepoint: 248200 ns, At safepoint: 58400 ns, Total: 306600 ns
[2022-12-13T06:27:26.212+0000][151028][safepoint   ] Safepoint "Cleanup", Time since last: 1000586200 ns, Reaching safepoint: 208900 ns, At safepoint: 14000 ns, Total: 222900 ns
[2022-12-13T06:27:27.212+0000][151028][safepoint   ] Safepoint "Cleanup", Time since last: 1000155400 ns, Reaching safepoint: 195000 ns, At safepoint: 12100 ns, Total: 207100 ns
[2022-12-13T06:27:28.212+0000][151028][safepoint   ] Safepoint "Cleanup", Time since last: 1000144700 ns, Reaching safepoint: 187100 ns, At safepoint: 11000 ns, Total: 198100 ns
[2022-12-13T06:27:29.213+0000][151028][safepoint   ] Safepoint "Cleanup", Time since last: 1000151600 ns, Reaching safepoint: 202900 ns, At safepoint: 13400 ns, Total: 216300 ns
[2022-12-13T06:27:30.213+0000][151028][safepoint   ] Safepoint "Cleanup", Time since last: 1000150200 ns, Reaching safepoint: 239000 ns, At safepoint: 19400 ns, Total: 258400 ns
[2022-12-13T06:27:31.214+0000][151028][safepoint   ] Safepoint "Cleanup", Time since last: 1000750100 ns, Reaching safepoint: 256900 ns, At safepoint: 15600 ns, Total: 272500 ns
[2022-12-13T06:27:34.215+0000][151028][safepoint   ] Safepoint "Cleanup", Time since last: 3000323000 ns, Reaching safepoint: 232800 ns, At safepoint: 19700 ns, Total: 252500 ns
[2022-12-13T06:27:36.215+0000][151028][safepoint   ] Safepoint "Cleanup", Time since last: 2000264000 ns, Reaching safepoint: 244900 ns, At safepoint: 17200 ns, Total: 262100 ns
[2022-12-13T06:27:37.216+0000][151028][safepoint   ] Safepoint "Cleanup", Time since last: 1000182800 ns, Reaching safepoint: 265100 ns, At safepoint: 20900 ns, Total: 286000 ns
[2022-12-13T06:27:38.216+0000][151028][safepoint   ] Safepoint "Cleanup", Time since last: 1000167500 ns, Reaching safepoint: 229600 ns, At safepoint: 14700 ns, Total: 244300 ns
[2022-12-13T06:27:41.217+0000][151028][safepoint   ] Safepoint "Cleanup", Time since last: 3000329800 ns, Reaching safepoint: 217900 ns, At safepoint: 18800 ns, Total: 236700 ns
[2022-12-13T06:27:42.217+0000][151028][safepoint   ] Safepoint "Cleanup", Time since last: 1000582800 ns, Reaching safepoint: 188300 ns, At safepoint: 12000 ns, Total: 200300 ns
[2022-12-13T06:27:43.218+0000][151028][safepoint   ] Safepoint "Cleanup", Time since last: 1000151200 ns, Reaching safepoint: 246900 ns, At safepoint: 15900 ns, Total: 262800 ns
[2022-12-13T06:27:44.218+0000][151028][safepoint   ] Safepoint "Cleanup", Time since last: 1000161100 ns, Reaching safepoint: 197500 ns, At safepoint: 12000 ns, Total: 209500 ns
[2022-12-13T06:27:46.219+0000][151028][safepoint   ] Safepoint "Cleanup", Time since last: 2000241600 ns, Reaching safepoint: 230600 ns, At safepoint: 19900 ns, Total: 250500 ns
[2022-12-13T06:27:48.220+0000][151028][safepoint   ] Safepoint "Cleanup", Time since last: 2000815000 ns, Reaching safepoint: 254100 ns, At safepoint: 23200 ns, Total: 277300 ns
[2022-12-13T06:27:50.220+0000][151028][safepoint   ] Safepoint "Cleanup", Time since last: 2000238900 ns, Reaching safepoint: 253700 ns, At safepoint: 15200 ns, Total: 268900 ns
[2022-12-13T06:27:51.221+0000][151028][safepoint   ] Safepoint "Cleanup", Time since last: 1000155200 ns, Reaching safepoint: 199700 ns, At safepoint: 13100 ns, Total: 212800 ns
[2022-12-13T06:27:52.221+0000][151028][safepoint   ] Safepoint "Cleanup", Time since last: 1000488900 ns, Reaching safepoint: 249200 ns, At safepoint: 19700 ns, Total: 268900 ns
[2022-12-13T06:27:53.222+0000][151028][safepoint   ] Safepoint "Cleanup", Time since last: 1000147200 ns, Reaching safepoint: 237600 ns, At safepoint: 20300 ns, Total: 257900 ns
[2022-12-13T06:27:55.222+0000][151028][safepoint   ] Safepoint "Cleanup", Time since last: 2000255000 ns, Reaching safepoint: 238100 ns, At safepoint: 21400 ns, Total: 259500 ns
[2022-12-13T06:27:56.223+0000][151028][safepoint   ] Safepoint "Cleanup", Time since last: 1000152900 ns, Reaching safepoint: 240700 ns, At safepoint: 36500 ns, Total: 277200 ns
[2022-12-13T06:28:01.225+0000][151028][safepoint   ] Safepoint "Cleanup", Time since last: 5001568400 ns, Reaching safepoint: 421200 ns, At safepoint: 18600 ns, Total: 439800 ns
[2022-12-13T06:28:02.226+0000][151028][safepoint   ] Safepoint "Cleanup", Time since last: 1000851900 ns, Reaching safepoint: 194400 ns, At safepoint: 12400 ns, Total: 206800 ns
[2022-12-13T06:28:03.226+0000][151028][safepoint   ] Safepoint "Cleanup", Time since last: 1000151600 ns, Reaching safepoint: 206300 ns, At safepoint: 13200 ns, Total: 219500 ns
[2022-12-13T06:28:04.227+0000][151028][safepoint   ] Safepoint "Cleanup", Time since last: 1000157800 ns, Reaching safepoint: 220300 ns, At safepoint: 20200 ns, Total: 240500 ns
[2022-12-13T06:28:05.227+0000][151028][safepoint   ] Safepoint "Cleanup", Time since last: 1000192300 ns, Reaching safepoint: 245200 ns, At safepoint: 16500 ns, Total: 261700 ns
[2022-12-13T06:28:06.227+0000][151028][safepoint   ] Safepoint "Cleanup", Time since last: 1000157800 ns, Reaching safepoint: 218100 ns, At safepoint: 13400 ns, Total: 231500 ns
[2022-12-13T06:28:11.229+0000][151028][safepoint   ] Safepoint "Cleanup", Time since last: 5000962500 ns, Reaching safepoint: 203000 ns, At safepoint: 12300 ns, Total: 215300 ns
[2022-12-13T06:28:12.229+0000][151028][safepoint   ] Safepoint "Cleanup", Time since last: 1000574800 ns, Reaching safepoint: 229800 ns, At safepoint: 15100 ns, Total: 244900 ns
[2022-12-13T06:28:15.230+0000][151028][safepoint   ] Safepoint "Cleanup", Time since last: 3000332500 ns, Reaching safepoint: 266200 ns, At safepoint: 15000 ns, Total: 281200 ns
[2022-12-13T06:28:17.231+0000][151028][safepoint   ] Safepoint "Cleanup", Time since last: 2000268700 ns, Reaching safepoint: 201700 ns, At safepoint: 12500 ns, Total: 214200 ns
[2022-12-13T06:28:19.231+0000][151028][safepoint   ] Safepoint "Cleanup", Time since last: 2000246900 ns, Reaching safepoint: 216900 ns, At safepoint: 20000 ns, Total: 236900 ns
[2022-12-13T06:28:21.231+0000][151028][safepoint   ] Safepoint "Cleanup", Time since last: 2000262000 ns, Reaching safepoint: 181500 ns, At safepoint: 11800 ns, Total: 193300 ns
[2022-12-13T06:28:23.232+0000][151028][safepoint   ] Safepoint "Cleanup", Time since last: 2000244300 ns, Reaching safepoint: 213000 ns, At safepoint: 13100 ns, Total: 226100 ns
[2022-12-13T06:28:24.232+0000][151028][safepoint   ] Safepoint "Cleanup", Time since last: 1000224000 ns, Reaching safepoint: 227100 ns, At safepoint: 13700 ns, Total: 240800 ns
[2022-12-13T06:28:25.233+0000][151028][safepoint   ] Safepoint "Cleanup", Time since last: 1000176400 ns, Reaching safepoint: 207100 ns, At safepoint: 21900 ns, Total: 229000 ns
[2022-12-13T06:28:31.234+0000][151028][safepoint   ] Safepoint "Cleanup", Time since last: 6000620900 ns, Reaching safepoint: 209800 ns, At safepoint: 13100 ns, Total: 222900 ns
[2022-12-13T06:28:32.234+0000][151028][safepoint   ] Safepoint "Cleanup", Time since last: 1000145000 ns, Reaching safepoint: 240600 ns, At safepoint: 29400 ns, Total: 270000 ns
[2022-12-13T06:28:34.235+0000][151028][safepoint   ] Safepoint "Cleanup", Time since last: 2000218100 ns, Reaching safepoint: 181400 ns, At safepoint: 12300 ns, Total: 193700 ns
[2022-12-13T06:28:35.235+0000][151028][safepoint   ] Safepoint "Cleanup", Time since last: 1000149700 ns, Reaching safepoint: 176000 ns, At safepoint: 12500 ns, Total: 188500 ns
[2022-12-13T06:28:36.235+0000][151028][safepoint   ] Safepoint "Cleanup", Time since last: 1000142100 ns, Reaching safepoint: 178200 ns, At safepoint: 12000 ns, Total: 190200 ns
[2022-12-13T06:28:39.237+0000][151028][safepoint   ] Safepoint "Cleanup", Time since last: 3001488800 ns, Reaching safepoint: 254500 ns, At safepoint: 18300 ns, Total: 272800 ns
[2022-12-13T06:28:41.493+0000][151028][safepoint   ] Safepoint "Cleanup", Time since last: 2254943100 ns, Reaching safepoint: 714300 ns, At safepoint: 165900 ns, Total: 880200 ns
[2022-12-13T06:28:43.198+0000][151028][safepoint   ] Safepoint "Cleanup", Time since last: 1704963300 ns, Reaching safepoint: 259900 ns, At safepoint: 16000 ns, Total: 275900 ns
[2022-12-13T06:28:45.198+0000][151028][safepoint   ] Safepoint "Cleanup", Time since last: 2000231700 ns, Reaching safepoint: 231200 ns, At safepoint: 14800 ns, Total: 246000 ns
[2022-12-13T06:28:49.199+0000][151028][safepoint   ] Safepoint "Cleanup", Time since last: 4000415400 ns, Reaching safepoint: 229400 ns, At safepoint: 15000 ns, Total: 244400 ns
[2022-12-13T06:28:51.200+0000][151028][safepoint   ] Safepoint "Cleanup", Time since last: 2000235600 ns, Reaching safepoint: 267800 ns, At safepoint: 16100 ns, Total: 283900 ns
[2022-12-13T06:28:52.200+0000][151028][safepoint   ] Safepoint "Cleanup", Time since last: 1000154400 ns, Reaching safepoint: 214500 ns, At safepoint: 13500 ns, Total: 228000 ns
[2022-12-13T06:28:54.201+0000][151028][safepoint   ] Safepoint "Cleanup", Time since last: 2000267400 ns, Reaching safepoint: 199900 ns, At safepoint: 14900 ns, Total: 214800 ns
[2022-12-13T06:28:55.202+0000][151028][safepoint   ] Safepoint "Cleanup", Time since last: 1000791000 ns, Reaching safepoint: 214200 ns, At safepoint: 16500 ns, Total: 230700 ns
[2022-12-13T06:28:56.202+0000][151028][safepoint   ] Safepoint "Cleanup", Time since last: 1000166700 ns, Reaching safepoint: 237600 ns, At safepoint: 39000 ns, Total: 276600 ns
[2022-12-13T06:28:58.202+0000][151028][safepoint   ] Safepoint "Cleanup", Time since last: 2000249600 ns, Reaching safepoint: 246700 ns, At safepoint: 15800 ns, Total: 262500 ns
[2022-12-13T06:28:59.203+0000][151028][safepoint   ] Safepoint "Cleanup", Time since last: 1000157200 ns, Reaching safepoint: 218700 ns, At safepoint: 14300 ns, Total: 233000 ns
[2022-12-13T06:29:02.653+0000][151028][safepoint   ] Safepoint "Cleanup", Time since last: 3449673500 ns, Reaching safepoint: 221500 ns, At safepoint: 14800 ns, Total: 236300 ns
[2022-12-13T06:29:07.654+0000][151028][safepoint   ] Safepoint "Cleanup", Time since last: 5000512600 ns, Reaching safepoint: 219900 ns, At safepoint: 14800 ns, Total: 234700 ns
[2022-12-13T06:29:12.654+0000][151028][safepoint   ] Safepoint "Cleanup", Time since last: 5000515500 ns, Reaching safepoint: 192700 ns, At safepoint: 12400 ns, Total: 205100 ns
[2022-12-13T06:29:14.655+0000][151028][safepoint   ] Safepoint "Cleanup", Time since last: 2000257300 ns, Reaching safepoint: 210100 ns, At safepoint: 63000 ns, Total: 273100 ns
[2022-12-13T06:29:16.655+0000][151028][safepoint   ] Safepoint "Cleanup", Time since last: 2000263500 ns, Reaching safepoint: 194600 ns, At safepoint: 12600 ns, Total: 207200 ns
[2022-12-13T06:29:29.657+0000][151028][safepoint   ] Safepoint "Cleanup", Time since last: 13001263800 ns, Reaching safepoint: 196000 ns, At safepoint: 12800 ns, Total: 208800 ns
[2022-12-13T06:29:30.657+0000][151028][safepoint   ] Safepoint "Cleanup", Time since last: 1000165900 ns, Reaching safepoint: 314500 ns, At safepoint: 16500 ns, Total: 331000 ns
[2022-12-13T06:29:34.658+0000][151028][safepoint   ] Safepoint "Cleanup", Time since last: 4000460200 ns, Reaching safepoint: 232300 ns, At safepoint: 13900 ns, Total: 246200 ns
[2022-12-13T06:29:37.659+0000][151028][safepoint   ] Safepoint "Cleanup", Time since last: 3000927500 ns, Reaching safepoint: 297300 ns, At safepoint: 15700 ns, Total: 313000 ns
[2022-12-13T06:29:38.660+0000][151028][safepoint   ] Safepoint "Cleanup", Time since last: 1000150600 ns, Reaching safepoint: 210400 ns, At safepoint: 13600 ns, Total: 224000 ns
[2022-12-13T06:29:40.660+0000][151028][safepoint   ] Safepoint "Cleanup", Time since last: 2000246500 ns, Reaching safepoint: 218800 ns, At safepoint: 22600 ns, Total: 241400 ns
[2022-12-13T06:29:41.661+0000][151028][safepoint   ] Safepoint "Cleanup", Time since last: 1000152900 ns, Reaching safepoint: 312700 ns, At safepoint: 47400 ns, Total: 360100 ns
[2022-12-13T06:29:42.661+0000][151028][safepoint   ] Safepoint "Cleanup", Time since last: 1000154300 ns, Reaching safepoint: 236300 ns, At safepoint: 40400 ns, Total: 276700 ns
[2022-12-13T06:29:44.662+0000][151028][safepoint   ] Safepoint "Cleanup", Time since last: 2000264900 ns, Reaching safepoint: 309900 ns, At safepoint: 19900 ns, Total: 329800 ns
[2022-12-13T06:29:45.662+0000][151028][safepoint   ] Safepoint "Cleanup", Time since last: 1000152100 ns, Reaching safepoint: 218600 ns, At safepoint: 46700 ns, Total: 265300 ns
[2022-12-13T06:29:46.663+0000][151028][safepoint   ] Safepoint "Cleanup", Time since last: 1000550400 ns, Reaching safepoint: 221100 ns, At safepoint: 14800 ns, Total: 235900 ns
[2022-12-13T06:29:47.845+0000][151028][safepoint   ] Safepoint "Cleanup", Time since last: 1181649600 ns, Reaching safepoint: 628400 ns, At safepoint: 28400 ns, Total: 656800 ns
[2022-12-13T06:29:48.515+0000][151028][safepoint   ] Safepoint "ICBufferFull", Time since last: 666466700 ns, Reaching safepoint: 3488100 ns, At safepoint: 58900 ns, Total: 3547000 ns
[2022-12-13T06:29:48.858+0000][151028][safepoint   ] Safepoint "ICBufferFull", Time since last: 342254100 ns, Reaching safepoint: 212100 ns, At safepoint: 50700 ns, Total: 262800 ns
[2022-12-13T06:29:49.312+0000][151028][safepoint   ] Safepoint "ICBufferFull", Time since last: 453968300 ns, Reaching safepoint: 383600 ns, At safepoint: 123100 ns, Total: 506700 ns
[2022-12-13T06:29:49.846+0000][151028][safepoint   ] Safepoint "ICBufferFull", Time since last: 530130600 ns, Reaching safepoint: 3531800 ns, At safepoint: 30800 ns, Total: 3562600 ns
[2022-12-13T06:29:50.399+0000][151028][safepoint   ] Safepoint "ICBufferFull", Time since last: 552828700 ns, Reaching safepoint: 291900 ns, At safepoint: 42100 ns, Total: 334000 ns
[2022-12-13T06:29:51.399+0000][151028][safepoint   ] Safepoint "Cleanup", Time since last: 1000154900 ns, Reaching safepoint: 296500 ns, At safepoint: 41000 ns, Total: 337500 ns
[2022-12-13T06:29:52.385+0000][151028][gc,start    ] GC(16) Pause Young (Concurrent Start) (G1 Humongous Allocation)
[2022-12-13T06:29:52.385+0000][151028][gc,task     ] GC(16) Using 10 workers of 10 for evacuation
[2022-12-13T06:29:52.385+0000][151028][gc,age      ] GC(16) Desired survivor size 314572800 bytes, new threshold 15 (max threshold 15)
[2022-12-13T06:29:52.426+0000][151028][gc,phases   ] GC(16)   Pre Evacuate Collection Set: 1.0ms
[2022-12-13T06:29:52.426+0000][151028][gc,phases   ] GC(16)   Merge Heap Roots: 0.4ms
[2022-12-13T06:29:52.426+0000][151028][gc,phases   ] GC(16)   Evacuate Collection Set: 28.2ms
[2022-12-13T06:29:52.426+0000][151028][gc,phases   ] GC(16)   Post Evacuate Collection Set: 10.6ms
[2022-12-13T06:29:52.426+0000][151028][gc,phases   ] GC(16)   Other: 0.4ms
[2022-12-13T06:29:52.426+0000][151028][gc,age      ] GC(16) Age table with threshold 15 (max threshold 15)
[2022-12-13T06:29:52.426+0000][151028][gc,age      ] GC(16) - age   1:   43895584 bytes,   43895584 total
[2022-12-13T06:29:52.426+0000][151028][gc,age      ] GC(16) - age   2:   12789984 bytes,   56685568 total
[2022-12-13T06:29:52.426+0000][151028][gc,age      ] GC(16) - age   3:   34457864 bytes,   91143432 total
[2022-12-13T06:29:52.426+0000][151028][gc,heap     ] GC(16) Eden regions: 775->0(1174)
[2022-12-13T06:29:52.426+0000][151028][gc,heap     ] GC(16) Survivor regions: 13->24(150)
[2022-12-13T06:29:52.426+0000][151028][gc,heap     ] GC(16) Old regions: 63->63
[2022-12-13T06:29:52.426+0000][151028][gc,heap     ] GC(16) Archive regions: 2->2
[2022-12-13T06:29:52.426+0000][151028][gc,heap     ] GC(16) Humongous regions: 504->0
[2022-12-13T06:29:52.426+0000][151028][gc,metaspace] GC(16) Metaspace: 163748K(168576K)->163748K(168576K) NonClass: 143135K(145792K)->143135K(145792K) Class: 20612K(22784K)->20612K(22784K)
[2022-12-13T06:29:52.426+0000][151028][gc          ] GC(16) Pause Young (Concurrent Start) (G1 Humongous Allocation) 5420M->349M(7992M) 40.910ms
[2022-12-13T06:29:52.426+0000][151028][gc,cpu      ] GC(16) User=0.31s Sys=0.04s Real=0.04s
[2022-12-13T06:29:52.426+0000][151028][safepoint   ] Safepoint "G1TryInitiateConcMark", Time since last: 985499800 ns, Reaching safepoint: 192600 ns, At safepoint: 41109800 ns, Total: 41302400 ns
[2022-12-13T06:29:52.426+0000][151028][gc          ] GC(17) Concurrent Undo Cycle
[2022-12-13T06:29:52.426+0000][151028][gc,marking  ] GC(17) Concurrent Cleanup for Next Mark
[2022-12-13T06:29:52.428+0000][151028][gc,marking  ] GC(17) Concurrent Cleanup for Next Mark 1.280ms
[2022-12-13T06:29:52.428+0000][151028][gc          ] GC(17) Concurrent Undo Cycle 1.407ms
[2022-12-13T06:29:52.944+0000][151028][gc,start    ] GC(18) Pause Young (Concurrent Start) (Metadata GC Threshold)
[2022-12-13T06:29:52.944+0000][151028][gc,task     ] GC(18) Using 10 workers of 10 for evacuation
[2022-12-13T06:29:52.944+0000][151028][gc,age      ] GC(18) Desired survivor size 314572800 bytes, new threshold 15 (max threshold 15)
[2022-12-13T06:29:52.978+0000][151028][gc,phases   ] GC(18)   Pre Evacuate Collection Set: 0.9ms
[2022-12-13T06:29:52.978+0000][151028][gc,phases   ] GC(18)   Merge Heap Roots: 0.2ms
[2022-12-13T06:29:52.978+0000][151028][gc,phases   ] GC(18)   Evacuate Collection Set: 30.1ms
[2022-12-13T06:29:52.978+0000][151028][gc,phases   ] GC(18)   Post Evacuate Collection Set: 2.7ms
[2022-12-13T06:29:52.978+0000][151028][gc,phases   ] GC(18)   Other: 0.2ms
[2022-12-13T06:29:52.978+0000][151028][gc,age      ] GC(18) Age table with threshold 15 (max threshold 15)
[2022-12-13T06:29:52.978+0000][151028][gc,age      ] GC(18) - age   1:    9942168 bytes,    9942168 total
[2022-12-13T06:29:52.978+0000][151028][gc,age      ] GC(18) - age   2:   25362136 bytes,   35304304 total
[2022-12-13T06:29:52.978+0000][151028][gc,age      ] GC(18) - age   3:   12789952 bytes,   48094256 total
[2022-12-13T06:29:52.978+0000][151028][gc,age      ] GC(18) - age   4:   34457864 bytes,   82552120 total
[2022-12-13T06:29:52.978+0000][151028][gc,heap     ] GC(18) Eden regions: 24->0(1176)
[2022-12-13T06:29:52.978+0000][151028][gc,heap     ] GC(18) Survivor regions: 24->22(150)
[2022-12-13T06:29:52.978+0000][151028][gc,heap     ] GC(18) Old regions: 63->63
[2022-12-13T06:29:52.978+0000][151028][gc,heap     ] GC(18) Archive regions: 2->2
[2022-12-13T06:29:52.978+0000][151028][gc,heap     ] GC(18) Humongous regions: 99->33
[2022-12-13T06:29:52.978+0000][151028][gc,metaspace] GC(18) Metaspace: 164034K(168896K)->164034K(168896K) NonClass: 143401K(146112K)->143401K(146112K) Class: 20633K(22784K)->20633K(22784K)
[2022-12-13T06:29:52.978+0000][151028][gc          ] GC(18) Pause Young (Concurrent Start) (Metadata GC Threshold) 841M->472M(7992M) 34.450ms
[2022-12-13T06:29:52.978+0000][151028][gc,cpu      ] GC(18) User=0.29s Sys=0.00s Real=0.04s
[2022-12-13T06:29:52.979+0000][151028][safepoint   ] Safepoint "CollectForMetadataAllocation", Time since last: 510878200 ns, Reaching safepoint: 6632600 ns, At safepoint: 34862900 ns, Total: 41495500 ns
[2022-12-13T06:29:52.979+0000][151028][gc          ] GC(19) Concurrent Mark Cycle
[2022-12-13T06:29:52.979+0000][151028][gc,marking  ] GC(19) Concurrent Clear Claimed Marks
[2022-12-13T06:29:52.979+0000][151028][gc,marking  ] GC(19) Concurrent Clear Claimed Marks 0.373ms
[2022-12-13T06:29:52.979+0000][151028][gc,marking  ] GC(19) Concurrent Scan Root Regions
[2022-12-13T06:29:53.007+0000][151028][gc,marking  ] GC(19) Concurrent Scan Root Regions 27.606ms
[2022-12-13T06:29:53.007+0000][151028][gc,marking  ] GC(19) Concurrent Mark
[2022-12-13T06:29:53.007+0000][151028][gc,marking  ] GC(19) Concurrent Mark From Roots
[2022-12-13T06:29:53.007+0000][151028][gc,task     ] GC(19) Using 3 workers of 3 for marking
[2022-12-13T06:29:53.054+0000][151028][safepoint   ] Safepoint "CollectForMetadataAllocation", Time since last: 74583200 ns, Reaching safepoint: 271300 ns, At safepoint: 216000 ns, Total: 487300 ns
[2022-12-13T06:29:53.206+0000][151028][gc,marking  ] GC(19) Concurrent Mark From Roots 199.092ms
[2022-12-13T06:29:53.206+0000][151028][gc,marking  ] GC(19) Concurrent Preclean
[2022-12-13T06:29:53.207+0000][151028][gc,marking  ] GC(19) Concurrent Preclean 0.593ms
[2022-12-13T06:29:53.207+0000][151028][gc,start    ] GC(19) Pause Remark
[2022-12-13T06:29:53.229+0000][151028][gc          ] GC(19) Pause Remark 510M->510M(7992M) 21.710ms
[2022-12-13T06:29:53.229+0000][151028][gc,cpu      ] GC(19) User=0.15s Sys=0.00s Real=0.02s
[2022-12-13T06:29:53.229+0000][151028][safepoint   ] Safepoint "G1PauseRemark", Time since last: 152882100 ns, Reaching safepoint: 190600 ns, At safepoint: 22233600 ns, Total: 22424200 ns
[2022-12-13T06:29:53.229+0000][151028][gc,marking  ] GC(19) Concurrent Mark 222.297ms
[2022-12-13T06:29:53.229+0000][151028][gc,marking  ] GC(19) Concurrent Rebuild Remembered Sets
[2022-12-13T06:29:53.348+0000][151028][gc,marking  ] GC(19) Concurrent Rebuild Remembered Sets 118.680ms
[2022-12-13T06:29:53.355+0000][151028][gc,start    ] GC(19) Pause Cleanup
[2022-12-13T06:29:53.355+0000][151028][gc          ] GC(19) Pause Cleanup 538M->538M(7992M) 0.479ms
[2022-12-13T06:29:53.355+0000][151028][gc,cpu      ] GC(19) User=0.01s Sys=0.00s Real=0.00s
[2022-12-13T06:29:53.355+0000][151028][safepoint   ] Safepoint "G1PauseCleanup", Time since last: 118895000 ns, Reaching safepoint: 6632400 ns, At safepoint: 652600 ns, Total: 7285000 ns
[2022-12-13T06:29:53.355+0000][151028][gc,marking  ] GC(19) Concurrent Cleanup for Next Mark
[2022-12-13T06:29:53.380+0000][151028][gc,marking  ] GC(19) Concurrent Cleanup for Next Mark 24.456ms
[2022-12-13T06:29:53.380+0000][151028][gc          ] GC(19) Concurrent Mark Cycle 401.094ms
[2022-12-13T06:29:54.360+0000][151028][safepoint   ] Safepoint "ICBufferFull", Time since last: 1004912600 ns, Reaching safepoint: 315100 ns, At safepoint: 70300 ns, Total: 385400 ns
[2022-12-13T06:29:55.361+0000][151028][safepoint   ] Safepoint "Cleanup", Time since last: 1000181000 ns, Reaching safepoint: 284100 ns, At safepoint: 56500 ns, Total: 340600 ns
[2022-12-13T06:29:56.111+0000][151028][safepoint   ] Safepoint "ICBufferFull", Time since last: 749503200 ns, Reaching safepoint: 350100 ns, At safepoint: 82500 ns, Total: 432600 ns
[2022-12-13T06:29:57.216+0000][151028][safepoint   ] Safepoint "Cleanup", Time since last: 1105017700 ns, Reaching safepoint: 227600 ns, At safepoint: 90300 ns, Total: 317900 ns
[2022-12-13T06:29:58.295+0000][151028][safepoint   ] Safepoint "Cleanup", Time since last: 1078655200 ns, Reaching safepoint: 316400 ns, At safepoint: 58600 ns, Total: 375000 ns
[2022-12-13T06:29:59.302+0000][151028][safepoint   ] Safepoint "Cleanup", Time since last: 1006542200 ns, Reaching safepoint: 394300 ns, At safepoint: 64200 ns, Total: 458500 ns
[2022-12-13T06:30:00.547+0000][151028][safepoint   ] Safepoint "ICBufferFull", Time since last: 1244633100 ns, Reaching safepoint: 375500 ns, At safepoint: 33700 ns, Total: 409200 ns
[2022-12-13T06:30:01.548+0000][151028][safepoint   ] Safepoint "Cleanup", Time since last: 1000162200 ns, Reaching safepoint: 363000 ns, At safepoint: 74700 ns, Total: 437700 ns
[2022-12-13T06:30:02.676+0000][151028][safepoint   ] Safepoint "Cleanup", Time since last: 1127496700 ns, Reaching safepoint: 219300 ns, At safepoint: 95400 ns, Total: 314700 ns
[2022-12-13T06:30:03.676+0000][151028][safepoint   ] Safepoint "Cleanup", Time since last: 1000151500 ns, Reaching safepoint: 300000 ns, At safepoint: 55800 ns, Total: 355800 ns
[2022-12-13T06:30:04.677+0000][151028][safepoint   ] Safepoint "Cleanup", Time since last: 1000157800 ns, Reaching safepoint: 209800 ns, At safepoint: 16700 ns, Total: 226500 ns
[2022-12-13T06:30:05.058+0000][151028][safepoint   ] Safepoint "G1CollectForAllocation", Time since last: 380880800 ns, Reaching safepoint: 259300 ns, At safepoint: 65200 ns, Total: 324500 ns
[2022-12-13T06:30:05.058+0000][151028][gc,start    ] GC(20) Pause Young (Prepare Mixed) (GCLocker Initiated GC)
[2022-12-13T06:30:05.059+0000][151028][gc,task     ] GC(20) Using 10 workers of 10 for evacuation
[2022-12-13T06:30:05.059+0000][151028][gc,age      ] GC(20) Desired survivor size 314572800 bytes, new threshold 15 (max threshold 15)
[2022-12-13T06:30:05.156+0000][151028][gc,phases   ] GC(20)   Pre Evacuate Collection Set: 0.5ms
[2022-12-13T06:30:05.156+0000][151028][gc,phases   ] GC(20)   Merge Heap Roots: 0.4ms
[2022-12-13T06:30:05.156+0000][151028][gc,phases   ] GC(20)   Evacuate Collection Set: 51.2ms
[2022-12-13T06:30:05.156+0000][151028][gc,phases   ] GC(20)   Post Evacuate Collection Set: 45.3ms
[2022-12-13T06:30:05.156+0000][151028][gc,phases   ] GC(20)   Other: 0.3ms
[2022-12-13T06:30:05.156+0000][151028][gc,age      ] GC(20) Age table with threshold 15 (max threshold 15)
[2022-12-13T06:30:05.156+0000][151028][gc,age      ] GC(20) - age   1:   90854192 bytes,   90854192 total
[2022-12-13T06:30:05.156+0000][151028][gc,age      ] GC(20) - age   2:      42608 bytes,   90896800 total
[2022-12-13T06:30:05.156+0000][151028][gc,age      ] GC(20) - age   3:   24035608 bytes,  114932408 total
[2022-12-13T06:30:05.156+0000][151028][gc,age      ] GC(20) - age   4:   12788992 bytes,  127721400 total
[2022-12-13T06:30:05.156+0000][151028][gc,age      ] GC(20) - age   5:   34456832 bytes,  162178232 total
[2022-12-13T06:30:05.156+0000][151028][gc,heap     ] GC(20) Eden regions: 881->0(59)
[2022-12-13T06:30:05.156+0000][151028][gc,heap     ] GC(20) Survivor regions: 22->40(40)
[2022-12-13T06:30:05.156+0000][151028][gc,heap     ] GC(20) Old regions: 63->401
[2022-12-13T06:30:05.156+0000][151028][gc,heap     ] GC(20) Archive regions: 2->2
[2022-12-13T06:30:05.156+0000][151028][gc,heap     ] GC(20) Humongous regions: 990->6
[2022-12-13T06:30:05.156+0000][151028][gc,metaspace] GC(20) Metaspace: 166637K(171392K)->166637K(171392K) NonClass: 145925K(148480K)->145925K(148480K) Class: 20711K(22912K)->20711K(22912K)
[2022-12-13T06:30:05.156+0000][151028][gc          ] GC(20) Pause Young (Prepare Mixed) (GCLocker Initiated GC) (Evacuation Failure) 7822M->1791M(7992M) 97.963ms
[2022-12-13T06:30:05.156+0000][151028][gc,cpu      ] GC(20) User=0.89s Sys=0.02s Real=0.09s
[2022-12-13T06:30:05.157+0000][151028][safepoint   ] Safepoint "G1CollectForAllocation", Time since last: 318900 ns, Reaching safepoint: 244400 ns, At safepoint: 98239400 ns, Total: 98483800 ns
[2022-12-13T06:30:05.585+0000][151028][gc,start    ] GC(21) Pause Young (Mixed) (G1 Evacuation Pause)
[2022-12-13T06:30:05.585+0000][151028][gc,task     ] GC(21) Using 10 workers of 10 for evacuation
[2022-12-13T06:30:05.585+0000][151028][gc,age      ] GC(21) Desired survivor size 27262976 bytes, new threshold 1 (max threshold 15)
[2022-12-13T06:30:05.653+0000][151028][gc,phases   ] GC(21)   Pre Evacuate Collection Set: 0.4ms
[2022-12-13T06:30:05.653+0000][151028][gc,phases   ] GC(21)   Merge Heap Roots: 0.6ms
[2022-12-13T06:30:05.653+0000][151028][gc,phases   ] GC(21)   Evacuate Collection Set: 59.9ms
[2022-12-13T06:30:05.653+0000][151028][gc,phases   ] GC(21)   Post Evacuate Collection Set: 6.7ms
[2022-12-13T06:30:05.653+0000][151028][gc,phases   ] GC(21)   Other: 0.3ms
[2022-12-13T06:30:05.653+0000][151028][gc,age      ] GC(21) Age table with threshold 1 (max threshold 15)
[2022-12-13T06:30:05.653+0000][151028][gc,age      ] GC(21) - age   1:   18751640 bytes,   18751640 total
[2022-12-13T06:30:05.654+0000][151028][gc,heap     ] GC(21) Eden regions: 59->0(1169)
[2022-12-13T06:30:05.654+0000][151028][gc,heap     ] GC(21) Survivor regions: 40->8(13)
[2022-12-13T06:30:05.654+0000][151028][gc,heap     ] GC(21) Old regions: 401->436
[2022-12-13T06:30:05.654+0000][151028][gc,heap     ] GC(21) Archive regions: 2->2
[2022-12-13T06:30:05.654+0000][151028][gc,heap     ] GC(21) Humongous regions: 53->11
[2022-12-13T06:30:05.654+0000][151028][gc,metaspace] GC(21) Metaspace: 166674K(171392K)->166674K(171392K) NonClass: 145962K(148480K)->145962K(148480K) Class: 20711K(22912K)->20711K(22912K)
[2022-12-13T06:30:05.654+0000][151028][gc          ] GC(21) Pause Young (Mixed) (G1 Evacuation Pause) 2215M->1819M(7992M) 68.730ms
[2022-12-13T06:30:05.654+0000][151028][gc,cpu      ] GC(21) User=0.65s Sys=0.02s Real=0.07s
[2022-12-13T06:30:05.654+0000][151028][safepoint   ] Safepoint "G1CollectForAllocation", Time since last: 428127900 ns, Reaching safepoint: 339700 ns, At safepoint: 69260000 ns, Total: 69599700 ns
[2022-12-13T06:30:06.823+0000][151028][safepoint   ] Safepoint "Cleanup", Time since last: 1168327300 ns, Reaching safepoint: 287500 ns, At safepoint: 72100 ns, Total: 359600 ns
[2022-12-13T06:30:06.932+0000][151028][gc,start    ] GC(22) Pause Young (Concurrent Start) (G1 Humongous Allocation)
[2022-12-13T06:30:06.932+0000][151028][gc,task     ] GC(22) Using 10 workers of 10 for evacuation
[2022-12-13T06:30:06.932+0000][151028][gc,age      ] GC(22) Desired survivor size 310378496 bytes, new threshold 15 (max threshold 15)
[2022-12-13T06:30:06.953+0000][151028][gc,phases   ] GC(22)   Pre Evacuate Collection Set: 1.0ms
[2022-12-13T06:30:06.953+0000][151028][gc,phases   ] GC(22)   Merge Heap Roots: 0.2ms
[2022-12-13T06:30:06.953+0000][151028][gc,phases   ] GC(22)   Evacuate Collection Set: 14.9ms
[2022-12-13T06:30:06.953+0000][151028][gc,phases   ] GC(22)   Post Evacuate Collection Set: 5.2ms
[2022-12-13T06:30:06.953+0000][151028][gc,phases   ] GC(22)   Other: 0.1ms
[2022-12-13T06:30:06.953+0000][151028][gc,age      ] GC(22) Age table with threshold 15 (max threshold 15)
[2022-12-13T06:30:06.953+0000][151028][gc,age      ] GC(22) - age   1:   44535952 bytes,   44535952 total
[2022-12-13T06:30:06.953+0000][151028][gc,age      ] GC(22) - age   2:    8036264 bytes,   52572216 total
[2022-12-13T06:30:06.953+0000][151028][gc,heap     ] GC(22) Eden regions: 174->0(1170)
[2022-12-13T06:30:06.953+0000][151028][gc,heap     ] GC(22) Survivor regions: 8->14(148)
[2022-12-13T06:30:06.953+0000][151028][gc,heap     ] GC(22) Old regions: 436->436
[2022-12-13T06:30:06.953+0000][151028][gc,heap     ] GC(22) Archive regions: 2->2
[2022-12-13T06:30:06.953+0000][151028][gc,heap     ] GC(22) Humongous regions: 156->14
[2022-12-13T06:30:06.954+0000][151028][gc,metaspace] GC(22) Metaspace: 168460K(173184K)->168460K(173184K) NonClass: 147477K(150016K)->147477K(150016K) Class: 20982K(23168K)->20982K(23168K)
[2022-12-13T06:30:06.954+0000][151028][gc          ] GC(22) Pause Young (Concurrent Start) (G1 Humongous Allocation) 3093M->1855M(7992M) 21.883ms
[2022-12-13T06:30:06.954+0000][151028][gc,cpu      ] GC(22) User=0.19s Sys=0.00s Real=0.02s
[2022-12-13T06:30:06.954+0000][151028][safepoint   ] Safepoint "G1TryInitiateConcMark", Time since last: 108297300 ns, Reaching safepoint: 248800 ns, At safepoint: 22072900 ns, Total: 22321700 ns
[2022-12-13T06:30:06.954+0000][151028][gc          ] GC(23) Concurrent Undo Cycle
[2022-12-13T06:30:06.954+0000][151028][gc,marking  ] GC(23) Concurrent Cleanup for Next Mark
[2022-12-13T06:30:06.956+0000][151028][gc,marking  ] GC(23) Concurrent Cleanup for Next Mark 2.058ms
[2022-12-13T06:30:06.956+0000][151028][gc          ] GC(23) Concurrent Undo Cycle 2.221ms
[2022-12-13T06:30:07.073+0000][151028][gc,start    ] GC(24) Pause Young (Concurrent Start) (G1 Humongous Allocation)
[2022-12-13T06:30:07.073+0000][151028][gc,task     ] GC(24) Using 10 workers of 10 for evacuation
[2022-12-13T06:30:07.073+0000][151028][gc,age      ] GC(24) Desired survivor size 310378496 bytes, new threshold 15 (max threshold 15)
[2022-12-13T06:30:07.092+0000][151028][gc,phases   ] GC(24)   Pre Evacuate Collection Set: 0.9ms
[2022-12-13T06:30:07.092+0000][151028][gc,phases   ] GC(24)   Merge Heap Roots: 0.2ms
[2022-12-13T06:30:07.092+0000][151028][gc,phases   ] GC(24)   Evacuate Collection Set: 14.6ms
[2022-12-13T06:30:07.092+0000][151028][gc,phases   ] GC(24)   Post Evacuate Collection Set: 2.5ms
[2022-12-13T06:30:07.092+0000][151028][gc,phases   ] GC(24)   Other: 0.1ms
[2022-12-13T06:30:07.092+0000][151028][gc,age      ] GC(24) Age table with threshold 15 (max threshold 15)
[2022-12-13T06:30:07.092+0000][151028][gc,age      ] GC(24) - age   1:    1361680 bytes,    1361680 total
[2022-12-13T06:30:07.092+0000][151028][gc,age      ] GC(24) - age   2:   33804728 bytes,   35166408 total
[2022-12-13T06:30:07.092+0000][151028][gc,age      ] GC(24) - age   3:    8034936 bytes,   43201344 total
[2022-12-13T06:30:07.092+0000][151028][gc,heap     ] GC(24) Eden regions: 9->0(1155)
[2022-12-13T06:30:07.092+0000][151028][gc,heap     ] GC(24) Survivor regions: 14->12(148)
[2022-12-13T06:30:07.092+0000][151028][gc,heap     ] GC(24) Old regions: 436->436
[2022-12-13T06:30:07.092+0000][151028][gc,heap     ] GC(24) Archive regions: 2->2
[2022-12-13T06:30:07.092+0000][151028][gc,heap     ] GC(24) Humongous regions: 146->47
[2022-12-13T06:30:07.092+0000][151028][gc,metaspace] GC(24) Metaspace: 168462K(173184K)->168462K(173184K) NonClass: 147480K(150016K)->147480K(150016K) Class: 20982K(23168K)->20982K(23168K)
[2022-12-13T06:30:07.092+0000][151028][gc          ] GC(24) Pause Young (Concurrent Start) (G1 Humongous Allocation) 2418M->1981M(7992M) 18.713ms
[2022-12-13T06:30:07.092+0000][151028][gc,cpu      ] GC(24) User=0.15s Sys=0.00s Real=0.02s
[2022-12-13T06:30:07.092+0000][151028][safepoint   ] Safepoint "G1TryInitiateConcMark", Time since last: 112713700 ns, Reaching safepoint: 6762300 ns, At safepoint: 18931300 ns, Total: 25693600 ns
[2022-12-13T06:30:07.092+0000][151028][gc          ] GC(25) Concurrent Undo Cycle
[2022-12-13T06:30:07.092+0000][151028][gc,marking  ] GC(25) Concurrent Cleanup for Next Mark
[2022-12-13T06:30:07.093+0000][151028][gc,marking  ] GC(25) Concurrent Cleanup for Next Mark 0.828ms
[2022-12-13T06:30:07.093+0000][151028][gc          ] GC(25) Concurrent Undo Cycle 0.948ms
[2022-12-13T06:30:07.701+0000][151028][gc,start    ] GC(26) Pause Young (Concurrent Start) (G1 Humongous Allocation)
[2022-12-13T06:30:07.701+0000][151028][gc,task     ] GC(26) Using 10 workers of 10 for evacuation
[2022-12-13T06:30:07.701+0000][151028][gc,age      ] GC(26) Desired survivor size 306184192 bytes, new threshold 15 (max threshold 15)
[2022-12-13T06:30:07.715+0000][151028][gc,phases   ] GC(26)   Pre Evacuate Collection Set: 0.9ms
[2022-12-13T06:30:07.715+0000][151028][gc,phases   ] GC(26)   Merge Heap Roots: 0.2ms
[2022-12-13T06:30:07.715+0000][151028][gc,phases   ] GC(26)   Evacuate Collection Set: 4.7ms
[2022-12-13T06:30:07.715+0000][151028][gc,phases   ] GC(26)   Post Evacuate Collection Set: 7.4ms
[2022-12-13T06:30:07.715+0000][151028][gc,phases   ] GC(26)   Other: 0.2ms
[2022-12-13T06:30:07.715+0000][151028][gc,age      ] GC(26) Age table with threshold 15 (max threshold 15)
[2022-12-13T06:30:07.715+0000][151028][gc,age      ] GC(26) - age   1:   11437800 bytes,   11437800 total
[2022-12-13T06:30:07.715+0000][151028][gc,age      ] GC(26) - age   2:       5032 bytes,   11442832 total
[2022-12-13T06:30:07.715+0000][151028][gc,age      ] GC(26) - age   3:   11266272 bytes,   22709104 total
[2022-12-13T06:30:07.715+0000][151028][gc,age      ] GC(26) - age   4:    5899480 bytes,   28608584 total
[2022-12-13T06:30:07.715+0000][151028][gc,heap     ] GC(26) Eden regions: 78->0(1190)
[2022-12-13T06:30:07.715+0000][151028][gc,heap     ] GC(26) Survivor regions: 12->8(146)
[2022-12-13T06:30:07.715+0000][151028][gc,heap     ] GC(26) Old regions: 436->436
[2022-12-13T06:30:07.715+0000][151028][gc,heap     ] GC(26) Archive regions: 2->2
[2022-12-13T06:30:07.715+0000][151028][gc,heap     ] GC(26) Humongous regions: 146->6
[2022-12-13T06:30:07.715+0000][151028][gc,metaspace] GC(26) Metaspace: 168510K(173184K)->168510K(173184K) NonClass: 147523K(150016K)->147523K(150016K) Class: 20987K(23168K)->20987K(23168K)
[2022-12-13T06:30:07.715+0000][151028][gc          ] GC(26) Pause Young (Concurrent Start) (G1 Humongous Allocation) 2689M->1800M(7992M) 13.766ms
[2022-12-13T06:30:07.715+0000][151028][gc,cpu      ] GC(26) User=0.09s Sys=0.01s Real=0.01s
[2022-12-13T06:30:07.715+0000][151028][safepoint   ] Safepoint "G1TryInitiateConcMark", Time since last: 608992800 ns, Reaching safepoint: 222400 ns, At safepoint: 13938600 ns, Total: 14161000 ns
[2022-12-13T06:30:07.715+0000][151028][gc          ] GC(27) Concurrent Undo Cycle
[2022-12-13T06:30:07.715+0000][151028][gc,marking  ] GC(27) Concurrent Cleanup for Next Mark
[2022-12-13T06:30:07.716+0000][151028][gc,marking  ] GC(27) Concurrent Cleanup for Next Mark 0.655ms
[2022-12-13T06:30:07.716+0000][151028][gc          ] GC(27) Concurrent Undo Cycle 0.749ms
[2022-12-13T06:30:08.716+0000][151028][safepoint   ] Safepoint "Cleanup", Time since last: 1000138300 ns, Reaching safepoint: 227900 ns, At safepoint: 82600 ns, Total: 310500 ns
[2022-12-13T06:30:09.091+0000][151028][gc,start    ] GC(28) Pause Young (Concurrent Start) (G1 Humongous Allocation)
[2022-12-13T06:30:09.092+0000][151028][gc,task     ] GC(28) Using 10 workers of 10 for evacuation
[2022-12-13T06:30:09.092+0000][151028][gc,age      ] GC(28) Desired survivor size 314572800 bytes, new threshold 15 (max threshold 15)
[2022-12-13T06:30:09.104+0000][151028][gc,phases   ] GC(28)   Pre Evacuate Collection Set: 0.9ms
[2022-12-13T06:30:09.104+0000][151028][gc,phases   ] GC(28)   Merge Heap Roots: 0.2ms
[2022-12-13T06:30:09.104+0000][151028][gc,phases   ] GC(28)   Evacuate Collection Set: 5.1ms
[2022-12-13T06:30:09.104+0000][151028][gc,phases   ] GC(28)   Post Evacuate Collection Set: 6.4ms
[2022-12-13T06:30:09.104+0000][151028][gc,phases   ] GC(28)   Other: 0.2ms
[2022-12-13T06:30:09.104+0000][151028][gc,age      ] GC(28) Age table with threshold 15 (max threshold 15)
[2022-12-13T06:30:09.105+0000][151028][gc,age      ] GC(28) - age   1:   14370512 bytes,   14370512 total
[2022-12-13T06:30:09.105+0000][151028][gc,age      ] GC(28) - age   2:     306200 bytes,   14676712 total
[2022-12-13T06:30:09.105+0000][151028][gc,age      ] GC(28) - age   3:       1104 bytes,   14677816 total
[2022-12-13T06:30:09.105+0000][151028][gc,age      ] GC(28) - age   4:    3575136 bytes,   18252952 total
[2022-12-13T06:30:09.105+0000][151028][gc,age      ] GC(28) - age   5:    5898248 bytes,   24151200 total
[2022-12-13T06:30:09.105+0000][151028][gc,heap     ] GC(28) Eden regions: 58->0(1191)
[2022-12-13T06:30:09.105+0000][151028][gc,heap     ] GC(28) Survivor regions: 8->7(150)
[2022-12-13T06:30:09.105+0000][151028][gc,heap     ] GC(28) Old regions: 436->436
[2022-12-13T06:30:09.105+0000][151028][gc,heap     ] GC(28) Archive regions: 2->2
[2022-12-13T06:30:09.105+0000][151028][gc,heap     ] GC(28) Humongous regions: 142->6
[2022-12-13T06:30:09.105+0000][151028][gc,metaspace] GC(28) Metaspace: 169197K(173888K)->169197K(173888K) NonClass: 148168K(150656K)->148168K(150656K) Class: 21028K(23232K)->21028K(23232K)
[2022-12-13T06:30:09.105+0000][151028][gc          ] GC(28) Pause Young (Concurrent Start) (G1 Humongous Allocation) 2575M->1796M(7992M) 13.198ms
[2022-12-13T06:30:09.105+0000][151028][gc          ] GC(29) Concurrent Undo Cycle
[2022-12-13T06:30:09.105+0000][151028][gc,marking  ] GC(29) Concurrent Cleanup for Next Mark
[2022-12-13T06:30:09.105+0000][151028][gc,cpu      ] GC(28) User=0.09s Sys=0.01s Real=0.01s
[2022-12-13T06:30:09.105+0000][151028][safepoint   ] Safepoint "G1TryInitiateConcMark", Time since last: 375470000 ns, Reaching safepoint: 278000 ns, At safepoint: 13657600 ns, Total: 13935600 ns
[2022-12-13T06:30:09.106+0000][151028][gc,marking  ] GC(29) Concurrent Cleanup for Next Mark 0.852ms
[2022-12-13T06:30:09.106+0000][151028][gc          ] GC(29) Concurrent Undo Cycle 0.976ms
[2022-12-13T06:30:10.672+0000][151028][safepoint   ] Safepoint "Cleanup", Time since last: 1566341900 ns, Reaching safepoint: 311600 ns, At safepoint: 42100 ns, Total: 353700 ns
[2022-12-13T06:30:10.822+0000][151028][gc,start    ] GC(30) Pause Young (Concurrent Start) (G1 Humongous Allocation)
[2022-12-13T06:30:10.822+0000][151028][gc,task     ] GC(30) Using 10 workers of 10 for evacuation
[2022-12-13T06:30:10.822+0000][151028][gc,age      ] GC(30) Desired survivor size 314572800 bytes, new threshold 15 (max threshold 15)
[2022-12-13T06:30:10.844+0000][151028][gc,phases   ] GC(30)   Pre Evacuate Collection Set: 0.8ms
[2022-12-13T06:30:10.845+0000][151028][gc,phases   ] GC(30)   Merge Heap Roots: 0.2ms
[2022-12-13T06:30:10.845+0000][151028][gc,phases   ] GC(30)   Evacuate Collection Set: 5.4ms
[2022-12-13T06:30:10.845+0000][151028][gc,phases   ] GC(30)   Post Evacuate Collection Set: 16.3ms
[2022-12-13T06:30:10.845+0000][151028][gc,phases   ] GC(30)   Other: 0.2ms
[2022-12-13T06:30:10.845+0000][151028][gc,age      ] GC(30) Age table with threshold 15 (max threshold 15)
[2022-12-13T06:30:10.845+0000][151028][gc,age      ] GC(30) - age   1:   27244184 bytes,   27244184 total
[2022-12-13T06:30:10.845+0000][151028][gc,age      ] GC(30) - age   2:     263824 bytes,   27508008 total
[2022-12-13T06:30:10.845+0000][151028][gc,age      ] GC(30) - age   3:     185384 bytes,   27693392 total
[2022-12-13T06:30:10.845+0000][151028][gc,age      ] GC(30) - age   4:         32 bytes,   27693424 total
[2022-12-13T06:30:10.845+0000][151028][gc,age      ] GC(30) - age   5:    3561440 bytes,   31254864 total
[2022-12-13T06:30:10.845+0000][151028][gc,age      ] GC(30) - age   6:    5896808 bytes,   37151672 total
[2022-12-13T06:30:10.845+0000][151028][gc,heap     ] GC(30) Eden regions: 157->0(1188)
[2022-12-13T06:30:10.845+0000][151028][gc,heap     ] GC(30) Survivor regions: 7->10(150)
[2022-12-13T06:30:10.845+0000][151028][gc,heap     ] GC(30) Old regions: 436->436
[2022-12-13T06:30:10.845+0000][151028][gc,heap     ] GC(30) Archive regions: 2->2
[2022-12-13T06:30:10.845+0000][151028][gc,heap     ] GC(30) Humongous regions: 157->6
[2022-12-13T06:30:10.845+0000][151028][gc,metaspace] GC(30) Metaspace: 169328K(174016K)->169328K(174016K) NonClass: 148293K(150784K)->148293K(150784K) Class: 21035K(23232K)->21035K(23232K)
[2022-12-13T06:30:10.845+0000][151028][gc          ] GC(30) Pause Young (Concurrent Start) (G1 Humongous Allocation) 3028M->1808M(7992M) 23.312ms
[2022-12-13T06:30:10.845+0000][151028][gc,cpu      ] GC(30) User=0.11s Sys=0.00s Real=0.02s
[2022-12-13T06:30:10.845+0000][151028][safepoint   ] Safepoint "G1TryInitiateConcMark", Time since last: 149537500 ns, Reaching safepoint: 195600 ns, At safepoint: 23484600 ns, Total: 23680200 ns
[2022-12-13T06:30:10.845+0000][151028][gc          ] GC(31) Concurrent Undo Cycle
[2022-12-13T06:30:10.845+0000][151028][gc,marking  ] GC(31) Concurrent Cleanup for Next Mark
[2022-12-13T06:30:10.847+0000][151028][gc,marking  ] GC(31) Concurrent Cleanup for Next Mark 2.228ms
[2022-12-13T06:30:10.848+0000][151028][gc          ] GC(31) Concurrent Undo Cycle 2.524ms
[2022-12-13T06:30:11.845+0000][151028][safepoint   ] Safepoint "Cleanup", Time since last: 1000149200 ns, Reaching safepoint: 193900 ns, At safepoint: 11700 ns, Total: 205600 ns
[2022-12-13T06:30:12.051+0000][151028][gc,start    ] GC(32) Pause Young (Concurrent Start) (G1 Humongous Allocation)
[2022-12-13T06:30:12.051+0000][151028][gc,task     ] GC(32) Using 10 workers of 10 for evacuation
[2022-12-13T06:30:12.051+0000][151028][gc,age      ] GC(32) Desired survivor size 314572800 bytes, new threshold 15 (max threshold 15)
[2022-12-13T06:30:12.062+0000][151028][gc,phases   ] GC(32)   Pre Evacuate Collection Set: 0.8ms
[2022-12-13T06:30:12.062+0000][151028][gc,phases   ] GC(32)   Merge Heap Roots: 0.2ms
[2022-12-13T06:30:12.062+0000][151028][gc,phases   ] GC(32)   Evacuate Collection Set: 5.2ms
[2022-12-13T06:30:12.062+0000][151028][gc,phases   ] GC(32)   Post Evacuate Collection Set: 3.8ms
[2022-12-13T06:30:12.062+0000][151028][gc,phases   ] GC(32)   Other: 0.1ms
[2022-12-13T06:30:12.062+0000][151028][gc,age      ] GC(32) Age table with threshold 15 (max threshold 15)
[2022-12-13T06:30:12.062+0000][151028][gc,age      ] GC(32) - age   1:    5997968 bytes,    5997968 total
[2022-12-13T06:30:12.062+0000][151028][gc,age      ] GC(32) - age   2:    3782824 bytes,    9780792 total
[2022-12-13T06:30:12.062+0000][151028][gc,age      ] GC(32) - age   3:     244808 bytes,   10025600 total
[2022-12-13T06:30:12.062+0000][151028][gc,age      ] GC(32) - age   4:     183072 bytes,   10208672 total
[2022-12-13T06:30:12.062+0000][151028][gc,age      ] GC(32) - age   5:         32 bytes,   10208704 total
[2022-12-13T06:30:12.062+0000][151028][gc,age      ] GC(32) - age   6:    3556720 bytes,   13765424 total
[2022-12-13T06:30:12.062+0000][151028][gc,age      ] GC(32) - age   7:    5891648 bytes,   19657072 total
[2022-12-13T06:30:12.062+0000][151028][gc,heap     ] GC(32) Eden regions: 63->0(1192)
[2022-12-13T06:30:12.062+0000][151028][gc,heap     ] GC(32) Survivor regions: 10->6(150)
[2022-12-13T06:30:12.062+0000][151028][gc,heap     ] GC(32) Old regions: 436->436
[2022-12-13T06:30:12.062+0000][151028][gc,heap     ] GC(32) Archive regions: 2->2
[2022-12-13T06:30:12.062+0000][151028][gc,heap     ] GC(32) Humongous regions: 138->6
[2022-12-13T06:30:12.062+0000][151028][gc,metaspace] GC(32) Metaspace: 169370K(174144K)->169370K(174144K) NonClass: 148334K(150912K)->148334K(150912K) Class: 21035K(23232K)->21035K(23232K)
[2022-12-13T06:30:12.062+0000][151028][gc          ] GC(32) Pause Young (Concurrent Start) (G1 Humongous Allocation) 2586M->1793M(7992M) 10.519ms
[2022-12-13T06:30:12.062+0000][151028][gc,cpu      ] GC(32) User=0.07s Sys=0.01s Real=0.01s
[2022-12-13T06:30:12.062+0000][151028][safepoint   ] Safepoint "G1TryInitiateConcMark", Time since last: 205744800 ns, Reaching safepoint: 218300 ns, At safepoint: 10743900 ns, Total: 10962200 ns
[2022-12-13T06:30:12.062+0000][151028][gc          ] GC(33) Concurrent Undo Cycle
[2022-12-13T06:30:12.062+0000][151028][gc,marking  ] GC(33) Concurrent Cleanup for Next Mark
[2022-12-13T06:30:12.063+0000][151028][gc,marking  ] GC(33) Concurrent Cleanup for Next Mark 0.827ms
[2022-12-13T06:30:12.063+0000][151028][gc          ] GC(33) Concurrent Undo Cycle 0.972ms
[2022-12-13T06:30:13.063+0000][151028][safepoint   ] Safepoint "Cleanup", Time since last: 1000273300 ns, Reaching safepoint: 264400 ns, At safepoint: 105500 ns, Total: 369900 ns
[2022-12-13T06:30:13.213+0000][151028][gc,start    ] GC(34) Pause Young (Concurrent Start) (G1 Humongous Allocation)
[2022-12-13T06:30:13.213+0000][151028][gc,task     ] GC(34) Using 10 workers of 10 for evacuation
[2022-12-13T06:30:13.213+0000][151028][gc,age      ] GC(34) Desired survivor size 314572800 bytes, new threshold 15 (max threshold 15)
[2022-12-13T06:30:13.244+0000][151028][gc,phases   ] GC(34)   Pre Evacuate Collection Set: 0.9ms
[2022-12-13T06:30:13.244+0000][151028][gc,phases   ] GC(34)   Merge Heap Roots: 0.2ms
[2022-12-13T06:30:13.244+0000][151028][gc,phases   ] GC(34)   Evacuate Collection Set: 23.7ms
[2022-12-13T06:30:13.244+0000][151028][gc,phases   ] GC(34)   Post Evacuate Collection Set: 6.0ms
[2022-12-13T06:30:13.244+0000][151028][gc,phases   ] GC(34)   Other: 0.2ms
[2022-12-13T06:30:13.244+0000][151028][gc,age      ] GC(34) Age table with threshold 15 (max threshold 15)
[2022-12-13T06:30:13.244+0000][151028][gc,age      ] GC(34) - age   1:   61369376 bytes,   61369376 total
[2022-12-13T06:30:13.244+0000][151028][gc,age      ] GC(34) - age   2:    1402040 bytes,   62771416 total
[2022-12-13T06:30:13.244+0000][151028][gc,age      ] GC(34) - age   3:    3394736 bytes,   66166152 total
[2022-12-13T06:30:13.245+0000][151028][gc,age      ] GC(34) - age   4:     238328 bytes,   66404480 total
[2022-12-13T06:30:13.245+0000][151028][gc,age      ] GC(34) - age   5:     178592 bytes,   66583072 total
[2022-12-13T06:30:13.245+0000][151028][gc,age      ] GC(34) - age   6:         32 bytes,   66583104 total
[2022-12-13T06:30:13.245+0000][151028][gc,age      ] GC(34) - age   7:    3552680 bytes,   70135784 total
[2022-12-13T06:30:13.245+0000][151028][gc,age      ] GC(34) - age   8:    5891648 bytes,   76027432 total
[2022-12-13T06:30:13.245+0000][151028][gc,heap     ] GC(34) Eden regions: 119->0(1018)
[2022-12-13T06:30:13.245+0000][151028][gc,heap     ] GC(34) Survivor regions: 6->20(150)
[2022-12-13T06:30:13.245+0000][151028][gc,heap     ] GC(34) Old regions: 436->436
[2022-12-13T06:30:13.245+0000][151028][gc,heap     ] GC(34) Archive regions: 2->2
[2022-12-13T06:30:13.245+0000][151028][gc,heap     ] GC(34) Humongous regions: 157->50
[2022-12-13T06:30:13.245+0000][151028][gc,metaspace] GC(34) Metaspace: 169477K(174208K)->169477K(174208K) NonClass: 148434K(150976K)->148434K(150976K) Class: 21043K(23232K)->21043K(23232K)
[2022-12-13T06:30:13.245+0000][151028][gc          ] GC(34) Pause Young (Concurrent Start) (G1 Humongous Allocation) 2871M->2023M(7992M) 31.428ms
[2022-12-13T06:30:13.245+0000][151028][gc          ] GC(35) Concurrent Undo Cycle
[2022-12-13T06:30:13.245+0000][151028][gc,marking  ] GC(35) Concurrent Cleanup for Next Mark
[2022-12-13T06:30:13.245+0000][151028][gc,cpu      ] GC(34) User=0.25s Sys=0.01s Real=0.03s
[2022-12-13T06:30:13.245+0000][151028][safepoint   ] Safepoint "G1TryInitiateConcMark", Time since last: 127334700 ns, Reaching safepoint: 23119000 ns, At safepoint: 31921900 ns, Total: 55040900 ns
[2022-12-13T06:30:13.246+0000][151028][gc,marking  ] GC(35) Concurrent Cleanup for Next Mark 1.446ms
[2022-12-13T06:30:13.246+0000][151028][gc          ] GC(35) Concurrent Undo Cycle 1.590ms
[2022-12-13T06:30:13.378+0000][151028][gc,start    ] GC(36) Pause Young (Concurrent Start) (G1 Humongous Allocation)
[2022-12-13T06:30:13.378+0000][151028][gc,task     ] GC(36) Using 10 workers of 10 for evacuation
[2022-12-13T06:30:13.378+0000][151028][gc,age      ] GC(36) Desired survivor size 272629760 bytes, new threshold 15 (max threshold 15)
[2022-12-13T06:30:13.403+0000][151028][gc,phases   ] GC(36)   Pre Evacuate Collection Set: 1.0ms
[2022-12-13T06:30:13.403+0000][151028][gc,phases   ] GC(36)   Merge Heap Roots: 0.2ms
[2022-12-13T06:30:13.403+0000][151028][gc,phases   ] GC(36)   Evacuate Collection Set: 20.8ms
[2022-12-13T06:30:13.403+0000][151028][gc,phases   ] GC(36)   Post Evacuate Collection Set: 3.0ms
[2022-12-13T06:30:13.403+0000][151028][gc,phases   ] GC(36)   Other: 0.2ms
[2022-12-13T06:30:13.403+0000][151028][gc,age      ] GC(36) Age table with threshold 15 (max threshold 15)
[2022-12-13T06:30:13.403+0000][151028][gc,age      ] GC(36) - age   1:    2994264 bytes,    2994264 total
[2022-12-13T06:30:13.403+0000][151028][gc,age      ] GC(36) - age   2:   51968616 bytes,   54962880 total
[2022-12-13T06:30:13.403+0000][151028][gc,age      ] GC(36) - age   3:    1300616 bytes,   56263496 total
[2022-12-13T06:30:13.403+0000][151028][gc,age      ] GC(36) - age   4:    3394336 bytes,   59657832 total
[2022-12-13T06:30:13.403+0000][151028][gc,age      ] GC(36) - age   5:     238248 bytes,   59896080 total
[2022-12-13T06:30:13.403+0000][151028][gc,age      ] GC(36) - age   6:     178592 bytes,   60074672 total
[2022-12-13T06:30:13.403+0000][151028][gc,age      ] GC(36) - age   7:         32 bytes,   60074704 total
[2022-12-13T06:30:13.403+0000][151028][gc,age      ] GC(36) - age   8:    3552520 bytes,   63627224 total
[2022-12-13T06:30:13.403+0000][151028][gc,age      ] GC(36) - age   9:    5891648 bytes,   69518872 total
[2022-12-13T06:30:13.403+0000][151028][gc,heap     ] GC(36) Eden regions: 17->0(1071)
[2022-12-13T06:30:13.403+0000][151028][gc,heap     ] GC(36) Survivor regions: 20->18(130)
[2022-12-13T06:30:13.403+0000][151028][gc,heap     ] GC(36) Old regions: 436->436
[2022-12-13T06:30:13.403+0000][151028][gc,heap     ] GC(36) Archive regions: 2->2
[2022-12-13T06:30:13.403+0000][151028][gc,heap     ] GC(36) Humongous regions: 149->17
[2022-12-13T06:30:13.403+0000][151028][gc,metaspace] GC(36) Metaspace: 169488K(174208K)->169488K(174208K) NonClass: 148445K(150976K)->148445K(150976K) Class: 21043K(23232K)->21043K(23232K)
[2022-12-13T06:30:13.403+0000][151028][gc          ] GC(36) Pause Young (Concurrent Start) (G1 Humongous Allocation) 2487M->1885M(7992M) 25.677ms
[2022-12-13T06:30:13.403+0000][151028][gc,cpu      ] GC(36) User=0.21s Sys=0.02s Real=0.03s
[2022-12-13T06:30:13.404+0000][151028][safepoint   ] Safepoint "G1TryInitiateConcMark", Time since last: 132195600 ns, Reaching safepoint: 295200 ns, At safepoint: 25943200 ns, Total: 26238400 ns
[2022-12-13T06:30:13.404+0000][151028][gc          ] GC(37) Concurrent Undo Cycle
[2022-12-13T06:30:13.404+0000][151028][gc,marking  ] GC(37) Concurrent Cleanup for Next Mark
[2022-12-13T06:30:13.405+0000][151028][gc,marking  ] GC(37) Concurrent Cleanup for Next Mark 1.350ms
[2022-12-13T06:30:13.405+0000][151028][gc          ] GC(37) Concurrent Undo Cycle 1.642ms
[2022-12-13T06:30:14.343+0000][151028][gc,start    ] GC(38) Pause Young (Concurrent Start) (G1 Humongous Allocation)
[2022-12-13T06:30:14.343+0000][151028][gc,task     ] GC(38) Using 10 workers of 10 for evacuation
[2022-12-13T06:30:14.343+0000][151028][gc,age      ] GC(38) Desired survivor size 287309824 bytes, new threshold 15 (max threshold 15)
[2022-12-13T06:30:14.390+0000][151028][gc,phases   ] GC(38)   Pre Evacuate Collection Set: 0.9ms
[2022-12-13T06:30:14.391+0000][151028][gc,phases   ] GC(38)   Merge Heap Roots: 0.3ms
[2022-12-13T06:30:14.391+0000][151028][gc,phases   ] GC(38)   Evacuate Collection Set: 26.7ms
[2022-12-13T06:30:14.391+0000][151028][gc,phases   ] GC(38)   Post Evacuate Collection Set: 19.0ms
[2022-12-13T06:30:14.391+0000][151028][gc,phases   ] GC(38)   Other: 0.2ms
[2022-12-13T06:30:14.391+0000][151028][gc,age      ] GC(38) Age table with threshold 15 (max threshold 15)
[2022-12-13T06:30:14.391+0000][151028][gc,age      ] GC(38) - age   1:   68116888 bytes,   68116888 total
[2022-12-13T06:30:14.391+0000][151028][gc,age      ] GC(38) - age   2:    1232640 bytes,   69349528 total
[2022-12-13T06:30:14.391+0000][151028][gc,age      ] GC(38) - age   3:   20272216 bytes,   89621744 total
[2022-12-13T06:30:14.391+0000][151028][gc,age      ] GC(38) - age   4:    1203680 bytes,   90825424 total
[2022-12-13T06:30:14.391+0000][151028][gc,age      ] GC(38) - age   5:    3293984 bytes,   94119408 total
[2022-12-13T06:30:14.391+0000][151028][gc,age      ] GC(38) - age   6:     236232 bytes,   94355640 total
[2022-12-13T06:30:14.391+0000][151028][gc,age      ] GC(38) - age   7:     177392 bytes,   94533032 total
[2022-12-13T06:30:14.391+0000][151028][gc,age      ] GC(38) - age   8:         32 bytes,   94533064 total
[2022-12-13T06:30:14.391+0000][151028][gc,age      ] GC(38) - age   9:    3551000 bytes,   98084064 total
[2022-12-13T06:30:14.391+0000][151028][gc,age      ] GC(38) - age  10:    5891408 bytes,  103975472 total
[2022-12-13T06:30:14.391+0000][151028][gc,heap     ] GC(38) Eden regions: 112->0(1071)
[2022-12-13T06:30:14.391+0000][151028][gc,heap     ] GC(38) Survivor regions: 18->27(137)
[2022-12-13T06:30:14.391+0000][151028][gc,heap     ] GC(38) Old regions: 436->436
[2022-12-13T06:30:14.391+0000][151028][gc,heap     ] GC(38) Archive regions: 2->2
[2022-12-13T06:30:14.391+0000][151028][gc,heap     ] GC(38) Humongous regions: 144->22
[2022-12-13T06:30:14.391+0000][151028][gc,metaspace] GC(38) Metaspace: 169534K(174272K)->169534K(174272K) NonClass: 148486K(151040K)->148486K(151040K) Class: 21048K(23232K)->21048K(23232K)
[2022-12-13T06:30:14.391+0000][151028][gc          ] GC(38) Pause Young (Concurrent Start) (G1 Humongous Allocation) 2841M->1941M(7992M) 47.635ms
[2022-12-13T06:30:14.391+0000][151028][gc,cpu      ] GC(38) User=0.36s Sys=0.01s Real=0.05s
[2022-12-13T06:30:14.391+0000][151028][safepoint   ] Safepoint "G1TryInitiateConcMark", Time since last: 939445000 ns, Reaching safepoint: 331300 ns, At safepoint: 47900100 ns, Total: 48231400 ns
[2022-12-13T06:30:14.391+0000][151028][gc          ] GC(39) Concurrent Undo Cycle
[2022-12-13T06:30:14.391+0000][151028][gc,marking  ] GC(39) Concurrent Cleanup for Next Mark
[2022-12-13T06:30:14.400+0000][151028][gc,marking  ] GC(39) Concurrent Cleanup for Next Mark 8.990ms
[2022-12-13T06:30:14.400+0000][151028][gc          ] GC(39) Concurrent Undo Cycle 9.150ms
[2022-12-13T06:30:15.396+0000][151028][gc,start    ] GC(40) Pause Young (Concurrent Start) (G1 Humongous Allocation)
[2022-12-13T06:30:15.396+0000][151028][gc,task     ] GC(40) Using 10 workers of 10 for evacuation
[2022-12-13T06:30:15.396+0000][151028][gc,age      ] GC(40) Desired survivor size 289406976 bytes, new threshold 15 (max threshold 15)
[2022-12-13T06:30:15.419+0000][151028][gc,phases   ] GC(40)   Pre Evacuate Collection Set: 0.8ms
[2022-12-13T06:30:15.419+0000][151028][gc,phases   ] GC(40)   Merge Heap Roots: 0.2ms
[2022-12-13T06:30:15.419+0000][151028][gc,phases   ] GC(40)   Evacuate Collection Set: 8.5ms
[2022-12-13T06:30:15.419+0000][151028][gc,phases   ] GC(40)   Post Evacuate Collection Set: 13.7ms
[2022-12-13T06:30:15.419+0000][151028][gc,phases   ] GC(40)   Other: 0.2ms
[2022-12-13T06:30:15.419+0000][151028][gc,age      ] GC(40) Age table with threshold 15 (max threshold 15)
[2022-12-13T06:30:15.419+0000][151028][gc,age      ] GC(40) - age   1:   21482512 bytes,   21482512 total
[2022-12-13T06:30:15.419+0000][151028][gc,age      ] GC(40) - age   2:   27169056 bytes,   48651568 total
[2022-12-13T06:30:15.419+0000][151028][gc,age      ] GC(40) - age   3:      66808 bytes,   48718376 total
[2022-12-13T06:30:15.419+0000][151028][gc,age      ] GC(40) - age   4:    3250016 bytes,   51968392 total
[2022-12-13T06:30:15.419+0000][151028][gc,age      ] GC(40) - age   5:    1183736 bytes,   53152128 total
[2022-12-13T06:30:15.419+0000][151028][gc,age      ] GC(40) - age   6:    3287160 bytes,   56439288 total
[2022-12-13T06:30:15.419+0000][151028][gc,age      ] GC(40) - age   7:     235072 bytes,   56674360 total
[2022-12-13T06:30:15.419+0000][151028][gc,age      ] GC(40) - age   8:     176672 bytes,   56851032 total
[2022-12-13T06:30:15.419+0000][151028][gc,age      ] GC(40) - age   9:         32 bytes,   56851064 total
[2022-12-13T06:30:15.419+0000][151028][gc,age      ] GC(40) - age  10:    3484488 bytes,   60335552 total
[2022-12-13T06:30:15.419+0000][151028][gc,age      ] GC(40) - age  11:    5891408 bytes,   66226960 total
[2022-12-13T06:30:15.419+0000][151028][gc,heap     ] GC(40) Eden regions: 144->0(1048)
[2022-12-13T06:30:15.420+0000][151028][gc,heap     ] GC(40) Survivor regions: 27->19(138)
[2022-12-13T06:30:15.420+0000][151028][gc,heap     ] GC(40) Old regions: 436->436
[2022-12-13T06:30:15.420+0000][151028][gc,heap     ] GC(40) Archive regions: 2->2
[2022-12-13T06:30:15.420+0000][151028][gc,heap     ] GC(40) Humongous regions: 160->72
[2022-12-13T06:30:15.420+0000][151028][gc,metaspace] GC(40) Metaspace: 169626K(174336K)->169626K(174336K) NonClass: 148578K(151104K)->148578K(151104K) Class: 21048K(23232K)->21048K(23232K)
[2022-12-13T06:30:15.420+0000][151028][gc          ] GC(40) Pause Young (Concurrent Start) (G1 Humongous Allocation) 3066M->2108M(7992M) 23.902ms
[2022-12-13T06:30:15.420+0000][151028][gc,cpu      ] GC(40) User=0.19s Sys=0.01s Real=0.03s
[2022-12-13T06:30:15.420+0000][151028][safepoint   ] Safepoint "G1TryInitiateConcMark", Time since last: 966997900 ns, Reaching safepoint: 37459600 ns, At safepoint: 24098400 ns, Total: 61558000 ns
[2022-12-13T06:30:15.420+0000][151028][gc          ] GC(41) Concurrent Undo Cycle
[2022-12-13T06:30:15.420+0000][151028][gc,marking  ] GC(41) Concurrent Cleanup for Next Mark
[2022-12-13T06:30:15.421+0000][151028][gc,marking  ] GC(41) Concurrent Cleanup for Next Mark 1.540ms
[2022-12-13T06:30:15.422+0000][151028][gc          ] GC(41) Concurrent Undo Cycle 1.723ms
[2022-12-13T06:30:15.829+0000][151028][gc,start    ] GC(42) Pause Young (Concurrent Start) (G1 Humongous Allocation)
[2022-12-13T06:30:15.830+0000][151028][gc,task     ] GC(42) Using 10 workers of 10 for evacuation
[2022-12-13T06:30:15.830+0000][151028][gc,age      ] GC(42) Desired survivor size 281018368 bytes, new threshold 15 (max threshold 15)
[2022-12-13T06:30:15.840+0000][151028][gc,phases   ] GC(42)   Pre Evacuate Collection Set: 0.8ms
[2022-12-13T06:30:15.840+0000][151028][gc,phases   ] GC(42)   Merge Heap Roots: 0.3ms
[2022-12-13T06:30:15.840+0000][151028][gc,phases   ] GC(42)   Evacuate Collection Set: 6.7ms
[2022-12-13T06:30:15.840+0000][151028][gc,phases   ] GC(42)   Post Evacuate Collection Set: 2.4ms
[2022-12-13T06:30:15.840+0000][151028][gc,phases   ] GC(42)   Other: 0.1ms
[2022-12-13T06:30:15.840+0000][151028][gc,age      ] GC(42) Age table with threshold 15 (max threshold 15)
[2022-12-13T06:30:15.840+0000][151028][gc,age      ] GC(42) - age   1:    2667184 bytes,    2667184 total
[2022-12-13T06:30:15.840+0000][151028][gc,age      ] GC(42) - age   2:     631552 bytes,    3298736 total
[2022-12-13T06:30:15.840+0000][151028][gc,age      ] GC(42) - age   3:    3428808 bytes,    6727544 total
[2022-12-13T06:30:15.840+0000][151028][gc,age      ] GC(42) - age   4:      66728 bytes,    6794272 total
[2022-12-13T06:30:15.840+0000][151028][gc,age      ] GC(42) - age   5:    3249528 bytes,   10043800 total
[2022-12-13T06:30:15.840+0000][151028][gc,age      ] GC(42) - age   6:    1182272 bytes,   11226072 total
[2022-12-13T06:30:15.840+0000][151028][gc,age      ] GC(42) - age   7:    3286888 bytes,   14512960 total
[2022-12-13T06:30:15.840+0000][151028][gc,age      ] GC(42) - age   8:     235032 bytes,   14747992 total
[2022-12-13T06:30:15.840+0000][151028][gc,age      ] GC(42) - age   9:     176672 bytes,   14924664 total
[2022-12-13T06:30:15.840+0000][151028][gc,age      ] GC(42) - age  10:         32 bytes,   14924696 total
[2022-12-13T06:30:15.840+0000][151028][gc,age      ] GC(42) - age  11:    3484208 bytes,   18408904 total
[2022-12-13T06:30:15.840+0000][151028][gc,age      ] GC(42) - age  12:    5891368 bytes,   24300272 total
[2022-12-13T06:30:15.840+0000][151028][gc,heap     ] GC(42) Eden regions: 27->0(1144)
[2022-12-13T06:30:15.840+0000][151028][gc,heap     ] GC(42) Survivor regions: 19->8(134)
[2022-12-13T06:30:15.840+0000][151028][gc,heap     ] GC(42) Old regions: 436->436
[2022-12-13T06:30:15.840+0000][151028][gc,heap     ] GC(42) Archive regions: 2->2
[2022-12-13T06:30:15.840+0000][151028][gc,heap     ] GC(42) Humongous regions: 138->6
[2022-12-13T06:30:15.840+0000][151028][gc,metaspace] GC(42) Metaspace: 169632K(174336K)->169632K(174336K) NonClass: 148583K(151104K)->148583K(151104K) Class: 21048K(23232K)->21048K(23232K)
[2022-12-13T06:30:15.840+0000][151028][gc          ] GC(42) Pause Young (Concurrent Start) (G1 Humongous Allocation) 2480M->1800M(7992M) 10.799ms
[2022-12-13T06:30:15.840+0000][151028][gc,cpu      ] GC(42) User=0.07s Sys=0.01s Real=0.02s
[2022-12-13T06:30:15.840+0000][151028][safepoint   ] Safepoint "G1TryInitiateConcMark", Time since last: 409479300 ns, Reaching safepoint: 197700 ns, At safepoint: 10989100 ns, Total: 11186800 ns
[2022-12-13T06:30:15.840+0000][151028][gc          ] GC(43) Concurrent Undo Cycle
[2022-12-13T06:30:15.841+0000][151028][gc,marking  ] GC(43) Concurrent Cleanup for Next Mark
[2022-12-13T06:30:15.841+0000][151028][gc,marking  ] GC(43) Concurrent Cleanup for Next Mark 0.552ms
[2022-12-13T06:30:15.841+0000][151028][gc          ] GC(43) Concurrent Undo Cycle 0.687ms
[2022-12-13T06:30:16.432+0000][151028][gc,start    ] GC(44) Pause Young (Concurrent Start) (G1 Humongous Allocation)
[2022-12-13T06:30:16.432+0000][151028][gc,task     ] GC(44) Using 10 workers of 10 for evacuation
[2022-12-13T06:30:16.432+0000][151028][gc,age      ] GC(44) Desired survivor size 301989888 bytes, new threshold 15 (max threshold 15)
[2022-12-13T06:30:16.445+0000][151028][gc,phases   ] GC(44)   Pre Evacuate Collection Set: 1.0ms
[2022-12-13T06:30:16.445+0000][151028][gc,phases   ] GC(44)   Merge Heap Roots: 0.3ms
[2022-12-13T06:30:16.445+0000][151028][gc,phases   ] GC(44)   Evacuate Collection Set: 9.9ms
[2022-12-13T06:30:16.445+0000][151028][gc,phases   ] GC(44)   Post Evacuate Collection Set: 1.7ms
[2022-12-13T06:30:16.445+0000][151028][gc,phases   ] GC(44)   Other: 0.2ms
[2022-12-13T06:30:16.445+0000][151028][gc,age      ] GC(44) Age table with threshold 15 (max threshold 15)
[2022-12-13T06:30:16.445+0000][151028][gc,age      ] GC(44) - age   1:    8065480 bytes,    8065480 total
[2022-12-13T06:30:16.445+0000][151028][gc,age      ] GC(44) - age   2:     150192 bytes,    8215672 total
[2022-12-13T06:30:16.445+0000][151028][gc,age      ] GC(44) - age   3:     401856 bytes,    8617528 total
[2022-12-13T06:30:16.445+0000][151028][gc,age      ] GC(44) - age   4:    3409880 bytes,   12027408 total
[2022-12-13T06:30:16.445+0000][151028][gc,age      ] GC(44) - age   5:      66728 bytes,   12094136 total
[2022-12-13T06:30:16.445+0000][151028][gc,age      ] GC(44) - age   6:    3249424 bytes,   15343560 total
[2022-12-13T06:30:16.445+0000][151028][gc,age      ] GC(44) - age   7:    1180800 bytes,   16524360 total
[2022-12-13T06:30:16.445+0000][151028][gc,age      ] GC(44) - age   8:    3285256 bytes,   19809616 total
[2022-12-13T06:30:16.445+0000][151028][gc,age      ] GC(44) - age   9:     234432 bytes,   20044048 total
[2022-12-13T06:30:16.445+0000][151028][gc,age      ] GC(44) - age  10:     176272 bytes,   20220320 total
[2022-12-13T06:30:16.445+0000][151028][gc,age      ] GC(44) - age  11:         32 bytes,   20220352 total
[2022-12-13T06:30:16.445+0000][151028][gc,age      ] GC(44) - age  12:    3480768 bytes,   23701120 total
[2022-12-13T06:30:16.445+0000][151028][gc,age      ] GC(44) - age  13:    5891368 bytes,   29592488 total
[2022-12-13T06:30:16.445+0000][151028][gc,heap     ] GC(44) Eden regions: 21->0(1120)
[2022-12-13T06:30:16.445+0000][151028][gc,heap     ] GC(44) Survivor regions: 8->10(144)
[2022-12-13T06:30:16.445+0000][151028][gc,heap     ] GC(44) Old regions: 436->436
[2022-12-13T06:30:16.445+0000][151028][gc,heap     ] GC(44) Archive regions: 2->2
[2022-12-13T06:30:16.445+0000][151028][gc,heap     ] GC(44) Humongous regions: 142->41
[2022-12-13T06:30:16.445+0000][151028][gc,metaspace] GC(44) Metaspace: 169681K(174400K)->169681K(174400K) NonClass: 148627K(151168K)->148627K(151168K) Class: 21054K(23232K)->21054K(23232K)
[2022-12-13T06:30:16.445+0000][151028][gc          ] GC(44) Pause Young (Concurrent Start) (G1 Humongous Allocation) 2428M->1948M(7992M) 13.485ms
[2022-12-13T06:30:16.445+0000][151028][gc,cpu      ] GC(44) User=0.10s Sys=0.00s Real=0.01s
[2022-12-13T06:30:16.445+0000][151028][safepoint   ] Safepoint "G1TryInitiateConcMark", Time since last: 588711300 ns, Reaching safepoint: 2344000 ns, At safepoint: 13673600 ns, Total: 16017600 ns
[2022-12-13T06:30:16.445+0000][151028][gc          ] GC(45) Concurrent Undo Cycle
[2022-12-13T06:30:16.445+0000][151028][gc,marking  ] GC(45) Concurrent Cleanup for Next Mark
[2022-12-13T06:30:16.446+0000][151028][gc,marking  ] GC(45) Concurrent Cleanup for Next Mark 0.795ms
[2022-12-13T06:30:16.446+0000][151028][gc          ] GC(45) Concurrent Undo Cycle 0.951ms
[2022-12-13T06:30:17.198+0000][151028][gc,start    ] GC(46) Pause Young (Concurrent Start) (G1 Humongous Allocation)
[2022-12-13T06:30:17.198+0000][151028][gc,task     ] GC(46) Using 10 workers of 10 for evacuation
[2022-12-13T06:30:17.198+0000][151028][gc,age      ] GC(46) Desired survivor size 297795584 bytes, new threshold 15 (max threshold 15)
[2022-12-13T06:30:17.209+0000][151028][gc,phases   ] GC(46)   Pre Evacuate Collection Set: 0.9ms
[2022-12-13T06:30:17.209+0000][151028][gc,phases   ] GC(46)   Merge Heap Roots: 0.2ms
[2022-12-13T06:30:17.209+0000][151028][gc,phases   ] GC(46)   Evacuate Collection Set: 7.6ms
[2022-12-13T06:30:17.209+0000][151028][gc,phases   ] GC(46)   Post Evacuate Collection Set: 1.9ms
[2022-12-13T06:30:17.209+0000][151028][gc,phases   ] GC(46)   Other: 0.1ms
[2022-12-13T06:30:17.209+0000][151028][gc,age      ] GC(46) Age table with threshold 15 (max threshold 15)
[2022-12-13T06:30:17.209+0000][151028][gc,age      ] GC(46) - age   1:    1004904 bytes,    1004904 total
[2022-12-13T06:30:17.209+0000][151028][gc,age      ] GC(46) - age   2:    1229664 bytes,    2234568 total
[2022-12-13T06:30:17.209+0000][151028][gc,age      ] GC(46) - age   3:      79120 bytes,    2313688 total
[2022-12-13T06:30:17.209+0000][151028][gc,age      ] GC(46) - age   4:     103336 bytes,    2417024 total
[2022-12-13T06:30:17.209+0000][151028][gc,age      ] GC(46) - age   5:    3406832 bytes,    5823856 total
[2022-12-13T06:30:17.209+0000][151028][gc,age      ] GC(46) - age   6:       1136 bytes,    5824992 total
[2022-12-13T06:30:17.209+0000][151028][gc,age      ] GC(46) - age   7:    3248664 bytes,    9073656 total
[2022-12-13T06:30:17.209+0000][151028][gc,age      ] GC(46) - age   8:    1179720 bytes,   10253376 total
[2022-12-13T06:30:17.209+0000][151028][gc,age      ] GC(46) - age   9:    3285016 bytes,   13538392 total
[2022-12-13T06:30:17.209+0000][151028][gc,age      ] GC(46) - age  10:     234392 bytes,   13772784 total
[2022-12-13T06:30:17.209+0000][151028][gc,age      ] GC(46) - age  11:     175552 bytes,   13948336 total
[2022-12-13T06:30:17.209+0000][151028][gc,age      ] GC(46) - age  12:         32 bytes,   13948368 total
[2022-12-13T06:30:17.209+0000][151028][gc,age      ] GC(46) - age  13:    3463648 bytes,   17412016 total
[2022-12-13T06:30:17.209+0000][151028][gc,age      ] GC(46) - age  14:    5891288 bytes,   23303304 total
[2022-12-13T06:30:17.209+0000][151028][gc,heap     ] GC(46) Eden regions: 27->0(1161)
[2022-12-13T06:30:17.209+0000][151028][gc,heap     ] GC(46) Survivor regions: 10->7(142)
[2022-12-13T06:30:17.209+0000][151028][gc,heap     ] GC(46) Old regions: 436->436
[2022-12-13T06:30:17.209+0000][151028][gc,heap     ] GC(46) Archive regions: 2->2
[2022-12-13T06:30:17.209+0000][151028][gc,heap     ] GC(46) Humongous regions: 140->6
[2022-12-13T06:30:17.209+0000][151028][gc,metaspace] GC(46) Metaspace: 169693K(174400K)->169693K(174400K) NonClass: 148638K(151168K)->148638K(151168K) Class: 21054K(23232K)->21054K(23232K)
[2022-12-13T06:30:17.209+0000][151028][gc          ] GC(46) Pause Young (Concurrent Start) (G1 Humongous Allocation) 2452M->1796M(7992M) 11.222ms
[2022-12-13T06:30:17.210+0000][151028][gc          ] GC(47) Concurrent Undo Cycle
[2022-12-13T06:30:17.210+0000][151028][gc,cpu      ] GC(46) User=0.09s Sys=0.00s Real=0.00s
[2022-12-13T06:30:17.210+0000][151028][gc,marking  ] GC(47) Concurrent Cleanup for Next Mark
[2022-12-13T06:30:17.210+0000][151028][safepoint   ] Safepoint "G1TryInitiateConcMark", Time since last: 752854600 ns, Reaching safepoint: 188500 ns, At safepoint: 11442000 ns, Total: 11630500 ns
[2022-12-13T06:30:17.210+0000][151028][gc,marking  ] GC(47) Concurrent Cleanup for Next Mark 0.616ms
[2022-12-13T06:30:17.210+0000][151028][gc          ] GC(47) Concurrent Undo Cycle 0.728ms
[2022-12-13T06:30:18.210+0000][151028][safepoint   ] Safepoint "Cleanup", Time since last: 1000199200 ns, Reaching safepoint: 261600 ns, At safepoint: 60400 ns, Total: 322000 ns
[2022-12-13T06:30:18.330+0000][151028][gc,start    ] GC(48) Pause Young (Concurrent Start) (G1 Humongous Allocation)
[2022-12-13T06:30:18.330+0000][151028][gc,task     ] GC(48) Using 10 workers of 10 for evacuation
[2022-12-13T06:30:18.330+0000][151028][gc,age      ] GC(48) Desired survivor size 306184192 bytes, new threshold 15 (max threshold 15)
[2022-12-13T06:30:18.344+0000][151028][gc,phases   ] GC(48)   Pre Evacuate Collection Set: 0.8ms
[2022-12-13T06:30:18.344+0000][151028][gc,phases   ] GC(48)   Merge Heap Roots: 0.3ms
[2022-12-13T06:30:18.344+0000][151028][gc,phases   ] GC(48)   Evacuate Collection Set: 7.9ms
[2022-12-13T06:30:18.344+0000][151028][gc,phases   ] GC(48)   Post Evacuate Collection Set: 4.3ms
[2022-12-13T06:30:18.344+0000][151028][gc,phases   ] GC(48)   Other: 0.2ms
[2022-12-13T06:30:18.344+0000][151028][gc,age      ] GC(48) Age table with threshold 15 (max threshold 15)
[2022-12-13T06:30:18.344+0000][151028][gc,age      ] GC(48) - age   1:    6888696 bytes,    6888696 total
[2022-12-13T06:30:18.344+0000][151028][gc,age      ] GC(48) - age   2:      14672 bytes,    6903368 total
[2022-12-13T06:30:18.344+0000][151028][gc,age      ] GC(48) - age   3:    1090928 bytes,    7994296 total
[2022-12-13T06:30:18.344+0000][151028][gc,age      ] GC(48) - age   4:      73872 bytes,    8068168 total
[2022-12-13T06:30:18.344+0000][151028][gc,age      ] GC(48) - age   5:      93648 bytes,    8161816 total
[2022-12-13T06:30:18.344+0000][151028][gc,age      ] GC(48) - age   6:    3331400 bytes,   11493216 total
[2022-12-13T06:30:18.344+0000][151028][gc,age      ] GC(48) - age   7:        936 bytes,   11494152 total
[2022-12-13T06:30:18.344+0000][151028][gc,age      ] GC(48) - age   8:    3246720 bytes,   14740872 total
[2022-12-13T06:30:18.344+0000][151028][gc,age      ] GC(48) - age   9:    1110848 bytes,   15851720 total
[2022-12-13T06:30:18.344+0000][151028][gc,age      ] GC(48) - age  10:    3284816 bytes,   19136536 total
[2022-12-13T06:30:18.344+0000][151028][gc,age      ] GC(48) - age  11:     234392 bytes,   19370928 total
[2022-12-13T06:30:18.344+0000][151028][gc,age      ] GC(48) - age  12:     142752 bytes,   19513680 total
[2022-12-13T06:30:18.344+0000][151028][gc,age      ] GC(48) - age  13:         32 bytes,   19513712 total
[2022-12-13T06:30:18.344+0000][151028][gc,age      ] GC(48) - age  14:    3429592 bytes,   22943304 total
[2022-12-13T06:30:18.344+0000][151028][gc,age      ] GC(48) - age  15:    5891128 bytes,   28834432 total
[2022-12-13T06:30:18.344+0000][151028][gc,heap     ] GC(48) Eden regions: 78->0(1176)
[2022-12-13T06:30:18.344+0000][151028][gc,heap     ] GC(48) Survivor regions: 7->9(146)
[2022-12-13T06:30:18.344+0000][151028][gc,heap     ] GC(48) Old regions: 436->436
[2022-12-13T06:30:18.344+0000][151028][gc,heap     ] GC(48) Archive regions: 2->2
[2022-12-13T06:30:18.344+0000][151028][gc,heap     ] GC(48) Humongous regions: 146->6
[2022-12-13T06:30:18.344+0000][151028][gc,metaspace] GC(48) Metaspace: 169740K(174464K)->169740K(174464K) NonClass: 148683K(151232K)->148683K(151232K) Class: 21057K(23232K)->21057K(23232K)
[2022-12-13T06:30:18.344+0000][151028][gc          ] GC(48) Pause Young (Concurrent Start) (G1 Humongous Allocation) 2664M->1803M(7992M) 13.791ms
[2022-12-13T06:30:18.344+0000][151028][gc          ] GC(49) Concurrent Undo Cycle
[2022-12-13T06:30:18.344+0000][151028][gc,cpu      ] GC(48) User=0.09s Sys=0.00s Real=0.01s
[2022-12-13T06:30:18.344+0000][151028][gc,marking  ] GC(49) Concurrent Cleanup for Next Mark
[2022-12-13T06:30:18.344+0000][151028][safepoint   ] Safepoint "G1TryInitiateConcMark", Time since last: 119703000 ns, Reaching safepoint: 250000 ns, At safepoint: 14009800 ns, Total: 14259800 ns
[2022-12-13T06:30:18.345+0000][151028][gc,marking  ] GC(49) Concurrent Cleanup for Next Mark 0.638ms
[2022-12-13T06:30:18.345+0000][151028][gc          ] GC(49) Concurrent Undo Cycle 0.763ms
[2022-12-13T06:30:18.639+0000][151028][gc,start    ] GC(50) Pause Young (Concurrent Start) (G1 Humongous Allocation)
[2022-12-13T06:30:18.639+0000][151028][gc,task     ] GC(50) Using 10 workers of 10 for evacuation
[2022-12-13T06:30:18.639+0000][151028][gc,age      ] GC(50) Desired survivor size 312475648 bytes, new threshold 15 (max threshold 15)
[2022-12-13T06:30:18.649+0000][151028][gc,phases   ] GC(50)   Pre Evacuate Collection Set: 0.8ms
[2022-12-13T06:30:18.650+0000][151028][gc,phases   ] GC(50)   Merge Heap Roots: 0.2ms
[2022-12-13T06:30:18.650+0000][151028][gc,phases   ] GC(50)   Evacuate Collection Set: 7.6ms
[2022-12-13T06:30:18.650+0000][151028][gc,phases   ] GC(50)   Post Evacuate Collection Set: 1.7ms
[2022-12-13T06:30:18.650+0000][151028][gc,phases   ] GC(50)   Other: 0.1ms
[2022-12-13T06:30:18.650+0000][151028][gc,age      ] GC(50) Age table with threshold 15 (max threshold 15)
[2022-12-13T06:30:18.650+0000][151028][gc,age      ] GC(50) - age   1:    1244112 bytes,    1244112 total
[2022-12-13T06:30:18.650+0000][151028][gc,age      ] GC(50) - age   2:     651808 bytes,    1895920 total
[2022-12-13T06:30:18.650+0000][151028][gc,age      ] GC(50) - age   3:      14144 bytes,    1910064 total
[2022-12-13T06:30:18.650+0000][151028][gc,age      ] GC(50) - age   4:    1090648 bytes,    3000712 total
[2022-12-13T06:30:18.650+0000][151028][gc,age      ] GC(50) - age   5:      73632 bytes,    3074344 total
[2022-12-13T06:30:18.650+0000][151028][gc,age      ] GC(50) - age   6:      92688 bytes,    3167032 total
[2022-12-13T06:30:18.650+0000][151028][gc,age      ] GC(50) - age   7:    3330664 bytes,    6497696 total
[2022-12-13T06:30:18.650+0000][151028][gc,age      ] GC(50) - age   8:        936 bytes,    6498632 total
[2022-12-13T06:30:18.650+0000][151028][gc,age      ] GC(50) - age   9:    3245080 bytes,    9743712 total
[2022-12-13T06:30:18.650+0000][151028][gc,age      ] GC(50) - age  10:    1110608 bytes,   10854320 total
[2022-12-13T06:30:18.650+0000][151028][gc,age      ] GC(50) - age  11:    3284816 bytes,   14139136 total
[2022-12-13T06:30:18.650+0000][151028][gc,age      ] GC(50) - age  12:     234392 bytes,   14373528 total
[2022-12-13T06:30:18.650+0000][151028][gc,age      ] GC(50) - age  13:     142752 bytes,   14516280 total
[2022-12-13T06:30:18.650+0000][151028][gc,age      ] GC(50) - age  14:         32 bytes,   14516312 total
[2022-12-13T06:30:18.650+0000][151028][gc,age      ] GC(50) - age  15:    3429592 bytes,   17945904 total
[2022-12-13T06:30:18.650+0000][151028][gc,heap     ] GC(50) Eden regions: 15->0(1168)
[2022-12-13T06:30:18.650+0000][151028][gc,heap     ] GC(50) Survivor regions: 9->5(149)
[2022-12-13T06:30:18.650+0000][151028][gc,heap     ] GC(50) Old regions: 436->437
[2022-12-13T06:30:18.650+0000][151028][gc,heap     ] GC(50) Archive regions: 2->2
[2022-12-13T06:30:18.650+0000][151028][gc,heap     ] GC(50) Humongous regions: 138->6
[2022-12-13T06:30:18.650+0000][151028][gc,metaspace] GC(50) Metaspace: 169742K(174464K)->169742K(174464K) NonClass: 148684K(151232K)->148684K(151232K) Class: 21057K(23232K)->21057K(23232K)
[2022-12-13T06:30:18.650+0000][151028][gc          ] GC(50) Pause Young (Concurrent Start) (G1 Humongous Allocation) 2389M->1795M(7992M) 10.952ms
[2022-12-13T06:30:18.650+0000][151028][gc,cpu      ] GC(50) User=0.07s Sys=0.00s Real=0.00s
[2022-12-13T06:30:18.650+0000][151028][gc          ] GC(51) Concurrent Undo Cycle
[2022-12-13T06:30:18.650+0000][151028][gc,marking  ] GC(51) Concurrent Cleanup for Next Mark
[2022-12-13T06:30:18.650+0000][151028][safepoint   ] Safepoint "G1TryInitiateConcMark", Time since last: 294543600 ns, Reaching safepoint: 191700 ns, At safepoint: 11183600 ns, Total: 11375300 ns
[2022-12-13T06:30:18.651+0000][151028][gc,marking  ] GC(51) Concurrent Cleanup for Next Mark 0.804ms
[2022-12-13T06:30:18.651+0000][151028][gc          ] GC(51) Concurrent Undo Cycle 0.916ms
[2022-12-13T06:30:19.049+0000][151028][gc,start    ] GC(52) Pause Young (Concurrent Start) (G1 Humongous Allocation)
[2022-12-13T06:30:19.049+0000][151028][gc,task     ] GC(52) Using 10 workers of 10 for evacuation
[2022-12-13T06:30:19.049+0000][151028][gc,age      ] GC(52) Desired survivor size 308281344 bytes, new threshold 15 (max threshold 15)
[2022-12-13T06:30:19.061+0000][151028][gc,phases   ] GC(52)   Pre Evacuate Collection Set: 0.9ms
[2022-12-13T06:30:19.061+0000][151028][gc,phases   ] GC(52)   Merge Heap Roots: 0.3ms
[2022-12-13T06:30:19.061+0000][151028][gc,phases   ] GC(52)   Evacuate Collection Set: 7.3ms
[2022-12-13T06:30:19.061+0000][151028][gc,phases   ] GC(52)   Post Evacuate Collection Set: 3.1ms
[2022-12-13T06:30:19.061+0000][151028][gc,phases   ] GC(52)   Other: 0.2ms
[2022-12-13T06:30:19.061+0000][151028][gc,age      ] GC(52) Age table with threshold 15 (max threshold 15)
[2022-12-13T06:30:19.061+0000][151028][gc,age      ] GC(52) - age   1:    2348232 bytes,    2348232 total
[2022-12-13T06:30:19.061+0000][151028][gc,age      ] GC(52) - age   2:     158336 bytes,    2506568 total
[2022-12-13T06:30:19.061+0000][151028][gc,age      ] GC(52) - age   3:     287112 bytes,    2793680 total
[2022-12-13T06:30:19.061+0000][151028][gc,age      ] GC(52) - age   4:      12872 bytes,    2806552 total
[2022-12-13T06:30:19.061+0000][151028][gc,age      ] GC(52) - age   5:    1089608 bytes,    3896160 total
[2022-12-13T06:30:19.061+0000][151028][gc,age      ] GC(52) - age   6:      73152 bytes,    3969312 total
[2022-12-13T06:30:19.061+0000][151028][gc,age      ] GC(52) - age   7:      92088 bytes,    4061400 total
[2022-12-13T06:30:19.061+0000][151028][gc,age      ] GC(52) - age   8:    3328792 bytes,    7390192 total
[2022-12-13T06:30:19.061+0000][151028][gc,age      ] GC(52) - age   9:        936 bytes,    7391128 total
[2022-12-13T06:30:19.061+0000][151028][gc,age      ] GC(52) - age  10:    3244800 bytes,   10635928 total
[2022-12-13T06:30:19.061+0000][151028][gc,age      ] GC(52) - age  11:    1109848 bytes,   11745776 total
[2022-12-13T06:30:19.061+0000][151028][gc,age      ] GC(52) - age  12:    3284816 bytes,   15030592 total
[2022-12-13T06:30:19.061+0000][151028][gc,age      ] GC(52) - age  13:     234392 bytes,   15264984 total
[2022-12-13T06:30:19.061+0000][151028][gc,age      ] GC(52) - age  14:     142752 bytes,   15407736 total
[2022-12-13T06:30:19.061+0000][151028][gc,age      ] GC(52) - age  15:         32 bytes,   15407768 total
[2022-12-13T06:30:19.061+0000][151028][gc,heap     ] GC(52) Eden regions: 19->0(1129)
[2022-12-13T06:30:19.061+0000][151028][gc,heap     ] GC(52) Survivor regions: 5->6(147)
[2022-12-13T06:30:19.061+0000][151028][gc,heap     ] GC(52) Old regions: 437->438
[2022-12-13T06:30:19.061+0000][151028][gc,heap     ] GC(52) Archive regions: 2->2
[2022-12-13T06:30:19.061+0000][151028][gc,heap     ] GC(52) Humongous regions: 142->39
[2022-12-13T06:30:19.061+0000][151028][gc,metaspace] GC(52) Metaspace: 169906K(174592K)->169906K(174592K) NonClass: 148834K(151360K)->148834K(151360K) Class: 21072K(23232K)->21072K(23232K)
[2022-12-13T06:30:19.061+0000][151028][gc          ] GC(52) Pause Young (Concurrent Start) (G1 Humongous Allocation) 2414M->1931M(7992M) 12.108ms
[2022-12-13T06:30:19.061+0000][151028][gc,cpu      ] GC(52) User=0.06s Sys=0.01s Real=0.02s
[2022-12-13T06:30:19.061+0000][151028][gc          ] GC(53) Concurrent Undo Cycle
[2022-12-13T06:30:19.061+0000][151028][gc,marking  ] GC(53) Concurrent Cleanup for Next Mark
[2022-12-13T06:30:19.061+0000][151028][safepoint   ] Safepoint "G1TryInitiateConcMark", Time since last: 394429100 ns, Reaching safepoint: 4501800 ns, At safepoint: 12378300 ns, Total: 16880100 ns
[2022-12-13T06:30:19.062+0000][151028][gc,marking  ] GC(53) Concurrent Cleanup for Next Mark 0.587ms
[2022-12-13T06:30:19.062+0000][151028][gc          ] GC(53) Concurrent Undo Cycle 0.713ms
[2022-12-13T06:30:19.275+0000][151028][gc,start    ] GC(54) Pause Young (Concurrent Start) (G1 Humongous Allocation)
[2022-12-13T06:30:19.275+0000][151028][gc,task     ] GC(54) Using 10 workers of 10 for evacuation
[2022-12-13T06:30:19.275+0000][151028][gc,age      ] GC(54) Desired survivor size 297795584 bytes, new threshold 15 (max threshold 15)
[2022-12-13T06:30:19.286+0000][151028][gc,phases   ] GC(54)   Pre Evacuate Collection Set: 0.9ms
[2022-12-13T06:30:19.286+0000][151028][gc,phases   ] GC(54)   Merge Heap Roots: 0.4ms
[2022-12-13T06:30:19.286+0000][151028][gc,phases   ] GC(54)   Evacuate Collection Set: 8.0ms
[2022-12-13T06:30:19.286+0000][151028][gc,phases   ] GC(54)   Post Evacuate Collection Set: 1.5ms
[2022-12-13T06:30:19.286+0000][151028][gc,phases   ] GC(54)   Other: 0.2ms
[2022-12-13T06:30:19.286+0000][151028][gc,age      ] GC(54) Age table with threshold 15 (max threshold 15)
[2022-12-13T06:30:19.286+0000][151028][gc,age      ] GC(54) - age   1:   10037056 bytes,   10037056 total
[2022-12-13T06:30:19.286+0000][151028][gc,age      ] GC(54) - age   2:     464776 bytes,   10501832 total
[2022-12-13T06:30:19.286+0000][151028][gc,age      ] GC(54) - age   3:      25992 bytes,   10527824 total
[2022-12-13T06:30:19.286+0000][151028][gc,age      ] GC(54) - age   4:     204824 bytes,   10732648 total
[2022-12-13T06:30:19.286+0000][151028][gc,age      ] GC(54) - age   5:      11560 bytes,   10744208 total
[2022-12-13T06:30:19.286+0000][151028][gc,age      ] GC(54) - age   6:    1088088 bytes,   11832296 total
[2022-12-13T06:30:19.286+0000][151028][gc,age      ] GC(54) - age   7:      72872 bytes,   11905168 total
[2022-12-13T06:30:19.286+0000][151028][gc,age      ] GC(54) - age   8:      89568 bytes,   11994736 total
[2022-12-13T06:30:19.286+0000][151028][gc,age      ] GC(54) - age   9:    3325752 bytes,   15320488 total
[2022-12-13T06:30:19.286+0000][151028][gc,age      ] GC(54) - age  10:        776 bytes,   15321264 total
[2022-12-13T06:30:19.286+0000][151028][gc,age      ] GC(54) - age  11:    3244040 bytes,   18565304 total
[2022-12-13T06:30:19.286+0000][151028][gc,age      ] GC(54) - age  12:    1109568 bytes,   19674872 total
[2022-12-13T06:30:19.286+0000][151028][gc,age      ] GC(54) - age  13:    3284776 bytes,   22959648 total
[2022-12-13T06:30:19.286+0000][151028][gc,age      ] GC(54) - age  14:     234392 bytes,   23194040 total
[2022-12-13T06:30:19.286+0000][151028][gc,age      ] GC(54) - age  15:     142752 bytes,   23336792 total
[2022-12-13T06:30:19.286+0000][151028][gc,heap     ] GC(54) Eden regions: 27->0(1170)
[2022-12-13T06:30:19.286+0000][151028][gc,heap     ] GC(54) Survivor regions: 6->8(142)
[2022-12-13T06:30:19.286+0000][151028][gc,heap     ] GC(54) Old regions: 438->438
[2022-12-13T06:30:19.286+0000][151028][gc,heap     ] GC(54) Archive regions: 2->2
[2022-12-13T06:30:19.286+0000][151028][gc,heap     ] GC(54) Humongous regions: 142->8
[2022-12-13T06:30:19.286+0000][151028][gc,metaspace] GC(54) Metaspace: 169926K(174592K)->169926K(174592K) NonClass: 148851K(151360K)->148851K(151360K) Class: 21074K(23232K)->21074K(23232K)
[2022-12-13T06:30:19.286+0000][151028][gc          ] GC(54) Pause Young (Concurrent Start) (G1 Humongous Allocation) 2450M->1818M(7992M) 11.400ms
[2022-12-13T06:30:19.286+0000][151028][gc          ] GC(55) Concurrent Undo Cycle
[2022-12-13T06:30:19.286+0000][151028][gc,cpu      ] GC(54) User=0.07s Sys=0.00s Real=0.01s
[2022-12-13T06:30:19.286+0000][151028][gc,marking  ] GC(55) Concurrent Cleanup for Next Mark
[2022-12-13T06:30:19.286+0000][151028][safepoint   ] Safepoint "G1TryInitiateConcMark", Time since last: 212583000 ns, Reaching safepoint: 739700 ns, At safepoint: 11749200 ns, Total: 12488900 ns
[2022-12-13T06:30:19.287+0000][151028][gc,marking  ] GC(55) Concurrent Cleanup for Next Mark 0.791ms
[2022-12-13T06:30:19.287+0000][151028][gc          ] GC(55) Concurrent Undo Cycle 0.918ms
[2022-12-13T06:30:19.893+0000][151028][gc,start    ] GC(56) Pause Young (Concurrent Start) (G1 Humongous Allocation)
[2022-12-13T06:30:19.893+0000][151028][gc,task     ] GC(56) Using 10 workers of 10 for evacuation
[2022-12-13T06:30:19.893+0000][151028][gc,age      ] GC(56) Desired survivor size 310378496 bytes, new threshold 15 (max threshold 15)
[2022-12-13T06:30:19.905+0000][151028][gc,phases   ] GC(56)   Pre Evacuate Collection Set: 0.9ms
[2022-12-13T06:30:19.905+0000][151028][gc,phases   ] GC(56)   Merge Heap Roots: 0.2ms
[2022-12-13T06:30:19.906+0000][151028][gc,phases   ] GC(56)   Evacuate Collection Set: 8.1ms
[2022-12-13T06:30:19.906+0000][151028][gc,phases   ] GC(56)   Post Evacuate Collection Set: 3.3ms
[2022-12-13T06:30:19.906+0000][151028][gc,phases   ] GC(56)   Other: 0.2ms
[2022-12-13T06:30:19.906+0000][151028][gc,age      ] GC(56) Age table with threshold 15 (max threshold 15)
[2022-12-13T06:30:19.906+0000][151028][gc,age      ] GC(56) - age   1:   10641016 bytes,   10641016 total
[2022-12-13T06:30:19.906+0000][151028][gc,age      ] GC(56) - age   2:    1261984 bytes,   11903000 total
[2022-12-13T06:30:19.906+0000][151028][gc,age      ] GC(56) - age   3:     162920 bytes,   12065920 total
[2022-12-13T06:30:19.906+0000][151028][gc,age      ] GC(56) - age   4:       5832 bytes,   12071752 total
[2022-12-13T06:30:19.906+0000][151028][gc,age      ] GC(56) - age   5:      94632 bytes,   12166384 total
[2022-12-13T06:30:19.906+0000][151028][gc,age      ] GC(56) - age   6:      11560 bytes,   12177944 total
[2022-12-13T06:30:19.906+0000][151028][gc,age      ] GC(56) - age   7:    1086488 bytes,   13264432 total
[2022-12-13T06:30:19.906+0000][151028][gc,age      ] GC(56) - age   8:      72392 bytes,   13336824 total
[2022-12-13T06:30:19.906+0000][151028][gc,age      ] GC(56) - age   9:      86456 bytes,   13423280 total
[2022-12-13T06:30:19.906+0000][151028][gc,age      ] GC(56) - age  10:    3324592 bytes,   16747872 total
[2022-12-13T06:30:19.906+0000][151028][gc,age      ] GC(56) - age  11:        776 bytes,   16748648 total
[2022-12-13T06:30:19.906+0000][151028][gc,age      ] GC(56) - age  12:    3243960 bytes,   19992608 total
[2022-12-13T06:30:19.906+0000][151028][gc,age      ] GC(56) - age  13:    1109488 bytes,   21102096 total
[2022-12-13T06:30:19.906+0000][151028][gc,age      ] GC(56) - age  14:    3284696 bytes,   24386792 total
[2022-12-13T06:30:19.906+0000][151028][gc,age      ] GC(56) - age  15:     234352 bytes,   24621144 total
[2022-12-13T06:30:19.906+0000][151028][gc,heap     ] GC(56) Eden regions: 51->0(1179)
[2022-12-13T06:30:19.906+0000][151028][gc,heap     ] GC(56) Survivor regions: 8->8(148)
[2022-12-13T06:30:19.906+0000][151028][gc,heap     ] GC(56) Old regions: 438->438
[2022-12-13T06:30:19.906+0000][151028][gc,heap     ] GC(56) Archive regions: 2->2
[2022-12-13T06:30:19.906+0000][151028][gc,heap     ] GC(56) Humongous regions: 144->6
[2022-12-13T06:30:19.906+0000][151028][gc,metaspace] GC(56) Metaspace: 169953K(174656K)->169953K(174656K) NonClass: 148879K(151424K)->148879K(151424K) Class: 21074K(23232K)->21074K(23232K)
[2022-12-13T06:30:19.906+0000][151028][gc          ] GC(56) Pause Young (Concurrent Start) (G1 Humongous Allocation) 2566M->1808M(7992M) 13.131ms
[2022-12-13T06:30:19.906+0000][151028][gc          ] GC(57) Concurrent Undo Cycle
[2022-12-13T06:30:19.906+0000][151028][gc,marking  ] GC(57) Concurrent Cleanup for Next Mark
[2022-12-13T06:30:19.906+0000][151028][gc,cpu      ] GC(56) User=0.08s Sys=0.01s Real=0.01s
[2022-12-13T06:30:19.906+0000][151028][safepoint   ] Safepoint "G1TryInitiateConcMark", Time since last: 605897500 ns, Reaching safepoint: 325200 ns, At safepoint: 13553400 ns, Total: 13878600 ns
[2022-12-13T06:30:19.907+0000][151028][gc,marking  ] GC(57) Concurrent Cleanup for Next Mark 1.001ms
[2022-12-13T06:30:19.907+0000][151028][gc          ] GC(57) Concurrent Undo Cycle 1.155ms
[2022-12-13T06:30:20.192+0000][151028][safepoint   ] Safepoint "G1TryInitiateConcMark", Time since last: 285945000 ns, Reaching safepoint: 209700 ns, At safepoint: 46400 ns, Total: 256100 ns
[2022-12-13T06:30:20.193+0000][151028][gc,start    ] GC(58) Pause Young (Concurrent Start) (G1 Humongous Allocation)
[2022-12-13T06:30:20.193+0000][151028][gc,task     ] GC(58) Using 10 workers of 10 for evacuation
[2022-12-13T06:30:20.193+0000][151028][gc,age      ] GC(58) Desired survivor size 312475648 bytes, new threshold 15 (max threshold 15)
[2022-12-13T06:30:20.203+0000][151028][gc,phases   ] GC(58)   Pre Evacuate Collection Set: 0.8ms
[2022-12-13T06:30:20.203+0000][151028][gc,phases   ] GC(58)   Merge Heap Roots: 0.2ms
[2022-12-13T06:30:20.203+0000][151028][gc,phases   ] GC(58)   Evacuate Collection Set: 7.5ms
[2022-12-13T06:30:20.203+0000][151028][gc,phases   ] GC(58)   Post Evacuate Collection Set: 1.5ms
[2022-12-13T06:30:20.203+0000][151028][gc,phases   ] GC(58)   Other: 0.1ms
[2022-12-13T06:30:20.203+0000][151028][gc,age      ] GC(58) Age table with threshold 15 (max threshold 15)
[2022-12-13T06:30:20.203+0000][151028][gc,age      ] GC(58) - age   1:    8220096 bytes,    8220096 total
[2022-12-13T06:30:20.203+0000][151028][gc,age      ] GC(58) - age   2:     590472 bytes,    8810568 total
[2022-12-13T06:30:20.203+0000][151028][gc,age      ] GC(58) - age   3:    1122144 bytes,    9932712 total
[2022-12-13T06:30:20.203+0000][151028][gc,age      ] GC(58) - age   4:     140056 bytes,   10072768 total
[2022-12-13T06:30:20.203+0000][151028][gc,age      ] GC(58) - age   5:       5832 bytes,   10078600 total
[2022-12-13T06:30:20.203+0000][151028][gc,age      ] GC(58) - age   6:      61008 bytes,   10139608 total
[2022-12-13T06:30:20.203+0000][151028][gc,age      ] GC(58) - age   7:      11520 bytes,   10151128 total
[2022-12-13T06:30:20.203+0000][151028][gc,age      ] GC(58) - age   8:    1085528 bytes,   11236656 total
[2022-12-13T06:30:20.203+0000][151028][gc,age      ] GC(58) - age   9:      72352 bytes,   11309008 total
[2022-12-13T06:30:20.203+0000][151028][gc,age      ] GC(58) - age  10:      85416 bytes,   11394424 total
[2022-12-13T06:30:20.203+0000][151028][gc,age      ] GC(58) - age  11:    3323992 bytes,   14718416 total
[2022-12-13T06:30:20.203+0000][151028][gc,age      ] GC(58) - age  12:        776 bytes,   14719192 total
[2022-12-13T06:30:20.203+0000][151028][gc,age      ] GC(58) - age  13:    3243960 bytes,   17963152 total
[2022-12-13T06:30:20.203+0000][151028][gc,age      ] GC(58) - age  14:    1109448 bytes,   19072600 total
[2022-12-13T06:30:20.203+0000][151028][gc,age      ] GC(58) - age  15:    3284696 bytes,   22357296 total
[2022-12-13T06:30:20.203+0000][151028][gc,heap     ] GC(58) Eden regions: 25->0(1191)
[2022-12-13T06:30:20.203+0000][151028][gc,heap     ] GC(58) Survivor regions: 8->7(149)
[2022-12-13T06:30:20.203+0000][151028][gc,heap     ] GC(58) Old regions: 438->438
[2022-12-13T06:30:20.203+0000][151028][gc,heap     ] GC(58) Archive regions: 2->2
[2022-12-13T06:30:20.203+0000][151028][gc,heap     ] GC(58) Humongous regions: 138->6
[2022-12-13T06:30:20.203+0000][151028][gc,metaspace] GC(58) Metaspace: 169969K(174656K)->169969K(174656K) NonClass: 148895K(151424K)->148895K(151424K) Class: 21074K(23232K)->21074K(23232K)
[2022-12-13T06:30:20.203+0000][151028][gc          ] GC(58) Pause Young (Concurrent Start) (G1 Humongous Allocation) 2433M->1805M(7992M) 10.644ms
[2022-12-13T06:30:20.203+0000][151028][gc          ] GC(59) Concurrent Undo Cycle
[2022-12-13T06:30:20.204+0000][151028][gc,marking  ] GC(59) Concurrent Cleanup for Next Mark
[2022-12-13T06:30:20.204+0000][151028][gc,cpu      ] GC(58) User=0.07s Sys=0.01s Real=0.01s
[2022-12-13T06:30:20.204+0000][151028][safepoint   ] Safepoint "G1TryInitiateConcMark", Time since last: 139900 ns, Reaching safepoint: 204500 ns, At safepoint: 11088000 ns, Total: 11292500 ns
[2022-12-13T06:30:20.204+0000][151028][gc,marking  ] GC(59) Concurrent Cleanup for Next Mark 0.834ms
[2022-12-13T06:30:20.204+0000][151028][gc          ] GC(59) Concurrent Undo Cycle 0.930ms
[2022-12-13T06:30:20.588+0000][151028][gc,start    ] GC(60) Pause Young (Concurrent Start) (G1 Humongous Allocation)
[2022-12-13T06:30:20.588+0000][151028][gc,task     ] GC(60) Using 10 workers of 10 for evacuation
[2022-12-13T06:30:20.588+0000][151028][gc,age      ] GC(60) Desired survivor size 314572800 bytes, new threshold 15 (max threshold 15)
[2022-12-13T06:30:20.605+0000][151028][gc,phases   ] GC(60)   Pre Evacuate Collection Set: 0.8ms
[2022-12-13T06:30:20.605+0000][151028][gc,phases   ] GC(60)   Merge Heap Roots: 0.2ms
[2022-12-13T06:30:20.605+0000][151028][gc,phases   ] GC(60)   Evacuate Collection Set: 13.5ms
[2022-12-13T06:30:20.605+0000][151028][gc,phases   ] GC(60)   Post Evacuate Collection Set: 2.4ms
[2022-12-13T06:30:20.605+0000][151028][gc,phases   ] GC(60)   Other: 0.2ms
[2022-12-13T06:30:20.605+0000][151028][gc,age      ] GC(60) Age table with threshold 15 (max threshold 15)
[2022-12-13T06:30:20.605+0000][151028][gc,age      ] GC(60) - age   1:    7220368 bytes,    7220368 total
[2022-12-13T06:30:20.605+0000][151028][gc,age      ] GC(60) - age   2:     386840 bytes,    7607208 total
[2022-12-13T06:30:20.605+0000][151028][gc,age      ] GC(60) - age   3:     170272 bytes,    7777480 total
[2022-12-13T06:30:20.605+0000][151028][gc,age      ] GC(60) - age   4:    1101824 bytes,    8879304 total
[2022-12-13T06:30:20.605+0000][151028][gc,age      ] GC(60) - age   5:     107136 bytes,    8986440 total
[2022-12-13T06:30:20.605+0000][151028][gc,age      ] GC(60) - age   6:       5768 bytes,    8992208 total
[2022-12-13T06:30:20.605+0000][151028][gc,age      ] GC(60) - age   7:      60168 bytes,    9052376 total
[2022-12-13T06:30:20.605+0000][151028][gc,age      ] GC(60) - age   8:      11480 bytes,    9063856 total
[2022-12-13T06:30:20.605+0000][151028][gc,age      ] GC(60) - age   9:    1085088 bytes,   10148944 total
[2022-12-13T06:30:20.605+0000][151028][gc,age      ] GC(60) - age  10:      71712 bytes,   10220656 total
[2022-12-13T06:30:20.605+0000][151028][gc,age      ] GC(60) - age  11:      84456 bytes,   10305112 total
[2022-12-13T06:30:20.606+0000][151028][gc,age      ] GC(60) - age  12:    3322632 bytes,   13627744 total
[2022-12-13T06:30:20.606+0000][151028][gc,age      ] GC(60) - age  13:        776 bytes,   13628520 total
[2022-12-13T06:30:20.606+0000][151028][gc,age      ] GC(60) - age  14:    3243960 bytes,   16872480 total
[2022-12-13T06:30:20.606+0000][151028][gc,age      ] GC(60) - age  15:    1109448 bytes,   17981928 total
[2022-12-13T06:30:20.606+0000][151028][gc,heap     ] GC(60) Eden regions: 32->0(1192)
[2022-12-13T06:30:20.606+0000][151028][gc,heap     ] GC(60) Survivor regions: 7->6(150)
[2022-12-13T06:30:20.606+0000][151028][gc,heap     ] GC(60) Old regions: 438->440
[2022-12-13T06:30:20.606+0000][151028][gc,heap     ] GC(60) Archive regions: 2->2
[2022-12-13T06:30:20.606+0000][151028][gc,heap     ] GC(60) Humongous regions: 138->6
[2022-12-13T06:30:20.606+0000][151028][gc,metaspace] GC(60) Metaspace: 169981K(174656K)->169981K(174656K) NonClass: 148906K(151424K)->148906K(151424K) Class: 21074K(23232K)->21074K(23232K)
[2022-12-13T06:30:20.606+0000][151028][gc          ] GC(60) Pause Young (Concurrent Start) (G1 Humongous Allocation) 2461M->1806M(7992M) 17.554ms
[2022-12-13T06:30:20.606+0000][151028][gc,cpu      ] GC(60) User=0.08s Sys=0.00s Real=0.02s
[2022-12-13T06:30:20.606+0000][151028][safepoint   ] Safepoint "G1TryInitiateConcMark", Time since last: 383879200 ns, Reaching safepoint: 322700 ns, At safepoint: 17811600 ns, Total: 18134300 ns
[2022-12-13T06:30:20.606+0000][151028][gc          ] GC(61) Concurrent Undo Cycle
[2022-12-13T06:30:20.606+0000][151028][gc,marking  ] GC(61) Concurrent Cleanup for Next Mark
[2022-12-13T06:30:20.607+0000][151028][gc,marking  ] GC(61) Concurrent Cleanup for Next Mark 1.028ms
[2022-12-13T06:30:20.607+0000][151028][gc          ] GC(61) Concurrent Undo Cycle 1.190ms
[2022-12-13T06:30:21.467+0000][151028][gc,start    ] GC(62) Pause Young (Concurrent Start) (G1 Humongous Allocation)
[2022-12-13T06:30:21.467+0000][151028][gc,task     ] GC(62) Using 10 workers of 10 for evacuation
[2022-12-13T06:30:21.467+0000][151028][gc,age      ] GC(62) Desired survivor size 314572800 bytes, new threshold 15 (max threshold 15)
[2022-12-13T06:30:21.478+0000][151028][gc,phases   ] GC(62)   Pre Evacuate Collection Set: 0.8ms
[2022-12-13T06:30:21.478+0000][151028][gc,phases   ] GC(62)   Merge Heap Roots: 0.2ms
[2022-12-13T06:30:21.478+0000][151028][gc,phases   ] GC(62)   Evacuate Collection Set: 5.9ms
[2022-12-13T06:30:21.478+0000][151028][gc,phases   ] GC(62)   Post Evacuate Collection Set: 3.9ms
[2022-12-13T06:30:21.478+0000][151028][gc,phases   ] GC(62)   Other: 0.1ms
[2022-12-13T06:30:21.478+0000][151028][gc,age      ] GC(62) Age table with threshold 15 (max threshold 15)
[2022-12-13T06:30:21.478+0000][151028][gc,age      ] GC(62) - age   1:    6264568 bytes,    6264568 total
[2022-12-13T06:30:21.478+0000][151028][gc,age      ] GC(62) - age   2:    1459296 bytes,    7723864 total
[2022-12-13T06:30:21.478+0000][151028][gc,age      ] GC(62) - age   3:      42120 bytes,    7765984 total
[2022-12-13T06:30:21.478+0000][151028][gc,age      ] GC(62) - age   4:      77800 bytes,    7843784 total
[2022-12-13T06:30:21.478+0000][151028][gc,age      ] GC(62) - age   5:    1083680 bytes,    8927464 total
[2022-12-13T06:30:21.478+0000][151028][gc,age      ] GC(62) - age   6:     106568 bytes,    9034032 total
[2022-12-13T06:30:21.478+0000][151028][gc,age      ] GC(62) - age   7:       4368 bytes,    9038400 total
[2022-12-13T06:30:21.478+0000][151028][gc,age      ] GC(62) - age   8:      58888 bytes,    9097288 total
[2022-12-13T06:30:21.478+0000][151028][gc,age      ] GC(62) - age   9:      11200 bytes,    9108488 total
[2022-12-13T06:30:21.478+0000][151028][gc,age      ] GC(62) - age  10:    1082288 bytes,   10190776 total
[2022-12-13T06:30:21.478+0000][151028][gc,age      ] GC(62) - age  11:      71632 bytes,   10262408 total
[2022-12-13T06:30:21.478+0000][151028][gc,age      ] GC(62) - age  12:      82536 bytes,   10344944 total
[2022-12-13T06:30:21.478+0000][151028][gc,age      ] GC(62) - age  13:    3320632 bytes,   13665576 total
[2022-12-13T06:30:21.478+0000][151028][gc,age      ] GC(62) - age  14:        776 bytes,   13666352 total
[2022-12-13T06:30:21.478+0000][151028][gc,age      ] GC(62) - age  15:    3243920 bytes,   16910272 total
[2022-12-13T06:30:21.478+0000][151028][gc,heap     ] GC(62) Eden regions: 32->0(1173)
[2022-12-13T06:30:21.478+0000][151028][gc,heap     ] GC(62) Survivor regions: 6->6(150)
[2022-12-13T06:30:21.478+0000][151028][gc,heap     ] GC(62) Old regions: 440->442
[2022-12-13T06:30:21.478+0000][151028][gc,heap     ] GC(62) Archive regions: 2->2
[2022-12-13T06:30:21.478+0000][151028][gc,heap     ] GC(62) Humongous regions: 142->6
[2022-12-13T06:30:21.478+0000][151028][gc,metaspace] GC(62) Metaspace: 170013K(174720K)->170013K(174720K) NonClass: 148933K(151488K)->148933K(151488K) Class: 21080K(23232K)->21080K(23232K)
[2022-12-13T06:30:21.478+0000][151028][gc          ] GC(62) Pause Young (Concurrent Start) (G1 Humongous Allocation) 2476M->1816M(7992M) 11.430ms
[2022-12-13T06:30:21.478+0000][151028][gc          ] GC(63) Concurrent Undo Cycle
[2022-12-13T06:30:21.478+0000][151028][gc,cpu      ] GC(62) User=0.07s Sys=0.00s Real=0.02s
[2022-12-13T06:30:21.478+0000][151028][gc,marking  ] GC(63) Concurrent Cleanup for Next Mark
[2022-12-13T06:30:21.478+0000][151028][safepoint   ] Safepoint "G1TryInitiateConcMark", Time since last: 860604400 ns, Reaching safepoint: 196000 ns, At safepoint: 11745100 ns, Total: 11941100 ns
[2022-12-13T06:30:21.479+0000][151028][gc,marking  ] GC(63) Concurrent Cleanup for Next Mark 0.723ms
[2022-12-13T06:30:21.479+0000][151028][gc          ] GC(63) Concurrent Undo Cycle 0.877ms
[2022-12-13T06:30:21.663+0000][151028][gc,start    ] GC(64) Pause Young (Concurrent Start) (G1 Humongous Allocation)
[2022-12-13T06:30:21.663+0000][151028][gc,task     ] GC(64) Using 10 workers of 10 for evacuation
[2022-12-13T06:30:21.663+0000][151028][gc,age      ] GC(64) Desired survivor size 310378496 bytes, new threshold 15 (max threshold 15)
[2022-12-13T06:30:21.673+0000][151028][gc,phases   ] GC(64)   Pre Evacuate Collection Set: 0.8ms
[2022-12-13T06:30:21.673+0000][151028][gc,phases   ] GC(64)   Merge Heap Roots: 0.2ms
[2022-12-13T06:30:21.673+0000][151028][gc,phases   ] GC(64)   Evacuate Collection Set: 6.8ms
[2022-12-13T06:30:21.673+0000][151028][gc,phases   ] GC(64)   Post Evacuate Collection Set: 2.0ms
[2022-12-13T06:30:21.673+0000][151028][gc,phases   ] GC(64)   Other: 0.2ms
[2022-12-13T06:30:21.673+0000][151028][gc,age      ] GC(64) Age table with threshold 15 (max threshold 15)
[2022-12-13T06:30:21.673+0000][151028][gc,age      ] GC(64) - age   1:   11234000 bytes,   11234000 total
[2022-12-13T06:30:21.673+0000][151028][gc,age      ] GC(64) - age   2:     269952 bytes,   11503952 total
[2022-12-13T06:30:21.673+0000][151028][gc,age      ] GC(64) - age   3:     236560 bytes,   11740512 total
[2022-12-13T06:30:21.674+0000][151028][gc,age      ] GC(64) - age   4:      42000 bytes,   11782512 total
[2022-12-13T06:30:21.674+0000][151028][gc,age      ] GC(64) - age   5:      77560 bytes,   11860072 total
[2022-12-13T06:30:21.674+0000][151028][gc,age      ] GC(64) - age   6:    1082160 bytes,   12942232 total
[2022-12-13T06:30:21.674+0000][151028][gc,age      ] GC(64) - age   7:     106088 bytes,   13048320 total
[2022-12-13T06:30:21.674+0000][151028][gc,age      ] GC(64) - age   8:       4368 bytes,   13052688 total
[2022-12-13T06:30:21.674+0000][151028][gc,age      ] GC(64) - age   9:      53264 bytes,   13105952 total
[2022-12-13T06:30:21.674+0000][151028][gc,age      ] GC(64) - age  10:      10640 bytes,   13116592 total
[2022-12-13T06:30:21.674+0000][151028][gc,age      ] GC(64) - age  11:    1080808 bytes,   14197400 total
[2022-12-13T06:30:21.674+0000][151028][gc,age      ] GC(64) - age  12:      71352 bytes,   14268752 total
[2022-12-13T06:30:21.674+0000][151028][gc,age      ] GC(64) - age  13:      81776 bytes,   14350528 total
[2022-12-13T06:30:21.674+0000][151028][gc,age      ] GC(64) - age  14:    3320632 bytes,   17671160 total
[2022-12-13T06:30:21.674+0000][151028][gc,age      ] GC(64) - age  15:        776 bytes,   17671936 total
[2022-12-13T06:30:21.674+0000][151028][gc,heap     ] GC(64) Eden regions: 23->0(1153)
[2022-12-13T06:30:21.674+0000][151028][gc,heap     ] GC(64) Survivor regions: 6->5(148)
[2022-12-13T06:30:21.674+0000][151028][gc,heap     ] GC(64) Old regions: 442->443
[2022-12-13T06:30:21.674+0000][151028][gc,heap     ] GC(64) Archive regions: 2->2
[2022-12-13T06:30:21.674+0000][151028][gc,heap     ] GC(64) Humongous regions: 138->39
[2022-12-13T06:30:21.674+0000][151028][gc,metaspace] GC(64) Metaspace: 170021K(174720K)->170021K(174720K) NonClass: 148941K(151488K)->148941K(151488K) Class: 21080K(23232K)->21080K(23232K)
[2022-12-13T06:30:21.674+0000][151028][gc          ] GC(64) Pause Young (Concurrent Start) (G1 Humongous Allocation) 2436M->1950M(7992M) 10.518ms
[2022-12-13T06:30:21.674+0000][151028][gc          ] GC(65) Concurrent Undo Cycle
[2022-12-13T06:30:21.674+0000][151028][gc,cpu      ] GC(64) User=0.07s Sys=0.00s Real=0.01s
[2022-12-13T06:30:21.674+0000][151028][gc,marking  ] GC(65) Concurrent Cleanup for Next Mark
[2022-12-13T06:30:21.674+0000][151028][safepoint   ] Safepoint "G1TryInitiateConcMark", Time since last: 184492600 ns, Reaching safepoint: 277900 ns, At safepoint: 10848300 ns, Total: 11126200 ns
[2022-12-13T06:30:21.675+0000][151028][gc,marking  ] GC(65) Concurrent Cleanup for Next Mark 0.783ms
[2022-12-13T06:30:21.675+0000][151028][gc          ] GC(65) Concurrent Undo Cycle 0.906ms
[2022-12-13T06:30:22.096+0000][151028][gc,start    ] GC(66) Pause Young (Concurrent Start) (G1 Humongous Allocation)
[2022-12-13T06:30:22.096+0000][151028][gc,task     ] GC(66) Using 10 workers of 10 for evacuation
[2022-12-13T06:30:22.096+0000][151028][gc,age      ] GC(66) Desired survivor size 304087040 bytes, new threshold 15 (max threshold 15)
[2022-12-13T06:30:22.113+0000][151028][gc,phases   ] GC(66)   Pre Evacuate Collection Set: 1.3ms
[2022-12-13T06:30:22.113+0000][151028][gc,phases   ] GC(66)   Merge Heap Roots: 0.8ms
[2022-12-13T06:30:22.113+0000][151028][gc,phases   ] GC(66)   Evacuate Collection Set: 9.4ms
[2022-12-13T06:30:22.113+0000][151028][gc,phases   ] GC(66)   Post Evacuate Collection Set: 5.1ms
[2022-12-13T06:30:22.113+0000][151028][gc,phases   ] GC(66)   Other: 0.2ms
[2022-12-13T06:30:22.113+0000][151028][gc,age      ] GC(66) Age table with threshold 15 (max threshold 15)
[2022-12-13T06:30:22.113+0000][151028][gc,age      ] GC(66) - age   1:    3546384 bytes,    3546384 total
[2022-12-13T06:30:22.113+0000][151028][gc,age      ] GC(66) - age   2:    3674840 bytes,    7221224 total
[2022-12-13T06:30:22.113+0000][151028][gc,age      ] GC(66) - age   3:     241088 bytes,    7462312 total
[2022-12-13T06:30:22.113+0000][151028][gc,age      ] GC(66) - age   4:     234608 bytes,    7696920 total
[2022-12-13T06:30:22.113+0000][151028][gc,age      ] GC(66) - age   5:      41096 bytes,    7738016 total
[2022-12-13T06:30:22.113+0000][151028][gc,age      ] GC(66) - age   6:      43720 bytes,    7781736 total
[2022-12-13T06:30:22.113+0000][151028][gc,age      ] GC(66) - age   7:    1081880 bytes,    8863616 total
[2022-12-13T06:30:22.113+0000][151028][gc,age      ] GC(66) - age   8:      39456 bytes,    8903072 total
[2022-12-13T06:30:22.113+0000][151028][gc,age      ] GC(66) - age   9:       4328 bytes,    8907400 total
[2022-12-13T06:30:22.113+0000][151028][gc,age      ] GC(66) - age  10:      53104 bytes,    8960504 total
[2022-12-13T06:30:22.113+0000][151028][gc,age      ] GC(66) - age  11:      10120 bytes,    8970624 total
[2022-12-13T06:30:22.113+0000][151028][gc,age      ] GC(66) - age  12:    1079568 bytes,   10050192 total
[2022-12-13T06:30:22.113+0000][151028][gc,age      ] GC(66) - age  13:      70752 bytes,   10120944 total
[2022-12-13T06:30:22.113+0000][151028][gc,age      ] GC(66) - age  14:      81496 bytes,   10202440 total
[2022-12-13T06:30:22.113+0000][151028][gc,age      ] GC(66) - age  15:    3319352 bytes,   13521792 total
[2022-12-13T06:30:22.113+0000][151028][gc,heap     ] GC(66) Eden regions: 27->0(1191)
[2022-12-13T06:30:22.113+0000][151028][gc,heap     ] GC(66) Survivor regions: 5->7(145)
[2022-12-13T06:30:22.113+0000][151028][gc,heap     ] GC(66) Old regions: 443->443
[2022-12-13T06:30:22.113+0000][151028][gc,heap     ] GC(66) Archive regions: 2->2
[2022-12-13T06:30:22.113+0000][151028][gc,heap     ] GC(66) Humongous regions: 138->6
[2022-12-13T06:30:22.113+0000][151028][gc,metaspace] GC(66) Metaspace: 170027K(174720K)->170027K(174720K) NonClass: 148947K(151488K)->148947K(151488K) Class: 21080K(23232K)->21080K(23232K)
[2022-12-13T06:30:22.113+0000][151028][gc          ] GC(66) Pause Young (Concurrent Start) (G1 Humongous Allocation) 2453M->1823M(7992M) 17.427ms
[2022-12-13T06:30:22.113+0000][151028][gc          ] GC(67) Concurrent Undo Cycle
[2022-12-13T06:30:22.113+0000][151028][gc,cpu      ] GC(66) User=0.06s Sys=0.01s Real=0.02s
[2022-12-13T06:30:22.113+0000][151028][gc,marking  ] GC(67) Concurrent Cleanup for Next Mark
[2022-12-13T06:30:22.114+0000][151028][safepoint   ] Safepoint "G1TryInitiateConcMark", Time since last: 421515000 ns, Reaching safepoint: 257400 ns, At safepoint: 17776800 ns, Total: 18034200 ns
[2022-12-13T06:30:22.114+0000][151028][gc,marking  ] GC(67) Concurrent Cleanup for Next Mark 0.835ms
[2022-12-13T06:30:22.114+0000][151028][gc          ] GC(67) Concurrent Undo Cycle 0.948ms
[2022-12-13T06:30:22.287+0000][151028][gc,start    ] GC(68) Pause Young (Concurrent Start) (G1 Humongous Allocation)
[2022-12-13T06:30:22.287+0000][151028][gc,task     ] GC(68) Using 10 workers of 10 for evacuation
[2022-12-13T06:30:22.287+0000][151028][gc,age      ] GC(68) Desired survivor size 314572800 bytes, new threshold 15 (max threshold 15)
[2022-12-13T06:30:22.296+0000][151028][gc,phases   ] GC(68)   Pre Evacuate Collection Set: 0.8ms
[2022-12-13T06:30:22.296+0000][151028][gc,phases   ] GC(68)   Merge Heap Roots: 0.3ms
[2022-12-13T06:30:22.296+0000][151028][gc,phases   ] GC(68)   Evacuate Collection Set: 4.3ms
[2022-12-13T06:30:22.296+0000][151028][gc,phases   ] GC(68)   Post Evacuate Collection Set: 3.3ms
[2022-12-13T06:30:22.296+0000][151028][gc,phases   ] GC(68)   Other: 0.2ms
[2022-12-13T06:30:22.296+0000][151028][gc,age      ] GC(68) Age table with threshold 15 (max threshold 15)
[2022-12-13T06:30:22.296+0000][151028][gc,age      ] GC(68) - age   1:    5112416 bytes,    5112416 total
[2022-12-13T06:30:22.296+0000][151028][gc,age      ] GC(68) - age   2:     138800 bytes,    5251216 total
[2022-12-13T06:30:22.296+0000][151028][gc,age      ] GC(68) - age   3:      33504 bytes,    5284720 total
[2022-12-13T06:30:22.296+0000][151028][gc,age      ] GC(68) - age   4:     229560 bytes,    5514280 total
[2022-12-13T06:30:22.296+0000][151028][gc,age      ] GC(68) - age   5:     132824 bytes,    5647104 total
[2022-12-13T06:30:22.296+0000][151028][gc,age      ] GC(68) - age   6:       8016 bytes,    5655120 total
[2022-12-13T06:30:22.296+0000][151028][gc,age      ] GC(68) - age   7:      42712 bytes,    5697832 total
[2022-12-13T06:30:22.296+0000][151028][gc,age      ] GC(68) - age   8:    1080840 bytes,    6778672 total
[2022-12-13T06:30:22.296+0000][151028][gc,age      ] GC(68) - age   9:      38856 bytes,    6817528 total
[2022-12-13T06:30:22.296+0000][151028][gc,age      ] GC(68) - age  10:       4328 bytes,    6821856 total
[2022-12-13T06:30:22.296+0000][151028][gc,age      ] GC(68) - age  11:      53024 bytes,    6874880 total
[2022-12-13T06:30:22.296+0000][151028][gc,age      ] GC(68) - age  12:      10000 bytes,    6884880 total
[2022-12-13T06:30:22.296+0000][151028][gc,age      ] GC(68) - age  13:    1077848 bytes,    7962728 total
[2022-12-13T06:30:22.296+0000][151028][gc,age      ] GC(68) - age  14:      70752 bytes,    8033480 total
[2022-12-13T06:30:22.296+0000][151028][gc,age      ] GC(68) - age  15:      81056 bytes,    8114536 total
[2022-12-13T06:30:22.296+0000][151028][gc,heap     ] GC(68) Eden regions: 27->0(1191)
[2022-12-13T06:30:22.296+0000][151028][gc,heap     ] GC(68) Survivor regions: 7->3(150)
[2022-12-13T06:30:22.296+0000][151028][gc,heap     ] GC(68) Old regions: 443->445
[2022-12-13T06:30:22.296+0000][151028][gc,heap     ] GC(68) Archive regions: 2->2
[2022-12-13T06:30:22.296+0000][151028][gc,heap     ] GC(68) Humongous regions: 138->6
[2022-12-13T06:30:22.296+0000][151028][gc,metaspace] GC(68) Metaspace: 170039K(174720K)->170039K(174720K) NonClass: 148959K(151488K)->148959K(151488K) Class: 21080K(23232K)->21080K(23232K)
[2022-12-13T06:30:22.296+0000][151028][gc          ] GC(68) Pause Young (Concurrent Start) (G1 Humongous Allocation) 2458M->1816M(7992M) 9.299ms
[2022-12-13T06:30:22.296+0000][151028][gc          ] GC(69) Concurrent Undo Cycle
[2022-12-13T06:30:22.296+0000][151028][gc,cpu      ] GC(68) User=0.06s Sys=0.01s Real=0.01s
[2022-12-13T06:30:22.297+0000][151028][gc,marking  ] GC(69) Concurrent Cleanup for Next Mark
[2022-12-13T06:30:22.297+0000][151028][safepoint   ] Safepoint "G1TryInitiateConcMark", Time since last: 173201900 ns, Reaching safepoint: 309600 ns, At safepoint: 9560400 ns, Total: 9870000 ns
[2022-12-13T06:30:22.297+0000][151028][gc,marking  ] GC(69) Concurrent Cleanup for Next Mark 0.721ms
[2022-12-13T06:30:22.297+0000][151028][gc          ] GC(69) Concurrent Undo Cycle 0.865ms
[2022-12-13T06:30:22.783+0000][151028][gc,start    ] GC(70) Pause Young (Concurrent Start) (G1 Humongous Allocation)
[2022-12-13T06:30:22.783+0000][151028][gc,task     ] GC(70) Using 10 workers of 10 for evacuation
[2022-12-13T06:30:22.783+0000][151028][gc,age      ] GC(70) Desired survivor size 314572800 bytes, new threshold 15 (max threshold 15)
[2022-12-13T06:30:22.791+0000][151028][gc,phases   ] GC(70)   Pre Evacuate Collection Set: 1.4ms
[2022-12-13T06:30:22.791+0000][151028][gc,phases   ] GC(70)   Merge Heap Roots: 0.2ms
[2022-12-13T06:30:22.791+0000][151028][gc,phases   ] GC(70)   Evacuate Collection Set: 4.6ms
[2022-12-13T06:30:22.791+0000][151028][gc,phases   ] GC(70)   Post Evacuate Collection Set: 1.4ms
[2022-12-13T06:30:22.791+0000][151028][gc,phases   ] GC(70)   Other: 0.1ms
[2022-12-13T06:30:22.791+0000][151028][gc,age      ] GC(70) Age table with threshold 15 (max threshold 15)
[2022-12-13T06:30:22.791+0000][151028][gc,age      ] GC(70) - age   1:    6077112 bytes,    6077112 total
[2022-12-13T06:30:22.791+0000][151028][gc,age      ] GC(70) - age   2:     353056 bytes,    6430168 total
[2022-12-13T06:30:22.791+0000][151028][gc,age      ] GC(70) - age   3:      56304 bytes,    6486472 total
[2022-12-13T06:30:22.791+0000][151028][gc,age      ] GC(70) - age   4:      33440 bytes,    6519912 total
[2022-12-13T06:30:22.791+0000][151028][gc,age      ] GC(70) - age   5:     225432 bytes,    6745344 total
[2022-12-13T06:30:22.791+0000][151028][gc,age      ] GC(70) - age   6:     116344 bytes,    6861688 total
[2022-12-13T06:30:22.791+0000][151028][gc,age      ] GC(70) - age   7:       7696 bytes,    6869384 total
[2022-12-13T06:30:22.791+0000][151028][gc,age      ] GC(70) - age   8:      42560 bytes,    6911944 total
[2022-12-13T06:30:22.791+0000][151028][gc,age      ] GC(70) - age   9:    1080440 bytes,    7992384 total
[2022-12-13T06:30:22.791+0000][151028][gc,age      ] GC(70) - age  10:      38536 bytes,    8030920 total
[2022-12-13T06:30:22.791+0000][151028][gc,age      ] GC(70) - age  11:       4328 bytes,    8035248 total
[2022-12-13T06:30:22.791+0000][151028][gc,age      ] GC(70) - age  12:      51064 bytes,    8086312 total
[2022-12-13T06:30:22.791+0000][151028][gc,age      ] GC(70) - age  13:       9680 bytes,    8095992 total
[2022-12-13T06:30:22.791+0000][151028][gc,age      ] GC(70) - age  14:    1077728 bytes,    9173720 total
[2022-12-13T06:30:22.791+0000][151028][gc,age      ] GC(70) - age  15:      70512 bytes,    9244232 total
[2022-12-13T06:30:22.791+0000][151028][gc,heap     ] GC(70) Eden regions: 16->0(1165)
[2022-12-13T06:30:22.791+0000][151028][gc,heap     ] GC(70) Survivor regions: 3->4(150)
[2022-12-13T06:30:22.791+0000][151028][gc,heap     ] GC(70) Old regions: 445->445
[2022-12-13T06:30:22.791+0000][151028][gc,heap     ] GC(70) Archive regions: 2->2
[2022-12-13T06:30:22.791+0000][151028][gc,heap     ] GC(70) Humongous regions: 138->39
[2022-12-13T06:30:22.791+0000][151028][gc,metaspace] GC(70) Metaspace: 170040K(174720K)->170040K(174720K) NonClass: 148960K(151488K)->148960K(151488K) Class: 21080K(23232K)->21080K(23232K)
[2022-12-13T06:30:22.791+0000][151028][gc          ] GC(70) Pause Young (Concurrent Start) (G1 Humongous Allocation) 2406M->1951M(7992M) 8.263ms
[2022-12-13T06:30:22.792+0000][151028][gc          ] GC(71) Concurrent Undo Cycle
[2022-12-13T06:30:22.792+0000][151028][gc,cpu      ] GC(70) User=0.05s Sys=0.00s Real=0.01s
[2022-12-13T06:30:22.792+0000][151028][gc,marking  ] GC(71) Concurrent Cleanup for Next Mark
[2022-12-13T06:30:22.792+0000][151028][safepoint   ] Safepoint "G1TryInitiateConcMark", Time since last: 476228500 ns, Reaching safepoint: 10228200 ns, At safepoint: 8588600 ns, Total: 18816800 ns
[2022-12-13T06:30:22.792+0000][151028][gc,marking  ] GC(71) Concurrent Cleanup for Next Mark 0.794ms
[2022-12-13T06:30:22.792+0000][151028][gc          ] GC(71) Concurrent Undo Cycle 0.923ms
[2022-12-13T06:30:23.406+0000][151028][gc,start    ] GC(72) Pause Young (Concurrent Start) (G1 Humongous Allocation)
[2022-12-13T06:30:23.406+0000][151028][gc,task     ] GC(72) Using 10 workers of 10 for evacuation
[2022-12-13T06:30:23.406+0000][151028][gc,age      ] GC(72) Desired survivor size 308281344 bytes, new threshold 15 (max threshold 15)
[2022-12-13T06:30:23.412+0000][151028][gc,phases   ] GC(72)   Pre Evacuate Collection Set: 0.9ms
[2022-12-13T06:30:23.412+0000][151028][gc,phases   ] GC(72)   Merge Heap Roots: 0.2ms
[2022-12-13T06:30:23.412+0000][151028][gc,phases   ] GC(72)   Evacuate Collection Set: 3.8ms
[2022-12-13T06:30:23.412+0000][151028][gc,phases   ] GC(72)   Post Evacuate Collection Set: 1.5ms
[2022-12-13T06:30:23.412+0000][151028][gc,phases   ] GC(72)   Other: 0.1ms
[2022-12-13T06:30:23.412+0000][151028][gc,age      ] GC(72) Age table with threshold 15 (max threshold 15)
[2022-12-13T06:30:23.412+0000][151028][gc,age      ] GC(72) - age   1:    2001272 bytes,    2001272 total
[2022-12-13T06:30:23.412+0000][151028][gc,age      ] GC(72) - age   2:     178320 bytes,    2179592 total
[2022-12-13T06:30:23.412+0000][151028][gc,age      ] GC(72) - age   3:     241320 bytes,    2420912 total
[2022-12-13T06:30:23.412+0000][151028][gc,age      ] GC(72) - age   4:      27720 bytes,    2448632 total
[2022-12-13T06:30:23.412+0000][151028][gc,age      ] GC(72) - age   5:      32472 bytes,    2481104 total
[2022-12-13T06:30:23.412+0000][151028][gc,age      ] GC(72) - age   6:      57712 bytes,    2538816 total
[2022-12-13T06:30:23.412+0000][151028][gc,age      ] GC(72) - age   7:      17832 bytes,    2556648 total
[2022-12-13T06:30:23.412+0000][151028][gc,age      ] GC(72) - age   8:       6736 bytes,    2563384 total
[2022-12-13T06:30:23.412+0000][151028][gc,age      ] GC(72) - age   9:      37736 bytes,    2601120 total
[2022-12-13T06:30:23.412+0000][151028][gc,age      ] GC(72) - age  10:    1079800 bytes,    3680920 total
[2022-12-13T06:30:23.412+0000][151028][gc,age      ] GC(72) - age  11:      37696 bytes,    3718616 total
[2022-12-13T06:30:23.412+0000][151028][gc,age      ] GC(72) - age  12:       4248 bytes,    3722864 total
[2022-12-13T06:30:23.412+0000][151028][gc,age      ] GC(72) - age  13:      50824 bytes,    3773688 total
[2022-12-13T06:30:23.412+0000][151028][gc,age      ] GC(72) - age  14:       9120 bytes,    3782808 total
[2022-12-13T06:30:23.412+0000][151028][gc,age      ] GC(72) - age  15:    1077368 bytes,    4860176 total
[2022-12-13T06:30:23.412+0000][151028][gc,heap     ] GC(72) Eden regions: 38->0(1196)
[2022-12-13T06:30:23.412+0000][151028][gc,heap     ] GC(72) Survivor regions: 4->2(147)
[2022-12-13T06:30:23.412+0000][151028][gc,heap     ] GC(72) Old regions: 445->445
[2022-12-13T06:30:23.412+0000][151028][gc,heap     ] GC(72) Archive regions: 2->2
[2022-12-13T06:30:23.412+0000][151028][gc,heap     ] GC(72) Humongous regions: 138->6
[2022-12-13T06:30:23.412+0000][151028][gc,metaspace] GC(72) Metaspace: 170063K(174720K)->170063K(174720K) NonClass: 148982K(151488K)->148982K(151488K) Class: 21080K(23232K)->21080K(23232K)
[2022-12-13T06:30:23.413+0000][151028][gc          ] GC(72) Pause Young (Concurrent Start) (G1 Humongous Allocation) 2496M->1813M(7992M) 6.975ms
[2022-12-13T06:30:23.413+0000][151028][gc          ] GC(73) Concurrent Undo Cycle
[2022-12-13T06:30:23.413+0000][151028][gc,cpu      ] GC(72) User=0.04s Sys=0.01s Real=0.01s
[2022-12-13T06:30:23.413+0000][151028][gc,marking  ] GC(73) Concurrent Cleanup for Next Mark
[2022-12-13T06:30:23.413+0000][151028][safepoint   ] Safepoint "G1TryInitiateConcMark", Time since last: 613624600 ns, Reaching safepoint: 202400 ns, At safepoint: 7195200 ns, Total: 7397600 ns
[2022-12-13T06:30:23.413+0000][151028][gc,marking  ] GC(73) Concurrent Cleanup for Next Mark 0.687ms
[2022-12-13T06:30:23.413+0000][151028][gc          ] GC(73) Concurrent Undo Cycle 0.811ms
[2022-12-13T06:30:24.215+0000][151028][gc,start    ] GC(74) Pause Young (Concurrent Start) (G1 Humongous Allocation)
[2022-12-13T06:30:24.215+0000][151028][gc,task     ] GC(74) Using 10 workers of 10 for evacuation
[2022-12-13T06:30:24.215+0000][151028][gc,age      ] GC(74) Desired survivor size 314572800 bytes, new threshold 15 (max threshold 15)
[2022-12-13T06:30:24.222+0000][151028][gc,phases   ] GC(74)   Pre Evacuate Collection Set: 1.1ms
[2022-12-13T06:30:24.222+0000][151028][gc,phases   ] GC(74)   Merge Heap Roots: 0.3ms
[2022-12-13T06:30:24.222+0000][151028][gc,phases   ] GC(74)   Evacuate Collection Set: 4.1ms
[2022-12-13T06:30:24.222+0000][151028][gc,phases   ] GC(74)   Post Evacuate Collection Set: 1.6ms
[2022-12-13T06:30:24.222+0000][151028][gc,phases   ] GC(74)   Other: 0.2ms
[2022-12-13T06:30:24.222+0000][151028][gc,age      ] GC(74) Age table with threshold 15 (max threshold 15)
[2022-12-13T06:30:24.222+0000][151028][gc,age      ] GC(74) - age   1:    1813128 bytes,    1813128 total
[2022-12-13T06:30:24.222+0000][151028][gc,age      ] GC(74) - age   2:     374928 bytes,    2188056 total
[2022-12-13T06:30:24.222+0000][151028][gc,age      ] GC(74) - age   3:      12824 bytes,    2200880 total
[2022-12-13T06:30:24.222+0000][151028][gc,age      ] GC(74) - age   4:      75728 bytes,    2276608 total
[2022-12-13T06:30:24.222+0000][151028][gc,age      ] GC(74) - age   5:      10480 bytes,    2287088 total
[2022-12-13T06:30:24.222+0000][151028][gc,age      ] GC(74) - age   6:      31712 bytes,    2318800 total
[2022-12-13T06:30:24.222+0000][151028][gc,age      ] GC(74) - age   7:      36488 bytes,    2355288 total
[2022-12-13T06:30:24.222+0000][151028][gc,age      ] GC(74) - age   8:      17480 bytes,    2372768 total
[2022-12-13T06:30:24.222+0000][151028][gc,age      ] GC(74) - age   9:       6736 bytes,    2379504 total
[2022-12-13T06:30:24.222+0000][151028][gc,age      ] GC(74) - age  10:      37216 bytes,    2416720 total
[2022-12-13T06:30:24.222+0000][151028][gc,age      ] GC(74) - age  11:    1079080 bytes,    3495800 total
[2022-12-13T06:30:24.222+0000][151028][gc,age      ] GC(74) - age  12:      36376 bytes,    3532176 total
[2022-12-13T06:30:24.222+0000][151028][gc,age      ] GC(74) - age  13:       3072 bytes,    3535248 total
[2022-12-13T06:30:24.222+0000][151028][gc,age      ] GC(74) - age  14:      49504 bytes,    3584752 total
[2022-12-13T06:30:24.223+0000][151028][gc,age      ] GC(74) - age  15:       8880 bytes,    3593632 total
[2022-12-13T06:30:24.223+0000][151028][gc,heap     ] GC(74) Eden regions: 37->0(1197)
[2022-12-13T06:30:24.223+0000][151028][gc,heap     ] GC(74) Survivor regions: 2->1(150)
[2022-12-13T06:30:24.223+0000][151028][gc,heap     ] GC(74) Old regions: 445->446
[2022-12-13T06:30:24.223+0000][151028][gc,heap     ] GC(74) Archive regions: 2->2
[2022-12-13T06:30:24.223+0000][151028][gc,heap     ] GC(74) Humongous regions: 138->6
[2022-12-13T06:30:24.223+0000][151028][gc,metaspace] GC(74) Metaspace: 170096K(174784K)->170096K(174784K) NonClass: 149016K(151552K)->149016K(151552K) Class: 21080K(23232K)->21080K(23232K)
[2022-12-13T06:30:24.223+0000][151028][gc          ] GC(74) Pause Young (Concurrent Start) (G1 Humongous Allocation) 2488M->1813M(7992M) 7.813ms
[2022-12-13T06:30:24.223+0000][151028][gc          ] GC(75) Concurrent Undo Cycle
[2022-12-13T06:30:24.223+0000][151028][gc,cpu      ] GC(74) User=0.03s Sys=0.01s Real=0.01s
[2022-12-13T06:30:24.223+0000][151028][gc,marking  ] GC(75) Concurrent Cleanup for Next Mark
[2022-12-13T06:30:24.223+0000][151028][safepoint   ] Safepoint "G1TryInitiateConcMark", Time since last: 801868700 ns, Reaching safepoint: 197800 ns, At safepoint: 8082100 ns, Total: 8279900 ns
[2022-12-13T06:30:24.224+0000][151028][gc,marking  ] GC(75) Concurrent Cleanup for Next Mark 0.745ms
[2022-12-13T06:30:24.224+0000][151028][gc          ] GC(75) Concurrent Undo Cycle 0.880ms
[2022-12-13T06:30:24.571+0000][151028][gc,start    ] GC(76) Pause Young (Concurrent Start) (G1 Humongous Allocation)
[2022-12-13T06:30:24.571+0000][151028][gc,task     ] GC(76) Using 10 workers of 10 for evacuation
[2022-12-13T06:30:24.571+0000][151028][gc,age      ] GC(76) Desired survivor size 314572800 bytes, new threshold 15 (max threshold 15)
[2022-12-13T06:30:24.577+0000][151028][gc,phases   ] GC(76)   Pre Evacuate Collection Set: 0.9ms
[2022-12-13T06:30:24.577+0000][151028][gc,phases   ] GC(76)   Merge Heap Roots: 0.3ms
[2022-12-13T06:30:24.577+0000][151028][gc,phases   ] GC(76)   Evacuate Collection Set: 3.2ms
[2022-12-13T06:30:24.577+0000][151028][gc,phases   ] GC(76)   Post Evacuate Collection Set: 1.4ms
[2022-12-13T06:30:24.577+0000][151028][gc,phases   ] GC(76)   Other: 0.2ms
[2022-12-13T06:30:24.577+0000][151028][gc,age      ] GC(76) Age table with threshold 15 (max threshold 15)
[2022-12-13T06:30:24.577+0000][151028][gc,age      ] GC(76) - age   1:    2718896 bytes,    2718896 total
[2022-12-13T06:30:24.577+0000][151028][gc,age      ] GC(76) - age   2:     600744 bytes,    3319640 total
[2022-12-13T06:30:24.577+0000][151028][gc,age      ] GC(76) - age   3:     140712 bytes,    3460352 total
[2022-12-13T06:30:24.577+0000][151028][gc,age      ] GC(76) - age   4:      11496 bytes,    3471848 total
[2022-12-13T06:30:24.577+0000][151028][gc,age      ] GC(76) - age   5:      75728 bytes,    3547576 total
[2022-12-13T06:30:24.577+0000][151028][gc,age      ] GC(76) - age   6:      10400 bytes,    3557976 total
[2022-12-13T06:30:24.577+0000][151028][gc,age      ] GC(76) - age   7:      31672 bytes,    3589648 total
[2022-12-13T06:30:24.577+0000][151028][gc,age      ] GC(76) - age   8:      35968 bytes,    3625616 total
[2022-12-13T06:30:24.577+0000][151028][gc,age      ] GC(76) - age   9:      17400 bytes,    3643016 total
[2022-12-13T06:30:24.577+0000][151028][gc,age      ] GC(76) - age  10:       6656 bytes,    3649672 total
[2022-12-13T06:30:24.577+0000][151028][gc,age      ] GC(76) - age  11:      36120 bytes,    3685792 total
[2022-12-13T06:30:24.577+0000][151028][gc,age      ] GC(76) - age  12:    1079080 bytes,    4764872 total
[2022-12-13T06:30:24.577+0000][151028][gc,age      ] GC(76) - age  13:      35616 bytes,    4800488 total
[2022-12-13T06:30:24.577+0000][151028][gc,age      ] GC(76) - age  14:       2392 bytes,    4802880 total
[2022-12-13T06:30:24.577+0000][151028][gc,age      ] GC(76) - age  15:      48984 bytes,    4851864 total
[2022-12-13T06:30:24.577+0000][151028][gc,heap     ] GC(76) Eden regions: 20->0(1196)
[2022-12-13T06:30:24.577+0000][151028][gc,heap     ] GC(76) Survivor regions: 1->2(150)
[2022-12-13T06:30:24.577+0000][151028][gc,heap     ] GC(76) Old regions: 446->446
[2022-12-13T06:30:24.577+0000][151028][gc,heap     ] GC(76) Archive regions: 2->2
[2022-12-13T06:30:24.577+0000][151028][gc,heap     ] GC(76) Humongous regions: 138->6
[2022-12-13T06:30:24.577+0000][151028][gc,metaspace] GC(76) Metaspace: 170105K(174784K)->170105K(174784K) NonClass: 149024K(151552K)->149024K(151552K) Class: 21080K(23232K)->21080K(23232K)
[2022-12-13T06:30:24.577+0000][151028][gc          ] GC(76) Pause Young (Concurrent Start) (G1 Humongous Allocation) 2419M->1815M(7992M) 6.550ms
[2022-12-13T06:30:24.577+0000][151028][gc          ] GC(77) Concurrent Undo Cycle
[2022-12-13T06:30:24.577+0000][151028][gc,cpu      ] GC(76) User=0.03s Sys=0.00s Real=0.00s
[2022-12-13T06:30:24.577+0000][151028][gc,marking  ] GC(77) Concurrent Cleanup for Next Mark
[2022-12-13T06:30:24.577+0000][151028][safepoint   ] Safepoint "G1TryInitiateConcMark", Time since last: 347420400 ns, Reaching safepoint: 265900 ns, At safepoint: 6773500 ns, Total: 7039400 ns
[2022-12-13T06:30:24.578+0000][151028][gc,marking  ] GC(77) Concurrent Cleanup for Next Mark 0.647ms
[2022-12-13T06:30:24.578+0000][151028][gc          ] GC(77) Concurrent Undo Cycle 0.770ms
[2022-12-13T06:30:25.373+0000][151028][gc,start    ] GC(78) Pause Young (Concurrent Start) (G1 Humongous Allocation)
[2022-12-13T06:30:25.373+0000][151028][gc,task     ] GC(78) Using 10 workers of 10 for evacuation
[2022-12-13T06:30:25.373+0000][151028][gc,age      ] GC(78) Desired survivor size 314572800 bytes, new threshold 15 (max threshold 15)
[2022-12-13T06:30:25.380+0000][151028][gc,phases   ] GC(78)   Pre Evacuate Collection Set: 0.8ms
[2022-12-13T06:30:25.380+0000][151028][gc,phases   ] GC(78)   Merge Heap Roots: 0.2ms
[2022-12-13T06:30:25.380+0000][151028][gc,phases   ] GC(78)   Evacuate Collection Set: 3.0ms
[2022-12-13T06:30:25.380+0000][151028][gc,phases   ] GC(78)   Post Evacuate Collection Set: 3.2ms
[2022-12-13T06:30:25.380+0000][151028][gc,phases   ] GC(78)   Other: 0.2ms
[2022-12-13T06:30:25.380+0000][151028][gc,age      ] GC(78) Age table with threshold 15 (max threshold 15)
[2022-12-13T06:30:25.380+0000][151028][gc,age      ] GC(78) - age   1:    5429792 bytes,    5429792 total
[2022-12-13T06:30:25.380+0000][151028][gc,age      ] GC(78) - age   2:     113064 bytes,    5542856 total
[2022-12-13T06:30:25.380+0000][151028][gc,age      ] GC(78) - age   3:     154512 bytes,    5697368 total
[2022-12-13T06:30:25.380+0000][151028][gc,age      ] GC(78) - age   4:      69360 bytes,    5766728 total
[2022-12-13T06:30:25.380+0000][151028][gc,age      ] GC(78) - age   5:      10616 bytes,    5777344 total
[2022-12-13T06:30:25.380+0000][151028][gc,age      ] GC(78) - age   6:      75360 bytes,    5852704 total
[2022-12-13T06:30:25.380+0000][151028][gc,age      ] GC(78) - age   7:       8360 bytes,    5861064 total
[2022-12-13T06:30:25.380+0000][151028][gc,age      ] GC(78) - age   8:      29672 bytes,    5890736 total
[2022-12-13T06:30:25.380+0000][151028][gc,age      ] GC(78) - age   9:      34968 bytes,    5925704 total
[2022-12-13T06:30:25.380+0000][151028][gc,age      ] GC(78) - age  10:      17376 bytes,    5943080 total
[2022-12-13T06:30:25.380+0000][151028][gc,age      ] GC(78) - age  11:       5856 bytes,    5948936 total
[2022-12-13T06:30:25.380+0000][151028][gc,age      ] GC(78) - age  12:      34064 bytes,    5983000 total
[2022-12-13T06:30:25.380+0000][151028][gc,age      ] GC(78) - age  13:    1076960 bytes,    7059960 total
[2022-12-13T06:30:25.380+0000][151028][gc,age      ] GC(78) - age  14:      33416 bytes,    7093376 total
[2022-12-13T06:30:25.380+0000][151028][gc,age      ] GC(78) - age  15:       1672 bytes,    7095048 total
[2022-12-13T06:30:25.380+0000][151028][gc,heap     ] GC(78) Eden regions: 41->0(1196)
[2022-12-13T06:30:25.381+0000][151028][gc,heap     ] GC(78) Survivor regions: 2->2(150)
[2022-12-13T06:30:25.381+0000][151028][gc,heap     ] GC(78) Old regions: 446->446
[2022-12-13T06:30:25.381+0000][151028][gc,heap     ] GC(78) Archive regions: 2->2
[2022-12-13T06:30:25.381+0000][151028][gc,heap     ] GC(78) Humongous regions: 138->6
[2022-12-13T06:30:25.381+0000][151028][gc,metaspace] GC(78) Metaspace: 170119K(174784K)->170119K(174784K) NonClass: 149038K(151552K)->149038K(151552K) Class: 21081K(23232K)->21081K(23232K)
[2022-12-13T06:30:25.381+0000][151028][gc          ] GC(78) Pause Young (Concurrent Start) (G1 Humongous Allocation) 2505M->1817M(7992M) 7.805ms
[2022-12-13T06:30:25.381+0000][151028][gc          ] GC(79) Concurrent Undo Cycle
[2022-12-13T06:30:25.381+0000][151028][gc,cpu      ] GC(78) User=0.03s Sys=0.01s Real=0.01s
[2022-12-13T06:30:25.381+0000][151028][gc,marking  ] GC(79) Concurrent Cleanup for Next Mark
[2022-12-13T06:30:25.381+0000][151028][safepoint   ] Safepoint "G1TryInitiateConcMark", Time since last: 795209600 ns, Reaching safepoint: 219300 ns, At safepoint: 8021700 ns, Total: 8241000 ns
[2022-12-13T06:30:25.381+0000][151028][gc,marking  ] GC(79) Concurrent Cleanup for Next Mark 0.741ms
[2022-12-13T06:30:25.382+0000][151028][gc          ] GC(79) Concurrent Undo Cycle 0.865ms
[2022-12-13T06:30:26.135+0000][151028][gc,start    ] GC(80) Pause Young (Concurrent Start) (G1 Humongous Allocation)
[2022-12-13T06:30:26.135+0000][151028][gc,task     ] GC(80) Using 10 workers of 10 for evacuation
[2022-12-13T06:30:26.135+0000][151028][gc,age      ] GC(80) Desired survivor size 314572800 bytes, new threshold 15 (max threshold 15)
[2022-12-13T06:30:26.145+0000][151028][gc,phases   ] GC(80)   Pre Evacuate Collection Set: 0.8ms
[2022-12-13T06:30:26.145+0000][151028][gc,phases   ] GC(80)   Merge Heap Roots: 0.2ms
[2022-12-13T06:30:26.145+0000][151028][gc,phases   ] GC(80)   Evacuate Collection Set: 3.6ms
[2022-12-13T06:30:26.145+0000][151028][gc,phases   ] GC(80)   Post Evacuate Collection Set: 5.1ms
[2022-12-13T06:30:26.145+0000][151028][gc,phases   ] GC(80)   Other: 0.2ms
[2022-12-13T06:30:26.145+0000][151028][gc,age      ] GC(80) Age table with threshold 15 (max threshold 15)
[2022-12-13T06:30:26.145+0000][151028][gc,age      ] GC(80) - age   1:   13017968 bytes,   13017968 total
[2022-12-13T06:30:26.145+0000][151028][gc,age      ] GC(80) - age   2:     407784 bytes,   13425752 total
[2022-12-13T06:30:26.145+0000][151028][gc,age      ] GC(80) - age   3:      92264 bytes,   13518016 total
[2022-12-13T06:30:26.145+0000][151028][gc,age      ] GC(80) - age   4:      20272 bytes,   13538288 total
[2022-12-13T06:30:26.145+0000][151028][gc,age      ] GC(80) - age   5:      50528 bytes,   13588816 total
[2022-12-13T06:30:26.145+0000][151028][gc,age      ] GC(80) - age   6:       9504 bytes,   13598320 total
[2022-12-13T06:30:26.145+0000][151028][gc,age      ] GC(80) - age   7:      74000 bytes,   13672320 total
[2022-12-13T06:30:26.145+0000][151028][gc,age      ] GC(80) - age   8:       7560 bytes,   13679880 total
[2022-12-13T06:30:26.145+0000][151028][gc,age      ] GC(80) - age   9:      27352 bytes,   13707232 total
[2022-12-13T06:30:26.145+0000][151028][gc,age      ] GC(80) - age  10:      34688 bytes,   13741920 total
[2022-12-13T06:30:26.145+0000][151028][gc,age      ] GC(80) - age  11:      16056 bytes,   13757976 total
[2022-12-13T06:30:26.145+0000][151028][gc,age      ] GC(80) - age  12:       4096 bytes,   13762072 total
[2022-12-13T06:30:26.145+0000][151028][gc,age      ] GC(80) - age  13:      32704 bytes,   13794776 total
[2022-12-13T06:30:26.145+0000][151028][gc,age      ] GC(80) - age  14:    1073200 bytes,   14867976 total
[2022-12-13T06:30:26.145+0000][151028][gc,age      ] GC(80) - age  15:      30896 bytes,   14898872 total
[2022-12-13T06:30:26.145+0000][151028][gc,heap     ] GC(80) Eden regions: 82->0(1194)
[2022-12-13T06:30:26.145+0000][151028][gc,heap     ] GC(80) Survivor regions: 2->4(150)
[2022-12-13T06:30:26.145+0000][151028][gc,heap     ] GC(80) Old regions: 446->446
[2022-12-13T06:30:26.145+0000][151028][gc,heap     ] GC(80) Archive regions: 2->2
[2022-12-13T06:30:26.145+0000][151028][gc,heap     ] GC(80) Humongous regions: 142->6
[2022-12-13T06:30:26.145+0000][151028][gc,metaspace] GC(80) Metaspace: 170354K(175040K)->170354K(175040K) NonClass: 149249K(151808K)->149249K(151808K) Class: 21104K(23232K)->21104K(23232K)
[2022-12-13T06:30:26.145+0000][151028][gc          ] GC(80) Pause Young (Concurrent Start) (G1 Humongous Allocation) 2687M->1824M(7992M) 10.381ms
[2022-12-13T06:30:26.145+0000][151028][gc,cpu      ] GC(80) User=0.07s Sys=0.00s Real=0.01s
[2022-12-13T06:30:26.145+0000][151028][gc          ] GC(81) Concurrent Undo Cycle
[2022-12-13T06:30:26.145+0000][151028][gc,marking  ] GC(81) Concurrent Cleanup for Next Mark
[2022-12-13T06:30:26.145+0000][151028][safepoint   ] Safepoint "G1TryInitiateConcMark", Time since last: 753576600 ns, Reaching safepoint: 323800 ns, At safepoint: 10643600 ns, Total: 10967400 ns
[2022-12-13T06:30:26.146+0000][151028][gc,marking  ] GC(81) Concurrent Cleanup for Next Mark 0.786ms
[2022-12-13T06:30:26.146+0000][151028][gc          ] GC(81) Concurrent Undo Cycle 0.949ms
[2022-12-13T06:30:26.537+0000][151028][gc,start    ] GC(82) Pause Young (Concurrent Start) (G1 Humongous Allocation)
[2022-12-13T06:30:26.537+0000][151028][gc,task     ] GC(82) Using 10 workers of 10 for evacuation
[2022-12-13T06:30:26.537+0000][151028][gc,age      ] GC(82) Desired survivor size 314572800 bytes, new threshold 15 (max threshold 15)
[2022-12-13T06:30:26.545+0000][151028][gc,phases   ] GC(82)   Pre Evacuate Collection Set: 1.0ms
[2022-12-13T06:30:26.545+0000][151028][gc,phases   ] GC(82)   Merge Heap Roots: 0.2ms
[2022-12-13T06:30:26.545+0000][151028][gc,phases   ] GC(82)   Evacuate Collection Set: 3.6ms
[2022-12-13T06:30:26.545+0000][151028][gc,phases   ] GC(82)   Post Evacuate Collection Set: 2.9ms
[2022-12-13T06:30:26.545+0000][151028][gc,phases   ] GC(82)   Other: 0.2ms
[2022-12-13T06:30:26.545+0000][151028][gc,age      ] GC(82) Age table with threshold 15 (max threshold 15)
[2022-12-13T06:30:26.545+0000][151028][gc,age      ] GC(82) - age   1:    5009424 bytes,    5009424 total
[2022-12-13T06:30:26.545+0000][151028][gc,age      ] GC(82) - age   2:     314544 bytes,    5323968 total
[2022-12-13T06:30:26.545+0000][151028][gc,age      ] GC(82) - age   3:     262952 bytes,    5586920 total
[2022-12-13T06:30:26.545+0000][151028][gc,age      ] GC(82) - age   4:      91744 bytes,    5678664 total
[2022-12-13T06:30:26.545+0000][151028][gc,age      ] GC(82) - age   5:      16192 bytes,    5694856 total
[2022-12-13T06:30:26.545+0000][151028][gc,age      ] GC(82) - age   6:      49488 bytes,    5744344 total
[2022-12-13T06:30:26.545+0000][151028][gc,age      ] GC(82) - age   7:       9384 bytes,    5753728 total
[2022-12-13T06:30:26.545+0000][151028][gc,age      ] GC(82) - age   8:      72480 bytes,    5826208 total
[2022-12-13T06:30:26.545+0000][151028][gc,age      ] GC(82) - age   9:       7560 bytes,    5833768 total
[2022-12-13T06:30:26.545+0000][151028][gc,age      ] GC(82) - age  10:      27312 bytes,    5861080 total
[2022-12-13T06:30:26.545+0000][151028][gc,age      ] GC(82) - age  11:      33968 bytes,    5895048 total
[2022-12-13T06:30:26.545+0000][151028][gc,age      ] GC(82) - age  12:      15856 bytes,    5910904 total
[2022-12-13T06:30:26.545+0000][151028][gc,age      ] GC(82) - age  13:       4096 bytes,    5915000 total
[2022-12-13T06:30:26.545+0000][151028][gc,age      ] GC(82) - age  14:      32424 bytes,    5947424 total
[2022-12-13T06:30:26.545+0000][151028][gc,age      ] GC(82) - age  15:    1072320 bytes,    7019744 total
[2022-12-13T06:30:26.545+0000][151028][gc,heap     ] GC(82) Eden regions: 34->0(1195)
[2022-12-13T06:30:26.545+0000][151028][gc,heap     ] GC(82) Survivor regions: 4->3(150)
[2022-12-13T06:30:26.545+0000][151028][gc,heap     ] GC(82) Old regions: 446->446
[2022-12-13T06:30:26.545+0000][151028][gc,heap     ] GC(82) Archive regions: 2->2
[2022-12-13T06:30:26.545+0000][151028][gc,heap     ] GC(82) Humongous regions: 142->6
[2022-12-13T06:30:26.545+0000][151028][gc,metaspace] GC(82) Metaspace: 170372K(175040K)->170372K(175040K) NonClass: 149267K(151808K)->149267K(151808K) Class: 21104K(23232K)->21104K(23232K)
[2022-12-13T06:30:26.545+0000][151028][gc          ] GC(82) Pause Young (Concurrent Start) (G1 Humongous Allocation) 2504M->1818M(7992M) 8.334ms
[2022-12-13T06:30:26.545+0000][151028][gc          ] GC(83) Concurrent Undo Cycle
[2022-12-13T06:30:26.545+0000][151028][gc,cpu      ] GC(82) User=0.05s Sys=0.00s Real=0.01s
[2022-12-13T06:30:26.545+0000][151028][gc,marking  ] GC(83) Concurrent Cleanup for Next Mark
[2022-12-13T06:30:26.545+0000][151028][safepoint   ] Safepoint "G1TryInitiateConcMark", Time since last: 391277600 ns, Reaching safepoint: 246500 ns, At safepoint: 8602600 ns, Total: 8849100 ns
[2022-12-13T06:30:26.546+0000][151028][gc,marking  ] GC(83) Concurrent Cleanup for Next Mark 0.747ms
[2022-12-13T06:30:26.546+0000][151028][gc          ] GC(83) Concurrent Undo Cycle 0.886ms
[2022-12-13T06:30:26.986+0000][151028][gc,start    ] GC(84) Pause Young (Concurrent Start) (G1 Humongous Allocation)
[2022-12-13T06:30:26.986+0000][151028][gc,task     ] GC(84) Using 10 workers of 10 for evacuation
[2022-12-13T06:30:26.986+0000][151028][gc,age      ] GC(84) Desired survivor size 314572800 bytes, new threshold 15 (max threshold 15)
[2022-12-13T06:30:26.995+0000][151028][gc,phases   ] GC(84)   Pre Evacuate Collection Set: 0.9ms
[2022-12-13T06:30:26.996+0000][151028][gc,phases   ] GC(84)   Merge Heap Roots: 0.2ms
[2022-12-13T06:30:26.996+0000][151028][gc,phases   ] GC(84)   Evacuate Collection Set: 4.9ms
[2022-12-13T06:30:26.996+0000][151028][gc,phases   ] GC(84)   Post Evacuate Collection Set: 3.3ms
[2022-12-13T06:30:26.996+0000][151028][gc,phases   ] GC(84)   Other: 0.2ms
[2022-12-13T06:30:26.996+0000][151028][gc,age      ] GC(84) Age table with threshold 15 (max threshold 15)
[2022-12-13T06:30:26.996+0000][151028][gc,age      ] GC(84) - age   1:   14655208 bytes,   14655208 total
[2022-12-13T06:30:26.996+0000][151028][gc,age      ] GC(84) - age   2:     208168 bytes,   14863376 total
[2022-12-13T06:30:26.996+0000][151028][gc,age      ] GC(84) - age   3:     287680 bytes,   15151056 total
[2022-12-13T06:30:26.996+0000][151028][gc,age      ] GC(84) - age   4:     188816 bytes,   15339872 total
[2022-12-13T06:30:26.996+0000][151028][gc,age      ] GC(84) - age   5:      89664 bytes,   15429536 total
[2022-12-13T06:30:26.996+0000][151028][gc,age      ] GC(84) - age   6:      14960 bytes,   15444496 total
[2022-12-13T06:30:26.996+0000][151028][gc,age      ] GC(84) - age   7:      49408 bytes,   15493904 total
[2022-12-13T06:30:26.996+0000][151028][gc,age      ] GC(84) - age   8:       6544 bytes,   15500448 total
[2022-12-13T06:30:26.996+0000][151028][gc,age      ] GC(84) - age   9:      72280 bytes,   15572728 total
[2022-12-13T06:30:26.996+0000][151028][gc,age      ] GC(84) - age  10:       5960 bytes,   15578688 total
[2022-12-13T06:30:26.996+0000][151028][gc,age      ] GC(84) - age  11:      26552 bytes,   15605240 total
[2022-12-13T06:30:26.996+0000][151028][gc,age      ] GC(84) - age  12:      31448 bytes,   15636688 total
[2022-12-13T06:30:26.996+0000][151028][gc,age      ] GC(84) - age  13:      15816 bytes,   15652504 total
[2022-12-13T06:30:26.996+0000][151028][gc,age      ] GC(84) - age  14:       4096 bytes,   15656600 total
[2022-12-13T06:30:26.996+0000][151028][gc,age      ] GC(84) - age  15:      31064 bytes,   15687664 total
[2022-12-13T06:30:26.996+0000][151028][gc,heap     ] GC(84) Eden regions: 40->0(1194)
[2022-12-13T06:30:26.996+0000][151028][gc,heap     ] GC(84) Survivor regions: 3->4(150)
[2022-12-13T06:30:26.996+0000][151028][gc,heap     ] GC(84) Old regions: 446->446
[2022-12-13T06:30:26.996+0000][151028][gc,heap     ] GC(84) Archive regions: 2->2
[2022-12-13T06:30:26.996+0000][151028][gc,heap     ] GC(84) Humongous regions: 147->11
[2022-12-13T06:30:26.996+0000][151028][gc,metaspace] GC(84) Metaspace: 170393K(175040K)->170393K(175040K) NonClass: 149288K(151808K)->149288K(151808K) Class: 21104K(23232K)->21104K(23232K)
[2022-12-13T06:30:26.996+0000][151028][gc          ] GC(84) Pause Young (Concurrent Start) (G1 Humongous Allocation) 2542M->1846M(7992M) 10.002ms
[2022-12-13T06:30:26.996+0000][151028][gc,cpu      ] GC(84) User=0.06s Sys=0.01s Real=0.01s
[2022-12-13T06:30:26.996+0000][151028][safepoint   ] Safepoint "G1TryInitiateConcMark", Time since last: 440091600 ns, Reaching safepoint: 315600 ns, At safepoint: 10222400 ns, Total: 10538000 ns
[2022-12-13T06:30:26.996+0000][151028][gc          ] GC(85) Concurrent Undo Cycle
[2022-12-13T06:30:26.996+0000][151028][gc,marking  ] GC(85) Concurrent Cleanup for Next Mark
[2022-12-13T06:30:26.997+0000][151028][gc,marking  ] GC(85) Concurrent Cleanup for Next Mark 1.051ms
[2022-12-13T06:30:26.997+0000][151028][gc          ] GC(85) Concurrent Undo Cycle 1.340ms
[2022-12-13T06:30:27.560+0000][151028][gc,start    ] GC(86) Pause Young (Concurrent Start) (G1 Humongous Allocation)
[2022-12-13T06:30:27.560+0000][151028][gc,task     ] GC(86) Using 10 workers of 10 for evacuation
[2022-12-13T06:30:27.560+0000][151028][gc,age      ] GC(86) Desired survivor size 314572800 bytes, new threshold 15 (max threshold 15)
[2022-12-13T06:30:27.571+0000][151028][gc,phases   ] GC(86)   Pre Evacuate Collection Set: 0.9ms
[2022-12-13T06:30:27.571+0000][151028][gc,phases   ] GC(86)   Merge Heap Roots: 0.2ms
[2022-12-13T06:30:27.571+0000][151028][gc,phases   ] GC(86)   Evacuate Collection Set: 3.2ms
[2022-12-13T06:30:27.571+0000][151028][gc,phases   ] GC(86)   Post Evacuate Collection Set: 6.0ms
[2022-12-13T06:30:27.571+0000][151028][gc,phases   ] GC(86)   Other: 0.1ms
[2022-12-13T06:30:27.571+0000][151028][gc,age      ] GC(86) Age table with threshold 15 (max threshold 15)
[2022-12-13T06:30:27.571+0000][151028][gc,age      ] GC(86) - age   1:   14939424 bytes,   14939424 total
[2022-12-13T06:30:27.571+0000][151028][gc,age      ] GC(86) - age   2:    3252664 bytes,   18192088 total
[2022-12-13T06:30:27.571+0000][151028][gc,age      ] GC(86) - age   3:     194856 bytes,   18386944 total
[2022-12-13T06:30:27.571+0000][151028][gc,age      ] GC(86) - age   4:     282544 bytes,   18669488 total
[2022-12-13T06:30:27.571+0000][151028][gc,age      ] GC(86) - age   5:      55048 bytes,   18724536 total
[2022-12-13T06:30:27.571+0000][151028][gc,age      ] GC(86) - age   6:      89544 bytes,   18814080 total
[2022-12-13T06:30:27.571+0000][151028][gc,age      ] GC(86) - age   7:      14280 bytes,   18828360 total
[2022-12-13T06:30:27.571+0000][151028][gc,age      ] GC(86) - age   8:      48088 bytes,   18876448 total
[2022-12-13T06:30:27.571+0000][151028][gc,age      ] GC(86) - age   9:       6424 bytes,   18882872 total
[2022-12-13T06:30:27.571+0000][151028][gc,age      ] GC(86) - age  10:      71240 bytes,   18954112 total
[2022-12-13T06:30:27.571+0000][151028][gc,age      ] GC(86) - age  11:       5080 bytes,   18959192 total
[2022-12-13T06:30:27.571+0000][151028][gc,age      ] GC(86) - age  12:      26432 bytes,   18985624 total
[2022-12-13T06:30:27.571+0000][151028][gc,age      ] GC(86) - age  13:      30664 bytes,   19016288 total
[2022-12-13T06:30:27.571+0000][151028][gc,age      ] GC(86) - age  14:      15016 bytes,   19031304 total
[2022-12-13T06:30:27.571+0000][151028][gc,age      ] GC(86) - age  15:       3616 bytes,   19034920 total
[2022-12-13T06:30:27.571+0000][151028][gc,heap     ] GC(86) Eden regions: 43->0(1151)
[2022-12-13T06:30:27.571+0000][151028][gc,heap     ] GC(86) Survivor regions: 4->5(150)
[2022-12-13T06:30:27.571+0000][151028][gc,heap     ] GC(86) Old regions: 446->446
[2022-12-13T06:30:27.571+0000][151028][gc,heap     ] GC(86) Archive regions: 2->2
[2022-12-13T06:30:27.571+0000][151028][gc,heap     ] GC(86) Humongous regions: 147->6
[2022-12-13T06:30:27.571+0000][151028][gc,metaspace] GC(86) Metaspace: 170407K(175040K)->170407K(175040K) NonClass: 149303K(151808K)->149303K(151808K) Class: 21104K(23232K)->21104K(23232K)
[2022-12-13T06:30:27.571+0000][151028][gc          ] GC(86) Pause Young (Concurrent Start) (G1 Humongous Allocation) 2560M->1830M(7992M) 10.889ms
[2022-12-13T06:30:27.571+0000][151028][gc,cpu      ] GC(86) User=0.07s Sys=0.00s Real=0.01s
[2022-12-13T06:30:27.571+0000][151028][safepoint   ] Safepoint "G1TryInitiateConcMark", Time since last: 563545200 ns, Reaching safepoint: 416000 ns, At safepoint: 11069600 ns, Total: 11485600 ns
[2022-12-13T06:30:27.571+0000][151028][gc          ] GC(87) Concurrent Undo Cycle
[2022-12-13T06:30:27.571+0000][151028][gc,marking  ] GC(87) Concurrent Cleanup for Next Mark
[2022-12-13T06:30:27.572+0000][151028][gc,marking  ] GC(87) Concurrent Cleanup for Next Mark 0.815ms
[2022-12-13T06:30:27.572+0000][151028][gc          ] GC(87) Concurrent Undo Cycle 0.988ms
[2022-12-13T06:30:28.294+0000][151028][gc,start    ] GC(88) Pause Young (Concurrent Start) (G1 Humongous Allocation)
[2022-12-13T06:30:28.294+0000][151028][gc,task     ] GC(88) Using 10 workers of 10 for evacuation
[2022-12-13T06:30:28.294+0000][151028][gc,age      ] GC(88) Desired survivor size 304087040 bytes, new threshold 15 (max threshold 15)
[2022-12-13T06:30:28.301+0000][151028][gc,phases   ] GC(88)   Pre Evacuate Collection Set: 0.8ms
[2022-12-13T06:30:28.301+0000][151028][gc,phases   ] GC(88)   Merge Heap Roots: 0.3ms
[2022-12-13T06:30:28.301+0000][151028][gc,phases   ] GC(88)   Evacuate Collection Set: 2.9ms
[2022-12-13T06:30:28.301+0000][151028][gc,phases   ] GC(88)   Post Evacuate Collection Set: 2.8ms
[2022-12-13T06:30:28.301+0000][151028][gc,phases   ] GC(88)   Other: 0.2ms
[2022-12-13T06:30:28.301+0000][151028][gc,age      ] GC(88) Age table with threshold 15 (max threshold 15)
[2022-12-13T06:30:28.301+0000][151028][gc,age      ] GC(88) - age   1:    4305520 bytes,    4305520 total
[2022-12-13T06:30:28.301+0000][151028][gc,age      ] GC(88) - age   2:    1264568 bytes,    5570088 total
[2022-12-13T06:30:28.301+0000][151028][gc,age      ] GC(88) - age   3:      38064 bytes,    5608152 total
[2022-12-13T06:30:28.301+0000][151028][gc,age      ] GC(88) - age   4:     157280 bytes,    5765432 total
[2022-12-13T06:30:28.301+0000][151028][gc,age      ] GC(88) - age   5:     281664 bytes,    6047096 total
[2022-12-13T06:30:28.301+0000][151028][gc,age      ] GC(88) - age   6:      36736 bytes,    6083832 total
[2022-12-13T06:30:28.301+0000][151028][gc,age      ] GC(88) - age   7:      89344 bytes,    6173176 total
[2022-12-13T06:30:28.301+0000][151028][gc,age      ] GC(88) - age   8:      12400 bytes,    6185576 total
[2022-12-13T06:30:28.301+0000][151028][gc,age      ] GC(88) - age   9:      47968 bytes,    6233544 total
[2022-12-13T06:30:28.301+0000][151028][gc,age      ] GC(88) - age  10:       6344 bytes,    6239888 total
[2022-12-13T06:30:28.301+0000][151028][gc,age      ] GC(88) - age  11:      69360 bytes,    6309248 total
[2022-12-13T06:30:28.301+0000][151028][gc,age      ] GC(88) - age  12:       5040 bytes,    6314288 total
[2022-12-13T06:30:28.302+0000][151028][gc,age      ] GC(88) - age  13:      25312 bytes,    6339600 total
[2022-12-13T06:30:28.302+0000][151028][gc,age      ] GC(88) - age  14:      11520 bytes,    6351120 total
[2022-12-13T06:30:28.302+0000][151028][gc,age      ] GC(88) - age  15:      14976 bytes,    6366096 total
[2022-12-13T06:30:28.302+0000][151028][gc,heap     ] GC(88) Eden regions: 42->0(1170)
[2022-12-13T06:30:28.302+0000][151028][gc,heap     ] GC(88) Survivor regions: 5->3(145)
[2022-12-13T06:30:28.302+0000][151028][gc,heap     ] GC(88) Old regions: 446->446
[2022-12-13T06:30:28.302+0000][151028][gc,heap     ] GC(88) Archive regions: 2->2
[2022-12-13T06:30:28.302+0000][151028][gc,heap     ] GC(88) Humongous regions: 138->6
[2022-12-13T06:30:28.302+0000][151028][gc,metaspace] GC(88) Metaspace: 170446K(175104K)->170446K(175104K) NonClass: 149333K(151872K)->149333K(151872K) Class: 21113K(23232K)->21113K(23232K)
[2022-12-13T06:30:28.302+0000][151028][gc          ] GC(88) Pause Young (Concurrent Start) (G1 Humongous Allocation) 2526M->1819M(7992M) 7.390ms
[2022-12-13T06:30:28.302+0000][151028][gc          ] GC(89) Concurrent Undo Cycle
[2022-12-13T06:30:28.302+0000][151028][gc,cpu      ] GC(88) User=0.03s Sys=0.01s Real=0.01s
[2022-12-13T06:30:28.302+0000][151028][gc,marking  ] GC(89) Concurrent Cleanup for Next Mark
[2022-12-13T06:30:28.302+0000][151028][safepoint   ] Safepoint "G1TryInitiateConcMark", Time since last: 722859300 ns, Reaching safepoint: 247500 ns, At safepoint: 7702600 ns, Total: 7950100 ns
[2022-12-13T06:30:28.303+0000][151028][gc,marking  ] GC(89) Concurrent Cleanup for Next Mark 0.983ms
[2022-12-13T06:30:28.303+0000][151028][gc          ] GC(89) Concurrent Undo Cycle 1.187ms
[2022-12-13T06:30:29.285+0000][151028][gc,start    ] GC(90) Pause Young (Concurrent Start) (G1 Humongous Allocation)
[2022-12-13T06:30:29.285+0000][151028][gc,task     ] GC(90) Using 10 workers of 10 for evacuation
[2022-12-13T06:30:29.285+0000][151028][gc,age      ] GC(90) Desired survivor size 308281344 bytes, new threshold 15 (max threshold 15)
[2022-12-13T06:30:29.295+0000][151028][gc,phases   ] GC(90)   Pre Evacuate Collection Set: 0.8ms
[2022-12-13T06:30:29.295+0000][151028][gc,phases   ] GC(90)   Merge Heap Roots: 0.2ms
[2022-12-13T06:30:29.295+0000][151028][gc,phases   ] GC(90)   Evacuate Collection Set: 3.8ms
[2022-12-13T06:30:29.295+0000][151028][gc,phases   ] GC(90)   Post Evacuate Collection Set: 4.5ms
[2022-12-13T06:30:29.295+0000][151028][gc,phases   ] GC(90)   Other: 0.2ms
[2022-12-13T06:30:29.295+0000][151028][gc,age      ] GC(90) Age table with threshold 15 (max threshold 15)
[2022-12-13T06:30:29.295+0000][151028][gc,age      ] GC(90) - age   1:   10468896 bytes,   10468896 total
[2022-12-13T06:30:29.295+0000][151028][gc,age      ] GC(90) - age   2:     350600 bytes,   10819496 total
[2022-12-13T06:30:29.295+0000][151028][gc,age      ] GC(90) - age   3:    1259264 bytes,   12078760 total
[2022-12-13T06:30:29.295+0000][151028][gc,age      ] GC(90) - age   4:      32376 bytes,   12111136 total
[2022-12-13T06:30:29.295+0000][151028][gc,age      ] GC(90) - age   5:      89200 bytes,   12200336 total
[2022-12-13T06:30:29.295+0000][151028][gc,age      ] GC(90) - age   6:     277392 bytes,   12477728 total
[2022-12-13T06:30:29.295+0000][151028][gc,age      ] GC(90) - age   7:      35904 bytes,   12513632 total
[2022-12-13T06:30:29.295+0000][151028][gc,age      ] GC(90) - age   8:      89064 bytes,   12602696 total
[2022-12-13T06:30:29.295+0000][151028][gc,age      ] GC(90) - age   9:      11624 bytes,   12614320 total
[2022-12-13T06:30:29.295+0000][151028][gc,age      ] GC(90) - age  10:      46328 bytes,   12660648 total
[2022-12-13T06:30:29.295+0000][151028][gc,age      ] GC(90) - age  11:       6224 bytes,   12666872 total
[2022-12-13T06:30:29.295+0000][151028][gc,age      ] GC(90) - age  12:      69080 bytes,   12735952 total
[2022-12-13T06:30:29.295+0000][151028][gc,age      ] GC(90) - age  13:       4520 bytes,   12740472 total
[2022-12-13T06:30:29.295+0000][151028][gc,age      ] GC(90) - age  14:       7528 bytes,   12748000 total
[2022-12-13T06:30:29.295+0000][151028][gc,age      ] GC(90) - age  15:      10760 bytes,   12758760 total
[2022-12-13T06:30:29.295+0000][151028][gc,heap     ] GC(90) Eden regions: 58->0(1176)
[2022-12-13T06:30:29.295+0000][151028][gc,heap     ] GC(90) Survivor regions: 3->4(147)
[2022-12-13T06:30:29.295+0000][151028][gc,heap     ] GC(90) Old regions: 446->446
[2022-12-13T06:30:29.295+0000][151028][gc,heap     ] GC(90) Archive regions: 2->2
[2022-12-13T06:30:29.295+0000][151028][gc,heap     ] GC(90) Humongous regions: 138->6
[2022-12-13T06:30:29.295+0000][151028][gc,metaspace] GC(90) Metaspace: 170462K(175104K)->170462K(175104K) NonClass: 149349K(151872K)->149349K(151872K) Class: 21113K(23232K)->21113K(23232K)
[2022-12-13T06:30:29.295+0000][151028][gc          ] GC(90) Pause Young (Concurrent Start) (G1 Humongous Allocation) 2577M->1825M(7992M) 9.893ms
[2022-12-13T06:30:29.295+0000][151028][gc,cpu      ] GC(90) User=0.05s Sys=0.01s Real=0.01s
[2022-12-13T06:30:29.295+0000][151028][safepoint   ] Safepoint "G1TryInitiateConcMark", Time since last: 982960900 ns, Reaching safepoint: 256500 ns, At safepoint: 10075200 ns, Total: 10331700 ns
[2022-12-13T06:30:29.295+0000][151028][gc          ] GC(91) Concurrent Undo Cycle
[2022-12-13T06:30:29.295+0000][151028][gc,marking  ] GC(91) Concurrent Cleanup for Next Mark
[2022-12-13T06:30:29.296+0000][151028][gc,marking  ] GC(91) Concurrent Cleanup for Next Mark 0.814ms
[2022-12-13T06:30:29.296+0000][151028][gc          ] GC(91) Concurrent Undo Cycle 0.963ms
[2022-12-13T06:30:29.958+0000][151028][gc,start    ] GC(92) Pause Young (Concurrent Start) (G1 Humongous Allocation)
[2022-12-13T06:30:29.958+0000][151028][gc,task     ] GC(92) Using 10 workers of 10 for evacuation
[2022-12-13T06:30:29.958+0000][151028][gc,age      ] GC(92) Desired survivor size 310378496 bytes, new threshold 15 (max threshold 15)
[2022-12-13T06:30:29.968+0000][151028][gc,phases   ] GC(92)   Pre Evacuate Collection Set: 0.8ms
[2022-12-13T06:30:29.968+0000][151028][gc,phases   ] GC(92)   Merge Heap Roots: 0.2ms
[2022-12-13T06:30:29.968+0000][151028][gc,phases   ] GC(92)   Evacuate Collection Set: 3.2ms
[2022-12-13T06:30:29.968+0000][151028][gc,phases   ] GC(92)   Post Evacuate Collection Set: 5.7ms
[2022-12-13T06:30:29.968+0000][151028][gc,phases   ] GC(92)   Other: 0.2ms
[2022-12-13T06:30:29.968+0000][151028][gc,age      ] GC(92) Age table with threshold 15 (max threshold 15)
[2022-12-13T06:30:29.968+0000][151028][gc,age      ] GC(92) - age   1:   16693448 bytes,   16693448 total
[2022-12-13T06:30:29.968+0000][151028][gc,age      ] GC(92) - age   2:     126256 bytes,   16819704 total
[2022-12-13T06:30:29.968+0000][151028][gc,age      ] GC(92) - age   3:     209880 bytes,   17029584 total
[2022-12-13T06:30:29.968+0000][151028][gc,age      ] GC(92) - age   4:    1255288 bytes,   18284872 total
[2022-12-13T06:30:29.968+0000][151028][gc,age      ] GC(92) - age   5:      24024 bytes,   18308896 total
[2022-12-13T06:30:29.968+0000][151028][gc,age      ] GC(92) - age   6:      22536 bytes,   18331432 total
[2022-12-13T06:30:29.968+0000][151028][gc,age      ] GC(92) - age   7:     262336 bytes,   18593768 total
[2022-12-13T06:30:29.968+0000][151028][gc,age      ] GC(92) - age   8:      30248 bytes,   18624016 total
[2022-12-13T06:30:29.968+0000][151028][gc,age      ] GC(92) - age   9:      86328 bytes,   18710344 total
[2022-12-13T06:30:29.968+0000][151028][gc,age      ] GC(92) - age  10:       7944 bytes,   18718288 total
[2022-12-13T06:30:29.968+0000][151028][gc,age      ] GC(92) - age  11:      45328 bytes,   18763616 total
[2022-12-13T06:30:29.968+0000][151028][gc,age      ] GC(92) - age  12:       5904 bytes,   18769520 total
[2022-12-13T06:30:29.968+0000][151028][gc,age      ] GC(92) - age  13:      68760 bytes,   18838280 total
[2022-12-13T06:30:29.968+0000][151028][gc,age      ] GC(92) - age  14:       4520 bytes,   18842800 total
[2022-12-13T06:30:29.968+0000][151028][gc,age      ] GC(92) - age  15:       7528 bytes,   18850328 total
[2022-12-13T06:30:29.968+0000][151028][gc,heap     ] GC(92) Eden regions: 79->0(1147)
[2022-12-13T06:30:29.968+0000][151028][gc,heap     ] GC(92) Survivor regions: 4->6(148)
[2022-12-13T06:30:29.968+0000][151028][gc,heap     ] GC(92) Old regions: 446->446
[2022-12-13T06:30:29.968+0000][151028][gc,heap     ] GC(92) Archive regions: 2->2
[2022-12-13T06:30:29.968+0000][151028][gc,heap     ] GC(92) Humongous regions: 150->41
[2022-12-13T06:30:29.968+0000][151028][gc,metaspace] GC(92) Metaspace: 170476K(175104K)->170476K(175104K) NonClass: 149363K(151872K)->149363K(151872K) Class: 21113K(23232K)->21113K(23232K)
[2022-12-13T06:30:29.968+0000][151028][gc          ] GC(92) Pause Young (Concurrent Start) (G1 Humongous Allocation) 2714M->1972M(7992M) 10.556ms
[2022-12-13T06:30:29.968+0000][151028][gc,cpu      ] GC(92) User=0.06s Sys=0.01s Real=0.01s
[2022-12-13T06:30:29.968+0000][151028][safepoint   ] Safepoint "G1TryInitiateConcMark", Time since last: 645916100 ns, Reaching safepoint: 16549100 ns, At safepoint: 10750100 ns, Total: 27299200 ns
[2022-12-13T06:30:29.968+0000][151028][gc          ] GC(93) Concurrent Undo Cycle
[2022-12-13T06:30:29.969+0000][151028][gc,marking  ] GC(93) Concurrent Cleanup for Next Mark
[2022-12-13T06:30:29.969+0000][151028][gc,marking  ] GC(93) Concurrent Cleanup for Next Mark 0.792ms
[2022-12-13T06:30:29.969+0000][151028][gc          ] GC(93) Concurrent Undo Cycle 0.897ms
[2022-12-13T06:30:30.426+0000][151028][gc,start    ] GC(94) Pause Young (Concurrent Start) (G1 Humongous Allocation)
[2022-12-13T06:30:30.426+0000][151028][gc,task     ] GC(94) Using 10 workers of 10 for evacuation
[2022-12-13T06:30:30.426+0000][151028][gc,age      ] GC(94) Desired survivor size 304087040 bytes, new threshold 15 (max threshold 15)
[2022-12-13T06:30:30.433+0000][151028][gc,phases   ] GC(94)   Pre Evacuate Collection Set: 0.9ms
[2022-12-13T06:30:30.433+0000][151028][gc,phases   ] GC(94)   Merge Heap Roots: 0.2ms
[2022-12-13T06:30:30.433+0000][151028][gc,phases   ] GC(94)   Evacuate Collection Set: 3.1ms
[2022-12-13T06:30:30.433+0000][151028][gc,phases   ] GC(94)   Post Evacuate Collection Set: 2.5ms
[2022-12-13T06:30:30.433+0000][151028][gc,phases   ] GC(94)   Other: 0.2ms
[2022-12-13T06:30:30.433+0000][151028][gc,age      ] GC(94) Age table with threshold 15 (max threshold 15)
[2022-12-13T06:30:30.433+0000][151028][gc,age      ] GC(94) - age   1:    5423032 bytes,    5423032 total
[2022-12-13T06:30:30.433+0000][151028][gc,age      ] GC(94) - age   2:     348480 bytes,    5771512 total
[2022-12-13T06:30:30.433+0000][151028][gc,age      ] GC(94) - age   3:     113384 bytes,    5884896 total
[2022-12-13T06:30:30.433+0000][151028][gc,age      ] GC(94) - age   4:     190328 bytes,    6075224 total
[2022-12-13T06:30:30.433+0000][151028][gc,age      ] GC(94) - age   5:    1253968 bytes,    7329192 total
[2022-12-13T06:30:30.433+0000][151028][gc,age      ] GC(94) - age   6:      23664 bytes,    7352856 total
[2022-12-13T06:30:30.433+0000][151028][gc,age      ] GC(94) - age   7:      21936 bytes,    7374792 total
[2022-12-13T06:30:30.433+0000][151028][gc,age      ] GC(94) - age   8:     261896 bytes,    7636688 total
[2022-12-13T06:30:30.433+0000][151028][gc,age      ] GC(94) - age   9:      30248 bytes,    7666936 total
[2022-12-13T06:30:30.433+0000][151028][gc,age      ] GC(94) - age  10:      86328 bytes,    7753264 total
[2022-12-13T06:30:30.433+0000][151028][gc,age      ] GC(94) - age  11:       7944 bytes,    7761208 total
[2022-12-13T06:30:30.433+0000][151028][gc,age      ] GC(94) - age  12:      45288 bytes,    7806496 total
[2022-12-13T06:30:30.433+0000][151028][gc,age      ] GC(94) - age  13:       5904 bytes,    7812400 total
[2022-12-13T06:30:30.433+0000][151028][gc,age      ] GC(94) - age  14:      68760 bytes,    7881160 total
[2022-12-13T06:30:30.433+0000][151028][gc,age      ] GC(94) - age  15:       4520 bytes,    7885680 total
[2022-12-13T06:30:30.433+0000][151028][gc,heap     ] GC(94) Eden regions: 26->0(1102)
[2022-12-13T06:30:30.433+0000][151028][gc,heap     ] GC(94) Survivor regions: 6->3(145)
[2022-12-13T06:30:30.433+0000][151028][gc,heap     ] GC(94) Old regions: 446->446
[2022-12-13T06:30:30.433+0000][151028][gc,heap     ] GC(94) Archive regions: 2->2
[2022-12-13T06:30:30.433+0000][151028][gc,heap     ] GC(94) Humongous regions: 140->72
[2022-12-13T06:30:30.433+0000][151028][gc,metaspace] GC(94) Metaspace: 170492K(175104K)->170492K(175104K) NonClass: 149378K(151872K)->149378K(151872K) Class: 21113K(23232K)->21113K(23232K)
[2022-12-13T06:30:30.433+0000][151028][gc          ] GC(94) Pause Young (Concurrent Start) (G1 Humongous Allocation) 2471M->2083M(7992M) 7.450ms
[2022-12-13T06:30:30.433+0000][151028][gc,cpu      ] GC(94) User=0.02s Sys=0.02s Real=0.01s
[2022-12-13T06:30:30.433+0000][151028][safepoint   ] Safepoint "G1TryInitiateConcMark", Time since last: 429677400 ns, Reaching safepoint: 27475400 ns, At safepoint: 7702000 ns, Total: 35177400 ns
[2022-12-13T06:30:30.433+0000][151028][gc          ] GC(95) Concurrent Undo Cycle
[2022-12-13T06:30:30.433+0000][151028][gc,marking  ] GC(95) Concurrent Cleanup for Next Mark
[2022-12-13T06:30:30.435+0000][151028][gc,marking  ] GC(95) Concurrent Cleanup for Next Mark 1.675ms
[2022-12-13T06:30:30.435+0000][151028][gc          ] GC(95) Concurrent Undo Cycle 1.812ms
[2022-12-13T06:30:30.901+0000][151028][gc,start    ] GC(96) Pause Young (Concurrent Start) (G1 Humongous Allocation)
[2022-12-13T06:30:30.901+0000][151028][gc,task     ] GC(96) Using 10 workers of 10 for evacuation
[2022-12-13T06:30:30.901+0000][151028][gc,age      ] GC(96) Desired survivor size 291504128 bytes, new threshold 15 (max threshold 15)
[2022-12-13T06:30:30.907+0000][151028][gc,phases   ] GC(96)   Pre Evacuate Collection Set: 0.9ms
[2022-12-13T06:30:30.907+0000][151028][gc,phases   ] GC(96)   Merge Heap Roots: 0.2ms
[2022-12-13T06:30:30.907+0000][151028][gc,phases   ] GC(96)   Evacuate Collection Set: 3.4ms
[2022-12-13T06:30:30.907+0000][151028][gc,phases   ] GC(96)   Post Evacuate Collection Set: 1.6ms
[2022-12-13T06:30:30.907+0000][151028][gc,phases   ] GC(96)   Other: 0.1ms
[2022-12-13T06:30:30.907+0000][151028][gc,age      ] GC(96) Age table with threshold 15 (max threshold 15)
[2022-12-13T06:30:30.907+0000][151028][gc,age      ] GC(96) - age   1:    2989040 bytes,    2989040 total
[2022-12-13T06:30:30.907+0000][151028][gc,age      ] GC(96) - age   2:     326192 bytes,    3315232 total
[2022-12-13T06:30:30.907+0000][151028][gc,age      ] GC(96) - age   3:     174784 bytes,    3490016 total
[2022-12-13T06:30:30.907+0000][151028][gc,age      ] GC(96) - age   4:      44032 bytes,    3534048 total
[2022-12-13T06:30:30.907+0000][151028][gc,age      ] GC(96) - age   5:     118736 bytes,    3652784 total
[2022-12-13T06:30:30.907+0000][151028][gc,age      ] GC(96) - age   6:    1253088 bytes,    4905872 total
[2022-12-13T06:30:30.907+0000][151028][gc,age      ] GC(96) - age   7:      22744 bytes,    4928616 total
[2022-12-13T06:30:30.907+0000][151028][gc,age      ] GC(96) - age   8:      21856 bytes,    4950472 total
[2022-12-13T06:30:30.907+0000][151028][gc,age      ] GC(96) - age   9:     260328 bytes,    5210800 total
[2022-12-13T06:30:30.907+0000][151028][gc,age      ] GC(96) - age  10:      30208 bytes,    5241008 total
[2022-12-13T06:30:30.907+0000][151028][gc,age      ] GC(96) - age  11:      86328 bytes,    5327336 total
[2022-12-13T06:30:30.907+0000][151028][gc,age      ] GC(96) - age  12:       7944 bytes,    5335280 total
[2022-12-13T06:30:30.907+0000][151028][gc,age      ] GC(96) - age  13:      45288 bytes,    5380568 total
[2022-12-13T06:30:30.907+0000][151028][gc,age      ] GC(96) - age  14:       5904 bytes,    5386472 total
[2022-12-13T06:30:30.907+0000][151028][gc,age      ] GC(96) - age  15:      68680 bytes,    5455152 total
[2022-12-13T06:30:30.907+0000][151028][gc,heap     ] GC(96) Eden regions: 36->0(1178)
[2022-12-13T06:30:30.907+0000][151028][gc,heap     ] GC(96) Survivor regions: 3->2(139)
[2022-12-13T06:30:30.907+0000][151028][gc,heap     ] GC(96) Old regions: 446->446
[2022-12-13T06:30:30.907+0000][151028][gc,heap     ] GC(96) Archive regions: 2->2
[2022-12-13T06:30:30.907+0000][151028][gc,heap     ] GC(96) Humongous regions: 142->8
[2022-12-13T06:30:30.907+0000][151028][gc,metaspace] GC(96) Metaspace: 170509K(175168K)->170509K(175168K) NonClass: 149395K(151936K)->149395K(151936K) Class: 21113K(23232K)->21113K(23232K)
[2022-12-13T06:30:30.907+0000][151028][gc          ] GC(96) Pause Young (Concurrent Start) (G1 Humongous Allocation) 2507M->1826M(7992M) 6.742ms
[2022-12-13T06:30:30.907+0000][151028][gc          ] GC(97) Concurrent Undo Cycle
[2022-12-13T06:30:30.908+0000][151028][gc,marking  ] GC(97) Concurrent Cleanup for Next Mark
[2022-12-13T06:30:30.908+0000][151028][gc,cpu      ] GC(96) User=0.02s Sys=0.01s Real=0.00s
[2022-12-13T06:30:30.908+0000][151028][safepoint   ] Safepoint "G1TryInitiateConcMark", Time since last: 467116300 ns, Reaching safepoint: 234300 ns, At safepoint: 7202900 ns, Total: 7437200 ns
[2022-12-13T06:30:30.908+0000][151028][gc,marking  ] GC(97) Concurrent Cleanup for Next Mark 0.893ms
[2022-12-13T06:30:30.908+0000][151028][gc          ] GC(97) Concurrent Undo Cycle 0.989ms
[2022-12-13T06:30:31.284+0000][151028][gc,start    ] GC(98) Pause Young (Concurrent Start) (G1 Humongous Allocation)
[2022-12-13T06:30:31.284+0000][151028][gc,task     ] GC(98) Using 10 workers of 10 for evacuation
[2022-12-13T06:30:31.284+0000][151028][gc,age      ] GC(98) Desired survivor size 310378496 bytes, new threshold 15 (max threshold 15)
[2022-12-13T06:30:31.291+0000][151028][gc,phases   ] GC(98)   Pre Evacuate Collection Set: 0.8ms
[2022-12-13T06:30:31.291+0000][151028][gc,phases   ] GC(98)   Merge Heap Roots: 0.2ms
[2022-12-13T06:30:31.291+0000][151028][gc,phases   ] GC(98)   Evacuate Collection Set: 4.2ms
[2022-12-13T06:30:31.291+0000][151028][gc,phases   ] GC(98)   Post Evacuate Collection Set: 2.1ms
[2022-12-13T06:30:31.291+0000][151028][gc,phases   ] GC(98)   Other: 0.2ms
[2022-12-13T06:30:31.291+0000][151028][gc,age      ] GC(98) Age table with threshold 15 (max threshold 15)
[2022-12-13T06:30:31.291+0000][151028][gc,age      ] GC(98) - age   1:    6417864 bytes,    6417864 total
[2022-12-13T06:30:31.291+0000][151028][gc,age      ] GC(98) - age   2:     184888 bytes,    6602752 total
[2022-12-13T06:30:31.291+0000][151028][gc,age      ] GC(98) - age   3:      48984 bytes,    6651736 total
[2022-12-13T06:30:31.291+0000][151028][gc,age      ] GC(98) - age   4:     169992 bytes,    6821728 total
[2022-12-13T06:30:31.291+0000][151028][gc,age      ] GC(98) - age   5:      40640 bytes,    6862368 total
[2022-12-13T06:30:31.291+0000][151028][gc,age      ] GC(98) - age   6:      52824 bytes,    6915192 total
[2022-12-13T06:30:31.291+0000][151028][gc,age      ] GC(98) - age   7:    1250600 bytes,    8165792 total
[2022-12-13T06:30:31.291+0000][151028][gc,age      ] GC(98) - age   8:      22504 bytes,    8188296 total
[2022-12-13T06:30:31.291+0000][151028][gc,age      ] GC(98) - age   9:      21856 bytes,    8210152 total
[2022-12-13T06:30:31.291+0000][151028][gc,age      ] GC(98) - age  10:     260088 bytes,    8470240 total
[2022-12-13T06:30:31.291+0000][151028][gc,age      ] GC(98) - age  11:      30128 bytes,    8500368 total
[2022-12-13T06:30:31.291+0000][151028][gc,age      ] GC(98) - age  12:      86328 bytes,    8586696 total
[2022-12-13T06:30:31.291+0000][151028][gc,age      ] GC(98) - age  13:       7944 bytes,    8594640 total
[2022-12-13T06:30:31.291+0000][151028][gc,age      ] GC(98) - age  14:      45288 bytes,    8639928 total
[2022-12-13T06:30:31.291+0000][151028][gc,age      ] GC(98) - age  15:       5904 bytes,    8645832 total
[2022-12-13T06:30:31.291+0000][151028][gc,heap     ] GC(98) Eden regions: 67->0(1191)
[2022-12-13T06:30:31.291+0000][151028][gc,heap     ] GC(98) Survivor regions: 2->3(148)
[2022-12-13T06:30:31.291+0000][151028][gc,heap     ] GC(98) Old regions: 446->446
[2022-12-13T06:30:31.291+0000][151028][gc,heap     ] GC(98) Archive regions: 2->2
[2022-12-13T06:30:31.291+0000][151028][gc,heap     ] GC(98) Humongous regions: 140->6
[2022-12-13T06:30:31.291+0000][151028][gc,metaspace] GC(98) Metaspace: 170514K(175232K)->170514K(175232K) NonClass: 149400K(152000K)->149400K(152000K) Class: 21113K(23232K)->21113K(23232K)
[2022-12-13T06:30:31.291+0000][151028][gc          ] GC(98) Pause Young (Concurrent Start) (G1 Humongous Allocation) 2620M->1819M(7992M) 7.834ms
[2022-12-13T06:30:31.292+0000][151028][gc          ] GC(99) Concurrent Undo Cycle
[2022-12-13T06:30:31.292+0000][151028][gc,marking  ] GC(99) Concurrent Cleanup for Next Mark
[2022-12-13T06:30:31.292+0000][151028][gc,cpu      ] GC(98) User=0.03s Sys=0.01s Real=0.01s
[2022-12-13T06:30:31.292+0000][151028][safepoint   ] Safepoint "G1TryInitiateConcMark", Time since last: 375500100 ns, Reaching safepoint: 280500 ns, At safepoint: 8216500 ns, Total: 8497000 ns
[2022-12-13T06:30:31.292+0000][151028][gc,marking  ] GC(99) Concurrent Cleanup for Next Mark 0.735ms
[2022-12-13T06:30:31.292+0000][151028][gc          ] GC(99) Concurrent Undo Cycle 0.828ms
[2022-12-13T06:30:32.293+0000][151028][safepoint   ] Safepoint "Cleanup", Time since last: 1000544300 ns, Reaching safepoint: 193000 ns, At safepoint: 26000 ns, Total: 219000 ns
[2022-12-13T06:30:32.463+0000][151028][gc,start    ] GC(100) Pause Young (Concurrent Start) (G1 Humongous Allocation)
[2022-12-13T06:30:32.463+0000][151028][gc,task     ] GC(100) Using 10 workers of 10 for evacuation
[2022-12-13T06:30:32.463+0000][151028][gc,age      ] GC(100) Desired survivor size 314572800 bytes, new threshold 15 (max threshold 15)
[2022-12-13T06:30:32.475+0000][151028][gc,phases   ] GC(100)   Pre Evacuate Collection Set: 0.8ms
[2022-12-13T06:30:32.475+0000][151028][gc,phases   ] GC(100)   Merge Heap Roots: 0.2ms
[2022-12-13T06:30:32.475+0000][151028][gc,phases   ] GC(100)   Evacuate Collection Set: 3.6ms
[2022-12-13T06:30:32.475+0000][151028][gc,phases   ] GC(100)   Post Evacuate Collection Set: 6.9ms
[2022-12-13T06:30:32.475+0000][151028][gc,phases   ] GC(100)   Other: 0.2ms
[2022-12-13T06:30:32.475+0000][151028][gc,age      ] GC(100) Age table with threshold 15 (max threshold 15)
[2022-12-13T06:30:32.475+0000][151028][gc,age      ] GC(100) - age   1:   19519192 bytes,   19519192 total
[2022-12-13T06:30:32.475+0000][151028][gc,age      ] GC(100) - age   2:    2093984 bytes,   21613176 total
[2022-12-13T06:30:32.475+0000][151028][gc,age      ] GC(100) - age   3:     104528 bytes,   21717704 total
[2022-12-13T06:30:32.475+0000][151028][gc,age      ] GC(100) - age   4:       9424 bytes,   21727128 total
[2022-12-13T06:30:32.475+0000][151028][gc,age      ] GC(100) - age   5:      57752 bytes,   21784880 total
[2022-12-13T06:30:32.475+0000][151028][gc,age      ] GC(100) - age   6:      36616 bytes,   21821496 total
[2022-12-13T06:30:32.475+0000][151028][gc,age      ] GC(100) - age   7:      50352 bytes,   21871848 total
[2022-12-13T06:30:32.475+0000][151028][gc,age      ] GC(100) - age   8:    1184368 bytes,   23056216 total
[2022-12-13T06:30:32.475+0000][151028][gc,age      ] GC(100) - age   9:      22344 bytes,   23078560 total
[2022-12-13T06:30:32.475+0000][151028][gc,age      ] GC(100) - age  10:      21176 bytes,   23099736 total
[2022-12-13T06:30:32.475+0000][151028][gc,age      ] GC(100) - age  11:     254688 bytes,   23354424 total
[2022-12-13T06:30:32.475+0000][151028][gc,age      ] GC(100) - age  12:      29728 bytes,   23384152 total
[2022-12-13T06:30:32.475+0000][151028][gc,age      ] GC(100) - age  13:      85648 bytes,   23469800 total
[2022-12-13T06:30:32.475+0000][151028][gc,age      ] GC(100) - age  14:       6944 bytes,   23476744 total
[2022-12-13T06:30:32.475+0000][151028][gc,age      ] GC(100) - age  15:      45208 bytes,   23521952 total
[2022-12-13T06:30:32.475+0000][151028][gc,heap     ] GC(100) Eden regions: 101->0(1157)
[2022-12-13T06:30:32.475+0000][151028][gc,heap     ] GC(100) Survivor regions: 3->7(150)
[2022-12-13T06:30:32.475+0000][151028][gc,heap     ] GC(100) Old regions: 446->446
[2022-12-13T06:30:32.475+0000][151028][gc,heap     ] GC(100) Archive regions: 2->2
[2022-12-13T06:30:32.475+0000][151028][gc,heap     ] GC(100) Humongous regions: 146->43
[2022-12-13T06:30:32.475+0000][151028][gc,metaspace] GC(100) Metaspace: 170535K(175232K)->170535K(175232K) NonClass: 149421K(152000K)->149421K(152000K) Class: 21113K(23232K)->21113K(23232K)
[2022-12-13T06:30:32.475+0000][151028][gc          ] GC(100) Pause Young (Concurrent Start) (G1 Humongous Allocation) 2783M->1984M(7992M) 12.253ms
[2022-12-13T06:30:32.475+0000][151028][gc          ] GC(101) Concurrent Undo Cycle
[2022-12-13T06:30:32.475+0000][151028][gc,marking  ] GC(101) Concurrent Cleanup for Next Mark
[2022-12-13T06:30:32.475+0000][151028][gc,cpu      ] GC(100) User=0.08s Sys=0.01s Real=0.01s
[2022-12-13T06:30:32.475+0000][151028][safepoint   ] Safepoint "G1TryInitiateConcMark", Time since last: 166699400 ns, Reaching safepoint: 3482700 ns, At safepoint: 12684700 ns, Total: 16167400 ns
[2022-12-13T06:30:32.476+0000][151028][gc,marking  ] GC(101) Concurrent Cleanup for Next Mark 0.803ms
[2022-12-13T06:30:32.476+0000][151028][gc          ] GC(101) Concurrent Undo Cycle 0.892ms
[2022-12-13T06:30:33.177+0000][151028][gc,start    ] GC(102) Pause Young (Concurrent Start) (G1 Humongous Allocation)
[2022-12-13T06:30:33.177+0000][151028][gc,task     ] GC(102) Using 10 workers of 10 for evacuation
[2022-12-13T06:30:33.177+0000][151028][gc,age      ] GC(102) Desired survivor size 306184192 bytes, new threshold 15 (max threshold 15)
[2022-12-13T06:30:33.186+0000][151028][gc,phases   ] GC(102)   Pre Evacuate Collection Set: 0.9ms
[2022-12-13T06:30:33.186+0000][151028][gc,phases   ] GC(102)   Merge Heap Roots: 0.2ms
[2022-12-13T06:30:33.186+0000][151028][gc,phases   ] GC(102)   Evacuate Collection Set: 5.1ms
[2022-12-13T06:30:33.186+0000][151028][gc,phases   ] GC(102)   Post Evacuate Collection Set: 2.0ms
[2022-12-13T06:30:33.186+0000][151028][gc,phases   ] GC(102)   Other: 0.2ms
[2022-12-13T06:30:33.186+0000][151028][gc,age      ] GC(102) Age table with threshold 15 (max threshold 15)
[2022-12-13T06:30:33.186+0000][151028][gc,age      ] GC(102) - age   1:    9969032 bytes,    9969032 total
[2022-12-13T06:30:33.186+0000][151028][gc,age      ] GC(102) - age   2:     495008 bytes,   10464040 total
[2022-12-13T06:30:33.186+0000][151028][gc,age      ] GC(102) - age   3:     157408 bytes,   10621448 total
[2022-12-13T06:30:33.186+0000][151028][gc,age      ] GC(102) - age   4:      87080 bytes,   10708528 total
[2022-12-13T06:30:33.186+0000][151028][gc,age      ] GC(102) - age   5:       8824 bytes,   10717352 total
[2022-12-13T06:30:33.186+0000][151028][gc,age      ] GC(102) - age   6:      52920 bytes,   10770272 total
[2022-12-13T06:30:33.186+0000][151028][gc,age      ] GC(102) - age   7:      35216 bytes,   10805488 total
[2022-12-13T06:30:33.186+0000][151028][gc,age      ] GC(102) - age   8:      50312 bytes,   10855800 total
[2022-12-13T06:30:33.186+0000][151028][gc,age      ] GC(102) - age   9:    1184368 bytes,   12040168 total
[2022-12-13T06:30:33.186+0000][151028][gc,age      ] GC(102) - age  10:      22344 bytes,   12062512 total
[2022-12-13T06:30:33.186+0000][151028][gc,age      ] GC(102) - age  11:      21176 bytes,   12083688 total
[2022-12-13T06:30:33.186+0000][151028][gc,age      ] GC(102) - age  12:     253568 bytes,   12337256 total
[2022-12-13T06:30:33.186+0000][151028][gc,age      ] GC(102) - age  13:      29728 bytes,   12366984 total
[2022-12-13T06:30:33.186+0000][151028][gc,age      ] GC(102) - age  14:      85648 bytes,   12452632 total
[2022-12-13T06:30:33.186+0000][151028][gc,age      ] GC(102) - age  15:       6944 bytes,   12459576 total
[2022-12-13T06:30:33.186+0000][151028][gc,heap     ] GC(102) Eden regions: 35->0(1171)
[2022-12-13T06:30:33.186+0000][151028][gc,heap     ] GC(102) Survivor regions: 7->4(146)
[2022-12-13T06:30:33.186+0000][151028][gc,heap     ] GC(102) Old regions: 446->446
[2022-12-13T06:30:33.186+0000][151028][gc,heap     ] GC(102) Archive regions: 2->2
[2022-12-13T06:30:33.186+0000][151028][gc,heap     ] GC(102) Humongous regions: 142->39
[2022-12-13T06:30:33.186+0000][151028][gc,metaspace] GC(102) Metaspace: 170540K(175232K)->170540K(175232K) NonClass: 149426K(152000K)->149426K(152000K) Class: 21113K(23232K)->21113K(23232K)
[2022-12-13T06:30:33.186+0000][151028][gc          ] GC(102) Pause Young (Concurrent Start) (G1 Humongous Allocation) 2520M->1958M(7992M) 8.955ms
[2022-12-13T06:30:33.186+0000][151028][gc          ] GC(103) Concurrent Undo Cycle
[2022-12-13T06:30:33.186+0000][151028][gc,marking  ] GC(103) Concurrent Cleanup for Next Mark
[2022-12-13T06:30:33.186+0000][151028][gc,cpu      ] GC(102) User=0.04s Sys=0.01s Real=0.01s
[2022-12-13T06:30:33.187+0000][151028][safepoint   ] Safepoint "G1TryInitiateConcMark", Time since last: 686244100 ns, Reaching safepoint: 15510500 ns, At safepoint: 9377800 ns, Total: 24888300 ns
[2022-12-13T06:30:33.187+0000][151028][gc,marking  ] GC(103) Concurrent Cleanup for Next Mark 0.799ms
[2022-12-13T06:30:33.187+0000][151028][gc          ] GC(103) Concurrent Undo Cycle 0.903ms
[2022-12-13T06:30:33.642+0000][151028][gc,start    ] GC(104) Pause Young (Concurrent Start) (G1 Humongous Allocation)
[2022-12-13T06:30:33.642+0000][151028][gc,task     ] GC(104) Using 10 workers of 10 for evacuation
[2022-12-13T06:30:33.642+0000][151028][gc,age      ] GC(104) Desired survivor size 308281344 bytes, new threshold 15 (max threshold 15)
[2022-12-13T06:30:33.654+0000][151028][gc,phases   ] GC(104)   Pre Evacuate Collection Set: 0.8ms
[2022-12-13T06:30:33.654+0000][151028][gc,phases   ] GC(104)   Merge Heap Roots: 0.2ms
[2022-12-13T06:30:33.654+0000][151028][gc,phases   ] GC(104)   Evacuate Collection Set: 3.5ms
[2022-12-13T06:30:33.654+0000][151028][gc,phases   ] GC(104)   Post Evacuate Collection Set: 6.8ms
[2022-12-13T06:30:33.654+0000][151028][gc,phases   ] GC(104)   Other: 0.2ms
[2022-12-13T06:30:33.654+0000][151028][gc,age      ] GC(104) Age table with threshold 15 (max threshold 15)
[2022-12-13T06:30:33.654+0000][151028][gc,age      ] GC(104) - age   1:   11654280 bytes,   11654280 total
[2022-12-13T06:30:33.654+0000][151028][gc,age      ] GC(104) - age   2:    1918224 bytes,   13572504 total
[2022-12-13T06:30:33.654+0000][151028][gc,age      ] GC(104) - age   3:     217488 bytes,   13789992 total
[2022-12-13T06:30:33.654+0000][151028][gc,age      ] GC(104) - age   4:      91288 bytes,   13881280 total
[2022-12-13T06:30:33.654+0000][151028][gc,age      ] GC(104) - age   5:      21248 bytes,   13902528 total
[2022-12-13T06:30:33.654+0000][151028][gc,age      ] GC(104) - age   6:       8824 bytes,   13911352 total
[2022-12-13T06:30:33.654+0000][151028][gc,age      ] GC(104) - age   7:      42072 bytes,   13953424 total
[2022-12-13T06:30:33.654+0000][151028][gc,age      ] GC(104) - age   8:      34168 bytes,   13987592 total
[2022-12-13T06:30:33.654+0000][151028][gc,age      ] GC(104) - age   9:      50312 bytes,   14037904 total
[2022-12-13T06:30:33.654+0000][151028][gc,age      ] GC(104) - age  10:    1182248 bytes,   15220152 total
[2022-12-13T06:30:33.654+0000][151028][gc,age      ] GC(104) - age  11:      22344 bytes,   15242496 total
[2022-12-13T06:30:33.654+0000][151028][gc,age      ] GC(104) - age  12:      21176 bytes,   15263672 total
[2022-12-13T06:30:33.654+0000][151028][gc,age      ] GC(104) - age  13:     253448 bytes,   15517120 total
[2022-12-13T06:30:33.654+0000][151028][gc,age      ] GC(104) - age  14:      29728 bytes,   15546848 total
[2022-12-13T06:30:33.654+0000][151028][gc,age      ] GC(104) - age  15:      85648 bytes,   15632496 total
[2022-12-13T06:30:33.654+0000][151028][gc,heap     ] GC(104) Eden regions: 47->0(1174)
[2022-12-13T06:30:33.654+0000][151028][gc,heap     ] GC(104) Survivor regions: 4->5(147)
[2022-12-13T06:30:33.654+0000][151028][gc,heap     ] GC(104) Old regions: 446->446
[2022-12-13T06:30:33.654+0000][151028][gc,heap     ] GC(104) Archive regions: 2->2
[2022-12-13T06:30:33.654+0000][151028][gc,heap     ] GC(104) Humongous regions: 138->39
[2022-12-13T06:30:33.654+0000][151028][gc,metaspace] GC(104) Metaspace: 170551K(175232K)->170551K(175232K) NonClass: 149437K(152000K)->149437K(152000K) Class: 21113K(23232K)->21113K(23232K)
[2022-12-13T06:30:33.654+0000][151028][gc          ] GC(104) Pause Young (Concurrent Start) (G1 Humongous Allocation) 2539M->1960M(7992M) 12.126ms
[2022-12-13T06:30:33.654+0000][151028][gc          ] GC(105) Concurrent Undo Cycle
[2022-12-13T06:30:33.654+0000][151028][gc,cpu      ] GC(104) User=0.06s Sys=0.01s Real=0.01s
[2022-12-13T06:30:33.655+0000][151028][gc,marking  ] GC(105) Concurrent Cleanup for Next Mark
[2022-12-13T06:30:33.655+0000][151028][safepoint   ] Safepoint "G1TryInitiateConcMark", Time since last: 455196700 ns, Reaching safepoint: 379600 ns, At safepoint: 12421600 ns, Total: 12801200 ns
[2022-12-13T06:30:33.655+0000][151028][gc,marking  ] GC(105) Concurrent Cleanup for Next Mark 0.806ms
[2022-12-13T06:30:33.655+0000][151028][gc          ] GC(105) Concurrent Undo Cycle 0.975ms
[2022-12-13T06:30:34.596+0000][151028][gc,start    ] GC(106) Pause Young (Concurrent Start) (G1 Humongous Allocation)
[2022-12-13T06:30:34.596+0000][151028][gc,task     ] GC(106) Using 10 workers of 10 for evacuation
[2022-12-13T06:30:34.596+0000][151028][gc,age      ] GC(106) Desired survivor size 310378496 bytes, new threshold 15 (max threshold 15)
[2022-12-13T06:30:34.607+0000][151028][gc,phases   ] GC(106)   Pre Evacuate Collection Set: 0.9ms
[2022-12-13T06:30:34.607+0000][151028][gc,phases   ] GC(106)   Merge Heap Roots: 0.2ms
[2022-12-13T06:30:34.607+0000][151028][gc,phases   ] GC(106)   Evacuate Collection Set: 4.3ms
[2022-12-13T06:30:34.607+0000][151028][gc,phases   ] GC(106)   Post Evacuate Collection Set: 5.0ms
[2022-12-13T06:30:34.607+0000][151028][gc,phases   ] GC(106)   Other: 0.1ms
[2022-12-13T06:30:34.607+0000][151028][gc,age      ] GC(106) Age table with threshold 15 (max threshold 15)
[2022-12-13T06:30:34.607+0000][151028][gc,age      ] GC(106) - age   1:   18963160 bytes,   18963160 total
[2022-12-13T06:30:34.607+0000][151028][gc,age      ] GC(106) - age   2:     184016 bytes,   19147176 total
[2022-12-13T06:30:34.607+0000][151028][gc,age      ] GC(106) - age   3:     145008 bytes,   19292184 total
[2022-12-13T06:30:34.607+0000][151028][gc,age      ] GC(106) - age   4:     147080 bytes,   19439264 total
[2022-12-13T06:30:34.607+0000][151028][gc,age      ] GC(106) - age   5:      89400 bytes,   19528664 total
[2022-12-13T06:30:34.607+0000][151028][gc,age      ] GC(106) - age   6:      17648 bytes,   19546312 total
[2022-12-13T06:30:34.607+0000][151028][gc,age      ] GC(106) - age   7:       7520 bytes,   19553832 total
[2022-12-13T06:30:34.607+0000][151028][gc,age      ] GC(106) - age   8:      33040 bytes,   19586872 total
[2022-12-13T06:30:34.607+0000][151028][gc,age      ] GC(106) - age   9:      32168 bytes,   19619040 total
[2022-12-13T06:30:34.607+0000][151028][gc,age      ] GC(106) - age  10:      50272 bytes,   19669312 total
[2022-12-13T06:30:34.607+0000][151028][gc,age      ] GC(106) - age  11:    1180048 bytes,   20849360 total
[2022-12-13T06:30:34.607+0000][151028][gc,age      ] GC(106) - age  12:      22304 bytes,   20871664 total
[2022-12-13T06:30:34.607+0000][151028][gc,age      ] GC(106) - age  13:       4656 bytes,   20876320 total
[2022-12-13T06:30:34.607+0000][151028][gc,age      ] GC(106) - age  14:     233648 bytes,   21109968 total
[2022-12-13T06:30:34.607+0000][151028][gc,age      ] GC(106) - age  15:      29728 bytes,   21139696 total
[2022-12-13T06:30:34.607+0000][151028][gc,heap     ] GC(106) Eden regions: 147->0(1192)
[2022-12-13T06:30:34.607+0000][151028][gc,heap     ] GC(106) Survivor regions: 5->6(148)
[2022-12-13T06:30:34.607+0000][151028][gc,heap     ] GC(106) Old regions: 446->446
[2022-12-13T06:30:34.607+0000][151028][gc,heap     ] GC(106) Archive regions: 2->2
[2022-12-13T06:30:34.607+0000][151028][gc,heap     ] GC(106) Humongous regions: 148->6
[2022-12-13T06:30:34.607+0000][151028][gc,metaspace] GC(106) Metaspace: 170633K(175296K)->170633K(175296K) NonClass: 149518K(152064K)->149518K(152064K) Class: 21114K(23232K)->21114K(23232K)
[2022-12-13T06:30:34.607+0000][151028][gc          ] GC(106) Pause Young (Concurrent Start) (G1 Humongous Allocation) 2984M->1832M(7992M) 11.115ms
[2022-12-13T06:30:34.607+0000][151028][gc          ] GC(107) Concurrent Undo Cycle
[2022-12-13T06:30:34.607+0000][151028][gc,cpu      ] GC(106) User=0.07s Sys=0.01s Real=0.01s
[2022-12-13T06:30:34.608+0000][151028][gc,marking  ] GC(107) Concurrent Cleanup for Next Mark
[2022-12-13T06:30:34.608+0000][151028][safepoint   ] Safepoint "G1TryInitiateConcMark", Time since last: 941428500 ns, Reaching safepoint: 254100 ns, At safepoint: 11366900 ns, Total: 11621000 ns
[2022-12-13T06:30:34.608+0000][151028][gc,marking  ] GC(107) Concurrent Cleanup for Next Mark 0.694ms
[2022-12-13T06:30:34.608+0000][151028][gc          ] GC(107) Concurrent Undo Cycle 0.813ms
[2022-12-13T06:30:35.540+0000][151028][gc,start    ] GC(108) Pause Young (Concurrent Start) (G1 Humongous Allocation)
[2022-12-13T06:30:35.540+0000][151028][gc,task     ] GC(108) Using 10 workers of 10 for evacuation
[2022-12-13T06:30:35.540+0000][151028][gc,age      ] GC(108) Desired survivor size 314572800 bytes, new threshold 15 (max threshold 15)
[2022-12-13T06:30:35.549+0000][151028][gc,phases   ] GC(108)   Pre Evacuate Collection Set: 0.8ms
[2022-12-13T06:30:35.549+0000][151028][gc,phases   ] GC(108)   Merge Heap Roots: 0.3ms
[2022-12-13T06:30:35.549+0000][151028][gc,phases   ] GC(108)   Evacuate Collection Set: 3.7ms
[2022-12-13T06:30:35.549+0000][151028][gc,phases   ] GC(108)   Post Evacuate Collection Set: 3.7ms
[2022-12-13T06:30:35.549+0000][151028][gc,phases   ] GC(108)   Other: 0.3ms
[2022-12-13T06:30:35.549+0000][151028][gc,age      ] GC(108) Age table with threshold 15 (max threshold 15)
[2022-12-13T06:30:35.549+0000][151028][gc,age      ] GC(108) - age   1:    4789368 bytes,    4789368 total
[2022-12-13T06:30:35.549+0000][151028][gc,age      ] GC(108) - age   2:    4023312 bytes,    8812680 total
[2022-12-13T06:30:35.549+0000][151028][gc,age      ] GC(108) - age   3:     115688 bytes,    8928368 total
[2022-12-13T06:30:35.549+0000][151028][gc,age      ] GC(108) - age   4:      78440 bytes,    9006808 total
[2022-12-13T06:30:35.549+0000][151028][gc,age      ] GC(108) - age   5:      45248 bytes,    9052056 total
[2022-12-13T06:30:35.549+0000][151028][gc,age      ] GC(108) - age   6:      88240 bytes,    9140296 total
[2022-12-13T06:30:35.549+0000][151028][gc,age      ] GC(108) - age   7:      15768 bytes,    9156064 total
[2022-12-13T06:30:35.549+0000][151028][gc,age      ] GC(108) - age   8:       7216 bytes,    9163280 total
[2022-12-13T06:30:35.549+0000][151028][gc,age      ] GC(108) - age   9:      28824 bytes,    9192104 total
[2022-12-13T06:30:35.549+0000][151028][gc,age      ] GC(108) - age  10:      14648 bytes,    9206752 total
[2022-12-13T06:30:35.549+0000][151028][gc,age      ] GC(108) - age  11:      50272 bytes,    9257024 total
[2022-12-13T06:30:35.549+0000][151028][gc,age      ] GC(108) - age  12:    1163608 bytes,   10420632 total
[2022-12-13T06:30:35.549+0000][151028][gc,age      ] GC(108) - age  13:      17360 bytes,   10437992 total
[2022-12-13T06:30:35.549+0000][151028][gc,age      ] GC(108) - age  14:       4616 bytes,   10442608 total
[2022-12-13T06:30:35.549+0000][151028][gc,age      ] GC(108) - age  15:     231888 bytes,   10674496 total
[2022-12-13T06:30:35.549+0000][151028][gc,heap     ] GC(108) Eden regions: 97->0(1194)
[2022-12-13T06:30:35.549+0000][151028][gc,heap     ] GC(108) Survivor regions: 6->4(150)
[2022-12-13T06:30:35.549+0000][151028][gc,heap     ] GC(108) Old regions: 446->446
[2022-12-13T06:30:35.549+0000][151028][gc,heap     ] GC(108) Archive regions: 2->2
[2022-12-13T06:30:35.549+0000][151028][gc,heap     ] GC(108) Humongous regions: 138->6
[2022-12-13T06:30:35.549+0000][151028][gc,metaspace] GC(108) Metaspace: 170651K(175296K)->170651K(175296K) NonClass: 149536K(152064K)->149536K(152064K) Class: 21114K(23232K)->21114K(23232K)
[2022-12-13T06:30:35.549+0000][151028][gc          ] GC(108) Pause Young (Concurrent Start) (G1 Humongous Allocation) 2747M->1825M(7992M) 9.239ms
[2022-12-13T06:30:35.549+0000][151028][gc          ] GC(109) Concurrent Undo Cycle
[2022-12-13T06:30:35.549+0000][151028][gc,cpu      ] GC(108) User=0.04s Sys=0.01s Real=0.00s
[2022-12-13T06:30:35.549+0000][151028][gc,marking  ] GC(109) Concurrent Cleanup for Next Mark
[2022-12-13T06:30:35.549+0000][151028][safepoint   ] Safepoint "G1TryInitiateConcMark", Time since last: 932153600 ns, Reaching safepoint: 199400 ns, At safepoint: 9476200 ns, Total: 9675600 ns
[2022-12-13T06:30:35.550+0000][151028][gc,marking  ] GC(109) Concurrent Cleanup for Next Mark 0.726ms
[2022-12-13T06:30:35.550+0000][151028][gc          ] GC(109) Concurrent Undo Cycle 0.848ms
[2022-12-13T06:30:36.550+0000][151028][safepoint   ] Safepoint "Cleanup", Time since last: 1000145900 ns, Reaching safepoint: 408700 ns, At safepoint: 56900 ns, Total: 465600 ns
[2022-12-13T06:30:37.683+0000][151028][safepoint   ] Safepoint "Cleanup", Time since last: 1132989000 ns, Reaching safepoint: 180100 ns, At safepoint: 50400 ns, Total: 230500 ns
[2022-12-13T06:30:37.809+0000][151028][gc,start    ] GC(110) Pause Young (Concurrent Start) (G1 Humongous Allocation)
[2022-12-13T06:30:37.809+0000][151028][gc,task     ] GC(110) Using 10 workers of 10 for evacuation
[2022-12-13T06:30:37.809+0000][151028][gc,age      ] GC(110) Desired survivor size 314572800 bytes, new threshold 15 (max threshold 15)
[2022-12-13T06:30:37.824+0000][151028][gc,phases   ] GC(110)   Pre Evacuate Collection Set: 0.9ms
[2022-12-13T06:30:37.824+0000][151028][gc,phases   ] GC(110)   Merge Heap Roots: 0.3ms
[2022-12-13T06:30:37.824+0000][151028][gc,phases   ] GC(110)   Evacuate Collection Set: 3.4ms
[2022-12-13T06:30:37.824+0000][151028][gc,phases   ] GC(110)   Post Evacuate Collection Set: 9.7ms
[2022-12-13T06:30:37.824+0000][151028][gc,phases   ] GC(110)   Other: 0.1ms
[2022-12-13T06:30:37.824+0000][151028][gc,age      ] GC(110) Age table with threshold 15 (max threshold 15)
[2022-12-13T06:30:37.824+0000][151028][gc,age      ] GC(110) - age   1:   24088616 bytes,   24088616 total
[2022-12-13T06:30:37.824+0000][151028][gc,age      ] GC(110) - age   2:     269656 bytes,   24358272 total
[2022-12-13T06:30:37.824+0000][151028][gc,age      ] GC(110) - age   3:    2163144 bytes,   26521416 total
[2022-12-13T06:30:37.824+0000][151028][gc,age      ] GC(110) - age   4:     108376 bytes,   26629792 total
[2022-12-13T06:30:37.824+0000][151028][gc,age      ] GC(110) - age   5:      74544 bytes,   26704336 total
[2022-12-13T06:30:37.824+0000][151028][gc,age      ] GC(110) - age   6:      39096 bytes,   26743432 total
[2022-12-13T06:30:37.824+0000][151028][gc,age      ] GC(110) - age   7:      20648 bytes,   26764080 total
[2022-12-13T06:30:37.824+0000][151028][gc,age      ] GC(110) - age   8:       8584 bytes,   26772664 total
[2022-12-13T06:30:37.824+0000][151028][gc,age      ] GC(110) - age   9:       5976 bytes,   26778640 total
[2022-12-13T06:30:37.824+0000][151028][gc,age      ] GC(110) - age  10:      22224 bytes,   26800864 total
[2022-12-13T06:30:37.824+0000][151028][gc,age      ] GC(110) - age  11:      13728 bytes,   26814592 total
[2022-12-13T06:30:37.824+0000][151028][gc,age      ] GC(110) - age  12:      50032 bytes,   26864624 total
[2022-12-13T06:30:37.824+0000][151028][gc,age      ] GC(110) - age  13:    1163528 bytes,   28028152 total
[2022-12-13T06:30:37.824+0000][151028][gc,age      ] GC(110) - age  14:      14520 bytes,   28042672 total
[2022-12-13T06:30:37.824+0000][151028][gc,age      ] GC(110) - age  15:       4576 bytes,   28047248 total
[2022-12-13T06:30:37.824+0000][151028][gc,heap     ] GC(110) Eden regions: 195->0(1190)
[2022-12-13T06:30:37.824+0000][151028][gc,heap     ] GC(110) Survivor regions: 4->8(150)
[2022-12-13T06:30:37.824+0000][151028][gc,heap     ] GC(110) Old regions: 446->446
[2022-12-13T06:30:37.824+0000][151028][gc,heap     ] GC(110) Archive regions: 2->2
[2022-12-13T06:30:37.824+0000][151028][gc,heap     ] GC(110) Humongous regions: 143->6
[2022-12-13T06:30:37.824+0000][151028][gc,metaspace] GC(110) Metaspace: 171009K(175616K)->171009K(175616K) NonClass: 149858K(152384K)->149858K(152384K) Class: 21151K(23232K)->21151K(23232K)
[2022-12-13T06:30:37.824+0000][151028][gc          ] GC(110) Pause Young (Concurrent Start) (G1 Humongous Allocation) 3151M->1840M(7992M) 14.902ms
[2022-12-13T06:30:37.824+0000][151028][gc          ] GC(111) Concurrent Undo Cycle
[2022-12-13T06:30:37.824+0000][151028][gc,cpu      ] GC(110) User=0.10s Sys=0.01s Real=0.02s
[2022-12-13T06:30:37.824+0000][151028][gc,marking  ] GC(111) Concurrent Cleanup for Next Mark
[2022-12-13T06:30:37.824+0000][151028][safepoint   ] Safepoint "G1TryInitiateConcMark", Time since last: 125566500 ns, Reaching safepoint: 202900 ns, At safepoint: 15157900 ns, Total: 15360800 ns
[2022-12-13T06:30:37.825+0000][151028][gc,marking  ] GC(111) Concurrent Cleanup for Next Mark 0.782ms
[2022-12-13T06:30:37.825+0000][151028][gc          ] GC(111) Concurrent Undo Cycle 0.949ms
[2022-12-13T06:30:38.884+0000][151028][safepoint   ] Safepoint "Cleanup", Time since last: 1058964400 ns, Reaching safepoint: 272300 ns, At safepoint: 57400 ns, Total: 329700 ns
[2022-12-13T06:30:39.391+0000][151028][gc,start    ] GC(112) Pause Young (Concurrent Start) (G1 Humongous Allocation)
[2022-12-13T06:30:39.391+0000][151028][gc,task     ] GC(112) Using 10 workers of 10 for evacuation
[2022-12-13T06:30:39.391+0000][151028][gc,age      ] GC(112) Desired survivor size 314572800 bytes, new threshold 15 (max threshold 15)
[2022-12-13T06:30:39.401+0000][151028][gc,phases   ] GC(112)   Pre Evacuate Collection Set: 0.9ms
[2022-12-13T06:30:39.401+0000][151028][gc,phases   ] GC(112)   Merge Heap Roots: 0.2ms
[2022-12-13T06:30:39.401+0000][151028][gc,phases   ] GC(112)   Evacuate Collection Set: 4.8ms
[2022-12-13T06:30:39.401+0000][151028][gc,phases   ] GC(112)   Post Evacuate Collection Set: 4.1ms
[2022-12-13T06:30:39.401+0000][151028][gc,phases   ] GC(112)   Other: 0.2ms
[2022-12-13T06:30:39.401+0000][151028][gc,age      ] GC(112) Age table with threshold 15 (max threshold 15)
[2022-12-13T06:30:39.401+0000][151028][gc,age      ] GC(112) - age   1:    9090232 bytes,    9090232 total
[2022-12-13T06:30:39.401+0000][151028][gc,age      ] GC(112) - age   2:     270720 bytes,    9360952 total
[2022-12-13T06:30:39.401+0000][151028][gc,age      ] GC(112) - age   3:     181520 bytes,    9542472 total
[2022-12-13T06:30:39.401+0000][151028][gc,age      ] GC(112) - age   4:    2151448 bytes,   11693920 total
[2022-12-13T06:30:39.401+0000][151028][gc,age      ] GC(112) - age   5:      91176 bytes,   11785096 total
[2022-12-13T06:30:39.401+0000][151028][gc,age      ] GC(112) - age   6:      55360 bytes,   11840456 total
[2022-12-13T06:30:39.401+0000][151028][gc,age      ] GC(112) - age   7:      36896 bytes,   11877352 total
[2022-12-13T06:30:39.401+0000][151028][gc,age      ] GC(112) - age   8:      19928 bytes,   11897280 total
[2022-12-13T06:30:39.401+0000][151028][gc,age      ] GC(112) - age   9:       7464 bytes,   11904744 total
[2022-12-13T06:30:39.401+0000][151028][gc,age      ] GC(112) - age  10:       5736 bytes,   11910480 total
[2022-12-13T06:30:39.401+0000][151028][gc,age      ] GC(112) - age  11:      22104 bytes,   11932584 total
[2022-12-13T06:30:39.401+0000][151028][gc,age      ] GC(112) - age  12:      10688 bytes,   11943272 total
[2022-12-13T06:30:39.401+0000][151028][gc,age      ] GC(112) - age  13:      50032 bytes,   11993304 total
[2022-12-13T06:30:39.401+0000][151028][gc,age      ] GC(112) - age  14:    1162168 bytes,   13155472 total
[2022-12-13T06:30:39.401+0000][151028][gc,age      ] GC(112) - age  15:      14480 bytes,   13169952 total
[2022-12-13T06:30:39.401+0000][151028][gc,heap     ] GC(112) Eden regions: 110->0(1194)
[2022-12-13T06:30:39.401+0000][151028][gc,heap     ] GC(112) Survivor regions: 8->4(150)
[2022-12-13T06:30:39.401+0000][151028][gc,heap     ] GC(112) Old regions: 446->446
[2022-12-13T06:30:39.401+0000][151028][gc,heap     ] GC(112) Archive regions: 2->2
[2022-12-13T06:30:39.402+0000][151028][gc,heap     ] GC(112) Humongous regions: 140->6
[2022-12-13T06:30:39.402+0000][151028][gc,metaspace] GC(112) Metaspace: 171032K(175680K)->171032K(175680K) NonClass: 149881K(152448K)->149881K(152448K) Class: 21151K(23232K)->21151K(23232K)
[2022-12-13T06:30:39.402+0000][151028][gc          ] GC(112) Pause Young (Concurrent Start) (G1 Humongous Allocation) 2815M->1826M(7992M) 10.715ms
[2022-12-13T06:30:39.402+0000][151028][gc          ] GC(113) Concurrent Undo Cycle
[2022-12-13T06:30:39.402+0000][151028][gc,cpu      ] GC(112) User=0.06s Sys=0.00s Real=0.01s
[2022-12-13T06:30:39.402+0000][151028][gc,marking  ] GC(113) Concurrent Cleanup for Next Mark
[2022-12-13T06:30:39.402+0000][151028][safepoint   ] Safepoint "G1TryInitiateConcMark", Time since last: 507087400 ns, Reaching safepoint: 204500 ns, At safepoint: 10981400 ns, Total: 11185900 ns
[2022-12-13T06:30:39.402+0000][151028][gc,marking  ] GC(113) Concurrent Cleanup for Next Mark 0.753ms
[2022-12-13T06:30:39.403+0000][151028][gc          ] GC(113) Concurrent Undo Cycle 0.892ms
[2022-12-13T06:30:40.402+0000][151028][safepoint   ] Safepoint "Cleanup", Time since last: 1000205000 ns, Reaching safepoint: 234500 ns, At safepoint: 15400 ns, Total: 249900 ns
[2022-12-13T06:30:40.467+0000][151028][gc,start    ] GC(114) Pause Young (Concurrent Start) (G1 Humongous Allocation)
[2022-12-13T06:30:40.467+0000][151028][gc,task     ] GC(114) Using 10 workers of 10 for evacuation
[2022-12-13T06:30:40.467+0000][151028][gc,age      ] GC(114) Desired survivor size 314572800 bytes, new threshold 15 (max threshold 15)
[2022-12-13T06:30:40.475+0000][151028][gc,phases   ] GC(114)   Pre Evacuate Collection Set: 0.8ms
[2022-12-13T06:30:40.475+0000][151028][gc,phases   ] GC(114)   Merge Heap Roots: 0.2ms
[2022-12-13T06:30:40.475+0000][151028][gc,phases   ] GC(114)   Evacuate Collection Set: 3.2ms
[2022-12-13T06:30:40.475+0000][151028][gc,phases   ] GC(114)   Post Evacuate Collection Set: 3.4ms
[2022-12-13T06:30:40.475+0000][151028][gc,phases   ] GC(114)   Other: 0.1ms
[2022-12-13T06:30:40.475+0000][151028][gc,age      ] GC(114) Age table with threshold 15 (max threshold 15)
[2022-12-13T06:30:40.475+0000][151028][gc,age      ] GC(114) - age   1:    4141432 bytes,    4141432 total
[2022-12-13T06:30:40.475+0000][151028][gc,age      ] GC(114) - age   2:    1068600 bytes,    5210032 total
[2022-12-13T06:30:40.475+0000][151028][gc,age      ] GC(114) - age   3:     254616 bytes,    5464648 total
[2022-12-13T06:30:40.475+0000][151028][gc,age      ] GC(114) - age   4:     112992 bytes,    5577640 total
[2022-12-13T06:30:40.475+0000][151028][gc,age      ] GC(114) - age   5:    2144968 bytes,    7722608 total
[2022-12-13T06:30:40.475+0000][151028][gc,age      ] GC(114) - age   6:      90816 bytes,    7813424 total
[2022-12-13T06:30:40.475+0000][151028][gc,age      ] GC(114) - age   7:      38440 bytes,    7851864 total
[2022-12-13T06:30:40.475+0000][151028][gc,age      ] GC(114) - age   8:      36136 bytes,    7888000 total
[2022-12-13T06:30:40.475+0000][151028][gc,age      ] GC(114) - age   9:      19928 bytes,    7907928 total
[2022-12-13T06:30:40.475+0000][151028][gc,age      ] GC(114) - age  10:       7464 bytes,    7915392 total
[2022-12-13T06:30:40.476+0000][151028][gc,age      ] GC(114) - age  11:       5656 bytes,    7921048 total
[2022-12-13T06:30:40.476+0000][151028][gc,age      ] GC(114) - age  12:      22104 bytes,    7943152 total
[2022-12-13T06:30:40.476+0000][151028][gc,age      ] GC(114) - age  13:      10648 bytes,    7953800 total
[2022-12-13T06:30:40.476+0000][151028][gc,age      ] GC(114) - age  14:      49992 bytes,    8003792 total
[2022-12-13T06:30:40.476+0000][151028][gc,age      ] GC(114) - age  15:    1162168 bytes,    9165960 total
[2022-12-13T06:30:40.476+0000][151028][gc,heap     ] GC(114) Eden regions: 64->0(1195)
[2022-12-13T06:30:40.476+0000][151028][gc,heap     ] GC(114) Survivor regions: 4->3(150)
[2022-12-13T06:30:40.476+0000][151028][gc,heap     ] GC(114) Old regions: 446->446
[2022-12-13T06:30:40.476+0000][151028][gc,heap     ] GC(114) Archive regions: 2->2
[2022-12-13T06:30:40.476+0000][151028][gc,heap     ] GC(114) Humongous regions: 140->6
[2022-12-13T06:30:40.476+0000][151028][gc,metaspace] GC(114) Metaspace: 171056K(175680K)->171056K(175680K) NonClass: 149905K(152448K)->149905K(152448K) Class: 21151K(23232K)->21151K(23232K)
[2022-12-13T06:30:40.476+0000][151028][gc          ] GC(114) Pause Young (Concurrent Start) (G1 Humongous Allocation) 2618M->1823M(7992M) 8.283ms
[2022-12-13T06:30:40.476+0000][151028][gc          ] GC(115) Concurrent Undo Cycle
[2022-12-13T06:30:40.476+0000][151028][gc,cpu      ] GC(114) User=0.04s Sys=0.00s Real=0.01s
[2022-12-13T06:30:40.476+0000][151028][gc,marking  ] GC(115) Concurrent Cleanup for Next Mark
[2022-12-13T06:30:40.476+0000][151028][safepoint   ] Safepoint "G1TryInitiateConcMark", Time since last: 64900100 ns, Reaching safepoint: 193900 ns, At safepoint: 8563500 ns, Total: 8757400 ns
[2022-12-13T06:30:40.477+0000][151028][gc,marking  ] GC(115) Concurrent Cleanup for Next Mark 0.786ms
[2022-12-13T06:30:40.477+0000][151028][gc          ] GC(115) Concurrent Undo Cycle 0.919ms
[2022-12-13T06:30:41.250+0000][151028][gc,start    ] GC(116) Pause Young (Concurrent Start) (G1 Humongous Allocation)
[2022-12-13T06:30:41.250+0000][151028][gc,task     ] GC(116) Using 10 workers of 10 for evacuation
[2022-12-13T06:30:41.250+0000][151028][gc,age      ] GC(116) Desired survivor size 314572800 bytes, new threshold 15 (max threshold 15)
[2022-12-13T06:30:41.259+0000][151028][gc,phases   ] GC(116)   Pre Evacuate Collection Set: 0.9ms
[2022-12-13T06:30:41.259+0000][151028][gc,phases   ] GC(116)   Merge Heap Roots: 0.2ms
[2022-12-13T06:30:41.259+0000][151028][gc,phases   ] GC(116)   Evacuate Collection Set: 5.2ms
[2022-12-13T06:30:41.259+0000][151028][gc,phases   ] GC(116)   Post Evacuate Collection Set: 2.9ms
[2022-12-13T06:30:41.259+0000][151028][gc,phases   ] GC(116)   Other: 0.2ms
[2022-12-13T06:30:41.259+0000][151028][gc,age      ] GC(116) Age table with threshold 15 (max threshold 15)
[2022-12-13T06:30:41.259+0000][151028][gc,age      ] GC(116) - age   1:   10793096 bytes,   10793096 total
[2022-12-13T06:30:41.259+0000][151028][gc,age      ] GC(116) - age   2:     589504 bytes,   11382600 total
[2022-12-13T06:30:41.259+0000][151028][gc,age      ] GC(116) - age   3:     500656 bytes,   11883256 total
[2022-12-13T06:30:41.259+0000][151028][gc,age      ] GC(116) - age   4:     249608 bytes,   12132864 total
[2022-12-13T06:30:41.259+0000][151028][gc,age      ] GC(116) - age   5:     111344 bytes,   12244208 total
[2022-12-13T06:30:41.259+0000][151028][gc,age      ] GC(116) - age   6:    2143968 bytes,   14388176 total
[2022-12-13T06:30:41.259+0000][151028][gc,age      ] GC(116) - age   7:      89736 bytes,   14477912 total
[2022-12-13T06:30:41.259+0000][151028][gc,age      ] GC(116) - age   8:      38440 bytes,   14516352 total
[2022-12-13T06:30:41.259+0000][151028][gc,age      ] GC(116) - age   9:      27632 bytes,   14543984 total
[2022-12-13T06:30:41.259+0000][151028][gc,age      ] GC(116) - age  10:      19928 bytes,   14563912 total
[2022-12-13T06:30:41.259+0000][151028][gc,age      ] GC(116) - age  11:       7464 bytes,   14571376 total
[2022-12-13T06:30:41.259+0000][151028][gc,age      ] GC(116) - age  12:       5656 bytes,   14577032 total
[2022-12-13T06:30:41.259+0000][151028][gc,age      ] GC(116) - age  13:      22104 bytes,   14599136 total
[2022-12-13T06:30:41.259+0000][151028][gc,age      ] GC(116) - age  14:      10648 bytes,   14609784 total
[2022-12-13T06:30:41.259+0000][151028][gc,age      ] GC(116) - age  15:      49992 bytes,   14659776 total
[2022-12-13T06:30:41.259+0000][151028][gc,heap     ] GC(116) Eden regions: 28->0(1194)
[2022-12-13T06:30:41.259+0000][151028][gc,heap     ] GC(116) Survivor regions: 3->4(150)
[2022-12-13T06:30:41.259+0000][151028][gc,heap     ] GC(116) Old regions: 446->448
[2022-12-13T06:30:41.259+0000][151028][gc,heap     ] GC(116) Archive regions: 2->2
[2022-12-13T06:30:41.259+0000][151028][gc,heap     ] GC(116) Humongous regions: 138->6
[2022-12-13T06:30:41.259+0000][151028][gc,metaspace] GC(116) Metaspace: 171066K(175680K)->171066K(175680K) NonClass: 149915K(152448K)->149915K(152448K) Class: 21151K(23232K)->21151K(23232K)
[2022-12-13T06:30:41.260+0000][151028][gc          ] GC(116) Pause Young (Concurrent Start) (G1 Humongous Allocation) 2461M->1832M(7992M) 9.869ms
[2022-12-13T06:30:41.260+0000][151028][gc          ] GC(117) Concurrent Undo Cycle
[2022-12-13T06:30:41.260+0000][151028][gc,cpu      ] GC(116) User=0.06s Sys=0.00s Real=0.02s
[2022-12-13T06:30:41.260+0000][151028][gc,marking  ] GC(117) Concurrent Cleanup for Next Mark
[2022-12-13T06:30:41.260+0000][151028][safepoint   ] Safepoint "G1TryInitiateConcMark", Time since last: 773521200 ns, Reaching safepoint: 191600 ns, At safepoint: 10164900 ns, Total: 10356500 ns
[2022-12-13T06:30:41.260+0000][151028][gc,marking  ] GC(117) Concurrent Cleanup for Next Mark 0.683ms
[2022-12-13T06:30:41.260+0000][151028][gc          ] GC(117) Concurrent Undo Cycle 0.806ms
[2022-12-13T06:30:41.977+0000][151028][safepoint   ] Safepoint "G1TryInitiateConcMark", Time since last: 717077200 ns, Reaching safepoint: 232800 ns, At safepoint: 47200 ns, Total: 280000 ns
[2022-12-13T06:30:41.978+0000][151028][gc,start    ] GC(118) Pause Young (Concurrent Start) (G1 Humongous Allocation)
[2022-12-13T06:30:41.978+0000][151028][gc,task     ] GC(118) Using 10 workers of 10 for evacuation
[2022-12-13T06:30:41.978+0000][151028][gc,age      ] GC(118) Desired survivor size 314572800 bytes, new threshold 15 (max threshold 15)
[2022-12-13T06:30:41.990+0000][151028][gc,phases   ] GC(118)   Pre Evacuate Collection Set: 0.9ms
[2022-12-13T06:30:41.990+0000][151028][gc,phases   ] GC(118)   Merge Heap Roots: 0.2ms
[2022-12-13T06:30:41.990+0000][151028][gc,phases   ] GC(118)   Evacuate Collection Set: 6.3ms
[2022-12-13T06:30:41.990+0000][151028][gc,phases   ] GC(118)   Post Evacuate Collection Set: 4.8ms
[2022-12-13T06:30:41.990+0000][151028][gc,phases   ] GC(118)   Other: 0.4ms
[2022-12-13T06:30:41.990+0000][151028][gc,age      ] GC(118) Age table with threshold 15 (max threshold 15)
[2022-12-13T06:30:41.990+0000][151028][gc,age      ] GC(118) - age   1:   22554496 bytes,   22554496 total
[2022-12-13T06:30:41.990+0000][151028][gc,age      ] GC(118) - age   2:     790000 bytes,   23344496 total
[2022-12-13T06:30:41.990+0000][151028][gc,age      ] GC(118) - age   3:     227040 bytes,   23571536 total
[2022-12-13T06:30:41.990+0000][151028][gc,age      ] GC(118) - age   4:     266960 bytes,   23838496 total
[2022-12-13T06:30:41.990+0000][151028][gc,age      ] GC(118) - age   5:     188080 bytes,   24026576 total
[2022-12-13T06:30:41.990+0000][151028][gc,age      ] GC(118) - age   6:     110384 bytes,   24136960 total
[2022-12-13T06:30:41.990+0000][151028][gc,age      ] GC(118) - age   7:    2142968 bytes,   26279928 total
[2022-12-13T06:30:41.990+0000][151028][gc,age      ] GC(118) - age   8:      89296 bytes,   26369224 total
[2022-12-13T06:30:41.990+0000][151028][gc,age      ] GC(118) - age   9:      22040 bytes,   26391264 total
[2022-12-13T06:30:41.990+0000][151028][gc,age      ] GC(118) - age  10:      27632 bytes,   26418896 total
[2022-12-13T06:30:41.990+0000][151028][gc,age      ] GC(118) - age  11:      19928 bytes,   26438824 total
[2022-12-13T06:30:41.991+0000][151028][gc,age      ] GC(118) - age  12:       7464 bytes,   26446288 total
[2022-12-13T06:30:41.991+0000][151028][gc,age      ] GC(118) - age  13:       5656 bytes,   26451944 total
[2022-12-13T06:30:41.991+0000][151028][gc,age      ] GC(118) - age  14:      22064 bytes,   26474008 total
[2022-12-13T06:30:41.991+0000][151028][gc,age      ] GC(118) - age  15:      10648 bytes,   26484656 total
[2022-12-13T06:30:41.991+0000][151028][gc,heap     ] GC(118) Eden regions: 46->0(1188)
[2022-12-13T06:30:41.991+0000][151028][gc,heap     ] GC(118) Survivor regions: 4->7(150)
[2022-12-13T06:30:41.991+0000][151028][gc,heap     ] GC(118) Old regions: 448->448
[2022-12-13T06:30:41.991+0000][151028][gc,heap     ] GC(118) Archive regions: 2->2
[2022-12-13T06:30:41.991+0000][151028][gc,heap     ] GC(118) Humongous regions: 138->6
[2022-12-13T06:30:41.991+0000][151028][gc,metaspace] GC(118) Metaspace: 171160K(175744K)->171160K(175744K) NonClass: 150000K(152512K)->150000K(152512K) Class: 21160K(23232K)->21160K(23232K)
[2022-12-13T06:30:41.991+0000][151028][gc          ] GC(118) Pause Young (Concurrent Start) (G1 Humongous Allocation) 2540M->1844M(7992M) 13.027ms
[2022-12-13T06:30:41.991+0000][151028][gc          ] GC(119) Concurrent Undo Cycle
[2022-12-13T06:30:41.991+0000][151028][gc,cpu      ] GC(118) User=0.08s Sys=0.02s Real=0.02s
[2022-12-13T06:30:41.991+0000][151028][gc,marking  ] GC(119) Concurrent Cleanup for Next Mark
[2022-12-13T06:30:41.991+0000][151028][safepoint   ] Safepoint "G1TryInitiateConcMark", Time since last: 137800 ns, Reaching safepoint: 312600 ns, At safepoint: 13262700 ns, Total: 13575300 ns
[2022-12-13T06:30:41.991+0000][151028][gc,marking  ] GC(119) Concurrent Cleanup for Next Mark 0.700ms
[2022-12-13T06:30:41.992+0000][151028][gc          ] GC(119) Concurrent Undo Cycle 0.821ms
[2022-12-13T06:30:43.000+0000][151028][safepoint   ] Safepoint "Cleanup", Time since last: 1000162900 ns, Reaching safepoint: 8904100 ns, At safepoint: 95500 ns, Total: 8999600 ns
[2022-12-13T06:30:43.377+0000][151028][gc,start    ] GC(120) Pause Young (Concurrent Start) (G1 Humongous Allocation)
[2022-12-13T06:30:43.377+0000][151028][gc,task     ] GC(120) Using 10 workers of 10 for evacuation
[2022-12-13T06:30:43.377+0000][151028][gc,age      ] GC(120) Desired survivor size 314572800 bytes, new threshold 15 (max threshold 15)
[2022-12-13T06:30:43.396+0000][151028][gc,phases   ] GC(120)   Pre Evacuate Collection Set: 1.0ms
[2022-12-13T06:30:43.396+0000][151028][gc,phases   ] GC(120)   Merge Heap Roots: 0.3ms
[2022-12-13T06:30:43.396+0000][151028][gc,phases   ] GC(120)   Evacuate Collection Set: 5.9ms
[2022-12-13T06:30:43.396+0000][151028][gc,phases   ] GC(120)   Post Evacuate Collection Set: 11.6ms
[2022-12-13T06:30:43.396+0000][151028][gc,phases   ] GC(120)   Other: 0.3ms
[2022-12-13T06:30:43.396+0000][151028][gc,age      ] GC(120) Age table with threshold 15 (max threshold 15)
[2022-12-13T06:30:43.396+0000][151028][gc,age      ] GC(120) - age   1:   34639912 bytes,   34639912 total
[2022-12-13T06:30:43.396+0000][151028][gc,age      ] GC(120) - age   2:    5134128 bytes,   39774040 total
[2022-12-13T06:30:43.396+0000][151028][gc,age      ] GC(120) - age   3:      29536 bytes,   39803576 total
[2022-12-13T06:30:43.396+0000][151028][gc,age      ] GC(120) - age   4:     120360 bytes,   39923936 total
[2022-12-13T06:30:43.396+0000][151028][gc,age      ] GC(120) - age   5:     242056 bytes,   40165992 total
[2022-12-13T06:30:43.396+0000][151028][gc,age      ] GC(120) - age   6:     155064 bytes,   40321056 total
[2022-12-13T06:30:43.396+0000][151028][gc,age      ] GC(120) - age   7:     108904 bytes,   40429960 total
[2022-12-13T06:30:43.396+0000][151028][gc,age      ] GC(120) - age   8:    2137608 bytes,   42567568 total
[2022-12-13T06:30:43.396+0000][151028][gc,age      ] GC(120) - age   9:      89256 bytes,   42656824 total
[2022-12-13T06:30:43.396+0000][151028][gc,age      ] GC(120) - age  10:      22040 bytes,   42678864 total
[2022-12-13T06:30:43.396+0000][151028][gc,age      ] GC(120) - age  11:      11192 bytes,   42690056 total
[2022-12-13T06:30:43.396+0000][151028][gc,age      ] GC(120) - age  12:      19928 bytes,   42709984 total
[2022-12-13T06:30:43.396+0000][151028][gc,age      ] GC(120) - age  13:       7464 bytes,   42717448 total
[2022-12-13T06:30:43.396+0000][151028][gc,age      ] GC(120) - age  14:       5632 bytes,   42723080 total
[2022-12-13T06:30:43.396+0000][151028][gc,age      ] GC(120) - age  15:      22024 bytes,   42745104 total
[2022-12-13T06:30:43.396+0000][151028][gc,heap     ] GC(120) Eden regions: 124->0(1073)
[2022-12-13T06:30:43.396+0000][151028][gc,heap     ] GC(120) Survivor regions: 7->12(150)
[2022-12-13T06:30:43.396+0000][151028][gc,heap     ] GC(120) Old regions: 448->448
[2022-12-13T06:30:43.396+0000][151028][gc,heap     ] GC(120) Archive regions: 2->2
[2022-12-13T06:30:43.396+0000][151028][gc,heap     ] GC(120) Humongous regions: 144->7
[2022-12-13T06:30:43.396+0000][151028][gc,metaspace] GC(120) Metaspace: 171300K(175872K)->171300K(175872K) NonClass: 150131K(152640K)->150131K(152640K) Class: 21168K(23232K)->21168K(23232K)
[2022-12-13T06:30:43.396+0000][151028][gc          ] GC(120) Pause Young (Concurrent Start) (G1 Humongous Allocation) 2890M->1865M(7992M) 19.597ms
[2022-12-13T06:30:43.396+0000][151028][gc          ] GC(121) Concurrent Undo Cycle
[2022-12-13T06:30:43.396+0000][151028][gc,cpu      ] GC(120) User=0.16s Sys=0.00s Real=0.02s
[2022-12-13T06:30:43.396+0000][151028][gc,marking  ] GC(121) Concurrent Cleanup for Next Mark
[2022-12-13T06:30:43.396+0000][151028][safepoint   ] Safepoint "G1TryInitiateConcMark", Time since last: 376314800 ns, Reaching safepoint: 263500 ns, At safepoint: 19861500 ns, Total: 20125000 ns
[2022-12-13T06:30:43.397+0000][151028][gc,marking  ] GC(121) Concurrent Cleanup for Next Mark 0.709ms
[2022-12-13T06:30:43.397+0000][151028][gc          ] GC(121) Concurrent Undo Cycle 0.824ms
[2022-12-13T06:30:44.397+0000][151028][safepoint   ] Safepoint "Cleanup", Time since last: 1000219700 ns, Reaching safepoint: 288300 ns, At safepoint: 29200 ns, Total: 317500 ns
[2022-12-13T06:30:44.417+0000][151028][gc,start    ] GC(122) Pause Young (Concurrent Start) (G1 Humongous Allocation)
[2022-12-13T06:30:44.417+0000][151028][gc,task     ] GC(122) Using 10 workers of 10 for evacuation
[2022-12-13T06:30:44.417+0000][151028][gc,age      ] GC(122) Desired survivor size 285212672 bytes, new threshold 15 (max threshold 15)
[2022-12-13T06:30:44.426+0000][151028][gc,phases   ] GC(122)   Pre Evacuate Collection Set: 0.9ms
[2022-12-13T06:30:44.426+0000][151028][gc,phases   ] GC(122)   Merge Heap Roots: 0.4ms
[2022-12-13T06:30:44.426+0000][151028][gc,phases   ] GC(122)   Evacuate Collection Set: 4.0ms
[2022-12-13T06:30:44.426+0000][151028][gc,phases   ] GC(122)   Post Evacuate Collection Set: 4.1ms
[2022-12-13T06:30:44.426+0000][151028][gc,phases   ] GC(122)   Other: 0.2ms
[2022-12-13T06:30:44.426+0000][151028][gc,age      ] GC(122) Age table with threshold 15 (max threshold 15)
[2022-12-13T06:30:44.426+0000][151028][gc,age      ] GC(122) - age   1:    7354128 bytes,    7354128 total
[2022-12-13T06:30:44.426+0000][151028][gc,age      ] GC(122) - age   2:     495272 bytes,    7849400 total
[2022-12-13T06:30:44.426+0000][151028][gc,age      ] GC(122) - age   3:     368432 bytes,    8217832 total
[2022-12-13T06:30:44.426+0000][151028][gc,age      ] GC(122) - age   4:      27792 bytes,    8245624 total
[2022-12-13T06:30:44.426+0000][151028][gc,age      ] GC(122) - age   5:      85520 bytes,    8331144 total
[2022-12-13T06:30:44.426+0000][151028][gc,age      ] GC(122) - age   6:     167968 bytes,    8499112 total
[2022-12-13T06:30:44.426+0000][151028][gc,age      ] GC(122) - age   7:     151704 bytes,    8650816 total
[2022-12-13T06:30:44.427+0000][151028][gc,age      ] GC(122) - age   8:     108424 bytes,    8759240 total
[2022-12-13T06:30:44.427+0000][151028][gc,age      ] GC(122) - age   9:    2137064 bytes,   10896304 total
[2022-12-13T06:30:44.427+0000][151028][gc,age      ] GC(122) - age  10:      89256 bytes,   10985560 total
[2022-12-13T06:30:44.427+0000][151028][gc,age      ] GC(122) - age  11:      22040 bytes,   11007600 total
[2022-12-13T06:30:44.427+0000][151028][gc,age      ] GC(122) - age  12:      11192 bytes,   11018792 total
[2022-12-13T06:30:44.427+0000][151028][gc,age      ] GC(122) - age  13:      19928 bytes,   11038720 total
[2022-12-13T06:30:44.427+0000][151028][gc,age      ] GC(122) - age  14:       7464 bytes,   11046184 total
[2022-12-13T06:30:44.427+0000][151028][gc,age      ] GC(122) - age  15:       5632 bytes,   11051816 total
[2022-12-13T06:30:44.427+0000][151028][gc,heap     ] GC(122) Eden regions: 54->0(1111)
[2022-12-13T06:30:44.427+0000][151028][gc,heap     ] GC(122) Survivor regions: 12->3(136)
[2022-12-13T06:30:44.427+0000][151028][gc,heap     ] GC(122) Old regions: 448->448
[2022-12-13T06:30:44.427+0000][151028][gc,heap     ] GC(122) Archive regions: 2->2
[2022-12-13T06:30:44.427+0000][151028][gc,heap     ] GC(122) Humongous regions: 139->6
[2022-12-13T06:30:44.427+0000][151028][gc,metaspace] GC(122) Metaspace: 171301K(175872K)->171301K(175872K) NonClass: 150133K(152640K)->150133K(152640K) Class: 21168K(23232K)->21168K(23232K)
[2022-12-13T06:30:44.427+0000][151028][gc          ] GC(122) Pause Young (Concurrent Start) (G1 Humongous Allocation) 2607M->1828M(7992M) 10.145ms
[2022-12-13T06:30:44.427+0000][151028][gc          ] GC(123) Concurrent Undo Cycle
[2022-12-13T06:30:44.427+0000][151028][gc,cpu      ] GC(122) User=0.04s Sys=0.02s Real=0.01s
[2022-12-13T06:30:44.427+0000][151028][gc,marking  ] GC(123) Concurrent Cleanup for Next Mark
[2022-12-13T06:30:44.427+0000][151028][safepoint   ] Safepoint "G1TryInitiateConcMark", Time since last: 18950600 ns, Reaching safepoint: 562000 ns, At safepoint: 10553500 ns, Total: 11115500 ns
[2022-12-13T06:30:44.428+0000][151028][gc,marking  ] GC(123) Concurrent Cleanup for Next Mark 0.879ms
[2022-12-13T06:30:44.428+0000][151028][gc          ] GC(123) Concurrent Undo Cycle 1.002ms
[2022-12-13T06:30:45.429+0000][151028][gc,start    ] GC(124) Pause Young (Concurrent Start) (G1 Humongous Allocation)
[2022-12-13T06:30:45.429+0000][151028][gc,task     ] GC(124) Using 10 workers of 10 for evacuation
[2022-12-13T06:30:45.429+0000][151028][gc,age      ] GC(124) Desired survivor size 293601280 bytes, new threshold 15 (max threshold 15)
[2022-12-13T06:30:45.443+0000][151028][gc,phases   ] GC(124)   Pre Evacuate Collection Set: 1.0ms
[2022-12-13T06:30:45.443+0000][151028][gc,phases   ] GC(124)   Merge Heap Roots: 0.3ms
[2022-12-13T06:30:45.444+0000][151028][gc,phases   ] GC(124)   Evacuate Collection Set: 6.2ms
[2022-12-13T06:30:45.444+0000][151028][gc,phases   ] GC(124)   Post Evacuate Collection Set: 6.5ms
[2022-12-13T06:30:45.444+0000][151028][gc,phases   ] GC(124)   Other: 0.2ms
[2022-12-13T06:30:45.444+0000][151028][gc,age      ] GC(124) Age table with threshold 15 (max threshold 15)
[2022-12-13T06:30:45.444+0000][151028][gc,age      ] GC(124) - age   1:   26444040 bytes,   26444040 total
[2022-12-13T06:30:45.444+0000][151028][gc,age      ] GC(124) - age   2:     122424 bytes,   26566464 total
[2022-12-13T06:30:45.444+0000][151028][gc,age      ] GC(124) - age   3:     312448 bytes,   26878912 total
[2022-12-13T06:30:45.444+0000][151028][gc,age      ] GC(124) - age   4:     350912 bytes,   27229824 total
[2022-12-13T06:30:45.444+0000][151028][gc,age      ] GC(124) - age   5:      11112 bytes,   27240936 total
[2022-12-13T06:30:45.444+0000][151028][gc,age      ] GC(124) - age   6:      66088 bytes,   27307024 total
[2022-12-13T06:30:45.444+0000][151028][gc,age      ] GC(124) - age   7:     147824 bytes,   27454848 total
[2022-12-13T06:30:45.444+0000][151028][gc,age      ] GC(124) - age   8:     146104 bytes,   27600952 total
[2022-12-13T06:30:45.444+0000][151028][gc,age      ] GC(124) - age   9:      90824 bytes,   27691776 total
[2022-12-13T06:30:45.444+0000][151028][gc,age      ] GC(124) - age  10:    2136024 bytes,   29827800 total
[2022-12-13T06:30:45.444+0000][151028][gc,age      ] GC(124) - age  11:      72856 bytes,   29900656 total
[2022-12-13T06:30:45.444+0000][151028][gc,age      ] GC(124) - age  12:      22040 bytes,   29922696 total
[2022-12-13T06:30:45.444+0000][151028][gc,age      ] GC(124) - age  13:      11152 bytes,   29933848 total
[2022-12-13T06:30:45.444+0000][151028][gc,age      ] GC(124) - age  14:      19928 bytes,   29953776 total
[2022-12-13T06:30:45.444+0000][151028][gc,age      ] GC(124) - age  15:       7464 bytes,   29961240 total
[2022-12-13T06:30:45.444+0000][151028][gc,heap     ] GC(124) Eden regions: 69->0(1092)
[2022-12-13T06:30:45.444+0000][151028][gc,heap     ] GC(124) Survivor regions: 3->8(140)
[2022-12-13T06:30:45.444+0000][151028][gc,heap     ] GC(124) Old regions: 448->448
[2022-12-13T06:30:45.444+0000][151028][gc,heap     ] GC(124) Archive regions: 2->2
[2022-12-13T06:30:45.444+0000][151028][gc,heap     ] GC(124) Humongous regions: 149->43
[2022-12-13T06:30:45.444+0000][151028][gc,metaspace] GC(124) Metaspace: 171328K(175936K)->171328K(175936K) NonClass: 150159K(152704K)->150159K(152704K) Class: 21169K(23232K)->21169K(23232K)
[2022-12-13T06:30:45.444+0000][151028][gc          ] GC(124) Pause Young (Concurrent Start) (G1 Humongous Allocation) 2676M->1994M(7992M) 14.872ms
[2022-12-13T06:30:45.444+0000][151028][gc          ] GC(125) Concurrent Undo Cycle
[2022-12-13T06:30:45.444+0000][151028][gc,cpu      ] GC(124) User=0.10s Sys=0.00s Real=0.02s
[2022-12-13T06:30:45.444+0000][151028][gc,marking  ] GC(125) Concurrent Cleanup for Next Mark
[2022-12-13T06:30:45.444+0000][151028][safepoint   ] Safepoint "G1TryInitiateConcMark", Time since last: 996352500 ns, Reaching safepoint: 5686300 ns, At safepoint: 15211800 ns, Total: 20898100 ns
[2022-12-13T06:30:45.445+0000][151028][gc,marking  ] GC(125) Concurrent Cleanup for Next Mark 0.906ms
[2022-12-13T06:30:45.445+0000][151028][gc          ] GC(125) Concurrent Undo Cycle 1.079ms
[2022-12-13T06:30:45.961+0000][151028][gc,start    ] GC(126) Pause Young (Concurrent Start) (G1 Humongous Allocation)
[2022-12-13T06:30:45.962+0000][151028][gc,task     ] GC(126) Using 10 workers of 10 for evacuation
[2022-12-13T06:30:45.962+0000][151028][gc,age      ] GC(126) Desired survivor size 289406976 bytes, new threshold 15 (max threshold 15)
[2022-12-13T06:30:45.977+0000][151028][gc,phases   ] GC(126)   Pre Evacuate Collection Set: 1.8ms
[2022-12-13T06:30:45.977+0000][151028][gc,phases   ] GC(126)   Merge Heap Roots: 0.3ms
[2022-12-13T06:30:45.977+0000][151028][gc,phases   ] GC(126)   Evacuate Collection Set: 4.6ms
[2022-12-13T06:30:45.977+0000][151028][gc,phases   ] GC(126)   Post Evacuate Collection Set: 8.3ms
[2022-12-13T06:30:45.977+0000][151028][gc,phases   ] GC(126)   Other: 0.2ms
[2022-12-13T06:30:45.977+0000][151028][gc,age      ] GC(126) Age table with threshold 15 (max threshold 15)
[2022-12-13T06:30:45.977+0000][151028][gc,age      ] GC(126) - age   1:   16563440 bytes,   16563440 total
[2022-12-13T06:30:45.977+0000][151028][gc,age      ] GC(126) - age   2:     431672 bytes,   16995112 total
[2022-12-13T06:30:45.977+0000][151028][gc,age      ] GC(126) - age   3:     117544 bytes,   17112656 total
[2022-12-13T06:30:45.977+0000][151028][gc,age      ] GC(126) - age   4:     241112 bytes,   17353768 total
[2022-12-13T06:30:45.977+0000][151028][gc,age      ] GC(126) - age   5:     350288 bytes,   17704056 total
[2022-12-13T06:30:45.977+0000][151028][gc,age      ] GC(126) - age   6:      10632 bytes,   17714688 total
[2022-12-13T06:30:45.977+0000][151028][gc,age      ] GC(126) - age   7:      64408 bytes,   17779096 total
[2022-12-13T06:30:45.977+0000][151028][gc,age      ] GC(126) - age   8:      82072 bytes,   17861168 total
[2022-12-13T06:30:45.977+0000][151028][gc,age      ] GC(126) - age   9:     145624 bytes,   18006792 total
[2022-12-13T06:30:45.977+0000][151028][gc,age      ] GC(126) - age  10:      90824 bytes,   18097616 total
[2022-12-13T06:30:45.977+0000][151028][gc,age      ] GC(126) - age  11:    2135944 bytes,   20233560 total
[2022-12-13T06:30:45.977+0000][151028][gc,age      ] GC(126) - age  12:      72816 bytes,   20306376 total
[2022-12-13T06:30:45.977+0000][151028][gc,age      ] GC(126) - age  13:      22040 bytes,   20328416 total
[2022-12-13T06:30:45.977+0000][151028][gc,age      ] GC(126) - age  14:      11152 bytes,   20339568 total
[2022-12-13T06:30:45.977+0000][151028][gc,age      ] GC(126) - age  15:      19888 bytes,   20359456 total
[2022-12-13T06:30:45.977+0000][151028][gc,heap     ] GC(126) Eden regions: 54->0(1145)
[2022-12-13T06:30:45.977+0000][151028][gc,heap     ] GC(126) Survivor regions: 8->6(138)
[2022-12-13T06:30:45.977+0000][151028][gc,heap     ] GC(126) Old regions: 448->448
[2022-12-13T06:30:45.977+0000][151028][gc,heap     ] GC(126) Archive regions: 2->2
[2022-12-13T06:30:45.977+0000][151028][gc,heap     ] GC(126) Humongous regions: 146->6
[2022-12-13T06:30:45.977+0000][151028][gc,metaspace] GC(126) Metaspace: 171360K(176000K)->171360K(176000K) NonClass: 150188K(152768K)->150188K(152768K) Class: 21171K(23232K)->21171K(23232K)
[2022-12-13T06:30:45.977+0000][151028][gc          ] GC(126) Pause Young (Concurrent Start) (G1 Humongous Allocation) 2619M->1839M(7992M) 15.696ms
[2022-12-13T06:30:45.977+0000][151028][gc          ] GC(127) Concurrent Undo Cycle
[2022-12-13T06:30:45.977+0000][151028][gc,cpu      ] GC(126) User=0.07s Sys=0.01s Real=0.01s
[2022-12-13T06:30:45.977+0000][151028][gc,marking  ] GC(127) Concurrent Cleanup for Next Mark
[2022-12-13T06:30:45.977+0000][151028][safepoint   ] Safepoint "G1TryInitiateConcMark", Time since last: 516865300 ns, Reaching safepoint: 270900 ns, At safepoint: 15974900 ns, Total: 16245800 ns
[2022-12-13T06:30:45.978+0000][151028][gc,marking  ] GC(127) Concurrent Cleanup for Next Mark 0.680ms
[2022-12-13T06:30:45.978+0000][151028][gc          ] GC(127) Concurrent Undo Cycle 0.807ms
[2022-12-13T06:30:46.589+0000][151028][gc,start    ] GC(128) Pause Young (Concurrent Start) (G1 Humongous Allocation)
[2022-12-13T06:30:46.589+0000][151028][gc,task     ] GC(128) Using 10 workers of 10 for evacuation
[2022-12-13T06:30:46.589+0000][151028][gc,age      ] GC(128) Desired survivor size 301989888 bytes, new threshold 15 (max threshold 15)
[2022-12-13T06:30:46.600+0000][151028][gc,phases   ] GC(128)   Pre Evacuate Collection Set: 0.9ms
[2022-12-13T06:30:46.601+0000][151028][gc,phases   ] GC(128)   Merge Heap Roots: 0.2ms
[2022-12-13T06:30:46.601+0000][151028][gc,phases   ] GC(128)   Evacuate Collection Set: 4.2ms
[2022-12-13T06:30:46.601+0000][151028][gc,phases   ] GC(128)   Post Evacuate Collection Set: 5.6ms
[2022-12-13T06:30:46.601+0000][151028][gc,phases   ] GC(128)   Other: 0.1ms
[2022-12-13T06:30:46.601+0000][151028][gc,age      ] GC(128) Age table with threshold 15 (max threshold 15)
[2022-12-13T06:30:46.601+0000][151028][gc,age      ] GC(128) - age   1:   14688184 bytes,   14688184 total
[2022-12-13T06:30:46.601+0000][151028][gc,age      ] GC(128) - age   2:     346856 bytes,   15035040 total
[2022-12-13T06:30:46.601+0000][151028][gc,age      ] GC(128) - age   3:     129824 bytes,   15164864 total
[2022-12-13T06:30:46.601+0000][151028][gc,age      ] GC(128) - age   4:      92800 bytes,   15257664 total
[2022-12-13T06:30:46.601+0000][151028][gc,age      ] GC(128) - age   5:     234112 bytes,   15491776 total
[2022-12-13T06:30:46.601+0000][151028][gc,age      ] GC(128) - age   6:     349056 bytes,   15840832 total
[2022-12-13T06:30:46.601+0000][151028][gc,age      ] GC(128) - age   7:      10072 bytes,   15850904 total
[2022-12-13T06:30:46.601+0000][151028][gc,age      ] GC(128) - age   8:      60712 bytes,   15911616 total
[2022-12-13T06:30:46.601+0000][151028][gc,age      ] GC(128) - age   9:      80632 bytes,   15992248 total
[2022-12-13T06:30:46.601+0000][151028][gc,age      ] GC(128) - age  10:     145624 bytes,   16137872 total
[2022-12-13T06:30:46.601+0000][151028][gc,age      ] GC(128) - age  11:      90824 bytes,   16228696 total
[2022-12-13T06:30:46.601+0000][151028][gc,age      ] GC(128) - age  12:    2133464 bytes,   18362160 total
[2022-12-13T06:30:46.601+0000][151028][gc,age      ] GC(128) - age  13:      72816 bytes,   18434976 total
[2022-12-13T06:30:46.601+0000][151028][gc,age      ] GC(128) - age  14:      22040 bytes,   18457016 total
[2022-12-13T06:30:46.601+0000][151028][gc,age      ] GC(128) - age  15:      11152 bytes,   18468168 total
[2022-12-13T06:30:46.601+0000][151028][gc,heap     ] GC(128) Eden regions: 37->0(1159)
[2022-12-13T06:30:46.601+0000][151028][gc,heap     ] GC(128) Survivor regions: 6->5(144)
[2022-12-13T06:30:46.601+0000][151028][gc,heap     ] GC(128) Old regions: 448->448
[2022-12-13T06:30:46.601+0000][151028][gc,heap     ] GC(128) Archive regions: 2->2
[2022-12-13T06:30:46.601+0000][151028][gc,heap     ] GC(128) Humongous regions: 118->7
[2022-12-13T06:30:46.601+0000][151028][gc,metaspace] GC(128) Metaspace: 171378K(176000K)->171378K(176000K) NonClass: 150206K(152768K)->150206K(152768K) Class: 21171K(23232K)->21171K(23232K)
[2022-12-13T06:30:46.601+0000][151028][gc          ] GC(128) Pause Young (Concurrent Start) (G1 Humongous Allocation) 2434M->1840M(7992M) 11.559ms
[2022-12-13T06:30:46.601+0000][151028][gc          ] GC(129) Concurrent Undo Cycle
[2022-12-13T06:30:46.601+0000][151028][gc,cpu      ] GC(128) User=0.06s Sys=0.01s Real=0.02s
[2022-12-13T06:30:46.601+0000][151028][gc,marking  ] GC(129) Concurrent Cleanup for Next Mark
[2022-12-13T06:30:46.601+0000][151028][safepoint   ] Safepoint "G1TryInitiateConcMark", Time since last: 611706100 ns, Reaching safepoint: 189800 ns, At safepoint: 11801100 ns, Total: 11990900 ns
[2022-12-13T06:30:46.602+0000][151028][gc,marking  ] GC(129) Concurrent Cleanup for Next Mark 0.669ms
[2022-12-13T06:30:46.602+0000][151028][gc          ] GC(129) Concurrent Undo Cycle 0.811ms
[2022-12-13T06:30:47.536+0000][151028][gc,start    ] GC(130) Pause Young (Concurrent Start) (G1 Humongous Allocation)
[2022-12-13T06:30:47.536+0000][151028][gc,task     ] GC(130) Using 10 workers of 10 for evacuation
[2022-12-13T06:30:47.536+0000][151028][gc,age      ] GC(130) Desired survivor size 306184192 bytes, new threshold 15 (max threshold 15)
[2022-12-13T06:30:47.544+0000][151028][gc,phases   ] GC(130)   Pre Evacuate Collection Set: 1.0ms
[2022-12-13T06:30:47.544+0000][151028][gc,phases   ] GC(130)   Merge Heap Roots: 0.2ms
[2022-12-13T06:30:47.544+0000][151028][gc,phases   ] GC(130)   Evacuate Collection Set: 3.6ms
[2022-12-13T06:30:47.544+0000][151028][gc,phases   ] GC(130)   Post Evacuate Collection Set: 2.6ms
[2022-12-13T06:30:47.544+0000][151028][gc,phases   ] GC(130)   Other: 0.1ms
[2022-12-13T06:30:47.544+0000][151028][gc,age      ] GC(130) Age table with threshold 15 (max threshold 15)
[2022-12-13T06:30:47.544+0000][151028][gc,age      ] GC(130) - age   1:    2520760 bytes,    2520760 total
[2022-12-13T06:30:47.544+0000][151028][gc,age      ] GC(130) - age   2:     233896 bytes,    2754656 total
[2022-12-13T06:30:47.544+0000][151028][gc,age      ] GC(130) - age   3:     186312 bytes,    2940968 total
[2022-12-13T06:30:47.544+0000][151028][gc,age      ] GC(130) - age   4:     125576 bytes,    3066544 total
[2022-12-13T06:30:47.544+0000][151028][gc,age      ] GC(130) - age   5:      91416 bytes,    3157960 total
[2022-12-13T06:30:47.544+0000][151028][gc,age      ] GC(130) - age   6:     162240 bytes,    3320200 total
[2022-12-13T06:30:47.544+0000][151028][gc,age      ] GC(130) - age   7:     348816 bytes,    3669016 total
[2022-12-13T06:30:47.544+0000][151028][gc,age      ] GC(130) - age   8:       9792 bytes,    3678808 total
[2022-12-13T06:30:47.544+0000][151028][gc,age      ] GC(130) - age   9:      59176 bytes,    3737984 total
[2022-12-13T06:30:47.544+0000][151028][gc,age      ] GC(130) - age  10:      80216 bytes,    3818200 total
[2022-12-13T06:30:47.544+0000][151028][gc,age      ] GC(130) - age  11:     128568 bytes,    3946768 total
[2022-12-13T06:30:47.544+0000][151028][gc,age      ] GC(130) - age  12:      90784 bytes,    4037552 total
[2022-12-13T06:30:47.544+0000][151028][gc,age      ] GC(130) - age  13:    2133312 bytes,    6170864 total
[2022-12-13T06:30:47.544+0000][151028][gc,age      ] GC(130) - age  14:      72816 bytes,    6243680 total
[2022-12-13T06:30:47.544+0000][151028][gc,age      ] GC(130) - age  15:      22040 bytes,    6265720 total
[2022-12-13T06:30:47.544+0000][151028][gc,heap     ] GC(130) Eden regions: 39->0(1178)
[2022-12-13T06:30:47.544+0000][151028][gc,heap     ] GC(130) Survivor regions: 5->2(146)
[2022-12-13T06:30:47.544+0000][151028][gc,heap     ] GC(130) Old regions: 448->448
[2022-12-13T06:30:47.544+0000][151028][gc,heap     ] GC(130) Archive regions: 2->2
[2022-12-13T06:30:47.544+0000][151028][gc,heap     ] GC(130) Humongous regions: 139->6
[2022-12-13T06:30:47.544+0000][151028][gc,metaspace] GC(130) Metaspace: 171386K(176000K)->171386K(176000K) NonClass: 150214K(152768K)->150214K(152768K) Class: 21171K(23232K)->21171K(23232K)
[2022-12-13T06:30:47.544+0000][151028][gc          ] GC(130) Pause Young (Concurrent Start) (G1 Humongous Allocation) 2522M->1824M(7992M) 8.080ms
[2022-12-13T06:30:47.544+0000][151028][gc,cpu      ] GC(130) User=0.03s Sys=0.01s Real=0.01s
[2022-12-13T06:30:47.544+0000][151028][safepoint   ] Safepoint "G1TryInitiateConcMark", Time since last: 934727800 ns, Reaching safepoint: 276600 ns, At safepoint: 8242100 ns, Total: 8518700 ns
[2022-12-13T06:30:47.544+0000][151028][gc          ] GC(131) Concurrent Undo Cycle
[2022-12-13T06:30:47.545+0000][151028][gc,marking  ] GC(131) Concurrent Cleanup for Next Mark
[2022-12-13T06:30:47.545+0000][151028][gc,marking  ] GC(131) Concurrent Cleanup for Next Mark 0.635ms
[2022-12-13T06:30:47.545+0000][151028][gc          ] GC(131) Concurrent Undo Cycle 0.791ms
[2022-12-13T06:30:48.448+0000][151028][gc,start    ] GC(132) Pause Young (Concurrent Start) (G1 Humongous Allocation)
[2022-12-13T06:30:48.448+0000][151028][gc,task     ] GC(132) Using 10 workers of 10 for evacuation
[2022-12-13T06:30:48.448+0000][151028][gc,age      ] GC(132) Desired survivor size 310378496 bytes, new threshold 15 (max threshold 15)
[2022-12-13T06:30:48.456+0000][151028][gc,phases   ] GC(132)   Pre Evacuate Collection Set: 1.0ms
[2022-12-13T06:30:48.456+0000][151028][gc,phases   ] GC(132)   Merge Heap Roots: 0.2ms
[2022-12-13T06:30:48.456+0000][151028][gc,phases   ] GC(132)   Evacuate Collection Set: 3.5ms
[2022-12-13T06:30:48.456+0000][151028][gc,phases   ] GC(132)   Post Evacuate Collection Set: 2.8ms
[2022-12-13T06:30:48.456+0000][151028][gc,phases   ] GC(132)   Other: 0.2ms
[2022-12-13T06:30:48.456+0000][151028][gc,age      ] GC(132) Age table with threshold 15 (max threshold 15)
[2022-12-13T06:30:48.456+0000][151028][gc,age      ] GC(132) - age   1:    3077944 bytes,    3077944 total
[2022-12-13T06:30:48.456+0000][151028][gc,age      ] GC(132) - age   2:     237000 bytes,    3314944 total
[2022-12-13T06:30:48.456+0000][151028][gc,age      ] GC(132) - age   3:      96768 bytes,    3411712 total
[2022-12-13T06:30:48.456+0000][151028][gc,age      ] GC(132) - age   4:     183848 bytes,    3595560 total
[2022-12-13T06:30:48.456+0000][151028][gc,age      ] GC(132) - age   5:     100992 bytes,    3696552 total
[2022-12-13T06:30:48.456+0000][151028][gc,age      ] GC(132) - age   6:      25024 bytes,    3721576 total
[2022-12-13T06:30:48.456+0000][151028][gc,age      ] GC(132) - age   7:     159440 bytes,    3881016 total
[2022-12-13T06:30:48.456+0000][151028][gc,age      ] GC(132) - age   8:     348616 bytes,    4229632 total
[2022-12-13T06:30:48.456+0000][151028][gc,age      ] GC(132) - age   9:       4088 bytes,    4233720 total
[2022-12-13T06:30:48.456+0000][151028][gc,age      ] GC(132) - age  10:      58776 bytes,    4292496 total
[2022-12-13T06:30:48.456+0000][151028][gc,age      ] GC(132) - age  11:      80056 bytes,    4372552 total
[2022-12-13T06:30:48.456+0000][151028][gc,age      ] GC(132) - age  12:     128448 bytes,    4501000 total
[2022-12-13T06:30:48.456+0000][151028][gc,age      ] GC(132) - age  13:      90784 bytes,    4591784 total
[2022-12-13T06:30:48.456+0000][151028][gc,age      ] GC(132) - age  14:    2133272 bytes,    6725056 total
[2022-12-13T06:30:48.456+0000][151028][gc,age      ] GC(132) - age  15:      72816 bytes,    6797872 total
[2022-12-13T06:30:48.456+0000][151028][gc,heap     ] GC(132) Eden regions: 32->0(1190)
[2022-12-13T06:30:48.456+0000][151028][gc,heap     ] GC(132) Survivor regions: 2->2(148)
[2022-12-13T06:30:48.456+0000][151028][gc,heap     ] GC(132) Old regions: 448->448
[2022-12-13T06:30:48.456+0000][151028][gc,heap     ] GC(132) Archive regions: 2->2
[2022-12-13T06:30:48.456+0000][151028][gc,heap     ] GC(132) Humongous regions: 138->6
[2022-12-13T06:30:48.456+0000][151028][gc,metaspace] GC(132) Metaspace: 171397K(176000K)->171397K(176000K) NonClass: 150225K(152768K)->150225K(152768K) Class: 21171K(23232K)->21171K(23232K)
[2022-12-13T06:30:48.456+0000][151028][gc          ] GC(132) Pause Young (Concurrent Start) (G1 Humongous Allocation) 2480M->1823M(7992M) 8.287ms
[2022-12-13T06:30:48.456+0000][151028][gc,cpu      ] GC(132) User=0.04s Sys=0.01s Real=0.01s
[2022-12-13T06:30:48.456+0000][151028][gc          ] GC(133) Concurrent Undo Cycle
[2022-12-13T06:30:48.456+0000][151028][gc,marking  ] GC(133) Concurrent Cleanup for Next Mark
[2022-12-13T06:30:48.456+0000][151028][safepoint   ] Safepoint "G1TryInitiateConcMark", Time since last: 903290400 ns, Reaching safepoint: 265900 ns, At safepoint: 8501900 ns, Total: 8767800 ns
[2022-12-13T06:30:48.457+0000][151028][gc,marking  ] GC(133) Concurrent Cleanup for Next Mark 0.695ms
[2022-12-13T06:30:48.457+0000][151028][gc          ] GC(133) Concurrent Undo Cycle 0.856ms
[2022-12-13T06:30:49.529+0000][151028][gc,start    ] GC(134) Pause Young (Concurrent Start) (G1 Humongous Allocation)
[2022-12-13T06:30:49.529+0000][151028][gc,task     ] GC(134) Using 10 workers of 10 for evacuation
[2022-12-13T06:30:49.529+0000][151028][gc,age      ] GC(134) Desired survivor size 312475648 bytes, new threshold 15 (max threshold 15)
[2022-12-13T06:30:49.539+0000][151028][gc,phases   ] GC(134)   Pre Evacuate Collection Set: 0.9ms
[2022-12-13T06:30:49.539+0000][151028][gc,phases   ] GC(134)   Merge Heap Roots: 0.2ms
[2022-12-13T06:30:49.539+0000][151028][gc,phases   ] GC(134)   Evacuate Collection Set: 4.3ms
[2022-12-13T06:30:49.539+0000][151028][gc,phases   ] GC(134)   Post Evacuate Collection Set: 4.6ms
[2022-12-13T06:30:49.540+0000][151028][gc,phases   ] GC(134)   Other: 0.1ms
[2022-12-13T06:30:49.540+0000][151028][gc,age      ] GC(134) Age table with threshold 15 (max threshold 15)
[2022-12-13T06:30:49.540+0000][151028][gc,age      ] GC(134) - age   1:   15768920 bytes,   15768920 total
[2022-12-13T06:30:49.540+0000][151028][gc,age      ] GC(134) - age   2:      57936 bytes,   15826856 total
[2022-12-13T06:30:49.540+0000][151028][gc,age      ] GC(134) - age   3:     100800 bytes,   15927656 total
[2022-12-13T06:30:49.540+0000][151028][gc,age      ] GC(134) - age   4:      57760 bytes,   15985416 total
[2022-12-13T06:30:49.540+0000][151028][gc,age      ] GC(134) - age   5:      46096 bytes,   16031512 total
[2022-12-13T06:30:49.540+0000][151028][gc,age      ] GC(134) - age   6:      28264 bytes,   16059776 total
[2022-12-13T06:30:49.540+0000][151028][gc,age      ] GC(134) - age   7:      22528 bytes,   16082304 total
[2022-12-13T06:30:49.540+0000][151028][gc,age      ] GC(134) - age   8:     134592 bytes,   16216896 total
[2022-12-13T06:30:49.540+0000][151028][gc,age      ] GC(134) - age   9:     344456 bytes,   16561352 total
[2022-12-13T06:30:49.540+0000][151028][gc,age      ] GC(134) - age  10:       2768 bytes,   16564120 total
[2022-12-13T06:30:49.540+0000][151028][gc,age      ] GC(134) - age  11:      40056 bytes,   16604176 total
[2022-12-13T06:30:49.540+0000][151028][gc,age      ] GC(134) - age  12:      43232 bytes,   16647408 total
[2022-12-13T06:30:49.540+0000][151028][gc,age      ] GC(134) - age  13:     125600 bytes,   16773008 total
[2022-12-13T06:30:49.540+0000][151028][gc,age      ] GC(134) - age  14:      90784 bytes,   16863792 total
[2022-12-13T06:30:49.540+0000][151028][gc,age      ] GC(134) - age  15:    2131584 bytes,   18995376 total
[2022-12-13T06:30:49.540+0000][151028][gc,heap     ] GC(134) Eden regions: 74->0(1192)
[2022-12-13T06:30:49.540+0000][151028][gc,heap     ] GC(134) Survivor regions: 2->6(149)
[2022-12-13T06:30:49.540+0000][151028][gc,heap     ] GC(134) Old regions: 448->448
[2022-12-13T06:30:49.540+0000][151028][gc,heap     ] GC(134) Archive regions: 2->2
[2022-12-13T06:30:49.540+0000][151028][gc,heap     ] GC(134) Humongous regions: 138->6
[2022-12-13T06:30:49.540+0000][151028][gc,metaspace] GC(134) Metaspace: 171626K(176256K)->171626K(176256K) NonClass: 150415K(152960K)->150415K(152960K) Class: 21211K(23296K)->21211K(23296K)
[2022-12-13T06:30:49.540+0000][151028][gc          ] GC(134) Pause Young (Concurrent Start) (G1 Humongous Allocation) 2644M->1838M(7992M) 10.634ms
[2022-12-13T06:30:49.540+0000][151028][gc,cpu      ] GC(134) User=0.06s Sys=0.01s Real=0.02s
[2022-12-13T06:30:49.540+0000][151028][gc          ] GC(135) Concurrent Undo Cycle
[2022-12-13T06:30:49.540+0000][151028][gc,marking  ] GC(135) Concurrent Cleanup for Next Mark
[2022-12-13T06:30:49.540+0000][151028][safepoint   ] Safepoint "G1TryInitiateConcMark", Time since last: 1072571000 ns, Reaching safepoint: 272100 ns, At safepoint: 10854200 ns, Total: 11126300 ns
[2022-12-13T06:30:49.541+0000][151028][gc,marking  ] GC(135) Concurrent Cleanup for Next Mark 0.686ms
[2022-12-13T06:30:49.541+0000][151028][gc          ] GC(135) Concurrent Undo Cycle 0.837ms
[2022-12-13T06:30:50.054+0000][151028][gc,start    ] GC(136) Pause Young (Concurrent Start) (G1 Humongous Allocation)
[2022-12-13T06:30:50.054+0000][151028][gc,task     ] GC(136) Using 10 workers of 10 for evacuation
[2022-12-13T06:30:50.054+0000][151028][gc,age      ] GC(136) Desired survivor size 314572800 bytes, new threshold 15 (max threshold 15)
[2022-12-13T06:30:50.062+0000][151028][gc,phases   ] GC(136)   Pre Evacuate Collection Set: 1.0ms
[2022-12-13T06:30:50.062+0000][151028][gc,phases   ] GC(136)   Merge Heap Roots: 0.2ms
[2022-12-13T06:30:50.062+0000][151028][gc,phases   ] GC(136)   Evacuate Collection Set: 4.0ms
[2022-12-13T06:30:50.062+0000][151028][gc,phases   ] GC(136)   Post Evacuate Collection Set: 2.6ms
[2022-12-13T06:30:50.062+0000][151028][gc,phases   ] GC(136)   Other: 0.1ms
[2022-12-13T06:30:50.062+0000][151028][gc,age      ] GC(136) Age table with threshold 15 (max threshold 15)
[2022-12-13T06:30:50.062+0000][151028][gc,age      ] GC(136) - age   1:    5573184 bytes,    5573184 total
[2022-12-13T06:30:50.062+0000][151028][gc,age      ] GC(136) - age   2:     428776 bytes,    6001960 total
[2022-12-13T06:30:50.062+0000][151028][gc,age      ] GC(136) - age   3:      56824 bytes,    6058784 total
[2022-12-13T06:30:50.062+0000][151028][gc,age      ] GC(136) - age   4:      33272 bytes,    6092056 total
[2022-12-13T06:30:50.062+0000][151028][gc,age      ] GC(136) - age   5:      55656 bytes,    6147712 total
[2022-12-13T06:30:50.062+0000][151028][gc,age      ] GC(136) - age   6:      26376 bytes,    6174088 total
[2022-12-13T06:30:50.062+0000][151028][gc,age      ] GC(136) - age   7:      24240 bytes,    6198328 total
[2022-12-13T06:30:50.062+0000][151028][gc,age      ] GC(136) - age   8:      21408 bytes,    6219736 total
[2022-12-13T06:30:50.062+0000][151028][gc,age      ] GC(136) - age   9:     133712 bytes,    6353448 total
[2022-12-13T06:30:50.062+0000][151028][gc,age      ] GC(136) - age  10:     344456 bytes,    6697904 total
[2022-12-13T06:30:50.062+0000][151028][gc,age      ] GC(136) - age  11:       2208 bytes,    6700112 total
[2022-12-13T06:30:50.062+0000][151028][gc,age      ] GC(136) - age  12:      39976 bytes,    6740088 total
[2022-12-13T06:30:50.062+0000][151028][gc,age      ] GC(136) - age  13:      43032 bytes,    6783120 total
[2022-12-13T06:30:50.062+0000][151028][gc,age      ] GC(136) - age  14:     125400 bytes,    6908520 total
[2022-12-13T06:30:50.062+0000][151028][gc,age      ] GC(136) - age  15:      74384 bytes,    6982904 total
[2022-12-13T06:30:50.062+0000][151028][gc,heap     ] GC(136) Eden regions: 29->0(1196)
[2022-12-13T06:30:50.062+0000][151028][gc,heap     ] GC(136) Survivor regions: 6->2(150)
[2022-12-13T06:30:50.062+0000][151028][gc,heap     ] GC(136) Old regions: 448->448
[2022-12-13T06:30:50.062+0000][151028][gc,heap     ] GC(136) Archive regions: 2->2
[2022-12-13T06:30:50.062+0000][151028][gc,heap     ] GC(136) Humongous regions: 140->7
[2022-12-13T06:30:50.062+0000][151028][gc,metaspace] GC(136) Metaspace: 171628K(176256K)->171628K(176256K) NonClass: 150416K(152960K)->150416K(152960K) Class: 21211K(23296K)->21211K(23296K)
[2022-12-13T06:30:50.062+0000][151028][gc          ] GC(136) Pause Young (Concurrent Start) (G1 Humongous Allocation) 2489M->1830M(7992M) 8.306ms
[2022-12-13T06:30:50.062+0000][151028][gc          ] GC(137) Concurrent Undo Cycle
[2022-12-13T06:30:50.062+0000][151028][gc,cpu      ] GC(136) User=0.04s Sys=0.01s Real=0.01s
[2022-12-13T06:30:50.062+0000][151028][gc,marking  ] GC(137) Concurrent Cleanup for Next Mark
[2022-12-13T06:30:50.062+0000][151028][safepoint   ] Safepoint "G1TryInitiateConcMark", Time since last: 513449000 ns, Reaching safepoint: 323500 ns, At safepoint: 8579600 ns, Total: 8903100 ns
[2022-12-13T06:30:50.063+0000][151028][gc,marking  ] GC(137) Concurrent Cleanup for Next Mark 0.638ms
[2022-12-13T06:30:50.063+0000][151028][gc          ] GC(137) Concurrent Undo Cycle 0.762ms
[2022-12-13T06:30:51.004+0000][151028][gc,start    ] GC(138) Pause Young (Concurrent Start) (G1 Humongous Allocation)
[2022-12-13T06:30:51.004+0000][151028][gc,task     ] GC(138) Using 10 workers of 10 for evacuation
[2022-12-13T06:30:51.004+0000][151028][gc,age      ] GC(138) Desired survivor size 314572800 bytes, new threshold 15 (max threshold 15)
[2022-12-13T06:30:51.017+0000][151028][gc,phases   ] GC(138)   Pre Evacuate Collection Set: 0.8ms
[2022-12-13T06:30:51.017+0000][151028][gc,phases   ] GC(138)   Merge Heap Roots: 0.3ms
[2022-12-13T06:30:51.017+0000][151028][gc,phases   ] GC(138)   Evacuate Collection Set: 9.8ms
[2022-12-13T06:30:51.017+0000][151028][gc,phases   ] GC(138)   Post Evacuate Collection Set: 2.5ms
[2022-12-13T06:30:51.017+0000][151028][gc,phases   ] GC(138)   Other: 0.2ms
[2022-12-13T06:30:51.017+0000][151028][gc,age      ] GC(138) Age table with threshold 15 (max threshold 15)
[2022-12-13T06:30:51.017+0000][151028][gc,age      ] GC(138) - age   1:   28360960 bytes,   28360960 total
[2022-12-13T06:30:51.017+0000][151028][gc,age      ] GC(138) - age   2:     380408 bytes,   28741368 total
[2022-12-13T06:30:51.017+0000][151028][gc,age      ] GC(138) - age   3:     324224 bytes,   29065592 total
[2022-12-13T06:30:51.017+0000][151028][gc,age      ] GC(138) - age   4:      51624 bytes,   29117216 total
[2022-12-13T06:30:51.017+0000][151028][gc,age      ] GC(138) - age   5:      28864 bytes,   29146080 total
[2022-12-13T06:30:51.017+0000][151028][gc,age      ] GC(138) - age   6:      36016 bytes,   29182096 total
[2022-12-13T06:30:51.017+0000][151028][gc,age      ] GC(138) - age   7:      25992 bytes,   29208088 total
[2022-12-13T06:30:51.017+0000][151028][gc,age      ] GC(138) - age   8:      24120 bytes,   29232208 total
[2022-12-13T06:30:51.017+0000][151028][gc,age      ] GC(138) - age   9:      20528 bytes,   29252736 total
[2022-12-13T06:30:51.017+0000][151028][gc,age      ] GC(138) - age  10:     116872 bytes,   29369608 total
[2022-12-13T06:30:51.017+0000][151028][gc,age      ] GC(138) - age  11:     278744 bytes,   29648352 total
[2022-12-13T06:30:51.017+0000][151028][gc,age      ] GC(138) - age  12:       1928 bytes,   29650280 total
[2022-12-13T06:30:51.017+0000][151028][gc,age      ] GC(138) - age  13:      39976 bytes,   29690256 total
[2022-12-13T06:30:51.017+0000][151028][gc,age      ] GC(138) - age  14:      10232 bytes,   29700488 total
[2022-12-13T06:30:51.017+0000][151028][gc,age      ] GC(138) - age  15:     109000 bytes,   29809488 total
[2022-12-13T06:30:51.017+0000][151028][gc,heap     ] GC(138) Eden regions: 66->0(1190)
[2022-12-13T06:30:51.017+0000][151028][gc,heap     ] GC(138) Survivor regions: 2->8(150)
[2022-12-13T06:30:51.017+0000][151028][gc,heap     ] GC(138) Old regions: 448->448
[2022-12-13T06:30:51.017+0000][151028][gc,heap     ] GC(138) Archive regions: 2->2
[2022-12-13T06:30:51.017+0000][151028][gc,heap     ] GC(138) Humongous regions: 120->14
[2022-12-13T06:30:51.017+0000][151028][gc,metaspace] GC(138) Metaspace: 171687K(176320K)->171687K(176320K) NonClass: 150469K(153024K)->150469K(153024K) Class: 21218K(23296K)->21218K(23296K)
[2022-12-13T06:30:51.017+0000][151028][gc          ] GC(138) Pause Young (Concurrent Start) (G1 Humongous Allocation) 2546M->1881M(7992M) 13.916ms
[2022-12-13T06:30:51.017+0000][151028][gc          ] GC(139) Concurrent Undo Cycle
[2022-12-13T06:30:51.017+0000][151028][gc,cpu      ] GC(138) User=0.10s Sys=0.00s Real=0.01s
[2022-12-13T06:30:51.018+0000][151028][gc,marking  ] GC(139) Concurrent Cleanup for Next Mark
[2022-12-13T06:30:51.018+0000][151028][safepoint   ] Safepoint "G1TryInitiateConcMark", Time since last: 940681100 ns, Reaching safepoint: 319400 ns, At safepoint: 14241900 ns, Total: 14561300 ns
[2022-12-13T06:30:51.019+0000][151028][gc,marking  ] GC(139) Concurrent Cleanup for Next Mark 1.246ms
[2022-12-13T06:30:51.019+0000][151028][gc          ] GC(139) Concurrent Undo Cycle 1.414ms
[2022-12-13T06:30:51.535+0000][151028][gc,start    ] GC(140) Pause Young (Concurrent Start) (G1 Humongous Allocation)
[2022-12-13T06:30:51.535+0000][151028][gc,task     ] GC(140) Using 10 workers of 10 for evacuation
[2022-12-13T06:30:51.535+0000][151028][gc,age      ] GC(140) Desired survivor size 314572800 bytes, new threshold 15 (max threshold 15)
[2022-12-13T06:30:51.544+0000][151028][gc,phases   ] GC(140)   Pre Evacuate Collection Set: 1.0ms
[2022-12-13T06:30:51.544+0000][151028][gc,phases   ] GC(140)   Merge Heap Roots: 0.2ms
[2022-12-13T06:30:51.544+0000][151028][gc,phases   ] GC(140)   Evacuate Collection Set: 4.9ms
[2022-12-13T06:30:51.544+0000][151028][gc,phases   ] GC(140)   Post Evacuate Collection Set: 2.7ms
[2022-12-13T06:30:51.544+0000][151028][gc,phases   ] GC(140)   Other: 0.1ms
[2022-12-13T06:30:51.544+0000][151028][gc,age      ] GC(140) Age table with threshold 15 (max threshold 15)
[2022-12-13T06:30:51.544+0000][151028][gc,age      ] GC(140) - age   1:   11310200 bytes,   11310200 total
[2022-12-13T06:30:51.544+0000][151028][gc,age      ] GC(140) - age   2:     469688 bytes,   11779888 total
[2022-12-13T06:30:51.544+0000][151028][gc,age      ] GC(140) - age   3:     179688 bytes,   11959576 total
[2022-12-13T06:30:51.544+0000][151028][gc,age      ] GC(140) - age   4:     304464 bytes,   12264040 total
[2022-12-13T06:30:51.544+0000][151028][gc,age      ] GC(140) - age   5:      47112 bytes,   12311152 total
[2022-12-13T06:30:51.544+0000][151028][gc,age      ] GC(140) - age   6:      28624 bytes,   12339776 total
[2022-12-13T06:30:51.544+0000][151028][gc,age      ] GC(140) - age   7:      34776 bytes,   12374552 total
[2022-12-13T06:30:51.544+0000][151028][gc,age      ] GC(140) - age   8:      25952 bytes,   12400504 total
[2022-12-13T06:30:51.544+0000][151028][gc,age      ] GC(140) - age   9:      23920 bytes,   12424424 total
[2022-12-13T06:30:51.544+0000][151028][gc,age      ] GC(140) - age  10:      19912 bytes,   12444336 total
[2022-12-13T06:30:51.544+0000][151028][gc,age      ] GC(140) - age  11:     116832 bytes,   12561168 total
[2022-12-13T06:30:51.544+0000][151028][gc,age      ] GC(140) - age  12:     261984 bytes,   12823152 total
[2022-12-13T06:30:51.544+0000][151028][gc,age      ] GC(140) - age  13:       1928 bytes,   12825080 total
[2022-12-13T06:30:51.544+0000][151028][gc,age      ] GC(140) - age  14:      39976 bytes,   12865056 total
[2022-12-13T06:30:51.544+0000][151028][gc,age      ] GC(140) - age  15:      10232 bytes,   12875288 total
[2022-12-13T06:30:51.544+0000][151028][gc,heap     ] GC(140) Eden regions: 25->0(1172)
[2022-12-13T06:30:51.544+0000][151028][gc,heap     ] GC(140) Survivor regions: 8->5(150)
[2022-12-13T06:30:51.544+0000][151028][gc,heap     ] GC(140) Old regions: 448->448
[2022-12-13T06:30:51.544+0000][151028][gc,heap     ] GC(140) Archive regions: 2->2
[2022-12-13T06:30:51.544+0000][151028][gc,heap     ] GC(140) Humongous regions: 146->39
[2022-12-13T06:30:51.544+0000][151028][gc,metaspace] GC(140) Metaspace: 171709K(176384K)->171709K(176384K) NonClass: 150487K(153088K)->150487K(153088K) Class: 21222K(23296K)->21222K(23296K)
[2022-12-13T06:30:51.545+0000][151028][gc          ] GC(140) Pause Young (Concurrent Start) (G1 Humongous Allocation) 2508M->1969M(7992M) 9.304ms
[2022-12-13T06:30:51.545+0000][151028][gc,cpu      ] GC(140) User=0.06s Sys=0.00s Real=0.01s
[2022-12-13T06:30:51.545+0000][151028][safepoint   ] Safepoint "G1TryInitiateConcMark", Time since last: 515124000 ns, Reaching safepoint: 2341700 ns, At safepoint: 9488700 ns, Total: 11830400 ns
[2022-12-13T06:30:51.545+0000][151028][gc          ] GC(141) Concurrent Undo Cycle
[2022-12-13T06:30:51.545+0000][151028][gc,marking  ] GC(141) Concurrent Cleanup for Next Mark
[2022-12-13T06:30:51.546+0000][151028][gc,marking  ] GC(141) Concurrent Cleanup for Next Mark 1.500ms
[2022-12-13T06:30:51.546+0000][151028][gc          ] GC(141) Concurrent Undo Cycle 1.636ms
[2022-12-13T06:30:52.903+0000][151028][safepoint   ] Safepoint "Cleanup", Time since last: 1357893600 ns, Reaching safepoint: 697400 ns, At safepoint: 18800 ns, Total: 716200 ns
[2022-12-13T06:30:52.919+0000][151028][gc,start    ] GC(142) Pause Young (Concurrent Start) (G1 Humongous Allocation)
[2022-12-13T06:30:52.919+0000][151028][gc,task     ] GC(142) Using 10 workers of 10 for evacuation
[2022-12-13T06:30:52.919+0000][151028][gc,age      ] GC(142) Desired survivor size 310378496 bytes, new threshold 15 (max threshold 15)
[2022-12-13T06:30:52.932+0000][151028][gc,phases   ] GC(142)   Pre Evacuate Collection Set: 1.0ms
[2022-12-13T06:30:52.932+0000][151028][gc,phases   ] GC(142)   Merge Heap Roots: 1.0ms
[2022-12-13T06:30:52.932+0000][151028][gc,phases   ] GC(142)   Evacuate Collection Set: 4.0ms
[2022-12-13T06:30:52.932+0000][151028][gc,phases   ] GC(142)   Post Evacuate Collection Set: 6.2ms
[2022-12-13T06:30:52.932+0000][151028][gc,phases   ] GC(142)   Other: 0.8ms
[2022-12-13T06:30:52.932+0000][151028][gc,age      ] GC(142) Age table with threshold 15 (max threshold 15)
[2022-12-13T06:30:52.932+0000][151028][gc,age      ] GC(142) - age   1:   11549280 bytes,   11549280 total
[2022-12-13T06:30:52.932+0000][151028][gc,age      ] GC(142) - age   2:      71016 bytes,   11620296 total
[2022-12-13T06:30:52.932+0000][151028][gc,age      ] GC(142) - age   3:     112048 bytes,   11732344 total
[2022-12-13T06:30:52.932+0000][151028][gc,age      ] GC(142) - age   4:      47296 bytes,   11779640 total
[2022-12-13T06:30:52.932+0000][151028][gc,age      ] GC(142) - age   5:     215232 bytes,   11994872 total
[2022-12-13T06:30:52.932+0000][151028][gc,age      ] GC(142) - age   6:      29712 bytes,   12024584 total
[2022-12-13T06:30:52.932+0000][151028][gc,age      ] GC(142) - age   7:       6360 bytes,   12030944 total
[2022-12-13T06:30:52.932+0000][151028][gc,age      ] GC(142) - age   8:      29696 bytes,   12060640 total
[2022-12-13T06:30:52.932+0000][151028][gc,age      ] GC(142) - age   9:      18352 bytes,   12078992 total
[2022-12-13T06:30:52.932+0000][151028][gc,age      ] GC(142) - age  10:      22120 bytes,   12101112 total
[2022-12-13T06:30:52.932+0000][151028][gc,age      ] GC(142) - age  11:      19792 bytes,   12120904 total
[2022-12-13T06:30:52.932+0000][151028][gc,age      ] GC(142) - age  12:     116832 bytes,   12237736 total
[2022-12-13T06:30:52.932+0000][151028][gc,age      ] GC(142) - age  13:     261264 bytes,   12499000 total
[2022-12-13T06:30:52.932+0000][151028][gc,age      ] GC(142) - age  14:       1928 bytes,   12500928 total
[2022-12-13T06:30:52.932+0000][151028][gc,age      ] GC(142) - age  15:      23576 bytes,   12524504 total
[2022-12-13T06:30:52.932+0000][151028][gc,heap     ] GC(142) Eden regions: 69->0(1194)
[2022-12-13T06:30:52.932+0000][151028][gc,heap     ] GC(142) Survivor regions: 5->4(148)
[2022-12-13T06:30:52.932+0000][151028][gc,heap     ] GC(142) Old regions: 448->448
[2022-12-13T06:30:52.932+0000][151028][gc,heap     ] GC(142) Archive regions: 2->2
[2022-12-13T06:30:52.932+0000][151028][gc,heap     ] GC(142) Humongous regions: 140->7
[2022-12-13T06:30:52.933+0000][151028][gc,metaspace] GC(142) Metaspace: 172136K(176704K)->172136K(176704K) NonClass: 150867K(153408K)->150867K(153408K) Class: 21268K(23296K)->21268K(23296K)
[2022-12-13T06:30:52.933+0000][151028][gc          ] GC(142) Pause Young (Concurrent Start) (G1 Humongous Allocation) 2649M->1836M(7992M) 13.552ms
[2022-12-13T06:30:52.933+0000][151028][gc          ] GC(143) Concurrent Undo Cycle
[2022-12-13T06:30:52.933+0000][151028][gc,marking  ] GC(143) Concurrent Cleanup for Next Mark
[2022-12-13T06:30:52.933+0000][151028][gc,cpu      ] GC(142) User=0.05s Sys=0.02s Real=0.01s
[2022-12-13T06:30:52.934+0000][151028][gc,marking  ] GC(143) Concurrent Cleanup for Next Mark 0.847ms
[2022-12-13T06:30:52.934+0000][151028][safepoint   ] Safepoint "G1TryInitiateConcMark", Time since last: 15361700 ns, Reaching safepoint: 332400 ns, At safepoint: 14562100 ns, Total: 14894500 ns
[2022-12-13T06:30:52.934+0000][151028][gc          ] GC(143) Concurrent Undo Cycle 0.966ms
[2022-12-13T06:30:53.934+0000][151028][safepoint   ] Safepoint "Cleanup", Time since last: 1000317800 ns, Reaching safepoint: 331900 ns, At safepoint: 37300 ns, Total: 369200 ns
[2022-12-13T06:30:54.935+0000][151028][safepoint   ] Safepoint "Cleanup", Time since last: 1000162100 ns, Reaching safepoint: 190000 ns, At safepoint: 25400 ns, Total: 215400 ns
[2022-12-13T06:30:55.263+0000][151028][gc,start    ] GC(144) Pause Young (Concurrent Start) (G1 Humongous Allocation)
[2022-12-13T06:30:55.263+0000][151028][gc,task     ] GC(144) Using 10 workers of 10 for evacuation
[2022-12-13T06:30:55.263+0000][151028][gc,age      ] GC(144) Desired survivor size 314572800 bytes, new threshold 15 (max threshold 15)
[2022-12-13T06:30:55.276+0000][151028][gc,phases   ] GC(144)   Pre Evacuate Collection Set: 0.8ms
[2022-12-13T06:30:55.276+0000][151028][gc,phases   ] GC(144)   Merge Heap Roots: 0.2ms
[2022-12-13T06:30:55.276+0000][151028][gc,phases   ] GC(144)   Evacuate Collection Set: 3.1ms
[2022-12-13T06:30:55.276+0000][151028][gc,phases   ] GC(144)   Post Evacuate Collection Set: 8.5ms
[2022-12-13T06:30:55.276+0000][151028][gc,phases   ] GC(144)   Other: 0.1ms
[2022-12-13T06:30:55.276+0000][151028][gc,age      ] GC(144) Age table with threshold 15 (max threshold 15)
[2022-12-13T06:30:55.276+0000][151028][gc,age      ] GC(144) - age   1:   23214952 bytes,   23214952 total
[2022-12-13T06:30:55.276+0000][151028][gc,age      ] GC(144) - age   2:    1067536 bytes,   24282488 total
[2022-12-13T06:30:55.276+0000][151028][gc,age      ] GC(144) - age   3:      65232 bytes,   24347720 total
[2022-12-13T06:30:55.276+0000][151028][gc,age      ] GC(144) - age   4:      81528 bytes,   24429248 total
[2022-12-13T06:30:55.276+0000][151028][gc,age      ] GC(144) - age   5:      40984 bytes,   24470232 total
[2022-12-13T06:30:55.276+0000][151028][gc,age      ] GC(144) - age   6:     185448 bytes,   24655680 total
[2022-12-13T06:30:55.276+0000][151028][gc,age      ] GC(144) - age   7:      29392 bytes,   24685072 total
[2022-12-13T06:30:55.276+0000][151028][gc,age      ] GC(144) - age   8:       3920 bytes,   24688992 total
[2022-12-13T06:30:55.276+0000][151028][gc,age      ] GC(144) - age   9:      22576 bytes,   24711568 total
[2022-12-13T06:30:55.276+0000][151028][gc,age      ] GC(144) - age  10:      17832 bytes,   24729400 total
[2022-12-13T06:30:55.276+0000][151028][gc,age      ] GC(144) - age  11:      21632 bytes,   24751032 total
[2022-12-13T06:30:55.276+0000][151028][gc,age      ] GC(144) - age  12:      18768 bytes,   24769800 total
[2022-12-13T06:30:55.276+0000][151028][gc,age      ] GC(144) - age  13:     114752 bytes,   24884552 total
[2022-12-13T06:30:55.276+0000][151028][gc,age      ] GC(144) - age  14:     224904 bytes,   25109456 total
[2022-12-13T06:30:55.276+0000][151028][gc,age      ] GC(144) - age  15:       1888 bytes,   25111344 total
[2022-12-13T06:30:55.276+0000][151028][gc,heap     ] GC(144) Eden regions: 175->0(1191)
[2022-12-13T06:30:55.276+0000][151028][gc,heap     ] GC(144) Survivor regions: 4->7(150)
[2022-12-13T06:30:55.276+0000][151028][gc,heap     ] GC(144) Old regions: 448->448
[2022-12-13T06:30:55.276+0000][151028][gc,heap     ] GC(144) Archive regions: 2->2
[2022-12-13T06:30:55.276+0000][151028][gc,heap     ] GC(144) Humongous regions: 139->6
[2022-12-13T06:30:55.276+0000][151028][gc,metaspace] GC(144) Metaspace: 172207K(176768K)->172207K(176768K) NonClass: 150935K(153472K)->150935K(153472K) Class: 21271K(23296K)->21271K(23296K)
[2022-12-13T06:30:55.276+0000][151028][gc          ] GC(144) Pause Young (Concurrent Start) (G1 Humongous Allocation) 3061M->1844M(7992M) 13.222ms
[2022-12-13T06:30:55.276+0000][151028][gc          ] GC(145) Concurrent Undo Cycle
[2022-12-13T06:30:55.276+0000][151028][gc,cpu      ] GC(144) User=0.07s Sys=0.03s Real=0.01s
[2022-12-13T06:30:55.277+0000][151028][gc,marking  ] GC(145) Concurrent Cleanup for Next Mark
[2022-12-13T06:30:55.277+0000][151028][safepoint   ] Safepoint "G1TryInitiateConcMark", Time since last: 328218200 ns, Reaching safepoint: 318600 ns, At safepoint: 13559500 ns, Total: 13878100 ns
[2022-12-13T06:30:55.277+0000][151028][gc,marking  ] GC(145) Concurrent Cleanup for Next Mark 0.914ms
[2022-12-13T06:30:55.277+0000][151028][gc          ] GC(145) Concurrent Undo Cycle 1.037ms
[2022-12-13T06:30:56.277+0000][151028][safepoint   ] Safepoint "Cleanup", Time since last: 1000147100 ns, Reaching safepoint: 198300 ns, At safepoint: 25700 ns, Total: 224000 ns
[2022-12-13T06:30:56.627+0000][151028][gc,start    ] GC(146) Pause Young (Concurrent Start) (G1 Humongous Allocation)
[2022-12-13T06:30:56.628+0000][151028][gc,task     ] GC(146) Using 10 workers of 10 for evacuation
[2022-12-13T06:30:56.628+0000][151028][gc,age      ] GC(146) Desired survivor size 314572800 bytes, new threshold 15 (max threshold 15)
[2022-12-13T06:30:56.638+0000][151028][gc,phases   ] GC(146)   Pre Evacuate Collection Set: 0.8ms
[2022-12-13T06:30:56.638+0000][151028][gc,phases   ] GC(146)   Merge Heap Roots: 0.2ms
[2022-12-13T06:30:56.638+0000][151028][gc,phases   ] GC(146)   Evacuate Collection Set: 3.4ms
[2022-12-13T06:30:56.638+0000][151028][gc,phases   ] GC(146)   Post Evacuate Collection Set: 5.5ms
[2022-12-13T06:30:56.638+0000][151028][gc,phases   ] GC(146)   Other: 0.1ms
[2022-12-13T06:30:56.638+0000][151028][gc,age      ] GC(146) Age table with threshold 15 (max threshold 15)
[2022-12-13T06:30:56.638+0000][151028][gc,age      ] GC(146) - age   1:   13723984 bytes,   13723984 total
[2022-12-13T06:30:56.638+0000][151028][gc,age      ] GC(146) - age   2:     307280 bytes,   14031264 total
[2022-12-13T06:30:56.638+0000][151028][gc,age      ] GC(146) - age   3:     254208 bytes,   14285472 total
[2022-12-13T06:30:56.638+0000][151028][gc,age      ] GC(146) - age   4:      45624 bytes,   14331096 total
[2022-12-13T06:30:56.638+0000][151028][gc,age      ] GC(146) - age   5:      78408 bytes,   14409504 total
[2022-12-13T06:30:56.638+0000][151028][gc,age      ] GC(146) - age   6:      22384 bytes,   14431888 total
[2022-12-13T06:30:56.638+0000][151028][gc,age      ] GC(146) - age   7:     181736 bytes,   14613624 total
[2022-12-13T06:30:56.638+0000][151028][gc,age      ] GC(146) - age   8:      11152 bytes,   14624776 total
[2022-12-13T06:30:56.638+0000][151028][gc,age      ] GC(146) - age   9:       2400 bytes,   14627176 total
[2022-12-13T06:30:56.638+0000][151028][gc,age      ] GC(146) - age  10:      21856 bytes,   14649032 total
[2022-12-13T06:30:56.638+0000][151028][gc,age      ] GC(146) - age  11:      17792 bytes,   14666824 total
[2022-12-13T06:30:56.638+0000][151028][gc,age      ] GC(146) - age  12:      20096 bytes,   14686920 total
[2022-12-13T06:30:56.638+0000][151028][gc,age      ] GC(146) - age  13:      18528 bytes,   14705448 total
[2022-12-13T06:30:56.638+0000][151028][gc,age      ] GC(146) - age  14:     113672 bytes,   14819120 total
[2022-12-13T06:30:56.638+0000][151028][gc,age      ] GC(146) - age  15:     224904 bytes,   15044024 total
[2022-12-13T06:30:56.638+0000][151028][gc,heap     ] GC(146) Eden regions: 79->0(1194)
[2022-12-13T06:30:56.638+0000][151028][gc,heap     ] GC(146) Survivor regions: 7->4(150)
[2022-12-13T06:30:56.638+0000][151028][gc,heap     ] GC(146) Old regions: 448->448
[2022-12-13T06:30:56.638+0000][151028][gc,heap     ] GC(146) Archive regions: 2->2
[2022-12-13T06:30:56.638+0000][151028][gc,heap     ] GC(146) Humongous regions: 140->6
[2022-12-13T06:30:56.638+0000][151028][gc,metaspace] GC(146) Metaspace: 172240K(176832K)->172240K(176832K) NonClass: 150968K(153536K)->150968K(153536K) Class: 21271K(23296K)->21271K(23296K)
[2022-12-13T06:30:56.638+0000][151028][gc          ] GC(146) Pause Young (Concurrent Start) (G1 Humongous Allocation) 2693M->1835M(7992M) 10.446ms
[2022-12-13T06:30:56.638+0000][151028][gc,cpu      ] GC(146) User=0.05s Sys=0.00s Real=0.02s
[2022-12-13T06:30:56.638+0000][151028][gc          ] GC(147) Concurrent Undo Cycle
[2022-12-13T06:30:56.638+0000][151028][gc,marking  ] GC(147) Concurrent Cleanup for Next Mark
[2022-12-13T06:30:56.638+0000][151028][safepoint   ] Safepoint "G1TryInitiateConcMark", Time since last: 350183500 ns, Reaching safepoint: 190100 ns, At safepoint: 10653400 ns, Total: 10843500 ns
[2022-12-13T06:30:56.639+0000][151028][gc,marking  ] GC(147) Concurrent Cleanup for Next Mark 0.514ms
[2022-12-13T06:30:56.639+0000][151028][gc          ] GC(147) Concurrent Undo Cycle 0.610ms
[2022-12-13T06:30:57.639+0000][151028][safepoint   ] Safepoint "Cleanup", Time since last: 1000592500 ns, Reaching safepoint: 197900 ns, At safepoint: 11300 ns, Total: 209200 ns
[2022-12-13T06:30:57.778+0000][151028][gc,start    ] GC(148) Pause Young (Concurrent Start) (G1 Humongous Allocation)
[2022-12-13T06:30:57.778+0000][151028][gc,task     ] GC(148) Using 10 workers of 10 for evacuation
[2022-12-13T06:30:57.778+0000][151028][gc,age      ] GC(148) Desired survivor size 314572800 bytes, new threshold 15 (max threshold 15)
[2022-12-13T06:30:57.786+0000][151028][gc,phases   ] GC(148)   Pre Evacuate Collection Set: 1.0ms
[2022-12-13T06:30:57.786+0000][151028][gc,phases   ] GC(148)   Merge Heap Roots: 0.3ms
[2022-12-13T06:30:57.786+0000][151028][gc,phases   ] GC(148)   Evacuate Collection Set: 3.0ms
[2022-12-13T06:30:57.786+0000][151028][gc,phases   ] GC(148)   Post Evacuate Collection Set: 3.1ms
[2022-12-13T06:30:57.786+0000][151028][gc,phases   ] GC(148)   Other: 0.2ms
[2022-12-13T06:30:57.786+0000][151028][gc,age      ] GC(148) Age table with threshold 15 (max threshold 15)
[2022-12-13T06:30:57.786+0000][151028][gc,age      ] GC(148) - age   1:    4495200 bytes,    4495200 total
[2022-12-13T06:30:57.786+0000][151028][gc,age      ] GC(148) - age   2:     433648 bytes,    4928848 total
[2022-12-13T06:30:57.786+0000][151028][gc,age      ] GC(148) - age   3:     163288 bytes,    5092136 total
[2022-12-13T06:30:57.786+0000][151028][gc,age      ] GC(148) - age   4:     250288 bytes,    5342424 total
[2022-12-13T06:30:57.786+0000][151028][gc,age      ] GC(148) - age   5:      27976 bytes,    5370400 total
[2022-12-13T06:30:57.786+0000][151028][gc,age      ] GC(148) - age   6:      77448 bytes,    5447848 total
[2022-12-13T06:30:57.786+0000][151028][gc,age      ] GC(148) - age   7:      21224 bytes,    5469072 total
[2022-12-13T06:30:57.786+0000][151028][gc,age      ] GC(148) - age   8:     179296 bytes,    5648368 total
[2022-12-13T06:30:57.786+0000][151028][gc,age      ] GC(148) - age   9:      10672 bytes,    5659040 total
[2022-12-13T06:30:57.786+0000][151028][gc,age      ] GC(148) - age  10:       2360 bytes,    5661400 total
[2022-12-13T06:30:57.786+0000][151028][gc,age      ] GC(148) - age  11:      21696 bytes,    5683096 total
[2022-12-13T06:30:57.786+0000][151028][gc,age      ] GC(148) - age  12:      17752 bytes,    5700848 total
[2022-12-13T06:30:57.786+0000][151028][gc,age      ] GC(148) - age  13:      20056 bytes,    5720904 total
[2022-12-13T06:30:57.786+0000][151028][gc,age      ] GC(148) - age  14:      18528 bytes,    5739432 total
[2022-12-13T06:30:57.786+0000][151028][gc,age      ] GC(148) - age  15:     113592 bytes,    5853024 total
[2022-12-13T06:30:57.786+0000][151028][gc,heap     ] GC(148) Eden regions: 44->0(1196)
[2022-12-13T06:30:57.786+0000][151028][gc,heap     ] GC(148) Survivor regions: 4->2(150)
[2022-12-13T06:30:57.786+0000][151028][gc,heap     ] GC(148) Old regions: 448->448
[2022-12-13T06:30:57.786+0000][151028][gc,heap     ] GC(148) Archive regions: 2->2
[2022-12-13T06:30:57.786+0000][151028][gc,heap     ] GC(148) Humongous regions: 138->6
[2022-12-13T06:30:57.786+0000][151028][gc,metaspace] GC(148) Metaspace: 172251K(176832K)->172251K(176832K) NonClass: 150979K(153536K)->150979K(153536K) Class: 21271K(23296K)->21271K(23296K)
[2022-12-13T06:30:57.786+0000][151028][gc          ] GC(148) Pause Young (Concurrent Start) (G1 Humongous Allocation) 2537M->1826M(7992M) 8.044ms
[2022-12-13T06:30:57.786+0000][151028][gc          ] GC(149) Concurrent Undo Cycle
[2022-12-13T06:30:57.786+0000][151028][gc,cpu      ] GC(148) User=0.04s Sys=0.01s Real=0.00s
[2022-12-13T06:30:57.786+0000][151028][gc,marking  ] GC(149) Concurrent Cleanup for Next Mark
[2022-12-13T06:30:57.786+0000][151028][safepoint   ] Safepoint "G1TryInitiateConcMark", Time since last: 138874800 ns, Reaching safepoint: 430500 ns, At safepoint: 8289800 ns, Total: 8720300 ns
[2022-12-13T06:30:57.787+0000][151028][gc,marking  ] GC(149) Concurrent Cleanup for Next Mark 0.792ms
[2022-12-13T06:30:57.787+0000][151028][gc          ] GC(149) Concurrent Undo Cycle 0.956ms
[2022-12-13T06:30:58.787+0000][151028][safepoint   ] Safepoint "Cleanup", Time since last: 1000141000 ns, Reaching safepoint: 276300 ns, At safepoint: 48400 ns, Total: 324700 ns
[2022-12-13T06:30:59.102+0000][151028][gc,start    ] GC(150) Pause Young (Concurrent Start) (G1 Humongous Allocation)
[2022-12-13T06:30:59.102+0000][151028][gc,task     ] GC(150) Using 10 workers of 10 for evacuation
[2022-12-13T06:30:59.102+0000][151028][gc,age      ] GC(150) Desired survivor size 314572800 bytes, new threshold 15 (max threshold 15)
[2022-12-13T06:30:59.112+0000][151028][gc,phases   ] GC(150)   Pre Evacuate Collection Set: 0.9ms
[2022-12-13T06:30:59.112+0000][151028][gc,phases   ] GC(150)   Merge Heap Roots: 0.2ms
[2022-12-13T06:30:59.112+0000][151028][gc,phases   ] GC(150)   Evacuate Collection Set: 3.5ms
[2022-12-13T06:30:59.112+0000][151028][gc,phases   ] GC(150)   Post Evacuate Collection Set: 4.7ms
[2022-12-13T06:30:59.112+0000][151028][gc,phases   ] GC(150)   Other: 0.1ms
[2022-12-13T06:30:59.112+0000][151028][gc,age      ] GC(150) Age table with threshold 15 (max threshold 15)
[2022-12-13T06:30:59.112+0000][151028][gc,age      ] GC(150) - age   1:   11531096 bytes,   11531096 total
[2022-12-13T06:30:59.112+0000][151028][gc,age      ] GC(150) - age   2:      94504 bytes,   11625600 total
[2022-12-13T06:30:59.112+0000][151028][gc,age      ] GC(150) - age   3:     212752 bytes,   11838352 total
[2022-12-13T06:30:59.112+0000][151028][gc,age      ] GC(150) - age   4:     149040 bytes,   11987392 total
[2022-12-13T06:30:59.112+0000][151028][gc,age      ] GC(150) - age   5:     246448 bytes,   12233840 total
[2022-12-13T06:30:59.112+0000][151028][gc,age      ] GC(150) - age   6:      27016 bytes,   12260856 total
[2022-12-13T06:30:59.112+0000][151028][gc,age      ] GC(150) - age   7:      77168 bytes,   12338024 total
[2022-12-13T06:30:59.112+0000][151028][gc,age      ] GC(150) - age   8:      20624 bytes,   12358648 total
[2022-12-13T06:30:59.112+0000][151028][gc,age      ] GC(150) - age   9:     178096 bytes,   12536744 total
[2022-12-13T06:30:59.112+0000][151028][gc,age      ] GC(150) - age  10:       9352 bytes,   12546096 total
[2022-12-13T06:30:59.112+0000][151028][gc,age      ] GC(150) - age  11:       2360 bytes,   12548456 total
[2022-12-13T06:30:59.112+0000][151028][gc,age      ] GC(150) - age  12:      21336 bytes,   12569792 total
[2022-12-13T06:30:59.112+0000][151028][gc,age      ] GC(150) - age  13:      17712 bytes,   12587504 total
[2022-12-13T06:30:59.112+0000][151028][gc,age      ] GC(150) - age  14:      19976 bytes,   12607480 total
[2022-12-13T06:30:59.112+0000][151028][gc,age      ] GC(150) - age  15:      18528 bytes,   12626008 total
[2022-12-13T06:30:59.112+0000][151028][gc,heap     ] GC(150) Eden regions: 75->0(1194)
[2022-12-13T06:30:59.112+0000][151028][gc,heap     ] GC(150) Survivor regions: 2->4(150)
[2022-12-13T06:30:59.112+0000][151028][gc,heap     ] GC(150) Old regions: 448->448
[2022-12-13T06:30:59.112+0000][151028][gc,heap     ] GC(150) Archive regions: 2->2
[2022-12-13T06:30:59.112+0000][151028][gc,heap     ] GC(150) Humongous regions: 138->6
[2022-12-13T06:30:59.112+0000][151028][gc,metaspace] GC(150) Metaspace: 172266K(176832K)->172266K(176832K) NonClass: 150994K(153536K)->150994K(153536K) Class: 21272K(23296K)->21272K(23296K)
[2022-12-13T06:30:59.112+0000][151028][gc          ] GC(150) Pause Young (Concurrent Start) (G1 Humongous Allocation) 2653M->1832M(7992M) 9.833ms
[2022-12-13T06:30:59.112+0000][151028][gc          ] GC(151) Concurrent Undo Cycle
[2022-12-13T06:30:59.112+0000][151028][gc,cpu      ] GC(150) User=0.04s Sys=0.01s Real=0.01s
[2022-12-13T06:30:59.112+0000][151028][gc,marking  ] GC(151) Concurrent Cleanup for Next Mark
[2022-12-13T06:30:59.112+0000][151028][safepoint   ] Safepoint "G1TryInitiateConcMark", Time since last: 315129200 ns, Reaching safepoint: 216500 ns, At safepoint: 10080500 ns, Total: 10297000 ns
[2022-12-13T06:30:59.113+0000][151028][gc,marking  ] GC(151) Concurrent Cleanup for Next Mark 0.670ms
[2022-12-13T06:30:59.113+0000][151028][gc          ] GC(151) Concurrent Undo Cycle 0.796ms
[2022-12-13T06:31:00.113+0000][151028][safepoint   ] Safepoint "Cleanup", Time since last: 1000176400 ns, Reaching safepoint: 262200 ns, At safepoint: 30400 ns, Total: 292600 ns
[2022-12-13T06:31:00.156+0000][151028][gc,start    ] GC(152) Pause Young (Concurrent Start) (G1 Humongous Allocation)
[2022-12-13T06:31:00.156+0000][151028][gc,task     ] GC(152) Using 10 workers of 10 for evacuation
[2022-12-13T06:31:00.156+0000][151028][gc,age      ] GC(152) Desired survivor size 314572800 bytes, new threshold 15 (max threshold 15)
[2022-12-13T06:31:00.164+0000][151028][gc,phases   ] GC(152)   Pre Evacuate Collection Set: 0.8ms
[2022-12-13T06:31:00.164+0000][151028][gc,phases   ] GC(152)   Merge Heap Roots: 0.3ms
[2022-12-13T06:31:00.164+0000][151028][gc,phases   ] GC(152)   Evacuate Collection Set: 3.1ms
[2022-12-13T06:31:00.164+0000][151028][gc,phases   ] GC(152)   Post Evacuate Collection Set: 4.2ms
[2022-12-13T06:31:00.164+0000][151028][gc,phases   ] GC(152)   Other: 0.2ms
[2022-12-13T06:31:00.164+0000][151028][gc,age      ] GC(152) Age table with threshold 15 (max threshold 15)
[2022-12-13T06:31:00.165+0000][151028][gc,age      ] GC(152) - age   1:    8730584 bytes,    8730584 total
[2022-12-13T06:31:00.165+0000][151028][gc,age      ] GC(152) - age   2:     139312 bytes,    8869896 total
[2022-12-13T06:31:00.165+0000][151028][gc,age      ] GC(152) - age   3:      56272 bytes,    8926168 total
[2022-12-13T06:31:00.165+0000][151028][gc,age      ] GC(152) - age   4:     107288 bytes,    9033456 total
[2022-12-13T06:31:00.165+0000][151028][gc,age      ] GC(152) - age   5:     141080 bytes,    9174536 total
[2022-12-13T06:31:00.165+0000][151028][gc,age      ] GC(152) - age   6:     180328 bytes,    9354864 total
[2022-12-13T06:31:00.165+0000][151028][gc,age      ] GC(152) - age   7:      26136 bytes,    9381000 total
[2022-12-13T06:31:00.165+0000][151028][gc,age      ] GC(152) - age   8:      76496 bytes,    9457496 total
[2022-12-13T06:31:00.165+0000][151028][gc,age      ] GC(152) - age   9:      19584 bytes,    9477080 total
[2022-12-13T06:31:00.165+0000][151028][gc,age      ] GC(152) - age  10:     175352 bytes,    9652432 total
[2022-12-13T06:31:00.165+0000][151028][gc,age      ] GC(152) - age  11:       8712 bytes,    9661144 total
[2022-12-13T06:31:00.165+0000][151028][gc,age      ] GC(152) - age  12:       2360 bytes,    9663504 total
[2022-12-13T06:31:00.165+0000][151028][gc,age      ] GC(152) - age  13:       3656 bytes,    9667160 total
[2022-12-13T06:31:00.165+0000][151028][gc,age      ] GC(152) - age  14:      17712 bytes,    9684872 total
[2022-12-13T06:31:00.165+0000][151028][gc,age      ] GC(152) - age  15:      19976 bytes,    9704848 total
[2022-12-13T06:31:00.165+0000][151028][gc,heap     ] GC(152) Eden regions: 68->0(1195)
[2022-12-13T06:31:00.165+0000][151028][gc,heap     ] GC(152) Survivor regions: 4->3(150)
[2022-12-13T06:31:00.165+0000][151028][gc,heap     ] GC(152) Old regions: 448->449
[2022-12-13T06:31:00.165+0000][151028][gc,heap     ] GC(152) Archive regions: 2->2
[2022-12-13T06:31:00.165+0000][151028][gc,heap     ] GC(152) Humongous regions: 140->6
[2022-12-13T06:31:00.165+0000][151028][gc,metaspace] GC(152) Metaspace: 172343K(176960K)->172343K(176960K) NonClass: 151066K(153600K)->151066K(153600K) Class: 21276K(23360K)->21276K(23360K)
[2022-12-13T06:31:00.165+0000][151028][gc          ] GC(152) Pause Young (Concurrent Start) (G1 Humongous Allocation) 2640M->1829M(7992M) 9.100ms
[2022-12-13T06:31:00.165+0000][151028][gc          ] GC(153) Concurrent Undo Cycle
[2022-12-13T06:31:00.165+0000][151028][gc,cpu      ] GC(152) User=0.06s Sys=0.00s Real=0.01s
[2022-12-13T06:31:00.165+0000][151028][gc,marking  ] GC(153) Concurrent Cleanup for Next Mark
[2022-12-13T06:31:00.165+0000][151028][safepoint   ] Safepoint "G1TryInitiateConcMark", Time since last: 42597500 ns, Reaching safepoint: 203100 ns, At safepoint: 9350400 ns, Total: 9553500 ns
[2022-12-13T06:31:00.166+0000][151028][gc,marking  ] GC(153) Concurrent Cleanup for Next Mark 0.672ms
[2022-12-13T06:31:00.166+0000][151028][gc          ] GC(153) Concurrent Undo Cycle 0.808ms
[2022-12-13T06:31:00.789+0000][151028][gc,start    ] GC(154) Pause Young (Concurrent Start) (G1 Humongous Allocation)
[2022-12-13T06:31:00.789+0000][151028][gc,task     ] GC(154) Using 10 workers of 10 for evacuation
[2022-12-13T06:31:00.789+0000][151028][gc,age      ] GC(154) Desired survivor size 314572800 bytes, new threshold 15 (max threshold 15)
[2022-12-13T06:31:00.797+0000][151028][gc,phases   ] GC(154)   Pre Evacuate Collection Set: 0.8ms
[2022-12-13T06:31:00.797+0000][151028][gc,phases   ] GC(154)   Merge Heap Roots: 0.2ms
[2022-12-13T06:31:00.797+0000][151028][gc,phases   ] GC(154)   Evacuate Collection Set: 4.4ms
[2022-12-13T06:31:00.797+0000][151028][gc,phases   ] GC(154)   Post Evacuate Collection Set: 2.7ms
[2022-12-13T06:31:00.797+0000][151028][gc,phases   ] GC(154)   Other: 0.1ms
[2022-12-13T06:31:00.797+0000][151028][gc,age      ] GC(154) Age table with threshold 15 (max threshold 15)
[2022-12-13T06:31:00.797+0000][151028][gc,age      ] GC(154) - age   1:    8000672 bytes,    8000672 total
[2022-12-13T06:31:00.797+0000][151028][gc,age      ] GC(154) - age   2:     626320 bytes,    8626992 total
[2022-12-13T06:31:00.797+0000][151028][gc,age      ] GC(154) - age   3:     123784 bytes,    8750776 total
[2022-12-13T06:31:00.797+0000][151028][gc,age      ] GC(154) - age   4:      53920 bytes,    8804696 total
[2022-12-13T06:31:00.797+0000][151028][gc,age      ] GC(154) - age   5:     103328 bytes,    8908024 total
[2022-12-13T06:31:00.797+0000][151028][gc,age      ] GC(154) - age   6:     139472 bytes,    9047496 total
[2022-12-13T06:31:00.797+0000][151028][gc,age      ] GC(154) - age   7:     180128 bytes,    9227624 total
[2022-12-13T06:31:00.797+0000][151028][gc,age      ] GC(154) - age   8:       9296 bytes,    9236920 total
[2022-12-13T06:31:00.797+0000][151028][gc,age      ] GC(154) - age   9:      76416 bytes,    9313336 total
[2022-12-13T06:31:00.797+0000][151028][gc,age      ] GC(154) - age  10:       3104 bytes,    9316440 total
[2022-12-13T06:31:00.797+0000][151028][gc,age      ] GC(154) - age  11:     158952 bytes,    9475392 total
[2022-12-13T06:31:00.797+0000][151028][gc,age      ] GC(154) - age  12:       8672 bytes,    9484064 total
[2022-12-13T06:31:00.797+0000][151028][gc,age      ] GC(154) - age  13:       2360 bytes,    9486424 total
[2022-12-13T06:31:00.797+0000][151028][gc,age      ] GC(154) - age  14:       3656 bytes,    9490080 total
[2022-12-13T06:31:00.797+0000][151028][gc,age      ] GC(154) - age  15:      17712 bytes,    9507792 total
[2022-12-13T06:31:00.797+0000][151028][gc,heap     ] GC(154) Eden regions: 37->0(1136)
[2022-12-13T06:31:00.797+0000][151028][gc,heap     ] GC(154) Survivor regions: 3->3(150)
[2022-12-13T06:31:00.797+0000][151028][gc,heap     ] GC(154) Old regions: 449->449
[2022-12-13T06:31:00.797+0000][151028][gc,heap     ] GC(154) Archive regions: 2->2
[2022-12-13T06:31:00.797+0000][151028][gc,heap     ] GC(154) Humongous regions: 148->45
[2022-12-13T06:31:00.797+0000][151028][gc,metaspace] GC(154) Metaspace: 172354K(176960K)->172354K(176960K) NonClass: 151077K(153600K)->151077K(153600K) Class: 21276K(23360K)->21276K(23360K)
[2022-12-13T06:31:00.797+0000][151028][gc          ] GC(154) Pause Young (Concurrent Start) (G1 Humongous Allocation) 2545M->1985M(7992M) 8.828ms
[2022-12-13T06:31:00.798+0000][151028][gc          ] GC(155) Concurrent Undo Cycle
[2022-12-13T06:31:00.798+0000][151028][gc,cpu      ] GC(154) User=0.04s Sys=0.00s Real=0.01s
[2022-12-13T06:31:00.798+0000][151028][gc,marking  ] GC(155) Concurrent Cleanup for Next Mark
[2022-12-13T06:31:00.798+0000][151028][safepoint   ] Safepoint "G1TryInitiateConcMark", Time since last: 614700800 ns, Reaching safepoint: 8884700 ns, At safepoint: 9108700 ns, Total: 17993400 ns
[2022-12-13T06:31:00.799+0000][151028][gc,marking  ] GC(155) Concurrent Cleanup for Next Mark 0.906ms
[2022-12-13T06:31:00.799+0000][151028][gc          ] GC(155) Concurrent Undo Cycle 1.056ms
[2022-12-13T06:31:01.218+0000][151028][safepoint   ] Safepoint "G1TryInitiateConcMark", Time since last: 405361000 ns, Reaching safepoint: 14378400 ns, At safepoint: 134700 ns, Total: 14513100 ns
[2022-12-13T06:31:01.218+0000][151028][gc,start    ] GC(156) Pause Young (Concurrent Start) (G1 Humongous Allocation)
[2022-12-13T06:31:01.218+0000][151028][gc,task     ] GC(156) Using 10 workers of 10 for evacuation
[2022-12-13T06:31:01.218+0000][151028][gc,age      ] GC(156) Desired survivor size 299892736 bytes, new threshold 15 (max threshold 15)
[2022-12-13T06:31:01.236+0000][151028][gc,phases   ] GC(156)   Pre Evacuate Collection Set: 0.9ms
[2022-12-13T06:31:01.236+0000][151028][gc,phases   ] GC(156)   Merge Heap Roots: 0.3ms
[2022-12-13T06:31:01.236+0000][151028][gc,phases   ] GC(156)   Evacuate Collection Set: 14.1ms
[2022-12-13T06:31:01.236+0000][151028][gc,phases   ] GC(156)   Post Evacuate Collection Set: 2.3ms
[2022-12-13T06:31:01.236+0000][151028][gc,phases   ] GC(156)   Other: 0.1ms
[2022-12-13T06:31:01.236+0000][151028][gc,age      ] GC(156) Age table with threshold 15 (max threshold 15)
[2022-12-13T06:31:01.236+0000][151028][gc,age      ] GC(156) - age   1:   44790232 bytes,   44790232 total
[2022-12-13T06:31:01.236+0000][151028][gc,age      ] GC(156) - age   2:     180024 bytes,   44970256 total
[2022-12-13T06:31:01.236+0000][151028][gc,age      ] GC(156) - age   3:     513264 bytes,   45483520 total
[2022-12-13T06:31:01.236+0000][151028][gc,age      ] GC(156) - age   4:     122384 bytes,   45605904 total
[2022-12-13T06:31:01.236+0000][151028][gc,age      ] GC(156) - age   5:      51144 bytes,   45657048 total
[2022-12-13T06:31:01.236+0000][151028][gc,age      ] GC(156) - age   6:      79712 bytes,   45736760 total
[2022-12-13T06:31:01.236+0000][151028][gc,age      ] GC(156) - age   7:     138816 bytes,   45875576 total
[2022-12-13T06:31:01.236+0000][151028][gc,age      ] GC(156) - age   8:     179608 bytes,   46055184 total
[2022-12-13T06:31:01.236+0000][151028][gc,age      ] GC(156) - age   9:       6120 bytes,   46061304 total
[2022-12-13T06:31:01.236+0000][151028][gc,age      ] GC(156) - age  10:      76416 bytes,   46137720 total
[2022-12-13T06:31:01.236+0000][151028][gc,age      ] GC(156) - age  11:       3064 bytes,   46140784 total
[2022-12-13T06:31:01.236+0000][151028][gc,age      ] GC(156) - age  12:     158912 bytes,   46299696 total
[2022-12-13T06:31:01.236+0000][151028][gc,age      ] GC(156) - age  13:       8672 bytes,   46308368 total
[2022-12-13T06:31:01.236+0000][151028][gc,age      ] GC(156) - age  14:       2360 bytes,   46310728 total
[2022-12-13T06:31:01.236+0000][151028][gc,age      ] GC(156) - age  15:       3616 bytes,   46314344 total
[2022-12-13T06:31:01.236+0000][151028][gc,heap     ] GC(156) Eden regions: 69->0(1125)
[2022-12-13T06:31:01.236+0000][151028][gc,heap     ] GC(156) Survivor regions: 3->12(143)
[2022-12-13T06:31:01.236+0000][151028][gc,heap     ] GC(156) Old regions: 449->449
[2022-12-13T06:31:01.236+0000][151028][gc,heap     ] GC(156) Archive regions: 2->2
[2022-12-13T06:31:01.236+0000][151028][gc,heap     ] GC(156) Humongous regions: 131->50
[2022-12-13T06:31:01.236+0000][151028][gc,metaspace] GC(156) Metaspace: 172385K(177024K)->172385K(177024K) NonClass: 151108K(153664K)->151108K(153664K) Class: 21276K(23360K)->21276K(23360K)
[2022-12-13T06:31:01.236+0000][151028][gc          ] GC(156) Pause Young (Concurrent Start) (G1 Humongous Allocation) 2604M->2043M(7992M) 18.163ms
[2022-12-13T06:31:01.236+0000][151028][gc,cpu      ] GC(156) User=0.14s Sys=0.00s Real=0.01s
[2022-12-13T06:31:01.236+0000][151028][gc          ] GC(157) Concurrent Undo Cycle
[2022-12-13T06:31:01.236+0000][151028][gc,marking  ] GC(157) Concurrent Cleanup for Next Mark
[2022-12-13T06:31:01.237+0000][151028][safepoint   ] Safepoint "G1TryInitiateConcMark", Time since last: 205700 ns, Reaching safepoint: 322900 ns, At safepoint: 18451900 ns, Total: 18774800 ns
[2022-12-13T06:31:01.238+0000][151028][gc,marking  ] GC(157) Concurrent Cleanup for Next Mark 1.343ms
[2022-12-13T06:31:01.238+0000][151028][gc          ] GC(157) Concurrent Undo Cycle 1.501ms
[2022-12-13T06:31:02.237+0000][151028][safepoint   ] Safepoint "Cleanup", Time since last: 1000171700 ns, Reaching safepoint: 243600 ns, At safepoint: 21300 ns, Total: 264900 ns
[2022-12-13T06:31:02.344+0000][151028][gc,start    ] GC(158) Pause Young (Concurrent Start) (G1 Humongous Allocation)
[2022-12-13T06:31:02.344+0000][151028][gc,task     ] GC(158) Using 10 workers of 10 for evacuation
[2022-12-13T06:31:02.344+0000][151028][gc,age      ] GC(158) Desired survivor size 299892736 bytes, new threshold 15 (max threshold 15)
[2022-12-13T06:31:02.356+0000][151028][gc,phases   ] GC(158)   Pre Evacuate Collection Set: 0.8ms
[2022-12-13T06:31:02.356+0000][151028][gc,phases   ] GC(158)   Merge Heap Roots: 0.2ms
[2022-12-13T06:31:02.356+0000][151028][gc,phases   ] GC(158)   Evacuate Collection Set: 2.8ms
[2022-12-13T06:31:02.356+0000][151028][gc,phases   ] GC(158)   Post Evacuate Collection Set: 8.1ms
[2022-12-13T06:31:02.356+0000][151028][gc,phases   ] GC(158)   Other: 0.1ms
[2022-12-13T06:31:02.356+0000][151028][gc,age      ] GC(158) Age table with threshold 15 (max threshold 15)
[2022-12-13T06:31:02.356+0000][151028][gc,age      ] GC(158) - age   1:    3504904 bytes,    3504904 total
[2022-12-13T06:31:02.356+0000][151028][gc,age      ] GC(158) - age   2:   19871744 bytes,   23376648 total
[2022-12-13T06:31:02.356+0000][151028][gc,age      ] GC(158) - age   3:     113136 bytes,   23489784 total
[2022-12-13T06:31:02.356+0000][151028][gc,age      ] GC(158) - age   4:     168640 bytes,   23658424 total
[2022-12-13T06:31:02.356+0000][151028][gc,age      ] GC(158) - age   5:     121856 bytes,   23780280 total
[2022-12-13T06:31:02.357+0000][151028][gc,age      ] GC(158) - age   6:      49456 bytes,   23829736 total
[2022-12-13T06:31:02.357+0000][151028][gc,age      ] GC(158) - age   7:      77336 bytes,   23907072 total
[2022-12-13T06:31:02.357+0000][151028][gc,age      ] GC(158) - age   8:     137976 bytes,   24045048 total
[2022-12-13T06:31:02.357+0000][151028][gc,age      ] GC(158) - age   9:     179088 bytes,   24224136 total
[2022-12-13T06:31:02.357+0000][151028][gc,age      ] GC(158) - age  10:       6000 bytes,   24230136 total
[2022-12-13T06:31:02.357+0000][151028][gc,age      ] GC(158) - age  11:      76416 bytes,   24306552 total
[2022-12-13T06:31:02.357+0000][151028][gc,age      ] GC(158) - age  12:       2944 bytes,   24309496 total
[2022-12-13T06:31:02.357+0000][151028][gc,age      ] GC(158) - age  13:     158912 bytes,   24468408 total
[2022-12-13T06:31:02.357+0000][151028][gc,age      ] GC(158) - age  14:       8672 bytes,   24477080 total
[2022-12-13T06:31:02.357+0000][151028][gc,age      ] GC(158) - age  15:       2360 bytes,   24479440 total
[2022-12-13T06:31:02.357+0000][151028][gc,heap     ] GC(158) Eden regions: 57->0(1184)
[2022-12-13T06:31:02.357+0000][151028][gc,heap     ] GC(158) Survivor regions: 12->7(143)
[2022-12-13T06:31:02.357+0000][151028][gc,heap     ] GC(158) Old regions: 449->449
[2022-12-13T06:31:02.357+0000][151028][gc,heap     ] GC(158) Archive regions: 2->2
[2022-12-13T06:31:02.357+0000][151028][gc,heap     ] GC(158) Humongous regions: 149->6
[2022-12-13T06:31:02.357+0000][151028][gc,metaspace] GC(158) Metaspace: 172388K(177024K)->172388K(177024K) NonClass: 151111K(153664K)->151111K(153664K) Class: 21276K(23360K)->21276K(23360K)
[2022-12-13T06:31:02.357+0000][151028][gc          ] GC(158) Pause Young (Concurrent Start) (G1 Humongous Allocation) 2666M->1846M(7992M) 12.529ms
[2022-12-13T06:31:02.357+0000][151028][gc          ] GC(159) Concurrent Undo Cycle
[2022-12-13T06:31:02.357+0000][151028][gc,marking  ] GC(159) Concurrent Cleanup for Next Mark
[2022-12-13T06:31:02.357+0000][151028][gc,cpu      ] GC(158) User=0.08s Sys=0.00s Real=0.01s
[2022-12-13T06:31:02.357+0000][151028][safepoint   ] Safepoint "G1TryInitiateConcMark", Time since last: 107002100 ns, Reaching safepoint: 199900 ns, At safepoint: 12933300 ns, Total: 13133200 ns
[2022-12-13T06:31:02.358+0000][151028][gc,marking  ] GC(159) Concurrent Cleanup for Next Mark 1.170ms
[2022-12-13T06:31:02.358+0000][151028][gc          ] GC(159) Concurrent Undo Cycle 1.303ms
[2022-12-13T06:31:03.358+0000][151028][safepoint   ] Safepoint "Cleanup", Time since last: 1000156500 ns, Reaching safepoint: 288400 ns, At safepoint: 28000 ns, Total: 316400 ns
[2022-12-13T06:31:03.688+0000][151028][gc,start    ] GC(160) Pause Young (Concurrent Start) (G1 Humongous Allocation)
[2022-12-13T06:31:03.688+0000][151028][gc,task     ] GC(160) Using 10 workers of 10 for evacuation
[2022-12-13T06:31:03.688+0000][151028][gc,age      ] GC(160) Desired survivor size 312475648 bytes, new threshold 15 (max threshold 15)
[2022-12-13T06:31:03.701+0000][151028][gc,phases   ] GC(160)   Pre Evacuate Collection Set: 0.9ms
[2022-12-13T06:31:03.701+0000][151028][gc,phases   ] GC(160)   Merge Heap Roots: 0.2ms
[2022-12-13T06:31:03.701+0000][151028][gc,phases   ] GC(160)   Evacuate Collection Set: 6.5ms
[2022-12-13T06:31:03.701+0000][151028][gc,phases   ] GC(160)   Post Evacuate Collection Set: 4.6ms
[2022-12-13T06:31:03.701+0000][151028][gc,phases   ] GC(160)   Other: 0.2ms
[2022-12-13T06:31:03.701+0000][151028][gc,age      ] GC(160) Age table with threshold 15 (max threshold 15)
[2022-12-13T06:31:03.701+0000][151028][gc,age      ] GC(160) - age   1:   11849720 bytes,   11849720 total
[2022-12-13T06:31:03.701+0000][151028][gc,age      ] GC(160) - age   2:     207264 bytes,   12056984 total
[2022-12-13T06:31:03.701+0000][151028][gc,age      ] GC(160) - age   3:     152280 bytes,   12209264 total
[2022-12-13T06:31:03.701+0000][151028][gc,age      ] GC(160) - age   4:      93328 bytes,   12302592 total
[2022-12-13T06:31:03.701+0000][151028][gc,age      ] GC(160) - age   5:     146632 bytes,   12449224 total
[2022-12-13T06:31:03.701+0000][151028][gc,age      ] GC(160) - age   6:     114784 bytes,   12564008 total
[2022-12-13T06:31:03.701+0000][151028][gc,age      ] GC(160) - age   7:      28768 bytes,   12592776 total
[2022-12-13T06:31:03.701+0000][151028][gc,age      ] GC(160) - age   8:      72176 bytes,   12664952 total
[2022-12-13T06:31:03.701+0000][151028][gc,age      ] GC(160) - age   9:     130496 bytes,   12795448 total
[2022-12-13T06:31:03.701+0000][151028][gc,age      ] GC(160) - age  10:     178488 bytes,   12973936 total
[2022-12-13T06:31:03.701+0000][151028][gc,age      ] GC(160) - age  11:       4920 bytes,   12978856 total
[2022-12-13T06:31:03.701+0000][151028][gc,age      ] GC(160) - age  12:      76376 bytes,   13055232 total
[2022-12-13T06:31:03.701+0000][151028][gc,age      ] GC(160) - age  13:       2944 bytes,   13058176 total
[2022-12-13T06:31:03.701+0000][151028][gc,age      ] GC(160) - age  14:     158872 bytes,   13217048 total
[2022-12-13T06:31:03.701+0000][151028][gc,age      ] GC(160) - age  15:       8672 bytes,   13225720 total
[2022-12-13T06:31:03.701+0000][151028][gc,heap     ] GC(160) Eden regions: 85->0(1194)
[2022-12-13T06:31:03.701+0000][151028][gc,heap     ] GC(160) Survivor regions: 7->4(149)
[2022-12-13T06:31:03.701+0000][151028][gc,heap     ] GC(160) Old regions: 449->449
[2022-12-13T06:31:03.701+0000][151028][gc,heap     ] GC(160) Archive regions: 2->2
[2022-12-13T06:31:03.701+0000][151028][gc,heap     ] GC(160) Humongous regions: 129->6
[2022-12-13T06:31:03.701+0000][151028][gc,metaspace] GC(160) Metaspace: 172544K(177152K)->172544K(177152K) NonClass: 151257K(153792K)->151257K(153792K) Class: 21287K(23360K)->21287K(23360K)
[2022-12-13T06:31:03.701+0000][151028][gc          ] GC(160) Pause Young (Concurrent Start) (G1 Humongous Allocation) 2678M->1835M(7992M) 13.002ms
[2022-12-13T06:31:03.701+0000][151028][gc,cpu      ] GC(160) User=0.06s Sys=0.01s Real=0.02s
[2022-12-13T06:31:03.701+0000][151028][gc          ] GC(161) Concurrent Undo Cycle
[2022-12-13T06:31:03.701+0000][151028][gc,marking  ] GC(161) Concurrent Cleanup for Next Mark
[2022-12-13T06:31:03.701+0000][151028][safepoint   ] Safepoint "G1TryInitiateConcMark", Time since last: 330011600 ns, Reaching safepoint: 355300 ns, At safepoint: 13289700 ns, Total: 13645000 ns
[2022-12-13T06:31:03.702+0000][151028][gc,marking  ] GC(161) Concurrent Cleanup for Next Mark 0.798ms
[2022-12-13T06:31:03.702+0000][151028][gc          ] GC(161) Concurrent Undo Cycle 0.983ms
[2022-12-13T06:31:04.702+0000][151028][safepoint   ] Safepoint "Cleanup", Time since last: 1000159600 ns, Reaching safepoint: 219300 ns, At safepoint: 13600 ns, Total: 232900 ns
[2022-12-13T06:31:05.285+0000][151028][gc,start    ] GC(162) Pause Young (Concurrent Start) (G1 Humongous Allocation)
[2022-12-13T06:31:05.285+0000][151028][gc,task     ] GC(162) Using 10 workers of 10 for evacuation
[2022-12-13T06:31:05.285+0000][151028][gc,age      ] GC(162) Desired survivor size 314572800 bytes, new threshold 15 (max threshold 15)
[2022-12-13T06:31:05.292+0000][151028][gc,phases   ] GC(162)   Pre Evacuate Collection Set: 0.8ms
[2022-12-13T06:31:05.292+0000][151028][gc,phases   ] GC(162)   Merge Heap Roots: 0.2ms
[2022-12-13T06:31:05.292+0000][151028][gc,phases   ] GC(162)   Evacuate Collection Set: 3.1ms
[2022-12-13T06:31:05.292+0000][151028][gc,phases   ] GC(162)   Post Evacuate Collection Set: 2.7ms
[2022-12-13T06:31:05.292+0000][151028][gc,phases   ] GC(162)   Other: 0.1ms
[2022-12-13T06:31:05.292+0000][151028][gc,age      ] GC(162) Age table with threshold 15 (max threshold 15)
[2022-12-13T06:31:05.292+0000][151028][gc,age      ] GC(162) - age   1:    2805544 bytes,    2805544 total
[2022-12-13T06:31:05.292+0000][151028][gc,age      ] GC(162) - age   2:     138200 bytes,    2943744 total
[2022-12-13T06:31:05.292+0000][151028][gc,age      ] GC(162) - age   3:     105576 bytes,    3049320 total
[2022-12-13T06:31:05.292+0000][151028][gc,age      ] GC(162) - age   4:      78328 bytes,    3127648 total
[2022-12-13T06:31:05.292+0000][151028][gc,age      ] GC(162) - age   5:      90560 bytes,    3218208 total
[2022-12-13T06:31:05.292+0000][151028][gc,age      ] GC(162) - age   6:     126320 bytes,    3344528 total
[2022-12-13T06:31:05.292+0000][151028][gc,age      ] GC(162) - age   7:     113304 bytes,    3457832 total
[2022-12-13T06:31:05.292+0000][151028][gc,age      ] GC(162) - age   8:      27248 bytes,    3485080 total
[2022-12-13T06:31:05.292+0000][151028][gc,age      ] GC(162) - age   9:      71976 bytes,    3557056 total
[2022-12-13T06:31:05.292+0000][151028][gc,age      ] GC(162) - age  10:     128952 bytes,    3686008 total
[2022-12-13T06:31:05.292+0000][151028][gc,age      ] GC(162) - age  11:     177928 bytes,    3863936 total
[2022-12-13T06:31:05.292+0000][151028][gc,age      ] GC(162) - age  12:       4880 bytes,    3868816 total
[2022-12-13T06:31:05.292+0000][151028][gc,age      ] GC(162) - age  13:      76336 bytes,    3945152 total
[2022-12-13T06:31:05.292+0000][151028][gc,age      ] GC(162) - age  14:       2944 bytes,    3948096 total
[2022-12-13T06:31:05.292+0000][151028][gc,age      ] GC(162) - age  15:     158688 bytes,    4106784 total
[2022-12-13T06:31:05.292+0000][151028][gc,heap     ] GC(162) Eden regions: 65->0(1196)
[2022-12-13T06:31:05.292+0000][151028][gc,heap     ] GC(162) Survivor regions: 4->2(150)
[2022-12-13T06:31:05.292+0000][151028][gc,heap     ] GC(162) Old regions: 449->449
[2022-12-13T06:31:05.292+0000][151028][gc,heap     ] GC(162) Archive regions: 2->2
[2022-12-13T06:31:05.292+0000][151028][gc,heap     ] GC(162) Humongous regions: 143->6
[2022-12-13T06:31:05.292+0000][151028][gc,metaspace] GC(162) Metaspace: 172556K(177152K)->172556K(177152K) NonClass: 151268K(153792K)->151268K(153792K) Class: 21287K(23360K)->21287K(23360K)
[2022-12-13T06:31:05.292+0000][151028][gc          ] GC(162) Pause Young (Concurrent Start) (G1 Humongous Allocation) 2643M->1824M(7992M) 7.586ms
[2022-12-13T06:31:05.292+0000][151028][gc          ] GC(163) Concurrent Undo Cycle
[2022-12-13T06:31:05.292+0000][151028][gc,cpu      ] GC(162) User=0.03s Sys=0.01s Real=0.01s
[2022-12-13T06:31:05.292+0000][151028][gc,marking  ] GC(163) Concurrent Cleanup for Next Mark
[2022-12-13T06:31:05.292+0000][151028][safepoint   ] Safepoint "G1TryInitiateConcMark", Time since last: 582727400 ns, Reaching safepoint: 192400 ns, At safepoint: 7807100 ns, Total: 7999500 ns
[2022-12-13T06:31:05.293+0000][151028][gc,marking  ] GC(163) Concurrent Cleanup for Next Mark 0.778ms
[2022-12-13T06:31:05.293+0000][151028][gc          ] GC(163) Concurrent Undo Cycle 0.915ms
[2022-12-13T06:31:06.149+0000][151028][gc,start    ] GC(164) Pause Young (Concurrent Start) (G1 Humongous Allocation)
[2022-12-13T06:31:06.149+0000][151028][gc,task     ] GC(164) Using 10 workers of 10 for evacuation
[2022-12-13T06:31:06.149+0000][151028][gc,age      ] GC(164) Desired survivor size 314572800 bytes, new threshold 15 (max threshold 15)
[2022-12-13T06:31:06.156+0000][151028][gc,phases   ] GC(164)   Pre Evacuate Collection Set: 0.9ms
[2022-12-13T06:31:06.156+0000][151028][gc,phases   ] GC(164)   Merge Heap Roots: 0.2ms
[2022-12-13T06:31:06.157+0000][151028][gc,phases   ] GC(164)   Evacuate Collection Set: 3.5ms
[2022-12-13T06:31:06.157+0000][151028][gc,phases   ] GC(164)   Post Evacuate Collection Set: 2.7ms
[2022-12-13T06:31:06.157+0000][151028][gc,phases   ] GC(164)   Other: 0.2ms
[2022-12-13T06:31:06.157+0000][151028][gc,age      ] GC(164) Age table with threshold 15 (max threshold 15)
[2022-12-13T06:31:06.157+0000][151028][gc,age      ] GC(164) - age   1:    5366392 bytes,    5366392 total
[2022-12-13T06:31:06.157+0000][151028][gc,age      ] GC(164) - age   2:     334760 bytes,    5701152 total
[2022-12-13T06:31:06.157+0000][151028][gc,age      ] GC(164) - age   3:     114232 bytes,    5815384 total
[2022-12-13T06:31:06.157+0000][151028][gc,age      ] GC(164) - age   4:      38472 bytes,    5853856 total
[2022-12-13T06:31:06.157+0000][151028][gc,age      ] GC(164) - age   5:      77488 bytes,    5931344 total
[2022-12-13T06:31:06.157+0000][151028][gc,age      ] GC(164) - age   6:      89360 bytes,    6020704 total
[2022-12-13T06:31:06.157+0000][151028][gc,age      ] GC(164) - age   7:     119080 bytes,    6139784 total
[2022-12-13T06:31:06.157+0000][151028][gc,age      ] GC(164) - age   8:      44608 bytes,    6184392 total
[2022-12-13T06:31:06.157+0000][151028][gc,age      ] GC(164) - age   9:      25568 bytes,    6209960 total
[2022-12-13T06:31:06.157+0000][151028][gc,age      ] GC(164) - age  10:      71576 bytes,    6281536 total
[2022-12-13T06:31:06.157+0000][151028][gc,age      ] GC(164) - age  11:     124072 bytes,    6405608 total
[2022-12-13T06:31:06.157+0000][151028][gc,age      ] GC(164) - age  12:     177528 bytes,    6583136 total
[2022-12-13T06:31:06.157+0000][151028][gc,age      ] GC(164) - age  13:       4880 bytes,    6588016 total
[2022-12-13T06:31:06.157+0000][151028][gc,age      ] GC(164) - age  14:      59936 bytes,    6647952 total
[2022-12-13T06:31:06.157+0000][151028][gc,age      ] GC(164) - age  15:       2944 bytes,    6650896 total
[2022-12-13T06:31:06.157+0000][151028][gc,heap     ] GC(164) Eden regions: 47->0(1196)
[2022-12-13T06:31:06.157+0000][151028][gc,heap     ] GC(164) Survivor regions: 2->2(150)
[2022-12-13T06:31:06.157+0000][151028][gc,heap     ] GC(164) Old regions: 449->449
[2022-12-13T06:31:06.157+0000][151028][gc,heap     ] GC(164) Archive regions: 2->2
[2022-12-13T06:31:06.157+0000][151028][gc,heap     ] GC(164) Humongous regions: 138->6
[2022-12-13T06:31:06.157+0000][151028][gc,metaspace] GC(164) Metaspace: 172562K(177152K)->172562K(177152K) NonClass: 151274K(153792K)->151274K(153792K) Class: 21287K(23360K)->21287K(23360K)
[2022-12-13T06:31:06.157+0000][151028][gc          ] GC(164) Pause Young (Concurrent Start) (G1 Humongous Allocation) 2538M->1827M(7992M) 8.018ms
[2022-12-13T06:31:06.157+0000][151028][gc          ] GC(165) Concurrent Undo Cycle
[2022-12-13T06:31:06.157+0000][151028][gc,cpu      ] GC(164) User=0.04s Sys=0.00s Real=0.01s
[2022-12-13T06:31:06.157+0000][151028][gc,marking  ] GC(165) Concurrent Cleanup for Next Mark
[2022-12-13T06:31:06.157+0000][151028][safepoint   ] Safepoint "G1TryInitiateConcMark", Time since last: 856156200 ns, Reaching safepoint: 274700 ns, At safepoint: 8300800 ns, Total: 8575500 ns
[2022-12-13T06:31:06.158+0000][151028][gc,marking  ] GC(165) Concurrent Cleanup for Next Mark 0.736ms
[2022-12-13T06:31:06.158+0000][151028][gc          ] GC(165) Concurrent Undo Cycle 0.860ms
[2022-12-13T06:31:07.157+0000][151028][safepoint   ] Safepoint "Cleanup", Time since last: 1000168300 ns, Reaching safepoint: 222400 ns, At safepoint: 13000 ns, Total: 235400 ns
[2022-12-13T06:31:07.335+0000][151028][gc,start    ] GC(166) Pause Young (Concurrent Start) (G1 Humongous Allocation)
[2022-12-13T06:31:07.335+0000][151028][gc,task     ] GC(166) Using 10 workers of 10 for evacuation
[2022-12-13T06:31:07.335+0000][151028][gc,age      ] GC(166) Desired survivor size 314572800 bytes, new threshold 15 (max threshold 15)
[2022-12-13T06:31:07.344+0000][151028][gc,phases   ] GC(166)   Pre Evacuate Collection Set: 0.8ms
[2022-12-13T06:31:07.344+0000][151028][gc,phases   ] GC(166)   Merge Heap Roots: 0.4ms
[2022-12-13T06:31:07.344+0000][151028][gc,phases   ] GC(166)   Evacuate Collection Set: 3.1ms
[2022-12-13T06:31:07.344+0000][151028][gc,phases   ] GC(166)   Post Evacuate Collection Set: 4.1ms
[2022-12-13T06:31:07.344+0000][151028][gc,phases   ] GC(166)   Other: 0.1ms
[2022-12-13T06:31:07.344+0000][151028][gc,age      ] GC(166) Age table with threshold 15 (max threshold 15)
[2022-12-13T06:31:07.344+0000][151028][gc,age      ] GC(166) - age   1:   10829864 bytes,   10829864 total
[2022-12-13T06:31:07.344+0000][151028][gc,age      ] GC(166) - age   2:     208432 bytes,   11038296 total
[2022-12-13T06:31:07.344+0000][151028][gc,age      ] GC(166) - age   3:      96704 bytes,   11135000 total
[2022-12-13T06:31:07.344+0000][151028][gc,age      ] GC(166) - age   4:     101440 bytes,   11236440 total
[2022-12-13T06:31:07.344+0000][151028][gc,age      ] GC(166) - age   5:      35752 bytes,   11272192 total
[2022-12-13T06:31:07.344+0000][151028][gc,age      ] GC(166) - age   6:      75568 bytes,   11347760 total
[2022-12-13T06:31:07.344+0000][151028][gc,age      ] GC(166) - age   7:      89280 bytes,   11437040 total
[2022-12-13T06:31:07.344+0000][151028][gc,age      ] GC(166) - age   8:     118640 bytes,   11555680 total
[2022-12-13T06:31:07.344+0000][151028][gc,age      ] GC(166) - age   9:      27680 bytes,   11583360 total
[2022-12-13T06:31:07.344+0000][151028][gc,age      ] GC(166) - age  10:      24768 bytes,   11608128 total
[2022-12-13T06:31:07.344+0000][151028][gc,age      ] GC(166) - age  11:      71576 bytes,   11679704 total
[2022-12-13T06:31:07.344+0000][151028][gc,age      ] GC(166) - age  12:     123472 bytes,   11803176 total
[2022-12-13T06:31:07.344+0000][151028][gc,age      ] GC(166) - age  13:     177448 bytes,   11980624 total
[2022-12-13T06:31:07.344+0000][151028][gc,age      ] GC(166) - age  14:       4768 bytes,   11985392 total
[2022-12-13T06:31:07.344+0000][151028][gc,age      ] GC(166) - age  15:      59936 bytes,   12045328 total
[2022-12-13T06:31:07.344+0000][151028][gc,heap     ] GC(166) Eden regions: 94->0(1194)
[2022-12-13T06:31:07.344+0000][151028][gc,heap     ] GC(166) Survivor regions: 2->4(150)
[2022-12-13T06:31:07.344+0000][151028][gc,heap     ] GC(166) Old regions: 449->449
[2022-12-13T06:31:07.344+0000][151028][gc,heap     ] GC(166) Archive regions: 2->2
[2022-12-13T06:31:07.344+0000][151028][gc,heap     ] GC(166) Humongous regions: 147->6
[2022-12-13T06:31:07.344+0000][151028][gc,metaspace] GC(166) Metaspace: 172577K(177152K)->172577K(177152K) NonClass: 151288K(153792K)->151288K(153792K) Class: 21289K(23360K)->21289K(23360K)
[2022-12-13T06:31:07.344+0000][151028][gc          ] GC(166) Pause Young (Concurrent Start) (G1 Humongous Allocation) 2767M->1832M(7992M) 9.187ms
[2022-12-13T06:31:07.344+0000][151028][gc          ] GC(167) Concurrent Undo Cycle
[2022-12-13T06:31:07.344+0000][151028][gc,cpu      ] GC(166) User=0.04s Sys=0.00s Real=0.01s
[2022-12-13T06:31:07.345+0000][151028][gc,marking  ] GC(167) Concurrent Cleanup for Next Mark
[2022-12-13T06:31:07.345+0000][151028][safepoint   ] Safepoint "G1TryInitiateConcMark", Time since last: 177355900 ns, Reaching safepoint: 227500 ns, At safepoint: 9595100 ns, Total: 9822600 ns
[2022-12-13T06:31:07.346+0000][151028][gc,marking  ] GC(167) Concurrent Cleanup for Next Mark 1.301ms
[2022-12-13T06:31:07.346+0000][151028][gc          ] GC(167) Concurrent Undo Cycle 1.448ms
[2022-12-13T06:31:08.345+0000][151028][safepoint   ] Safepoint "Cleanup", Time since last: 1000149300 ns, Reaching safepoint: 192800 ns, At safepoint: 11500 ns, Total: 204300 ns
[2022-12-13T06:31:08.386+0000][151028][gc,start    ] GC(168) Pause Young (Concurrent Start) (G1 Humongous Allocation)
[2022-12-13T06:31:08.386+0000][151028][gc,task     ] GC(168) Using 10 workers of 10 for evacuation
[2022-12-13T06:31:08.386+0000][151028][gc,age      ] GC(168) Desired survivor size 314572800 bytes, new threshold 15 (max threshold 15)
[2022-12-13T06:31:08.399+0000][151028][gc,phases   ] GC(168)   Pre Evacuate Collection Set: 0.9ms
[2022-12-13T06:31:08.399+0000][151028][gc,phases   ] GC(168)   Merge Heap Roots: 0.2ms
[2022-12-13T06:31:08.399+0000][151028][gc,phases   ] GC(168)   Evacuate Collection Set: 3.7ms
[2022-12-13T06:31:08.399+0000][151028][gc,phases   ] GC(168)   Post Evacuate Collection Set: 8.0ms
[2022-12-13T06:31:08.399+0000][151028][gc,phases   ] GC(168)   Other: 0.1ms
[2022-12-13T06:31:08.399+0000][151028][gc,age      ] GC(168) Age table with threshold 15 (max threshold 15)
[2022-12-13T06:31:08.399+0000][151028][gc,age      ] GC(168) - age   1:   20287200 bytes,   20287200 total
[2022-12-13T06:31:08.399+0000][151028][gc,age      ] GC(168) - age   2:     169496 bytes,   20456696 total
[2022-12-13T06:31:08.399+0000][151028][gc,age      ] GC(168) - age   3:      70056 bytes,   20526752 total
[2022-12-13T06:31:08.399+0000][151028][gc,age      ] GC(168) - age   4:      87888 bytes,   20614640 total
[2022-12-13T06:31:08.399+0000][151028][gc,age      ] GC(168) - age   5:      75208 bytes,   20689848 total
[2022-12-13T06:31:08.399+0000][151028][gc,age      ] GC(168) - age   6:      32144 bytes,   20721992 total
[2022-12-13T06:31:08.399+0000][151028][gc,age      ] GC(168) - age   7:      74552 bytes,   20796544 total
[2022-12-13T06:31:08.399+0000][151028][gc,age      ] GC(168) - age   8:      72440 bytes,   20868984 total
[2022-12-13T06:31:08.399+0000][151028][gc,age      ] GC(168) - age   9:     117928 bytes,   20986912 total
[2022-12-13T06:31:08.399+0000][151028][gc,age      ] GC(168) - age  10:       9376 bytes,   20996288 total
[2022-12-13T06:31:08.399+0000][151028][gc,age      ] GC(168) - age  11:      24208 bytes,   21020496 total
[2022-12-13T06:31:08.399+0000][151028][gc,age      ] GC(168) - age  12:      53160 bytes,   21073656 total
[2022-12-13T06:31:08.399+0000][151028][gc,age      ] GC(168) - age  13:      89432 bytes,   21163088 total
[2022-12-13T06:31:08.399+0000][151028][gc,age      ] GC(168) - age  14:     174472 bytes,   21337560 total
[2022-12-13T06:31:08.399+0000][151028][gc,age      ] GC(168) - age  15:       4768 bytes,   21342328 total
[2022-12-13T06:31:08.399+0000][151028][gc,heap     ] GC(168) Eden regions: 98->0(1192)
[2022-12-13T06:31:08.399+0000][151028][gc,heap     ] GC(168) Survivor regions: 4->6(150)
[2022-12-13T06:31:08.399+0000][151028][gc,heap     ] GC(168) Old regions: 449->449
[2022-12-13T06:31:08.399+0000][151028][gc,heap     ] GC(168) Archive regions: 2->2
[2022-12-13T06:31:08.399+0000][151028][gc,heap     ] GC(168) Humongous regions: 138->6
[2022-12-13T06:31:08.399+0000][151028][gc,metaspace] GC(168) Metaspace: 172618K(177216K)->172618K(177216K) NonClass: 151329K(153856K)->151329K(153856K) Class: 21289K(23360K)->21289K(23360K)
[2022-12-13T06:31:08.399+0000][151028][gc          ] GC(168) Pause Young (Concurrent Start) (G1 Humongous Allocation) 2752M->1841M(7992M) 13.528ms
[2022-12-13T06:31:08.399+0000][151028][gc          ] GC(169) Concurrent Undo Cycle
[2022-12-13T06:31:08.399+0000][151028][gc,cpu      ] GC(168) User=0.07s Sys=0.01s Real=0.02s
[2022-12-13T06:31:08.399+0000][151028][gc,marking  ] GC(169) Concurrent Cleanup for Next Mark
[2022-12-13T06:31:08.399+0000][151028][safepoint   ] Safepoint "G1TryInitiateConcMark", Time since last: 40229600 ns, Reaching safepoint: 215700 ns, At safepoint: 13756700 ns, Total: 13972400 ns
[2022-12-13T06:31:08.400+0000][151028][gc,marking  ] GC(169) Concurrent Cleanup for Next Mark 0.744ms
[2022-12-13T06:31:08.400+0000][151028][gc          ] GC(169) Concurrent Undo Cycle 0.860ms
[2022-12-13T06:31:09.400+0000][151028][safepoint   ] Safepoint "Cleanup", Time since last: 1000167000 ns, Reaching safepoint: 201900 ns, At safepoint: 25200 ns, Total: 227100 ns
[2022-12-13T06:31:10.027+0000][151028][gc,start    ] GC(170) Pause Young (Concurrent Start) (G1 Humongous Allocation)
[2022-12-13T06:31:10.027+0000][151028][gc,task     ] GC(170) Using 10 workers of 10 for evacuation
[2022-12-13T06:31:10.027+0000][151028][gc,age      ] GC(170) Desired survivor size 314572800 bytes, new threshold 15 (max threshold 15)
[2022-12-13T06:31:10.036+0000][151028][gc,phases   ] GC(170)   Pre Evacuate Collection Set: 0.8ms
[2022-12-13T06:31:10.036+0000][151028][gc,phases   ] GC(170)   Merge Heap Roots: 0.3ms
[2022-12-13T06:31:10.037+0000][151028][gc,phases   ] GC(170)   Evacuate Collection Set: 5.2ms
[2022-12-13T06:31:10.037+0000][151028][gc,phases   ] GC(170)   Post Evacuate Collection Set: 2.7ms
[2022-12-13T06:31:10.037+0000][151028][gc,phases   ] GC(170)   Other: 0.2ms
[2022-12-13T06:31:10.037+0000][151028][gc,age      ] GC(170) Age table with threshold 15 (max threshold 15)
[2022-12-13T06:31:10.037+0000][151028][gc,age      ] GC(170) - age   1:   13213832 bytes,   13213832 total
[2022-12-13T06:31:10.037+0000][151028][gc,age      ] GC(170) - age   2:     271080 bytes,   13484912 total
[2022-12-13T06:31:10.037+0000][151028][gc,age      ] GC(170) - age   3:      76344 bytes,   13561256 total
[2022-12-13T06:31:10.037+0000][151028][gc,age      ] GC(170) - age   4:      50008 bytes,   13611264 total
[2022-12-13T06:31:10.037+0000][151028][gc,age      ] GC(170) - age   5:      81736 bytes,   13693000 total
[2022-12-13T06:31:10.037+0000][151028][gc,age      ] GC(170) - age   6:      54368 bytes,   13747368 total
[2022-12-13T06:31:10.037+0000][151028][gc,age      ] GC(170) - age   7:      31704 bytes,   13779072 total
[2022-12-13T06:31:10.037+0000][151028][gc,age      ] GC(170) - age   8:      74352 bytes,   13853424 total
[2022-12-13T06:31:10.037+0000][151028][gc,age      ] GC(170) - age   9:      72232 bytes,   13925656 total
[2022-12-13T06:31:10.037+0000][151028][gc,age      ] GC(170) - age  10:     117928 bytes,   14043584 total
[2022-12-13T06:31:10.037+0000][151028][gc,age      ] GC(170) - age  11:       9376 bytes,   14052960 total
[2022-12-13T06:31:10.037+0000][151028][gc,age      ] GC(170) - age  12:      24168 bytes,   14077128 total
[2022-12-13T06:31:10.037+0000][151028][gc,age      ] GC(170) - age  13:      53160 bytes,   14130288 total
[2022-12-13T06:31:10.037+0000][151028][gc,age      ] GC(170) - age  14:      89272 bytes,   14219560 total
[2022-12-13T06:31:10.037+0000][151028][gc,age      ] GC(170) - age  15:     174472 bytes,   14394032 total
[2022-12-13T06:31:10.037+0000][151028][gc,heap     ] GC(170) Eden regions: 90->0(1194)
[2022-12-13T06:31:10.037+0000][151028][gc,heap     ] GC(170) Survivor regions: 6->4(150)
[2022-12-13T06:31:10.037+0000][151028][gc,heap     ] GC(170) Old regions: 449->449
[2022-12-13T06:31:10.037+0000][151028][gc,heap     ] GC(170) Archive regions: 2->2
[2022-12-13T06:31:10.037+0000][151028][gc,heap     ] GC(170) Humongous regions: 118->9
[2022-12-13T06:31:10.037+0000][151028][gc,metaspace] GC(170) Metaspace: 172625K(177216K)->172625K(177216K) NonClass: 151336K(153856K)->151336K(153856K) Class: 21289K(23360K)->21289K(23360K)
[2022-12-13T06:31:10.037+0000][151028][gc          ] GC(170) Pause Young (Concurrent Start) (G1 Humongous Allocation) 2647M->1846M(7992M) 9.644ms
[2022-12-13T06:31:10.037+0000][151028][gc          ] GC(171) Concurrent Undo Cycle
[2022-12-13T06:31:10.037+0000][151028][gc,cpu      ] GC(170) User=0.04s Sys=0.02s Real=0.01s
[2022-12-13T06:31:10.037+0000][151028][gc,marking  ] GC(171) Concurrent Cleanup for Next Mark
[2022-12-13T06:31:10.038+0000][151028][safepoint   ] Safepoint "G1TryInitiateConcMark", Time since last: 627236700 ns, Reaching safepoint: 302600 ns, At safepoint: 9870500 ns, Total: 10173100 ns
[2022-12-13T06:31:10.038+0000][151028][gc,marking  ] GC(171) Concurrent Cleanup for Next Mark 0.537ms
[2022-12-13T06:31:10.038+0000][151028][gc          ] GC(171) Concurrent Undo Cycle 0.676ms
[2022-12-13T06:31:11.386+0000][151028][safepoint   ] Safepoint "Cleanup", Time since last: 1349006000 ns, Reaching safepoint: 346000 ns, At safepoint: 40600 ns, Total: 386600 ns
[2022-12-13T06:31:12.682+0000][151028][gc,start    ] GC(172) Pause Young (Concurrent Start) (G1 Humongous Allocation)
[2022-12-13T06:31:12.682+0000][151028][gc,task     ] GC(172) Using 10 workers of 10 for evacuation
[2022-12-13T06:31:12.682+0000][151028][gc,age      ] GC(172) Desired survivor size 314572800 bytes, new threshold 15 (max threshold 15)
[2022-12-13T06:31:12.713+0000][151028][gc,phases   ] GC(172)   Pre Evacuate Collection Set: 1.0ms
[2022-12-13T06:31:12.713+0000][151028][gc,phases   ] GC(172)   Merge Heap Roots: 0.3ms
[2022-12-13T06:31:12.713+0000][151028][gc,phases   ] GC(172)   Evacuate Collection Set: 6.2ms
[2022-12-13T06:31:12.713+0000][151028][gc,phases   ] GC(172)   Post Evacuate Collection Set: 23.5ms
[2022-12-13T06:31:12.713+0000][151028][gc,phases   ] GC(172)   Other: 0.2ms
[2022-12-13T06:31:12.713+0000][151028][gc,age      ] GC(172) Age table with threshold 15 (max threshold 15)
[2022-12-13T06:31:12.713+0000][151028][gc,age      ] GC(172) - age   1:   79334680 bytes,   79334680 total
[2022-12-13T06:31:12.713+0000][151028][gc,age      ] GC(172) - age   2:    4038464 bytes,   83373144 total
[2022-12-13T06:31:12.713+0000][151028][gc,age      ] GC(172) - age   3:      32216 bytes,   83405360 total
[2022-12-13T06:31:12.713+0000][151028][gc,age      ] GC(172) - age   4:      29200 bytes,   83434560 total
[2022-12-13T06:31:12.713+0000][151028][gc,age      ] GC(172) - age   5:      21848 bytes,   83456408 total
[2022-12-13T06:31:12.713+0000][151028][gc,age      ] GC(172) - age   6:      56344 bytes,   83512752 total
[2022-12-13T06:31:12.713+0000][151028][gc,age      ] GC(172) - age   7:      36256 bytes,   83549008 total
[2022-12-13T06:31:12.713+0000][151028][gc,age      ] GC(172) - age   8:      15184 bytes,   83564192 total
[2022-12-13T06:31:12.713+0000][151028][gc,age      ] GC(172) - age   9:      74192 bytes,   83638384 total
[2022-12-13T06:31:12.713+0000][151028][gc,age      ] GC(172) - age  10:      71312 bytes,   83709696 total
[2022-12-13T06:31:12.713+0000][151028][gc,age      ] GC(172) - age  11:     114664 bytes,   83824360 total
[2022-12-13T06:31:12.713+0000][151028][gc,age      ] GC(172) - age  12:       8696 bytes,   83833056 total
[2022-12-13T06:31:12.713+0000][151028][gc,age      ] GC(172) - age  13:       7512 bytes,   83840568 total
[2022-12-13T06:31:12.713+0000][151028][gc,age      ] GC(172) - age  14:      50080 bytes,   83890648 total
[2022-12-13T06:31:12.713+0000][151028][gc,age      ] GC(172) - age  15:      55792 bytes,   83946440 total
[2022-12-13T06:31:12.713+0000][151028][gc,heap     ] GC(172) Eden regions: 326->0(1177)
[2022-12-13T06:31:12.713+0000][151028][gc,heap     ] GC(172) Survivor regions: 4->21(150)
[2022-12-13T06:31:12.713+0000][151028][gc,heap     ] GC(172) Old regions: 449->449
[2022-12-13T06:31:12.713+0000][151028][gc,heap     ] GC(172) Archive regions: 2->2
[2022-12-13T06:31:12.713+0000][151028][gc,heap     ] GC(172) Humongous regions: 126->6
[2022-12-13T06:31:12.713+0000][151028][gc,metaspace] GC(172) Metaspace: 172714K(177280K)->172714K(177280K) NonClass: 151420K(153920K)->151420K(153920K) Class: 21294K(23360K)->21294K(23360K)
[2022-12-13T06:31:12.713+0000][151028][gc          ] GC(172) Pause Young (Concurrent Start) (G1 Humongous Allocation) 3617M->1903M(7992M) 31.755ms
[2022-12-13T06:31:12.713+0000][151028][gc          ] GC(173) Concurrent Undo Cycle
[2022-12-13T06:31:12.714+0000][151028][gc,marking  ] GC(173) Concurrent Cleanup for Next Mark
[2022-12-13T06:31:12.714+0000][151028][gc,cpu      ] GC(172) User=0.32s Sys=0.01s Real=0.03s
[2022-12-13T06:31:12.716+0000][151028][gc,marking  ] GC(173) Concurrent Cleanup for Next Mark 1.993ms
[2022-12-13T06:31:12.716+0000][151028][gc          ] GC(173) Concurrent Undo Cycle 2.193ms
[2022-12-13T06:31:12.716+0000][151028][safepoint   ] Safepoint "G1TryInitiateConcMark", Time since last: 1294825400 ns, Reaching safepoint: 257100 ns, At safepoint: 34100700 ns, Total: 34357800 ns
[2022-12-13T06:31:13.716+0000][151028][safepoint   ] Safepoint "Cleanup", Time since last: 1000140300 ns, Reaching safepoint: 167700 ns, At safepoint: 11500 ns, Total: 179200 ns
[2022-12-13T06:31:15.634+0000][151028][safepoint   ] Safepoint "Cleanup", Time since last: 1918275500 ns, Reaching safepoint: 221800 ns, At safepoint: 41900 ns, Total: 263700 ns
[2022-12-13T06:31:15.853+0000][151028][gc,start    ] GC(174) Pause Young (Concurrent Start) (G1 Humongous Allocation)
[2022-12-13T06:31:15.854+0000][151028][gc,task     ] GC(174) Using 10 workers of 10 for evacuation
[2022-12-13T06:31:15.854+0000][151028][gc,age      ] GC(174) Desired survivor size 314572800 bytes, new threshold 15 (max threshold 15)
[2022-12-13T06:31:15.871+0000][151028][gc,phases   ] GC(174)   Pre Evacuate Collection Set: 2.0ms
[2022-12-13T06:31:15.871+0000][151028][gc,phases   ] GC(174)   Merge Heap Roots: 1.3ms
[2022-12-13T06:31:15.871+0000][151028][gc,phases   ] GC(174)   Evacuate Collection Set: 5.2ms
[2022-12-13T06:31:15.871+0000][151028][gc,phases   ] GC(174)   Post Evacuate Collection Set: 9.2ms
[2022-12-13T06:31:15.871+0000][151028][gc,phases   ] GC(174)   Other: 0.2ms
[2022-12-13T06:31:15.871+0000][151028][gc,age      ] GC(174) Age table with threshold 15 (max threshold 15)
[2022-12-13T06:31:15.871+0000][151028][gc,age      ] GC(174) - age   1:   17585104 bytes,   17585104 total
[2022-12-13T06:31:15.871+0000][151028][gc,age      ] GC(174) - age   2:    6628888 bytes,   24213992 total
[2022-12-13T06:31:15.871+0000][151028][gc,age      ] GC(174) - age   3:      36000 bytes,   24249992 total
[2022-12-13T06:31:15.872+0000][151028][gc,age      ] GC(174) - age   4:      28248 bytes,   24278240 total
[2022-12-13T06:31:15.872+0000][151028][gc,age      ] GC(174) - age   5:      24872 bytes,   24303112 total
[2022-12-13T06:31:15.872+0000][151028][gc,age      ] GC(174) - age   6:       3408 bytes,   24306520 total
[2022-12-13T06:31:15.872+0000][151028][gc,age      ] GC(174) - age   7:      52416 bytes,   24358936 total
[2022-12-13T06:31:15.872+0000][151028][gc,age      ] GC(174) - age   8:      34776 bytes,   24393712 total
[2022-12-13T06:31:15.872+0000][151028][gc,age      ] GC(174) - age   9:      14936 bytes,   24408648 total
[2022-12-13T06:31:15.872+0000][151028][gc,age      ] GC(174) - age  10:      74192 bytes,   24482840 total
[2022-12-13T06:31:15.872+0000][151028][gc,age      ] GC(174) - age  11:      71072 bytes,   24553912 total
[2022-12-13T06:31:15.872+0000][151028][gc,age      ] GC(174) - age  12:      47856 bytes,   24601768 total
[2022-12-13T06:31:15.872+0000][151028][gc,age      ] GC(174) - age  13:       8696 bytes,   24610464 total
[2022-12-13T06:31:15.872+0000][151028][gc,age      ] GC(174) - age  14:       7376 bytes,   24617840 total
[2022-12-13T06:31:15.872+0000][151028][gc,age      ] GC(174) - age  15:      49984 bytes,   24667824 total
[2022-12-13T06:31:15.872+0000][151028][gc,heap     ] GC(174) Eden regions: 200->0(1190)
[2022-12-13T06:31:15.872+0000][151028][gc,heap     ] GC(174) Survivor regions: 21->8(150)
[2022-12-13T06:31:15.872+0000][151028][gc,heap     ] GC(174) Old regions: 449->449
[2022-12-13T06:31:15.872+0000][151028][gc,heap     ] GC(174) Archive regions: 2->2
[2022-12-13T06:31:15.872+0000][151028][gc,heap     ] GC(174) Humongous regions: 146->6
[2022-12-13T06:31:15.872+0000][151028][gc,metaspace] GC(174) Metaspace: 172802K(177472K)->172802K(177472K) NonClass: 151507K(154112K)->151507K(154112K) Class: 21295K(23360K)->21295K(23360K)
[2022-12-13T06:31:15.872+0000][151028][gc          ] GC(174) Pause Young (Concurrent Start) (G1 Humongous Allocation) 3260M->1850M(7992M) 18.313ms
[2022-12-13T06:31:15.872+0000][151028][gc          ] GC(175) Concurrent Undo Cycle
[2022-12-13T06:31:15.872+0000][151028][gc,marking  ] GC(175) Concurrent Cleanup for Next Mark
[2022-12-13T06:31:15.872+0000][151028][gc,cpu      ] GC(174) User=0.10s Sys=0.01s Real=0.02s
[2022-12-13T06:31:15.873+0000][151028][gc,marking  ] GC(175) Concurrent Cleanup for Next Mark 1.074ms
[2022-12-13T06:31:15.873+0000][151028][gc          ] GC(175) Concurrent Undo Cycle 1.176ms
[2022-12-13T06:31:15.873+0000][151028][safepoint   ] Safepoint "G1TryInitiateConcMark", Time since last: 218726300 ns, Reaching safepoint: 203100 ns, At safepoint: 19597000 ns, Total: 19800100 ns
[2022-12-13T06:31:16.824+0000][151028][gc,start    ] GC(176) Pause Young (Concurrent Start) (G1 Humongous Allocation)
[2022-12-13T06:31:16.824+0000][151028][gc,task     ] GC(176) Using 10 workers of 10 for evacuation
[2022-12-13T06:31:16.824+0000][151028][gc,age      ] GC(176) Desired survivor size 314572800 bytes, new threshold 15 (max threshold 15)
[2022-12-13T06:31:16.837+0000][151028][gc,phases   ] GC(176)   Pre Evacuate Collection Set: 1.0ms
[2022-12-13T06:31:16.838+0000][151028][gc,phases   ] GC(176)   Merge Heap Roots: 0.2ms
[2022-12-13T06:31:16.838+0000][151028][gc,phases   ] GC(176)   Evacuate Collection Set: 10.2ms
[2022-12-13T06:31:16.838+0000][151028][gc,phases   ] GC(176)   Post Evacuate Collection Set: 2.2ms
[2022-12-13T06:31:16.838+0000][151028][gc,phases   ] GC(176)   Other: 0.2ms
[2022-12-13T06:31:16.838+0000][151028][gc,age      ] GC(176) Age table with threshold 15 (max threshold 15)
[2022-12-13T06:31:16.838+0000][151028][gc,age      ] GC(176) - age   1:   18249800 bytes,   18249800 total
[2022-12-13T06:31:16.838+0000][151028][gc,age      ] GC(176) - age   2:     734704 bytes,   18984504 total
[2022-12-13T06:31:16.838+0000][151028][gc,age      ] GC(176) - age   3:    6602856 bytes,   25587360 total
[2022-12-13T06:31:16.838+0000][151028][gc,age      ] GC(176) - age   4:      30520 bytes,   25617880 total
[2022-12-13T06:31:16.838+0000][151028][gc,age      ] GC(176) - age   5:      24648 bytes,   25642528 total
[2022-12-13T06:31:16.838+0000][151028][gc,age      ] GC(176) - age   6:       5832 bytes,   25648360 total
[2022-12-13T06:31:16.838+0000][151028][gc,age      ] GC(176) - age   7:       3408 bytes,   25651768 total
[2022-12-13T06:31:16.838+0000][151028][gc,age      ] GC(176) - age   8:      35936 bytes,   25687704 total
[2022-12-13T06:31:16.838+0000][151028][gc,age      ] GC(176) - age   9:      34712 bytes,   25722416 total
[2022-12-13T06:31:16.838+0000][151028][gc,age      ] GC(176) - age  10:      14896 bytes,   25737312 total
[2022-12-13T06:31:16.838+0000][151028][gc,age      ] GC(176) - age  11:      74192 bytes,   25811504 total
[2022-12-13T06:31:16.838+0000][151028][gc,age      ] GC(176) - age  12:      71072 bytes,   25882576 total
[2022-12-13T06:31:16.838+0000][151028][gc,age      ] GC(176) - age  13:      47856 bytes,   25930432 total
[2022-12-13T06:31:16.838+0000][151028][gc,age      ] GC(176) - age  14:       8696 bytes,   25939128 total
[2022-12-13T06:31:16.838+0000][151028][gc,age      ] GC(176) - age  15:       7376 bytes,   25946504 total
[2022-12-13T06:31:16.838+0000][151028][gc,heap     ] GC(176) Eden regions: 66->0(1190)
[2022-12-13T06:31:16.838+0000][151028][gc,heap     ] GC(176) Survivor regions: 8->8(150)
[2022-12-13T06:31:16.838+0000][151028][gc,heap     ] GC(176) Old regions: 449->449
[2022-12-13T06:31:16.838+0000][151028][gc,heap     ] GC(176) Archive regions: 2->2
[2022-12-13T06:31:16.838+0000][151028][gc,heap     ] GC(176) Humongous regions: 143->9
[2022-12-13T06:31:16.838+0000][151028][gc,metaspace] GC(176) Metaspace: 172836K(177472K)->172836K(177472K) NonClass: 151541K(154112K)->151541K(154112K) Class: 21295K(23360K)->21295K(23360K)
[2022-12-13T06:31:16.838+0000][151028][gc          ] GC(176) Pause Young (Concurrent Start) (G1 Humongous Allocation) 2660M->1861M(7992M) 14.262ms
[2022-12-13T06:31:16.838+0000][151028][gc          ] GC(177) Concurrent Undo Cycle
[2022-12-13T06:31:16.838+0000][151028][gc,marking  ] GC(177) Concurrent Cleanup for Next Mark
[2022-12-13T06:31:16.838+0000][151028][gc,cpu      ] GC(176) User=0.11s Sys=0.00s Real=0.02s
[2022-12-13T06:31:16.839+0000][151028][gc,marking  ] GC(177) Concurrent Cleanup for Next Mark 1.007ms
[2022-12-13T06:31:16.839+0000][151028][gc          ] GC(177) Concurrent Undo Cycle 1.117ms
[2022-12-13T06:31:16.839+0000][151028][safepoint   ] Safepoint "G1TryInitiateConcMark", Time since last: 950328100 ns, Reaching safepoint: 253300 ns, At safepoint: 15477700 ns, Total: 15731000 ns
[2022-12-13T06:31:17.840+0000][151028][safepoint   ] Safepoint "Cleanup", Time since last: 1000141300 ns, Reaching safepoint: 290200 ns, At safepoint: 40500 ns, Total: 330700 ns
[2022-12-13T06:31:18.224+0000][151028][gc,start    ] GC(178) Pause Young (Concurrent Start) (G1 Humongous Allocation)
[2022-12-13T06:31:18.224+0000][151028][gc,task     ] GC(178) Using 10 workers of 10 for evacuation
[2022-12-13T06:31:18.224+0000][151028][gc,age      ] GC(178) Desired survivor size 314572800 bytes, new threshold 15 (max threshold 15)
[2022-12-13T06:31:18.248+0000][151028][gc,phases   ] GC(178)   Pre Evacuate Collection Set: 0.8ms
[2022-12-13T06:31:18.248+0000][151028][gc,phases   ] GC(178)   Merge Heap Roots: 0.2ms
[2022-12-13T06:31:18.248+0000][151028][gc,phases   ] GC(178)   Evacuate Collection Set: 14.1ms
[2022-12-13T06:31:18.248+0000][151028][gc,phases   ] GC(178)   Post Evacuate Collection Set: 8.5ms
[2022-12-13T06:31:18.248+0000][151028][gc,phases   ] GC(178)   Other: 0.1ms
[2022-12-13T06:31:18.248+0000][151028][gc,age      ] GC(178) Age table with threshold 15 (max threshold 15)
[2022-12-13T06:31:18.248+0000][151028][gc,age      ] GC(178) - age   1:   39353088 bytes,   39353088 total
[2022-12-13T06:31:18.248+0000][151028][gc,age      ] GC(178) - age   2:   11207048 bytes,   50560136 total
[2022-12-13T06:31:18.248+0000][151028][gc,age      ] GC(178) - age   3:     465648 bytes,   51025784 total
[2022-12-13T06:31:18.248+0000][151028][gc,age      ] GC(178) - age   4:    6598768 bytes,   57624552 total
[2022-12-13T06:31:18.248+0000][151028][gc,age      ] GC(178) - age   5:      29680 bytes,   57654232 total
[2022-12-13T06:31:18.248+0000][151028][gc,age      ] GC(178) - age   6:      24608 bytes,   57678840 total
[2022-12-13T06:31:18.248+0000][151028][gc,age      ] GC(178) - age   7:       5832 bytes,   57684672 total
[2022-12-13T06:31:18.248+0000][151028][gc,age      ] GC(178) - age   8:       3408 bytes,   57688080 total
[2022-12-13T06:31:18.248+0000][151028][gc,age      ] GC(178) - age   9:      35896 bytes,   57723976 total
[2022-12-13T06:31:18.248+0000][151028][gc,age      ] GC(178) - age  10:      34512 bytes,   57758488 total
[2022-12-13T06:31:18.248+0000][151028][gc,age      ] GC(178) - age  11:      14896 bytes,   57773384 total
[2022-12-13T06:31:18.248+0000][151028][gc,age      ] GC(178) - age  12:      74192 bytes,   57847576 total
[2022-12-13T06:31:18.248+0000][151028][gc,age      ] GC(178) - age  13:      71072 bytes,   57918648 total
[2022-12-13T06:31:18.248+0000][151028][gc,age      ] GC(178) - age  14:      47856 bytes,   57966504 total
[2022-12-13T06:31:18.248+0000][151028][gc,age      ] GC(178) - age  15:       8696 bytes,   57975200 total
[2022-12-13T06:31:18.248+0000][151028][gc,heap     ] GC(178) Eden regions: 112->0(1173)
[2022-12-13T06:31:18.249+0000][151028][gc,heap     ] GC(178) Survivor regions: 8->15(150)
[2022-12-13T06:31:18.249+0000][151028][gc,heap     ] GC(178) Old regions: 449->449
[2022-12-13T06:31:18.249+0000][151028][gc,heap     ] GC(178) Archive regions: 2->2
[2022-12-13T06:31:18.249+0000][151028][gc,heap     ] GC(178) Humongous regions: 122->14
[2022-12-13T06:31:18.249+0000][151028][gc,metaspace] GC(178) Metaspace: 172866K(177536K)->172866K(177536K) NonClass: 151571K(154176K)->151571K(154176K) Class: 21295K(23360K)->21295K(23360K)
[2022-12-13T06:31:18.249+0000][151028][gc          ] GC(178) Pause Young (Concurrent Start) (G1 Humongous Allocation) 2761M->1910M(7992M) 24.385ms
[2022-12-13T06:31:18.249+0000][151028][gc          ] GC(179) Concurrent Undo Cycle
[2022-12-13T06:31:18.249+0000][151028][gc,marking  ] GC(179) Concurrent Cleanup for Next Mark
[2022-12-13T06:31:18.249+0000][151028][gc,cpu      ] GC(178) User=0.19s Sys=0.00s Real=0.02s
[2022-12-13T06:31:18.250+0000][151028][safepoint   ] Safepoint "G1TryInitiateConcMark", Time since last: 382272900 ns, Reaching safepoint: 2367500 ns, At safepoint: 25517400 ns, Total: 27884900 ns
[2022-12-13T06:31:18.250+0000][151028][gc,marking  ] GC(179) Concurrent Cleanup for Next Mark 1.034ms
[2022-12-13T06:31:18.250+0000][151028][gc          ] GC(179) Concurrent Undo Cycle 1.132ms
[2022-12-13T06:31:19.085+0000][151028][gc,start    ] GC(180) Pause Young (Concurrent Start) (G1 Humongous Allocation)
[2022-12-13T06:31:19.085+0000][151028][gc,task     ] GC(180) Using 10 workers of 10 for evacuation
[2022-12-13T06:31:19.085+0000][151028][gc,age      ] GC(180) Desired survivor size 312475648 bytes, new threshold 15 (max threshold 15)
[2022-12-13T06:31:19.104+0000][151028][gc,phases   ] GC(180)   Pre Evacuate Collection Set: 0.9ms
[2022-12-13T06:31:19.104+0000][151028][gc,phases   ] GC(180)   Merge Heap Roots: 0.3ms
[2022-12-13T06:31:19.104+0000][151028][gc,phases   ] GC(180)   Evacuate Collection Set: 9.6ms
[2022-12-13T06:31:19.104+0000][151028][gc,phases   ] GC(180)   Post Evacuate Collection Set: 7.8ms
[2022-12-13T06:31:19.104+0000][151028][gc,phases   ] GC(180)   Other: 0.2ms
[2022-12-13T06:31:19.104+0000][151028][gc,age      ] GC(180) Age table with threshold 15 (max threshold 15)
[2022-12-13T06:31:19.104+0000][151028][gc,age      ] GC(180) - age   1:    7406064 bytes,    7406064 total
[2022-12-13T06:31:19.104+0000][151028][gc,age      ] GC(180) - age   2:   17755328 bytes,   25161392 total
[2022-12-13T06:31:19.104+0000][151028][gc,age      ] GC(180) - age   3:     261304 bytes,   25422696 total
[2022-12-13T06:31:19.104+0000][151028][gc,age      ] GC(180) - age   4:     408904 bytes,   25831600 total
[2022-12-13T06:31:19.104+0000][151028][gc,age      ] GC(180) - age   5:    6595240 bytes,   32426840 total
[2022-12-13T06:31:19.104+0000][151028][gc,age      ] GC(180) - age   6:      29112 bytes,   32455952 total
[2022-12-13T06:31:19.104+0000][151028][gc,age      ] GC(180) - age   7:      24608 bytes,   32480560 total
[2022-12-13T06:31:19.104+0000][151028][gc,age      ] GC(180) - age   8:       5832 bytes,   32486392 total
[2022-12-13T06:31:19.104+0000][151028][gc,age      ] GC(180) - age   9:       3368 bytes,   32489760 total
[2022-12-13T06:31:19.104+0000][151028][gc,age      ] GC(180) - age  10:      35896 bytes,   32525656 total
[2022-12-13T06:31:19.104+0000][151028][gc,age      ] GC(180) - age  11:      34232 bytes,   32559888 total
[2022-12-13T06:31:19.104+0000][151028][gc,age      ] GC(180) - age  12:      14896 bytes,   32574784 total
[2022-12-13T06:31:19.104+0000][151028][gc,age      ] GC(180) - age  13:      74192 bytes,   32648976 total
[2022-12-13T06:31:19.104+0000][151028][gc,age      ] GC(180) - age  14:      71032 bytes,   32720008 total
[2022-12-13T06:31:19.104+0000][151028][gc,age      ] GC(180) - age  15:      47856 bytes,   32767864 total
[2022-12-13T06:31:19.104+0000][151028][gc,heap     ] GC(180) Eden regions: 52->0(1150)
[2022-12-13T06:31:19.104+0000][151028][gc,heap     ] GC(180) Survivor regions: 15->10(149)
[2022-12-13T06:31:19.104+0000][151028][gc,heap     ] GC(180) Old regions: 449->449
[2022-12-13T06:31:19.104+0000][151028][gc,heap     ] GC(180) Archive regions: 2->2
[2022-12-13T06:31:19.104+0000][151028][gc,heap     ] GC(180) Humongous regions: 149->8
[2022-12-13T06:31:19.104+0000][151028][gc,metaspace] GC(180) Metaspace: 172874K(177536K)->172874K(177536K) NonClass: 151579K(154176K)->151579K(154176K) Class: 21295K(23360K)->21295K(23360K)
[2022-12-13T06:31:19.104+0000][151028][gc          ] GC(180) Pause Young (Concurrent Start) (G1 Humongous Allocation) 2657M->1865M(7992M) 19.339ms
[2022-12-13T06:31:19.104+0000][151028][gc          ] GC(181) Concurrent Undo Cycle
[2022-12-13T06:31:19.104+0000][151028][gc,marking  ] GC(181) Concurrent Cleanup for Next Mark
[2022-12-13T06:31:19.104+0000][151028][gc,cpu      ] GC(180) User=0.10s Sys=0.01s Real=0.02s
[2022-12-13T06:31:19.105+0000][151028][gc,marking  ] GC(181) Concurrent Cleanup for Next Mark 0.986ms
[2022-12-13T06:31:19.105+0000][151028][gc          ] GC(181) Concurrent Undo Cycle 1.071ms
[2022-12-13T06:31:19.105+0000][151028][safepoint   ] Safepoint "G1TryInitiateConcMark", Time since last: 834704200 ns, Reaching safepoint: 334700 ns, At safepoint: 20510900 ns, Total: 20845600 ns
[2022-12-13T06:31:19.457+0000][151028][gc,start    ] GC(182) Pause Young (Concurrent Start) (G1 Humongous Allocation)
[2022-12-13T06:31:19.457+0000][151028][gc,task     ] GC(182) Using 10 workers of 10 for evacuation
[2022-12-13T06:31:19.457+0000][151028][gc,age      ] GC(182) Desired survivor size 304087040 bytes, new threshold 15 (max threshold 15)
[2022-12-13T06:31:19.470+0000][151028][gc,phases   ] GC(182)   Pre Evacuate Collection Set: 0.8ms
[2022-12-13T06:31:19.470+0000][151028][gc,phases   ] GC(182)   Merge Heap Roots: 0.2ms
[2022-12-13T06:31:19.470+0000][151028][gc,phases   ] GC(182)   Evacuate Collection Set: 6.8ms
[2022-12-13T06:31:19.470+0000][151028][gc,phases   ] GC(182)   Post Evacuate Collection Set: 4.8ms
[2022-12-13T06:31:19.470+0000][151028][gc,phases   ] GC(182)   Other: 0.2ms
[2022-12-13T06:31:19.470+0000][151028][gc,age      ] GC(182) Age table with threshold 15 (max threshold 15)
[2022-12-13T06:31:19.470+0000][151028][gc,age      ] GC(182) - age   1:    8133000 bytes,    8133000 total
[2022-12-13T06:31:19.470+0000][151028][gc,age      ] GC(182) - age   2:     432936 bytes,    8565936 total
[2022-12-13T06:31:19.470+0000][151028][gc,age      ] GC(182) - age   3:    3402504 bytes,   11968440 total
[2022-12-13T06:31:19.470+0000][151028][gc,age      ] GC(182) - age   4:     242504 bytes,   12210944 total
[2022-12-13T06:31:19.470+0000][151028][gc,age      ] GC(182) - age   5:     401360 bytes,   12612304 total
[2022-12-13T06:31:19.470+0000][151028][gc,age      ] GC(182) - age   6:    6578784 bytes,   19191088 total
[2022-12-13T06:31:19.470+0000][151028][gc,age      ] GC(182) - age   7:      28864 bytes,   19219952 total
[2022-12-13T06:31:19.470+0000][151028][gc,age      ] GC(182) - age   8:      24440 bytes,   19244392 total
[2022-12-13T06:31:19.470+0000][151028][gc,age      ] GC(182) - age   9:       5832 bytes,   19250224 total
[2022-12-13T06:31:19.470+0000][151028][gc,age      ] GC(182) - age  10:       3368 bytes,   19253592 total
[2022-12-13T06:31:19.470+0000][151028][gc,age      ] GC(182) - age  11:      35856 bytes,   19289448 total
[2022-12-13T06:31:19.470+0000][151028][gc,age      ] GC(182) - age  12:      33392 bytes,   19322840 total
[2022-12-13T06:31:19.470+0000][151028][gc,age      ] GC(182) - age  13:      14896 bytes,   19337736 total
[2022-12-13T06:31:19.470+0000][151028][gc,age      ] GC(182) - age  14:      74192 bytes,   19411928 total
[2022-12-13T06:31:19.470+0000][151028][gc,age      ] GC(182) - age  15:      71032 bytes,   19482960 total
[2022-12-13T06:31:19.470+0000][151028][gc,heap     ] GC(182) Eden regions: 34->0(1134)
[2022-12-13T06:31:19.470+0000][151028][gc,heap     ] GC(182) Survivor regions: 10->6(145)
[2022-12-13T06:31:19.470+0000][151028][gc,heap     ] GC(182) Old regions: 449->449
[2022-12-13T06:31:19.470+0000][151028][gc,heap     ] GC(182) Archive regions: 2->2
[2022-12-13T06:31:19.470+0000][151028][gc,heap     ] GC(182) Humongous regions: 133->41
[2022-12-13T06:31:19.470+0000][151028][gc,metaspace] GC(182) Metaspace: 172884K(177536K)->172884K(177536K) NonClass: 151589K(154176K)->151589K(154176K) Class: 21295K(23360K)->21295K(23360K)
[2022-12-13T06:31:19.470+0000][151028][gc          ] GC(182) Pause Young (Concurrent Start) (G1 Humongous Allocation) 2498M->1984M(7992M) 13.286ms
[2022-12-13T06:31:19.470+0000][151028][gc          ] GC(183) Concurrent Undo Cycle
[2022-12-13T06:31:19.470+0000][151028][gc,cpu      ] GC(182) User=0.07s Sys=0.00s Real=0.02s
[2022-12-13T06:31:19.470+0000][151028][gc,marking  ] GC(183) Concurrent Cleanup for Next Mark
[2022-12-13T06:31:19.470+0000][151028][safepoint   ] Safepoint "G1TryInitiateConcMark", Time since last: 333789300 ns, Reaching safepoint: 17610300 ns, At safepoint: 13600000 ns, Total: 31210300 ns
[2022-12-13T06:31:19.471+0000][151028][gc,marking  ] GC(183) Concurrent Cleanup for Next Mark 1.184ms
[2022-12-13T06:31:19.471+0000][151028][gc          ] GC(183) Concurrent Undo Cycle 1.312ms
[2022-12-13T06:31:20.471+0000][151028][safepoint   ] Safepoint "Cleanup", Time since last: 1000157500 ns, Reaching safepoint: 297800 ns, At safepoint: 40000 ns, Total: 337800 ns
[2022-12-13T06:31:20.490+0000][151028][gc,start    ] GC(184) Pause Young (Concurrent Start) (G1 Humongous Allocation)
[2022-12-13T06:31:20.490+0000][151028][gc,task     ] GC(184) Using 10 workers of 10 for evacuation
[2022-12-13T06:31:20.490+0000][151028][gc,age      ] GC(184) Desired survivor size 299892736 bytes, new threshold 15 (max threshold 15)
[2022-12-13T06:31:20.507+0000][151028][gc,phases   ] GC(184)   Pre Evacuate Collection Set: 1.2ms
[2022-12-13T06:31:20.507+0000][151028][gc,phases   ] GC(184)   Merge Heap Roots: 0.3ms
[2022-12-13T06:31:20.507+0000][151028][gc,phases   ] GC(184)   Evacuate Collection Set: 8.5ms
[2022-12-13T06:31:20.507+0000][151028][gc,phases   ] GC(184)   Post Evacuate Collection Set: 6.8ms
[2022-12-13T06:31:20.507+0000][151028][gc,phases   ] GC(184)   Other: 0.1ms
[2022-12-13T06:31:20.507+0000][151028][gc,age      ] GC(184) Age table with threshold 15 (max threshold 15)
[2022-12-13T06:31:20.507+0000][151028][gc,age      ] GC(184) - age   1:   23892864 bytes,   23892864 total
[2022-12-13T06:31:20.507+0000][151028][gc,age      ] GC(184) - age   2:     751848 bytes,   24644712 total
[2022-12-13T06:31:20.507+0000][151028][gc,age      ] GC(184) - age   3:     157440 bytes,   24802152 total
[2022-12-13T06:31:20.507+0000][151028][gc,age      ] GC(184) - age   4:    3232456 bytes,   28034608 total
[2022-12-13T06:31:20.507+0000][151028][gc,age      ] GC(184) - age   5:     138464 bytes,   28173072 total
[2022-12-13T06:31:20.507+0000][151028][gc,age      ] GC(184) - age   6:     378808 bytes,   28551880 total
[2022-12-13T06:31:20.507+0000][151028][gc,age      ] GC(184) - age   7:    6574864 bytes,   35126744 total
[2022-12-13T06:31:20.507+0000][151028][gc,age      ] GC(184) - age   8:      23744 bytes,   35150488 total
[2022-12-13T06:31:20.507+0000][151028][gc,age      ] GC(184) - age   9:      24080 bytes,   35174568 total
[2022-12-13T06:31:20.507+0000][151028][gc,age      ] GC(184) - age  10:       5352 bytes,   35179920 total
[2022-12-13T06:31:20.507+0000][151028][gc,age      ] GC(184) - age  11:       3088 bytes,   35183008 total
[2022-12-13T06:31:20.507+0000][151028][gc,age      ] GC(184) - age  12:      33728 bytes,   35216736 total
[2022-12-13T06:31:20.507+0000][151028][gc,age      ] GC(184) - age  13:      33152 bytes,   35249888 total
[2022-12-13T06:31:20.507+0000][151028][gc,age      ] GC(184) - age  14:      14896 bytes,   35264784 total
[2022-12-13T06:31:20.507+0000][151028][gc,age      ] GC(184) - age  15:      74192 bytes,   35338976 total
[2022-12-13T06:31:20.507+0000][151028][gc,heap     ] GC(184) Eden regions: 88->0(1171)
[2022-12-13T06:31:20.507+0000][151028][gc,heap     ] GC(184) Survivor regions: 6->10(143)
[2022-12-13T06:31:20.507+0000][151028][gc,heap     ] GC(184) Old regions: 449->449
[2022-12-13T06:31:20.507+0000][151028][gc,heap     ] GC(184) Archive regions: 2->2
[2022-12-13T06:31:20.507+0000][151028][gc,heap     ] GC(184) Humongous regions: 149->8
[2022-12-13T06:31:20.507+0000][151028][gc,metaspace] GC(184) Metaspace: 172892K(177536K)->172892K(177536K) NonClass: 151597K(154176K)->151597K(154176K) Class: 21295K(23360K)->21295K(23360K)
[2022-12-13T06:31:20.507+0000][151028][gc          ] GC(184) Pause Young (Concurrent Start) (G1 Humongous Allocation) 2768M->1868M(7992M) 17.428ms
[2022-12-13T06:31:20.507+0000][151028][gc          ] GC(185) Concurrent Undo Cycle
[2022-12-13T06:31:20.507+0000][151028][gc,cpu      ] GC(184) User=0.11s Sys=0.01s Real=0.01s
[2022-12-13T06:31:20.508+0000][151028][gc,marking  ] GC(185) Concurrent Cleanup for Next Mark
[2022-12-13T06:31:20.508+0000][151028][safepoint   ] Safepoint "G1TryInitiateConcMark", Time since last: 18867700 ns, Reaching safepoint: 335500 ns, At safepoint: 17803400 ns, Total: 18138900 ns
[2022-12-13T06:31:20.508+0000][151028][gc,marking  ] GC(185) Concurrent Cleanup for Next Mark 0.765ms
[2022-12-13T06:31:20.508+0000][151028][gc          ] GC(185) Concurrent Undo Cycle 0.948ms
[2022-12-13T06:31:22.060+0000][151028][safepoint   ] Safepoint "Cleanup", Time since last: 1551599400 ns, Reaching safepoint: 315000 ns, At safepoint: 62000 ns, Total: 377000 ns
[2022-12-13T06:31:23.072+0000][151028][safepoint   ] Safepoint "Cleanup", Time since last: 1000197100 ns, Reaching safepoint: 12339500 ns, At safepoint: 77800 ns, Total: 12417300 ns
[2022-12-13T06:31:23.443+0000][151028][gc,start    ] GC(186) Pause Young (Concurrent Start) (G1 Humongous Allocation)
[2022-12-13T06:31:23.443+0000][151028][gc,task     ] GC(186) Using 10 workers of 10 for evacuation
[2022-12-13T06:31:23.443+0000][151028][gc,age      ] GC(186) Desired survivor size 310378496 bytes, new threshold 15 (max threshold 15)
[2022-12-13T06:31:23.466+0000][151028][gc,phases   ] GC(186)   Pre Evacuate Collection Set: 0.8ms
[2022-12-13T06:31:23.466+0000][151028][gc,phases   ] GC(186)   Merge Heap Roots: 0.2ms
[2022-12-13T06:31:23.466+0000][151028][gc,phases   ] GC(186)   Evacuate Collection Set: 7.9ms
[2022-12-13T06:31:23.466+0000][151028][gc,phases   ] GC(186)   Post Evacuate Collection Set: 13.7ms
[2022-12-13T06:31:23.466+0000][151028][gc,phases   ] GC(186)   Other: 0.2ms
[2022-12-13T06:31:23.466+0000][151028][gc,age      ] GC(186) Age table with threshold 15 (max threshold 15)
[2022-12-13T06:31:23.466+0000][151028][gc,age      ] GC(186) - age   1:   48343552 bytes,   48343552 total
[2022-12-13T06:31:23.466+0000][151028][gc,age      ] GC(186) - age   2:    1257152 bytes,   49600704 total
[2022-12-13T06:31:23.466+0000][151028][gc,age      ] GC(186) - age   3:      38712 bytes,   49639416 total
[2022-12-13T06:31:23.466+0000][151028][gc,age      ] GC(186) - age   4:     104664 bytes,   49744080 total
[2022-12-13T06:31:23.466+0000][151028][gc,age      ] GC(186) - age   5:    3172064 bytes,   52916144 total
[2022-12-13T06:31:23.466+0000][151028][gc,age      ] GC(186) - age   6:     109304 bytes,   53025448 total
[2022-12-13T06:31:23.466+0000][151028][gc,age      ] GC(186) - age   7:     282336 bytes,   53307784 total
[2022-12-13T06:31:23.466+0000][151028][gc,age      ] GC(186) - age   8:    6554976 bytes,   59862760 total
[2022-12-13T06:31:23.466+0000][151028][gc,age      ] GC(186) - age   9:      23744 bytes,   59886504 total
[2022-12-13T06:31:23.466+0000][151028][gc,age      ] GC(186) - age  10:      24080 bytes,   59910584 total
[2022-12-13T06:31:23.466+0000][151028][gc,age      ] GC(186) - age  11:       5272 bytes,   59915856 total
[2022-12-13T06:31:23.466+0000][151028][gc,age      ] GC(186) - age  12:       3048 bytes,   59918904 total
[2022-12-13T06:31:23.466+0000][151028][gc,age      ] GC(186) - age  13:      33688 bytes,   59952592 total
[2022-12-13T06:31:23.466+0000][151028][gc,age      ] GC(186) - age  14:      33152 bytes,   59985744 total
[2022-12-13T06:31:23.466+0000][151028][gc,age      ] GC(186) - age  15:      14896 bytes,   60000640 total
[2022-12-13T06:31:23.466+0000][151028][gc,heap     ] GC(186) Eden regions: 241->0(1158)
[2022-12-13T06:31:23.466+0000][151028][gc,heap     ] GC(186) Survivor regions: 10->16(148)
[2022-12-13T06:31:23.466+0000][151028][gc,heap     ] GC(186) Old regions: 449->449
[2022-12-13T06:31:23.466+0000][151028][gc,heap     ] GC(186) Archive regions: 2->2
[2022-12-13T06:31:23.466+0000][151028][gc,heap     ] GC(186) Humongous regions: 138->16
[2022-12-13T06:31:23.466+0000][151028][gc,metaspace] GC(186) Metaspace: 173130K(177728K)->173130K(177728K) NonClass: 151813K(154368K)->151813K(154368K) Class: 21317K(23360K)->21317K(23360K)
[2022-12-13T06:31:23.466+0000][151028][gc          ] GC(186) Pause Young (Concurrent Start) (G1 Humongous Allocation) 3352M->1921M(7992M) 23.405ms
[2022-12-13T06:31:23.466+0000][151028][gc          ] GC(187) Concurrent Undo Cycle
[2022-12-13T06:31:23.466+0000][151028][gc,cpu      ] GC(186) User=0.20s Sys=0.00s Real=0.02s
[2022-12-13T06:31:23.466+0000][151028][gc,marking  ] GC(187) Concurrent Cleanup for Next Mark
[2022-12-13T06:31:23.466+0000][151028][safepoint   ] Safepoint "G1TryInitiateConcMark", Time since last: 369956200 ns, Reaching safepoint: 384800 ns, At safepoint: 23672700 ns, Total: 24057500 ns
[2022-12-13T06:31:23.467+0000][151028][gc,marking  ] GC(187) Concurrent Cleanup for Next Mark 0.762ms
[2022-12-13T06:31:23.467+0000][151028][gc          ] GC(187) Concurrent Undo Cycle 0.930ms
[2022-12-13T06:31:24.216+0000][151028][gc,start    ] GC(188) Pause Young (Concurrent Start) (G1 Humongous Allocation)
[2022-12-13T06:31:24.216+0000][151028][gc,task     ] GC(188) Using 10 workers of 10 for evacuation
[2022-12-13T06:31:24.216+0000][151028][gc,age      ] GC(188) Desired survivor size 308281344 bytes, new threshold 15 (max threshold 15)
[2022-12-13T06:31:24.231+0000][151028][gc,phases   ] GC(188)   Pre Evacuate Collection Set: 0.8ms
[2022-12-13T06:31:24.231+0000][151028][gc,phases   ] GC(188)   Merge Heap Roots: 0.2ms
[2022-12-13T06:31:24.231+0000][151028][gc,phases   ] GC(188)   Evacuate Collection Set: 7.8ms
[2022-12-13T06:31:24.231+0000][151028][gc,phases   ] GC(188)   Post Evacuate Collection Set: 5.8ms
[2022-12-13T06:31:24.231+0000][151028][gc,phases   ] GC(188)   Other: 0.2ms
[2022-12-13T06:31:24.231+0000][151028][gc,age      ] GC(188) Age table with threshold 15 (max threshold 15)
[2022-12-13T06:31:24.231+0000][151028][gc,age      ] GC(188) - age   1:   20555304 bytes,   20555304 total
[2022-12-13T06:31:24.231+0000][151028][gc,age      ] GC(188) - age   2:    2665208 bytes,   23220512 total
[2022-12-13T06:31:24.231+0000][151028][gc,age      ] GC(188) - age   3:    1234440 bytes,   24454952 total
[2022-12-13T06:31:24.231+0000][151028][gc,age      ] GC(188) - age   4:      36456 bytes,   24491408 total
[2022-12-13T06:31:24.231+0000][151028][gc,age      ] GC(188) - age   5:     101968 bytes,   24593376 total
[2022-12-13T06:31:24.231+0000][151028][gc,age      ] GC(188) - age   6:    3170504 bytes,   27763880 total
[2022-12-13T06:31:24.231+0000][151028][gc,age      ] GC(188) - age   7:     108984 bytes,   27872864 total
[2022-12-13T06:31:24.231+0000][151028][gc,age      ] GC(188) - age   8:     280424 bytes,   28153288 total
[2022-12-13T06:31:24.231+0000][151028][gc,age      ] GC(188) - age   9:    6553312 bytes,   34706600 total
[2022-12-13T06:31:24.231+0000][151028][gc,age      ] GC(188) - age  10:      23744 bytes,   34730344 total
[2022-12-13T06:31:24.231+0000][151028][gc,age      ] GC(188) - age  11:      24000 bytes,   34754344 total
[2022-12-13T06:31:24.231+0000][151028][gc,age      ] GC(188) - age  12:       5272 bytes,   34759616 total
[2022-12-13T06:31:24.231+0000][151028][gc,age      ] GC(188) - age  13:       3048 bytes,   34762664 total
[2022-12-13T06:31:24.231+0000][151028][gc,age      ] GC(188) - age  14:      33512 bytes,   34796176 total
[2022-12-13T06:31:24.231+0000][151028][gc,age      ] GC(188) - age  15:      33112 bytes,   34829288 total
[2022-12-13T06:31:24.231+0000][151028][gc,heap     ] GC(188) Eden regions: 97->0(1074)
[2022-12-13T06:31:24.231+0000][151028][gc,heap     ] GC(188) Survivor regions: 16->10(147)
[2022-12-13T06:31:24.231+0000][151028][gc,heap     ] GC(188) Old regions: 449->449
[2022-12-13T06:31:24.231+0000][151028][gc,heap     ] GC(188) Archive regions: 2->2
[2022-12-13T06:31:24.231+0000][151028][gc,heap     ] GC(188) Humongous regions: 126->10
[2022-12-13T06:31:24.231+0000][151028][gc,metaspace] GC(188) Metaspace: 174697K(179328K)->174697K(179328K) NonClass: 153176K(155776K)->153176K(155776K) Class: 21520K(23552K)->21520K(23552K)
[2022-12-13T06:31:24.231+0000][151028][gc          ] GC(188) Pause Young (Concurrent Start) (G1 Humongous Allocation) 2749M->1874M(7992M) 15.290ms
[2022-12-13T06:31:24.231+0000][151028][gc          ] GC(189) Concurrent Undo Cycle
[2022-12-13T06:31:24.231+0000][151028][gc,cpu      ] GC(188) User=0.12s Sys=0.00s Real=0.02s
[2022-12-13T06:31:24.231+0000][151028][gc,marking  ] GC(189) Concurrent Cleanup for Next Mark
[2022-12-13T06:31:24.231+0000][151028][safepoint   ] Safepoint "G1TryInitiateConcMark", Time since last: 749332400 ns, Reaching safepoint: 185000 ns, At safepoint: 15579600 ns, Total: 15764600 ns
[2022-12-13T06:31:24.232+0000][151028][gc,marking  ] GC(189) Concurrent Cleanup for Next Mark 0.847ms
[2022-12-13T06:31:24.232+0000][151028][gc          ] GC(189) Concurrent Undo Cycle 0.993ms
[2022-12-13T06:31:25.220+0000][151028][gc,start    ] GC(190) Pause Young (Concurrent Start) (G1 Humongous Allocation)
[2022-12-13T06:31:25.220+0000][151028][gc,task     ] GC(190) Using 10 workers of 10 for evacuation
[2022-12-13T06:31:25.220+0000][151028][gc,age      ] GC(190) Desired survivor size 285212672 bytes, new threshold 15 (max threshold 15)
[2022-12-13T06:31:25.238+0000][151028][gc,phases   ] GC(190)   Pre Evacuate Collection Set: 0.8ms
[2022-12-13T06:31:25.238+0000][151028][gc,phases   ] GC(190)   Merge Heap Roots: 0.3ms
[2022-12-13T06:31:25.239+0000][151028][gc,phases   ] GC(190)   Evacuate Collection Set: 9.2ms
[2022-12-13T06:31:25.239+0000][151028][gc,phases   ] GC(190)   Post Evacuate Collection Set: 7.7ms
[2022-12-13T06:31:25.239+0000][151028][gc,phases   ] GC(190)   Other: 0.2ms
[2022-12-13T06:31:25.239+0000][151028][gc,age      ] GC(190) Age table with threshold 15 (max threshold 15)
[2022-12-13T06:31:25.239+0000][151028][gc,age      ] GC(190) - age   1:   25324104 bytes,   25324104 total
[2022-12-13T06:31:25.239+0000][151028][gc,age      ] GC(190) - age   2:    1998960 bytes,   27323064 total
[2022-12-13T06:31:25.239+0000][151028][gc,age      ] GC(190) - age   3:    1530944 bytes,   28854008 total
[2022-12-13T06:31:25.239+0000][151028][gc,age      ] GC(190) - age   4:    1216440 bytes,   30070448 total
[2022-12-13T06:31:25.239+0000][151028][gc,age      ] GC(190) - age   5:      36456 bytes,   30106904 total
[2022-12-13T06:31:25.239+0000][151028][gc,age      ] GC(190) - age   6:      85408 bytes,   30192312 total
[2022-12-13T06:31:25.239+0000][151028][gc,age      ] GC(190) - age   7:    3170064 bytes,   33362376 total
[2022-12-13T06:31:25.239+0000][151028][gc,age      ] GC(190) - age   8:     108864 bytes,   33471240 total
[2022-12-13T06:31:25.239+0000][151028][gc,age      ] GC(190) - age   9:     275144 bytes,   33746384 total
[2022-12-13T06:31:25.239+0000][151028][gc,age      ] GC(190) - age  10:    6535656 bytes,   40282040 total
[2022-12-13T06:31:25.239+0000][151028][gc,age      ] GC(190) - age  11:      23744 bytes,   40305784 total
[2022-12-13T06:31:25.239+0000][151028][gc,age      ] GC(190) - age  12:      24000 bytes,   40329784 total
[2022-12-13T06:31:25.239+0000][151028][gc,age      ] GC(190) - age  13:       5232 bytes,   40335016 total
[2022-12-13T06:31:25.239+0000][151028][gc,age      ] GC(190) - age  14:       3048 bytes,   40338064 total
[2022-12-13T06:31:25.239+0000][151028][gc,age      ] GC(190) - age  15:      33512 bytes,   40371576 total
[2022-12-13T06:31:25.239+0000][151028][gc,heap     ] GC(190) Eden regions: 105->0(1091)
[2022-12-13T06:31:25.239+0000][151028][gc,heap     ] GC(190) Survivor regions: 10->13(136)
[2022-12-13T06:31:25.239+0000][151028][gc,heap     ] GC(190) Old regions: 449->449
[2022-12-13T06:31:25.239+0000][151028][gc,heap     ] GC(190) Archive regions: 2->2
[2022-12-13T06:31:25.239+0000][151028][gc,heap     ] GC(190) Humongous regions: 148->9
[2022-12-13T06:31:25.239+0000][151028][gc,metaspace] GC(190) Metaspace: 174720K(179328K)->174720K(179328K) NonClass: 153198K(155776K)->153198K(155776K) Class: 21522K(23552K)->21522K(23552K)
[2022-12-13T06:31:25.239+0000][151028][gc          ] GC(190) Pause Young (Concurrent Start) (G1 Humongous Allocation) 2845M->1882M(7992M) 18.652ms
[2022-12-13T06:31:25.239+0000][151028][gc,cpu      ] GC(190) User=0.15s Sys=0.00s Real=0.02s
[2022-12-13T06:31:25.239+0000][151028][safepoint   ] Safepoint "G1TryInitiateConcMark", Time since last: 988443600 ns, Reaching safepoint: 301900 ns, At safepoint: 18869600 ns, Total: 19171500 ns
[2022-12-13T06:31:25.239+0000][151028][gc          ] GC(191) Concurrent Undo Cycle
[2022-12-13T06:31:25.239+0000][151028][gc,marking  ] GC(191) Concurrent Cleanup for Next Mark
[2022-12-13T06:31:25.240+0000][151028][gc,marking  ] GC(191) Concurrent Cleanup for Next Mark 0.931ms
[2022-12-13T06:31:25.240+0000][151028][gc          ] GC(191) Concurrent Undo Cycle 1.144ms
[2022-12-13T06:31:26.239+0000][151028][safepoint   ] Safepoint "Cleanup", Time since last: 1000157300 ns, Reaching safepoint: 237400 ns, At safepoint: 13700 ns, Total: 251100 ns
[2022-12-13T06:31:26.430+0000][151028][gc,start    ] GC(192) Pause Young (Concurrent Start) (G1 Humongous Allocation)
[2022-12-13T06:31:26.430+0000][151028][gc,task     ] GC(192) Using 10 workers of 10 for evacuation
[2022-12-13T06:31:26.430+0000][151028][gc,age      ] GC(192) Desired survivor size 289406976 bytes, new threshold 15 (max threshold 15)
[2022-12-13T06:31:26.455+0000][151028][gc,phases   ] GC(192)   Pre Evacuate Collection Set: 0.8ms
[2022-12-13T06:31:26.455+0000][151028][gc,phases   ] GC(192)   Merge Heap Roots: 0.3ms
[2022-12-13T06:31:26.455+0000][151028][gc,phases   ] GC(192)   Evacuate Collection Set: 9.0ms
[2022-12-13T06:31:26.455+0000][151028][gc,phases   ] GC(192)   Post Evacuate Collection Set: 14.5ms
[2022-12-13T06:31:26.455+0000][151028][gc,phases   ] GC(192)   Other: 0.2ms
[2022-12-13T06:31:26.455+0000][151028][gc,age      ] GC(192) Age table with threshold 15 (max threshold 15)
[2022-12-13T06:31:26.455+0000][151028][gc,age      ] GC(192) - age   1:   50715568 bytes,   50715568 total
[2022-12-13T06:31:26.455+0000][151028][gc,age      ] GC(192) - age   2:     252496 bytes,   50968064 total
[2022-12-13T06:31:26.455+0000][151028][gc,age      ] GC(192) - age   3:     290616 bytes,   51258680 total
[2022-12-13T06:31:26.455+0000][151028][gc,age      ] GC(192) - age   4:    1356480 bytes,   52615160 total
[2022-12-13T06:31:26.455+0000][151028][gc,age      ] GC(192) - age   5:    1216360 bytes,   53831520 total
[2022-12-13T06:31:26.455+0000][151028][gc,age      ] GC(192) - age   6:      19808 bytes,   53851328 total
[2022-12-13T06:31:26.455+0000][151028][gc,age      ] GC(192) - age   7:      85368 bytes,   53936696 total
[2022-12-13T06:31:26.455+0000][151028][gc,age      ] GC(192) - age   8:    3169984 bytes,   57106680 total
[2022-12-13T06:31:26.455+0000][151028][gc,age      ] GC(192) - age   9:     108824 bytes,   57215504 total
[2022-12-13T06:31:26.455+0000][151028][gc,age      ] GC(192) - age  10:     273728 bytes,   57489232 total
[2022-12-13T06:31:26.455+0000][151028][gc,age      ] GC(192) - age  11:    6519256 bytes,   64008488 total
[2022-12-13T06:31:26.455+0000][151028][gc,age      ] GC(192) - age  12:      23744 bytes,   64032232 total
[2022-12-13T06:31:26.455+0000][151028][gc,age      ] GC(192) - age  13:      23736 bytes,   64055968 total
[2022-12-13T06:31:26.455+0000][151028][gc,age      ] GC(192) - age  14:       5232 bytes,   64061200 total
[2022-12-13T06:31:26.455+0000][151028][gc,age      ] GC(192) - age  15:       3048 bytes,   64064248 total
[2022-12-13T06:31:26.455+0000][151028][gc,heap     ] GC(192) Eden regions: 187->0(1101)
[2022-12-13T06:31:26.455+0000][151028][gc,heap     ] GC(192) Survivor regions: 13->16(138)
[2022-12-13T06:31:26.455+0000][151028][gc,heap     ] GC(192) Old regions: 449->449
[2022-12-13T06:31:26.455+0000][151028][gc,heap     ] GC(192) Archive regions: 2->2
[2022-12-13T06:31:26.455+0000][151028][gc,heap     ] GC(192) Humongous regions: 144->13
[2022-12-13T06:31:26.455+0000][151028][gc,metaspace] GC(192) Metaspace: 174795K(179392K)->174795K(179392K) NonClass: 153266K(155776K)->153266K(155776K) Class: 21528K(23616K)->21528K(23616K)
[2022-12-13T06:31:26.455+0000][151028][gc          ] GC(192) Pause Young (Concurrent Start) (G1 Humongous Allocation) 3170M->1912M(7992M) 25.288ms
[2022-12-13T06:31:26.455+0000][151028][gc,cpu      ] GC(192) User=0.22s Sys=0.01s Real=0.03s
[2022-12-13T06:31:26.455+0000][151028][safepoint   ] Safepoint "G1TryInitiateConcMark", Time since last: 190199800 ns, Reaching safepoint: 190600 ns, At safepoint: 25505800 ns, Total: 25696400 ns
[2022-12-13T06:31:26.455+0000][151028][gc          ] GC(193) Concurrent Undo Cycle
[2022-12-13T06:31:26.455+0000][151028][gc,marking  ] GC(193) Concurrent Cleanup for Next Mark
[2022-12-13T06:31:26.456+0000][151028][gc,marking  ] GC(193) Concurrent Cleanup for Next Mark 0.967ms
[2022-12-13T06:31:26.456+0000][151028][gc          ] GC(193) Concurrent Undo Cycle 1.106ms
[2022-12-13T06:31:26.695+0000][151028][gc,start    ] GC(194) Pause Young (Concurrent Start) (G1 Humongous Allocation)
[2022-12-13T06:31:26.695+0000][151028][gc,task     ] GC(194) Using 10 workers of 10 for evacuation
[2022-12-13T06:31:26.695+0000][151028][gc,age      ] GC(194) Desired survivor size 293601280 bytes, new threshold 15 (max threshold 15)
[2022-12-13T06:31:26.706+0000][151028][gc,phases   ] GC(194)   Pre Evacuate Collection Set: 0.8ms
[2022-12-13T06:31:26.707+0000][151028][gc,phases   ] GC(194)   Merge Heap Roots: 0.3ms
[2022-12-13T06:31:26.707+0000][151028][gc,phases   ] GC(194)   Evacuate Collection Set: 5.9ms
[2022-12-13T06:31:26.707+0000][151028][gc,phases   ] GC(194)   Post Evacuate Collection Set: 4.1ms
[2022-12-13T06:31:26.707+0000][151028][gc,phases   ] GC(194)   Other: 0.2ms
[2022-12-13T06:31:26.707+0000][151028][gc,age      ] GC(194) Age table with threshold 15 (max threshold 15)
[2022-12-13T06:31:26.707+0000][151028][gc,age      ] GC(194) - age   1:    2570032 bytes,    2570032 total
[2022-12-13T06:31:26.707+0000][151028][gc,age      ] GC(194) - age   2:    5029928 bytes,    7599960 total
[2022-12-13T06:31:26.707+0000][151028][gc,age      ] GC(194) - age   3:     246752 bytes,    7846712 total
[2022-12-13T06:31:26.707+0000][151028][gc,age      ] GC(194) - age   4:     287336 bytes,    8134048 total
[2022-12-13T06:31:26.707+0000][151028][gc,age      ] GC(194) - age   5:    1355040 bytes,    9489088 total
[2022-12-13T06:31:26.707+0000][151028][gc,age      ] GC(194) - age   6:    1216360 bytes,   10705448 total
[2022-12-13T06:31:26.707+0000][151028][gc,age      ] GC(194) - age   7:      19808 bytes,   10725256 total
[2022-12-13T06:31:26.707+0000][151028][gc,age      ] GC(194) - age   8:      85368 bytes,   10810624 total
[2022-12-13T06:31:26.707+0000][151028][gc,age      ] GC(194) - age   9:    3169944 bytes,   13980568 total
[2022-12-13T06:31:26.707+0000][151028][gc,age      ] GC(194) - age  10:     108824 bytes,   14089392 total
[2022-12-13T06:31:26.707+0000][151028][gc,age      ] GC(194) - age  11:     273688 bytes,   14363080 total
[2022-12-13T06:31:26.707+0000][151028][gc,age      ] GC(194) - age  12:    6519256 bytes,   20882336 total
[2022-12-13T06:31:26.707+0000][151028][gc,age      ] GC(194) - age  13:      23744 bytes,   20906080 total
[2022-12-13T06:31:26.707+0000][151028][gc,age      ] GC(194) - age  14:      23688 bytes,   20929768 total
[2022-12-13T06:31:26.707+0000][151028][gc,age      ] GC(194) - age  15:       5192 bytes,   20934960 total
[2022-12-13T06:31:26.707+0000][151028][gc,heap     ] GC(194) Eden regions: 22->0(1137)
[2022-12-13T06:31:26.707+0000][151028][gc,heap     ] GC(194) Survivor regions: 16->7(140)
[2022-12-13T06:31:26.707+0000][151028][gc,heap     ] GC(194) Old regions: 449->449
[2022-12-13T06:31:26.707+0000][151028][gc,heap     ] GC(194) Archive regions: 2->2
[2022-12-13T06:31:26.707+0000][151028][gc,heap     ] GC(194) Humongous regions: 145->8
[2022-12-13T06:31:26.707+0000][151028][gc,metaspace] GC(194) Metaspace: 174803K(179456K)->174803K(179456K) NonClass: 153274K(155840K)->153274K(155840K) Class: 21528K(23616K)->21528K(23616K)
[2022-12-13T06:31:26.707+0000][151028][gc          ] GC(194) Pause Young (Concurrent Start) (G1 Humongous Allocation) 2527M->1853M(7992M) 11.779ms
[2022-12-13T06:31:26.707+0000][151028][gc          ] GC(195) Concurrent Undo Cycle
[2022-12-13T06:31:26.707+0000][151028][gc,cpu      ] GC(194) User=0.07s Sys=0.00s Real=0.01s
[2022-12-13T06:31:26.707+0000][151028][gc,marking  ] GC(195) Concurrent Cleanup for Next Mark
[2022-12-13T06:31:26.707+0000][151028][safepoint   ] Safepoint "G1TryInitiateConcMark", Time since last: 239572500 ns, Reaching safepoint: 189200 ns, At safepoint: 12071200 ns, Total: 12260400 ns
[2022-12-13T06:31:26.708+0000][151028][gc,marking  ] GC(195) Concurrent Cleanup for Next Mark 0.742ms
[2022-12-13T06:31:26.708+0000][151028][gc          ] GC(195) Concurrent Undo Cycle 0.912ms
[2022-12-13T06:31:27.391+0000][151028][gc,start    ] GC(196) Pause Young (Concurrent Start) (G1 Humongous Allocation)
[2022-12-13T06:31:27.392+0000][151028][gc,task     ] GC(196) Using 10 workers of 10 for evacuation
[2022-12-13T06:31:27.392+0000][151028][gc,age      ] GC(196) Desired survivor size 299892736 bytes, new threshold 15 (max threshold 15)
[2022-12-13T06:31:27.416+0000][151028][gc,phases   ] GC(196)   Pre Evacuate Collection Set: 1.1ms
[2022-12-13T06:31:27.416+0000][151028][gc,phases   ] GC(196)   Merge Heap Roots: 0.2ms
[2022-12-13T06:31:27.416+0000][151028][gc,phases   ] GC(196)   Evacuate Collection Set: 13.0ms
[2022-12-13T06:31:27.416+0000][151028][gc,phases   ] GC(196)   Post Evacuate Collection Set: 9.4ms
[2022-12-13T06:31:27.416+0000][151028][gc,phases   ] GC(196)   Other: 0.3ms
[2022-12-13T06:31:27.416+0000][151028][gc,age      ] GC(196) Age table with threshold 15 (max threshold 15)
[2022-12-13T06:31:27.416+0000][151028][gc,age      ] GC(196) - age   1:   35871552 bytes,   35871552 total
[2022-12-13T06:31:27.416+0000][151028][gc,age      ] GC(196) - age   2:      27696 bytes,   35899248 total
[2022-12-13T06:31:27.416+0000][151028][gc,age      ] GC(196) - age   3:     397048 bytes,   36296296 total
[2022-12-13T06:31:27.416+0000][151028][gc,age      ] GC(196) - age   4:     241024 bytes,   36537320 total
[2022-12-13T06:31:27.416+0000][151028][gc,age      ] GC(196) - age   5:     281088 bytes,   36818408 total
[2022-12-13T06:31:27.416+0000][151028][gc,age      ] GC(196) - age   6:    1351440 bytes,   38169848 total
[2022-12-13T06:31:27.416+0000][151028][gc,age      ] GC(196) - age   7:    1216360 bytes,   39386208 total
[2022-12-13T06:31:27.416+0000][151028][gc,age      ] GC(196) - age   8:      19808 bytes,   39406016 total
[2022-12-13T06:31:27.416+0000][151028][gc,age      ] GC(196) - age   9:      85088 bytes,   39491104 total
[2022-12-13T06:31:27.416+0000][151028][gc,age      ] GC(196) - age  10:    3169544 bytes,   42660648 total
[2022-12-13T06:31:27.416+0000][151028][gc,age      ] GC(196) - age  11:     108424 bytes,   42769072 total
[2022-12-13T06:31:27.416+0000][151028][gc,age      ] GC(196) - age  12:     273528 bytes,   43042600 total
[2022-12-13T06:31:27.416+0000][151028][gc,age      ] GC(196) - age  13:    6519216 bytes,   49561816 total
[2022-12-13T06:31:27.416+0000][151028][gc,age      ] GC(196) - age  14:      23744 bytes,   49585560 total
[2022-12-13T06:31:27.416+0000][151028][gc,age      ] GC(196) - age  15:      23648 bytes,   49609208 total
[2022-12-13T06:31:27.416+0000][151028][gc,heap     ] GC(196) Eden regions: 118->0(1141)
[2022-12-13T06:31:27.416+0000][151028][gc,heap     ] GC(196) Survivor regions: 7->13(143)
[2022-12-13T06:31:27.416+0000][151028][gc,heap     ] GC(196) Old regions: 449->449
[2022-12-13T06:31:27.416+0000][151028][gc,heap     ] GC(196) Archive regions: 2->2
[2022-12-13T06:31:27.416+0000][151028][gc,heap     ] GC(196) Humongous regions: 117->8
[2022-12-13T06:31:27.416+0000][151028][gc,metaspace] GC(196) Metaspace: 174822K(179520K)->174822K(179520K) NonClass: 153291K(155904K)->153291K(155904K) Class: 21530K(23616K)->21530K(23616K)
[2022-12-13T06:31:27.416+0000][151028][gc          ] GC(196) Pause Young (Concurrent Start) (G1 Humongous Allocation) 2761M->1881M(7992M) 24.554ms
[2022-12-13T06:31:27.416+0000][151028][gc          ] GC(197) Concurrent Undo Cycle
[2022-12-13T06:31:27.416+0000][151028][gc,cpu      ] GC(196) User=0.21s Sys=0.00s Real=0.02s
[2022-12-13T06:31:27.416+0000][151028][gc,marking  ] GC(197) Concurrent Cleanup for Next Mark
[2022-12-13T06:31:27.416+0000][151028][safepoint   ] Safepoint "G1TryInitiateConcMark", Time since last: 683859300 ns, Reaching safepoint: 375700 ns, At safepoint: 24852700 ns, Total: 25228400 ns
[2022-12-13T06:31:27.417+0000][151028][gc,marking  ] GC(197) Concurrent Cleanup for Next Mark 0.900ms
[2022-12-13T06:31:27.417+0000][151028][gc          ] GC(197) Concurrent Undo Cycle 1.075ms
[2022-12-13T06:31:28.234+0000][151028][gc,start    ] GC(198) Pause Young (Concurrent Start) (G1 Humongous Allocation)
[2022-12-13T06:31:28.234+0000][151028][gc,task     ] GC(198) Using 10 workers of 10 for evacuation
[2022-12-13T06:31:28.234+0000][151028][gc,age      ] GC(198) Desired survivor size 304087040 bytes, new threshold 15 (max threshold 15)
[2022-12-13T06:31:28.250+0000][151028][gc,phases   ] GC(198)   Pre Evacuate Collection Set: 0.8ms
[2022-12-13T06:31:28.250+0000][151028][gc,phases   ] GC(198)   Merge Heap Roots: 0.2ms
[2022-12-13T06:31:28.250+0000][151028][gc,phases   ] GC(198)   Evacuate Collection Set: 7.5ms
[2022-12-13T06:31:28.250+0000][151028][gc,phases   ] GC(198)   Post Evacuate Collection Set: 6.6ms
[2022-12-13T06:31:28.250+0000][151028][gc,phases   ] GC(198)   Other: 0.2ms
[2022-12-13T06:31:28.250+0000][151028][gc,age      ] GC(198) Age table with threshold 15 (max threshold 15)
[2022-12-13T06:31:28.250+0000][151028][gc,age      ] GC(198) - age   1:   18522520 bytes,   18522520 total
[2022-12-13T06:31:28.250+0000][151028][gc,age      ] GC(198) - age   2:     119928 bytes,   18642448 total
[2022-12-13T06:31:28.250+0000][151028][gc,age      ] GC(198) - age   3:       8328 bytes,   18650776 total
[2022-12-13T06:31:28.250+0000][151028][gc,age      ] GC(198) - age   4:     290736 bytes,   18941512 total
[2022-12-13T06:31:28.250+0000][151028][gc,age      ] GC(198) - age   5:     234712 bytes,   19176224 total
[2022-12-13T06:31:28.250+0000][151028][gc,age      ] GC(198) - age   6:     275928 bytes,   19452152 total
[2022-12-13T06:31:28.250+0000][151028][gc,age      ] GC(198) - age   7:    1350040 bytes,   20802192 total
[2022-12-13T06:31:28.250+0000][151028][gc,age      ] GC(198) - age   8:    1214432 bytes,   22016624 total
[2022-12-13T06:31:28.250+0000][151028][gc,age      ] GC(198) - age   9:      19808 bytes,   22036432 total
[2022-12-13T06:31:28.250+0000][151028][gc,age      ] GC(198) - age  10:      85088 bytes,   22121520 total
[2022-12-13T06:31:28.250+0000][151028][gc,age      ] GC(198) - age  11:    3169464 bytes,   25290984 total
[2022-12-13T06:31:28.250+0000][151028][gc,age      ] GC(198) - age  12:     108424 bytes,   25399408 total
[2022-12-13T06:31:28.250+0000][151028][gc,age      ] GC(198) - age  13:     255088 bytes,   25654496 total
[2022-12-13T06:31:28.250+0000][151028][gc,age      ] GC(198) - age  14:    6519216 bytes,   32173712 total
[2022-12-13T06:31:28.250+0000][151028][gc,age      ] GC(198) - age  15:      23744 bytes,   32197456 total
[2022-12-13T06:31:28.250+0000][151028][gc,heap     ] GC(198) Eden regions: 97->0(1159)
[2022-12-13T06:31:28.250+0000][151028][gc,heap     ] GC(198) Survivor regions: 13->9(145)
[2022-12-13T06:31:28.250+0000][151028][gc,heap     ] GC(198) Old regions: 449->449
[2022-12-13T06:31:28.250+0000][151028][gc,heap     ] GC(198) Archive regions: 2->2
[2022-12-13T06:31:28.250+0000][151028][gc,heap     ] GC(198) Humongous regions: 140->8
[2022-12-13T06:31:28.250+0000][151028][gc,metaspace] GC(198) Metaspace: 174861K(179520K)->174861K(179520K) NonClass: 153328K(155904K)->153328K(155904K) Class: 21533K(23616K)->21533K(23616K)
[2022-12-13T06:31:28.250+0000][151028][gc          ] GC(198) Pause Young (Concurrent Start) (G1 Humongous Allocation) 2797M->1863M(7992M) 15.765ms
[2022-12-13T06:31:28.250+0000][151028][gc          ] GC(199) Concurrent Undo Cycle
[2022-12-13T06:31:28.250+0000][151028][gc,cpu      ] GC(198) User=0.12s Sys=0.00s Real=0.02s
[2022-12-13T06:31:28.250+0000][151028][gc,marking  ] GC(199) Concurrent Cleanup for Next Mark
[2022-12-13T06:31:28.250+0000][151028][safepoint   ] Safepoint "G1TryInitiateConcMark", Time since last: 817534200 ns, Reaching safepoint: 302600 ns, At safepoint: 16268500 ns, Total: 16571100 ns
[2022-12-13T06:31:28.251+0000][151028][gc,marking  ] GC(199) Concurrent Cleanup for Next Mark 0.907ms
[2022-12-13T06:31:28.251+0000][151028][gc          ] GC(199) Concurrent Undo Cycle 1.026ms
[2022-12-13T06:31:28.724+0000][151028][gc,start    ] GC(200) Pause Young (Concurrent Start) (G1 Humongous Allocation)
[2022-12-13T06:31:28.724+0000][151028][gc,task     ] GC(200) Using 10 workers of 10 for evacuation
[2022-12-13T06:31:28.724+0000][151028][gc,age      ] GC(200) Desired survivor size 306184192 bytes, new threshold 15 (max threshold 15)
[2022-12-13T06:31:28.735+0000][151028][gc,phases   ] GC(200)   Pre Evacuate Collection Set: 0.9ms
[2022-12-13T06:31:28.735+0000][151028][gc,phases   ] GC(200)   Merge Heap Roots: 0.2ms
[2022-12-13T06:31:28.735+0000][151028][gc,phases   ] GC(200)   Evacuate Collection Set: 6.4ms
[2022-12-13T06:31:28.735+0000][151028][gc,phases   ] GC(200)   Post Evacuate Collection Set: 4.0ms
[2022-12-13T06:31:28.736+0000][151028][gc,phases   ] GC(200)   Other: 0.2ms
[2022-12-13T06:31:28.736+0000][151028][gc,age      ] GC(200) Age table with threshold 15 (max threshold 15)
[2022-12-13T06:31:28.736+0000][151028][gc,age      ] GC(200) - age   1:    8094496 bytes,    8094496 total
[2022-12-13T06:31:28.736+0000][151028][gc,age      ] GC(200) - age   2:    2077080 bytes,   10171576 total
[2022-12-13T06:31:28.736+0000][151028][gc,age      ] GC(200) - age   3:      94008 bytes,   10265584 total
[2022-12-13T06:31:28.736+0000][151028][gc,age      ] GC(200) - age   4:       7640 bytes,   10273224 total
[2022-12-13T06:31:28.736+0000][151028][gc,age      ] GC(200) - age   5:     272312 bytes,   10545536 total
[2022-12-13T06:31:28.736+0000][151028][gc,age      ] GC(200) - age   6:     168224 bytes,   10713760 total
[2022-12-13T06:31:28.736+0000][151028][gc,age      ] GC(200) - age   7:     275712 bytes,   10989472 total
[2022-12-13T06:31:28.736+0000][151028][gc,age      ] GC(200) - age   8:    1349960 bytes,   12339432 total
[2022-12-13T06:31:28.736+0000][151028][gc,age      ] GC(200) - age   9:    1214432 bytes,   13553864 total
[2022-12-13T06:31:28.736+0000][151028][gc,age      ] GC(200) - age  10:      19808 bytes,   13573672 total
[2022-12-13T06:31:28.736+0000][151028][gc,age      ] GC(200) - age  11:      85088 bytes,   13658760 total
[2022-12-13T06:31:28.736+0000][151028][gc,age      ] GC(200) - age  12:    3169424 bytes,   16828184 total
[2022-12-13T06:31:28.736+0000][151028][gc,age      ] GC(200) - age  13:     108424 bytes,   16936608 total
[2022-12-13T06:31:28.736+0000][151028][gc,age      ] GC(200) - age  14:     255088 bytes,   17191696 total
[2022-12-13T06:31:28.736+0000][151028][gc,age      ] GC(200) - age  15:    6519216 bytes,   23710912 total
[2022-12-13T06:31:28.736+0000][151028][gc,heap     ] GC(200) Eden regions: 40->0(1052)
[2022-12-13T06:31:28.736+0000][151028][gc,heap     ] GC(200) Survivor regions: 9->7(146)
[2022-12-13T06:31:28.736+0000][151028][gc,heap     ] GC(200) Old regions: 449->449
[2022-12-13T06:31:28.736+0000][151028][gc,heap     ] GC(200) Archive regions: 2->2
[2022-12-13T06:31:28.736+0000][151028][gc,heap     ] GC(200) Humongous regions: 145->41
[2022-12-13T06:31:28.736+0000][151028][gc,metaspace] GC(200) Metaspace: 174870K(179520K)->174870K(179520K) NonClass: 153337K(155904K)->153337K(155904K) Class: 21533K(23616K)->21533K(23616K)
[2022-12-13T06:31:28.736+0000][151028][gc          ] GC(200) Pause Young (Concurrent Start) (G1 Humongous Allocation) 2570M->1985M(7992M) 12.146ms
[2022-12-13T06:31:28.736+0000][151028][gc          ] GC(201) Concurrent Undo Cycle
[2022-12-13T06:31:28.736+0000][151028][gc,cpu      ] GC(200) User=0.08s Sys=0.01s Real=0.01s
[2022-12-13T06:31:28.736+0000][151028][gc,marking  ] GC(201) Concurrent Cleanup for Next Mark
[2022-12-13T06:31:28.736+0000][151028][safepoint   ] Safepoint "G1TryInitiateConcMark", Time since last: 459983200 ns, Reaching safepoint: 13256900 ns, At safepoint: 12406800 ns, Total: 25663700 ns
[2022-12-13T06:31:28.737+0000][151028][gc,marking  ] GC(201) Concurrent Cleanup for Next Mark 0.818ms
[2022-12-13T06:31:28.737+0000][151028][gc          ] GC(201) Concurrent Undo Cycle 0.932ms
[2022-12-13T06:31:29.097+0000][151028][gc,start    ] GC(202) Pause Young (Concurrent Start) (G1 Humongous Allocation)
[2022-12-13T06:31:29.097+0000][151028][gc,task     ] GC(202) Using 10 workers of 10 for evacuation
[2022-12-13T06:31:29.097+0000][151028][gc,age      ] GC(202) Desired survivor size 278921216 bytes, new threshold 15 (max threshold 15)
[2022-12-13T06:31:29.108+0000][151028][gc,phases   ] GC(202)   Pre Evacuate Collection Set: 0.8ms
[2022-12-13T06:31:29.108+0000][151028][gc,phases   ] GC(202)   Merge Heap Roots: 0.3ms
[2022-12-13T06:31:29.108+0000][151028][gc,phases   ] GC(202)   Evacuate Collection Set: 6.2ms
[2022-12-13T06:31:29.108+0000][151028][gc,phases   ] GC(202)   Post Evacuate Collection Set: 3.3ms
[2022-12-13T06:31:29.108+0000][151028][gc,phases   ] GC(202)   Other: 0.2ms
[2022-12-13T06:31:29.108+0000][151028][gc,age      ] GC(202) Age table with threshold 15 (max threshold 15)
[2022-12-13T06:31:29.108+0000][151028][gc,age      ] GC(202) - age   1:    4935184 bytes,    4935184 total
[2022-12-13T06:31:29.108+0000][151028][gc,age      ] GC(202) - age   2:     170376 bytes,    5105560 total
[2022-12-13T06:31:29.108+0000][151028][gc,age      ] GC(202) - age   3:     387448 bytes,    5493008 total
[2022-12-13T06:31:29.108+0000][151028][gc,age      ] GC(202) - age   4:      69920 bytes,    5562928 total
[2022-12-13T06:31:29.108+0000][151028][gc,age      ] GC(202) - age   5:       7520 bytes,    5570448 total
[2022-12-13T06:31:29.108+0000][151028][gc,age      ] GC(202) - age   6:     186048 bytes,    5756496 total
[2022-12-13T06:31:29.108+0000][151028][gc,age      ] GC(202) - age   7:     162128 bytes,    5918624 total
[2022-12-13T06:31:29.108+0000][151028][gc,age      ] GC(202) - age   8:     275632 bytes,    6194256 total
[2022-12-13T06:31:29.108+0000][151028][gc,age      ] GC(202) - age   9:    1349544 bytes,    7543800 total
[2022-12-13T06:31:29.108+0000][151028][gc,age      ] GC(202) - age  10:    1214432 bytes,    8758232 total
[2022-12-13T06:31:29.108+0000][151028][gc,age      ] GC(202) - age  11:      19808 bytes,    8778040 total
[2022-12-13T06:31:29.108+0000][151028][gc,age      ] GC(202) - age  12:      85088 bytes,    8863128 total
[2022-12-13T06:31:29.108+0000][151028][gc,age      ] GC(202) - age  13:    3169424 bytes,   12032552 total
[2022-12-13T06:31:29.108+0000][151028][gc,age      ] GC(202) - age  14:     108424 bytes,   12140976 total
[2022-12-13T06:31:29.108+0000][151028][gc,age      ] GC(202) - age  15:     254912 bytes,   12395888 total
[2022-12-13T06:31:29.108+0000][151028][gc,heap     ] GC(202) Eden regions: 43->0(1111)
[2022-12-13T06:31:29.108+0000][151028][gc,heap     ] GC(202) Survivor regions: 7->4(133)
[2022-12-13T06:31:29.108+0000][151028][gc,heap     ] GC(202) Old regions: 449->450
[2022-12-13T06:31:29.108+0000][151028][gc,heap     ] GC(202) Archive regions: 2->2
[2022-12-13T06:31:29.108+0000][151028][gc,heap     ] GC(202) Humongous regions: 145->8
[2022-12-13T06:31:29.108+0000][151028][gc,metaspace] GC(202) Metaspace: 174875K(179520K)->174875K(179520K) NonClass: 153342K(155904K)->153342K(155904K) Class: 21533K(23616K)->21533K(23616K)
[2022-12-13T06:31:29.108+0000][151028][gc          ] GC(202) Pause Young (Concurrent Start) (G1 Humongous Allocation) 2572M->1849M(7992M) 11.251ms
[2022-12-13T06:31:29.108+0000][151028][gc          ] GC(203) Concurrent Undo Cycle
[2022-12-13T06:31:29.108+0000][151028][gc,cpu      ] GC(202) User=0.07s Sys=0.00s Real=0.01s
[2022-12-13T06:31:29.108+0000][151028][gc,marking  ] GC(203) Concurrent Cleanup for Next Mark
[2022-12-13T06:31:29.108+0000][151028][safepoint   ] Safepoint "G1TryInitiateConcMark", Time since last: 360709300 ns, Reaching safepoint: 178400 ns, At safepoint: 11463600 ns, Total: 11642000 ns
[2022-12-13T06:31:29.109+0000][151028][gc,marking  ] GC(203) Concurrent Cleanup for Next Mark 0.758ms
[2022-12-13T06:31:29.109+0000][151028][gc          ] GC(203) Concurrent Undo Cycle 0.876ms
[2022-12-13T06:31:29.250+0000][151028][gc,start    ] GC(204) Pause Young (Concurrent Start) (G1 Humongous Allocation)
[2022-12-13T06:31:29.250+0000][151028][gc,task     ] GC(204) Using 10 workers of 10 for evacuation
[2022-12-13T06:31:29.250+0000][151028][gc,age      ] GC(204) Desired survivor size 293601280 bytes, new threshold 15 (max threshold 15)
[2022-12-13T06:31:29.261+0000][151028][gc,phases   ] GC(204)   Pre Evacuate Collection Set: 0.8ms
[2022-12-13T06:31:29.261+0000][151028][gc,phases   ] GC(204)   Merge Heap Roots: 0.3ms
[2022-12-13T06:31:29.261+0000][151028][gc,phases   ] GC(204)   Evacuate Collection Set: 7.3ms
[2022-12-13T06:31:29.261+0000][151028][gc,phases   ] GC(204)   Post Evacuate Collection Set: 2.3ms
[2022-12-13T06:31:29.261+0000][151028][gc,phases   ] GC(204)   Other: 0.2ms
[2022-12-13T06:31:29.261+0000][151028][gc,age      ] GC(204) Age table with threshold 15 (max threshold 15)
[2022-12-13T06:31:29.261+0000][151028][gc,age      ] GC(204) - age   1:   14238800 bytes,   14238800 total
[2022-12-13T06:31:29.261+0000][151028][gc,age      ] GC(204) - age   2:     358576 bytes,   14597376 total
[2022-12-13T06:31:29.261+0000][151028][gc,age      ] GC(204) - age   3:      35160 bytes,   14632536 total
[2022-12-13T06:31:29.261+0000][151028][gc,age      ] GC(204) - age   4:     380392 bytes,   15012928 total
[2022-12-13T06:31:29.261+0000][151028][gc,age      ] GC(204) - age   5:      58960 bytes,   15071888 total
[2022-12-13T06:31:29.261+0000][151028][gc,age      ] GC(204) - age   6:       7480 bytes,   15079368 total
[2022-12-13T06:31:29.261+0000][151028][gc,age      ] GC(204) - age   7:     184608 bytes,   15263976 total
[2022-12-13T06:31:29.261+0000][151028][gc,age      ] GC(204) - age   8:     161768 bytes,   15425744 total
[2022-12-13T06:31:29.261+0000][151028][gc,age      ] GC(204) - age   9:     275592 bytes,   15701336 total
[2022-12-13T06:31:29.261+0000][151028][gc,age      ] GC(204) - age  10:    1349544 bytes,   17050880 total
[2022-12-13T06:31:29.261+0000][151028][gc,age      ] GC(204) - age  11:    1214432 bytes,   18265312 total
[2022-12-13T06:31:29.261+0000][151028][gc,age      ] GC(204) - age  12:      19808 bytes,   18285120 total
[2022-12-13T06:31:29.261+0000][151028][gc,age      ] GC(204) - age  13:      85088 bytes,   18370208 total
[2022-12-13T06:31:29.261+0000][151028][gc,age      ] GC(204) - age  14:    3169424 bytes,   21539632 total
[2022-12-13T06:31:29.261+0000][151028][gc,age      ] GC(204) - age  15:     108424 bytes,   21648056 total
[2022-12-13T06:31:29.261+0000][151028][gc,heap     ] GC(204) Eden regions: 19->0(1107)
[2022-12-13T06:31:29.261+0000][151028][gc,heap     ] GC(204) Survivor regions: 4->6(140)
[2022-12-13T06:31:29.261+0000][151028][gc,heap     ] GC(204) Old regions: 450->450
[2022-12-13T06:31:29.261+0000][151028][gc,heap     ] GC(204) Archive regions: 2->2
[2022-12-13T06:31:29.261+0000][151028][gc,heap     ] GC(204) Humongous regions: 117->14
[2022-12-13T06:31:29.261+0000][151028][gc,metaspace] GC(204) Metaspace: 174884K(179520K)->174884K(179520K) NonClass: 153350K(155904K)->153350K(155904K) Class: 21533K(23616K)->21533K(23616K)
[2022-12-13T06:31:29.261+0000][151028][gc          ] GC(204) Pause Young (Concurrent Start) (G1 Humongous Allocation) 2361M->1882M(7992M) 11.329ms
[2022-12-13T06:31:29.261+0000][151028][gc          ] GC(205) Concurrent Undo Cycle
[2022-12-13T06:31:29.261+0000][151028][gc,cpu      ] GC(204) User=0.07s Sys=0.02s Real=0.02s
[2022-12-13T06:31:29.261+0000][151028][gc,marking  ] GC(205) Concurrent Cleanup for Next Mark
[2022-12-13T06:31:29.261+0000][151028][safepoint   ] Safepoint "G1TryInitiateConcMark", Time since last: 140980000 ns, Reaching safepoint: 267900 ns, At safepoint: 11574300 ns, Total: 11842200 ns
[2022-12-13T06:31:29.262+0000][151028][gc,marking  ] GC(205) Concurrent Cleanup for Next Mark 0.681ms
[2022-12-13T06:31:29.262+0000][151028][gc          ] GC(205) Concurrent Undo Cycle 0.801ms
[2022-12-13T06:31:29.836+0000][151028][gc,start    ] GC(206) Pause Young (Concurrent Start) (G1 Humongous Allocation)
[2022-12-13T06:31:29.836+0000][151028][gc,task     ] GC(206) Using 10 workers of 10 for evacuation
[2022-12-13T06:31:29.836+0000][151028][gc,age      ] GC(206) Desired survivor size 293601280 bytes, new threshold 15 (max threshold 15)
[2022-12-13T06:31:29.852+0000][151028][gc,phases   ] GC(206)   Pre Evacuate Collection Set: 0.9ms
[2022-12-13T06:31:29.852+0000][151028][gc,phases   ] GC(206)   Merge Heap Roots: 0.3ms
[2022-12-13T06:31:29.852+0000][151028][gc,phases   ] GC(206)   Evacuate Collection Set: 8.0ms
[2022-12-13T06:31:29.852+0000][151028][gc,phases   ] GC(206)   Post Evacuate Collection Set: 6.5ms
[2022-12-13T06:31:29.852+0000][151028][gc,phases   ] GC(206)   Other: 0.2ms
[2022-12-13T06:31:29.852+0000][151028][gc,age      ] GC(206) Age table with threshold 15 (max threshold 15)
[2022-12-13T06:31:29.852+0000][151028][gc,age      ] GC(206) - age   1:   20330832 bytes,   20330832 total
[2022-12-13T06:31:29.852+0000][151028][gc,age      ] GC(206) - age   2:    5767488 bytes,   26098320 total
[2022-12-13T06:31:29.852+0000][151028][gc,age      ] GC(206) - age   3:     315736 bytes,   26414056 total
[2022-12-13T06:31:29.852+0000][151028][gc,age      ] GC(206) - age   4:       8824 bytes,   26422880 total
[2022-12-13T06:31:29.852+0000][151028][gc,age      ] GC(206) - age   5:     357464 bytes,   26780344 total
[2022-12-13T06:31:29.852+0000][151028][gc,age      ] GC(206) - age   6:      54392 bytes,   26834736 total
[2022-12-13T06:31:29.852+0000][151028][gc,age      ] GC(206) - age   7:       7080 bytes,   26841816 total
[2022-12-13T06:31:29.852+0000][151028][gc,age      ] GC(206) - age   8:     180720 bytes,   27022536 total
[2022-12-13T06:31:29.852+0000][151028][gc,age      ] GC(206) - age   9:     159456 bytes,   27181992 total
[2022-12-13T06:31:29.852+0000][151028][gc,age      ] GC(206) - age  10:     275472 bytes,   27457464 total
[2022-12-13T06:31:29.852+0000][151028][gc,age      ] GC(206) - age  11:    1345544 bytes,   28803008 total
[2022-12-13T06:31:29.852+0000][151028][gc,age      ] GC(206) - age  12:    1214432 bytes,   30017440 total
[2022-12-13T06:31:29.852+0000][151028][gc,age      ] GC(206) - age  13:      19808 bytes,   30037248 total
[2022-12-13T06:31:29.852+0000][151028][gc,age      ] GC(206) - age  14:      85048 bytes,   30122296 total
[2022-12-13T06:31:29.852+0000][151028][gc,age      ] GC(206) - age  15:    3169384 bytes,   33291680 total
[2022-12-13T06:31:29.852+0000][151028][gc,heap     ] GC(206) Eden regions: 74->0(1127)
[2022-12-13T06:31:29.852+0000][151028][gc,heap     ] GC(206) Survivor regions: 6->9(140)
[2022-12-13T06:31:29.852+0000][151028][gc,heap     ] GC(206) Old regions: 450->451
[2022-12-13T06:31:29.852+0000][151028][gc,heap     ] GC(206) Archive regions: 2->2
[2022-12-13T06:31:29.853+0000][151028][gc,heap     ] GC(206) Humongous regions: 148->10
[2022-12-13T06:31:29.853+0000][151028][gc,metaspace] GC(206) Metaspace: 174884K(179520K)->174884K(179520K) NonClass: 153351K(155904K)->153351K(155904K) Class: 21533K(23616K)->21533K(23616K)
[2022-12-13T06:31:29.853+0000][151028][gc          ] GC(206) Pause Young (Concurrent Start) (G1 Humongous Allocation) 2710M->1879M(7992M) 16.388ms
[2022-12-13T06:31:29.853+0000][151028][gc,cpu      ] GC(206) User=0.11s Sys=0.00s Real=0.02s
[2022-12-13T06:31:29.853+0000][151028][gc          ] GC(207) Concurrent Undo Cycle
[2022-12-13T06:31:29.853+0000][151028][gc,marking  ] GC(207) Concurrent Cleanup for Next Mark
[2022-12-13T06:31:29.853+0000][151028][safepoint   ] Safepoint "G1TryInitiateConcMark", Time since last: 574697500 ns, Reaching safepoint: 255300 ns, At safepoint: 16600200 ns, Total: 16855500 ns
[2022-12-13T06:31:29.853+0000][151028][gc,marking  ] GC(207) Concurrent Cleanup for Next Mark 0.671ms
[2022-12-13T06:31:29.853+0000][151028][gc          ] GC(207) Concurrent Undo Cycle 0.806ms
[2022-12-13T06:31:30.244+0000][151028][safepoint   ] Safepoint "G1TryInitiateConcMark", Time since last: 391070100 ns, Reaching safepoint: 561900 ns, At safepoint: 65500 ns, Total: 627400 ns
[2022-12-13T06:31:30.245+0000][151028][gc,start    ] GC(208) Pause Young (Concurrent Start) (G1 Humongous Allocation)
[2022-12-13T06:31:30.245+0000][151028][gc,task     ] GC(208) Using 10 workers of 10 for evacuation
[2022-12-13T06:31:30.245+0000][151028][gc,age      ] GC(208) Desired survivor size 297795584 bytes, new threshold 15 (max threshold 15)
[2022-12-13T06:31:30.257+0000][151028][gc,phases   ] GC(208)   Pre Evacuate Collection Set: 1.1ms
[2022-12-13T06:31:30.257+0000][151028][gc,phases   ] GC(208)   Merge Heap Roots: 0.2ms
[2022-12-13T06:31:30.257+0000][151028][gc,phases   ] GC(208)   Evacuate Collection Set: 5.7ms
[2022-12-13T06:31:30.257+0000][151028][gc,phases   ] GC(208)   Post Evacuate Collection Set: 4.7ms
[2022-12-13T06:31:30.257+0000][151028][gc,phases   ] GC(208)   Other: 0.2ms
[2022-12-13T06:31:30.257+0000][151028][gc,age      ] GC(208) Age table with threshold 15 (max threshold 15)
[2022-12-13T06:31:30.257+0000][151028][gc,age      ] GC(208) - age   1:   13714784 bytes,   13714784 total
[2022-12-13T06:31:30.257+0000][151028][gc,age      ] GC(208) - age   2:    1317512 bytes,   15032296 total
[2022-12-13T06:31:30.257+0000][151028][gc,age      ] GC(208) - age   3:      18744 bytes,   15051040 total
[2022-12-13T06:31:30.257+0000][151028][gc,age      ] GC(208) - age   4:     173384 bytes,   15224424 total
[2022-12-13T06:31:30.257+0000][151028][gc,age      ] GC(208) - age   5:       7384 bytes,   15231808 total
[2022-12-13T06:31:30.257+0000][151028][gc,age      ] GC(208) - age   6:     352536 bytes,   15584344 total
[2022-12-13T06:31:30.257+0000][151028][gc,age      ] GC(208) - age   7:      50048 bytes,   15634392 total
[2022-12-13T06:31:30.257+0000][151028][gc,age      ] GC(208) - age   8:       5280 bytes,   15639672 total
[2022-12-13T06:31:30.257+0000][151028][gc,age      ] GC(208) - age   9:     175160 bytes,   15814832 total
[2022-12-13T06:31:30.257+0000][151028][gc,age      ] GC(208) - age  10:     159416 bytes,   15974248 total
[2022-12-13T06:31:30.257+0000][151028][gc,age      ] GC(208) - age  11:     275352 bytes,   16249600 total
[2022-12-13T06:31:30.257+0000][151028][gc,age      ] GC(208) - age  12:    1345544 bytes,   17595144 total
[2022-12-13T06:31:30.257+0000][151028][gc,age      ] GC(208) - age  13:    1214432 bytes,   18809576 total
[2022-12-13T06:31:30.257+0000][151028][gc,age      ] GC(208) - age  14:      19808 bytes,   18829384 total
[2022-12-13T06:31:30.257+0000][151028][gc,age      ] GC(208) - age  15:      85048 bytes,   18914432 total
[2022-12-13T06:31:30.257+0000][151028][gc,heap     ] GC(208) Eden regions: 53->0(1149)
[2022-12-13T06:31:30.257+0000][151028][gc,heap     ] GC(208) Survivor regions: 9->6(142)
[2022-12-13T06:31:30.258+0000][151028][gc,heap     ] GC(208) Old regions: 451->451
[2022-12-13T06:31:30.258+0000][151028][gc,heap     ] GC(208) Archive regions: 2->2
[2022-12-13T06:31:30.258+0000][151028][gc,heap     ] GC(208) Humongous regions: 116->8
[2022-12-13T06:31:30.258+0000][151028][gc,metaspace] GC(208) Metaspace: 174901K(179520K)->174901K(179520K) NonClass: 153367K(155904K)->153367K(155904K) Class: 21533K(23616K)->21533K(23616K)
[2022-12-13T06:31:30.258+0000][151028][gc          ] GC(208) Pause Young (Concurrent Start) (G1 Humongous Allocation) 2511M->1863M(7992M) 12.481ms
[2022-12-13T06:31:30.258+0000][151028][gc          ] GC(209) Concurrent Undo Cycle
[2022-12-13T06:31:30.258+0000][151028][gc,cpu      ] GC(208) User=0.09s Sys=0.01s Real=0.01s
[2022-12-13T06:31:30.258+0000][151028][gc,marking  ] GC(209) Concurrent Cleanup for Next Mark
[2022-12-13T06:31:30.258+0000][151028][safepoint   ] Safepoint "G1TryInitiateConcMark", Time since last: 311100 ns, Reaching safepoint: 288000 ns, At safepoint: 12801400 ns, Total: 13089400 ns
[2022-12-13T06:31:30.259+0000][151028][gc,marking  ] GC(209) Concurrent Cleanup for Next Mark 0.909ms
[2022-12-13T06:31:30.259+0000][151028][gc          ] GC(209) Concurrent Undo Cycle 1.016ms
[2022-12-13T06:31:30.927+0000][151028][gc,start    ] GC(210) Pause Young (Concurrent Start) (G1 Humongous Allocation)
[2022-12-13T06:31:30.928+0000][151028][gc,task     ] GC(210) Using 10 workers of 10 for evacuation
[2022-12-13T06:31:30.928+0000][151028][gc,age      ] GC(210) Desired survivor size 304087040 bytes, new threshold 15 (max threshold 15)
[2022-12-13T06:31:30.939+0000][151028][gc,phases   ] GC(210)   Pre Evacuate Collection Set: 0.8ms
[2022-12-13T06:31:30.939+0000][151028][gc,phases   ] GC(210)   Merge Heap Roots: 0.2ms
[2022-12-13T06:31:30.939+0000][151028][gc,phases   ] GC(210)   Evacuate Collection Set: 4.4ms
[2022-12-13T06:31:30.939+0000][151028][gc,phases   ] GC(210)   Post Evacuate Collection Set: 5.6ms
[2022-12-13T06:31:30.939+0000][151028][gc,phases   ] GC(210)   Other: 0.1ms
[2022-12-13T06:31:30.939+0000][151028][gc,age      ] GC(210) Age table with threshold 15 (max threshold 15)
[2022-12-13T06:31:30.939+0000][151028][gc,age      ] GC(210) - age   1:   15738296 bytes,   15738296 total
[2022-12-13T06:31:30.939+0000][151028][gc,age      ] GC(210) - age   2:    1853592 bytes,   17591888 total
[2022-12-13T06:31:30.939+0000][151028][gc,age      ] GC(210) - age   3:    1160344 bytes,   18752232 total
[2022-12-13T06:31:30.939+0000][151028][gc,age      ] GC(210) - age   4:      12008 bytes,   18764240 total
[2022-12-13T06:31:30.939+0000][151028][gc,age      ] GC(210) - age   5:     166832 bytes,   18931072 total
[2022-12-13T06:31:30.939+0000][151028][gc,age      ] GC(210) - age   6:       6744 bytes,   18937816 total
[2022-12-13T06:31:30.939+0000][151028][gc,age      ] GC(210) - age   7:     285904 bytes,   19223720 total
[2022-12-13T06:31:30.939+0000][151028][gc,age      ] GC(210) - age   8:      46888 bytes,   19270608 total
[2022-12-13T06:31:30.939+0000][151028][gc,age      ] GC(210) - age   9:       4312 bytes,   19274920 total
[2022-12-13T06:31:30.939+0000][151028][gc,age      ] GC(210) - age  10:     173720 bytes,   19448640 total
[2022-12-13T06:31:30.939+0000][151028][gc,age      ] GC(210) - age  11:     159416 bytes,   19608056 total
[2022-12-13T06:31:30.939+0000][151028][gc,age      ] GC(210) - age  12:     275312 bytes,   19883368 total
[2022-12-13T06:31:30.939+0000][151028][gc,age      ] GC(210) - age  13:    1345544 bytes,   21228912 total
[2022-12-13T06:31:30.939+0000][151028][gc,age      ] GC(210) - age  14:    1214432 bytes,   22443344 total
[2022-12-13T06:31:30.939+0000][151028][gc,age      ] GC(210) - age  15:      19808 bytes,   22463152 total
[2022-12-13T06:31:30.939+0000][151028][gc,heap     ] GC(210) Eden regions: 42->0(1161)
[2022-12-13T06:31:30.939+0000][151028][gc,heap     ] GC(210) Survivor regions: 6->6(145)
[2022-12-13T06:31:30.939+0000][151028][gc,heap     ] GC(210) Old regions: 451->451
[2022-12-13T06:31:30.939+0000][151028][gc,heap     ] GC(210) Archive regions: 2->2
[2022-12-13T06:31:30.939+0000][151028][gc,heap     ] GC(210) Humongous regions: 140->8
[2022-12-13T06:31:30.939+0000][151028][gc,metaspace] GC(210) Metaspace: 174904K(179520K)->174904K(179520K) NonClass: 153371K(155904K)->153371K(155904K) Class: 21533K(23616K)->21533K(23616K)
[2022-12-13T06:31:30.939+0000][151028][gc          ] GC(210) Pause Young (Concurrent Start) (G1 Humongous Allocation) 2558M->1863M(7992M) 11.590ms
[2022-12-13T06:31:30.939+0000][151028][gc          ] GC(211) Concurrent Undo Cycle
[2022-12-13T06:31:30.939+0000][151028][gc,cpu      ] GC(210) User=0.07s Sys=0.00s Real=0.02s
[2022-12-13T06:31:30.939+0000][151028][gc,marking  ] GC(211) Concurrent Cleanup for Next Mark
[2022-12-13T06:31:30.939+0000][151028][safepoint   ] Safepoint "G1TryInitiateConcMark", Time since last: 669387600 ns, Reaching safepoint: 192800 ns, At safepoint: 11833400 ns, Total: 12026200 ns
[2022-12-13T06:31:30.940+0000][151028][gc,marking  ] GC(211) Concurrent Cleanup for Next Mark 0.962ms
[2022-12-13T06:31:30.940+0000][151028][gc          ] GC(211) Concurrent Undo Cycle 1.218ms
[2022-12-13T06:31:32.595+0000][151028][safepoint   ] Safepoint "G1TryInitiateConcMark", Time since last: 1654937000 ns, Reaching safepoint: 318200 ns, At safepoint: 44800 ns, Total: 363000 ns
[2022-12-13T06:31:32.595+0000][151028][gc,start    ] GC(212) Pause Young (Concurrent Start) (G1 Humongous Allocation)
[2022-12-13T06:31:32.595+0000][151028][gc,task     ] GC(212) Using 10 workers of 10 for evacuation
[2022-12-13T06:31:32.595+0000][151028][gc,age      ] GC(212) Desired survivor size 306184192 bytes, new threshold 15 (max threshold 15)
[2022-12-13T06:31:32.620+0000][151028][gc,phases   ] GC(212)   Pre Evacuate Collection Set: 0.8ms
[2022-12-13T06:31:32.620+0000][151028][gc,phases   ] GC(212)   Merge Heap Roots: 0.3ms
[2022-12-13T06:31:32.620+0000][151028][gc,phases   ] GC(212)   Evacuate Collection Set: 14.2ms
[2022-12-13T06:31:32.620+0000][151028][gc,phases   ] GC(212)   Post Evacuate Collection Set: 9.7ms
[2022-12-13T06:31:32.620+0000][151028][gc,phases   ] GC(212)   Other: 0.2ms
[2022-12-13T06:31:32.620+0000][151028][gc,age      ] GC(212) Age table with threshold 15 (max threshold 15)
[2022-12-13T06:31:32.620+0000][151028][gc,age      ] GC(212) - age   1:   56938608 bytes,   56938608 total
[2022-12-13T06:31:32.620+0000][151028][gc,age      ] GC(212) - age   2:     112392 bytes,   57051000 total
[2022-12-13T06:31:32.620+0000][151028][gc,age      ] GC(212) - age   3:      55960 bytes,   57106960 total
[2022-12-13T06:31:32.621+0000][151028][gc,age      ] GC(212) - age   4:    1130312 bytes,   58237272 total
[2022-12-13T06:31:32.621+0000][151028][gc,age      ] GC(212) - age   5:       6584 bytes,   58243856 total
[2022-12-13T06:31:32.621+0000][151028][gc,age      ] GC(212) - age   6:      97024 bytes,   58340880 total
[2022-12-13T06:31:32.621+0000][151028][gc,age      ] GC(212) - age   7:       6224 bytes,   58347104 total
[2022-12-13T06:31:32.621+0000][151028][gc,age      ] GC(212) - age   8:     276992 bytes,   58624096 total
[2022-12-13T06:31:32.621+0000][151028][gc,age      ] GC(212) - age   9:      39528 bytes,   58663624 total
[2022-12-13T06:31:32.621+0000][151028][gc,age      ] GC(212) - age  10:       2952 bytes,   58666576 total
[2022-12-13T06:31:32.621+0000][151028][gc,age      ] GC(212) - age  11:     105472 bytes,   58772048 total
[2022-12-13T06:31:32.621+0000][151028][gc,age      ] GC(212) - age  12:     142808 bytes,   58914856 total
[2022-12-13T06:31:32.621+0000][151028][gc,age      ] GC(212) - age  13:     275312 bytes,   59190168 total
[2022-12-13T06:31:32.621+0000][151028][gc,age      ] GC(212) - age  14:    1343592 bytes,   60533760 total
[2022-12-13T06:31:32.621+0000][151028][gc,age      ] GC(212) - age  15:    1214432 bytes,   61748192 total
[2022-12-13T06:31:32.621+0000][151028][gc,heap     ] GC(212) Eden regions: 135->0(1145)
[2022-12-13T06:31:32.621+0000][151028][gc,heap     ] GC(212) Survivor regions: 6->16(146)
[2022-12-13T06:31:32.621+0000][151028][gc,heap     ] GC(212) Old regions: 451->451
[2022-12-13T06:31:32.621+0000][151028][gc,heap     ] GC(212) Archive regions: 2->2
[2022-12-13T06:31:32.621+0000][151028][gc,heap     ] GC(212) Humongous regions: 146->14
[2022-12-13T06:31:32.621+0000][151028][gc,metaspace] GC(212) Metaspace: 174906K(179520K)->174906K(179520K) NonClass: 153373K(155904K)->153373K(155904K) Class: 21533K(23616K)->21533K(23616K)
[2022-12-13T06:31:32.621+0000][151028][gc          ] GC(212) Pause Young (Concurrent Start) (G1 Humongous Allocation) 2953M->1927M(7992M) 25.662ms
[2022-12-13T06:31:32.621+0000][151028][gc          ] GC(213) Concurrent Undo Cycle
[2022-12-13T06:31:32.621+0000][151028][gc,cpu      ] GC(212) User=0.19s Sys=0.01s Real=0.03s
[2022-12-13T06:31:32.621+0000][151028][gc,marking  ] GC(213) Concurrent Cleanup for Next Mark
[2022-12-13T06:31:32.621+0000][151028][safepoint   ] Safepoint "G1TryInitiateConcMark", Time since last: 251700 ns, Reaching safepoint: 248600 ns, At safepoint: 25902300 ns, Total: 26150900 ns
[2022-12-13T06:31:32.622+0000][151028][gc,marking  ] GC(213) Concurrent Cleanup for Next Mark 0.678ms
[2022-12-13T06:31:32.622+0000][151028][gc          ] GC(213) Concurrent Undo Cycle 0.801ms
[2022-12-13T06:31:33.449+0000][151028][gc,start    ] GC(214) Pause Young (Concurrent Start) (G1 Humongous Allocation)
[2022-12-13T06:31:33.449+0000][151028][gc,task     ] GC(214) Using 10 workers of 10 for evacuation
[2022-12-13T06:31:33.449+0000][151028][gc,age      ] GC(214) Desired survivor size 306184192 bytes, new threshold 15 (max threshold 15)
[2022-12-13T06:31:33.465+0000][151028][gc,phases   ] GC(214)   Pre Evacuate Collection Set: 0.8ms
[2022-12-13T06:31:33.465+0000][151028][gc,phases   ] GC(214)   Merge Heap Roots: 0.2ms
[2022-12-13T06:31:33.465+0000][151028][gc,phases   ] GC(214)   Evacuate Collection Set: 4.3ms
[2022-12-13T06:31:33.465+0000][151028][gc,phases   ] GC(214)   Post Evacuate Collection Set: 9.9ms
[2022-12-13T06:31:33.465+0000][151028][gc,phases   ] GC(214)   Other: 0.1ms
[2022-12-13T06:31:33.465+0000][151028][gc,age      ] GC(214) Age table with threshold 15 (max threshold 15)
[2022-12-13T06:31:33.465+0000][151028][gc,age      ] GC(214) - age   1:   26013456 bytes,   26013456 total
[2022-12-13T06:31:33.465+0000][151028][gc,age      ] GC(214) - age   2:    3521832 bytes,   29535288 total
[2022-12-13T06:31:33.465+0000][151028][gc,age      ] GC(214) - age   3:      46192 bytes,   29581480 total
[2022-12-13T06:31:33.465+0000][151028][gc,age      ] GC(214) - age   4:      54520 bytes,   29636000 total
[2022-12-13T06:31:33.465+0000][151028][gc,age      ] GC(214) - age   5:    1112280 bytes,   30748280 total
[2022-12-13T06:31:33.465+0000][151028][gc,age      ] GC(214) - age   6:       6024 bytes,   30754304 total
[2022-12-13T06:31:33.465+0000][151028][gc,age      ] GC(214) - age   7:      78864 bytes,   30833168 total
[2022-12-13T06:31:33.465+0000][151028][gc,age      ] GC(214) - age   8:       5984 bytes,   30839152 total
[2022-12-13T06:31:33.465+0000][151028][gc,age      ] GC(214) - age   9:     242992 bytes,   31082144 total
[2022-12-13T06:31:33.465+0000][151028][gc,age      ] GC(214) - age  10:      35608 bytes,   31117752 total
[2022-12-13T06:31:33.465+0000][151028][gc,age      ] GC(214) - age  11:       2928 bytes,   31120680 total
[2022-12-13T06:31:33.465+0000][151028][gc,age      ] GC(214) - age  12:      88072 bytes,   31208752 total
[2022-12-13T06:31:33.465+0000][151028][gc,age      ] GC(214) - age  13:     142808 bytes,   31351560 total
[2022-12-13T06:31:33.465+0000][151028][gc,age      ] GC(214) - age  14:     275216 bytes,   31626776 total
[2022-12-13T06:31:33.465+0000][151028][gc,age      ] GC(214) - age  15:    1343400 bytes,   32970176 total
[2022-12-13T06:31:33.465+0000][151028][gc,heap     ] GC(214) Eden regions: 143->0(1163)
[2022-12-13T06:31:33.465+0000][151028][gc,heap     ] GC(214) Survivor regions: 16->9(146)
[2022-12-13T06:31:33.465+0000][151028][gc,heap     ] GC(214) Old regions: 451->452
[2022-12-13T06:31:33.465+0000][151028][gc,heap     ] GC(214) Archive regions: 2->2
[2022-12-13T06:31:33.465+0000][151028][gc,heap     ] GC(214) Humongous regions: 121->8
[2022-12-13T06:31:33.465+0000][151028][gc,metaspace] GC(214) Metaspace: 174926K(179584K)->174926K(179584K) NonClass: 153392K(155968K)->153392K(155968K) Class: 21534K(23616K)->21534K(23616K)
[2022-12-13T06:31:33.465+0000][151028][gc          ] GC(214) Pause Young (Concurrent Start) (G1 Humongous Allocation) 2924M->1874M(7992M) 15.718ms
[2022-12-13T06:31:33.465+0000][151028][gc          ] GC(215) Concurrent Undo Cycle
[2022-12-13T06:31:33.465+0000][151028][gc,cpu      ] GC(214) User=0.09s Sys=0.02s Real=0.02s
[2022-12-13T06:31:33.465+0000][151028][gc,marking  ] GC(215) Concurrent Cleanup for Next Mark
[2022-12-13T06:31:33.465+0000][151028][safepoint   ] Safepoint "G1TryInitiateConcMark", Time since last: 827992900 ns, Reaching safepoint: 192500 ns, At safepoint: 15969900 ns, Total: 16162400 ns
[2022-12-13T06:31:33.466+0000][151028][gc,marking  ] GC(215) Concurrent Cleanup for Next Mark 0.624ms
[2022-12-13T06:31:33.466+0000][151028][gc          ] GC(215) Concurrent Undo Cycle 0.752ms
[2022-12-13T06:31:34.102+0000][151028][gc,start    ] GC(216) Pause Young (Concurrent Start) (G1 Humongous Allocation)
[2022-12-13T06:31:34.102+0000][151028][gc,task     ] GC(216) Using 10 workers of 10 for evacuation
[2022-12-13T06:31:34.102+0000][151028][gc,age      ] GC(216) Desired survivor size 308281344 bytes, new threshold 15 (max threshold 15)
[2022-12-13T06:31:34.114+0000][151028][gc,phases   ] GC(216)   Pre Evacuate Collection Set: 0.8ms
[2022-12-13T06:31:34.114+0000][151028][gc,phases   ] GC(216)   Merge Heap Roots: 0.2ms
[2022-12-13T06:31:34.114+0000][151028][gc,phases   ] GC(216)   Evacuate Collection Set: 5.4ms
[2022-12-13T06:31:34.114+0000][151028][gc,phases   ] GC(216)   Post Evacuate Collection Set: 4.7ms
[2022-12-13T06:31:34.114+0000][151028][gc,phases   ] GC(216)   Other: 0.1ms
[2022-12-13T06:31:34.114+0000][151028][gc,age      ] GC(216) Age table with threshold 15 (max threshold 15)
[2022-12-13T06:31:34.114+0000][151028][gc,age      ] GC(216) - age   1:   15371568 bytes,   15371568 total
[2022-12-13T06:31:34.114+0000][151028][gc,age      ] GC(216) - age   2:     326384 bytes,   15697952 total
[2022-12-13T06:31:34.114+0000][151028][gc,age      ] GC(216) - age   3:    1276528 bytes,   16974480 total
[2022-12-13T06:31:34.114+0000][151028][gc,age      ] GC(216) - age   4:      43880 bytes,   17018360 total
[2022-12-13T06:31:34.114+0000][151028][gc,age      ] GC(216) - age   5:      53024 bytes,   17071384 total
[2022-12-13T06:31:34.114+0000][151028][gc,age      ] GC(216) - age   6:    1103400 bytes,   18174784 total
[2022-12-13T06:31:34.114+0000][151028][gc,age      ] GC(216) - age   7:       5104 bytes,   18179888 total
[2022-12-13T06:31:34.114+0000][151028][gc,age      ] GC(216) - age   8:      73184 bytes,   18253072 total
[2022-12-13T06:31:34.114+0000][151028][gc,age      ] GC(216) - age   9:       5688 bytes,   18258760 total
[2022-12-13T06:31:34.114+0000][151028][gc,age      ] GC(216) - age  10:     239112 bytes,   18497872 total
[2022-12-13T06:31:34.114+0000][151028][gc,age      ] GC(216) - age  11:      35288 bytes,   18533160 total
[2022-12-13T06:31:34.114+0000][151028][gc,age      ] GC(216) - age  12:       2888 bytes,   18536048 total
[2022-12-13T06:31:34.114+0000][151028][gc,age      ] GC(216) - age  13:      86672 bytes,   18622720 total
[2022-12-13T06:31:34.114+0000][151028][gc,age      ] GC(216) - age  14:     142808 bytes,   18765528 total
[2022-12-13T06:31:34.114+0000][151028][gc,age      ] GC(216) - age  15:     274832 bytes,   19040360 total
[2022-12-13T06:31:34.114+0000][151028][gc,heap     ] GC(216) Eden regions: 73->0(1173)
[2022-12-13T06:31:34.114+0000][151028][gc,heap     ] GC(216) Survivor regions: 9->6(147)
[2022-12-13T06:31:34.114+0000][151028][gc,heap     ] GC(216) Old regions: 452->452
[2022-12-13T06:31:34.114+0000][151028][gc,heap     ] GC(216) Archive regions: 2->2
[2022-12-13T06:31:34.114+0000][151028][gc,heap     ] GC(216) Humongous regions: 121->11
[2022-12-13T06:31:34.114+0000][151028][gc,metaspace] GC(216) Metaspace: 174935K(179584K)->174935K(179584K) NonClass: 153400K(155968K)->153400K(155968K) Class: 21534K(23616K)->21534K(23616K)
[2022-12-13T06:31:34.114+0000][151028][gc          ] GC(216) Pause Young (Concurrent Start) (G1 Humongous Allocation) 2617M->1875M(7992M) 11.757ms
[2022-12-13T06:31:34.114+0000][151028][gc          ] GC(217) Concurrent Undo Cycle
[2022-12-13T06:31:34.114+0000][151028][gc,cpu      ] GC(216) User=0.09s Sys=0.01s Real=0.01s
[2022-12-13T06:31:34.114+0000][151028][gc,marking  ] GC(217) Concurrent Cleanup for Next Mark
[2022-12-13T06:31:34.114+0000][151028][safepoint   ] Safepoint "G1TryInitiateConcMark", Time since last: 636977900 ns, Reaching safepoint: 232400 ns, At safepoint: 12010900 ns, Total: 12243300 ns
[2022-12-13T06:31:34.115+0000][151028][gc,marking  ] GC(217) Concurrent Cleanup for Next Mark 0.679ms
[2022-12-13T06:31:34.115+0000][151028][gc          ] GC(217) Concurrent Undo Cycle 0.827ms
[2022-12-13T06:31:35.115+0000][151028][safepoint   ] Safepoint "Cleanup", Time since last: 1000131400 ns, Reaching safepoint: 284500 ns, At safepoint: 28000 ns, Total: 312500 ns
[2022-12-13T06:31:35.182+0000][151028][gc,start    ] GC(218) Pause Young (Concurrent Start) (G1 Humongous Allocation)
[2022-12-13T06:31:35.183+0000][151028][gc,task     ] GC(218) Using 10 workers of 10 for evacuation
[2022-12-13T06:31:35.183+0000][151028][gc,age      ] GC(218) Desired survivor size 310378496 bytes, new threshold 15 (max threshold 15)
[2022-12-13T06:31:35.202+0000][151028][gc,phases   ] GC(218)   Pre Evacuate Collection Set: 0.8ms
[2022-12-13T06:31:35.202+0000][151028][gc,phases   ] GC(218)   Merge Heap Roots: 0.3ms
[2022-12-13T06:31:35.202+0000][151028][gc,phases   ] GC(218)   Evacuate Collection Set: 5.4ms
[2022-12-13T06:31:35.202+0000][151028][gc,phases   ] GC(218)   Post Evacuate Collection Set: 12.4ms
[2022-12-13T06:31:35.202+0000][151028][gc,phases   ] GC(218)   Other: 0.2ms
[2022-12-13T06:31:35.202+0000][151028][gc,age      ] GC(218) Age table with threshold 15 (max threshold 15)
[2022-12-13T06:31:35.202+0000][151028][gc,age      ] GC(218) - age   1:   43780992 bytes,   43780992 total
[2022-12-13T06:31:35.202+0000][151028][gc,age      ] GC(218) - age   2:    3339088 bytes,   47120080 total
[2022-12-13T06:31:35.202+0000][151028][gc,age      ] GC(218) - age   3:     167480 bytes,   47287560 total
[2022-12-13T06:31:35.202+0000][151028][gc,age      ] GC(218) - age   4:    1258864 bytes,   48546424 total
[2022-12-13T06:31:35.202+0000][151028][gc,age      ] GC(218) - age   5:      39632 bytes,   48586056 total
[2022-12-13T06:31:35.202+0000][151028][gc,age      ] GC(218) - age   6:      29944 bytes,   48616000 total
[2022-12-13T06:31:35.202+0000][151028][gc,age      ] GC(218) - age   7:    1084592 bytes,   49700592 total
[2022-12-13T06:31:35.202+0000][151028][gc,age      ] GC(218) - age   8:       4104 bytes,   49704696 total
[2022-12-13T06:31:35.202+0000][151028][gc,age      ] GC(218) - age   9:      72464 bytes,   49777160 total
[2022-12-13T06:31:35.202+0000][151028][gc,age      ] GC(218) - age  10:       5256 bytes,   49782416 total
[2022-12-13T06:31:35.202+0000][151028][gc,age      ] GC(218) - age  11:     217976 bytes,   50000392 total
[2022-12-13T06:31:35.202+0000][151028][gc,age      ] GC(218) - age  12:      34232 bytes,   50034624 total
[2022-12-13T06:31:35.202+0000][151028][gc,age      ] GC(218) - age  13:       2528 bytes,   50037152 total
[2022-12-13T06:31:35.202+0000][151028][gc,age      ] GC(218) - age  14:      81856 bytes,   50119008 total
[2022-12-13T06:31:35.202+0000][151028][gc,age      ] GC(218) - age  15:      76984 bytes,   50195992 total
[2022-12-13T06:31:35.202+0000][151028][gc,heap     ] GC(218) Eden regions: 152->0(1163)
[2022-12-13T06:31:35.202+0000][151028][gc,heap     ] GC(218) Survivor regions: 6->13(148)
[2022-12-13T06:31:35.202+0000][151028][gc,heap     ] GC(218) Old regions: 452->452
[2022-12-13T06:31:35.202+0000][151028][gc,heap     ] GC(218) Archive regions: 2->2
[2022-12-13T06:31:35.202+0000][151028][gc,heap     ] GC(218) Humongous regions: 145->15
[2022-12-13T06:31:35.202+0000][151028][gc,metaspace] GC(218) Metaspace: 174936K(179584K)->174936K(179584K) NonClass: 153402K(155968K)->153402K(155968K) Class: 21534K(23616K)->21534K(23616K)
[2022-12-13T06:31:35.202+0000][151028][gc          ] GC(218) Pause Young (Concurrent Start) (G1 Humongous Allocation) 3019M->1922M(7992M) 19.637ms
[2022-12-13T06:31:35.202+0000][151028][gc          ] GC(219) Concurrent Undo Cycle
[2022-12-13T06:31:35.202+0000][151028][gc,cpu      ] GC(218) User=0.15s Sys=0.00s Real=0.02s
[2022-12-13T06:31:35.202+0000][151028][gc,marking  ] GC(219) Concurrent Cleanup for Next Mark
[2022-12-13T06:31:35.202+0000][151028][safepoint   ] Safepoint "G1TryInitiateConcMark", Time since last: 67423300 ns, Reaching safepoint: 195000 ns, At safepoint: 19950000 ns, Total: 20145000 ns
[2022-12-13T06:31:35.203+0000][151028][gc,marking  ] GC(219) Concurrent Cleanup for Next Mark 1.016ms
[2022-12-13T06:31:35.203+0000][151028][gc          ] GC(219) Concurrent Undo Cycle 1.267ms
[2022-12-13T06:31:36.203+0000][151028][safepoint   ] Safepoint "Cleanup", Time since last: 1000150300 ns, Reaching safepoint: 322200 ns, At safepoint: 61200 ns, Total: 383400 ns
[2022-12-13T06:31:36.364+0000][151028][gc,start    ] GC(220) Pause Young (Concurrent Start) (G1 Humongous Allocation)
[2022-12-13T06:31:36.364+0000][151028][gc,task     ] GC(220) Using 10 workers of 10 for evacuation
[2022-12-13T06:31:36.364+0000][151028][gc,age      ] GC(220) Desired survivor size 308281344 bytes, new threshold 15 (max threshold 15)
[2022-12-13T06:31:36.393+0000][151028][gc,phases   ] GC(220)   Pre Evacuate Collection Set: 0.8ms
[2022-12-13T06:31:36.393+0000][151028][gc,phases   ] GC(220)   Merge Heap Roots: 0.2ms
[2022-12-13T06:31:36.393+0000][151028][gc,phases   ] GC(220)   Evacuate Collection Set: 18.7ms
[2022-12-13T06:31:36.393+0000][151028][gc,phases   ] GC(220)   Post Evacuate Collection Set: 9.6ms
[2022-12-13T06:31:36.393+0000][151028][gc,phases   ] GC(220)   Other: 0.2ms
[2022-12-13T06:31:36.393+0000][151028][gc,age      ] GC(220) Age table with threshold 15 (max threshold 15)
[2022-12-13T06:31:36.393+0000][151028][gc,age      ] GC(220) - age   1:   67420576 bytes,   67420576 total
[2022-12-13T06:31:36.393+0000][151028][gc,age      ] GC(220) - age   2:    4363528 bytes,   71784104 total
[2022-12-13T06:31:36.393+0000][151028][gc,age      ] GC(220) - age   3:      17544 bytes,   71801648 total
[2022-12-13T06:31:36.393+0000][151028][gc,age      ] GC(220) - age   4:      83352 bytes,   71885000 total
[2022-12-13T06:31:36.393+0000][151028][gc,age      ] GC(220) - age   5:    1119456 bytes,   73004456 total
[2022-12-13T06:31:36.393+0000][151028][gc,age      ] GC(220) - age   6:      39432 bytes,   73043888 total
[2022-12-13T06:31:36.394+0000][151028][gc,age      ] GC(220) - age   7:      29816 bytes,   73073704 total
[2022-12-13T06:31:36.394+0000][151028][gc,age      ] GC(220) - age   8:    1082680 bytes,   74156384 total
[2022-12-13T06:31:36.394+0000][151028][gc,age      ] GC(220) - age   9:       4104 bytes,   74160488 total
[2022-12-13T06:31:36.394+0000][151028][gc,age      ] GC(220) - age  10:      72352 bytes,   74232840 total
[2022-12-13T06:31:36.394+0000][151028][gc,age      ] GC(220) - age  11:       5256 bytes,   74238096 total
[2022-12-13T06:31:36.394+0000][151028][gc,age      ] GC(220) - age  12:     217504 bytes,   74455600 total
[2022-12-13T06:31:36.394+0000][151028][gc,age      ] GC(220) - age  13:      17640 bytes,   74473240 total
[2022-12-13T06:31:36.394+0000][151028][gc,age      ] GC(220) - age  14:       2528 bytes,   74475768 total
[2022-12-13T06:31:36.394+0000][151028][gc,age      ] GC(220) - age  15:      81568 bytes,   74557336 total
[2022-12-13T06:31:36.394+0000][151028][gc,heap     ] GC(220) Eden regions: 280->0(1119)
[2022-12-13T06:31:36.394+0000][151028][gc,heap     ] GC(220) Survivor regions: 13->20(147)
[2022-12-13T06:31:36.394+0000][151028][gc,heap     ] GC(220) Old regions: 452->452
[2022-12-13T06:31:36.394+0000][151028][gc,heap     ] GC(220) Archive regions: 2->2
[2022-12-13T06:31:36.394+0000][151028][gc,heap     ] GC(220) Humongous regions: 128->47
[2022-12-13T06:31:36.394+0000][151028][gc,metaspace] GC(220) Metaspace: 174941K(179584K)->174941K(179584K) NonClass: 153407K(155968K)->153407K(155968K) Class: 21534K(23616K)->21534K(23616K)
[2022-12-13T06:31:36.394+0000][151028][gc          ] GC(220) Pause Young (Concurrent Start) (G1 Humongous Allocation) 3494M->2075M(7992M) 30.055ms
[2022-12-13T06:31:36.394+0000][151028][gc,cpu      ] GC(220) User=0.26s Sys=0.00s Real=0.03s
[2022-12-13T06:31:36.394+0000][151028][safepoint   ] Safepoint "G1TryInitiateConcMark", Time since last: 143153200 ns, Reaching safepoint: 17557800 ns, At safepoint: 30288600 ns, Total: 47846400 ns
[2022-12-13T06:31:36.394+0000][151028][gc          ] GC(221) Concurrent Undo Cycle
[2022-12-13T06:31:36.394+0000][151028][gc,marking  ] GC(221) Concurrent Cleanup for Next Mark
[2022-12-13T06:31:36.395+0000][151028][gc,marking  ] GC(221) Concurrent Cleanup for Next Mark 1.005ms
[2022-12-13T06:31:36.395+0000][151028][gc          ] GC(221) Concurrent Undo Cycle 1.169ms
[2022-12-13T06:31:36.966+0000][151028][gc,start    ] GC(222) Pause Young (Concurrent Start) (G1 Humongous Allocation)
[2022-12-13T06:31:36.966+0000][151028][gc,task     ] GC(222) Using 10 workers of 10 for evacuation
[2022-12-13T06:31:36.966+0000][151028][gc,age      ] GC(222) Desired survivor size 299892736 bytes, new threshold 15 (max threshold 15)
[2022-12-13T06:31:36.998+0000][151028][gc,phases   ] GC(222)   Pre Evacuate Collection Set: 0.8ms
[2022-12-13T06:31:36.998+0000][151028][gc,phases   ] GC(222)   Merge Heap Roots: 0.3ms
[2022-12-13T06:31:36.998+0000][151028][gc,phases   ] GC(222)   Evacuate Collection Set: 25.7ms
[2022-12-13T06:31:36.998+0000][151028][gc,phases   ] GC(222)   Post Evacuate Collection Set: 5.7ms
[2022-12-13T06:31:36.998+0000][151028][gc,phases   ] GC(222)   Other: 0.1ms
[2022-12-13T06:31:36.998+0000][151028][gc,age      ] GC(222) Age table with threshold 15 (max threshold 15)
[2022-12-13T06:31:36.998+0000][151028][gc,age      ] GC(222) - age   1:   50333872 bytes,   50333872 total
[2022-12-13T06:31:36.998+0000][151028][gc,age      ] GC(222) - age   2:   38830904 bytes,   89164776 total
[2022-12-13T06:31:36.999+0000][151028][gc,age      ] GC(222) - age   3:    1277520 bytes,   90442296 total
[2022-12-13T06:31:36.999+0000][151028][gc,age      ] GC(222) - age   4:      10072 bytes,   90452368 total
[2022-12-13T06:31:36.999+0000][151028][gc,age      ] GC(222) - age   5:      82800 bytes,   90535168 total
[2022-12-13T06:31:36.999+0000][151028][gc,age      ] GC(222) - age   6:    1116416 bytes,   91651584 total
[2022-12-13T06:31:36.999+0000][151028][gc,age      ] GC(222) - age   7:      39432 bytes,   91691016 total
[2022-12-13T06:31:36.999+0000][151028][gc,age      ] GC(222) - age   8:      29776 bytes,   91720792 total
[2022-12-13T06:31:36.999+0000][151028][gc,age      ] GC(222) - age   9:    1082240 bytes,   92803032 total
[2022-12-13T06:31:36.999+0000][151028][gc,age      ] GC(222) - age  10:       4104 bytes,   92807136 total
[2022-12-13T06:31:36.999+0000][151028][gc,age      ] GC(222) - age  11:      72312 bytes,   92879448 total
[2022-12-13T06:31:36.999+0000][151028][gc,age      ] GC(222) - age  12:       5056 bytes,   92884504 total
[2022-12-13T06:31:36.999+0000][151028][gc,age      ] GC(222) - age  13:     217064 bytes,   93101568 total
[2022-12-13T06:31:36.999+0000][151028][gc,age      ] GC(222) - age  14:      17640 bytes,   93119208 total
[2022-12-13T06:31:36.999+0000][151028][gc,age      ] GC(222) - age  15:       2528 bytes,   93121736 total
[2022-12-13T06:31:36.999+0000][151028][gc,heap     ] GC(222) Eden regions: 137->0(1046)
[2022-12-13T06:31:36.999+0000][151028][gc,heap     ] GC(222) Survivor regions: 20->24(143)
[2022-12-13T06:31:36.999+0000][151028][gc,heap     ] GC(222) Old regions: 452->452
[2022-12-13T06:31:36.999+0000][151028][gc,heap     ] GC(222) Archive regions: 2->2
[2022-12-13T06:31:36.999+0000][151028][gc,heap     ] GC(222) Humongous regions: 128->23
[2022-12-13T06:31:36.999+0000][151028][gc,metaspace] GC(222) Metaspace: 174942K(179584K)->174942K(179584K) NonClass: 153408K(155968K)->153408K(155968K) Class: 21534K(23616K)->21534K(23616K)
[2022-12-13T06:31:36.999+0000][151028][gc          ] GC(222) Pause Young (Concurrent Start) (G1 Humongous Allocation) 2946M->1998M(7992M) 33.212ms
[2022-12-13T06:31:36.999+0000][151028][gc,cpu      ] GC(222) User=0.27s Sys=0.01s Real=0.04s
[2022-12-13T06:31:36.999+0000][151028][gc          ] GC(223) Concurrent Undo Cycle
[2022-12-13T06:31:36.999+0000][151028][safepoint   ] Safepoint "G1TryInitiateConcMark", Time since last: 571288000 ns, Reaching safepoint: 319400 ns, At safepoint: 33495700 ns, Total: 33815100 ns
[2022-12-13T06:31:36.999+0000][151028][gc,marking  ] GC(223) Concurrent Cleanup for Next Mark
[2022-12-13T06:31:37.001+0000][151028][gc,marking  ] GC(223) Concurrent Cleanup for Next Mark 1.947ms
[2022-12-13T06:31:37.001+0000][151028][gc          ] GC(223) Concurrent Undo Cycle 2.245ms
[2022-12-13T06:31:37.999+0000][151028][safepoint   ] Safepoint "Cleanup", Time since last: 1000142500 ns, Reaching safepoint: 281700 ns, At safepoint: 45100 ns, Total: 326800 ns
[2022-12-13T06:31:38.440+0000][151028][gc,start    ] GC(224) Pause Young (Concurrent Start) (G1 Humongous Allocation)
[2022-12-13T06:31:38.440+0000][151028][gc,task     ] GC(224) Using 10 workers of 10 for evacuation
[2022-12-13T06:31:38.440+0000][151028][gc,age      ] GC(224) Desired survivor size 281018368 bytes, new threshold 15 (max threshold 15)
[2022-12-13T06:31:38.480+0000][151028][gc,phases   ] GC(224)   Pre Evacuate Collection Set: 1.0ms
[2022-12-13T06:31:38.480+0000][151028][gc,phases   ] GC(224)   Merge Heap Roots: 0.3ms
[2022-12-13T06:31:38.480+0000][151028][gc,phases   ] GC(224)   Evacuate Collection Set: 22.6ms
[2022-12-13T06:31:38.480+0000][151028][gc,phases   ] GC(224)   Post Evacuate Collection Set: 16.4ms
[2022-12-13T06:31:38.480+0000][151028][gc,phases   ] GC(224)   Other: 0.2ms
[2022-12-13T06:31:38.480+0000][151028][gc,age      ] GC(224) Age table with threshold 15 (max threshold 15)
[2022-12-13T06:31:38.480+0000][151028][gc,age      ] GC(224) - age   1:   56889424 bytes,   56889424 total
[2022-12-13T06:31:38.480+0000][151028][gc,age      ] GC(224) - age   2:   25395784 bytes,   82285208 total
[2022-12-13T06:31:38.480+0000][151028][gc,age      ] GC(224) - age   3:   34506104 bytes,  116791312 total
[2022-12-13T06:31:38.480+0000][151028][gc,age      ] GC(224) - age   4:    1261520 bytes,  118052832 total
[2022-12-13T06:31:38.480+0000][151028][gc,age      ] GC(224) - age   5:       8256 bytes,  118061088 total
[2022-12-13T06:31:38.480+0000][151028][gc,age      ] GC(224) - age   6:      64696 bytes,  118125784 total
[2022-12-13T06:31:38.481+0000][151028][gc,age      ] GC(224) - age   7:      47552 bytes,  118173336 total
[2022-12-13T06:31:38.481+0000][151028][gc,age      ] GC(224) - age   8:      39392 bytes,  118212728 total
[2022-12-13T06:31:38.481+0000][151028][gc,age      ] GC(224) - age   9:      29776 bytes,  118242504 total
[2022-12-13T06:31:38.481+0000][151028][gc,age      ] GC(224) - age  10:    1079112 bytes,  119321616 total
[2022-12-13T06:31:38.481+0000][151028][gc,age      ] GC(224) - age  11:       4064 bytes,  119325680 total
[2022-12-13T06:31:38.481+0000][151028][gc,age      ] GC(224) - age  12:      72112 bytes,  119397792 total
[2022-12-13T06:31:38.481+0000][151028][gc,age      ] GC(224) - age  13:       4576 bytes,  119402368 total
[2022-12-13T06:31:38.481+0000][151028][gc,age      ] GC(224) - age  14:     217040 bytes,  119619408 total
[2022-12-13T06:31:38.481+0000][151028][gc,age      ] GC(224) - age  15:      17640 bytes,  119637048 total
[2022-12-13T06:31:38.481+0000][151028][gc,heap     ] GC(224) Eden regions: 347->0(1067)
[2022-12-13T06:31:38.481+0000][151028][gc,heap     ] GC(224) Survivor regions: 24->31(134)
[2022-12-13T06:31:38.481+0000][151028][gc,heap     ] GC(224) Old regions: 452->452
[2022-12-13T06:31:38.481+0000][151028][gc,heap     ] GC(224) Archive regions: 2->2
[2022-12-13T06:31:38.481+0000][151028][gc,heap     ] GC(224) Humongous regions: 142->14
[2022-12-13T06:31:38.481+0000][151028][gc,metaspace] GC(224) Metaspace: 174967K(179584K)->174967K(179584K) NonClass: 153433K(155968K)->153433K(155968K) Class: 21534K(23616K)->21534K(23616K)
[2022-12-13T06:31:38.481+0000][151028][gc          ] GC(224) Pause Young (Concurrent Start) (G1 Humongous Allocation) 3862M->1988M(7992M) 40.942ms
[2022-12-13T06:31:38.481+0000][151028][gc          ] GC(225) Concurrent Undo Cycle
[2022-12-13T06:31:38.481+0000][151028][gc,cpu      ] GC(224) User=0.32s Sys=0.01s Real=0.04s
[2022-12-13T06:31:38.481+0000][151028][gc,marking  ] GC(225) Concurrent Cleanup for Next Mark
[2022-12-13T06:31:38.481+0000][151028][safepoint   ] Safepoint "G1TryInitiateConcMark", Time since last: 439980000 ns, Reaching safepoint: 285500 ns, At safepoint: 41287600 ns, Total: 41573100 ns
[2022-12-13T06:31:38.482+0000][151028][gc,marking  ] GC(225) Concurrent Cleanup for Next Mark 0.682ms
[2022-12-13T06:31:38.482+0000][151028][gc          ] GC(225) Concurrent Undo Cycle 0.802ms
[2022-12-13T06:31:39.355+0000][151028][gc,start    ] GC(226) Pause Young (Concurrent Start) (G1 Humongous Allocation)
[2022-12-13T06:31:39.355+0000][151028][gc,task     ] GC(226) Using 10 workers of 10 for evacuation
[2022-12-13T06:31:39.355+0000][151028][gc,age      ] GC(226) Desired survivor size 289406976 bytes, new threshold 15 (max threshold 15)
[2022-12-13T06:31:39.389+0000][151028][gc,phases   ] GC(226)   Pre Evacuate Collection Set: 0.8ms
[2022-12-13T06:31:39.389+0000][151028][gc,phases   ] GC(226)   Merge Heap Roots: 0.2ms
[2022-12-13T06:31:39.389+0000][151028][gc,phases   ] GC(226)   Evacuate Collection Set: 25.4ms
[2022-12-13T06:31:39.389+0000][151028][gc,phases   ] GC(226)   Post Evacuate Collection Set: 7.1ms
[2022-12-13T06:31:39.389+0000][151028][gc,phases   ] GC(226)   Other: 0.2ms
[2022-12-13T06:31:39.389+0000][151028][gc,age      ] GC(226) Age table with threshold 15 (max threshold 15)
[2022-12-13T06:31:39.389+0000][151028][gc,age      ] GC(226) - age   1:   29301896 bytes,   29301896 total
[2022-12-13T06:31:39.389+0000][151028][gc,age      ] GC(226) - age   2:   20747400 bytes,   50049296 total
[2022-12-13T06:31:39.389+0000][151028][gc,age      ] GC(226) - age   3:   14329536 bytes,   64378832 total
[2022-12-13T06:31:39.389+0000][151028][gc,age      ] GC(226) - age   4:   34505472 bytes,   98884304 total
[2022-12-13T06:31:39.389+0000][151028][gc,age      ] GC(226) - age   5:    1258728 bytes,  100143032 total
[2022-12-13T06:31:39.389+0000][151028][gc,age      ] GC(226) - age   6:       7384 bytes,  100150416 total
[2022-12-13T06:31:39.389+0000][151028][gc,age      ] GC(226) - age   7:      64616 bytes,  100215032 total
[2022-12-13T06:31:39.389+0000][151028][gc,age      ] GC(226) - age   8:      29880 bytes,  100244912 total
[2022-12-13T06:31:39.389+0000][151028][gc,age      ] GC(226) - age   9:      38312 bytes,  100283224 total
[2022-12-13T06:31:39.389+0000][151028][gc,age      ] GC(226) - age  10:      28176 bytes,  100311400 total
[2022-12-13T06:31:39.389+0000][151028][gc,age      ] GC(226) - age  11:    1078952 bytes,  101390352 total
[2022-12-13T06:31:39.389+0000][151028][gc,age      ] GC(226) - age  12:       4064 bytes,  101394416 total
[2022-12-13T06:31:39.389+0000][151028][gc,age      ] GC(226) - age  13:      72112 bytes,  101466528 total
[2022-12-13T06:31:39.389+0000][151028][gc,age      ] GC(226) - age  14:       4576 bytes,  101471104 total
[2022-12-13T06:31:39.389+0000][151028][gc,age      ] GC(226) - age  15:     216872 bytes,  101687976 total
[2022-12-13T06:31:39.389+0000][151028][gc,heap     ] GC(226) Eden regions: 115->0(1083)
[2022-12-13T06:31:39.389+0000][151028][gc,heap     ] GC(226) Survivor regions: 31->27(138)
[2022-12-13T06:31:39.389+0000][151028][gc,heap     ] GC(226) Old regions: 452->452
[2022-12-13T06:31:39.389+0000][151028][gc,heap     ] GC(226) Archive regions: 2->2
[2022-12-13T06:31:39.389+0000][151028][gc,heap     ] GC(226) Humongous regions: 144->24
[2022-12-13T06:31:39.389+0000][151028][gc,metaspace] GC(226) Metaspace: 174967K(179584K)->174967K(179584K) NonClass: 153433K(155968K)->153433K(155968K) Class: 21534K(23616K)->21534K(23616K)
[2022-12-13T06:31:39.389+0000][151028][gc          ] GC(226) Pause Young (Concurrent Start) (G1 Humongous Allocation) 2966M->2014M(7992M) 34.143ms
[2022-12-13T06:31:39.389+0000][151028][gc          ] GC(227) Concurrent Undo Cycle
[2022-12-13T06:31:39.389+0000][151028][gc,cpu      ] GC(226) User=0.29s Sys=0.01s Real=0.03s
[2022-12-13T06:31:39.389+0000][151028][gc,marking  ] GC(227) Concurrent Cleanup for Next Mark
[2022-12-13T06:31:39.389+0000][151028][safepoint   ] Safepoint "G1TryInitiateConcMark", Time since last: 873716600 ns, Reaching safepoint: 271900 ns, At safepoint: 34402100 ns, Total: 34674000 ns
[2022-12-13T06:31:39.390+0000][151028][gc,marking  ] GC(227) Concurrent Cleanup for Next Mark 0.875ms
[2022-12-13T06:31:39.390+0000][151028][gc          ] GC(227) Concurrent Undo Cycle 1.050ms
[2022-12-13T06:31:40.336+0000][151028][gc,start    ] GC(228) Pause Young (Concurrent Start) (G1 Humongous Allocation)
[2022-12-13T06:31:40.336+0000][151028][gc,task     ] GC(228) Using 10 workers of 10 for evacuation
[2022-12-13T06:31:40.336+0000][151028][gc,age      ] GC(228) Desired survivor size 291504128 bytes, new threshold 15 (max threshold 15)
[2022-12-13T06:31:40.373+0000][151028][gc,phases   ] GC(228)   Pre Evacuate Collection Set: 0.9ms
[2022-12-13T06:31:40.373+0000][151028][gc,phases   ] GC(228)   Merge Heap Roots: 0.2ms
[2022-12-13T06:31:40.373+0000][151028][gc,phases   ] GC(228)   Evacuate Collection Set: 21.0ms
[2022-12-13T06:31:40.373+0000][151028][gc,phases   ] GC(228)   Post Evacuate Collection Set: 14.7ms
[2022-12-13T06:31:40.373+0000][151028][gc,phases   ] GC(228)   Other: 0.2ms
[2022-12-13T06:31:40.373+0000][151028][gc,age      ] GC(228) Age table with threshold 15 (max threshold 15)
[2022-12-13T06:31:40.373+0000][151028][gc,age      ] GC(228) - age   1:   50288416 bytes,   50288416 total
[2022-12-13T06:31:40.373+0000][151028][gc,age      ] GC(228) - age   2:    4486176 bytes,   54774592 total
[2022-12-13T06:31:40.373+0000][151028][gc,age      ] GC(228) - age   3:    2559704 bytes,   57334296 total
[2022-12-13T06:31:40.373+0000][151028][gc,age      ] GC(228) - age   4:    1700952 bytes,   59035248 total
[2022-12-13T06:31:40.373+0000][151028][gc,age      ] GC(228) - age   5:   11330368 bytes,   70365616 total
[2022-12-13T06:31:40.373+0000][151028][gc,age      ] GC(228) - age   6:    1112768 bytes,   71478384 total
[2022-12-13T06:31:40.373+0000][151028][gc,age      ] GC(228) - age   7:       7344 bytes,   71485728 total
[2022-12-13T06:31:40.373+0000][151028][gc,age      ] GC(228) - age   8:      64616 bytes,   71550344 total
[2022-12-13T06:31:40.373+0000][151028][gc,age      ] GC(228) - age   9:      29240 bytes,   71579584 total
[2022-12-13T06:31:40.373+0000][151028][gc,age      ] GC(228) - age  10:      38312 bytes,   71617896 total
[2022-12-13T06:31:40.373+0000][151028][gc,age      ] GC(228) - age  11:      28176 bytes,   71646072 total
[2022-12-13T06:31:40.373+0000][151028][gc,age      ] GC(228) - age  12:    1078832 bytes,   72724904 total
[2022-12-13T06:31:40.373+0000][151028][gc,age      ] GC(228) - age  13:       4064 bytes,   72728968 total
[2022-12-13T06:31:40.373+0000][151028][gc,age      ] GC(228) - age  14:      72112 bytes,   72801080 total
[2022-12-13T06:31:40.373+0000][151028][gc,age      ] GC(228) - age  15:       4576 bytes,   72805656 total
[2022-12-13T06:31:40.373+0000][151028][gc,heap     ] GC(228) Eden regions: 160->0(1089)
[2022-12-13T06:31:40.373+0000][151028][gc,heap     ] GC(228) Survivor regions: 27->20(139)
[2022-12-13T06:31:40.373+0000][151028][gc,heap     ] GC(228) Old regions: 452->452
[2022-12-13T06:31:40.373+0000][151028][gc,heap     ] GC(228) Archive regions: 2->2
[2022-12-13T06:31:40.373+0000][151028][gc,heap     ] GC(228) Humongous regions: 138->13
[2022-12-13T06:31:40.373+0000][151028][gc,metaspace] GC(228) Metaspace: 174973K(179584K)->174973K(179584K) NonClass: 153439K(155968K)->153439K(155968K) Class: 21534K(23616K)->21534K(23616K)
[2022-12-13T06:31:40.373+0000][151028][gc          ] GC(228) Pause Young (Concurrent Start) (G1 Humongous Allocation) 3107M->1943M(7992M) 37.346ms
[2022-12-13T06:31:40.373+0000][151028][gc          ] GC(229) Concurrent Undo Cycle
[2022-12-13T06:31:40.373+0000][151028][gc,cpu      ] GC(228) User=0.31s Sys=0.01s Real=0.04s
[2022-12-13T06:31:40.374+0000][151028][gc,marking  ] GC(229) Concurrent Cleanup for Next Mark
[2022-12-13T06:31:40.374+0000][151028][safepoint   ] Safepoint "G1TryInitiateConcMark", Time since last: 946318000 ns, Reaching safepoint: 301200 ns, At safepoint: 37738500 ns, Total: 38039700 ns
[2022-12-13T06:31:40.374+0000][151028][gc,marking  ] GC(229) Concurrent Cleanup for Next Mark 0.900ms
[2022-12-13T06:31:40.375+0000][151028][gc          ] GC(229) Concurrent Undo Cycle 1.035ms
[2022-12-13T06:31:41.668+0000][151028][safepoint   ] Safepoint "Cleanup", Time since last: 1294098100 ns, Reaching safepoint: 361800 ns, At safepoint: 136700 ns, Total: 498500 ns
[2022-12-13T06:31:42.066+0000][151028][gc,start    ] GC(230) Pause Young (Concurrent Start) (G1 Humongous Allocation)
[2022-12-13T06:31:42.066+0000][151028][gc,task     ] GC(230) Using 10 workers of 10 for evacuation
[2022-12-13T06:31:42.066+0000][151028][gc,age      ] GC(230) Desired survivor size 291504128 bytes, new threshold 15 (max threshold 15)
[2022-12-13T06:31:42.109+0000][151028][gc,phases   ] GC(230)   Pre Evacuate Collection Set: 0.9ms
[2022-12-13T06:31:42.109+0000][151028][gc,phases   ] GC(230)   Merge Heap Roots: 0.3ms
[2022-12-13T06:31:42.109+0000][151028][gc,phases   ] GC(230)   Evacuate Collection Set: 13.9ms
[2022-12-13T06:31:42.109+0000][151028][gc,phases   ] GC(230)   Post Evacuate Collection Set: 26.9ms
[2022-12-13T06:31:42.109+0000][151028][gc,phases   ] GC(230)   Other: 0.2ms
[2022-12-13T06:31:42.109+0000][151028][gc,age      ] GC(230) Age table with threshold 15 (max threshold 15)
[2022-12-13T06:31:42.109+0000][151028][gc,age      ] GC(230) - age   1:   70815808 bytes,   70815808 total
[2022-12-13T06:31:42.109+0000][151028][gc,age      ] GC(230) - age   2:   21347216 bytes,   92163024 total
[2022-12-13T06:31:42.109+0000][151028][gc,age      ] GC(230) - age   3:      70008 bytes,   92233032 total
[2022-12-13T06:31:42.109+0000][151028][gc,age      ] GC(230) - age   4:     330304 bytes,   92563336 total
[2022-12-13T06:31:42.109+0000][151028][gc,age      ] GC(230) - age   5:     182184 bytes,   92745520 total
[2022-12-13T06:31:42.109+0000][151028][gc,age      ] GC(230) - age   6:    1054912 bytes,   93800432 total
[2022-12-13T06:31:42.109+0000][151028][gc,age      ] GC(230) - age   7:    1070592 bytes,   94871024 total
[2022-12-13T06:31:42.109+0000][151028][gc,age      ] GC(230) - age   8:       6008 bytes,   94877032 total
[2022-12-13T06:31:42.109+0000][151028][gc,age      ] GC(230) - age   9:      64416 bytes,   94941448 total
[2022-12-13T06:31:42.109+0000][151028][gc,age      ] GC(230) - age  10:      29080 bytes,   94970528 total
[2022-12-13T06:31:42.109+0000][151028][gc,age      ] GC(230) - age  11:      37936 bytes,   95008464 total
[2022-12-13T06:31:42.109+0000][151028][gc,age      ] GC(230) - age  12:      27656 bytes,   95036120 total
[2022-12-13T06:31:42.109+0000][151028][gc,age      ] GC(230) - age  13:    1078288 bytes,   96114408 total
[2022-12-13T06:31:42.109+0000][151028][gc,age      ] GC(230) - age  14:       4064 bytes,   96118472 total
[2022-12-13T06:31:42.109+0000][151028][gc,age      ] GC(230) - age  15:      72064 bytes,   96190536 total
[2022-12-13T06:31:42.109+0000][151028][gc,heap     ] GC(230) Eden regions: 292->0(1090)
[2022-12-13T06:31:42.109+0000][151028][gc,heap     ] GC(230) Survivor regions: 20->26(139)
[2022-12-13T06:31:42.109+0000][151028][gc,heap     ] GC(230) Old regions: 452->452
[2022-12-13T06:31:42.109+0000][151028][gc,heap     ] GC(230) Archive regions: 2->2
[2022-12-13T06:31:42.109+0000][151028][gc,heap     ] GC(230) Humongous regions: 124->13
[2022-12-13T06:31:42.109+0000][151028][gc,metaspace] GC(230) Metaspace: 175066K(179712K)->175066K(179712K) NonClass: 153531K(156096K)->153531K(156096K) Class: 21534K(23616K)->21534K(23616K)
[2022-12-13T06:31:42.109+0000][151028][gc          ] GC(230) Pause Young (Concurrent Start) (G1 Humongous Allocation) 3553M->1964M(7992M) 42.587ms
[2022-12-13T06:31:42.109+0000][151028][gc          ] GC(231) Concurrent Undo Cycle
[2022-12-13T06:31:42.109+0000][151028][gc,cpu      ] GC(230) User=0.33s Sys=0.00s Real=0.04s
[2022-12-13T06:31:42.109+0000][151028][gc,marking  ] GC(231) Concurrent Cleanup for Next Mark
[2022-12-13T06:31:42.109+0000][151028][safepoint   ] Safepoint "G1TryInitiateConcMark", Time since last: 397740100 ns, Reaching safepoint: 212400 ns, At safepoint: 42976800 ns, Total: 43189200 ns
[2022-12-13T06:31:42.110+0000][151028][gc,marking  ] GC(231) Concurrent Cleanup for Next Mark 0.970ms
[2022-12-13T06:31:42.110+0000][151028][gc          ] GC(231) Concurrent Undo Cycle 1.135ms
[2022-12-13T06:31:42.940+0000][151028][gc,start    ] GC(232) Pause Young (Concurrent Start) (G1 Humongous Allocation)
[2022-12-13T06:31:42.940+0000][151028][gc,task     ] GC(232) Using 10 workers of 10 for evacuation
[2022-12-13T06:31:42.940+0000][151028][gc,age      ] GC(232) Desired survivor size 293601280 bytes, new threshold 15 (max threshold 15)
[2022-12-13T06:31:42.968+0000][151028][gc,phases   ] GC(232)   Pre Evacuate Collection Set: 0.8ms
[2022-12-13T06:31:42.968+0000][151028][gc,phases   ] GC(232)   Merge Heap Roots: 0.3ms
[2022-12-13T06:31:42.968+0000][151028][gc,phases   ] GC(232)   Evacuate Collection Set: 5.8ms
[2022-12-13T06:31:42.968+0000][151028][gc,phases   ] GC(232)   Post Evacuate Collection Set: 20.3ms
[2022-12-13T06:31:42.968+0000][151028][gc,phases   ] GC(232)   Other: 0.2ms
[2022-12-13T06:31:42.968+0000][151028][gc,age      ] GC(232) Age table with threshold 15 (max threshold 15)
[2022-12-13T06:31:42.968+0000][151028][gc,age      ] GC(232) - age   1:   25364648 bytes,   25364648 total
[2022-12-13T06:31:42.968+0000][151028][gc,age      ] GC(232) - age   2:    6666856 bytes,   32031504 total
[2022-12-13T06:31:42.968+0000][151028][gc,age      ] GC(232) - age   3:     103048 bytes,   32134552 total
[2022-12-13T06:31:42.968+0000][151028][gc,age      ] GC(232) - age   4:      68056 bytes,   32202608 total
[2022-12-13T06:31:42.968+0000][151028][gc,age      ] GC(232) - age   5:     243488 bytes,   32446096 total
[2022-12-13T06:31:42.968+0000][151028][gc,age      ] GC(232) - age   6:     179424 bytes,   32625520 total
[2022-12-13T06:31:42.968+0000][151028][gc,age      ] GC(232) - age   7:    1054312 bytes,   33679832 total
[2022-12-13T06:31:42.968+0000][151028][gc,age      ] GC(232) - age   8:    1068632 bytes,   34748464 total
[2022-12-13T06:31:42.968+0000][151028][gc,age      ] GC(232) - age   9:       5968 bytes,   34754432 total
[2022-12-13T06:31:42.968+0000][151028][gc,age      ] GC(232) - age  10:      64416 bytes,   34818848 total
[2022-12-13T06:31:42.968+0000][151028][gc,age      ] GC(232) - age  11:      29080 bytes,   34847928 total
[2022-12-13T06:31:42.968+0000][151028][gc,age      ] GC(232) - age  12:      21496 bytes,   34869424 total
[2022-12-13T06:31:42.968+0000][151028][gc,age      ] GC(232) - age  13:      27656 bytes,   34897080 total
[2022-12-13T06:31:42.968+0000][151028][gc,age      ] GC(232) - age  14:    1078288 bytes,   35975368 total
[2022-12-13T06:31:42.968+0000][151028][gc,age      ] GC(232) - age  15:       4064 bytes,   35979432 total
[2022-12-13T06:31:42.968+0000][151028][gc,heap     ] GC(232) Eden regions: 111->0(1127)
[2022-12-13T06:31:42.968+0000][151028][gc,heap     ] GC(232) Survivor regions: 26->10(140)
[2022-12-13T06:31:42.968+0000][151028][gc,heap     ] GC(232) Old regions: 452->452
[2022-12-13T06:31:42.968+0000][151028][gc,heap     ] GC(232) Archive regions: 2->2
[2022-12-13T06:31:42.968+0000][151028][gc,heap     ] GC(232) Humongous regions: 116->8
[2022-12-13T06:31:42.968+0000][151028][gc,metaspace] GC(232) Metaspace: 175071K(179712K)->175071K(179712K) NonClass: 153535K(156096K)->153535K(156096K) Class: 21535K(23616K)->21535K(23616K)
[2022-12-13T06:31:42.968+0000][151028][gc          ] GC(232) Pause Young (Concurrent Start) (G1 Humongous Allocation) 2817M->1882M(7992M) 27.816ms
[2022-12-13T06:31:42.968+0000][151028][gc          ] GC(233) Concurrent Undo Cycle
[2022-12-13T06:31:42.968+0000][151028][gc,cpu      ] GC(232) User=0.13s Sys=0.01s Real=0.02s
[2022-12-13T06:31:42.968+0000][151028][gc,marking  ] GC(233) Concurrent Cleanup for Next Mark
[2022-12-13T06:31:42.968+0000][151028][safepoint   ] Safepoint "G1TryInitiateConcMark", Time since last: 830569400 ns, Reaching safepoint: 271500 ns, At safepoint: 28128100 ns, Total: 28399600 ns
[2022-12-13T06:31:42.969+0000][151028][gc,marking  ] GC(233) Concurrent Cleanup for Next Mark 0.833ms
[2022-12-13T06:31:42.969+0000][151028][gc          ] GC(233) Concurrent Undo Cycle 1.050ms
[2022-12-13T06:31:43.969+0000][151028][safepoint   ] Safepoint "Cleanup", Time since last: 1000150200 ns, Reaching safepoint: 387900 ns, At safepoint: 57400 ns, Total: 445300 ns
[2022-12-13T06:31:44.969+0000][151028][safepoint   ] Safepoint "Cleanup", Time since last: 1000162200 ns, Reaching safepoint: 384400 ns, At safepoint: 80300 ns, Total: 464700 ns
[2022-12-13T06:31:45.970+0000][151028][safepoint   ] Safepoint "Cleanup", Time since last: 1000152900 ns, Reaching safepoint: 286500 ns, At safepoint: 72800 ns, Total: 359300 ns
[2022-12-13T06:31:46.970+0000][151028][safepoint   ] Safepoint "Cleanup", Time since last: 1000147600 ns, Reaching safepoint: 228600 ns, At safepoint: 27900 ns, Total: 256500 ns
[2022-12-13T06:31:47.784+0000][151028][gc,start    ] GC(234) Pause Young (Concurrent Start) (G1 Humongous Allocation)
[2022-12-13T06:31:47.784+0000][151028][gc,task     ] GC(234) Using 10 workers of 10 for evacuation
[2022-12-13T06:31:47.784+0000][151028][gc,age      ] GC(234) Desired survivor size 299892736 bytes, new threshold 15 (max threshold 15)
[2022-12-13T06:31:47.818+0000][151028][gc,phases   ] GC(234)   Pre Evacuate Collection Set: 1.0ms
[2022-12-13T06:31:47.818+0000][151028][gc,phases   ] GC(234)   Merge Heap Roots: 0.2ms
[2022-12-13T06:31:47.818+0000][151028][gc,phases   ] GC(234)   Evacuate Collection Set: 3.7ms
[2022-12-13T06:31:47.818+0000][151028][gc,phases   ] GC(234)   Post Evacuate Collection Set: 28.4ms
[2022-12-13T06:31:47.818+0000][151028][gc,phases   ] GC(234)   Other: 0.2ms
[2022-12-13T06:31:47.818+0000][151028][gc,age      ] GC(234) Age table with threshold 15 (max threshold 15)
[2022-12-13T06:31:47.818+0000][151028][gc,age      ] GC(234) - age   1:   87829864 bytes,   87829864 total
[2022-12-13T06:31:47.818+0000][151028][gc,age      ] GC(234) - age   2:    2727928 bytes,   90557792 total
[2022-12-13T06:31:47.818+0000][151028][gc,age      ] GC(234) - age   3:     542824 bytes,   91100616 total
[2022-12-13T06:31:47.818+0000][151028][gc,age      ] GC(234) - age   4:      75816 bytes,   91176432 total
[2022-12-13T06:31:47.818+0000][151028][gc,age      ] GC(234) - age   5:      57896 bytes,   91234328 total
[2022-12-13T06:31:47.818+0000][151028][gc,age      ] GC(234) - age   6:     196304 bytes,   91430632 total
[2022-12-13T06:31:47.818+0000][151028][gc,age      ] GC(234) - age   7:     178744 bytes,   91609376 total
[2022-12-13T06:31:47.818+0000][151028][gc,age      ] GC(234) - age   8:    1051024 bytes,   92660400 total
[2022-12-13T06:31:47.818+0000][151028][gc,age      ] GC(234) - age   9:      15648 bytes,   92676048 total
[2022-12-13T06:31:47.818+0000][151028][gc,age      ] GC(234) - age  10:       5624 bytes,   92681672 total
[2022-12-13T06:31:47.818+0000][151028][gc,age      ] GC(234) - age  11:      64416 bytes,   92746088 total
[2022-12-13T06:31:47.818+0000][151028][gc,age      ] GC(234) - age  12:      27080 bytes,   92773168 total
[2022-12-13T06:31:47.818+0000][151028][gc,age      ] GC(234) - age  13:      20848 bytes,   92794016 total
[2022-12-13T06:31:47.818+0000][151028][gc,age      ] GC(234) - age  14:      27616 bytes,   92821632 total
[2022-12-13T06:31:47.818+0000][151028][gc,age      ] GC(234) - age  15:    1078248 bytes,   93899880 total
[2022-12-13T06:31:47.818+0000][151028][gc,heap     ] GC(234) Eden regions: 540->0(1108)
[2022-12-13T06:31:47.818+0000][151028][gc,heap     ] GC(234) Survivor regions: 10->24(143)
[2022-12-13T06:31:47.818+0000][151028][gc,heap     ] GC(234) Old regions: 452->452
[2022-12-13T06:31:47.818+0000][151028][gc,heap     ] GC(234) Archive regions: 2->2
[2022-12-13T06:31:47.818+0000][151028][gc,heap     ] GC(234) Humongous regions: 144->15
[2022-12-13T06:31:47.818+0000][151028][gc,metaspace] GC(234) Metaspace: 175177K(179776K)->175177K(179776K) NonClass: 153629K(156160K)->153629K(156160K) Class: 21547K(23616K)->21547K(23616K)
[2022-12-13T06:31:47.818+0000][151028][gc          ] GC(234) Pause Young (Concurrent Start) (G1 Humongous Allocation) 4585M->1966M(7992M) 34.075ms
[2022-12-13T06:31:47.819+0000][151028][gc,cpu      ] GC(234) User=0.30s Sys=0.01s Real=0.04s
[2022-12-13T06:31:47.819+0000][151028][gc          ] GC(235) Concurrent Undo Cycle
[2022-12-13T06:31:47.819+0000][151028][safepoint   ] Safepoint "G1TryInitiateConcMark", Time since last: 813512700 ns, Reaching safepoint: 376300 ns, At safepoint: 34356100 ns, Total: 34732400 ns
[2022-12-13T06:31:47.819+0000][151028][gc,marking  ] GC(235) Concurrent Cleanup for Next Mark
[2022-12-13T06:31:47.820+0000][151028][gc,marking  ] GC(235) Concurrent Cleanup for Next Mark 1.141ms
[2022-12-13T06:31:47.820+0000][151028][gc          ] GC(235) Concurrent Undo Cycle 1.319ms
[2022-12-13T06:31:48.819+0000][151028][safepoint   ] Safepoint "Cleanup", Time since last: 1000151200 ns, Reaching safepoint: 287500 ns, At safepoint: 53600 ns, Total: 341100 ns
[2022-12-13T06:31:50.688+0000][151028][safepoint   ] Safepoint "Cleanup", Time since last: 1868780400 ns, Reaching safepoint: 201600 ns, At safepoint: 12100 ns, Total: 213700 ns
[2022-12-13T06:31:52.186+0000][151028][gc,start    ] GC(236) Pause Young (Concurrent Start) (G1 Humongous Allocation)
[2022-12-13T06:31:52.186+0000][151028][gc,task     ] GC(236) Using 10 workers of 10 for evacuation
[2022-12-13T06:31:52.186+0000][151028][gc,age      ] GC(236) Desired survivor size 297795584 bytes, new threshold 15 (max threshold 15)
[2022-12-13T06:31:52.248+0000][151028][gc,phases   ] GC(236)   Pre Evacuate Collection Set: 0.9ms
[2022-12-13T06:31:52.248+0000][151028][gc,phases   ] GC(236)   Merge Heap Roots: 0.3ms
[2022-12-13T06:31:52.248+0000][151028][gc,phases   ] GC(236)   Evacuate Collection Set: 5.1ms
[2022-12-13T06:31:52.248+0000][151028][gc,phases   ] GC(236)   Post Evacuate Collection Set: 55.2ms
[2022-12-13T06:31:52.248+0000][151028][gc,phases   ] GC(236)   Other: 0.2ms
[2022-12-13T06:31:52.248+0000][151028][gc,age      ] GC(236) Age table with threshold 15 (max threshold 15)
[2022-12-13T06:31:52.248+0000][151028][gc,age      ] GC(236) - age   1:  165270952 bytes,  165270952 total
[2022-12-13T06:31:52.248+0000][151028][gc,age      ] GC(236) - age   2:     334424 bytes,  165605376 total
[2022-12-13T06:31:52.248+0000][151028][gc,age      ] GC(236) - age   3:     416528 bytes,  166021904 total
[2022-12-13T06:31:52.248+0000][151028][gc,age      ] GC(236) - age   4:     519624 bytes,  166541528 total
[2022-12-13T06:31:52.248+0000][151028][gc,age      ] GC(236) - age   5:      73496 bytes,  166615024 total
[2022-12-13T06:31:52.248+0000][151028][gc,age      ] GC(236) - age   6:      25056 bytes,  166640080 total
[2022-12-13T06:31:52.248+0000][151028][gc,age      ] GC(236) - age   7:     194032 bytes,  166834112 total
[2022-12-13T06:31:52.248+0000][151028][gc,age      ] GC(236) - age   8:     178704 bytes,  167012816 total
[2022-12-13T06:31:52.248+0000][151028][gc,age      ] GC(236) - age   9:    1034360 bytes,  168047176 total
[2022-12-13T06:31:52.248+0000][151028][gc,age      ] GC(236) - age  10:      15568 bytes,  168062744 total
[2022-12-13T06:31:52.248+0000][151028][gc,age      ] GC(236) - age  11:       5584 bytes,  168068328 total
[2022-12-13T06:31:52.248+0000][151028][gc,age      ] GC(236) - age  12:      64376 bytes,  168132704 total
[2022-12-13T06:31:52.248+0000][151028][gc,age      ] GC(236) - age  13:      26120 bytes,  168158824 total
[2022-12-13T06:31:52.248+0000][151028][gc,age      ] GC(236) - age  14:      20792 bytes,  168179616 total
[2022-12-13T06:31:52.248+0000][151028][gc,age      ] GC(236) - age  15:      27616 bytes,  168207232 total
[2022-12-13T06:31:52.248+0000][151028][gc,heap     ] GC(236) Eden regions: 634->0(1077)
[2022-12-13T06:31:52.248+0000][151028][gc,heap     ] GC(236) Survivor regions: 24->42(142)
[2022-12-13T06:31:52.248+0000][151028][gc,heap     ] GC(236) Old regions: 452->453
[2022-12-13T06:31:52.248+0000][151028][gc,heap     ] GC(236) Archive regions: 2->2
[2022-12-13T06:31:52.248+0000][151028][gc,heap     ] GC(236) Humongous regions: 145->12
[2022-12-13T06:31:52.248+0000][151028][gc,metaspace] GC(236) Metaspace: 175336K(179904K)->175336K(179904K) NonClass: 153780K(156288K)->153780K(156288K) Class: 21556K(23616K)->21556K(23616K)
[2022-12-13T06:31:52.248+0000][151028][gc          ] GC(236) Pause Young (Concurrent Start) (G1 Humongous Allocation) 5019M->2027M(7992M) 62.127ms
[2022-12-13T06:31:52.248+0000][151028][gc          ] GC(237) Concurrent Undo Cycle
[2022-12-13T06:31:52.248+0000][151028][gc,cpu      ] GC(236) User=0.59s Sys=0.00s Real=0.06s
[2022-12-13T06:31:52.249+0000][151028][gc,marking  ] GC(237) Concurrent Cleanup for Next Mark
[2022-12-13T06:31:52.249+0000][151028][safepoint   ] Safepoint "G1TryInitiateConcMark", Time since last: 1497819100 ns, Reaching safepoint: 245500 ns, At safepoint: 62385700 ns, Total: 62631200 ns
[2022-12-13T06:31:52.249+0000][151028][gc,marking  ] GC(237) Concurrent Cleanup for Next Mark 0.815ms
[2022-12-13T06:31:52.249+0000][151028][gc          ] GC(237) Concurrent Undo Cycle 0.944ms
[2022-12-13T06:31:53.249+0000][151028][safepoint   ] Safepoint "Cleanup", Time since last: 1000131600 ns, Reaching safepoint: 295500 ns, At safepoint: 46400 ns, Total: 341900 ns
[2022-12-13T06:31:54.010+0000][151028][gc,start    ] GC(238) Pause Young (Concurrent Start) (G1 Humongous Allocation)
[2022-12-13T06:31:54.010+0000][151028][gc,task     ] GC(238) Using 10 workers of 10 for evacuation
[2022-12-13T06:31:54.010+0000][151028][gc,age      ] GC(238) Desired survivor size 293601280 bytes, new threshold 15 (max threshold 15)
[2022-12-13T06:31:54.029+0000][151028][gc,phases   ] GC(238)   Pre Evacuate Collection Set: 1.0ms
[2022-12-13T06:31:54.029+0000][151028][gc,phases   ] GC(238)   Merge Heap Roots: 0.2ms
[2022-12-13T06:31:54.029+0000][151028][gc,phases   ] GC(238)   Evacuate Collection Set: 3.8ms
[2022-12-13T06:31:54.029+0000][151028][gc,phases   ] GC(238)   Post Evacuate Collection Set: 13.4ms
[2022-12-13T06:31:54.029+0000][151028][gc,phases   ] GC(238)   Other: 0.2ms
[2022-12-13T06:31:54.029+0000][151028][gc,age      ] GC(238) Age table with threshold 15 (max threshold 15)
[2022-12-13T06:31:54.029+0000][151028][gc,age      ] GC(238) - age   1:   34218000 bytes,   34218000 total
[2022-12-13T06:31:54.029+0000][151028][gc,age      ] GC(238) - age   2:    1782136 bytes,   36000136 total
[2022-12-13T06:31:54.029+0000][151028][gc,age      ] GC(238) - age   3:     320424 bytes,   36320560 total
[2022-12-13T06:31:54.029+0000][151028][gc,age      ] GC(238) - age   4:     416488 bytes,   36737048 total
[2022-12-13T06:31:54.029+0000][151028][gc,age      ] GC(238) - age   5:     518584 bytes,   37255632 total
[2022-12-13T06:31:54.029+0000][151028][gc,age      ] GC(238) - age   6:      73128 bytes,   37328760 total
[2022-12-13T06:31:54.029+0000][151028][gc,age      ] GC(238) - age   7:      25016 bytes,   37353776 total
[2022-12-13T06:31:54.029+0000][151028][gc,age      ] GC(238) - age   8:     193592 bytes,   37547368 total
[2022-12-13T06:31:54.029+0000][151028][gc,age      ] GC(238) - age   9:     178264 bytes,   37725632 total
[2022-12-13T06:31:54.029+0000][151028][gc,age      ] GC(238) - age  10:    1032480 bytes,   38758112 total
[2022-12-13T06:31:54.029+0000][151028][gc,age      ] GC(238) - age  11:      15368 bytes,   38773480 total
[2022-12-13T06:31:54.029+0000][151028][gc,age      ] GC(238) - age  12:       4024 bytes,   38777504 total
[2022-12-13T06:31:54.029+0000][151028][gc,age      ] GC(238) - age  13:      63976 bytes,   38841480 total
[2022-12-13T06:31:54.029+0000][151028][gc,age      ] GC(238) - age  14:      25120 bytes,   38866600 total
[2022-12-13T06:31:54.029+0000][151028][gc,age      ] GC(238) - age  15:      20792 bytes,   38887392 total
[2022-12-13T06:31:54.029+0000][151028][gc,heap     ] GC(238) Eden regions: 180->0(1123)
[2022-12-13T06:31:54.029+0000][151028][gc,heap     ] GC(238) Survivor regions: 42->13(140)
[2022-12-13T06:31:54.029+0000][151028][gc,heap     ] GC(238) Old regions: 453->453
[2022-12-13T06:31:54.029+0000][151028][gc,heap     ] GC(238) Archive regions: 2->2
[2022-12-13T06:31:54.029+0000][151028][gc,heap     ] GC(238) Humongous regions: 139->8
[2022-12-13T06:31:54.029+0000][151028][gc,metaspace] GC(238) Metaspace: 175356K(179968K)->175356K(179968K) NonClass: 153799K(156352K)->153799K(156352K) Class: 21556K(23616K)->21556K(23616K)
[2022-12-13T06:31:54.029+0000][151028][gc          ] GC(238) Pause Young (Concurrent Start) (G1 Humongous Allocation) 3255M->1895M(7992M) 19.041ms
[2022-12-13T06:31:54.029+0000][151028][gc          ] GC(239) Concurrent Undo Cycle
[2022-12-13T06:31:54.029+0000][151028][gc,cpu      ] GC(238) User=0.12s Sys=0.01s Real=0.01s
[2022-12-13T06:31:54.029+0000][151028][gc,marking  ] GC(239) Concurrent Cleanup for Next Mark
[2022-12-13T06:31:54.029+0000][151028][safepoint   ] Safepoint "G1TryInitiateConcMark", Time since last: 760704100 ns, Reaching safepoint: 180000 ns, At safepoint: 19274700 ns, Total: 19454700 ns
[2022-12-13T06:31:54.030+0000][151028][gc,marking  ] GC(239) Concurrent Cleanup for Next Mark 0.693ms
[2022-12-13T06:31:54.030+0000][151028][gc          ] GC(239) Concurrent Undo Cycle 0.792ms
[2022-12-13T06:31:54.791+0000][151028][gc,start    ] GC(240) Pause Young (Concurrent Start) (G1 Humongous Allocation)
[2022-12-13T06:31:54.791+0000][151028][gc,task     ] GC(240) Using 10 workers of 10 for evacuation
[2022-12-13T06:31:54.791+0000][151028][gc,age      ] GC(240) Desired survivor size 297795584 bytes, new threshold 15 (max threshold 15)
[2022-12-13T06:31:54.805+0000][151028][gc,phases   ] GC(240)   Pre Evacuate Collection Set: 0.9ms
[2022-12-13T06:31:54.805+0000][151028][gc,phases   ] GC(240)   Merge Heap Roots: 0.5ms
[2022-12-13T06:31:54.805+0000][151028][gc,phases   ] GC(240)   Evacuate Collection Set: 8.9ms
[2022-12-13T06:31:54.805+0000][151028][gc,phases   ] GC(240)   Post Evacuate Collection Set: 3.3ms
[2022-12-13T06:31:54.805+0000][151028][gc,phases   ] GC(240)   Other: 0.2ms
[2022-12-13T06:31:54.805+0000][151028][gc,age      ] GC(240) Age table with threshold 15 (max threshold 15)
[2022-12-13T06:31:54.805+0000][151028][gc,age      ] GC(240) - age   1:   27171616 bytes,   27171616 total
[2022-12-13T06:31:54.805+0000][151028][gc,age      ] GC(240) - age   2:     540792 bytes,   27712408 total
[2022-12-13T06:31:54.805+0000][151028][gc,age      ] GC(240) - age   3:    1766408 bytes,   29478816 total
[2022-12-13T06:31:54.805+0000][151028][gc,age      ] GC(240) - age   4:     317848 bytes,   29796664 total
[2022-12-13T06:31:54.805+0000][151028][gc,age      ] GC(240) - age   5:     416488 bytes,   30213152 total
[2022-12-13T06:31:54.805+0000][151028][gc,age      ] GC(240) - age   6:     518544 bytes,   30731696 total
[2022-12-13T06:31:54.805+0000][151028][gc,age      ] GC(240) - age   7:      73128 bytes,   30804824 total
[2022-12-13T06:31:54.805+0000][151028][gc,age      ] GC(240) - age   8:      25016 bytes,   30829840 total
[2022-12-13T06:31:54.805+0000][151028][gc,age      ] GC(240) - age   9:     193592 bytes,   31023432 total
[2022-12-13T06:31:54.805+0000][151028][gc,age      ] GC(240) - age  10:     178264 bytes,   31201696 total
[2022-12-13T06:31:54.805+0000][151028][gc,age      ] GC(240) - age  11:    1032232 bytes,   32233928 total
[2022-12-13T06:31:54.805+0000][151028][gc,age      ] GC(240) - age  12:      15368 bytes,   32249296 total
[2022-12-13T06:31:54.805+0000][151028][gc,age      ] GC(240) - age  13:       4024 bytes,   32253320 total
[2022-12-13T06:31:54.805+0000][151028][gc,age      ] GC(240) - age  14:      63976 bytes,   32317296 total
[2022-12-13T06:31:54.805+0000][151028][gc,age      ] GC(240) - age  15:      25080 bytes,   32342376 total
[2022-12-13T06:31:54.805+0000][151028][gc,heap     ] GC(240) Eden regions: 53->0(1131)
[2022-12-13T06:31:54.805+0000][151028][gc,heap     ] GC(240) Survivor regions: 13->10(142)
[2022-12-13T06:31:54.805+0000][151028][gc,heap     ] GC(240) Old regions: 453->453
[2022-12-13T06:31:54.805+0000][151028][gc,heap     ] GC(240) Archive regions: 2->2
[2022-12-13T06:31:54.805+0000][151028][gc,heap     ] GC(240) Humongous regions: 128->16
[2022-12-13T06:31:54.805+0000][151028][gc,metaspace] GC(240) Metaspace: 175357K(179968K)->175357K(179968K) NonClass: 153800K(156352K)->153800K(156352K) Class: 21556K(23616K)->21556K(23616K)
[2022-12-13T06:31:54.805+0000][151028][gc          ] GC(240) Pause Young (Concurrent Start) (G1 Humongous Allocation) 2586M->1914M(7992M) 14.283ms
[2022-12-13T06:31:54.805+0000][151028][gc          ] GC(241) Concurrent Undo Cycle
[2022-12-13T06:31:54.805+0000][151028][gc,cpu      ] GC(240) User=0.10s Sys=0.01s Real=0.01s
[2022-12-13T06:31:54.805+0000][151028][gc,marking  ] GC(241) Concurrent Cleanup for Next Mark
[2022-12-13T06:31:54.806+0000][151028][safepoint   ] Safepoint "G1TryInitiateConcMark", Time since last: 761384600 ns, Reaching safepoint: 303200 ns, At safepoint: 14600000 ns, Total: 14903200 ns
[2022-12-13T06:31:54.807+0000][151028][gc,marking  ] GC(241) Concurrent Cleanup for Next Mark 1.232ms
[2022-12-13T06:31:54.807+0000][151028][gc          ] GC(241) Concurrent Undo Cycle 1.377ms
[2022-12-13T06:31:55.327+0000][151028][gc,start    ] GC(242) Pause Young (Concurrent Start) (G1 Humongous Allocation)
[2022-12-13T06:31:55.327+0000][151028][gc,task     ] GC(242) Using 10 workers of 10 for evacuation
[2022-12-13T06:31:55.327+0000][151028][gc,age      ] GC(242) Desired survivor size 299892736 bytes, new threshold 15 (max threshold 15)
[2022-12-13T06:31:55.336+0000][151028][gc,phases   ] GC(242)   Pre Evacuate Collection Set: 0.8ms
[2022-12-13T06:31:55.336+0000][151028][gc,phases   ] GC(242)   Merge Heap Roots: 0.2ms
[2022-12-13T06:31:55.336+0000][151028][gc,phases   ] GC(242)   Evacuate Collection Set: 4.7ms
[2022-12-13T06:31:55.336+0000][151028][gc,phases   ] GC(242)   Post Evacuate Collection Set: 3.2ms
[2022-12-13T06:31:55.336+0000][151028][gc,phases   ] GC(242)   Other: 0.2ms
[2022-12-13T06:31:55.336+0000][151028][gc,age      ] GC(242) Age table with threshold 15 (max threshold 15)
[2022-12-13T06:31:55.336+0000][151028][gc,age      ] GC(242) - age   1:    7202336 bytes,    7202336 total
[2022-12-13T06:31:55.336+0000][151028][gc,age      ] GC(242) - age   2:    3777848 bytes,   10980184 total
[2022-12-13T06:31:55.336+0000][151028][gc,age      ] GC(242) - age   3:     299528 bytes,   11279712 total
[2022-12-13T06:31:55.336+0000][151028][gc,age      ] GC(242) - age   4:    1761264 bytes,   13040976 total
[2022-12-13T06:31:55.336+0000][151028][gc,age      ] GC(242) - age   5:     314208 bytes,   13355184 total
[2022-12-13T06:31:55.336+0000][151028][gc,age      ] GC(242) - age   6:     416488 bytes,   13771672 total
[2022-12-13T06:31:55.336+0000][151028][gc,age      ] GC(242) - age   7:     518544 bytes,   14290216 total
[2022-12-13T06:31:55.336+0000][151028][gc,age      ] GC(242) - age   8:      73128 bytes,   14363344 total
[2022-12-13T06:31:55.336+0000][151028][gc,age      ] GC(242) - age   9:      25016 bytes,   14388360 total
[2022-12-13T06:31:55.336+0000][151028][gc,age      ] GC(242) - age  10:     191704 bytes,   14580064 total
[2022-12-13T06:31:55.336+0000][151028][gc,age      ] GC(242) - age  11:     178264 bytes,   14758328 total
[2022-12-13T06:31:55.336+0000][151028][gc,age      ] GC(242) - age  12:    1032232 bytes,   15790560 total
[2022-12-13T06:31:55.336+0000][151028][gc,age      ] GC(242) - age  13:      15368 bytes,   15805928 total
[2022-12-13T06:31:55.336+0000][151028][gc,age      ] GC(242) - age  14:       4024 bytes,   15809952 total
[2022-12-13T06:31:55.336+0000][151028][gc,age      ] GC(242) - age  15:      63976 bytes,   15873928 total
[2022-12-13T06:31:55.336+0000][151028][gc,heap     ] GC(242) Eden regions: 66->0(1020)
[2022-12-13T06:31:55.336+0000][151028][gc,heap     ] GC(242) Survivor regions: 10->5(143)
[2022-12-13T06:31:55.336+0000][151028][gc,heap     ] GC(242) Old regions: 453->453
[2022-12-13T06:31:55.336+0000][151028][gc,heap     ] GC(242) Archive regions: 2->2
[2022-12-13T06:31:55.336+0000][151028][gc,heap     ] GC(242) Humongous regions: 118->8
[2022-12-13T06:31:55.336+0000][151028][gc,metaspace] GC(242) Metaspace: 175359K(179968K)->175359K(179968K) NonClass: 153802K(156352K)->153802K(156352K) Class: 21556K(23616K)->21556K(23616K)
[2022-12-13T06:31:55.336+0000][151028][gc          ] GC(242) Pause Young (Concurrent Start) (G1 Humongous Allocation) 2582M->1862M(7992M) 9.523ms
[2022-12-13T06:31:55.336+0000][151028][gc,cpu      ] GC(242) User=0.06s Sys=0.01s Real=0.01s
[2022-12-13T06:31:55.336+0000][151028][safepoint   ] Safepoint "G1TryInitiateConcMark", Time since last: 520837900 ns, Reaching safepoint: 304400 ns, At safepoint: 9787200 ns, Total: 10091600 ns
[2022-12-13T06:31:55.336+0000][151028][gc          ] GC(243) Concurrent Undo Cycle
[2022-12-13T06:31:55.337+0000][151028][gc,marking  ] GC(243) Concurrent Cleanup for Next Mark
[2022-12-13T06:31:55.338+0000][151028][gc,marking  ] GC(243) Concurrent Cleanup for Next Mark 1.134ms
[2022-12-13T06:31:55.338+0000][151028][gc          ] GC(243) Concurrent Undo Cycle 1.309ms
[2022-12-13T06:31:56.323+0000][151028][gc,start    ] GC(244) Pause Young (Concurrent Start) (G1 Humongous Allocation)
[2022-12-13T06:31:56.323+0000][151028][gc,task     ] GC(244) Using 10 workers of 10 for evacuation
[2022-12-13T06:31:56.323+0000][151028][gc,age      ] GC(244) Desired survivor size 270532608 bytes, new threshold 15 (max threshold 15)
[2022-12-13T06:31:56.336+0000][151028][gc,phases   ] GC(244)   Pre Evacuate Collection Set: 1.2ms
[2022-12-13T06:31:56.336+0000][151028][gc,phases   ] GC(244)   Merge Heap Roots: 0.3ms
[2022-12-13T06:31:56.336+0000][151028][gc,phases   ] GC(244)   Evacuate Collection Set: 5.3ms
[2022-12-13T06:31:56.336+0000][151028][gc,phases   ] GC(244)   Post Evacuate Collection Set: 5.3ms
[2022-12-13T06:31:56.336+0000][151028][gc,phases   ] GC(244)   Other: 0.6ms
[2022-12-13T06:31:56.336+0000][151028][gc,age      ] GC(244) Age table with threshold 15 (max threshold 15)
[2022-12-13T06:31:56.336+0000][151028][gc,age      ] GC(244) - age   1:   17952856 bytes,   17952856 total
[2022-12-13T06:31:56.336+0000][151028][gc,age      ] GC(244) - age   2:     137496 bytes,   18090352 total
[2022-12-13T06:31:56.336+0000][151028][gc,age      ] GC(244) - age   3:     171536 bytes,   18261888 total
[2022-12-13T06:31:56.336+0000][151028][gc,age      ] GC(244) - age   4:     286696 bytes,   18548584 total
[2022-12-13T06:31:56.336+0000][151028][gc,age      ] GC(244) - age   5:    1663600 bytes,   20212184 total
[2022-12-13T06:31:56.336+0000][151028][gc,age      ] GC(244) - age   6:     312792 bytes,   20524976 total
[2022-12-13T06:31:56.336+0000][151028][gc,age      ] GC(244) - age   7:     416488 bytes,   20941464 total
[2022-12-13T06:31:56.336+0000][151028][gc,age      ] GC(244) - age   8:     518448 bytes,   21459912 total
[2022-12-13T06:31:56.336+0000][151028][gc,age      ] GC(244) - age   9:      72848 bytes,   21532760 total
[2022-12-13T06:31:56.336+0000][151028][gc,age      ] GC(244) - age  10:      24752 bytes,   21557512 total
[2022-12-13T06:31:56.336+0000][151028][gc,age      ] GC(244) - age  11:     191704 bytes,   21749216 total
[2022-12-13T06:31:56.336+0000][151028][gc,age      ] GC(244) - age  12:     178264 bytes,   21927480 total
[2022-12-13T06:31:56.336+0000][151028][gc,age      ] GC(244) - age  13:    1032232 bytes,   22959712 total
[2022-12-13T06:31:56.336+0000][151028][gc,age      ] GC(244) - age  14:      15368 bytes,   22975080 total
[2022-12-13T06:31:56.336+0000][151028][gc,age      ] GC(244) - age  15:       4024 bytes,   22979104 total
[2022-12-13T06:31:56.336+0000][151028][gc,heap     ] GC(244) Eden regions: 75->0(1055)
[2022-12-13T06:31:56.336+0000][151028][gc,heap     ] GC(244) Survivor regions: 5->7(129)
[2022-12-13T06:31:56.336+0000][151028][gc,heap     ] GC(244) Old regions: 453->453
[2022-12-13T06:31:56.336+0000][151028][gc,heap     ] GC(244) Archive regions: 2->2
[2022-12-13T06:31:56.336+0000][151028][gc,heap     ] GC(244) Humongous regions: 140->8
[2022-12-13T06:31:56.336+0000][151028][gc,metaspace] GC(244) Metaspace: 175359K(179968K)->175359K(179968K) NonClass: 153802K(156352K)->153802K(156352K) Class: 21556K(23616K)->21556K(23616K)
[2022-12-13T06:31:56.336+0000][151028][gc          ] GC(244) Pause Young (Concurrent Start) (G1 Humongous Allocation) 2689M->1870M(7992M) 13.110ms
[2022-12-13T06:31:56.336+0000][151028][gc,cpu      ] GC(244) User=0.08s Sys=0.00s Real=0.01s
[2022-12-13T06:31:56.337+0000][151028][safepoint   ] Safepoint "G1TryInitiateConcMark", Time since last: 986639900 ns, Reaching safepoint: 199400 ns, At safepoint: 13290400 ns, Total: 13489800 ns
[2022-12-13T06:31:56.337+0000][151028][gc          ] GC(245) Concurrent Undo Cycle
[2022-12-13T06:31:56.337+0000][151028][gc,marking  ] GC(245) Concurrent Cleanup for Next Mark
[2022-12-13T06:31:56.338+0000][151028][gc,marking  ] GC(245) Concurrent Cleanup for Next Mark 1.054ms
[2022-12-13T06:31:56.338+0000][151028][gc          ] GC(245) Concurrent Undo Cycle 1.192ms
[2022-12-13T06:31:56.602+0000][151028][gc,start    ] GC(246) Pause Young (Concurrent Start) (G1 Humongous Allocation)
[2022-12-13T06:31:56.602+0000][151028][gc,task     ] GC(246) Using 10 workers of 10 for evacuation
[2022-12-13T06:31:56.602+0000][151028][gc,age      ] GC(246) Desired survivor size 278921216 bytes, new threshold 15 (max threshold 15)
[2022-12-13T06:31:56.608+0000][151028][gc,phases   ] GC(246)   Pre Evacuate Collection Set: 0.9ms
[2022-12-13T06:31:56.608+0000][151028][gc,phases   ] GC(246)   Merge Heap Roots: 0.2ms
[2022-12-13T06:31:56.608+0000][151028][gc,phases   ] GC(246)   Evacuate Collection Set: 3.6ms
[2022-12-13T06:31:56.608+0000][151028][gc,phases   ] GC(246)   Post Evacuate Collection Set: 1.4ms
[2022-12-13T06:31:56.608+0000][151028][gc,phases   ] GC(246)   Other: 0.1ms
[2022-12-13T06:31:56.608+0000][151028][gc,age      ] GC(246) Age table with threshold 15 (max threshold 15)
[2022-12-13T06:31:56.608+0000][151028][gc,age      ] GC(246) - age   1:    1104656 bytes,    1104656 total
[2022-12-13T06:31:56.608+0000][151028][gc,age      ] GC(246) - age   2:     694168 bytes,    1798824 total
[2022-12-13T06:31:56.608+0000][151028][gc,age      ] GC(246) - age   3:      38552 bytes,    1837376 total
[2022-12-13T06:31:56.608+0000][151028][gc,age      ] GC(246) - age   4:      37240 bytes,    1874616 total
[2022-12-13T06:31:56.608+0000][151028][gc,age      ] GC(246) - age   5:     220024 bytes,    2094640 total
[2022-12-13T06:31:56.608+0000][151028][gc,age      ] GC(246) - age   6:    1663080 bytes,    3757720 total
[2022-12-13T06:31:56.608+0000][151028][gc,age      ] GC(246) - age   7:     312712 bytes,    4070432 total
[2022-12-13T06:31:56.608+0000][151028][gc,age      ] GC(246) - age   8:     416488 bytes,    4486920 total
[2022-12-13T06:31:56.608+0000][151028][gc,age      ] GC(246) - age   9:     518448 bytes,    5005368 total
[2022-12-13T06:31:56.608+0000][151028][gc,age      ] GC(246) - age  10:      72848 bytes,    5078216 total
[2022-12-13T06:31:56.608+0000][151028][gc,age      ] GC(246) - age  11:      24752 bytes,    5102968 total
[2022-12-13T06:31:56.608+0000][151028][gc,age      ] GC(246) - age  12:     191704 bytes,    5294672 total
[2022-12-13T06:31:56.608+0000][151028][gc,age      ] GC(246) - age  13:     178264 bytes,    5472936 total
[2022-12-13T06:31:56.608+0000][151028][gc,age      ] GC(246) - age  14:    1032232 bytes,    6505168 total
[2022-12-13T06:31:56.608+0000][151028][gc,age      ] GC(246) - age  15:      15368 bytes,    6520536 total
[2022-12-13T06:31:56.608+0000][151028][gc,heap     ] GC(246) Eden regions: 15->0(1091)
[2022-12-13T06:31:56.608+0000][151028][gc,heap     ] GC(246) Survivor regions: 7->2(133)
[2022-12-13T06:31:56.608+0000][151028][gc,heap     ] GC(246) Old regions: 453->453
[2022-12-13T06:31:56.608+0000][151028][gc,heap     ] GC(246) Archive regions: 2->2
[2022-12-13T06:31:56.608+0000][151028][gc,heap     ] GC(246) Humongous regions: 133->8
[2022-12-13T06:31:56.608+0000][151028][gc,metaspace] GC(246) Metaspace: 175359K(179968K)->175359K(179968K) NonClass: 153802K(156352K)->153802K(156352K) Class: 21556K(23616K)->21556K(23616K)
[2022-12-13T06:31:56.608+0000][151028][gc          ] GC(246) Pause Young (Concurrent Start) (G1 Humongous Allocation) 2428M->1852M(7992M) 6.679ms
[2022-12-13T06:31:56.608+0000][151028][gc          ] GC(247) Concurrent Undo Cycle
[2022-12-13T06:31:56.608+0000][151028][gc,cpu      ] GC(246) User=0.04s Sys=0.00s Real=0.00s
[2022-12-13T06:31:56.608+0000][151028][gc,marking  ] GC(247) Concurrent Cleanup for Next Mark
[2022-12-13T06:31:56.608+0000][151028][safepoint   ] Safepoint "G1TryInitiateConcMark", Time since last: 264792800 ns, Reaching safepoint: 186700 ns, At safepoint: 6894600 ns, Total: 7081300 ns
[2022-12-13T06:31:56.609+0000][151028][gc,marking  ] GC(247) Concurrent Cleanup for Next Mark 0.551ms
[2022-12-13T06:31:56.609+0000][151028][gc          ] GC(247) Concurrent Undo Cycle 0.664ms
[2022-12-13T06:31:57.433+0000][151028][gc,start    ] GC(248) Pause Young (Concurrent Start) (G1 Humongous Allocation)
[2022-12-13T06:31:57.433+0000][151028][gc,task     ] GC(248) Using 10 workers of 10 for evacuation
[2022-12-13T06:31:57.433+0000][151028][gc,age      ] GC(248) Desired survivor size 287309824 bytes, new threshold 15 (max threshold 15)
[2022-12-13T06:31:57.440+0000][151028][gc,phases   ] GC(248)   Pre Evacuate Collection Set: 0.9ms
[2022-12-13T06:31:57.440+0000][151028][gc,phases   ] GC(248)   Merge Heap Roots: 0.3ms
[2022-12-13T06:31:57.440+0000][151028][gc,phases   ] GC(248)   Evacuate Collection Set: 4.0ms
[2022-12-13T06:31:57.440+0000][151028][gc,phases   ] GC(248)   Post Evacuate Collection Set: 1.5ms
[2022-12-13T06:31:57.440+0000][151028][gc,phases   ] GC(248)   Other: 0.1ms
[2022-12-13T06:31:57.440+0000][151028][gc,age      ] GC(248) Age table with threshold 15 (max threshold 15)
[2022-12-13T06:31:57.440+0000][151028][gc,age      ] GC(248) - age   1:    3868192 bytes,    3868192 total
[2022-12-13T06:31:57.440+0000][151028][gc,age      ] GC(248) - age   2:     339656 bytes,    4207848 total
[2022-12-13T06:31:57.440+0000][151028][gc,age      ] GC(248) - age   3:     160232 bytes,    4368080 total
[2022-12-13T06:31:57.440+0000][151028][gc,age      ] GC(248) - age   4:      19840 bytes,    4387920 total
[2022-12-13T06:31:57.440+0000][151028][gc,age      ] GC(248) - age   5:      31720 bytes,    4419640 total
[2022-12-13T06:31:57.440+0000][151028][gc,age      ] GC(248) - age   6:     199224 bytes,    4618864 total
[2022-12-13T06:31:57.440+0000][151028][gc,age      ] GC(248) - age   7:    1656392 bytes,    6275256 total
[2022-12-13T06:31:57.440+0000][151028][gc,age      ] GC(248) - age   8:     310112 bytes,    6585368 total
[2022-12-13T06:31:57.440+0000][151028][gc,age      ] GC(248) - age   9:     416448 bytes,    7001816 total
[2022-12-13T06:31:57.440+0000][151028][gc,age      ] GC(248) - age  10:     518448 bytes,    7520264 total
[2022-12-13T06:31:57.440+0000][151028][gc,age      ] GC(248) - age  11:      72848 bytes,    7593112 total
[2022-12-13T06:31:57.440+0000][151028][gc,age      ] GC(248) - age  12:      24752 bytes,    7617864 total
[2022-12-13T06:31:57.440+0000][151028][gc,age      ] GC(248) - age  13:     191704 bytes,    7809568 total
[2022-12-13T06:31:57.440+0000][151028][gc,age      ] GC(248) - age  14:     178264 bytes,    7987832 total
[2022-12-13T06:31:57.440+0000][151028][gc,age      ] GC(248) - age  15:    1032232 bytes,    9020064 total
[2022-12-13T06:31:57.440+0000][151028][gc,heap     ] GC(248) Eden regions: 25->0(1117)
[2022-12-13T06:31:57.440+0000][151028][gc,heap     ] GC(248) Survivor regions: 2->3(137)
[2022-12-13T06:31:57.440+0000][151028][gc,heap     ] GC(248) Old regions: 453->453
[2022-12-13T06:31:57.440+0000][151028][gc,heap     ] GC(248) Archive regions: 2->2
[2022-12-13T06:31:57.440+0000][151028][gc,heap     ] GC(248) Humongous regions: 140->8
[2022-12-13T06:31:57.440+0000][151028][gc,metaspace] GC(248) Metaspace: 175360K(179968K)->175360K(179968K) NonClass: 153803K(156352K)->153803K(156352K) Class: 21556K(23616K)->21556K(23616K)
[2022-12-13T06:31:57.440+0000][151028][gc          ] GC(248) Pause Young (Concurrent Start) (G1 Humongous Allocation) 2479M->1854M(7992M) 7.190ms
[2022-12-13T06:31:57.440+0000][151028][gc          ] GC(249) Concurrent Undo Cycle
[2022-12-13T06:31:57.440+0000][151028][gc,cpu      ] GC(248) User=0.03s Sys=0.01s Real=0.01s
[2022-12-13T06:31:57.440+0000][151028][gc,marking  ] GC(249) Concurrent Cleanup for Next Mark
[2022-12-13T06:31:57.440+0000][151028][safepoint   ] Safepoint "G1TryInitiateConcMark", Time since last: 824200500 ns, Reaching safepoint: 208300 ns, At safepoint: 7427600 ns, Total: 7635900 ns
[2022-12-13T06:31:57.441+0000][151028][gc,marking  ] GC(249) Concurrent Cleanup for Next Mark 0.766ms
[2022-12-13T06:31:57.441+0000][151028][gc          ] GC(249) Concurrent Undo Cycle 0.918ms
[2022-12-13T06:31:57.906+0000][151028][gc,start    ] GC(250) Pause Young (Concurrent Start) (G1 Humongous Allocation)
[2022-12-13T06:31:57.906+0000][151028][gc,task     ] GC(250) Using 10 workers of 10 for evacuation
[2022-12-13T06:31:57.906+0000][151028][gc,age      ] GC(250) Desired survivor size 293601280 bytes, new threshold 15 (max threshold 15)
[2022-12-13T06:31:57.921+0000][151028][gc,phases   ] GC(250)   Pre Evacuate Collection Set: 1.0ms
[2022-12-13T06:31:57.921+0000][151028][gc,phases   ] GC(250)   Merge Heap Roots: 0.2ms
[2022-12-13T06:31:57.921+0000][151028][gc,phases   ] GC(250)   Evacuate Collection Set: 9.7ms
[2022-12-13T06:31:57.921+0000][151028][gc,phases   ] GC(250)   Post Evacuate Collection Set: 3.3ms
[2022-12-13T06:31:57.921+0000][151028][gc,phases   ] GC(250)   Other: 0.1ms
[2022-12-13T06:31:57.921+0000][151028][gc,age      ] GC(250) Age table with threshold 15 (max threshold 15)
[2022-12-13T06:31:57.921+0000][151028][gc,age      ] GC(250) - age   1:   30838512 bytes,   30838512 total
[2022-12-13T06:31:57.921+0000][151028][gc,age      ] GC(250) - age   2:     272464 bytes,   31110976 total
[2022-12-13T06:31:57.921+0000][151028][gc,age      ] GC(250) - age   3:     137536 bytes,   31248512 total
[2022-12-13T06:31:57.921+0000][151028][gc,age      ] GC(250) - age   4:     131080 bytes,   31379592 total
[2022-12-13T06:31:57.921+0000][151028][gc,age      ] GC(250) - age   5:      18440 bytes,   31398032 total
[2022-12-13T06:31:57.921+0000][151028][gc,age      ] GC(250) - age   6:      29600 bytes,   31427632 total
[2022-12-13T06:31:57.921+0000][151028][gc,age      ] GC(250) - age   7:     196208 bytes,   31623840 total
[2022-12-13T06:31:57.921+0000][151028][gc,age      ] GC(250) - age   8:    1621008 bytes,   33244848 total
[2022-12-13T06:31:57.921+0000][151028][gc,age      ] GC(250) - age   9:     293672 bytes,   33538520 total
[2022-12-13T06:31:57.921+0000][151028][gc,age      ] GC(250) - age  10:     400048 bytes,   33938568 total
[2022-12-13T06:31:57.921+0000][151028][gc,age      ] GC(250) - age  11:     518448 bytes,   34457016 total
[2022-12-13T06:31:57.921+0000][151028][gc,age      ] GC(250) - age  12:      72848 bytes,   34529864 total
[2022-12-13T06:31:57.921+0000][151028][gc,age      ] GC(250) - age  13:      24752 bytes,   34554616 total
[2022-12-13T06:31:57.921+0000][151028][gc,age      ] GC(250) - age  14:     191704 bytes,   34746320 total
[2022-12-13T06:31:57.921+0000][151028][gc,age      ] GC(250) - age  15:     178264 bytes,   34924584 total
[2022-12-13T06:31:57.921+0000][151028][gc,heap     ] GC(250) Eden regions: 41->0(1124)
[2022-12-13T06:31:57.921+0000][151028][gc,heap     ] GC(250) Survivor regions: 3->9(140)
[2022-12-13T06:31:57.921+0000][151028][gc,heap     ] GC(250) Old regions: 453->453
[2022-12-13T06:31:57.921+0000][151028][gc,heap     ] GC(250) Archive regions: 2->2
[2022-12-13T06:31:57.921+0000][151028][gc,heap     ] GC(250) Humongous regions: 144->12
[2022-12-13T06:31:57.921+0000][151028][gc,metaspace] GC(250) Metaspace: 175362K(179968K)->175362K(179968K) NonClass: 153805K(156352K)->153805K(156352K) Class: 21556K(23616K)->21556K(23616K)
[2022-12-13T06:31:57.921+0000][151028][gc          ] GC(250) Pause Young (Concurrent Start) (G1 Humongous Allocation) 2562M->1896M(7992M) 14.812ms
[2022-12-13T06:31:57.921+0000][151028][gc          ] GC(251) Concurrent Undo Cycle
[2022-12-13T06:31:57.921+0000][151028][gc,cpu      ] GC(250) User=0.11s Sys=0.00s Real=0.02s
[2022-12-13T06:31:57.921+0000][151028][gc,marking  ] GC(251) Concurrent Cleanup for Next Mark
[2022-12-13T06:31:57.921+0000][151028][safepoint   ] Safepoint "G1TryInitiateConcMark", Time since last: 465737600 ns, Reaching safepoint: 238400 ns, At safepoint: 15097000 ns, Total: 15335400 ns
[2022-12-13T06:31:57.922+0000][151028][gc,marking  ] GC(251) Concurrent Cleanup for Next Mark 0.622ms
[2022-12-13T06:31:57.922+0000][151028][gc          ] GC(251) Concurrent Undo Cycle 0.733ms
[2022-12-13T06:31:58.237+0000][151028][safepoint   ] Safepoint "G1TryInitiateConcMark", Time since last: 293609600 ns, Reaching safepoint: 21900300 ns, At safepoint: 97100 ns, Total: 21997400 ns
[2022-12-13T06:31:58.237+0000][151028][gc,start    ] GC(252) Pause Young (Concurrent Start) (G1 Humongous Allocation)
[2022-12-13T06:31:58.237+0000][151028][gc,task     ] GC(252) Using 10 workers of 10 for evacuation
[2022-12-13T06:31:58.237+0000][151028][gc,age      ] GC(252) Desired survivor size 297795584 bytes, new threshold 15 (max threshold 15)
[2022-12-13T06:31:58.253+0000][151028][gc,phases   ] GC(252)   Pre Evacuate Collection Set: 0.9ms
[2022-12-13T06:31:58.253+0000][151028][gc,phases   ] GC(252)   Merge Heap Roots: 0.2ms
[2022-12-13T06:31:58.253+0000][151028][gc,phases   ] GC(252)   Evacuate Collection Set: 8.8ms
[2022-12-13T06:31:58.253+0000][151028][gc,phases   ] GC(252)   Post Evacuate Collection Set: 5.2ms
[2022-12-13T06:31:58.253+0000][151028][gc,phases   ] GC(252)   Other: 0.1ms
[2022-12-13T06:31:58.253+0000][151028][gc,age      ] GC(252) Age table with threshold 15 (max threshold 15)
[2022-12-13T06:31:58.253+0000][151028][gc,age      ] GC(252) - age   1:   33104896 bytes,   33104896 total
[2022-12-13T06:31:58.253+0000][151028][gc,age      ] GC(252) - age   2:    4245816 bytes,   37350712 total
[2022-12-13T06:31:58.253+0000][151028][gc,age      ] GC(252) - age   3:     132432 bytes,   37483144 total
[2022-12-13T06:31:58.253+0000][151028][gc,age      ] GC(252) - age   4:     120272 bytes,   37603416 total
[2022-12-13T06:31:58.253+0000][151028][gc,age      ] GC(252) - age   5:     130160 bytes,   37733576 total
[2022-12-13T06:31:58.253+0000][151028][gc,age      ] GC(252) - age   6:      18440 bytes,   37752016 total
[2022-12-13T06:31:58.253+0000][151028][gc,age      ] GC(252) - age   7:      29120 bytes,   37781136 total
[2022-12-13T06:31:58.253+0000][151028][gc,age      ] GC(252) - age   8:     194504 bytes,   37975640 total
[2022-12-13T06:31:58.253+0000][151028][gc,age      ] GC(252) - age   9:    1601176 bytes,   39576816 total
[2022-12-13T06:31:58.253+0000][151028][gc,age      ] GC(252) - age  10:     293592 bytes,   39870408 total
[2022-12-13T06:31:58.253+0000][151028][gc,age      ] GC(252) - age  11:     400048 bytes,   40270456 total
[2022-12-13T06:31:58.253+0000][151028][gc,age      ] GC(252) - age  12:     518448 bytes,   40788904 total
[2022-12-13T06:31:58.253+0000][151028][gc,age      ] GC(252) - age  13:      72808 bytes,   40861712 total
[2022-12-13T06:31:58.253+0000][151028][gc,age      ] GC(252) - age  14:      24752 bytes,   40886464 total
[2022-12-13T06:31:58.253+0000][151028][gc,age      ] GC(252) - age  15:     191704 bytes,   41078168 total
[2022-12-13T06:31:58.253+0000][151028][gc,heap     ] GC(252) Eden regions: 69->0(1070)
[2022-12-13T06:31:58.253+0000][151028][gc,heap     ] GC(252) Survivor regions: 9->11(142)
[2022-12-13T06:31:58.253+0000][151028][gc,heap     ] GC(252) Old regions: 453->453
[2022-12-13T06:31:58.253+0000][151028][gc,heap     ] GC(252) Archive regions: 2->2
[2022-12-13T06:31:58.253+0000][151028][gc,heap     ] GC(252) Humongous regions: 117->47
[2022-12-13T06:31:58.253+0000][151028][gc,metaspace] GC(252) Metaspace: 175362K(179968K)->175362K(179968K) NonClass: 153805K(156352K)->153805K(156352K) Class: 21556K(23616K)->21556K(23616K)
[2022-12-13T06:31:58.253+0000][151028][gc          ] GC(252) Pause Young (Concurrent Start) (G1 Humongous Allocation) 2590M->2044M(7992M) 15.697ms
[2022-12-13T06:31:58.253+0000][151028][gc          ] GC(253) Concurrent Undo Cycle
[2022-12-13T06:31:58.253+0000][151028][gc,cpu      ] GC(252) User=0.12s Sys=0.00s Real=0.02s
[2022-12-13T06:31:58.253+0000][151028][gc,marking  ] GC(253) Concurrent Cleanup for Next Mark
[2022-12-13T06:31:58.253+0000][151028][safepoint   ] Safepoint "G1TryInitiateConcMark", Time since last: 207200 ns, Reaching safepoint: 171800 ns, At safepoint: 15964400 ns, Total: 16136200 ns
[2022-12-13T06:31:58.254+0000][151028][gc,marking  ] GC(253) Concurrent Cleanup for Next Mark 0.718ms
[2022-12-13T06:31:58.254+0000][151028][gc          ] GC(253) Concurrent Undo Cycle 0.903ms
[2022-12-13T06:31:58.699+0000][151028][gc,start    ] GC(254) Pause Young (Concurrent Start) (G1 Humongous Allocation)
[2022-12-13T06:31:58.699+0000][151028][gc,task     ] GC(254) Using 10 workers of 10 for evacuation
[2022-12-13T06:31:58.699+0000][151028][gc,age      ] GC(254) Desired survivor size 285212672 bytes, new threshold 15 (max threshold 15)
[2022-12-13T06:31:58.718+0000][151028][gc,phases   ] GC(254)   Pre Evacuate Collection Set: 0.8ms
[2022-12-13T06:31:58.718+0000][151028][gc,phases   ] GC(254)   Merge Heap Roots: 0.2ms
[2022-12-13T06:31:58.718+0000][151028][gc,phases   ] GC(254)   Evacuate Collection Set: 13.8ms
[2022-12-13T06:31:58.718+0000][151028][gc,phases   ] GC(254)   Post Evacuate Collection Set: 3.7ms
[2022-12-13T06:31:58.718+0000][151028][gc,phases   ] GC(254)   Other: 0.2ms
[2022-12-13T06:31:58.718+0000][151028][gc,age      ] GC(254) Age table with threshold 15 (max threshold 15)
[2022-12-13T06:31:58.718+0000][151028][gc,age      ] GC(254) - age   1:   11273584 bytes,   11273584 total
[2022-12-13T06:31:58.718+0000][151028][gc,age      ] GC(254) - age   2:   22967656 bytes,   34241240 total
[2022-12-13T06:31:58.718+0000][151028][gc,age      ] GC(254) - age   3:    1318352 bytes,   35559592 total
[2022-12-13T06:31:58.718+0000][151028][gc,age      ] GC(254) - age   4:     101856 bytes,   35661448 total
[2022-12-13T06:31:58.718+0000][151028][gc,age      ] GC(254) - age   5:      21664 bytes,   35683112 total
[2022-12-13T06:31:58.718+0000][151028][gc,age      ] GC(254) - age   6:     109088 bytes,   35792200 total
[2022-12-13T06:31:58.718+0000][151028][gc,age      ] GC(254) - age   7:      18440 bytes,   35810640 total
[2022-12-13T06:31:58.718+0000][151028][gc,age      ] GC(254) - age   8:      21480 bytes,   35832120 total
[2022-12-13T06:31:58.718+0000][151028][gc,age      ] GC(254) - age   9:      94736 bytes,   35926856 total
[2022-12-13T06:31:58.718+0000][151028][gc,age      ] GC(254) - age  10:    1564512 bytes,   37491368 total
[2022-12-13T06:31:58.718+0000][151028][gc,age      ] GC(254) - age  11:     244192 bytes,   37735560 total
[2022-12-13T06:31:58.718+0000][151028][gc,age      ] GC(254) - age  12:     400048 bytes,   38135608 total
[2022-12-13T06:31:58.718+0000][151028][gc,age      ] GC(254) - age  13:     518352 bytes,   38653960 total
[2022-12-13T06:31:58.718+0000][151028][gc,age      ] GC(254) - age  14:      72808 bytes,   38726768 total
[2022-12-13T06:31:58.718+0000][151028][gc,age      ] GC(254) - age  15:      24752 bytes,   38751520 total
[2022-12-13T06:31:58.718+0000][151028][gc,heap     ] GC(254) Eden regions: 56->0(1120)
[2022-12-13T06:31:58.718+0000][151028][gc,heap     ] GC(254) Survivor regions: 11->10(136)
[2022-12-13T06:31:58.718+0000][151028][gc,heap     ] GC(254) Old regions: 453->453
[2022-12-13T06:31:58.718+0000][151028][gc,heap     ] GC(254) Archive regions: 2->2
[2022-12-13T06:31:58.718+0000][151028][gc,heap     ] GC(254) Humongous regions: 115->15
[2022-12-13T06:31:58.718+0000][151028][gc,metaspace] GC(254) Metaspace: 175418K(179968K)->175418K(179968K) NonClass: 153855K(156352K)->153855K(156352K) Class: 21562K(23616K)->21562K(23616K)
[2022-12-13T06:31:58.718+0000][151028][gc          ] GC(254) Pause Young (Concurrent Start) (G1 Humongous Allocation) 2540M->1913M(7992M) 19.268ms
[2022-12-13T06:31:58.718+0000][151028][gc          ] GC(255) Concurrent Undo Cycle
[2022-12-13T06:31:58.718+0000][151028][gc,cpu      ] GC(254) User=0.13s Sys=0.00s Real=0.02s
[2022-12-13T06:31:58.719+0000][151028][gc,marking  ] GC(255) Concurrent Cleanup for Next Mark
[2022-12-13T06:31:58.719+0000][151028][safepoint   ] Safepoint "G1TryInitiateConcMark", Time since last: 445530000 ns, Reaching safepoint: 279600 ns, At safepoint: 19573200 ns, Total: 19852800 ns
[2022-12-13T06:31:58.720+0000][151028][gc,marking  ] GC(255) Concurrent Cleanup for Next Mark 1.408ms
[2022-12-13T06:31:58.720+0000][151028][gc          ] GC(255) Concurrent Undo Cycle 1.590ms
[2022-12-13T06:31:58.849+0000][151028][gc,start    ] GC(256) Pause Young (Concurrent Start) (G1 Humongous Allocation)
[2022-12-13T06:31:58.850+0000][151028][gc,task     ] GC(256) Using 10 workers of 10 for evacuation
[2022-12-13T06:31:58.850+0000][151028][gc,age      ] GC(256) Desired survivor size 297795584 bytes, new threshold 15 (max threshold 15)
[2022-12-13T06:31:58.864+0000][151028][gc,phases   ] GC(256)   Pre Evacuate Collection Set: 0.9ms
[2022-12-13T06:31:58.864+0000][151028][gc,phases   ] GC(256)   Merge Heap Roots: 0.2ms
[2022-12-13T06:31:58.864+0000][151028][gc,phases   ] GC(256)   Evacuate Collection Set: 10.0ms
[2022-12-13T06:31:58.864+0000][151028][gc,phases   ] GC(256)   Post Evacuate Collection Set: 2.7ms
[2022-12-13T06:31:58.864+0000][151028][gc,phases   ] GC(256)   Other: 0.1ms
[2022-12-13T06:31:58.864+0000][151028][gc,age      ] GC(256) Age table with threshold 15 (max threshold 15)
[2022-12-13T06:31:58.864+0000][151028][gc,age      ] GC(256) - age   1:    2020240 bytes,    2020240 total
[2022-12-13T06:31:58.864+0000][151028][gc,age      ] GC(256) - age   2:    6357096 bytes,    8377336 total
[2022-12-13T06:31:58.864+0000][151028][gc,age      ] GC(256) - age   3:   22966768 bytes,   31344104 total
[2022-12-13T06:31:58.864+0000][151028][gc,age      ] GC(256) - age   4:    1301312 bytes,   32645416 total
[2022-12-13T06:31:58.864+0000][151028][gc,age      ] GC(256) - age   5:     101144 bytes,   32746560 total
[2022-12-13T06:31:58.864+0000][151028][gc,age      ] GC(256) - age   6:      21544 bytes,   32768104 total
[2022-12-13T06:31:58.864+0000][151028][gc,age      ] GC(256) - age   7:     108448 bytes,   32876552 total
[2022-12-13T06:31:58.864+0000][151028][gc,age      ] GC(256) - age   8:      18040 bytes,   32894592 total
[2022-12-13T06:31:58.864+0000][151028][gc,age      ] GC(256) - age   9:      19880 bytes,   32914472 total
[2022-12-13T06:31:58.864+0000][151028][gc,age      ] GC(256) - age  10:      93632 bytes,   33008104 total
[2022-12-13T06:31:58.864+0000][151028][gc,age      ] GC(256) - age  11:    1488272 bytes,   34496376 total
[2022-12-13T06:31:58.864+0000][151028][gc,age      ] GC(256) - age  12:     244192 bytes,   34740568 total
[2022-12-13T06:31:58.864+0000][151028][gc,age      ] GC(256) - age  13:     400048 bytes,   35140616 total
[2022-12-13T06:31:58.864+0000][151028][gc,age      ] GC(256) - age  14:     518352 bytes,   35658968 total
[2022-12-13T06:31:58.864+0000][151028][gc,age      ] GC(256) - age  15:      72808 bytes,   35731776 total
[2022-12-13T06:31:58.864+0000][151028][gc,heap     ] GC(256) Eden regions: 21->0(1126)
[2022-12-13T06:31:58.864+0000][151028][gc,heap     ] GC(256) Survivor regions: 10->10(142)
[2022-12-13T06:31:58.864+0000][151028][gc,heap     ] GC(256) Old regions: 453->453
[2022-12-13T06:31:58.864+0000][151028][gc,heap     ] GC(256) Archive regions: 2->2
[2022-12-13T06:31:58.864+0000][151028][gc,heap     ] GC(256) Humongous regions: 124->23
[2022-12-13T06:31:58.864+0000][151028][gc,metaspace] GC(256) Metaspace: 175418K(179968K)->175418K(179968K) NonClass: 153856K(156352K)->153856K(156352K) Class: 21562K(23616K)->21562K(23616K)
[2022-12-13T06:31:58.864+0000][151028][gc          ] GC(256) Pause Young (Concurrent Start) (G1 Humongous Allocation) 2431M->1943M(7992M) 14.564ms
[2022-12-13T06:31:58.864+0000][151028][gc          ] GC(257) Concurrent Undo Cycle
[2022-12-13T06:31:58.864+0000][151028][gc,cpu      ] GC(256) User=0.11s Sys=0.01s Real=0.02s
[2022-12-13T06:31:58.864+0000][151028][gc,marking  ] GC(257) Concurrent Cleanup for Next Mark
[2022-12-13T06:31:58.864+0000][151028][safepoint   ] Safepoint "G1TryInitiateConcMark", Time since last: 130402900 ns, Reaching safepoint: 313100 ns, At safepoint: 14874500 ns, Total: 15187600 ns
[2022-12-13T06:31:58.865+0000][151028][gc,marking  ] GC(257) Concurrent Cleanup for Next Mark 1.282ms
[2022-12-13T06:31:58.865+0000][151028][gc          ] GC(257) Concurrent Undo Cycle 1.434ms
[2022-12-13T06:31:59.337+0000][151028][gc,start    ] GC(258) Pause Young (Concurrent Start) (G1 Humongous Allocation)
[2022-12-13T06:31:59.337+0000][151028][gc,task     ] GC(258) Using 10 workers of 10 for evacuation
[2022-12-13T06:31:59.337+0000][151028][gc,age      ] GC(258) Desired survivor size 297795584 bytes, new threshold 15 (max threshold 15)
[2022-12-13T06:31:59.351+0000][151028][gc,phases   ] GC(258)   Pre Evacuate Collection Set: 1.0ms
[2022-12-13T06:31:59.352+0000][151028][gc,phases   ] GC(258)   Merge Heap Roots: 0.2ms
[2022-12-13T06:31:59.352+0000][151028][gc,phases   ] GC(258)   Evacuate Collection Set: 9.2ms
[2022-12-13T06:31:59.352+0000][151028][gc,phases   ] GC(258)   Post Evacuate Collection Set: 3.7ms
[2022-12-13T06:31:59.352+0000][151028][gc,phases   ] GC(258)   Other: 0.3ms
[2022-12-13T06:31:59.352+0000][151028][gc,age      ] GC(258) Age table with threshold 15 (max threshold 15)
[2022-12-13T06:31:59.352+0000][151028][gc,age      ] GC(258) - age   1:   24135888 bytes,   24135888 total
[2022-12-13T06:31:59.352+0000][151028][gc,age      ] GC(258) - age   2:     263480 bytes,   24399368 total
[2022-12-13T06:31:59.352+0000][151028][gc,age      ] GC(258) - age   3:     367072 bytes,   24766440 total
[2022-12-13T06:31:59.352+0000][151028][gc,age      ] GC(258) - age   4:      15344 bytes,   24781784 total
[2022-12-13T06:31:59.352+0000][151028][gc,age      ] GC(258) - age   5:    1292128 bytes,   26073912 total
[2022-12-13T06:31:59.352+0000][151028][gc,age      ] GC(258) - age   6:      91848 bytes,   26165760 total
[2022-12-13T06:31:59.352+0000][151028][gc,age      ] GC(258) - age   7:      21064 bytes,   26186824 total
[2022-12-13T06:31:59.352+0000][151028][gc,age      ] GC(258) - age   8:     106128 bytes,   26292952 total
[2022-12-13T06:31:59.352+0000][151028][gc,age      ] GC(258) - age   9:      17440 bytes,   26310392 total
[2022-12-13T06:31:59.352+0000][151028][gc,age      ] GC(258) - age  10:      18208 bytes,   26328600 total
[2022-12-13T06:31:59.352+0000][151028][gc,age      ] GC(258) - age  11:      59504 bytes,   26388104 total
[2022-12-13T06:31:59.352+0000][151028][gc,age      ] GC(258) - age  12:    1482952 bytes,   27871056 total
[2022-12-13T06:31:59.352+0000][151028][gc,age      ] GC(258) - age  13:     244152 bytes,   28115208 total
[2022-12-13T06:31:59.352+0000][151028][gc,age      ] GC(258) - age  14:     400048 bytes,   28515256 total
[2022-12-13T06:31:59.352+0000][151028][gc,age      ] GC(258) - age  15:     518312 bytes,   29033568 total
[2022-12-13T06:31:59.352+0000][151028][gc,heap     ] GC(258) Eden regions: 83->0(1146)
[2022-12-13T06:31:59.352+0000][151028][gc,heap     ] GC(258) Survivor regions: 10->8(142)
[2022-12-13T06:31:59.352+0000][151028][gc,heap     ] GC(258) Old regions: 453->453
[2022-12-13T06:31:59.352+0000][151028][gc,heap     ] GC(258) Archive regions: 2->2
[2022-12-13T06:31:59.352+0000][151028][gc,heap     ] GC(258) Humongous regions: 126->16
[2022-12-13T06:31:59.352+0000][151028][gc,metaspace] GC(258) Metaspace: 175421K(179968K)->175421K(179968K) NonClass: 153858K(156352K)->153858K(156352K) Class: 21562K(23616K)->21562K(23616K)
[2022-12-13T06:31:59.352+0000][151028][gc          ] GC(258) Pause Young (Concurrent Start) (G1 Humongous Allocation) 2687M->1909M(7992M) 14.969ms
[2022-12-13T06:31:59.352+0000][151028][gc          ] GC(259) Concurrent Undo Cycle
[2022-12-13T06:31:59.352+0000][151028][gc,cpu      ] GC(258) User=0.10s Sys=0.00s Real=0.02s
[2022-12-13T06:31:59.352+0000][151028][gc,marking  ] GC(259) Concurrent Cleanup for Next Mark
[2022-12-13T06:31:59.352+0000][151028][safepoint   ] Safepoint "G1TryInitiateConcMark", Time since last: 472435600 ns, Reaching safepoint: 182500 ns, At safepoint: 15368400 ns, Total: 15550900 ns
[2022-12-13T06:31:59.353+0000][151028][gc,marking  ] GC(259) Concurrent Cleanup for Next Mark 1.024ms
[2022-12-13T06:31:59.353+0000][151028][gc          ] GC(259) Concurrent Undo Cycle 1.214ms
[2022-12-13T06:31:59.622+0000][151028][gc,start    ] GC(260) Pause Young (Concurrent Start) (G1 Humongous Allocation)
[2022-12-13T06:31:59.622+0000][151028][gc,task     ] GC(260) Using 10 workers of 10 for evacuation
[2022-12-13T06:31:59.622+0000][151028][gc,age      ] GC(260) Desired survivor size 304087040 bytes, new threshold 15 (max threshold 15)
[2022-12-13T06:31:59.632+0000][151028][gc,phases   ] GC(260)   Pre Evacuate Collection Set: 0.8ms
[2022-12-13T06:31:59.632+0000][151028][gc,phases   ] GC(260)   Merge Heap Roots: 0.2ms
[2022-12-13T06:31:59.632+0000][151028][gc,phases   ] GC(260)   Evacuate Collection Set: 3.5ms
[2022-12-13T06:31:59.632+0000][151028][gc,phases   ] GC(260)   Post Evacuate Collection Set: 5.1ms
[2022-12-13T06:31:59.632+0000][151028][gc,phases   ] GC(260)   Other: 0.2ms
[2022-12-13T06:31:59.632+0000][151028][gc,age      ] GC(260) Age table with threshold 15 (max threshold 15)
[2022-12-13T06:31:59.632+0000][151028][gc,age      ] GC(260) - age   1:    2369488 bytes,    2369488 total
[2022-12-13T06:31:59.632+0000][151028][gc,age      ] GC(260) - age   2:    8956184 bytes,   11325672 total
[2022-12-13T06:31:59.632+0000][151028][gc,age      ] GC(260) - age   3:     124512 bytes,   11450184 total
[2022-12-13T06:31:59.632+0000][151028][gc,age      ] GC(260) - age   4:     365432 bytes,   11815616 total
[2022-12-13T06:31:59.632+0000][151028][gc,age      ] GC(260) - age   5:      13864 bytes,   11829480 total
[2022-12-13T06:31:59.632+0000][151028][gc,age      ] GC(260) - age   6:    1153360 bytes,   12982840 total
[2022-12-13T06:31:59.632+0000][151028][gc,age      ] GC(260) - age   7:      88840 bytes,   13071680 total
[2022-12-13T06:31:59.632+0000][151028][gc,age      ] GC(260) - age   8:      19584 bytes,   13091264 total
[2022-12-13T06:31:59.632+0000][151028][gc,age      ] GC(260) - age   9:     102824 bytes,   13194088 total
[2022-12-13T06:31:59.632+0000][151028][gc,age      ] GC(260) - age  10:      17400 bytes,   13211488 total
[2022-12-13T06:31:59.632+0000][151028][gc,age      ] GC(260) - age  11:      17512 bytes,   13229000 total
[2022-12-13T06:31:59.632+0000][151028][gc,age      ] GC(260) - age  12:      59384 bytes,   13288384 total
[2022-12-13T06:31:59.632+0000][151028][gc,age      ] GC(260) - age  13:     430048 bytes,   13718432 total
[2022-12-13T06:31:59.632+0000][151028][gc,age      ] GC(260) - age  14:     244032 bytes,   13962464 total
[2022-12-13T06:31:59.632+0000][151028][gc,age      ] GC(260) - age  15:     400048 bytes,   14362512 total
[2022-12-13T06:31:59.632+0000][151028][gc,heap     ] GC(260) Eden regions: 23->0(1126)
[2022-12-13T06:31:59.632+0000][151028][gc,heap     ] GC(260) Survivor regions: 8->5(145)
[2022-12-13T06:31:59.632+0000][151028][gc,heap     ] GC(260) Old regions: 453->453
[2022-12-13T06:31:59.632+0000][151028][gc,heap     ] GC(260) Archive regions: 2->2
[2022-12-13T06:31:59.632+0000][151028][gc,heap     ] GC(260) Humongous regions: 120->8
[2022-12-13T06:31:59.632+0000][151028][gc,metaspace] GC(260) Metaspace: 175425K(179968K)->175425K(179968K) NonClass: 153862K(156352K)->153862K(156352K) Class: 21562K(23616K)->21562K(23616K)
[2022-12-13T06:31:59.632+0000][151028][gc          ] GC(260) Pause Young (Concurrent Start) (G1 Humongous Allocation) 2414M->1863M(7992M) 10.394ms
[2022-12-13T06:31:59.632+0000][151028][gc          ] GC(261) Concurrent Undo Cycle
[2022-12-13T06:31:59.632+0000][151028][gc,cpu      ] GC(260) User=0.05s Sys=0.01s Real=0.01s
[2022-12-13T06:31:59.633+0000][151028][gc,marking  ] GC(261) Concurrent Cleanup for Next Mark
[2022-12-13T06:31:59.633+0000][151028][safepoint   ] Safepoint "G1TryInitiateConcMark", Time since last: 269443000 ns, Reaching safepoint: 288800 ns, At safepoint: 10656500 ns, Total: 10945300 ns
[2022-12-13T06:31:59.633+0000][151028][gc,marking  ] GC(261) Concurrent Cleanup for Next Mark 0.616ms
[2022-12-13T06:31:59.633+0000][151028][gc          ] GC(261) Concurrent Undo Cycle 0.742ms
[2022-12-13T06:31:59.947+0000][151028][gc,start    ] GC(262) Pause Young (Concurrent Start) (G1 Humongous Allocation)
[2022-12-13T06:31:59.947+0000][151028][gc,task     ] GC(262) Using 10 workers of 10 for evacuation
[2022-12-13T06:31:59.947+0000][151028][gc,age      ] GC(262) Desired survivor size 297795584 bytes, new threshold 15 (max threshold 15)
[2022-12-13T06:31:59.954+0000][151028][gc,phases   ] GC(262)   Pre Evacuate Collection Set: 1.0ms
[2022-12-13T06:31:59.954+0000][151028][gc,phases   ] GC(262)   Merge Heap Roots: 0.2ms
[2022-12-13T06:31:59.954+0000][151028][gc,phases   ] GC(262)   Evacuate Collection Set: 2.9ms
[2022-12-13T06:31:59.954+0000][151028][gc,phases   ] GC(262)   Post Evacuate Collection Set: 2.7ms
[2022-12-13T06:31:59.954+0000][151028][gc,phases   ] GC(262)   Other: 0.1ms
[2022-12-13T06:31:59.954+0000][151028][gc,age      ] GC(262) Age table with threshold 15 (max threshold 15)
[2022-12-13T06:31:59.954+0000][151028][gc,age      ] GC(262) - age   1:    2582744 bytes,    2582744 total
[2022-12-13T06:31:59.954+0000][151028][gc,age      ] GC(262) - age   2:     172952 bytes,    2755696 total
[2022-12-13T06:31:59.954+0000][151028][gc,age      ] GC(262) - age   3:     316072 bytes,    3071768 total
[2022-12-13T06:31:59.954+0000][151028][gc,age      ] GC(262) - age   4:     108256 bytes,    3180024 total
[2022-12-13T06:31:59.954+0000][151028][gc,age      ] GC(262) - age   5:     299032 bytes,    3479056 total
[2022-12-13T06:31:59.954+0000][151028][gc,age      ] GC(262) - age   6:      13664 bytes,    3492720 total
[2022-12-13T06:31:59.954+0000][151028][gc,age      ] GC(262) - age   7:    1148984 bytes,    4641704 total
[2022-12-13T06:31:59.954+0000][151028][gc,age      ] GC(262) - age   8:      88760 bytes,    4730464 total
[2022-12-13T06:31:59.955+0000][151028][gc,age      ] GC(262) - age   9:      19464 bytes,    4749928 total
[2022-12-13T06:31:59.955+0000][151028][gc,age      ] GC(262) - age  10:     102584 bytes,    4852512 total
[2022-12-13T06:31:59.955+0000][151028][gc,age      ] GC(262) - age  11:      16584 bytes,    4869096 total
[2022-12-13T06:31:59.955+0000][151028][gc,age      ] GC(262) - age  12:      17072 bytes,    4886168 total
[2022-12-13T06:31:59.955+0000][151028][gc,age      ] GC(262) - age  13:      59384 bytes,    4945552 total
[2022-12-13T06:31:59.955+0000][151028][gc,age      ] GC(262) - age  14:     429528 bytes,    5375080 total
[2022-12-13T06:31:59.955+0000][151028][gc,age      ] GC(262) - age  15:     244032 bytes,    5619112 total
[2022-12-13T06:31:59.955+0000][151028][gc,heap     ] GC(262) Eden regions: 29->0(1135)
[2022-12-13T06:31:59.955+0000][151028][gc,heap     ] GC(262) Survivor regions: 5->2(142)
[2022-12-13T06:31:59.955+0000][151028][gc,heap     ] GC(262) Old regions: 453->453
[2022-12-13T06:31:59.955+0000][151028][gc,heap     ] GC(262) Archive regions: 2->2
[2022-12-13T06:31:59.955+0000][151028][gc,heap     ] GC(262) Humongous regions: 116->8
[2022-12-13T06:31:59.955+0000][151028][gc,metaspace] GC(262) Metaspace: 175425K(179968K)->175425K(179968K) NonClass: 153862K(156352K)->153862K(156352K) Class: 21562K(23616K)->21562K(23616K)
[2022-12-13T06:31:59.955+0000][151028][gc          ] GC(262) Pause Young (Concurrent Start) (G1 Humongous Allocation) 2410M->1854M(7992M) 7.403ms
[2022-12-13T06:31:59.955+0000][151028][gc,cpu      ] GC(262) User=0.03s Sys=0.00s Real=0.01s
[2022-12-13T06:31:59.955+0000][151028][safepoint   ] Safepoint "G1TryInitiateConcMark", Time since last: 314430200 ns, Reaching safepoint: 201300 ns, At safepoint: 7567600 ns, Total: 7768900 ns
[2022-12-13T06:31:59.955+0000][151028][gc          ] GC(263) Concurrent Undo Cycle
[2022-12-13T06:31:59.955+0000][151028][gc,marking  ] GC(263) Concurrent Cleanup for Next Mark
[2022-12-13T06:31:59.956+0000][151028][gc,marking  ] GC(263) Concurrent Cleanup for Next Mark 0.816ms
[2022-12-13T06:31:59.956+0000][151028][gc          ] GC(263) Concurrent Undo Cycle 0.947ms
[2022-12-13T06:32:00.279+0000][151028][gc,start    ] GC(264) Pause Young (Concurrent Start) (G1 Humongous Allocation)
[2022-12-13T06:32:00.279+0000][151028][gc,task     ] GC(264) Using 10 workers of 10 for evacuation
[2022-12-13T06:32:00.279+0000][151028][gc,age      ] GC(264) Desired survivor size 299892736 bytes, new threshold 15 (max threshold 15)
[2022-12-13T06:32:00.285+0000][151028][gc,phases   ] GC(264)   Pre Evacuate Collection Set: 0.8ms
[2022-12-13T06:32:00.285+0000][151028][gc,phases   ] GC(264)   Merge Heap Roots: 0.2ms
[2022-12-13T06:32:00.285+0000][151028][gc,phases   ] GC(264)   Evacuate Collection Set: 2.9ms
[2022-12-13T06:32:00.285+0000][151028][gc,phases   ] GC(264)   Post Evacuate Collection Set: 1.5ms
[2022-12-13T06:32:00.285+0000][151028][gc,phases   ] GC(264)   Other: 0.1ms
[2022-12-13T06:32:00.285+0000][151028][gc,age      ] GC(264) Age table with threshold 15 (max threshold 15)
[2022-12-13T06:32:00.285+0000][151028][gc,age      ] GC(264) - age   1:     757632 bytes,     757632 total
[2022-12-13T06:32:00.285+0000][151028][gc,age      ] GC(264) - age   2:     378288 bytes,    1135920 total
[2022-12-13T06:32:00.285+0000][151028][gc,age      ] GC(264) - age   3:     171496 bytes,    1307416 total
[2022-12-13T06:32:00.285+0000][151028][gc,age      ] GC(264) - age   4:     303632 bytes,    1611048 total
[2022-12-13T06:32:00.285+0000][151028][gc,age      ] GC(264) - age   5:     107664 bytes,    1718712 total
[2022-12-13T06:32:00.285+0000][151028][gc,age      ] GC(264) - age   6:     298648 bytes,    2017360 total
[2022-12-13T06:32:00.285+0000][151028][gc,age      ] GC(264) - age   7:      13552 bytes,    2030912 total
[2022-12-13T06:32:00.285+0000][151028][gc,age      ] GC(264) - age   8:    1147784 bytes,    3178696 total
[2022-12-13T06:32:00.285+0000][151028][gc,age      ] GC(264) - age   9:      88480 bytes,    3267176 total
[2022-12-13T06:32:00.285+0000][151028][gc,age      ] GC(264) - age  10:      19304 bytes,    3286480 total
[2022-12-13T06:32:00.285+0000][151028][gc,age      ] GC(264) - age  11:     102584 bytes,    3389064 total
[2022-12-13T06:32:00.285+0000][151028][gc,age      ] GC(264) - age  12:      16544 bytes,    3405608 total
[2022-12-13T06:32:00.285+0000][151028][gc,age      ] GC(264) - age  13:      16632 bytes,    3422240 total
[2022-12-13T06:32:00.285+0000][151028][gc,age      ] GC(264) - age  14:      58744 bytes,    3480984 total
[2022-12-13T06:32:00.285+0000][151028][gc,age      ] GC(264) - age  15:     429368 bytes,    3910352 total
[2022-12-13T06:32:00.285+0000][151028][gc,heap     ] GC(264) Eden regions: 14->0(1153)
[2022-12-13T06:32:00.285+0000][151028][gc,heap     ] GC(264) Survivor regions: 2->2(143)
[2022-12-13T06:32:00.285+0000][151028][gc,heap     ] GC(264) Old regions: 453->454
[2022-12-13T06:32:00.285+0000][151028][gc,heap     ] GC(264) Archive regions: 2->2
[2022-12-13T06:32:00.285+0000][151028][gc,heap     ] GC(264) Humongous regions: 140->8
[2022-12-13T06:32:00.285+0000][151028][gc,metaspace] GC(264) Metaspace: 175425K(179968K)->175425K(179968K) NonClass: 153862K(156352K)->153862K(156352K) Class: 21562K(23616K)->21562K(23616K)
[2022-12-13T06:32:00.285+0000][151028][gc          ] GC(264) Pause Young (Concurrent Start) (G1 Humongous Allocation) 2434M->1853M(7992M) 6.022ms
[2022-12-13T06:32:00.285+0000][151028][gc          ] GC(265) Concurrent Undo Cycle
[2022-12-13T06:32:00.285+0000][151028][gc,marking  ] GC(265) Concurrent Cleanup for Next Mark
[2022-12-13T06:32:00.285+0000][151028][gc,cpu      ] GC(264) User=0.02s Sys=0.00s Real=0.00s
[2022-12-13T06:32:00.286+0000][151028][safepoint   ] Safepoint "G1TryInitiateConcMark", Time since last: 323950700 ns, Reaching safepoint: 177900 ns, At safepoint: 6914300 ns, Total: 7092200 ns
[2022-12-13T06:32:00.286+0000][151028][gc,marking  ] GC(265) Concurrent Cleanup for Next Mark 0.831ms
[2022-12-13T06:32:00.286+0000][151028][gc          ] GC(265) Concurrent Undo Cycle 0.939ms
[2022-12-13T06:32:00.676+0000][151028][gc,start    ] GC(266) Pause Young (Concurrent Start) (G1 Humongous Allocation)
[2022-12-13T06:32:00.676+0000][151028][gc,task     ] GC(266) Using 10 workers of 10 for evacuation
[2022-12-13T06:32:00.676+0000][151028][gc,age      ] GC(266) Desired survivor size 304087040 bytes, new threshold 15 (max threshold 15)
[2022-12-13T06:32:00.686+0000][151028][gc,phases   ] GC(266)   Pre Evacuate Collection Set: 0.9ms
[2022-12-13T06:32:00.687+0000][151028][gc,phases   ] GC(266)   Merge Heap Roots: 0.2ms
[2022-12-13T06:32:00.687+0000][151028][gc,phases   ] GC(266)   Evacuate Collection Set: 6.3ms
[2022-12-13T06:32:00.687+0000][151028][gc,phases   ] GC(266)   Post Evacuate Collection Set: 3.0ms
[2022-12-13T06:32:00.687+0000][151028][gc,phases   ] GC(266)   Other: 0.1ms
[2022-12-13T06:32:00.687+0000][151028][gc,age      ] GC(266) Age table with threshold 15 (max threshold 15)
[2022-12-13T06:32:00.687+0000][151028][gc,age      ] GC(266) - age   1:   15510512 bytes,   15510512 total
[2022-12-13T06:32:00.687+0000][151028][gc,age      ] GC(266) - age   2:     150112 bytes,   15660624 total
[2022-12-13T06:32:00.687+0000][151028][gc,age      ] GC(266) - age   3:     113456 bytes,   15774080 total
[2022-12-13T06:32:00.687+0000][151028][gc,age      ] GC(266) - age   4:     169080 bytes,   15943160 total
[2022-12-13T06:32:00.687+0000][151028][gc,age      ] GC(266) - age   5:     166440 bytes,   16109600 total
[2022-12-13T06:32:00.687+0000][151028][gc,age      ] GC(266) - age   6:     106184 bytes,   16215784 total
[2022-12-13T06:32:00.687+0000][151028][gc,age      ] GC(266) - age   7:     292016 bytes,   16507800 total
[2022-12-13T06:32:00.687+0000][151028][gc,age      ] GC(266) - age   8:       8384 bytes,   16516184 total
[2022-12-13T06:32:00.687+0000][151028][gc,age      ] GC(266) - age   9:    1139680 bytes,   17655864 total
[2022-12-13T06:32:00.687+0000][151028][gc,age      ] GC(266) - age  10:      87840 bytes,   17743704 total
[2022-12-13T06:32:00.687+0000][151028][gc,age      ] GC(266) - age  11:      18904 bytes,   17762608 total
[2022-12-13T06:32:00.687+0000][151028][gc,age      ] GC(266) - age  12:      98752 bytes,   17861360 total
[2022-12-13T06:32:00.687+0000][151028][gc,age      ] GC(266) - age  13:      16104 bytes,   17877464 total
[2022-12-13T06:32:00.687+0000][151028][gc,age      ] GC(266) - age  14:      14352 bytes,   17891816 total
[2022-12-13T06:32:00.687+0000][151028][gc,age      ] GC(266) - age  15:      58424 bytes,   17950240 total
[2022-12-13T06:32:00.687+0000][151028][gc,heap     ] GC(266) Eden regions: 37->0(1123)
[2022-12-13T06:32:00.687+0000][151028][gc,heap     ] GC(266) Survivor regions: 2->5(145)
[2022-12-13T06:32:00.687+0000][151028][gc,heap     ] GC(266) Old regions: 454->454
[2022-12-13T06:32:00.687+0000][151028][gc,heap     ] GC(266) Archive regions: 2->2
[2022-12-13T06:32:00.687+0000][151028][gc,heap     ] GC(266) Humongous regions: 126->49
[2022-12-13T06:32:00.687+0000][151028][gc,metaspace] GC(266) Metaspace: 175426K(179968K)->175426K(179968K) NonClass: 153863K(156352K)->153863K(156352K) Class: 21562K(23616K)->21562K(23616K)
[2022-12-13T06:32:00.687+0000][151028][gc          ] GC(266) Pause Young (Concurrent Start) (G1 Humongous Allocation) 2469M->2031M(7992M) 11.201ms
[2022-12-13T06:32:00.687+0000][151028][gc,cpu      ] GC(266) User=0.08s Sys=0.00s Real=0.01s
[2022-12-13T06:32:00.687+0000][151028][safepoint   ] Safepoint "G1TryInitiateConcMark", Time since last: 370988500 ns, Reaching safepoint: 18873700 ns, At safepoint: 11408100 ns, Total: 30281800 ns
[2022-12-13T06:32:00.687+0000][151028][gc          ] GC(267) Concurrent Undo Cycle
[2022-12-13T06:32:00.687+0000][151028][gc,marking  ] GC(267) Concurrent Cleanup for Next Mark
[2022-12-13T06:32:00.689+0000][151028][gc,marking  ] GC(267) Concurrent Cleanup for Next Mark 1.310ms
[2022-12-13T06:32:00.689+0000][151028][gc          ] GC(267) Concurrent Undo Cycle 1.480ms
[2022-12-13T06:32:01.165+0000][151028][gc,start    ] GC(268) Pause Young (Concurrent Start) (G1 Humongous Allocation)
[2022-12-13T06:32:01.166+0000][151028][gc,task     ] GC(268) Using 10 workers of 10 for evacuation
[2022-12-13T06:32:01.166+0000][151028][gc,age      ] GC(268) Desired survivor size 295698432 bytes, new threshold 15 (max threshold 15)
[2022-12-13T06:32:01.179+0000][151028][gc,phases   ] GC(268)   Pre Evacuate Collection Set: 0.9ms
[2022-12-13T06:32:01.179+0000][151028][gc,phases   ] GC(268)   Merge Heap Roots: 0.2ms
[2022-12-13T06:32:01.179+0000][151028][gc,phases   ] GC(268)   Evacuate Collection Set: 10.2ms
[2022-12-13T06:32:01.179+0000][151028][gc,phases   ] GC(268)   Post Evacuate Collection Set: 2.3ms
[2022-12-13T06:32:01.179+0000][151028][gc,phases   ] GC(268)   Other: 0.1ms
[2022-12-13T06:32:01.179+0000][151028][gc,age      ] GC(268) Age table with threshold 15 (max threshold 15)
[2022-12-13T06:32:01.179+0000][151028][gc,age      ] GC(268) - age   1:   18422840 bytes,   18422840 total
[2022-12-13T06:32:01.179+0000][151028][gc,age      ] GC(268) - age   2:   11788760 bytes,   30211600 total
[2022-12-13T06:32:01.179+0000][151028][gc,age      ] GC(268) - age   3:      11136 bytes,   30222736 total
[2022-12-13T06:32:01.179+0000][151028][gc,age      ] GC(268) - age   4:      91408 bytes,   30314144 total
[2022-12-13T06:32:01.179+0000][151028][gc,age      ] GC(268) - age   5:      33648 bytes,   30347792 total
[2022-12-13T06:32:01.179+0000][151028][gc,age      ] GC(268) - age   6:     163608 bytes,   30511400 total
[2022-12-13T06:32:01.179+0000][151028][gc,age      ] GC(268) - age   7:     105744 bytes,   30617144 total
[2022-12-13T06:32:01.179+0000][151028][gc,age      ] GC(268) - age   8:     274520 bytes,   30891664 total
[2022-12-13T06:32:01.179+0000][151028][gc,age      ] GC(268) - age   9:       8384 bytes,   30900048 total
[2022-12-13T06:32:01.179+0000][151028][gc,age      ] GC(268) - age  10:    1139120 bytes,   32039168 total
[2022-12-13T06:32:01.179+0000][151028][gc,age      ] GC(268) - age  11:      87712 bytes,   32126880 total
[2022-12-13T06:32:01.179+0000][151028][gc,age      ] GC(268) - age  12:      18904 bytes,   32145784 total
[2022-12-13T06:32:01.179+0000][151028][gc,age      ] GC(268) - age  13:      98088 bytes,   32243872 total
[2022-12-13T06:32:01.179+0000][151028][gc,age      ] GC(268) - age  14:      14104 bytes,   32257976 total
[2022-12-13T06:32:01.179+0000][151028][gc,age      ] GC(268) - age  15:      14032 bytes,   32272008 total
[2022-12-13T06:32:01.180+0000][151028][gc,heap     ] GC(268) Eden regions: 61->0(1160)
[2022-12-13T06:32:01.180+0000][151028][gc,heap     ] GC(268) Survivor regions: 5->9(141)
[2022-12-13T06:32:01.180+0000][151028][gc,heap     ] GC(268) Old regions: 454->454
[2022-12-13T06:32:01.180+0000][151028][gc,heap     ] GC(268) Archive regions: 2->2
[2022-12-13T06:32:01.180+0000][151028][gc,heap     ] GC(268) Humongous regions: 115->16
[2022-12-13T06:32:01.180+0000][151028][gc,metaspace] GC(268) Metaspace: 175429K(179968K)->175429K(179968K) NonClass: 153866K(156352K)->153866K(156352K) Class: 21562K(23616K)->21562K(23616K)
[2022-12-13T06:32:01.180+0000][151028][gc          ] GC(268) Pause Young (Concurrent Start) (G1 Humongous Allocation) 2537M->1912M(7992M) 14.165ms
[2022-12-13T06:32:01.180+0000][151028][gc          ] GC(269) Concurrent Undo Cycle
[2022-12-13T06:32:01.180+0000][151028][gc,marking  ] GC(269) Concurrent Cleanup for Next Mark
[2022-12-13T06:32:01.180+0000][151028][gc,cpu      ] GC(268) User=0.10s Sys=0.00s Real=0.02s
[2022-12-13T06:32:01.180+0000][151028][safepoint   ] Safepoint "G1TryInitiateConcMark", Time since last: 478048400 ns, Reaching safepoint: 191800 ns, At safepoint: 14522400 ns, Total: 14714200 ns
[2022-12-13T06:32:01.181+0000][151028][gc,marking  ] GC(269) Concurrent Cleanup for Next Mark 0.843ms
[2022-12-13T06:32:01.181+0000][151028][gc          ] GC(269) Concurrent Undo Cycle 0.940ms
[2022-12-13T06:32:02.080+0000][151028][gc,start    ] GC(270) Pause Young (Concurrent Start) (G1 Humongous Allocation)
[2022-12-13T06:32:02.080+0000][151028][gc,task     ] GC(270) Using 10 workers of 10 for evacuation
[2022-12-13T06:32:02.080+0000][151028][gc,age      ] GC(270) Desired survivor size 308281344 bytes, new threshold 15 (max threshold 15)
[2022-12-13T06:32:02.092+0000][151028][gc,phases   ] GC(270)   Pre Evacuate Collection Set: 0.9ms
[2022-12-13T06:32:02.092+0000][151028][gc,phases   ] GC(270)   Merge Heap Roots: 0.2ms
[2022-12-13T06:32:02.092+0000][151028][gc,phases   ] GC(270)   Evacuate Collection Set: 3.5ms
[2022-12-13T06:32:02.092+0000][151028][gc,phases   ] GC(270)   Post Evacuate Collection Set: 7.3ms
[2022-12-13T06:32:02.092+0000][151028][gc,phases   ] GC(270)   Other: 0.1ms
[2022-12-13T06:32:02.092+0000][151028][gc,age      ] GC(270) Age table with threshold 15 (max threshold 15)
[2022-12-13T06:32:02.092+0000][151028][gc,age      ] GC(270) - age   1:    4554600 bytes,    4554600 total
[2022-12-13T06:32:02.092+0000][151028][gc,age      ] GC(270) - age   2:    6907216 bytes,   11461816 total
[2022-12-13T06:32:02.092+0000][151028][gc,age      ] GC(270) - age   3:   10844920 bytes,   22306736 total
[2022-12-13T06:32:02.092+0000][151028][gc,age      ] GC(270) - age   4:       4176 bytes,   22310912 total
[2022-12-13T06:32:02.092+0000][151028][gc,age      ] GC(270) - age   5:      89912 bytes,   22400824 total
[2022-12-13T06:32:02.092+0000][151028][gc,age      ] GC(270) - age   6:      32088 bytes,   22432912 total
[2022-12-13T06:32:02.092+0000][151028][gc,age      ] GC(270) - age   7:     159032 bytes,   22591944 total
[2022-12-13T06:32:02.092+0000][151028][gc,age      ] GC(270) - age   8:     101544 bytes,   22693488 total
[2022-12-13T06:32:02.092+0000][151028][gc,age      ] GC(270) - age   9:     256440 bytes,   22949928 total
[2022-12-13T06:32:02.092+0000][151028][gc,age      ] GC(270) - age  10:       8384 bytes,   22958312 total
[2022-12-13T06:32:02.092+0000][151028][gc,age      ] GC(270) - age  11:    1139120 bytes,   24097432 total
[2022-12-13T06:32:02.092+0000][151028][gc,age      ] GC(270) - age  12:      22120 bytes,   24119552 total
[2022-12-13T06:32:02.092+0000][151028][gc,age      ] GC(270) - age  13:      18904 bytes,   24138456 total
[2022-12-13T06:32:02.092+0000][151028][gc,age      ] GC(270) - age  14:      98088 bytes,   24236544 total
[2022-12-13T06:32:02.092+0000][151028][gc,age      ] GC(270) - age  15:      14104 bytes,   24250648 total
[2022-12-13T06:32:02.092+0000][151028][gc,heap     ] GC(270) Eden regions: 32->0(1179)
[2022-12-13T06:32:02.092+0000][151028][gc,heap     ] GC(270) Survivor regions: 9->7(147)
[2022-12-13T06:32:02.092+0000][151028][gc,heap     ] GC(270) Old regions: 454->454
[2022-12-13T06:32:02.092+0000][151028][gc,heap     ] GC(270) Archive regions: 2->2
[2022-12-13T06:32:02.092+0000][151028][gc,heap     ] GC(270) Humongous regions: 115->8
[2022-12-13T06:32:02.092+0000][151028][gc,metaspace] GC(270) Metaspace: 175433K(179968K)->175433K(179968K) NonClass: 153870K(156352K)->153870K(156352K) Class: 21562K(23616K)->21562K(23616K)
[2022-12-13T06:32:02.092+0000][151028][gc          ] GC(270) Pause Young (Concurrent Start) (G1 Humongous Allocation) 2434M->1875M(7992M) 12.536ms
[2022-12-13T06:32:02.092+0000][151028][gc          ] GC(271) Concurrent Undo Cycle
[2022-12-13T06:32:02.092+0000][151028][gc,marking  ] GC(271) Concurrent Cleanup for Next Mark
[2022-12-13T06:32:02.092+0000][151028][gc,cpu      ] GC(270) User=0.08s Sys=0.00s Real=0.01s
[2022-12-13T06:32:02.093+0000][151028][safepoint   ] Safepoint "G1TryInitiateConcMark", Time since last: 899445300 ns, Reaching safepoint: 306100 ns, At safepoint: 13030400 ns, Total: 13336500 ns
[2022-12-13T06:32:02.093+0000][151028][gc,marking  ] GC(271) Concurrent Cleanup for Next Mark 1.005ms
[2022-12-13T06:32:02.093+0000][151028][gc          ] GC(271) Concurrent Undo Cycle 1.096ms
[2022-12-13T06:32:02.760+0000][151028][gc,start    ] GC(272) Pause Young (Concurrent Start) (G1 Humongous Allocation)
[2022-12-13T06:32:02.760+0000][151028][gc,task     ] GC(272) Using 10 workers of 10 for evacuation
[2022-12-13T06:32:02.760+0000][151028][gc,age      ] GC(272) Desired survivor size 312475648 bytes, new threshold 15 (max threshold 15)
[2022-12-13T06:32:02.769+0000][151028][gc,phases   ] GC(272)   Pre Evacuate Collection Set: 0.8ms
[2022-12-13T06:32:02.769+0000][151028][gc,phases   ] GC(272)   Merge Heap Roots: 0.2ms
[2022-12-13T06:32:02.769+0000][151028][gc,phases   ] GC(272)   Evacuate Collection Set: 4.9ms
[2022-12-13T06:32:02.769+0000][151028][gc,phases   ] GC(272)   Post Evacuate Collection Set: 3.1ms
[2022-12-13T06:32:02.769+0000][151028][gc,phases   ] GC(272)   Other: 0.2ms
[2022-12-13T06:32:02.769+0000][151028][gc,age      ] GC(272) Age table with threshold 15 (max threshold 15)
[2022-12-13T06:32:02.769+0000][151028][gc,age      ] GC(272) - age   1:    4310520 bytes,    4310520 total
[2022-12-13T06:32:02.769+0000][151028][gc,age      ] GC(272) - age   2:      79560 bytes,    4390080 total
[2022-12-13T06:32:02.769+0000][151028][gc,age      ] GC(272) - age   3:      54688 bytes,    4444768 total
[2022-12-13T06:32:02.769+0000][151028][gc,age      ] GC(272) - age   4:     165704 bytes,    4610472 total
[2022-12-13T06:32:02.769+0000][151028][gc,age      ] GC(272) - age   5:       3664 bytes,    4614136 total
[2022-12-13T06:32:02.769+0000][151028][gc,age      ] GC(272) - age   6:      72712 bytes,    4686848 total
[2022-12-13T06:32:02.769+0000][151028][gc,age      ] GC(272) - age   7:      26568 bytes,    4713416 total
[2022-12-13T06:32:02.769+0000][151028][gc,age      ] GC(272) - age   8:     141872 bytes,    4855288 total
[2022-12-13T06:32:02.769+0000][151028][gc,age      ] GC(272) - age   9:     101424 bytes,    4956712 total
[2022-12-13T06:32:02.769+0000][151028][gc,age      ] GC(272) - age  10:     254432 bytes,    5211144 total
[2022-12-13T06:32:02.769+0000][151028][gc,age      ] GC(272) - age  11:       7568 bytes,    5218712 total
[2022-12-13T06:32:02.769+0000][151028][gc,age      ] GC(272) - age  12:    1122720 bytes,    6341432 total
[2022-12-13T06:32:02.769+0000][151028][gc,age      ] GC(272) - age  13:      21840 bytes,    6363272 total
[2022-12-13T06:32:02.769+0000][151028][gc,age      ] GC(272) - age  14:      18824 bytes,    6382096 total
[2022-12-13T06:32:02.769+0000][151028][gc,age      ] GC(272) - age  15:      96688 bytes,    6478784 total
[2022-12-13T06:32:02.769+0000][151028][gc,heap     ] GC(272) Eden regions: 40->0(1153)
[2022-12-13T06:32:02.769+0000][151028][gc,heap     ] GC(272) Survivor regions: 7->5(149)
[2022-12-13T06:32:02.769+0000][151028][gc,heap     ] GC(272) Old regions: 454->454
[2022-12-13T06:32:02.769+0000][151028][gc,heap     ] GC(272) Archive regions: 2->2
[2022-12-13T06:32:02.769+0000][151028][gc,heap     ] GC(272) Humongous regions: 144->41
[2022-12-13T06:32:02.769+0000][151028][gc,metaspace] GC(272) Metaspace: 175449K(180032K)->175449K(180032K) NonClass: 153884K(156416K)->153884K(156416K) Class: 21565K(23616K)->21565K(23616K)
[2022-12-13T06:32:02.769+0000][151028][gc          ] GC(272) Pause Young (Concurrent Start) (G1 Humongous Allocation) 2578M->1999M(7992M) 9.678ms
[2022-12-13T06:32:02.769+0000][151028][gc,cpu      ] GC(272) User=0.04s Sys=0.01s Real=0.00s
[2022-12-13T06:32:02.769+0000][151028][gc          ] GC(273) Concurrent Undo Cycle
[2022-12-13T06:32:02.769+0000][151028][safepoint   ] Safepoint "G1TryInitiateConcMark", Time since last: 666628500 ns, Reaching safepoint: 209900 ns, At safepoint: 9877900 ns, Total: 10087800 ns
[2022-12-13T06:32:02.769+0000][151028][gc,marking  ] GC(273) Concurrent Cleanup for Next Mark
[2022-12-13T06:32:02.770+0000][151028][gc,marking  ] GC(273) Concurrent Cleanup for Next Mark 1.014ms
[2022-12-13T06:32:02.771+0000][151028][gc          ] GC(273) Concurrent Undo Cycle 1.202ms
[2022-12-13T06:32:03.770+0000][151028][safepoint   ] Safepoint "Cleanup", Time since last: 1000207000 ns, Reaching safepoint: 293900 ns, At safepoint: 103000 ns, Total: 396900 ns
[2022-12-13T06:32:04.359+0000][151028][gc,start    ] GC(274) Pause Young (Concurrent Start) (G1 Humongous Allocation)
[2022-12-13T06:32:04.359+0000][151028][gc,task     ] GC(274) Using 10 workers of 10 for evacuation
[2022-12-13T06:32:04.359+0000][151028][gc,age      ] GC(274) Desired survivor size 304087040 bytes, new threshold 15 (max threshold 15)
[2022-12-13T06:32:04.388+0000][151028][gc,phases   ] GC(274)   Pre Evacuate Collection Set: 0.8ms
[2022-12-13T06:32:04.388+0000][151028][gc,phases   ] GC(274)   Merge Heap Roots: 0.2ms
[2022-12-13T06:32:04.388+0000][151028][gc,phases   ] GC(274)   Evacuate Collection Set: 5.0ms
[2022-12-13T06:32:04.388+0000][151028][gc,phases   ] GC(274)   Post Evacuate Collection Set: 22.3ms
[2022-12-13T06:32:04.388+0000][151028][gc,phases   ] GC(274)   Other: 0.2ms
[2022-12-13T06:32:04.388+0000][151028][gc,age      ] GC(274) Age table with threshold 15 (max threshold 15)
[2022-12-13T06:32:04.388+0000][151028][gc,age      ] GC(274) - age   1:   50567208 bytes,   50567208 total
[2022-12-13T06:32:04.388+0000][151028][gc,age      ] GC(274) - age   2:    1170616 bytes,   51737824 total
[2022-12-13T06:32:04.388+0000][151028][gc,age      ] GC(274) - age   3:      34240 bytes,   51772064 total
[2022-12-13T06:32:04.388+0000][151028][gc,age      ] GC(274) - age   4:      47208 bytes,   51819272 total
[2022-12-13T06:32:04.388+0000][151028][gc,age      ] GC(274) - age   5:      21464 bytes,   51840736 total
[2022-12-13T06:32:04.388+0000][151028][gc,age      ] GC(274) - age   6:       3344 bytes,   51844080 total
[2022-12-13T06:32:04.388+0000][151028][gc,age      ] GC(274) - age   7:      70856 bytes,   51914936 total
[2022-12-13T06:32:04.388+0000][151028][gc,age      ] GC(274) - age   8:       3952 bytes,   51918888 total
[2022-12-13T06:32:04.388+0000][151028][gc,age      ] GC(274) - age   9:     116952 bytes,   52035840 total
[2022-12-13T06:32:04.388+0000][151028][gc,age      ] GC(274) - age  10:     100480 bytes,   52136320 total
[2022-12-13T06:32:04.388+0000][151028][gc,age      ] GC(274) - age  11:     230768 bytes,   52367088 total
[2022-12-13T06:32:04.388+0000][151028][gc,age      ] GC(274) - age  12:       7488 bytes,   52374576 total
[2022-12-13T06:32:04.388+0000][151028][gc,age      ] GC(274) - age  13:       4248 bytes,   52378824 total
[2022-12-13T06:32:04.388+0000][151028][gc,age      ] GC(274) - age  14:      21800 bytes,   52400624 total
[2022-12-13T06:32:04.388+0000][151028][gc,age      ] GC(274) - age  15:      18784 bytes,   52419408 total
[2022-12-13T06:32:04.388+0000][151028][gc,heap     ] GC(274) Eden regions: 200->0(1141)
[2022-12-13T06:32:04.388+0000][151028][gc,heap     ] GC(274) Survivor regions: 5->13(145)
[2022-12-13T06:32:04.388+0000][151028][gc,heap     ] GC(274) Old regions: 454->454
[2022-12-13T06:32:04.388+0000][151028][gc,heap     ] GC(274) Archive regions: 2->2
[2022-12-13T06:32:04.388+0000][151028][gc,heap     ] GC(274) Humongous regions: 136->41
[2022-12-13T06:32:04.388+0000][151028][gc,metaspace] GC(274) Metaspace: 175450K(180032K)->175450K(180032K) NonClass: 153885K(156416K)->153885K(156416K) Class: 21565K(23616K)->21565K(23616K)
[2022-12-13T06:32:04.388+0000][151028][gc          ] GC(274) Pause Young (Concurrent Start) (G1 Humongous Allocation) 3179M->2031M(7992M) 29.070ms
[2022-12-13T06:32:04.388+0000][151028][gc,cpu      ] GC(274) User=0.18s Sys=0.01s Real=0.02s
[2022-12-13T06:32:04.388+0000][151028][gc          ] GC(275) Concurrent Undo Cycle
[2022-12-13T06:32:04.388+0000][151028][gc,marking  ] GC(275) Concurrent Cleanup for Next Mark
[2022-12-13T06:32:04.388+0000][151028][safepoint   ] Safepoint "G1TryInitiateConcMark", Time since last: 584079900 ns, Reaching safepoint: 4831400 ns, At safepoint: 29322400 ns, Total: 34153800 ns
[2022-12-13T06:32:04.389+0000][151028][gc,marking  ] GC(275) Concurrent Cleanup for Next Mark 0.609ms
[2022-12-13T06:32:04.389+0000][151028][gc          ] GC(275) Concurrent Undo Cycle 0.762ms
[2022-12-13T06:32:04.499+0000][151028][gc,start    ] GC(276) Pause Young (Concurrent Start) (G1 Humongous Allocation)
[2022-12-13T06:32:04.499+0000][151028][gc,task     ] GC(276) Using 10 workers of 10 for evacuation
[2022-12-13T06:32:04.499+0000][151028][gc,age      ] GC(276) Desired survivor size 304087040 bytes, new threshold 15 (max threshold 15)
[2022-12-13T06:32:04.504+0000][151028][gc,phases   ] GC(276)   Pre Evacuate Collection Set: 0.8ms
[2022-12-13T06:32:04.505+0000][151028][gc,phases   ] GC(276)   Merge Heap Roots: 0.2ms
[2022-12-13T06:32:04.505+0000][151028][gc,phases   ] GC(276)   Evacuate Collection Set: 3.1ms
[2022-12-13T06:32:04.505+0000][151028][gc,phases   ] GC(276)   Post Evacuate Collection Set: 1.5ms
[2022-12-13T06:32:04.505+0000][151028][gc,phases   ] GC(276)   Other: 0.2ms
[2022-12-13T06:32:04.505+0000][151028][gc,age      ] GC(276) Age table with threshold 15 (max threshold 15)
[2022-12-13T06:32:04.505+0000][151028][gc,age      ] GC(276) - age   1:    2240888 bytes,    2240888 total
[2022-12-13T06:32:04.505+0000][151028][gc,age      ] GC(276) - age   2:     682008 bytes,    2922896 total
[2022-12-13T06:32:04.505+0000][151028][gc,age      ] GC(276) - age   3:    1168096 bytes,    4090992 total
[2022-12-13T06:32:04.505+0000][151028][gc,age      ] GC(276) - age   4:      34120 bytes,    4125112 total
[2022-12-13T06:32:04.505+0000][151028][gc,age      ] GC(276) - age   5:      47088 bytes,    4172200 total
[2022-12-13T06:32:04.505+0000][151028][gc,age      ] GC(276) - age   6:      20384 bytes,    4192584 total
[2022-12-13T06:32:04.505+0000][151028][gc,age      ] GC(276) - age   7:       3344 bytes,    4195928 total
[2022-12-13T06:32:04.505+0000][151028][gc,age      ] GC(276) - age   8:      70856 bytes,    4266784 total
[2022-12-13T06:32:04.505+0000][151028][gc,age      ] GC(276) - age   9:       3832 bytes,    4270616 total
[2022-12-13T06:32:04.505+0000][151028][gc,age      ] GC(276) - age  10:     116952 bytes,    4387568 total
[2022-12-13T06:32:04.505+0000][151028][gc,age      ] GC(276) - age  11:     100480 bytes,    4488048 total
[2022-12-13T06:32:04.505+0000][151028][gc,age      ] GC(276) - age  12:     230368 bytes,    4718416 total
[2022-12-13T06:32:04.505+0000][151028][gc,age      ] GC(276) - age  13:       7488 bytes,    4725904 total
[2022-12-13T06:32:04.505+0000][151028][gc,age      ] GC(276) - age  14:       4248 bytes,    4730152 total
[2022-12-13T06:32:04.505+0000][151028][gc,age      ] GC(276) - age  15:      21800 bytes,    4751952 total
[2022-12-13T06:32:04.505+0000][151028][gc,heap     ] GC(276) Eden regions: 10->0(1130)
[2022-12-13T06:32:04.505+0000][151028][gc,heap     ] GC(276) Survivor regions: 13->3(145)
[2022-12-13T06:32:04.505+0000][151028][gc,heap     ] GC(276) Old regions: 454->454
[2022-12-13T06:32:04.505+0000][151028][gc,heap     ] GC(276) Archive regions: 2->2
[2022-12-13T06:32:04.505+0000][151028][gc,heap     ] GC(276) Humongous regions: 144->43
[2022-12-13T06:32:04.505+0000][151028][gc,metaspace] GC(276) Metaspace: 175450K(180032K)->175450K(180032K) NonClass: 153885K(156416K)->153885K(156416K) Class: 21565K(23616K)->21565K(23616K)
[2022-12-13T06:32:04.505+0000][151028][gc          ] GC(276) Pause Young (Concurrent Start) (G1 Humongous Allocation) 2482M->1999M(7992M) 6.259ms
[2022-12-13T06:32:04.505+0000][151028][gc,cpu      ] GC(276) User=0.03s Sys=0.00s Real=0.00s
[2022-12-13T06:32:04.505+0000][151028][gc          ] GC(277) Concurrent Undo Cycle
[2022-12-13T06:32:04.505+0000][151028][safepoint   ] Safepoint "G1TryInitiateConcMark", Time since last: 94856900 ns, Reaching safepoint: 15459300 ns, At safepoint: 6484200 ns, Total: 21943500 ns
[2022-12-13T06:32:04.505+0000][151028][gc,marking  ] GC(277) Concurrent Cleanup for Next Mark
[2022-12-13T06:32:04.506+0000][151028][gc,marking  ] GC(277) Concurrent Cleanup for Next Mark 0.752ms
[2022-12-13T06:32:04.506+0000][151028][gc          ] GC(277) Concurrent Undo Cycle 0.917ms
[2022-12-13T06:32:04.841+0000][151028][safepoint   ] Safepoint "G1TryInitiateConcMark", Time since last: 335798100 ns, Reaching safepoint: 328000 ns, At safepoint: 59500 ns, Total: 387500 ns
[2022-12-13T06:32:04.842+0000][151028][gc,start    ] GC(278) Pause Young (Concurrent Start) (G1 Humongous Allocation)
[2022-12-13T06:32:04.842+0000][151028][gc,task     ] GC(278) Using 10 workers of 10 for evacuation
[2022-12-13T06:32:04.842+0000][151028][gc,age      ] GC(278) Desired survivor size 297795584 bytes, new threshold 15 (max threshold 15)
[2022-12-13T06:32:04.852+0000][151028][gc,phases   ] GC(278)   Pre Evacuate Collection Set: 1.0ms
[2022-12-13T06:32:04.852+0000][151028][gc,phases   ] GC(278)   Merge Heap Roots: 0.2ms
[2022-12-13T06:32:04.852+0000][151028][gc,phases   ] GC(278)   Evacuate Collection Set: 5.2ms
[2022-12-13T06:32:04.852+0000][151028][gc,phases   ] GC(278)   Post Evacuate Collection Set: 4.0ms
[2022-12-13T06:32:04.852+0000][151028][gc,phases   ] GC(278)   Other: 0.2ms
[2022-12-13T06:32:04.852+0000][151028][gc,age      ] GC(278) Age table with threshold 15 (max threshold 15)
[2022-12-13T06:32:04.853+0000][151028][gc,age      ] GC(278) - age   1:   19196784 bytes,   19196784 total
[2022-12-13T06:32:04.853+0000][151028][gc,age      ] GC(278) - age   2:     137144 bytes,   19333928 total
[2022-12-13T06:32:04.853+0000][151028][gc,age      ] GC(278) - age   3:     407200 bytes,   19741128 total
[2022-12-13T06:32:04.853+0000][151028][gc,age      ] GC(278) - age   4:    1166096 bytes,   20907224 total
[2022-12-13T06:32:04.853+0000][151028][gc,age      ] GC(278) - age   5:      33920 bytes,   20941144 total
[2022-12-13T06:32:04.853+0000][151028][gc,age      ] GC(278) - age   6:      30304 bytes,   20971448 total
[2022-12-13T06:32:04.853+0000][151028][gc,age      ] GC(278) - age   7:      18872 bytes,   20990320 total
[2022-12-13T06:32:04.853+0000][151028][gc,age      ] GC(278) - age   8:       3064 bytes,   20993384 total
[2022-12-13T06:32:04.853+0000][151028][gc,age      ] GC(278) - age   9:      70136 bytes,   21063520 total
[2022-12-13T06:32:04.853+0000][151028][gc,age      ] GC(278) - age  10:       1976 bytes,   21065496 total
[2022-12-13T06:32:04.853+0000][151028][gc,age      ] GC(278) - age  11:     115272 bytes,   21180768 total
[2022-12-13T06:32:04.853+0000][151028][gc,age      ] GC(278) - age  12:      99944 bytes,   21280712 total
[2022-12-13T06:32:04.853+0000][151028][gc,age      ] GC(278) - age  13:     230144 bytes,   21510856 total
[2022-12-13T06:32:04.853+0000][151028][gc,age      ] GC(278) - age  14:       7488 bytes,   21518344 total
[2022-12-13T06:32:04.853+0000][151028][gc,age      ] GC(278) - age  15:       4248 bytes,   21522592 total
[2022-12-13T06:32:04.853+0000][151028][gc,heap     ] GC(278) Eden regions: 44->0(1164)
[2022-12-13T06:32:04.853+0000][151028][gc,heap     ] GC(278) Survivor regions: 3->6(142)
[2022-12-13T06:32:04.853+0000][151028][gc,heap     ] GC(278) Old regions: 454->454
[2022-12-13T06:32:04.853+0000][151028][gc,heap     ] GC(278) Archive regions: 2->2
[2022-12-13T06:32:04.853+0000][151028][gc,heap     ] GC(278) Humongous regions: 142->8
[2022-12-13T06:32:04.853+0000][151028][gc,metaspace] GC(278) Metaspace: 175454K(180032K)->175454K(180032K) NonClass: 153889K(156416K)->153889K(156416K) Class: 21565K(23616K)->21565K(23616K)
[2022-12-13T06:32:04.853+0000][151028][gc          ] GC(278) Pause Young (Concurrent Start) (G1 Humongous Allocation) 2571M->1871M(7992M) 11.031ms
[2022-12-13T06:32:04.853+0000][151028][gc,cpu      ] GC(278) User=0.07s Sys=0.01s Real=0.01s
[2022-12-13T06:32:04.853+0000][151028][gc          ] GC(279) Concurrent Undo Cycle
[2022-12-13T06:32:04.853+0000][151028][gc,marking  ] GC(279) Concurrent Cleanup for Next Mark
[2022-12-13T06:32:04.853+0000][151028][safepoint   ] Safepoint "G1TryInitiateConcMark", Time since last: 144800 ns, Reaching safepoint: 313900 ns, At safepoint: 11294900 ns, Total: 11608800 ns
[2022-12-13T06:32:04.866+0000][151028][gc,marking  ] GC(279) Concurrent Cleanup for Next Mark 13.038ms
[2022-12-13T06:32:04.866+0000][151028][gc          ] GC(279) Concurrent Undo Cycle 13.278ms
[2022-12-13T06:32:05.483+0000][151028][gc,start    ] GC(280) Pause Young (Concurrent Start) (G1 Humongous Allocation)
[2022-12-13T06:32:05.483+0000][151028][gc,task     ] GC(280) Using 10 workers of 10 for evacuation
[2022-12-13T06:32:05.483+0000][151028][gc,age      ] GC(280) Desired survivor size 308281344 bytes, new threshold 15 (max threshold 15)
[2022-12-13T06:32:05.499+0000][151028][gc,phases   ] GC(280)   Pre Evacuate Collection Set: 0.9ms
[2022-12-13T06:32:05.499+0000][151028][gc,phases   ] GC(280)   Merge Heap Roots: 0.3ms
[2022-12-13T06:32:05.499+0000][151028][gc,phases   ] GC(280)   Evacuate Collection Set: 10.9ms
[2022-12-13T06:32:05.499+0000][151028][gc,phases   ] GC(280)   Post Evacuate Collection Set: 3.6ms
[2022-12-13T06:32:05.499+0000][151028][gc,phases   ] GC(280)   Other: 0.2ms
[2022-12-13T06:32:05.499+0000][151028][gc,age      ] GC(280) Age table with threshold 15 (max threshold 15)
[2022-12-13T06:32:05.499+0000][151028][gc,age      ] GC(280) - age   1:   10409728 bytes,   10409728 total
[2022-12-13T06:32:05.499+0000][151028][gc,age      ] GC(280) - age   2:   12353392 bytes,   22763120 total
[2022-12-13T06:32:05.499+0000][151028][gc,age      ] GC(280) - age   3:     136120 bytes,   22899240 total
[2022-12-13T06:32:05.499+0000][151028][gc,age      ] GC(280) - age   4:     222200 bytes,   23121440 total
[2022-12-13T06:32:05.499+0000][151028][gc,age      ] GC(280) - age   5:    1164952 bytes,   24286392 total
[2022-12-13T06:32:05.499+0000][151028][gc,age      ] GC(280) - age   6:      31880 bytes,   24318272 total
[2022-12-13T06:32:05.499+0000][151028][gc,age      ] GC(280) - age   7:      27472 bytes,   24345744 total
[2022-12-13T06:32:05.499+0000][151028][gc,age      ] GC(280) - age   8:      18472 bytes,   24364216 total
[2022-12-13T06:32:05.499+0000][151028][gc,age      ] GC(280) - age   9:       2864 bytes,   24367080 total
[2022-12-13T06:32:05.499+0000][151028][gc,age      ] GC(280) - age  10:      68960 bytes,   24436040 total
[2022-12-13T06:32:05.499+0000][151028][gc,age      ] GC(280) - age  11:       1576 bytes,   24437616 total
[2022-12-13T06:32:05.499+0000][151028][gc,age      ] GC(280) - age  12:     114144 bytes,   24551760 total
[2022-12-13T06:32:05.499+0000][151028][gc,age      ] GC(280) - age  13:      99944 bytes,   24651704 total
[2022-12-13T06:32:05.499+0000][151028][gc,age      ] GC(280) - age  14:     230144 bytes,   24881848 total
[2022-12-13T06:32:05.499+0000][151028][gc,age      ] GC(280) - age  15:       7488 bytes,   24889336 total
[2022-12-13T06:32:05.500+0000][151028][gc,heap     ] GC(280) Eden regions: 109->0(1076)
[2022-12-13T06:32:05.500+0000][151028][gc,heap     ] GC(280) Survivor regions: 6->7(147)
[2022-12-13T06:32:05.500+0000][151028][gc,heap     ] GC(280) Old regions: 454->454
[2022-12-13T06:32:05.500+0000][151028][gc,heap     ] GC(280) Archive regions: 2->2
[2022-12-13T06:32:05.500+0000][151028][gc,heap     ] GC(280) Humongous regions: 130->56
[2022-12-13T06:32:05.500+0000][151028][gc,metaspace] GC(280) Metaspace: 175455K(180032K)->175455K(180032K) NonClass: 153890K(156416K)->153890K(156416K) Class: 21565K(23616K)->21565K(23616K)
[2022-12-13T06:32:05.500+0000][151028][gc          ] GC(280) Pause Young (Concurrent Start) (G1 Humongous Allocation) 2793M->2066M(7992M) 16.674ms
[2022-12-13T06:32:05.500+0000][151028][gc          ] GC(281) Concurrent Undo Cycle
[2022-12-13T06:32:05.500+0000][151028][gc,cpu      ] GC(280) User=0.09s Sys=0.00s Real=0.02s
[2022-12-13T06:32:05.500+0000][151028][gc,marking  ] GC(281) Concurrent Cleanup for Next Mark
[2022-12-13T06:32:05.500+0000][151028][safepoint   ] Safepoint "G1TryInitiateConcMark", Time since last: 617983500 ns, Reaching safepoint: 11987300 ns, At safepoint: 17094900 ns, Total: 29082200 ns
[2022-12-13T06:32:05.501+0000][151028][gc,marking  ] GC(281) Concurrent Cleanup for Next Mark 1.397ms
[2022-12-13T06:32:05.501+0000][151028][gc          ] GC(281) Concurrent Undo Cycle 1.580ms
[2022-12-13T06:32:05.660+0000][151028][gc,start    ] GC(282) Pause Young (Concurrent Start) (G1 Humongous Allocation)
[2022-12-13T06:32:05.660+0000][151028][gc,task     ] GC(282) Using 10 workers of 10 for evacuation
[2022-12-13T06:32:05.660+0000][151028][gc,age      ] GC(282) Desired survivor size 285212672 bytes, new threshold 15 (max threshold 15)
[2022-12-13T06:32:05.671+0000][151028][gc,phases   ] GC(282)   Pre Evacuate Collection Set: 1.0ms
[2022-12-13T06:32:05.671+0000][151028][gc,phases   ] GC(282)   Merge Heap Roots: 0.6ms
[2022-12-13T06:32:05.671+0000][151028][gc,phases   ] GC(282)   Evacuate Collection Set: 6.5ms
[2022-12-13T06:32:05.671+0000][151028][gc,phases   ] GC(282)   Post Evacuate Collection Set: 2.7ms
[2022-12-13T06:32:05.671+0000][151028][gc,phases   ] GC(282)   Other: 0.2ms
[2022-12-13T06:32:05.671+0000][151028][gc,age      ] GC(282) Age table with threshold 15 (max threshold 15)
[2022-12-13T06:32:05.671+0000][151028][gc,age      ] GC(282) - age   1:    6256128 bytes,    6256128 total
[2022-12-13T06:32:05.671+0000][151028][gc,age      ] GC(282) - age   2:    3855672 bytes,   10111800 total
[2022-12-13T06:32:05.671+0000][151028][gc,age      ] GC(282) - age   3:    6866960 bytes,   16978760 total
[2022-12-13T06:32:05.671+0000][151028][gc,age      ] GC(282) - age   4:     135880 bytes,   17114640 total
[2022-12-13T06:32:05.671+0000][151028][gc,age      ] GC(282) - age   5:     220376 bytes,   17335016 total
[2022-12-13T06:32:05.671+0000][151028][gc,age      ] GC(282) - age   6:    1164672 bytes,   18499688 total
[2022-12-13T06:32:05.671+0000][151028][gc,age      ] GC(282) - age   7:      31840 bytes,   18531528 total
[2022-12-13T06:32:05.672+0000][151028][gc,age      ] GC(282) - age   8:      27472 bytes,   18559000 total
[2022-12-13T06:32:05.672+0000][151028][gc,age      ] GC(282) - age   9:      18192 bytes,   18577192 total
[2022-12-13T06:32:05.672+0000][151028][gc,age      ] GC(282) - age  10:       2864 bytes,   18580056 total
[2022-12-13T06:32:05.672+0000][151028][gc,age      ] GC(282) - age  11:      68760 bytes,   18648816 total
[2022-12-13T06:32:05.672+0000][151028][gc,age      ] GC(282) - age  12:       1576 bytes,   18650392 total
[2022-12-13T06:32:05.672+0000][151028][gc,age      ] GC(282) - age  13:     114144 bytes,   18764536 total
[2022-12-13T06:32:05.672+0000][151028][gc,age      ] GC(282) - age  14:      99944 bytes,   18864480 total
[2022-12-13T06:32:05.672+0000][151028][gc,age      ] GC(282) - age  15:     230144 bytes,   19094624 total
[2022-12-13T06:32:05.672+0000][151028][gc,heap     ] GC(282) Eden regions: 28->0(1093)
[2022-12-13T06:32:05.672+0000][151028][gc,heap     ] GC(282) Survivor regions: 7->6(136)
[2022-12-13T06:32:05.672+0000][151028][gc,heap     ] GC(282) Old regions: 454->454
[2022-12-13T06:32:05.672+0000][151028][gc,heap     ] GC(282) Archive regions: 2->2
[2022-12-13T06:32:05.672+0000][151028][gc,heap     ] GC(282) Humongous regions: 143->60
[2022-12-13T06:32:05.672+0000][151028][gc,metaspace] GC(282) Metaspace: 175455K(180032K)->175455K(180032K) NonClass: 153890K(156416K)->153890K(156416K) Class: 21565K(23616K)->21565K(23616K)
[2022-12-13T06:32:05.672+0000][151028][gc          ] GC(282) Pause Young (Concurrent Start) (G1 Humongous Allocation) 2524M->2078M(7992M) 11.515ms
[2022-12-13T06:32:05.672+0000][151028][gc          ] GC(283) Concurrent Undo Cycle
[2022-12-13T06:32:05.672+0000][151028][gc,cpu      ] GC(282) User=0.07s Sys=0.00s Real=0.01s
[2022-12-13T06:32:05.672+0000][151028][gc,marking  ] GC(283) Concurrent Cleanup for Next Mark
[2022-12-13T06:32:05.672+0000][151028][safepoint   ] Safepoint "G1TryInitiateConcMark", Time since last: 139001000 ns, Reaching safepoint: 21092700 ns, At safepoint: 11927700 ns, Total: 33020400 ns
[2022-12-13T06:32:05.673+0000][151028][gc,marking  ] GC(283) Concurrent Cleanup for Next Mark 1.043ms
[2022-12-13T06:32:05.673+0000][151028][gc          ] GC(283) Concurrent Undo Cycle 1.188ms
[2022-12-13T06:32:05.900+0000][151028][safepoint   ] Safepoint "G1TryInitiateConcMark", Time since last: 227260300 ns, Reaching safepoint: 223900 ns, At safepoint: 64700 ns, Total: 288600 ns
[2022-12-13T06:32:05.900+0000][151028][gc,start    ] GC(284) Pause Young (Concurrent Start) (G1 Humongous Allocation)
[2022-12-13T06:32:05.900+0000][151028][gc,task     ] GC(284) Using 10 workers of 10 for evacuation
[2022-12-13T06:32:05.900+0000][151028][gc,age      ] GC(284) Desired survivor size 289406976 bytes, new threshold 15 (max threshold 15)
[2022-12-13T06:32:05.912+0000][151028][gc,phases   ] GC(284)   Pre Evacuate Collection Set: 0.8ms
[2022-12-13T06:32:05.912+0000][151028][gc,phases   ] GC(284)   Merge Heap Roots: 0.2ms
[2022-12-13T06:32:05.912+0000][151028][gc,phases   ] GC(284)   Evacuate Collection Set: 6.1ms
[2022-12-13T06:32:05.912+0000][151028][gc,phases   ] GC(284)   Post Evacuate Collection Set: 4.1ms
[2022-12-13T06:32:05.912+0000][151028][gc,phases   ] GC(284)   Other: 0.1ms
[2022-12-13T06:32:05.912+0000][151028][gc,age      ] GC(284) Age table with threshold 15 (max threshold 15)
[2022-12-13T06:32:05.912+0000][151028][gc,age      ] GC(284) - age   1:   13272664 bytes,   13272664 total
[2022-12-13T06:32:05.912+0000][151028][gc,age      ] GC(284) - age   2:     401960 bytes,   13674624 total
[2022-12-13T06:32:05.912+0000][151028][gc,age      ] GC(284) - age   3:    3466688 bytes,   17141312 total
[2022-12-13T06:32:05.912+0000][151028][gc,age      ] GC(284) - age   4:    1695040 bytes,   18836352 total
[2022-12-13T06:32:05.912+0000][151028][gc,age      ] GC(284) - age   5:     135248 bytes,   18971600 total
[2022-12-13T06:32:05.912+0000][151028][gc,age      ] GC(284) - age   6:     217048 bytes,   19188648 total
[2022-12-13T06:32:05.912+0000][151028][gc,age      ] GC(284) - age   7:    1163800 bytes,   20352448 total
[2022-12-13T06:32:05.912+0000][151028][gc,age      ] GC(284) - age   8:      30720 bytes,   20383168 total
[2022-12-13T06:32:05.912+0000][151028][gc,age      ] GC(284) - age   9:      27072 bytes,   20410240 total
[2022-12-13T06:32:05.912+0000][151028][gc,age      ] GC(284) - age  10:      12552 bytes,   20422792 total
[2022-12-13T06:32:05.912+0000][151028][gc,age      ] GC(284) - age  11:       2744 bytes,   20425536 total
[2022-12-13T06:32:05.912+0000][151028][gc,age      ] GC(284) - age  12:      68360 bytes,   20493896 total
[2022-12-13T06:32:05.912+0000][151028][gc,age      ] GC(284) - age  13:       1536 bytes,   20495432 total
[2022-12-13T06:32:05.912+0000][151028][gc,age      ] GC(284) - age  14:     114144 bytes,   20609576 total
[2022-12-13T06:32:05.912+0000][151028][gc,age      ] GC(284) - age  15:      99744 bytes,   20709320 total
[2022-12-13T06:32:05.912+0000][151028][gc,heap     ] GC(284) Eden regions: 26->0(1142)
[2022-12-13T06:32:05.912+0000][151028][gc,heap     ] GC(284) Survivor regions: 6->7(138)
[2022-12-13T06:32:05.912+0000][151028][gc,heap     ] GC(284) Old regions: 454->454
[2022-12-13T06:32:05.912+0000][151028][gc,heap     ] GC(284) Archive regions: 2->2
[2022-12-13T06:32:05.912+0000][151028][gc,heap     ] GC(284) Humongous regions: 140->18
[2022-12-13T06:32:05.912+0000][151028][gc,metaspace] GC(284) Metaspace: 175456K(180032K)->175456K(180032K) NonClass: 153891K(156416K)->153891K(156416K) Class: 21565K(23616K)->21565K(23616K)
[2022-12-13T06:32:05.912+0000][151028][gc          ] GC(284) Pause Young (Concurrent Start) (G1 Humongous Allocation) 2498M->1913M(7992M) 11.824ms
[2022-12-13T06:32:05.912+0000][151028][gc,cpu      ] GC(284) User=0.09s Sys=0.00s Real=0.01s
[2022-12-13T06:32:05.912+0000][151028][gc          ] GC(285) Concurrent Undo Cycle
[2022-12-13T06:32:05.912+0000][151028][gc,marking  ] GC(285) Concurrent Cleanup for Next Mark
[2022-12-13T06:32:05.912+0000][151028][safepoint   ] Safepoint "G1TryInitiateConcMark", Time since last: 134800 ns, Reaching safepoint: 304100 ns, At safepoint: 12055600 ns, Total: 12359700 ns
[2022-12-13T06:32:05.913+0000][151028][gc,marking  ] GC(285) Concurrent Cleanup for Next Mark 1.117ms
[2022-12-13T06:32:05.913+0000][151028][gc          ] GC(285) Concurrent Undo Cycle 1.466ms
[2022-12-13T06:32:06.669+0000][151028][gc,start    ] GC(286) Pause Young (Concurrent Start) (G1 Humongous Allocation)
[2022-12-13T06:32:06.669+0000][151028][gc,task     ] GC(286) Using 10 workers of 10 for evacuation
[2022-12-13T06:32:06.669+0000][151028][gc,age      ] GC(286) Desired survivor size 301989888 bytes, new threshold 15 (max threshold 15)
[2022-12-13T06:32:06.686+0000][151028][gc,phases   ] GC(286)   Pre Evacuate Collection Set: 0.9ms
[2022-12-13T06:32:06.686+0000][151028][gc,phases   ] GC(286)   Merge Heap Roots: 0.3ms
[2022-12-13T06:32:06.686+0000][151028][gc,phases   ] GC(286)   Evacuate Collection Set: 10.6ms
[2022-12-13T06:32:06.686+0000][151028][gc,phases   ] GC(286)   Post Evacuate Collection Set: 5.2ms
[2022-12-13T06:32:06.686+0000][151028][gc,phases   ] GC(286)   Other: 0.2ms
[2022-12-13T06:32:06.686+0000][151028][gc,age      ] GC(286) Age table with threshold 15 (max threshold 15)
[2022-12-13T06:32:06.686+0000][151028][gc,age      ] GC(286) - age   1:   30974064 bytes,   30974064 total
[2022-12-13T06:32:06.686+0000][151028][gc,age      ] GC(286) - age   2:    3755288 bytes,   34729352 total
[2022-12-13T06:32:06.686+0000][151028][gc,age      ] GC(286) - age   3:       5392 bytes,   34734744 total
[2022-12-13T06:32:06.686+0000][151028][gc,age      ] GC(286) - age   4:     530536 bytes,   35265280 total
[2022-12-13T06:32:06.686+0000][151028][gc,age      ] GC(286) - age   5:      29856 bytes,   35295136 total
[2022-12-13T06:32:06.686+0000][151028][gc,age      ] GC(286) - age   6:       2840 bytes,   35297976 total
[2022-12-13T06:32:06.686+0000][151028][gc,age      ] GC(286) - age   7:     214848 bytes,   35512824 total
[2022-12-13T06:32:06.686+0000][151028][gc,age      ] GC(286) - age   8:     110776 bytes,   35623600 total
[2022-12-13T06:32:06.686+0000][151028][gc,age      ] GC(286) - age   9:      30632 bytes,   35654232 total
[2022-12-13T06:32:06.687+0000][151028][gc,age      ] GC(286) - age  10:      27072 bytes,   35681304 total
[2022-12-13T06:32:06.687+0000][151028][gc,age      ] GC(286) - age  11:      12192 bytes,   35693496 total
[2022-12-13T06:32:06.687+0000][151028][gc,age      ] GC(286) - age  12:       2704 bytes,   35696200 total
[2022-12-13T06:32:06.687+0000][151028][gc,age      ] GC(286) - age  13:       2608 bytes,   35698808 total
[2022-12-13T06:32:06.687+0000][151028][gc,age      ] GC(286) - age  14:       1440 bytes,   35700248 total
[2022-12-13T06:32:06.687+0000][151028][gc,age      ] GC(286) - age  15:     114008 bytes,   35814256 total
[2022-12-13T06:32:06.687+0000][151028][gc,heap     ] GC(286) Eden regions: 72->0(1131)
[2022-12-13T06:32:06.687+0000][151028][gc,heap     ] GC(286) Survivor regions: 7->9(144)
[2022-12-13T06:32:06.687+0000][151028][gc,heap     ] GC(286) Old regions: 454->454
[2022-12-13T06:32:06.687+0000][151028][gc,heap     ] GC(286) Archive regions: 2->2
[2022-12-13T06:32:06.687+0000][151028][gc,heap     ] GC(286) Humongous regions: 141->19
[2022-12-13T06:32:06.687+0000][151028][gc,metaspace] GC(286) Metaspace: 175775K(180416K)->175775K(180416K) NonClass: 154186K(156736K)->154186K(156736K) Class: 21589K(23680K)->21589K(23680K)
[2022-12-13T06:32:06.687+0000][151028][gc          ] GC(286) Pause Young (Concurrent Start) (G1 Humongous Allocation) 2691M->1928M(7992M) 17.760ms
[2022-12-13T06:32:06.687+0000][151028][gc          ] GC(287) Concurrent Undo Cycle
[2022-12-13T06:32:06.687+0000][151028][gc,cpu      ] GC(286) User=0.13s Sys=0.02s Real=0.02s
[2022-12-13T06:32:06.687+0000][151028][gc,marking  ] GC(287) Concurrent Cleanup for Next Mark
[2022-12-13T06:32:06.687+0000][151028][safepoint   ] Safepoint "G1TryInitiateConcMark", Time since last: 756380800 ns, Reaching safepoint: 356700 ns, At safepoint: 18131100 ns, Total: 18487800 ns
[2022-12-13T06:32:06.688+0000][151028][gc,marking  ] GC(287) Concurrent Cleanup for Next Mark 1.351ms
[2022-12-13T06:32:06.688+0000][151028][gc          ] GC(287) Concurrent Undo Cycle 1.486ms
[2022-12-13T06:32:07.172+0000][151028][gc,start    ] GC(288) Pause Young (Concurrent Start) (G1 Humongous Allocation)
[2022-12-13T06:32:07.172+0000][151028][gc,task     ] GC(288) Using 10 workers of 10 for evacuation
[2022-12-13T06:32:07.172+0000][151028][gc,age      ] GC(288) Desired survivor size 299892736 bytes, new threshold 15 (max threshold 15)
[2022-12-13T06:32:07.186+0000][151028][gc,phases   ] GC(288)   Pre Evacuate Collection Set: 0.8ms
[2022-12-13T06:32:07.186+0000][151028][gc,phases   ] GC(288)   Merge Heap Roots: 0.2ms
[2022-12-13T06:32:07.186+0000][151028][gc,phases   ] GC(288)   Evacuate Collection Set: 4.4ms
[2022-12-13T06:32:07.186+0000][151028][gc,phases   ] GC(288)   Post Evacuate Collection Set: 8.6ms
[2022-12-13T06:32:07.186+0000][151028][gc,phases   ] GC(288)   Other: 0.2ms
[2022-12-13T06:32:07.186+0000][151028][gc,age      ] GC(288) Age table with threshold 15 (max threshold 15)
[2022-12-13T06:32:07.186+0000][151028][gc,age      ] GC(288) - age   1:   13371464 bytes,   13371464 total
[2022-12-13T06:32:07.186+0000][151028][gc,age      ] GC(288) - age   2:   17250752 bytes,   30622216 total
[2022-12-13T06:32:07.186+0000][151028][gc,age      ] GC(288) - age   3:      46576 bytes,   30668792 total
[2022-12-13T06:32:07.186+0000][151028][gc,age      ] GC(288) - age   4:       3536 bytes,   30672328 total
[2022-12-13T06:32:07.186+0000][151028][gc,age      ] GC(288) - age   5:     498656 bytes,   31170984 total
[2022-12-13T06:32:07.186+0000][151028][gc,age      ] GC(288) - age   6:      28840 bytes,   31199824 total
[2022-12-13T06:32:07.186+0000][151028][gc,age      ] GC(288) - age   7:       2800 bytes,   31202624 total
[2022-12-13T06:32:07.186+0000][151028][gc,age      ] GC(288) - age   8:     194504 bytes,   31397128 total
[2022-12-13T06:32:07.186+0000][151028][gc,age      ] GC(288) - age   9:      43944 bytes,   31441072 total
[2022-12-13T06:32:07.186+0000][151028][gc,age      ] GC(288) - age  10:      29512 bytes,   31470584 total
[2022-12-13T06:32:07.186+0000][151028][gc,age      ] GC(288) - age  11:      25992 bytes,   31496576 total
[2022-12-13T06:32:07.186+0000][151028][gc,age      ] GC(288) - age  12:      10632 bytes,   31507208 total
[2022-12-13T06:32:07.186+0000][151028][gc,age      ] GC(288) - age  13:       2144 bytes,   31509352 total
[2022-12-13T06:32:07.186+0000][151028][gc,age      ] GC(288) - age  14:       2128 bytes,   31511480 total
[2022-12-13T06:32:07.186+0000][151028][gc,age      ] GC(288) - age  15:       1080 bytes,   31512560 total
[2022-12-13T06:32:07.186+0000][151028][gc,heap     ] GC(288) Eden regions: 38->0(1149)
[2022-12-13T06:32:07.186+0000][151028][gc,heap     ] GC(288) Survivor regions: 9->10(143)
[2022-12-13T06:32:07.186+0000][151028][gc,heap     ] GC(288) Old regions: 454->454
[2022-12-13T06:32:07.186+0000][151028][gc,heap     ] GC(288) Archive regions: 2->2
[2022-12-13T06:32:07.186+0000][151028][gc,heap     ] GC(288) Humongous regions: 130->12
[2022-12-13T06:32:07.186+0000][151028][gc,metaspace] GC(288) Metaspace: 175991K(180672K)->175991K(180672K) NonClass: 154370K(156928K)->154370K(156928K) Class: 21621K(23744K)->21621K(23744K)
[2022-12-13T06:32:07.186+0000][151028][gc          ] GC(288) Pause Young (Concurrent Start) (G1 Humongous Allocation) 2522M->1902M(7992M) 14.803ms
[2022-12-13T06:32:07.186+0000][151028][gc          ] GC(289) Concurrent Undo Cycle
[2022-12-13T06:32:07.186+0000][151028][gc,cpu      ] GC(288) User=0.11s Sys=0.01s Real=0.01s
[2022-12-13T06:32:07.187+0000][151028][gc,marking  ] GC(289) Concurrent Cleanup for Next Mark
[2022-12-13T06:32:07.187+0000][151028][safepoint   ] Safepoint "G1TryInitiateConcMark", Time since last: 484300800 ns, Reaching safepoint: 281600 ns, At safepoint: 15135700 ns, Total: 15417300 ns
[2022-12-13T06:32:07.190+0000][151028][gc,marking  ] GC(289) Concurrent Cleanup for Next Mark 2.868ms
[2022-12-13T06:32:07.190+0000][151028][gc          ] GC(289) Concurrent Undo Cycle 3.125ms
[2022-12-13T06:32:07.509+0000][151028][gc,start    ] GC(290) Pause Young (Concurrent Start) (G1 Humongous Allocation)
[2022-12-13T06:32:07.509+0000][151028][gc,task     ] GC(290) Using 10 workers of 10 for evacuation
[2022-12-13T06:32:07.509+0000][151028][gc,age      ] GC(290) Desired survivor size 304087040 bytes, new threshold 15 (max threshold 15)
[2022-12-13T06:32:07.518+0000][151028][gc,phases   ] GC(290)   Pre Evacuate Collection Set: 0.9ms
[2022-12-13T06:32:07.518+0000][151028][gc,phases   ] GC(290)   Merge Heap Roots: 0.3ms
[2022-12-13T06:32:07.518+0000][151028][gc,phases   ] GC(290)   Evacuate Collection Set: 4.3ms
[2022-12-13T06:32:07.518+0000][151028][gc,phases   ] GC(290)   Post Evacuate Collection Set: 3.1ms
[2022-12-13T06:32:07.518+0000][151028][gc,phases   ] GC(290)   Other: 0.2ms
[2022-12-13T06:32:07.518+0000][151028][gc,age      ] GC(290) Age table with threshold 15 (max threshold 15)
[2022-12-13T06:32:07.518+0000][151028][gc,age      ] GC(290) - age   1:   12612144 bytes,   12612144 total
[2022-12-13T06:32:07.518+0000][151028][gc,age      ] GC(290) - age   2:     309632 bytes,   12921776 total
[2022-12-13T06:32:07.518+0000][151028][gc,age      ] GC(290) - age   3:     258616 bytes,   13180392 total
[2022-12-13T06:32:07.518+0000][151028][gc,age      ] GC(290) - age   4:      27768 bytes,   13208160 total
[2022-12-13T06:32:07.518+0000][151028][gc,age      ] GC(290) - age   5:       2904 bytes,   13211064 total
[2022-12-13T06:32:07.518+0000][151028][gc,age      ] GC(290) - age   6:     496296 bytes,   13707360 total
[2022-12-13T06:32:07.518+0000][151028][gc,age      ] GC(290) - age   7:      24120 bytes,   13731480 total
[2022-12-13T06:32:07.518+0000][151028][gc,age      ] GC(290) - age   8:       2360 bytes,   13733840 total
[2022-12-13T06:32:07.518+0000][151028][gc,age      ] GC(290) - age   9:     124352 bytes,   13858192 total
[2022-12-13T06:32:07.518+0000][151028][gc,age      ] GC(290) - age  10:      37584 bytes,   13895776 total
[2022-12-13T06:32:07.518+0000][151028][gc,age      ] GC(290) - age  11:      29112 bytes,   13924888 total
[2022-12-13T06:32:07.518+0000][151028][gc,age      ] GC(290) - age  12:      25712 bytes,   13950600 total
[2022-12-13T06:32:07.518+0000][151028][gc,age      ] GC(290) - age  13:      10632 bytes,   13961232 total
[2022-12-13T06:32:07.518+0000][151028][gc,age      ] GC(290) - age  14:       2144 bytes,   13963376 total
[2022-12-13T06:32:07.518+0000][151028][gc,age      ] GC(290) - age  15:       2128 bytes,   13965504 total
[2022-12-13T06:32:07.518+0000][151028][gc,heap     ] GC(290) Eden regions: 40->0(1161)
[2022-12-13T06:32:07.518+0000][151028][gc,heap     ] GC(290) Survivor regions: 10->5(145)
[2022-12-13T06:32:07.518+0000][151028][gc,heap     ] GC(290) Old regions: 454->454
[2022-12-13T06:32:07.518+0000][151028][gc,heap     ] GC(290) Archive regions: 2->2
[2022-12-13T06:32:07.518+0000][151028][gc,heap     ] GC(290) Humongous regions: 134->17
[2022-12-13T06:32:07.518+0000][151028][gc,metaspace] GC(290) Metaspace: 175996K(180672K)->175996K(180672K) NonClass: 154374K(156928K)->154374K(156928K) Class: 21622K(23744K)->21622K(23744K)
[2022-12-13T06:32:07.518+0000][151028][gc          ] GC(290) Pause Young (Concurrent Start) (G1 Humongous Allocation) 2548M->1902M(7992M) 9.268ms
[2022-12-13T06:32:07.518+0000][151028][gc          ] GC(291) Concurrent Undo Cycle
[2022-12-13T06:32:07.518+0000][151028][gc,cpu      ] GC(290) User=0.04s Sys=0.00s Real=0.02s
[2022-12-13T06:32:07.518+0000][151028][gc,marking  ] GC(291) Concurrent Cleanup for Next Mark
[2022-12-13T06:32:07.518+0000][151028][safepoint   ] Safepoint "G1TryInitiateConcMark", Time since last: 321702400 ns, Reaching safepoint: 235400 ns, At safepoint: 9552900 ns, Total: 9788300 ns
[2022-12-13T06:32:07.520+0000][151028][gc,marking  ] GC(291) Concurrent Cleanup for Next Mark 1.524ms
[2022-12-13T06:32:07.520+0000][151028][gc          ] GC(291) Concurrent Undo Cycle 1.737ms
[2022-12-13T06:32:07.783+0000][151028][gc,start    ] GC(292) Pause Young (Concurrent Start) (G1 Humongous Allocation)
[2022-12-13T06:32:07.783+0000][151028][gc,task     ] GC(292) Using 10 workers of 10 for evacuation
[2022-12-13T06:32:07.783+0000][151028][gc,age      ] GC(292) Desired survivor size 306184192 bytes, new threshold 15 (max threshold 15)
[2022-12-13T06:32:07.791+0000][151028][gc,phases   ] GC(292)   Pre Evacuate Collection Set: 0.8ms
[2022-12-13T06:32:07.791+0000][151028][gc,phases   ] GC(292)   Merge Heap Roots: 0.2ms
[2022-12-13T06:32:07.791+0000][151028][gc,phases   ] GC(292)   Evacuate Collection Set: 3.6ms
[2022-12-13T06:32:07.791+0000][151028][gc,phases   ] GC(292)   Post Evacuate Collection Set: 2.7ms
[2022-12-13T06:32:07.791+0000][151028][gc,phases   ] GC(292)   Other: 0.2ms
[2022-12-13T06:32:07.791+0000][151028][gc,age      ] GC(292) Age table with threshold 15 (max threshold 15)
[2022-12-13T06:32:07.791+0000][151028][gc,age      ] GC(292) - age   1:    2376928 bytes,    2376928 total
[2022-12-13T06:32:07.791+0000][151028][gc,age      ] GC(292) - age   2:    1363320 bytes,    3740248 total
[2022-12-13T06:32:07.791+0000][151028][gc,age      ] GC(292) - age   3:     171824 bytes,    3912072 total
[2022-12-13T06:32:07.791+0000][151028][gc,age      ] GC(292) - age   4:     208208 bytes,    4120280 total
[2022-12-13T06:32:07.791+0000][151028][gc,age      ] GC(292) - age   5:      27608 bytes,    4147888 total
[2022-12-13T06:32:07.791+0000][151028][gc,age      ] GC(292) - age   6:       2864 bytes,    4150752 total
[2022-12-13T06:32:07.791+0000][151028][gc,age      ] GC(292) - age   7:     496256 bytes,    4647008 total
[2022-12-13T06:32:07.791+0000][151028][gc,age      ] GC(292) - age   8:      24080 bytes,    4671088 total
[2022-12-13T06:32:07.791+0000][151028][gc,age      ] GC(292) - age   9:       2280 bytes,    4673368 total
[2022-12-13T06:32:07.791+0000][151028][gc,age      ] GC(292) - age  10:     122456 bytes,    4795824 total
[2022-12-13T06:32:07.791+0000][151028][gc,age      ] GC(292) - age  11:      37584 bytes,    4833408 total
[2022-12-13T06:32:07.791+0000][151028][gc,age      ] GC(292) - age  12:      29112 bytes,    4862520 total
[2022-12-13T06:32:07.791+0000][151028][gc,age      ] GC(292) - age  13:      25712 bytes,    4888232 total
[2022-12-13T06:32:07.791+0000][151028][gc,age      ] GC(292) - age  14:      10312 bytes,    4898544 total
[2022-12-13T06:32:07.791+0000][151028][gc,age      ] GC(292) - age  15:       2144 bytes,    4900688 total
[2022-12-13T06:32:07.791+0000][151028][gc,heap     ] GC(292) Eden regions: 19->0(1158)
[2022-12-13T06:32:07.791+0000][151028][gc,heap     ] GC(292) Survivor regions: 5->2(146)
[2022-12-13T06:32:07.791+0000][151028][gc,heap     ] GC(292) Old regions: 454->454
[2022-12-13T06:32:07.791+0000][151028][gc,heap     ] GC(292) Archive regions: 2->2
[2022-12-13T06:32:07.791+0000][151028][gc,heap     ] GC(292) Humongous regions: 142->8
[2022-12-13T06:32:07.791+0000][151028][gc,metaspace] GC(292) Metaspace: 176005K(180672K)->176005K(180672K) NonClass: 154379K(156928K)->154379K(156928K) Class: 21625K(23744K)->21625K(23744K)
[2022-12-13T06:32:07.791+0000][151028][gc          ] GC(292) Pause Young (Concurrent Start) (G1 Humongous Allocation) 2477M->1854M(7992M) 7.958ms
[2022-12-13T06:32:07.791+0000][151028][gc          ] GC(293) Concurrent Undo Cycle
[2022-12-13T06:32:07.791+0000][151028][gc,cpu      ] GC(292) User=0.03s Sys=0.01s Real=0.01s
[2022-12-13T06:32:07.791+0000][151028][gc,marking  ] GC(293) Concurrent Cleanup for Next Mark
[2022-12-13T06:32:07.791+0000][151028][safepoint   ] Safepoint "G1TryInitiateConcMark", Time since last: 264586500 ns, Reaching safepoint: 200400 ns, At safepoint: 8205300 ns, Total: 8405700 ns
[2022-12-13T06:32:07.793+0000][151028][gc,marking  ] GC(293) Concurrent Cleanup for Next Mark 1.358ms
[2022-12-13T06:32:07.793+0000][151028][gc          ] GC(293) Concurrent Undo Cycle 1.543ms
[2022-12-13T06:32:08.073+0000][151028][gc,start    ] GC(294) Pause Young (Concurrent Start) (G1 Humongous Allocation)
[2022-12-13T06:32:08.073+0000][151028][gc,task     ] GC(294) Using 10 workers of 10 for evacuation
[2022-12-13T06:32:08.073+0000][151028][gc,age      ] GC(294) Desired survivor size 304087040 bytes, new threshold 15 (max threshold 15)
[2022-12-13T06:32:08.082+0000][151028][gc,phases   ] GC(294)   Pre Evacuate Collection Set: 0.8ms
[2022-12-13T06:32:08.082+0000][151028][gc,phases   ] GC(294)   Merge Heap Roots: 0.2ms
[2022-12-13T06:32:08.082+0000][151028][gc,phases   ] GC(294)   Evacuate Collection Set: 4.9ms
[2022-12-13T06:32:08.082+0000][151028][gc,phases   ] GC(294)   Post Evacuate Collection Set: 2.5ms
[2022-12-13T06:32:08.082+0000][151028][gc,phases   ] GC(294)   Other: 0.2ms
[2022-12-13T06:32:08.082+0000][151028][gc,age      ] GC(294) Age table with threshold 15 (max threshold 15)
[2022-12-13T06:32:08.082+0000][151028][gc,age      ] GC(294) - age   1:   11010544 bytes,   11010544 total
[2022-12-13T06:32:08.082+0000][151028][gc,age      ] GC(294) - age   2:     255808 bytes,   11266352 total
[2022-12-13T06:32:08.082+0000][151028][gc,age      ] GC(294) - age   3:    1225568 bytes,   12491920 total
[2022-12-13T06:32:08.082+0000][151028][gc,age      ] GC(294) - age   4:     142608 bytes,   12634528 total
[2022-12-13T06:32:08.082+0000][151028][gc,age      ] GC(294) - age   5:     208144 bytes,   12842672 total
[2022-12-13T06:32:08.082+0000][151028][gc,age      ] GC(294) - age   6:      26928 bytes,   12869600 total
[2022-12-13T06:32:08.082+0000][151028][gc,age      ] GC(294) - age   7:       2824 bytes,   12872424 total
[2022-12-13T06:32:08.082+0000][151028][gc,age      ] GC(294) - age   8:     495072 bytes,   13367496 total
[2022-12-13T06:32:08.082+0000][151028][gc,age      ] GC(294) - age   9:      23360 bytes,   13390856 total
[2022-12-13T06:32:08.082+0000][151028][gc,age      ] GC(294) - age  10:       1760 bytes,   13392616 total
[2022-12-13T06:32:08.082+0000][151028][gc,age      ] GC(294) - age  11:     120472 bytes,   13513088 total
[2022-12-13T06:32:08.082+0000][151028][gc,age      ] GC(294) - age  12:      37504 bytes,   13550592 total
[2022-12-13T06:32:08.082+0000][151028][gc,age      ] GC(294) - age  13:      29032 bytes,   13579624 total
[2022-12-13T06:32:08.082+0000][151028][gc,age      ] GC(294) - age  14:      25232 bytes,   13604856 total
[2022-12-13T06:32:08.082+0000][151028][gc,age      ] GC(294) - age  15:       9352 bytes,   13614208 total
[2022-12-13T06:32:08.082+0000][151028][gc,heap     ] GC(294) Eden regions: 23->0(1152)
[2022-12-13T06:32:08.082+0000][151028][gc,heap     ] GC(294) Survivor regions: 2->4(145)
[2022-12-13T06:32:08.082+0000][151028][gc,heap     ] GC(294) Old regions: 454->454
[2022-12-13T06:32:08.082+0000][151028][gc,heap     ] GC(294) Archive regions: 2->2
[2022-12-13T06:32:08.082+0000][151028][gc,heap     ] GC(294) Humongous regions: 133->26
[2022-12-13T06:32:08.082+0000][151028][gc,metaspace] GC(294) Metaspace: 176005K(180672K)->176005K(180672K) NonClass: 154379K(156928K)->154379K(156928K) Class: 21625K(23744K)->21625K(23744K)
[2022-12-13T06:32:08.082+0000][151028][gc          ] GC(294) Pause Young (Concurrent Start) (G1 Humongous Allocation) 2444M->1935M(7992M) 9.119ms
[2022-12-13T06:32:08.082+0000][151028][gc,cpu      ] GC(294) User=0.04s Sys=0.01s Real=0.01s
[2022-12-13T06:32:08.082+0000][151028][gc          ] GC(295) Concurrent Undo Cycle
[2022-12-13T06:32:08.082+0000][151028][safepoint   ] Safepoint "G1TryInitiateConcMark", Time since last: 279331900 ns, Reaching safepoint: 2310700 ns, At safepoint: 9351600 ns, Total: 11662300 ns
[2022-12-13T06:32:08.082+0000][151028][gc,marking  ] GC(295) Concurrent Cleanup for Next Mark
[2022-12-13T06:32:08.084+0000][151028][gc,marking  ] GC(295) Concurrent Cleanup for Next Mark 1.372ms
[2022-12-13T06:32:08.084+0000][151028][gc          ] GC(295) Concurrent Undo Cycle 1.547ms
[2022-12-13T06:32:08.387+0000][151028][gc,start    ] GC(296) Pause Young (Concurrent Start) (G1 Humongous Allocation)
[2022-12-13T06:32:08.387+0000][151028][gc,task     ] GC(296) Using 10 workers of 10 for evacuation
[2022-12-13T06:32:08.387+0000][151028][gc,age      ] GC(296) Desired survivor size 304087040 bytes, new threshold 15 (max threshold 15)
[2022-12-13T06:32:08.395+0000][151028][gc,phases   ] GC(296)   Pre Evacuate Collection Set: 0.9ms
[2022-12-13T06:32:08.395+0000][151028][gc,phases   ] GC(296)   Merge Heap Roots: 0.2ms
[2022-12-13T06:32:08.395+0000][151028][gc,phases   ] GC(296)   Evacuate Collection Set: 3.1ms
[2022-12-13T06:32:08.395+0000][151028][gc,phases   ] GC(296)   Post Evacuate Collection Set: 3.0ms
[2022-12-13T06:32:08.395+0000][151028][gc,phases   ] GC(296)   Other: 0.3ms
[2022-12-13T06:32:08.395+0000][151028][gc,age      ] GC(296) Age table with threshold 15 (max threshold 15)
[2022-12-13T06:32:08.395+0000][151028][gc,age      ] GC(296) - age   1:    2376712 bytes,    2376712 total
[2022-12-13T06:32:08.395+0000][151028][gc,age      ] GC(296) - age   2:    3889344 bytes,    6266056 total
[2022-12-13T06:32:08.395+0000][151028][gc,age      ] GC(296) - age   3:     122904 bytes,    6388960 total
[2022-12-13T06:32:08.395+0000][151028][gc,age      ] GC(296) - age   4:    1212072 bytes,    7601032 total
[2022-12-13T06:32:08.395+0000][151028][gc,age      ] GC(296) - age   5:     123112 bytes,    7724144 total
[2022-12-13T06:32:08.395+0000][151028][gc,age      ] GC(296) - age   6:     205936 bytes,    7930080 total
[2022-12-13T06:32:08.395+0000][151028][gc,age      ] GC(296) - age   7:      26368 bytes,    7956448 total
[2022-12-13T06:32:08.395+0000][151028][gc,age      ] GC(296) - age   8:       2824 bytes,    7959272 total
[2022-12-13T06:32:08.395+0000][151028][gc,age      ] GC(296) - age   9:     494488 bytes,    8453760 total
[2022-12-13T06:32:08.395+0000][151028][gc,age      ] GC(296) - age  10:      23120 bytes,    8476880 total
[2022-12-13T06:32:08.395+0000][151028][gc,age      ] GC(296) - age  11:       1760 bytes,    8478640 total
[2022-12-13T06:32:08.395+0000][151028][gc,age      ] GC(296) - age  12:     119872 bytes,    8598512 total
[2022-12-13T06:32:08.395+0000][151028][gc,age      ] GC(296) - age  13:      37504 bytes,    8636016 total
[2022-12-13T06:32:08.395+0000][151028][gc,age      ] GC(296) - age  14:      29032 bytes,    8665048 total
[2022-12-13T06:32:08.395+0000][151028][gc,age      ] GC(296) - age  15:      25192 bytes,    8690240 total
[2022-12-13T06:32:08.395+0000][151028][gc,heap     ] GC(296) Eden regions: 23->0(1172)
[2022-12-13T06:32:08.395+0000][151028][gc,heap     ] GC(296) Survivor regions: 4->3(145)
[2022-12-13T06:32:08.395+0000][151028][gc,heap     ] GC(296) Old regions: 454->454
[2022-12-13T06:32:08.395+0000][151028][gc,heap     ] GC(296) Archive regions: 2->2
[2022-12-13T06:32:08.395+0000][151028][gc,heap     ] GC(296) Humongous regions: 138->8
[2022-12-13T06:32:08.395+0000][151028][gc,metaspace] GC(296) Metaspace: 176005K(180672K)->176005K(180672K) NonClass: 154379K(156928K)->154379K(156928K) Class: 21625K(23744K)->21625K(23744K)
[2022-12-13T06:32:08.395+0000][151028][gc          ] GC(296) Pause Young (Concurrent Start) (G1 Humongous Allocation) 2471M->1858M(7992M) 7.882ms
[2022-12-13T06:32:08.395+0000][151028][gc          ] GC(297) Concurrent Undo Cycle
[2022-12-13T06:32:08.395+0000][151028][gc,cpu      ] GC(296) User=0.03s Sys=0.01s Real=0.01s
[2022-12-13T06:32:08.395+0000][151028][gc,marking  ] GC(297) Concurrent Cleanup for Next Mark
[2022-12-13T06:32:08.395+0000][151028][safepoint   ] Safepoint "G1TryInitiateConcMark", Time since last: 304962500 ns, Reaching safepoint: 176400 ns, At safepoint: 8133600 ns, Total: 8310000 ns
[2022-12-13T06:32:08.396+0000][151028][gc,marking  ] GC(297) Concurrent Cleanup for Next Mark 0.884ms
[2022-12-13T06:32:08.396+0000][151028][gc          ] GC(297) Concurrent Undo Cycle 1.007ms
[2022-12-13T06:32:08.728+0000][151028][gc,start    ] GC(298) Pause Young (Concurrent Start) (G1 Humongous Allocation)
[2022-12-13T06:32:08.728+0000][151028][gc,task     ] GC(298) Using 10 workers of 10 for evacuation
[2022-12-13T06:32:08.728+0000][151028][gc,age      ] GC(298) Desired survivor size 308281344 bytes, new threshold 15 (max threshold 15)
[2022-12-13T06:32:08.734+0000][151028][gc,phases   ] GC(298)   Pre Evacuate Collection Set: 0.8ms
[2022-12-13T06:32:08.734+0000][151028][gc,phases   ] GC(298)   Merge Heap Roots: 0.3ms
[2022-12-13T06:32:08.735+0000][151028][gc,phases   ] GC(298)   Evacuate Collection Set: 3.3ms
[2022-12-13T06:32:08.735+0000][151028][gc,phases   ] GC(298)   Post Evacuate Collection Set: 1.5ms
[2022-12-13T06:32:08.735+0000][151028][gc,phases   ] GC(298)   Other: 0.2ms
[2022-12-13T06:32:08.735+0000][151028][gc,age      ] GC(298) Age table with threshold 15 (max threshold 15)
[2022-12-13T06:32:08.735+0000][151028][gc,age      ] GC(298) - age   1:     584688 bytes,     584688 total
[2022-12-13T06:32:08.735+0000][151028][gc,age      ] GC(298) - age   2:     334704 bytes,     919392 total
[2022-12-13T06:32:08.735+0000][151028][gc,age      ] GC(298) - age   3:     173392 bytes,    1092784 total
[2022-12-13T06:32:08.735+0000][151028][gc,age      ] GC(298) - age   4:     121000 bytes,    1213784 total
[2022-12-13T06:32:08.735+0000][151028][gc,age      ] GC(298) - age   5:    1211144 bytes,    2424928 total
[2022-12-13T06:32:08.735+0000][151028][gc,age      ] GC(298) - age   6:      54992 bytes,    2479920 total
[2022-12-13T06:32:08.735+0000][151028][gc,age      ] GC(298) - age   7:     205776 bytes,    2685696 total
[2022-12-13T06:32:08.735+0000][151028][gc,age      ] GC(298) - age   8:      26168 bytes,    2711864 total
[2022-12-13T06:32:08.735+0000][151028][gc,age      ] GC(298) - age   9:       2784 bytes,    2714648 total
[2022-12-13T06:32:08.735+0000][151028][gc,age      ] GC(298) - age  10:     494168 bytes,    3208816 total
[2022-12-13T06:32:08.735+0000][151028][gc,age      ] GC(298) - age  11:      22920 bytes,    3231736 total
[2022-12-13T06:32:08.735+0000][151028][gc,age      ] GC(298) - age  12:       1480 bytes,    3233216 total
[2022-12-13T06:32:08.735+0000][151028][gc,age      ] GC(298) - age  13:     118296 bytes,    3351512 total
[2022-12-13T06:32:08.735+0000][151028][gc,age      ] GC(298) - age  14:      37504 bytes,    3389016 total
[2022-12-13T06:32:08.735+0000][151028][gc,age      ] GC(298) - age  15:      28992 bytes,    3418008 total
[2022-12-13T06:32:08.735+0000][151028][gc,heap     ] GC(298) Eden regions: 18->0(1186)
[2022-12-13T06:32:08.735+0000][151028][gc,heap     ] GC(298) Survivor regions: 3->1(147)
[2022-12-13T06:32:08.735+0000][151028][gc,heap     ] GC(298) Old regions: 454->454
[2022-12-13T06:32:08.735+0000][151028][gc,heap     ] GC(298) Archive regions: 2->2
[2022-12-13T06:32:08.735+0000][151028][gc,heap     ] GC(298) Humongous regions: 140->8
[2022-12-13T06:32:08.735+0000][151028][gc,metaspace] GC(298) Metaspace: 176006K(180672K)->176006K(180672K) NonClass: 154380K(156928K)->154380K(156928K) Class: 21625K(23744K)->21625K(23744K)
[2022-12-13T06:32:08.735+0000][151028][gc          ] GC(298) Pause Young (Concurrent Start) (G1 Humongous Allocation) 2454M->1853M(7992M) 6.604ms
[2022-12-13T06:32:08.735+0000][151028][gc          ] GC(299) Concurrent Undo Cycle
[2022-12-13T06:32:08.735+0000][151028][gc,cpu      ] GC(298) User=0.03s Sys=0.00s Real=0.01s
[2022-12-13T06:32:08.735+0000][151028][gc,marking  ] GC(299) Concurrent Cleanup for Next Mark
[2022-12-13T06:32:08.735+0000][151028][safepoint   ] Safepoint "G1TryInitiateConcMark", Time since last: 332515700 ns, Reaching safepoint: 231000 ns, At safepoint: 6853200 ns, Total: 7084200 ns
[2022-12-13T06:32:08.736+0000][151028][gc,marking  ] GC(299) Concurrent Cleanup for Next Mark 0.798ms
[2022-12-13T06:32:08.736+0000][151028][gc          ] GC(299) Concurrent Undo Cycle 0.940ms
[2022-12-13T06:32:09.170+0000][151028][gc,start    ] GC(300) Pause Young (Concurrent Start) (G1 Humongous Allocation)
[2022-12-13T06:32:09.170+0000][151028][gc,task     ] GC(300) Using 10 workers of 10 for evacuation
[2022-12-13T06:32:09.170+0000][151028][gc,age      ] GC(300) Desired survivor size 312475648 bytes, new threshold 15 (max threshold 15)
[2022-12-13T06:32:09.179+0000][151028][gc,phases   ] GC(300)   Pre Evacuate Collection Set: 0.8ms
[2022-12-13T06:32:09.179+0000][151028][gc,phases   ] GC(300)   Merge Heap Roots: 0.3ms
[2022-12-13T06:32:09.179+0000][151028][gc,phases   ] GC(300)   Evacuate Collection Set: 5.6ms
[2022-12-13T06:32:09.179+0000][151028][gc,phases   ] GC(300)   Post Evacuate Collection Set: 2.6ms
[2022-12-13T06:32:09.179+0000][151028][gc,phases   ] GC(300)   Other: 0.1ms
[2022-12-13T06:32:09.179+0000][151028][gc,age      ] GC(300) Age table with threshold 15 (max threshold 15)
[2022-12-13T06:32:09.179+0000][151028][gc,age      ] GC(300) - age   1:   14861168 bytes,   14861168 total
[2022-12-13T06:32:09.179+0000][151028][gc,age      ] GC(300) - age   2:     345792 bytes,   15206960 total
[2022-12-13T06:32:09.179+0000][151028][gc,age      ] GC(300) - age   3:     197096 bytes,   15404056 total
[2022-12-13T06:32:09.179+0000][151028][gc,age      ] GC(300) - age   4:     145456 bytes,   15549512 total
[2022-12-13T06:32:09.179+0000][151028][gc,age      ] GC(300) - age   5:     119416 bytes,   15668928 total
[2022-12-13T06:32:09.179+0000][151028][gc,age      ] GC(300) - age   6:    1192200 bytes,   16861128 total
[2022-12-13T06:32:09.179+0000][151028][gc,age      ] GC(300) - age   7:      53584 bytes,   16914712 total
[2022-12-13T06:32:09.179+0000][151028][gc,age      ] GC(300) - age   8:     205504 bytes,   17120216 total
[2022-12-13T06:32:09.179+0000][151028][gc,age      ] GC(300) - age   9:      24744 bytes,   17144960 total
[2022-12-13T06:32:09.179+0000][151028][gc,age      ] GC(300) - age  10:       2424 bytes,   17147384 total
[2022-12-13T06:32:09.179+0000][151028][gc,age      ] GC(300) - age  11:     493152 bytes,   17640536 total
[2022-12-13T06:32:09.179+0000][151028][gc,age      ] GC(300) - age  12:      19400 bytes,   17659936 total
[2022-12-13T06:32:09.179+0000][151028][gc,age      ] GC(300) - age  13:        560 bytes,   17660496 total
[2022-12-13T06:32:09.179+0000][151028][gc,age      ] GC(300) - age  14:     109336 bytes,   17769832 total
[2022-12-13T06:32:09.179+0000][151028][gc,age      ] GC(300) - age  15:      37432 bytes,   17807264 total
[2022-12-13T06:32:09.179+0000][151028][gc,heap     ] GC(300) Eden regions: 29->0(1080)
[2022-12-13T06:32:09.179+0000][151028][gc,heap     ] GC(300) Survivor regions: 1->5(149)
[2022-12-13T06:32:09.179+0000][151028][gc,heap     ] GC(300) Old regions: 454->454
[2022-12-13T06:32:09.179+0000][151028][gc,heap     ] GC(300) Archive regions: 2->2
[2022-12-13T06:32:09.179+0000][151028][gc,heap     ] GC(300) Humongous regions: 113->12
[2022-12-13T06:32:09.179+0000][151028][gc,metaspace] GC(300) Metaspace: 176007K(180672K)->176007K(180672K) NonClass: 154381K(156928K)->154381K(156928K) Class: 21625K(23744K)->21625K(23744K)
[2022-12-13T06:32:09.179+0000][151028][gc          ] GC(300) Pause Young (Concurrent Start) (G1 Humongous Allocation) 2388M->1883M(7992M) 9.842ms
[2022-12-13T06:32:09.179+0000][151028][gc          ] GC(301) Concurrent Undo Cycle
[2022-12-13T06:32:09.179+0000][151028][gc,cpu      ] GC(300) User=0.07s Sys=0.00s Real=0.02s
[2022-12-13T06:32:09.180+0000][151028][gc,marking  ] GC(301) Concurrent Cleanup for Next Mark
[2022-12-13T06:32:09.180+0000][151028][safepoint   ] Safepoint "G1TryInitiateConcMark", Time since last: 434290900 ns, Reaching safepoint: 186600 ns, At safepoint: 10186300 ns, Total: 10372900 ns
[2022-12-13T06:32:09.181+0000][151028][gc,marking  ] GC(301) Concurrent Cleanup for Next Mark 1.006ms
[2022-12-13T06:32:09.181+0000][151028][gc          ] GC(301) Concurrent Undo Cycle 1.135ms
[2022-12-13T06:32:10.180+0000][151028][safepoint   ] Safepoint "Cleanup", Time since last: 1000156500 ns, Reaching safepoint: 217300 ns, At safepoint: 41000 ns, Total: 258300 ns
[2022-12-13T06:32:10.253+0000][151028][gc,start    ] GC(302) Pause Young (Concurrent Start) (G1 Humongous Allocation)
[2022-12-13T06:32:10.253+0000][151028][gc,task     ] GC(302) Using 10 workers of 10 for evacuation
[2022-12-13T06:32:10.253+0000][151028][gc,age      ] GC(302) Desired survivor size 285212672 bytes, new threshold 15 (max threshold 15)
[2022-12-13T06:32:10.263+0000][151028][gc,phases   ] GC(302)   Pre Evacuate Collection Set: 0.8ms
[2022-12-13T06:32:10.263+0000][151028][gc,phases   ] GC(302)   Merge Heap Roots: 0.2ms
[2022-12-13T06:32:10.263+0000][151028][gc,phases   ] GC(302)   Evacuate Collection Set: 3.5ms
[2022-12-13T06:32:10.263+0000][151028][gc,phases   ] GC(302)   Post Evacuate Collection Set: 5.3ms
[2022-12-13T06:32:10.263+0000][151028][gc,phases   ] GC(302)   Other: 0.2ms
[2022-12-13T06:32:10.263+0000][151028][gc,age      ] GC(302) Age table with threshold 15 (max threshold 15)
[2022-12-13T06:32:10.263+0000][151028][gc,age      ] GC(302) - age   1:   11660040 bytes,   11660040 total
[2022-12-13T06:32:10.263+0000][151028][gc,age      ] GC(302) - age   2:    2823184 bytes,   14483224 total
[2022-12-13T06:32:10.263+0000][151028][gc,age      ] GC(302) - age   3:      88744 bytes,   14571968 total
[2022-12-13T06:32:10.263+0000][151028][gc,age      ] GC(302) - age   4:      54992 bytes,   14626960 total
[2022-12-13T06:32:10.263+0000][151028][gc,age      ] GC(302) - age   5:       8184 bytes,   14635144 total
[2022-12-13T06:32:10.263+0000][151028][gc,age      ] GC(302) - age   6:     118472 bytes,   14753616 total
[2022-12-13T06:32:10.263+0000][151028][gc,age      ] GC(302) - age   7:    1189144 bytes,   15942760 total
[2022-12-13T06:32:10.263+0000][151028][gc,age      ] GC(302) - age   8:      51464 bytes,   15994224 total
[2022-12-13T06:32:10.263+0000][151028][gc,age      ] GC(302) - age   9:     121128 bytes,   16115352 total
[2022-12-13T06:32:10.263+0000][151028][gc,age      ] GC(302) - age  10:      16864 bytes,   16132216 total
[2022-12-13T06:32:10.263+0000][151028][gc,age      ] GC(302) - age  11:       2144 bytes,   16134360 total
[2022-12-13T06:32:10.263+0000][151028][gc,age      ] GC(302) - age  12:     491776 bytes,   16626136 total
[2022-12-13T06:32:10.263+0000][151028][gc,age      ] GC(302) - age  13:      19144 bytes,   16645280 total
[2022-12-13T06:32:10.263+0000][151028][gc,age      ] GC(302) - age  14:        528 bytes,   16645808 total
[2022-12-13T06:32:10.263+0000][151028][gc,age      ] GC(302) - age  15:     107376 bytes,   16753184 total
[2022-12-13T06:32:10.263+0000][151028][gc,heap     ] GC(302) Eden regions: 78->0(1099)
[2022-12-13T06:32:10.263+0000][151028][gc,heap     ] GC(302) Survivor regions: 5->5(136)
[2022-12-13T06:32:10.263+0000][151028][gc,heap     ] GC(302) Old regions: 454->454
[2022-12-13T06:32:10.263+0000][151028][gc,heap     ] GC(302) Archive regions: 2->2
[2022-12-13T06:32:10.263+0000][151028][gc,heap     ] GC(302) Humongous regions: 139->20
[2022-12-13T06:32:10.263+0000][151028][gc,metaspace] GC(302) Metaspace: 176009K(180672K)->176009K(180672K) NonClass: 154383K(156928K)->154383K(156928K) Class: 21625K(23744K)->21625K(23744K)
[2022-12-13T06:32:10.263+0000][151028][gc          ] GC(302) Pause Young (Concurrent Start) (G1 Humongous Allocation) 2702M->1913M(7992M) 10.507ms
[2022-12-13T06:32:10.263+0000][151028][gc          ] GC(303) Concurrent Undo Cycle
[2022-12-13T06:32:10.263+0000][151028][gc,cpu      ] GC(302) User=0.05s Sys=0.01s Real=0.01s
[2022-12-13T06:32:10.263+0000][151028][gc,marking  ] GC(303) Concurrent Cleanup for Next Mark
[2022-12-13T06:32:10.263+0000][151028][safepoint   ] Safepoint "G1TryInitiateConcMark", Time since last: 68012900 ns, Reaching safepoint: 4450400 ns, At safepoint: 10830400 ns, Total: 15280800 ns
[2022-12-13T06:32:10.265+0000][151028][gc,marking  ] GC(303) Concurrent Cleanup for Next Mark 1.295ms
[2022-12-13T06:32:10.265+0000][151028][gc          ] GC(303) Concurrent Undo Cycle 1.532ms
[2022-12-13T06:32:11.048+0000][151028][gc,start    ] GC(304) Pause Young (Concurrent Start) (G1 Humongous Allocation)
[2022-12-13T06:32:11.048+0000][151028][gc,task     ] GC(304) Using 10 workers of 10 for evacuation
[2022-12-13T06:32:11.048+0000][151028][gc,age      ] GC(304) Desired survivor size 289406976 bytes, new threshold 15 (max threshold 15)
[2022-12-13T06:32:11.062+0000][151028][gc,phases   ] GC(304)   Pre Evacuate Collection Set: 1.1ms
[2022-12-13T06:32:11.062+0000][151028][gc,phases   ] GC(304)   Merge Heap Roots: 0.3ms
[2022-12-13T06:32:11.062+0000][151028][gc,phases   ] GC(304)   Evacuate Collection Set: 5.8ms
[2022-12-13T06:32:11.062+0000][151028][gc,phases   ] GC(304)   Post Evacuate Collection Set: 6.5ms
[2022-12-13T06:32:11.062+0000][151028][gc,phases   ] GC(304)   Other: 0.1ms
[2022-12-13T06:32:11.062+0000][151028][gc,age      ] GC(304) Age table with threshold 15 (max threshold 15)
[2022-12-13T06:32:11.062+0000][151028][gc,age      ] GC(304) - age   1:   27422640 bytes,   27422640 total
[2022-12-13T06:32:11.062+0000][151028][gc,age      ] GC(304) - age   2:     394232 bytes,   27816872 total
[2022-12-13T06:32:11.062+0000][151028][gc,age      ] GC(304) - age   3:      48440 bytes,   27865312 total
[2022-12-13T06:32:11.062+0000][151028][gc,age      ] GC(304) - age   4:      87584 bytes,   27952896 total
[2022-12-13T06:32:11.062+0000][151028][gc,age      ] GC(304) - age   5:      54528 bytes,   28007424 total
[2022-12-13T06:32:11.062+0000][151028][gc,age      ] GC(304) - age   6:       4048 bytes,   28011472 total
[2022-12-13T06:32:11.062+0000][151028][gc,age      ] GC(304) - age   7:     100288 bytes,   28111760 total
[2022-12-13T06:32:11.062+0000][151028][gc,age      ] GC(304) - age   8:    1160312 bytes,   29272072 total
[2022-12-13T06:32:11.062+0000][151028][gc,age      ] GC(304) - age   9:      49904 bytes,   29321976 total
[2022-12-13T06:32:11.062+0000][151028][gc,age      ] GC(304) - age  10:     120992 bytes,   29442968 total
[2022-12-13T06:32:11.062+0000][151028][gc,age      ] GC(304) - age  11:      16824 bytes,   29459792 total
[2022-12-13T06:32:11.062+0000][151028][gc,age      ] GC(304) - age  12:       2144 bytes,   29461936 total
[2022-12-13T06:32:11.062+0000][151028][gc,age      ] GC(304) - age  13:     491616 bytes,   29953552 total
[2022-12-13T06:32:11.062+0000][151028][gc,age      ] GC(304) - age  14:      19104 bytes,   29972656 total
[2022-12-13T06:32:11.062+0000][151028][gc,age      ] GC(304) - age  15:        408 bytes,   29973064 total
[2022-12-13T06:32:11.062+0000][151028][gc,heap     ] GC(304) Eden regions: 65->0(1115)
[2022-12-13T06:32:11.062+0000][151028][gc,heap     ] GC(304) Survivor regions: 5->8(138)
[2022-12-13T06:32:11.062+0000][151028][gc,heap     ] GC(304) Old regions: 454->454
[2022-12-13T06:32:11.062+0000][151028][gc,heap     ] GC(304) Archive regions: 2->2
[2022-12-13T06:32:11.062+0000][151028][gc,heap     ] GC(304) Humongous regions: 112->13
[2022-12-13T06:32:11.062+0000][151028][gc,metaspace] GC(304) Metaspace: 176019K(180672K)->176019K(180672K) NonClass: 154394K(156928K)->154394K(156928K) Class: 21625K(23744K)->21625K(23744K)
[2022-12-13T06:32:11.062+0000][151028][gc          ] GC(304) Pause Young (Concurrent Start) (G1 Humongous Allocation) 2541M->1899M(7992M) 14.259ms
[2022-12-13T06:32:11.062+0000][151028][gc          ] GC(305) Concurrent Undo Cycle
[2022-12-13T06:32:11.062+0000][151028][gc,cpu      ] GC(304) User=0.10s Sys=0.00s Real=0.02s
[2022-12-13T06:32:11.062+0000][151028][gc,marking  ] GC(305) Concurrent Cleanup for Next Mark
[2022-12-13T06:32:11.062+0000][151028][safepoint   ] Safepoint "G1TryInitiateConcMark", Time since last: 784025300 ns, Reaching safepoint: 328200 ns, At safepoint: 14584000 ns, Total: 14912200 ns
[2022-12-13T06:32:11.063+0000][151028][gc,marking  ] GC(305) Concurrent Cleanup for Next Mark 1.059ms
[2022-12-13T06:32:11.063+0000][151028][gc          ] GC(305) Concurrent Undo Cycle 1.181ms
[2022-12-13T06:32:11.996+0000][151028][gc,start    ] GC(306) Pause Young (Concurrent Start) (G1 Humongous Allocation)
[2022-12-13T06:32:11.996+0000][151028][gc,task     ] GC(306) Using 10 workers of 10 for evacuation
[2022-12-13T06:32:11.996+0000][151028][gc,age      ] GC(306) Desired survivor size 295698432 bytes, new threshold 15 (max threshold 15)
[2022-12-13T06:32:12.007+0000][151028][gc,phases   ] GC(306)   Pre Evacuate Collection Set: 0.9ms
[2022-12-13T06:32:12.007+0000][151028][gc,phases   ] GC(306)   Merge Heap Roots: 0.2ms
[2022-12-13T06:32:12.007+0000][151028][gc,phases   ] GC(306)   Evacuate Collection Set: 3.6ms
[2022-12-13T06:32:12.007+0000][151028][gc,phases   ] GC(306)   Post Evacuate Collection Set: 6.2ms
[2022-12-13T06:32:12.007+0000][151028][gc,phases   ] GC(306)   Other: 0.1ms
[2022-12-13T06:32:12.007+0000][151028][gc,age      ] GC(306) Age table with threshold 15 (max threshold 15)
[2022-12-13T06:32:12.007+0000][151028][gc,age      ] GC(306) - age   1:   11363816 bytes,   11363816 total
[2022-12-13T06:32:12.007+0000][151028][gc,age      ] GC(306) - age   2:    5671944 bytes,   17035760 total
[2022-12-13T06:32:12.007+0000][151028][gc,age      ] GC(306) - age   3:     254208 bytes,   17289968 total
[2022-12-13T06:32:12.007+0000][151028][gc,age      ] GC(306) - age   4:      47200 bytes,   17337168 total
[2022-12-13T06:32:12.007+0000][151028][gc,age      ] GC(306) - age   5:      86896 bytes,   17424064 total
[2022-12-13T06:32:12.007+0000][151028][gc,age      ] GC(306) - age   6:      53352 bytes,   17477416 total
[2022-12-13T06:32:12.007+0000][151028][gc,age      ] GC(306) - age   7:       2136 bytes,   17479552 total
[2022-12-13T06:32:12.007+0000][151028][gc,age      ] GC(306) - age   8:     100208 bytes,   17579760 total
[2022-12-13T06:32:12.007+0000][151028][gc,age      ] GC(306) - age   9:    1142752 bytes,   18722512 total
[2022-12-13T06:32:12.007+0000][151028][gc,age      ] GC(306) - age  10:      48664 bytes,   18771176 total
[2022-12-13T06:32:12.007+0000][151028][gc,age      ] GC(306) - age  11:     120992 bytes,   18892168 total
[2022-12-13T06:32:12.008+0000][151028][gc,age      ] GC(306) - age  12:      16784 bytes,   18908952 total
[2022-12-13T06:32:12.008+0000][151028][gc,age      ] GC(306) - age  13:       2144 bytes,   18911096 total
[2022-12-13T06:32:12.008+0000][151028][gc,age      ] GC(306) - age  14:     491496 bytes,   19402592 total
[2022-12-13T06:32:12.008+0000][151028][gc,age      ] GC(306) - age  15:       2704 bytes,   19405296 total
[2022-12-13T06:32:12.008+0000][151028][gc,heap     ] GC(306) Eden regions: 94->0(1135)
[2022-12-13T06:32:12.008+0000][151028][gc,heap     ] GC(306) Survivor regions: 8->5(141)
[2022-12-13T06:32:12.008+0000][151028][gc,heap     ] GC(306) Old regions: 454->454
[2022-12-13T06:32:12.008+0000][151028][gc,heap     ] GC(306) Archive regions: 2->2
[2022-12-13T06:32:12.008+0000][151028][gc,heap     ] GC(306) Humongous regions: 117->11
[2022-12-13T06:32:12.008+0000][151028][gc,metaspace] GC(306) Metaspace: 176040K(180736K)->176040K(180736K) NonClass: 154412K(156992K)->154412K(156992K) Class: 21627K(23744K)->21627K(23744K)
[2022-12-13T06:32:12.008+0000][151028][gc          ] GC(306) Pause Young (Concurrent Start) (G1 Humongous Allocation) 2687M->1881M(7992M) 11.566ms
[2022-12-13T06:32:12.008+0000][151028][gc          ] GC(307) Concurrent Undo Cycle
[2022-12-13T06:32:12.008+0000][151028][gc,cpu      ] GC(306) User=0.07s Sys=0.00s Real=0.01s
[2022-12-13T06:32:12.008+0000][151028][gc,marking  ] GC(307) Concurrent Cleanup for Next Mark
[2022-12-13T06:32:12.008+0000][151028][safepoint   ] Safepoint "G1TryInitiateConcMark", Time since last: 933448500 ns, Reaching safepoint: 241500 ns, At safepoint: 11812700 ns, Total: 12054200 ns
[2022-12-13T06:32:12.009+0000][151028][gc,marking  ] GC(307) Concurrent Cleanup for Next Mark 0.953ms
[2022-12-13T06:32:12.009+0000][151028][gc          ] GC(307) Concurrent Undo Cycle 1.166ms
[2022-12-13T06:32:13.008+0000][151028][safepoint   ] Safepoint "Cleanup", Time since last: 1000141500 ns, Reaching safepoint: 295400 ns, At safepoint: 35000 ns, Total: 330400 ns
[2022-12-13T06:32:13.269+0000][151028][gc,start    ] GC(308) Pause Young (Concurrent Start) (G1 Humongous Allocation)
[2022-12-13T06:32:13.269+0000][151028][gc,task     ] GC(308) Using 10 workers of 10 for evacuation
[2022-12-13T06:32:13.269+0000][151028][gc,age      ] GC(308) Desired survivor size 299892736 bytes, new threshold 15 (max threshold 15)
[2022-12-13T06:32:13.281+0000][151028][gc,phases   ] GC(308)   Pre Evacuate Collection Set: 0.8ms
[2022-12-13T06:32:13.281+0000][151028][gc,phases   ] GC(308)   Merge Heap Roots: 0.2ms
[2022-12-13T06:32:13.281+0000][151028][gc,phases   ] GC(308)   Evacuate Collection Set: 2.7ms
[2022-12-13T06:32:13.281+0000][151028][gc,phases   ] GC(308)   Post Evacuate Collection Set: 7.8ms
[2022-12-13T06:32:13.281+0000][151028][gc,phases   ] GC(308)   Other: 0.2ms
[2022-12-13T06:32:13.281+0000][151028][gc,age      ] GC(308) Age table with threshold 15 (max threshold 15)
[2022-12-13T06:32:13.281+0000][151028][gc,age      ] GC(308) - age   1:   22085576 bytes,   22085576 total
[2022-12-13T06:32:13.281+0000][151028][gc,age      ] GC(308) - age   2:      39680 bytes,   22125256 total
[2022-12-13T06:32:13.281+0000][151028][gc,age      ] GC(308) - age   3:     306888 bytes,   22432144 total
[2022-12-13T06:32:13.281+0000][151028][gc,age      ] GC(308) - age   4:     185208 bytes,   22617352 total
[2022-12-13T06:32:13.281+0000][151028][gc,age      ] GC(308) - age   5:      37432 bytes,   22654784 total
[2022-12-13T06:32:13.281+0000][151028][gc,age      ] GC(308) - age   6:      83496 bytes,   22738280 total
[2022-12-13T06:32:13.281+0000][151028][gc,age      ] GC(308) - age   7:      48072 bytes,   22786352 total
[2022-12-13T06:32:13.281+0000][151028][gc,age      ] GC(308) - age   8:       2136 bytes,   22788488 total
[2022-12-13T06:32:13.281+0000][151028][gc,age      ] GC(308) - age   9:     100168 bytes,   22888656 total
[2022-12-13T06:32:13.281+0000][151028][gc,age      ] GC(308) - age  10:    1141592 bytes,   24030248 total
[2022-12-13T06:32:13.281+0000][151028][gc,age      ] GC(308) - age  11:      45448 bytes,   24075696 total
[2022-12-13T06:32:13.281+0000][151028][gc,age      ] GC(308) - age  12:     120992 bytes,   24196688 total
[2022-12-13T06:32:13.281+0000][151028][gc,age      ] GC(308) - age  13:      16744 bytes,   24213432 total
[2022-12-13T06:32:13.281+0000][151028][gc,age      ] GC(308) - age  14:       2144 bytes,   24215576 total
[2022-12-13T06:32:13.281+0000][151028][gc,age      ] GC(308) - age  15:     491400 bytes,   24706976 total
[2022-12-13T06:32:13.281+0000][151028][gc,heap     ] GC(308) Eden regions: 71->0(1147)
[2022-12-13T06:32:13.281+0000][151028][gc,heap     ] GC(308) Survivor regions: 5->7(143)
[2022-12-13T06:32:13.281+0000][151028][gc,heap     ] GC(308) Old regions: 454->454
[2022-12-13T06:32:13.281+0000][151028][gc,heap     ] GC(308) Archive regions: 2->2
[2022-12-13T06:32:13.281+0000][151028][gc,heap     ] GC(308) Humongous regions: 126->8
[2022-12-13T06:32:13.281+0000][151028][gc,metaspace] GC(308) Metaspace: 176047K(180736K)->176047K(180736K) NonClass: 154419K(156992K)->154419K(156992K) Class: 21627K(23744K)->21627K(23744K)
[2022-12-13T06:32:13.281+0000][151028][gc          ] GC(308) Pause Young (Concurrent Start) (G1 Humongous Allocation) 2625M->1875M(7992M) 12.340ms
[2022-12-13T06:32:13.281+0000][151028][gc          ] GC(309) Concurrent Undo Cycle
[2022-12-13T06:32:13.281+0000][151028][gc,cpu      ] GC(308) User=0.08s Sys=0.01s Real=0.02s
[2022-12-13T06:32:13.281+0000][151028][gc,marking  ] GC(309) Concurrent Cleanup for Next Mark
[2022-12-13T06:32:13.281+0000][151028][safepoint   ] Safepoint "G1TryInitiateConcMark", Time since last: 260143000 ns, Reaching safepoint: 207300 ns, At safepoint: 12640700 ns, Total: 12848000 ns
[2022-12-13T06:32:13.282+0000][151028][gc,marking  ] GC(309) Concurrent Cleanup for Next Mark 0.734ms
[2022-12-13T06:32:13.282+0000][151028][gc          ] GC(309) Concurrent Undo Cycle 0.852ms
[2022-12-13T06:32:14.095+0000][151028][gc,start    ] GC(310) Pause Young (Concurrent Start) (G1 Humongous Allocation)
[2022-12-13T06:32:14.095+0000][151028][gc,task     ] GC(310) Using 10 workers of 10 for evacuation
[2022-12-13T06:32:14.095+0000][151028][gc,age      ] GC(310) Desired survivor size 304087040 bytes, new threshold 15 (max threshold 15)
[2022-12-13T06:32:14.102+0000][151028][gc,phases   ] GC(310)   Pre Evacuate Collection Set: 0.9ms
[2022-12-13T06:32:14.102+0000][151028][gc,phases   ] GC(310)   Merge Heap Roots: 0.2ms
[2022-12-13T06:32:14.102+0000][151028][gc,phases   ] GC(310)   Evacuate Collection Set: 3.6ms
[2022-12-13T06:32:14.102+0000][151028][gc,phases   ] GC(310)   Post Evacuate Collection Set: 2.6ms
[2022-12-13T06:32:14.102+0000][151028][gc,phases   ] GC(310)   Other: 0.1ms
[2022-12-13T06:32:14.102+0000][151028][gc,age      ] GC(310) Age table with threshold 15 (max threshold 15)
[2022-12-13T06:32:14.102+0000][151028][gc,age      ] GC(310) - age   1:    3825976 bytes,    3825976 total
[2022-12-13T06:32:14.102+0000][151028][gc,age      ] GC(310) - age   2:     438920 bytes,    4264896 total
[2022-12-13T06:32:14.102+0000][151028][gc,age      ] GC(310) - age   3:      31584 bytes,    4296480 total
[2022-12-13T06:32:14.102+0000][151028][gc,age      ] GC(310) - age   4:     304184 bytes,    4600664 total
[2022-12-13T06:32:14.102+0000][151028][gc,age      ] GC(310) - age   5:      53056 bytes,    4653720 total
[2022-12-13T06:32:14.102+0000][151028][gc,age      ] GC(310) - age   6:      37392 bytes,    4691112 total
[2022-12-13T06:32:14.102+0000][151028][gc,age      ] GC(310) - age   7:      83320 bytes,    4774432 total
[2022-12-13T06:32:14.102+0000][151028][gc,age      ] GC(310) - age   8:      47976 bytes,    4822408 total
[2022-12-13T06:32:14.102+0000][151028][gc,age      ] GC(310) - age   9:       2096 bytes,    4824504 total
[2022-12-13T06:32:14.102+0000][151028][gc,age      ] GC(310) - age  10:     100168 bytes,    4924672 total
[2022-12-13T06:32:14.102+0000][151028][gc,age      ] GC(310) - age  11:    1075224 bytes,    5999896 total
[2022-12-13T06:32:14.102+0000][151028][gc,age      ] GC(310) - age  12:      44448 bytes,    6044344 total
[2022-12-13T06:32:14.102+0000][151028][gc,age      ] GC(310) - age  13:      55440 bytes,    6099784 total
[2022-12-13T06:32:14.102+0000][151028][gc,age      ] GC(310) - age  14:      16744 bytes,    6116528 total
[2022-12-13T06:32:14.102+0000][151028][gc,age      ] GC(310) - age  15:       2144 bytes,    6118672 total
[2022-12-13T06:32:14.102+0000][151028][gc,heap     ] GC(310) Eden regions: 20->0(1132)
[2022-12-13T06:32:14.102+0000][151028][gc,heap     ] GC(310) Survivor regions: 7->2(145)
[2022-12-13T06:32:14.102+0000][151028][gc,heap     ] GC(310) Old regions: 454->454
[2022-12-13T06:32:14.102+0000][151028][gc,heap     ] GC(310) Archive regions: 2->2
[2022-12-13T06:32:14.102+0000][151028][gc,heap     ] GC(310) Humongous regions: 140->41
[2022-12-13T06:32:14.102+0000][151028][gc,metaspace] GC(310) Metaspace: 176053K(180736K)->176053K(180736K) NonClass: 154425K(156992K)->154425K(156992K) Class: 21627K(23744K)->21627K(23744K)
[2022-12-13T06:32:14.103+0000][151028][gc          ] GC(310) Pause Young (Concurrent Start) (G1 Humongous Allocation) 2481M->1989M(7992M) 7.862ms
[2022-12-13T06:32:14.103+0000][151028][gc          ] GC(311) Concurrent Undo Cycle
[2022-12-13T06:32:14.103+0000][151028][gc,cpu      ] GC(310) User=0.03s Sys=0.01s Real=0.01s
[2022-12-13T06:32:14.103+0000][151028][gc,marking  ] GC(311) Concurrent Cleanup for Next Mark
[2022-12-13T06:32:14.103+0000][151028][safepoint   ] Safepoint "G1TryInitiateConcMark", Time since last: 797853300 ns, Reaching safepoint: 15420000 ns, At safepoint: 8090700 ns, Total: 23510700 ns
[2022-12-13T06:32:14.103+0000][151028][gc,marking  ] GC(311) Concurrent Cleanup for Next Mark 0.573ms
[2022-12-13T06:32:14.103+0000][151028][gc          ] GC(311) Concurrent Undo Cycle 0.667ms
[2022-12-13T06:32:14.746+0000][151028][gc,start    ] GC(312) Pause Young (Concurrent Start) (G1 Humongous Allocation)
[2022-12-13T06:32:14.746+0000][151028][gc,task     ] GC(312) Using 10 workers of 10 for evacuation
[2022-12-13T06:32:14.746+0000][151028][gc,age      ] GC(312) Desired survivor size 297795584 bytes, new threshold 15 (max threshold 15)
[2022-12-13T06:32:14.758+0000][151028][gc,phases   ] GC(312)   Pre Evacuate Collection Set: 0.9ms
[2022-12-13T06:32:14.758+0000][151028][gc,phases   ] GC(312)   Merge Heap Roots: 0.2ms
[2022-12-13T06:32:14.758+0000][151028][gc,phases   ] GC(312)   Evacuate Collection Set: 3.5ms
[2022-12-13T06:32:14.758+0000][151028][gc,phases   ] GC(312)   Post Evacuate Collection Set: 7.1ms
[2022-12-13T06:32:14.758+0000][151028][gc,phases   ] GC(312)   Other: 0.1ms
[2022-12-13T06:32:14.758+0000][151028][gc,age      ] GC(312) Age table with threshold 15 (max threshold 15)
[2022-12-13T06:32:14.758+0000][151028][gc,age      ] GC(312) - age   1:   15293416 bytes,   15293416 total
[2022-12-13T06:32:14.758+0000][151028][gc,age      ] GC(312) - age   2:     643784 bytes,   15937200 total
[2022-12-13T06:32:14.758+0000][151028][gc,age      ] GC(312) - age   3:     166936 bytes,   16104136 total
[2022-12-13T06:32:14.758+0000][151028][gc,age      ] GC(312) - age   4:      28160 bytes,   16132296 total
[2022-12-13T06:32:14.758+0000][151028][gc,age      ] GC(312) - age   5:     294344 bytes,   16426640 total
[2022-12-13T06:32:14.758+0000][151028][gc,age      ] GC(312) - age   6:      49760 bytes,   16476400 total
[2022-12-13T06:32:14.758+0000][151028][gc,age      ] GC(312) - age   7:      36912 bytes,   16513312 total
[2022-12-13T06:32:14.758+0000][151028][gc,age      ] GC(312) - age   8:      82792 bytes,   16596104 total
[2022-12-13T06:32:14.758+0000][151028][gc,age      ] GC(312) - age   9:      47736 bytes,   16643840 total
[2022-12-13T06:32:14.758+0000][151028][gc,age      ] GC(312) - age  10:       1656 bytes,   16645496 total
[2022-12-13T06:32:14.758+0000][151028][gc,age      ] GC(312) - age  11:      99648 bytes,   16745144 total
[2022-12-13T06:32:14.758+0000][151028][gc,age      ] GC(312) - age  12:    1070184 bytes,   17815328 total
[2022-12-13T06:32:14.758+0000][151028][gc,age      ] GC(312) - age  13:      41048 bytes,   17856376 total
[2022-12-13T06:32:14.758+0000][151028][gc,age      ] GC(312) - age  14:      55400 bytes,   17911776 total
[2022-12-13T06:32:14.758+0000][151028][gc,age      ] GC(312) - age  15:      16744 bytes,   17928520 total
[2022-12-13T06:32:14.758+0000][151028][gc,heap     ] GC(312) Eden regions: 53->0(1165)
[2022-12-13T06:32:14.758+0000][151028][gc,heap     ] GC(312) Survivor regions: 2->5(142)
[2022-12-13T06:32:14.758+0000][151028][gc,heap     ] GC(312) Old regions: 454->454
[2022-12-13T06:32:14.758+0000][151028][gc,heap     ] GC(312) Archive regions: 2->2
[2022-12-13T06:32:14.758+0000][151028][gc,heap     ] GC(312) Humongous regions: 121->8
[2022-12-13T06:32:14.758+0000][151028][gc,metaspace] GC(312) Metaspace: 176091K(180736K)->176091K(180736K) NonClass: 154457K(156992K)->154457K(156992K) Class: 21634K(23744K)->21634K(23744K)
[2022-12-13T06:32:14.758+0000][151028][gc          ] GC(312) Pause Young (Concurrent Start) (G1 Humongous Allocation) 2520M->1867M(7992M) 12.299ms
[2022-12-13T06:32:14.758+0000][151028][gc          ] GC(313) Concurrent Undo Cycle
[2022-12-13T06:32:14.758+0000][151028][gc,cpu      ] GC(312) User=0.06s Sys=0.00s Real=0.02s
[2022-12-13T06:32:14.758+0000][151028][gc,marking  ] GC(313) Concurrent Cleanup for Next Mark
[2022-12-13T06:32:14.759+0000][151028][safepoint   ] Safepoint "G1TryInitiateConcMark", Time since last: 642901000 ns, Reaching safepoint: 224800 ns, At safepoint: 12693700 ns, Total: 12918500 ns
[2022-12-13T06:32:14.759+0000][151028][gc,marking  ] GC(313) Concurrent Cleanup for Next Mark 0.794ms
[2022-12-13T06:32:14.759+0000][151028][gc          ] GC(313) Concurrent Undo Cycle 1.001ms
[2022-12-13T06:32:15.561+0000][151028][gc,start    ] GC(314) Pause Young (Concurrent Start) (G1 Humongous Allocation)
[2022-12-13T06:32:15.561+0000][151028][gc,task     ] GC(314) Using 10 workers of 10 for evacuation
[2022-12-13T06:32:15.561+0000][151028][gc,age      ] GC(314) Desired survivor size 308281344 bytes, new threshold 15 (max threshold 15)
[2022-12-13T06:32:15.572+0000][151028][gc,phases   ] GC(314)   Pre Evacuate Collection Set: 0.8ms
[2022-12-13T06:32:15.572+0000][151028][gc,phases   ] GC(314)   Merge Heap Roots: 0.3ms
[2022-12-13T06:32:15.572+0000][151028][gc,phases   ] GC(314)   Evacuate Collection Set: 4.0ms
[2022-12-13T06:32:15.572+0000][151028][gc,phases   ] GC(314)   Post Evacuate Collection Set: 5.4ms
[2022-12-13T06:32:15.572+0000][151028][gc,phases   ] GC(314)   Other: 0.1ms
[2022-12-13T06:32:15.572+0000][151028][gc,age      ] GC(314) Age table with threshold 15 (max threshold 15)
[2022-12-13T06:32:15.572+0000][151028][gc,age      ] GC(314) - age   1:   16969336 bytes,   16969336 total
[2022-12-13T06:32:15.572+0000][151028][gc,age      ] GC(314) - age   2:     413752 bytes,   17383088 total
[2022-12-13T06:32:15.572+0000][151028][gc,age      ] GC(314) - age   3:     477512 bytes,   17860600 total
[2022-12-13T06:32:15.572+0000][151028][gc,age      ] GC(314) - age   4:     140664 bytes,   18001264 total
[2022-12-13T06:32:15.572+0000][151028][gc,age      ] GC(314) - age   5:      23160 bytes,   18024424 total
[2022-12-13T06:32:15.572+0000][151028][gc,age      ] GC(314) - age   6:     282376 bytes,   18306800 total
[2022-12-13T06:32:15.572+0000][151028][gc,age      ] GC(314) - age   7:      28872 bytes,   18335672 total
[2022-12-13T06:32:15.572+0000][151028][gc,age      ] GC(314) - age   8:      36584 bytes,   18372256 total
[2022-12-13T06:32:15.572+0000][151028][gc,age      ] GC(314) - age   9:      17112 bytes,   18389368 total
[2022-12-13T06:32:15.572+0000][151028][gc,age      ] GC(314) - age  10:      47736 bytes,   18437104 total
[2022-12-13T06:32:15.572+0000][151028][gc,age      ] GC(314) - age  11:        736 bytes,   18437840 total
[2022-12-13T06:32:15.572+0000][151028][gc,age      ] GC(314) - age  12:      33896 bytes,   18471736 total
[2022-12-13T06:32:15.572+0000][151028][gc,age      ] GC(314) - age  13:      12080 bytes,   18483816 total
[2022-12-13T06:32:15.572+0000][151028][gc,age      ] GC(314) - age  14:      41048 bytes,   18524864 total
[2022-12-13T06:32:15.572+0000][151028][gc,age      ] GC(314) - age  15:      55400 bytes,   18580264 total
[2022-12-13T06:32:15.572+0000][151028][gc,heap     ] GC(314) Eden regions: 50->0(1168)
[2022-12-13T06:32:15.572+0000][151028][gc,heap     ] GC(314) Survivor regions: 5->5(147)
[2022-12-13T06:32:15.572+0000][151028][gc,heap     ] GC(314) Old regions: 454->454
[2022-12-13T06:32:15.572+0000][151028][gc,heap     ] GC(314) Archive regions: 2->2
[2022-12-13T06:32:15.572+0000][151028][gc,heap     ] GC(314) Humongous regions: 135->10
[2022-12-13T06:32:15.572+0000][151028][gc,metaspace] GC(314) Metaspace: 176092K(180736K)->176092K(180736K) NonClass: 154457K(156992K)->154457K(156992K) Class: 21634K(23744K)->21634K(23744K)
[2022-12-13T06:32:15.572+0000][151028][gc          ] GC(314) Pause Young (Concurrent Start) (G1 Humongous Allocation) 2574M->1877M(7992M) 11.102ms
[2022-12-13T06:32:15.572+0000][151028][gc          ] GC(315) Concurrent Undo Cycle
[2022-12-13T06:32:15.572+0000][151028][gc,cpu      ] GC(314) User=0.03s Sys=0.03s Real=0.01s
[2022-12-13T06:32:15.572+0000][151028][gc,marking  ] GC(315) Concurrent Cleanup for Next Mark
[2022-12-13T06:32:15.572+0000][151028][safepoint   ] Safepoint "G1TryInitiateConcMark", Time since last: 802012400 ns, Reaching safepoint: 297100 ns, At safepoint: 11372300 ns, Total: 11669400 ns
[2022-12-13T06:32:15.573+0000][151028][gc,marking  ] GC(315) Concurrent Cleanup for Next Mark 0.778ms
[2022-12-13T06:32:15.573+0000][151028][gc          ] GC(315) Concurrent Undo Cycle 0.902ms
[2022-12-13T06:32:16.485+0000][151028][gc,start    ] GC(316) Pause Young (Concurrent Start) (G1 Humongous Allocation)
[2022-12-13T06:32:16.485+0000][151028][gc,task     ] GC(316) Using 10 workers of 10 for evacuation
[2022-12-13T06:32:16.485+0000][151028][gc,age      ] GC(316) Desired survivor size 308281344 bytes, new threshold 15 (max threshold 15)
[2022-12-13T06:32:16.508+0000][151028][gc,phases   ] GC(316)   Pre Evacuate Collection Set: 1.0ms
[2022-12-13T06:32:16.509+0000][151028][gc,phases   ] GC(316)   Merge Heap Roots: 0.5ms
[2022-12-13T06:32:16.509+0000][151028][gc,phases   ] GC(316)   Evacuate Collection Set: 13.7ms
[2022-12-13T06:32:16.509+0000][151028][gc,phases   ] GC(316)   Post Evacuate Collection Set: 7.8ms
[2022-12-13T06:32:16.509+0000][151028][gc,phases   ] GC(316)   Other: 0.1ms
[2022-12-13T06:32:16.509+0000][151028][gc,age      ] GC(316) Age table with threshold 15 (max threshold 15)
[2022-12-13T06:32:16.509+0000][151028][gc,age      ] GC(316) - age   1:   45884144 bytes,   45884144 total
[2022-12-13T06:32:16.509+0000][151028][gc,age      ] GC(316) - age   2:    1214744 bytes,   47098888 total
[2022-12-13T06:32:16.509+0000][151028][gc,age      ] GC(316) - age   3:      25472 bytes,   47124360 total
[2022-12-13T06:32:16.509+0000][151028][gc,age      ] GC(316) - age   4:      69648 bytes,   47194008 total
[2022-12-13T06:32:16.509+0000][151028][gc,age      ] GC(316) - age   5:     128896 bytes,   47322904 total
[2022-12-13T06:32:16.509+0000][151028][gc,age      ] GC(316) - age   6:      22200 bytes,   47345104 total
[2022-12-13T06:32:16.509+0000][151028][gc,age      ] GC(316) - age   7:     272672 bytes,   47617776 total
[2022-12-13T06:32:16.509+0000][151028][gc,age      ] GC(316) - age   8:       9744 bytes,   47627520 total
[2022-12-13T06:32:16.509+0000][151028][gc,age      ] GC(316) - age   9:      20064 bytes,   47647584 total
[2022-12-13T06:32:16.509+0000][151028][gc,age      ] GC(316) - age  10:      17112 bytes,   47664696 total
[2022-12-13T06:32:16.509+0000][151028][gc,age      ] GC(316) - age  11:      47616 bytes,   47712312 total
[2022-12-13T06:32:16.509+0000][151028][gc,age      ] GC(316) - age  12:        736 bytes,   47713048 total
[2022-12-13T06:32:16.509+0000][151028][gc,age      ] GC(316) - age  13:      17496 bytes,   47730544 total
[2022-12-13T06:32:16.509+0000][151028][gc,age      ] GC(316) - age  14:      12080 bytes,   47742624 total
[2022-12-13T06:32:16.509+0000][151028][gc,age      ] GC(316) - age  15:      41048 bytes,   47783672 total
[2022-12-13T06:32:16.509+0000][151028][gc,heap     ] GC(316) Eden regions: 138->0(1008)
[2022-12-13T06:32:16.509+0000][151028][gc,heap     ] GC(316) Survivor regions: 5->12(147)
[2022-12-13T06:32:16.509+0000][151028][gc,heap     ] GC(316) Old regions: 454->454
[2022-12-13T06:32:16.509+0000][151028][gc,heap     ] GC(316) Archive regions: 2->2
[2022-12-13T06:32:16.509+0000][151028][gc,heap     ] GC(316) Humongous regions: 144->24
[2022-12-13T06:32:16.509+0000][151028][gc,metaspace] GC(316) Metaspace: 176248K(180928K)->176248K(180928K) NonClass: 154610K(157184K)->154610K(157184K) Class: 21638K(23744K)->21638K(23744K)
[2022-12-13T06:32:16.509+0000][151028][gc          ] GC(316) Pause Young (Concurrent Start) (G1 Humongous Allocation) 2963M->1960M(7992M) 23.693ms
[2022-12-13T06:32:16.509+0000][151028][gc          ] GC(317) Concurrent Undo Cycle
[2022-12-13T06:32:16.509+0000][151028][gc,cpu      ] GC(316) User=0.20s Sys=0.01s Real=0.02s
[2022-12-13T06:32:16.509+0000][151028][gc,marking  ] GC(317) Concurrent Cleanup for Next Mark
[2022-12-13T06:32:16.509+0000][151028][safepoint   ] Safepoint "G1TryInitiateConcMark", Time since last: 912771600 ns, Reaching safepoint: 246000 ns, At safepoint: 23984200 ns, Total: 24230200 ns
[2022-12-13T06:32:16.512+0000][151028][gc,marking  ] GC(317) Concurrent Cleanup for Next Mark 2.386ms
[2022-12-13T06:32:16.512+0000][151028][gc          ] GC(317) Concurrent Undo Cycle 2.557ms
[2022-12-13T06:32:17.103+0000][151028][gc,start    ] GC(318) Pause Young (Concurrent Start) (G1 Humongous Allocation)
[2022-12-13T06:32:17.103+0000][151028][gc,task     ] GC(318) Using 10 workers of 10 for evacuation
[2022-12-13T06:32:17.103+0000][151028][gc,age      ] GC(318) Desired survivor size 268435456 bytes, new threshold 15 (max threshold 15)
[2022-12-13T06:32:17.131+0000][151028][gc,phases   ] GC(318)   Pre Evacuate Collection Set: 1.0ms
[2022-12-13T06:32:17.131+0000][151028][gc,phases   ] GC(318)   Merge Heap Roots: 0.3ms
[2022-12-13T06:32:17.131+0000][151028][gc,phases   ] GC(318)   Evacuate Collection Set: 10.2ms
[2022-12-13T06:32:17.131+0000][151028][gc,phases   ] GC(318)   Post Evacuate Collection Set: 16.6ms
[2022-12-13T06:32:17.131+0000][151028][gc,phases   ] GC(318)   Other: 0.1ms
[2022-12-13T06:32:17.131+0000][151028][gc,age      ] GC(318) Age table with threshold 15 (max threshold 15)
[2022-12-13T06:32:17.131+0000][151028][gc,age      ] GC(318) - age   1:   29283312 bytes,   29283312 total
[2022-12-13T06:32:17.131+0000][151028][gc,age      ] GC(318) - age   2:   16817728 bytes,   46101040 total
[2022-12-13T06:32:17.131+0000][151028][gc,age      ] GC(318) - age   3:     117088 bytes,   46218128 total
[2022-12-13T06:32:17.131+0000][151028][gc,age      ] GC(318) - age   4:      20224 bytes,   46238352 total
[2022-12-13T06:32:17.131+0000][151028][gc,age      ] GC(318) - age   5:       3736 bytes,   46242088 total
[2022-12-13T06:32:17.131+0000][151028][gc,age      ] GC(318) - age   6:     109536 bytes,   46351624 total
[2022-12-13T06:32:17.131+0000][151028][gc,age      ] GC(318) - age   7:      21816 bytes,   46373440 total
[2022-12-13T06:32:17.131+0000][151028][gc,age      ] GC(318) - age   8:     254632 bytes,   46628072 total
[2022-12-13T06:32:17.131+0000][151028][gc,age      ] GC(318) - age   9:       9664 bytes,   46637736 total
[2022-12-13T06:32:17.131+0000][151028][gc,age      ] GC(318) - age  10:      20064 bytes,   46657800 total
[2022-12-13T06:32:17.131+0000][151028][gc,age      ] GC(318) - age  11:      17112 bytes,   46674912 total
[2022-12-13T06:32:17.131+0000][151028][gc,age      ] GC(318) - age  12:      31216 bytes,   46706128 total
[2022-12-13T06:32:17.131+0000][151028][gc,age      ] GC(318) - age  13:        736 bytes,   46706864 total
[2022-12-13T06:32:17.131+0000][151028][gc,age      ] GC(318) - age  14:      17496 bytes,   46724360 total
[2022-12-13T06:32:17.131+0000][151028][gc,age      ] GC(318) - age  15:      12080 bytes,   46736440 total
[2022-12-13T06:32:17.131+0000][151028][gc,heap     ] GC(318) Eden regions: 131->0(1023)
[2022-12-13T06:32:17.131+0000][151028][gc,heap     ] GC(318) Survivor regions: 12->12(128)
[2022-12-13T06:32:17.131+0000][151028][gc,heap     ] GC(318) Old regions: 454->454
[2022-12-13T06:32:17.131+0000][151028][gc,heap     ] GC(318) Archive regions: 2->2
[2022-12-13T06:32:17.131+0000][151028][gc,heap     ] GC(318) Humongous regions: 143->28
[2022-12-13T06:32:17.131+0000][151028][gc,metaspace] GC(318) Metaspace: 176249K(180928K)->176249K(180928K) NonClass: 154611K(157184K)->154611K(157184K) Class: 21638K(23744K)->21638K(23744K)
[2022-12-13T06:32:17.131+0000][151028][gc          ] GC(318) Pause Young (Concurrent Start) (G1 Humongous Allocation) 2959M->1978M(7992M) 28.637ms
[2022-12-13T06:32:17.131+0000][151028][gc,cpu      ] GC(318) User=0.19s Sys=0.00s Real=0.03s
[2022-12-13T06:32:17.131+0000][151028][gc          ] GC(319) Concurrent Undo Cycle
[2022-12-13T06:32:17.132+0000][151028][safepoint   ] Safepoint "G1TryInitiateConcMark", Time since last: 593225200 ns, Reaching safepoint: 243000 ns, At safepoint: 28841700 ns, Total: 29084700 ns
[2022-12-13T06:32:17.132+0000][151028][gc,marking  ] GC(319) Concurrent Cleanup for Next Mark
[2022-12-13T06:32:17.133+0000][151028][gc,marking  ] GC(319) Concurrent Cleanup for Next Mark 1.030ms
[2022-12-13T06:32:17.133+0000][151028][gc          ] GC(319) Concurrent Undo Cycle 1.227ms
[2022-12-13T06:32:17.335+0000][151028][gc,start    ] GC(320) Pause Young (Concurrent Start) (G1 Humongous Allocation)
[2022-12-13T06:32:17.335+0000][151028][gc,task     ] GC(320) Using 10 workers of 10 for evacuation
[2022-12-13T06:32:17.335+0000][151028][gc,age      ] GC(320) Desired survivor size 272629760 bytes, new threshold 15 (max threshold 15)
[2022-12-13T06:32:17.345+0000][151028][gc,phases   ] GC(320)   Pre Evacuate Collection Set: 0.9ms
[2022-12-13T06:32:17.345+0000][151028][gc,phases   ] GC(320)   Merge Heap Roots: 0.2ms
[2022-12-13T06:32:17.345+0000][151028][gc,phases   ] GC(320)   Evacuate Collection Set: 4.9ms
[2022-12-13T06:32:17.345+0000][151028][gc,phases   ] GC(320)   Post Evacuate Collection Set: 3.0ms
[2022-12-13T06:32:17.345+0000][151028][gc,phases   ] GC(320)   Other: 0.2ms
[2022-12-13T06:32:17.345+0000][151028][gc,age      ] GC(320) Age table with threshold 15 (max threshold 15)
[2022-12-13T06:32:17.345+0000][151028][gc,age      ] GC(320) - age   1:    9645928 bytes,    9645928 total
[2022-12-13T06:32:17.345+0000][151028][gc,age      ] GC(320) - age   2:    2688520 bytes,   12334448 total
[2022-12-13T06:32:17.345+0000][151028][gc,age      ] GC(320) - age   3:     489120 bytes,   12823568 total
[2022-12-13T06:32:17.345+0000][151028][gc,age      ] GC(320) - age   4:     116968 bytes,   12940536 total
[2022-12-13T06:32:17.345+0000][151028][gc,age      ] GC(320) - age   5:      20104 bytes,   12960640 total
[2022-12-13T06:32:17.345+0000][151028][gc,age      ] GC(320) - age   6:       3736 bytes,   12964376 total
[2022-12-13T06:32:17.345+0000][151028][gc,age      ] GC(320) - age   7:     109536 bytes,   13073912 total
[2022-12-13T06:32:17.345+0000][151028][gc,age      ] GC(320) - age   8:      21816 bytes,   13095728 total
[2022-12-13T06:32:17.345+0000][151028][gc,age      ] GC(320) - age   9:     254512 bytes,   13350240 total
[2022-12-13T06:32:17.345+0000][151028][gc,age      ] GC(320) - age  10:       9664 bytes,   13359904 total
[2022-12-13T06:32:17.345+0000][151028][gc,age      ] GC(320) - age  11:      20064 bytes,   13379968 total
[2022-12-13T06:32:17.345+0000][151028][gc,age      ] GC(320) - age  12:      17112 bytes,   13397080 total
[2022-12-13T06:32:17.345+0000][151028][gc,age      ] GC(320) - age  13:      31216 bytes,   13428296 total
[2022-12-13T06:32:17.345+0000][151028][gc,age      ] GC(320) - age  14:        736 bytes,   13429032 total
[2022-12-13T06:32:17.345+0000][151028][gc,age      ] GC(320) - age  15:      17496 bytes,   13446528 total
[2022-12-13T06:32:17.345+0000][151028][gc,heap     ] GC(320) Eden regions: 36->0(1022)
[2022-12-13T06:32:17.345+0000][151028][gc,heap     ] GC(320) Survivor regions: 12->4(130)
[2022-12-13T06:32:17.345+0000][151028][gc,heap     ] GC(320) Old regions: 454->454
[2022-12-13T06:32:17.345+0000][151028][gc,heap     ] GC(320) Archive regions: 2->2
[2022-12-13T06:32:17.345+0000][151028][gc,heap     ] GC(320) Humongous regions: 143->63
[2022-12-13T06:32:17.345+0000][151028][gc,metaspace] GC(320) Metaspace: 176249K(180928K)->176249K(180928K) NonClass: 154611K(157184K)->154611K(157184K) Class: 21638K(23744K)->21638K(23744K)
[2022-12-13T06:32:17.345+0000][151028][gc          ] GC(320) Pause Young (Concurrent Start) (G1 Humongous Allocation) 2580M->2086M(7992M) 9.700ms
[2022-12-13T06:32:17.345+0000][151028][gc          ] GC(321) Concurrent Undo Cycle
[2022-12-13T06:32:17.345+0000][151028][gc,cpu      ] GC(320) User=0.05s Sys=0.02s Real=0.01s
[2022-12-13T06:32:17.345+0000][151028][gc,marking  ] GC(321) Concurrent Cleanup for Next Mark
[2022-12-13T06:32:17.345+0000][151028][safepoint   ] Safepoint "G1TryInitiateConcMark", Time since last: 203563200 ns, Reaching safepoint: 267800 ns, At safepoint: 9927100 ns, Total: 10194900 ns
[2022-12-13T06:32:17.346+0000][151028][gc,marking  ] GC(321) Concurrent Cleanup for Next Mark 0.888ms
[2022-12-13T06:32:17.346+0000][151028][gc          ] GC(321) Concurrent Undo Cycle 1.028ms
[2022-12-13T06:32:17.442+0000][151028][gc,start    ] GC(322) Pause Young (Concurrent Start) (G1 Humongous Allocation)
[2022-12-13T06:32:17.442+0000][151028][gc,task     ] GC(322) Using 10 workers of 10 for evacuation
[2022-12-13T06:32:17.442+0000][151028][gc,age      ] GC(322) Desired survivor size 270532608 bytes, new threshold 15 (max threshold 15)
[2022-12-13T06:32:17.455+0000][151028][gc,phases   ] GC(322)   Pre Evacuate Collection Set: 1.0ms
[2022-12-13T06:32:17.455+0000][151028][gc,phases   ] GC(322)   Merge Heap Roots: 0.3ms
[2022-12-13T06:32:17.455+0000][151028][gc,phases   ] GC(322)   Evacuate Collection Set: 8.2ms
[2022-12-13T06:32:17.455+0000][151028][gc,phases   ] GC(322)   Post Evacuate Collection Set: 3.4ms
[2022-12-13T06:32:17.455+0000][151028][gc,phases   ] GC(322)   Other: 0.1ms
[2022-12-13T06:32:17.455+0000][151028][gc,age      ] GC(322) Age table with threshold 15 (max threshold 15)
[2022-12-13T06:32:17.455+0000][151028][gc,age      ] GC(322) - age   1:    2910848 bytes,    2910848 total
[2022-12-13T06:32:17.455+0000][151028][gc,age      ] GC(322) - age   2:    3130312 bytes,    6041160 total
[2022-12-13T06:32:17.455+0000][151028][gc,age      ] GC(322) - age   3:    2554744 bytes,    8595904 total
[2022-12-13T06:32:17.455+0000][151028][gc,age      ] GC(322) - age   4:     488400 bytes,    9084304 total
[2022-12-13T06:32:17.455+0000][151028][gc,age      ] GC(322) - age   5:     116848 bytes,    9201152 total
[2022-12-13T06:32:17.455+0000][151028][gc,age      ] GC(322) - age   6:      19464 bytes,    9220616 total
[2022-12-13T06:32:17.455+0000][151028][gc,age      ] GC(322) - age   7:       3408 bytes,    9224024 total
[2022-12-13T06:32:17.455+0000][151028][gc,age      ] GC(322) - age   8:     109296 bytes,    9333320 total
[2022-12-13T06:32:17.455+0000][151028][gc,age      ] GC(322) - age   9:      21816 bytes,    9355136 total
[2022-12-13T06:32:17.455+0000][151028][gc,age      ] GC(322) - age  10:     254432 bytes,    9609568 total
[2022-12-13T06:32:17.455+0000][151028][gc,age      ] GC(322) - age  11:       9664 bytes,    9619232 total
[2022-12-13T06:32:17.455+0000][151028][gc,age      ] GC(322) - age  12:      20064 bytes,    9639296 total
[2022-12-13T06:32:17.455+0000][151028][gc,age      ] GC(322) - age  13:      17112 bytes,    9656408 total
[2022-12-13T06:32:17.455+0000][151028][gc,age      ] GC(322) - age  14:      31216 bytes,    9687624 total
[2022-12-13T06:32:17.455+0000][151028][gc,age      ] GC(322) - age  15:        736 bytes,    9688360 total
[2022-12-13T06:32:17.455+0000][151028][gc,heap     ] GC(322) Eden regions: 12->0(1007)
[2022-12-13T06:32:17.455+0000][151028][gc,heap     ] GC(322) Survivor regions: 4->3(129)
[2022-12-13T06:32:17.455+0000][151028][gc,heap     ] GC(322) Old regions: 454->454
[2022-12-13T06:32:17.455+0000][151028][gc,heap     ] GC(322) Archive regions: 2->2
[2022-12-13T06:32:17.455+0000][151028][gc,heap     ] GC(322) Humongous regions: 143->75
[2022-12-13T06:32:17.455+0000][151028][gc,metaspace] GC(322) Metaspace: 176249K(180928K)->176249K(180928K) NonClass: 154611K(157184K)->154611K(157184K) Class: 21638K(23744K)->21638K(23744K)
[2022-12-13T06:32:17.455+0000][151028][gc          ] GC(322) Pause Young (Concurrent Start) (G1 Humongous Allocation) 2450M->2129M(7992M) 13.591ms
[2022-12-13T06:32:17.455+0000][151028][gc,cpu      ] GC(322) User=0.05s Sys=0.00s Real=0.01s
[2022-12-13T06:32:17.455+0000][151028][gc          ] GC(323) Concurrent Undo Cycle
[2022-12-13T06:32:17.456+0000][151028][safepoint   ] Safepoint "G1TryInitiateConcMark", Time since last: 96267900 ns, Reaching safepoint: 200400 ns, At safepoint: 13792000 ns, Total: 13992400 ns
[2022-12-13T06:32:17.456+0000][151028][gc,marking  ] GC(323) Concurrent Cleanup for Next Mark
[2022-12-13T06:32:17.456+0000][151028][gc,marking  ] GC(323) Concurrent Cleanup for Next Mark 0.911ms
[2022-12-13T06:32:17.457+0000][151028][gc          ] GC(323) Concurrent Undo Cycle 1.086ms
[2022-12-13T06:32:17.571+0000][151028][gc,start    ] GC(324) Pause Young (Concurrent Start) (G1 Humongous Allocation)
[2022-12-13T06:32:17.571+0000][151028][gc,task     ] GC(324) Using 10 workers of 10 for evacuation
[2022-12-13T06:32:17.571+0000][151028][gc,age      ] GC(324) Desired survivor size 266338304 bytes, new threshold 15 (max threshold 15)
[2022-12-13T06:32:17.581+0000][151028][gc,phases   ] GC(324)   Pre Evacuate Collection Set: 0.9ms
[2022-12-13T06:32:17.581+0000][151028][gc,phases   ] GC(324)   Merge Heap Roots: 0.2ms
[2022-12-13T06:32:17.582+0000][151028][gc,phases   ] GC(324)   Evacuate Collection Set: 5.6ms
[2022-12-13T06:32:17.582+0000][151028][gc,phases   ] GC(324)   Post Evacuate Collection Set: 3.7ms
[2022-12-13T06:32:17.582+0000][151028][gc,phases   ] GC(324)   Other: 0.2ms
[2022-12-13T06:32:17.582+0000][151028][gc,age      ] GC(324) Age table with threshold 15 (max threshold 15)
[2022-12-13T06:32:17.582+0000][151028][gc,age      ] GC(324) - age   1:    4894032 bytes,    4894032 total
[2022-12-13T06:32:17.582+0000][151028][gc,age      ] GC(324) - age   2:     751192 bytes,    5645224 total
[2022-12-13T06:32:17.582+0000][151028][gc,age      ] GC(324) - age   3:    1501920 bytes,    7147144 total
[2022-12-13T06:32:17.582+0000][151028][gc,age      ] GC(324) - age   4:    2554096 bytes,    9701240 total
[2022-12-13T06:32:17.582+0000][151028][gc,age      ] GC(324) - age   5:     487824 bytes,   10189064 total
[2022-12-13T06:32:17.582+0000][151028][gc,age      ] GC(324) - age   6:     116528 bytes,   10305592 total
[2022-12-13T06:32:17.582+0000][151028][gc,age      ] GC(324) - age   7:      19264 bytes,   10324856 total
[2022-12-13T06:32:17.582+0000][151028][gc,age      ] GC(324) - age   8:       3408 bytes,   10328264 total
[2022-12-13T06:32:17.582+0000][151028][gc,age      ] GC(324) - age   9:     109296 bytes,   10437560 total
[2022-12-13T06:32:17.582+0000][151028][gc,age      ] GC(324) - age  10:      21816 bytes,   10459376 total
[2022-12-13T06:32:17.582+0000][151028][gc,age      ] GC(324) - age  11:     254312 bytes,   10713688 total
[2022-12-13T06:32:17.582+0000][151028][gc,age      ] GC(324) - age  12:       9664 bytes,   10723352 total
[2022-12-13T06:32:17.582+0000][151028][gc,age      ] GC(324) - age  13:      20064 bytes,   10743416 total
[2022-12-13T06:32:17.582+0000][151028][gc,age      ] GC(324) - age  14:      17112 bytes,   10760528 total
[2022-12-13T06:32:17.582+0000][151028][gc,age      ] GC(324) - age  15:      31216 bytes,   10791744 total
[2022-12-13T06:32:17.582+0000][151028][gc,heap     ] GC(324) Eden regions: 14->0(988)
[2022-12-13T06:32:17.582+0000][151028][gc,heap     ] GC(324) Survivor regions: 3->3(127)
[2022-12-13T06:32:17.582+0000][151028][gc,heap     ] GC(324) Old regions: 454->454
[2022-12-13T06:32:17.582+0000][151028][gc,heap     ] GC(324) Archive regions: 2->2
[2022-12-13T06:32:17.582+0000][151028][gc,heap     ] GC(324) Humongous regions: 144->94
[2022-12-13T06:32:17.582+0000][151028][gc,metaspace] GC(324) Metaspace: 176249K(180928K)->176249K(180928K) NonClass: 154611K(157184K)->154611K(157184K) Class: 21638K(23744K)->21638K(23744K)
[2022-12-13T06:32:17.582+0000][151028][gc          ] GC(324) Pause Young (Concurrent Start) (G1 Humongous Allocation) 2461M->2205M(7992M) 11.042ms
[2022-12-13T06:32:17.582+0000][151028][gc          ] GC(325) Concurrent Undo Cycle
[2022-12-13T06:32:17.582+0000][151028][gc,cpu      ] GC(324) User=0.04s Sys=0.01s Real=0.01s
[2022-12-13T06:32:17.582+0000][151028][gc,marking  ] GC(325) Concurrent Cleanup for Next Mark
[2022-12-13T06:32:17.582+0000][151028][safepoint   ] Safepoint "G1TryInitiateConcMark", Time since last: 115009300 ns, Reaching safepoint: 198100 ns, At safepoint: 11344200 ns, Total: 11542300 ns
[2022-12-13T06:32:17.583+0000][151028][gc,marking  ] GC(325) Concurrent Cleanup for Next Mark 0.714ms
[2022-12-13T06:32:17.583+0000][151028][gc          ] GC(325) Concurrent Undo Cycle 0.872ms
[2022-12-13T06:32:17.665+0000][151028][gc,start    ] GC(326) Pause Young (Concurrent Start) (G1 Humongous Allocation)
[2022-12-13T06:32:17.665+0000][151028][gc,task     ] GC(326) Using 10 workers of 10 for evacuation
[2022-12-13T06:32:17.665+0000][151028][gc,age      ] GC(326) Desired survivor size 260046848 bytes, new threshold 15 (max threshold 15)
[2022-12-13T06:32:17.674+0000][151028][gc,phases   ] GC(326)   Pre Evacuate Collection Set: 0.8ms
[2022-12-13T06:32:17.674+0000][151028][gc,phases   ] GC(326)   Merge Heap Roots: 0.3ms
[2022-12-13T06:32:17.674+0000][151028][gc,phases   ] GC(326)   Evacuate Collection Set: 6.1ms
[2022-12-13T06:32:17.674+0000][151028][gc,phases   ] GC(326)   Post Evacuate Collection Set: 1.3ms
[2022-12-13T06:32:17.674+0000][151028][gc,phases   ] GC(326)   Other: 0.2ms
[2022-12-13T06:32:17.674+0000][151028][gc,age      ] GC(326) Age table with threshold 15 (max threshold 15)
[2022-12-13T06:32:17.674+0000][151028][gc,age      ] GC(326) - age   1:    2812552 bytes,    2812552 total
[2022-12-13T06:32:17.674+0000][151028][gc,age      ] GC(326) - age   2:    1004368 bytes,    3816920 total
[2022-12-13T06:32:17.674+0000][151028][gc,age      ] GC(326) - age   3:     750272 bytes,    4567192 total
[2022-12-13T06:32:17.674+0000][151028][gc,age      ] GC(326) - age   4:    1501456 bytes,    6068648 total
[2022-12-13T06:32:17.674+0000][151028][gc,age      ] GC(326) - age   5:    2552592 bytes,    8621240 total
[2022-12-13T06:32:17.674+0000][151028][gc,age      ] GC(326) - age   6:     487144 bytes,    9108384 total
[2022-12-13T06:32:17.674+0000][151028][gc,age      ] GC(326) - age   7:     115936 bytes,    9224320 total
[2022-12-13T06:32:17.674+0000][151028][gc,age      ] GC(326) - age   8:      18944 bytes,    9243264 total
[2022-12-13T06:32:17.674+0000][151028][gc,age      ] GC(326) - age   9:       3328 bytes,    9246592 total
[2022-12-13T06:32:17.674+0000][151028][gc,age      ] GC(326) - age  10:     109296 bytes,    9355888 total
[2022-12-13T06:32:17.674+0000][151028][gc,age      ] GC(326) - age  11:      21816 bytes,    9377704 total
[2022-12-13T06:32:17.674+0000][151028][gc,age      ] GC(326) - age  12:     253992 bytes,    9631696 total
[2022-12-13T06:32:17.674+0000][151028][gc,age      ] GC(326) - age  13:       9664 bytes,    9641360 total
[2022-12-13T06:32:17.674+0000][151028][gc,age      ] GC(326) - age  14:      20064 bytes,    9661424 total
[2022-12-13T06:32:17.674+0000][151028][gc,age      ] GC(326) - age  15:      17112 bytes,    9678536 total
[2022-12-13T06:32:17.674+0000][151028][gc,heap     ] GC(326) Eden regions: 9->0(969)
[2022-12-13T06:32:17.674+0000][151028][gc,heap     ] GC(326) Survivor regions: 3->3(124)
[2022-12-13T06:32:17.674+0000][151028][gc,heap     ] GC(326) Old regions: 454->454
[2022-12-13T06:32:17.674+0000][151028][gc,heap     ] GC(326) Archive regions: 2->2
[2022-12-13T06:32:17.674+0000][151028][gc,heap     ] GC(326) Humongous regions: 143->108
[2022-12-13T06:32:17.674+0000][151028][gc,metaspace] GC(326) Metaspace: 176249K(180928K)->176249K(180928K) NonClass: 154611K(157184K)->154611K(157184K) Class: 21638K(23744K)->21638K(23744K)
[2022-12-13T06:32:17.674+0000][151028][gc          ] GC(326) Pause Young (Concurrent Start) (G1 Humongous Allocation) 2435M->2261M(7992M) 9.152ms
[2022-12-13T06:32:17.674+0000][151028][gc,cpu      ] GC(326) User=0.03s Sys=0.00s Real=0.01s
[2022-12-13T06:32:17.674+0000][151028][gc          ] GC(327) Concurrent Undo Cycle
[2022-12-13T06:32:17.674+0000][151028][safepoint   ] Safepoint "G1TryInitiateConcMark", Time since last: 82343900 ns, Reaching safepoint: 333100 ns, At safepoint: 9399200 ns, Total: 9732300 ns
[2022-12-13T06:32:17.674+0000][151028][gc,marking  ] GC(327) Concurrent Cleanup for Next Mark
[2022-12-13T06:32:17.675+0000][151028][gc,marking  ] GC(327) Concurrent Cleanup for Next Mark 0.922ms
[2022-12-13T06:32:17.675+0000][151028][gc          ] GC(327) Concurrent Undo Cycle 1.104ms
[2022-12-13T06:32:17.745+0000][151028][gc,start    ] GC(328) Pause Young (Concurrent Start) (G1 Humongous Allocation)
[2022-12-13T06:32:17.745+0000][151028][gc,task     ] GC(328) Using 10 workers of 10 for evacuation
[2022-12-13T06:32:17.745+0000][151028][gc,age      ] GC(328) Desired survivor size 255852544 bytes, new threshold 15 (max threshold 15)
[2022-12-13T06:32:17.759+0000][151028][gc,phases   ] GC(328)   Pre Evacuate Collection Set: 1.3ms
[2022-12-13T06:32:17.759+0000][151028][gc,phases   ] GC(328)   Merge Heap Roots: 0.2ms
[2022-12-13T06:32:17.759+0000][151028][gc,phases   ] GC(328)   Evacuate Collection Set: 7.1ms
[2022-12-13T06:32:17.759+0000][151028][gc,phases   ] GC(328)   Post Evacuate Collection Set: 4.9ms
[2022-12-13T06:32:17.759+0000][151028][gc,phases   ] GC(328)   Other: 0.1ms
[2022-12-13T06:32:17.759+0000][151028][gc,age      ] GC(328) Age table with threshold 15 (max threshold 15)
[2022-12-13T06:32:17.759+0000][151028][gc,age      ] GC(328) - age   1:   21319912 bytes,   21319912 total
[2022-12-13T06:32:17.759+0000][151028][gc,age      ] GC(328) - age   2:     615680 bytes,   21935592 total
[2022-12-13T06:32:17.759+0000][151028][gc,age      ] GC(328) - age   3:    1004080 bytes,   22939672 total
[2022-12-13T06:32:17.759+0000][151028][gc,age      ] GC(328) - age   4:     749936 bytes,   23689608 total
[2022-12-13T06:32:17.759+0000][151028][gc,age      ] GC(328) - age   5:    1501200 bytes,   25190808 total
[2022-12-13T06:32:17.759+0000][151028][gc,age      ] GC(328) - age   6:    2420144 bytes,   27610952 total
[2022-12-13T06:32:17.759+0000][151028][gc,age      ] GC(328) - age   7:     348248 bytes,   27959200 total
[2022-12-13T06:32:17.759+0000][151028][gc,age      ] GC(328) - age   8:     115936 bytes,   28075136 total
[2022-12-13T06:32:17.759+0000][151028][gc,age      ] GC(328) - age   9:      18944 bytes,   28094080 total
[2022-12-13T06:32:17.759+0000][151028][gc,age      ] GC(328) - age  10:       3328 bytes,   28097408 total
[2022-12-13T06:32:17.759+0000][151028][gc,age      ] GC(328) - age  11:     109296 bytes,   28206704 total
[2022-12-13T06:32:17.759+0000][151028][gc,age      ] GC(328) - age  12:      21816 bytes,   28228520 total
[2022-12-13T06:32:17.759+0000][151028][gc,age      ] GC(328) - age  13:     253872 bytes,   28482392 total
[2022-12-13T06:32:17.759+0000][151028][gc,age      ] GC(328) - age  14:       9664 bytes,   28492056 total
[2022-12-13T06:32:17.759+0000][151028][gc,age      ] GC(328) - age  15:      20064 bytes,   28512120 total
[2022-12-13T06:32:17.759+0000][151028][gc,heap     ] GC(328) Eden regions: 18->0(817)
[2022-12-13T06:32:17.759+0000][151028][gc,heap     ] GC(328) Survivor regions: 3->8(122)
[2022-12-13T06:32:17.759+0000][151028][gc,heap     ] GC(328) Old regions: 454->454
[2022-12-13T06:32:17.759+0000][151028][gc,heap     ] GC(328) Archive regions: 2->2
[2022-12-13T06:32:17.759+0000][151028][gc,heap     ] GC(328) Humongous regions: 143->118
[2022-12-13T06:32:17.759+0000][151028][gc,metaspace] GC(328) Metaspace: 176249K(180928K)->176249K(180928K) NonClass: 154611K(157184K)->154611K(157184K) Class: 21638K(23744K)->21638K(23744K)
[2022-12-13T06:32:17.759+0000][151028][gc          ] GC(328) Pause Young (Concurrent Start) (G1 Humongous Allocation) 2470M->2321M(7992M) 14.163ms
[2022-12-13T06:32:17.759+0000][151028][gc          ] GC(329) Concurrent Undo Cycle
[2022-12-13T06:32:17.759+0000][151028][gc,cpu      ] GC(328) User=0.08s Sys=0.02s Real=0.02s
[2022-12-13T06:32:17.760+0000][151028][gc,marking  ] GC(329) Concurrent Cleanup for Next Mark
[2022-12-13T06:32:17.760+0000][151028][safepoint   ] Safepoint "G1TryInitiateConcMark", Time since last: 70757900 ns, Reaching safepoint: 291900 ns, At safepoint: 14435300 ns, Total: 14727200 ns
[2022-12-13T06:32:17.761+0000][151028][gc,marking  ] GC(329) Concurrent Cleanup for Next Mark 0.965ms
[2022-12-13T06:32:17.761+0000][151028][gc          ] GC(329) Concurrent Undo Cycle 1.099ms
[2022-12-13T06:32:17.803+0000][151028][gc,start    ] GC(330) Pause Young (Concurrent Start) (G1 Humongous Allocation)
[2022-12-13T06:32:17.803+0000][151028][gc,task     ] GC(330) Using 10 workers of 10 for evacuation
[2022-12-13T06:32:17.803+0000][151028][gc,age      ] GC(330) Desired survivor size 218103808 bytes, new threshold 15 (max threshold 15)
[2022-12-13T06:32:17.812+0000][151028][gc,phases   ] GC(330)   Pre Evacuate Collection Set: 0.8ms
[2022-12-13T06:32:17.812+0000][151028][gc,phases   ] GC(330)   Merge Heap Roots: 0.2ms
[2022-12-13T06:32:17.812+0000][151028][gc,phases   ] GC(330)   Evacuate Collection Set: 5.4ms
[2022-12-13T06:32:17.812+0000][151028][gc,phases   ] GC(330)   Post Evacuate Collection Set: 1.8ms
[2022-12-13T06:32:17.812+0000][151028][gc,phases   ] GC(330)   Other: 0.2ms
[2022-12-13T06:32:17.812+0000][151028][gc,age      ] GC(330) Age table with threshold 15 (max threshold 15)
[2022-12-13T06:32:17.812+0000][151028][gc,age      ] GC(330) - age   1:    4494784 bytes,    4494784 total
[2022-12-13T06:32:17.812+0000][151028][gc,age      ] GC(330) - age   2:    6007936 bytes,   10502720 total
[2022-12-13T06:32:17.812+0000][151028][gc,age      ] GC(330) - age   3:     615408 bytes,   11118128 total
[2022-12-13T06:32:17.812+0000][151028][gc,age      ] GC(330) - age   4:     872656 bytes,   11990784 total
[2022-12-13T06:32:17.812+0000][151028][gc,age      ] GC(330) - age   5:     749632 bytes,   12740416 total
[2022-12-13T06:32:17.812+0000][151028][gc,age      ] GC(330) - age   6:    1501200 bytes,   14241616 total
[2022-12-13T06:32:17.812+0000][151028][gc,age      ] GC(330) - age   7:    2420144 bytes,   16661760 total
[2022-12-13T06:32:17.812+0000][151028][gc,age      ] GC(330) - age   8:     348248 bytes,   17010008 total
[2022-12-13T06:32:17.812+0000][151028][gc,age      ] GC(330) - age   9:     115936 bytes,   17125944 total
[2022-12-13T06:32:17.812+0000][151028][gc,age      ] GC(330) - age  10:      18304 bytes,   17144248 total
[2022-12-13T06:32:17.812+0000][151028][gc,age      ] GC(330) - age  11:       3328 bytes,   17147576 total
[2022-12-13T06:32:17.812+0000][151028][gc,age      ] GC(330) - age  12:     109296 bytes,   17256872 total
[2022-12-13T06:32:17.812+0000][151028][gc,age      ] GC(330) - age  13:      21816 bytes,   17278688 total
[2022-12-13T06:32:17.812+0000][151028][gc,age      ] GC(330) - age  14:     253872 bytes,   17532560 total
[2022-12-13T06:32:17.812+0000][151028][gc,age      ] GC(330) - age  15:       9664 bytes,   17542224 total
[2022-12-13T06:32:17.812+0000][151028][gc,heap     ] GC(330) Eden regions: 6->0(843)
[2022-12-13T06:32:17.812+0000][151028][gc,heap     ] GC(330) Survivor regions: 8->5(104)
[2022-12-13T06:32:17.812+0000][151028][gc,heap     ] GC(330) Old regions: 454->454
[2022-12-13T06:32:17.812+0000][151028][gc,heap     ] GC(330) Archive regions: 2->2
[2022-12-13T06:32:17.812+0000][151028][gc,heap     ] GC(330) Humongous regions: 144->126
[2022-12-13T06:32:17.812+0000][151028][gc,metaspace] GC(330) Metaspace: 176249K(180928K)->176249K(180928K) NonClass: 154611K(157184K)->154611K(157184K) Class: 21638K(23744K)->21638K(23744K)
[2022-12-13T06:32:17.812+0000][151028][gc          ] GC(330) Pause Young (Concurrent Start) (G1 Humongous Allocation) 2449M->2340M(7992M) 8.908ms
[2022-12-13T06:32:17.812+0000][151028][gc,cpu      ] GC(330) User=0.05s Sys=0.00s Real=0.01s
[2022-12-13T06:32:17.812+0000][151028][gc          ] GC(331) Concurrent Undo Cycle
[2022-12-13T06:32:17.812+0000][151028][gc,marking  ] GC(331) Concurrent Cleanup for Next Mark
[2022-12-13T06:32:17.812+0000][151028][safepoint   ] Safepoint "G1TryInitiateConcMark", Time since last: 43398100 ns, Reaching safepoint: 257700 ns, At safepoint: 9184600 ns, Total: 9442300 ns
[2022-12-13T06:32:17.814+0000][151028][gc,marking  ] GC(331) Concurrent Cleanup for Next Mark 1.200ms
[2022-12-13T06:32:17.814+0000][151028][gc          ] GC(331) Concurrent Undo Cycle 1.414ms
[2022-12-13T06:32:17.850+0000][151028][gc,start    ] GC(332) Pause Young (Concurrent Start) (G1 Humongous Allocation)
[2022-12-13T06:32:17.850+0000][151028][gc,task     ] GC(332) Using 10 workers of 10 for evacuation
[2022-12-13T06:32:17.850+0000][151028][gc,age      ] GC(332) Desired survivor size 222298112 bytes, new threshold 15 (max threshold 15)
[2022-12-13T06:32:17.859+0000][151028][gc,phases   ] GC(332)   Pre Evacuate Collection Set: 0.8ms
[2022-12-13T06:32:17.859+0000][151028][gc,phases   ] GC(332)   Merge Heap Roots: 0.2ms
[2022-12-13T06:32:17.859+0000][151028][gc,phases   ] GC(332)   Evacuate Collection Set: 5.1ms
[2022-12-13T06:32:17.859+0000][151028][gc,phases   ] GC(332)   Post Evacuate Collection Set: 2.1ms
[2022-12-13T06:32:17.859+0000][151028][gc,phases   ] GC(332)   Other: 0.1ms
[2022-12-13T06:32:17.859+0000][151028][gc,age      ] GC(332) Age table with threshold 15 (max threshold 15)
[2022-12-13T06:32:17.859+0000][151028][gc,age      ] GC(332) - age   1:    4119720 bytes,    4119720 total
[2022-12-13T06:32:17.859+0000][151028][gc,age      ] GC(332) - age   2:    2444016 bytes,    6563736 total
[2022-12-13T06:32:17.859+0000][151028][gc,age      ] GC(332) - age   3:     793016 bytes,    7356752 total
[2022-12-13T06:32:17.859+0000][151028][gc,age      ] GC(332) - age   4:     615184 bytes,    7971936 total
[2022-12-13T06:32:17.859+0000][151028][gc,age      ] GC(332) - age   5:     872656 bytes,    8844592 total
[2022-12-13T06:32:17.859+0000][151028][gc,age      ] GC(332) - age   6:     749480 bytes,    9594072 total
[2022-12-13T06:32:17.859+0000][151028][gc,age      ] GC(332) - age   7:    1501048 bytes,   11095120 total
[2022-12-13T06:32:17.859+0000][151028][gc,age      ] GC(332) - age   8:    2418168 bytes,   13513288 total
[2022-12-13T06:32:17.859+0000][151028][gc,age      ] GC(332) - age   9:     348208 bytes,   13861496 total
[2022-12-13T06:32:17.859+0000][151028][gc,age      ] GC(332) - age  10:     115936 bytes,   13977432 total
[2022-12-13T06:32:17.859+0000][151028][gc,age      ] GC(332) - age  11:      18184 bytes,   13995616 total
[2022-12-13T06:32:17.859+0000][151028][gc,age      ] GC(332) - age  12:       3328 bytes,   13998944 total
[2022-12-13T06:32:17.859+0000][151028][gc,age      ] GC(332) - age  13:     109296 bytes,   14108240 total
[2022-12-13T06:32:17.859+0000][151028][gc,age      ] GC(332) - age  14:      21816 bytes,   14130056 total
[2022-12-13T06:32:17.859+0000][151028][gc,age      ] GC(332) - age  15:     253752 bytes,   14383808 total
[2022-12-13T06:32:17.859+0000][151028][gc,heap     ] GC(332) Eden regions: 9->0(884)
[2022-12-13T06:32:17.859+0000][151028][gc,heap     ] GC(332) Survivor regions: 5->4(106)
[2022-12-13T06:32:17.859+0000][151028][gc,heap     ] GC(332) Old regions: 454->454
[2022-12-13T06:32:17.859+0000][151028][gc,heap     ] GC(332) Archive regions: 2->2
[2022-12-13T06:32:17.859+0000][151028][gc,heap     ] GC(332) Humongous regions: 143->131
[2022-12-13T06:32:17.859+0000][151028][gc,metaspace] GC(332) Metaspace: 176249K(180928K)->176249K(180928K) NonClass: 154611K(157184K)->154611K(157184K) Class: 21638K(23744K)->21638K(23744K)
[2022-12-13T06:32:17.859+0000][151028][gc          ] GC(332) Pause Young (Concurrent Start) (G1 Humongous Allocation) 2442M->2357M(7992M) 8.857ms
[2022-12-13T06:32:17.859+0000][151028][gc          ] GC(333) Concurrent Undo Cycle
[2022-12-13T06:32:17.859+0000][151028][gc,cpu      ] GC(332) User=0.05s Sys=0.01s Real=0.01s
[2022-12-13T06:32:17.859+0000][151028][gc,marking  ] GC(333) Concurrent Cleanup for Next Mark
[2022-12-13T06:32:17.859+0000][151028][safepoint   ] Safepoint "G1TryInitiateConcMark", Time since last: 37313600 ns, Reaching safepoint: 252000 ns, At safepoint: 9099200 ns, Total: 9351200 ns
[2022-12-13T06:32:17.860+0000][151028][gc,marking  ] GC(333) Concurrent Cleanup for Next Mark 0.694ms
[2022-12-13T06:32:17.860+0000][151028][gc          ] GC(333) Concurrent Undo Cycle 0.829ms
[2022-12-13T06:32:17.881+0000][151028][gc,start    ] GC(334) Pause Young (Concurrent Start) (G1 Humongous Allocation)
[2022-12-13T06:32:17.881+0000][151028][gc,task     ] GC(334) Using 10 workers of 10 for evacuation
[2022-12-13T06:32:17.881+0000][151028][gc,age      ] GC(334) Desired survivor size 232783872 bytes, new threshold 15 (max threshold 15)
[2022-12-13T06:32:17.888+0000][151028][gc,phases   ] GC(334)   Pre Evacuate Collection Set: 0.8ms
[2022-12-13T06:32:17.889+0000][151028][gc,phases   ] GC(334)   Merge Heap Roots: 0.3ms
[2022-12-13T06:32:17.889+0000][151028][gc,phases   ] GC(334)   Evacuate Collection Set: 4.1ms
[2022-12-13T06:32:17.889+0000][151028][gc,phases   ] GC(334)   Post Evacuate Collection Set: 2.5ms
[2022-12-13T06:32:17.889+0000][151028][gc,phases   ] GC(334)   Other: 0.1ms
[2022-12-13T06:32:17.889+0000][151028][gc,age      ] GC(334) Age table with threshold 15 (max threshold 15)
[2022-12-13T06:32:17.889+0000][151028][gc,age      ] GC(334) - age   1:    2352304 bytes,    2352304 total
[2022-12-13T06:32:17.889+0000][151028][gc,age      ] GC(334) - age   2:    1727112 bytes,    4079416 total
[2022-12-13T06:32:17.889+0000][151028][gc,age      ] GC(334) - age   3:    1491760 bytes,    5571176 total
[2022-12-13T06:32:17.889+0000][151028][gc,age      ] GC(334) - age   4:     792872 bytes,    6364048 total
[2022-12-13T06:32:17.889+0000][151028][gc,age      ] GC(334) - age   5:     615184 bytes,    6979232 total
[2022-12-13T06:32:17.889+0000][151028][gc,age      ] GC(334) - age   6:     872656 bytes,    7851888 total
[2022-12-13T06:32:17.889+0000][151028][gc,age      ] GC(334) - age   7:     749448 bytes,    8601336 total
[2022-12-13T06:32:17.889+0000][151028][gc,age      ] GC(334) - age   8:    1501016 bytes,   10102352 total
[2022-12-13T06:32:17.889+0000][151028][gc,age      ] GC(334) - age   9:    2418096 bytes,   12520448 total
[2022-12-13T06:32:17.889+0000][151028][gc,age      ] GC(334) - age  10:     348008 bytes,   12868456 total
[2022-12-13T06:32:17.889+0000][151028][gc,age      ] GC(334) - age  11:     115936 bytes,   12984392 total
[2022-12-13T06:32:17.889+0000][151028][gc,age      ] GC(334) - age  12:      18184 bytes,   13002576 total
[2022-12-13T06:32:17.889+0000][151028][gc,age      ] GC(334) - age  13:       3328 bytes,   13005904 total
[2022-12-13T06:32:17.889+0000][151028][gc,age      ] GC(334) - age  14:     109296 bytes,   13115200 total
[2022-12-13T06:32:17.889+0000][151028][gc,age      ] GC(334) - age  15:      21816 bytes,   13137016 total
[2022-12-13T06:32:17.889+0000][151028][gc,heap     ] GC(334) Eden regions: 4->0(919)
[2022-12-13T06:32:17.889+0000][151028][gc,heap     ] GC(334) Survivor regions: 4->4(111)
[2022-12-13T06:32:17.889+0000][151028][gc,heap     ] GC(334) Old regions: 454->454
[2022-12-13T06:32:17.889+0000][151028][gc,heap     ] GC(334) Archive regions: 2->2
[2022-12-13T06:32:17.889+0000][151028][gc,heap     ] GC(334) Humongous regions: 144->134
[2022-12-13T06:32:17.889+0000][151028][gc,metaspace] GC(334) Metaspace: 176249K(180928K)->176249K(180928K) NonClass: 154611K(157184K)->154611K(157184K) Class: 21638K(23744K)->21638K(23744K)
[2022-12-13T06:32:17.889+0000][151028][gc          ] GC(334) Pause Young (Concurrent Start) (G1 Humongous Allocation) 2422M->2369M(7992M) 8.306ms
[2022-12-13T06:32:17.889+0000][151028][gc,cpu      ] GC(334) User=0.05s Sys=0.00s Real=0.00s
[2022-12-13T06:32:17.889+0000][151028][gc          ] GC(335) Concurrent Undo Cycle
[2022-12-13T06:32:17.889+0000][151028][safepoint   ] Safepoint "G1TryInitiateConcMark", Time since last: 21188000 ns, Reaching safepoint: 200200 ns, At safepoint: 8500100 ns, Total: 8700300 ns
[2022-12-13T06:32:17.889+0000][151028][gc,marking  ] GC(335) Concurrent Cleanup for Next Mark
[2022-12-13T06:32:17.890+0000][151028][gc,marking  ] GC(335) Concurrent Cleanup for Next Mark 1.014ms
[2022-12-13T06:32:17.890+0000][151028][gc          ] GC(335) Concurrent Undo Cycle 1.189ms
[2022-12-13T06:32:17.907+0000][151028][gc,start    ] GC(336) Pause Young (Concurrent Start) (G1 Humongous Allocation)
[2022-12-13T06:32:17.907+0000][151028][gc,task     ] GC(336) Using 10 workers of 10 for evacuation
[2022-12-13T06:32:17.907+0000][151028][gc,age      ] GC(336) Desired survivor size 243269632 bytes, new threshold 15 (max threshold 15)
[2022-12-13T06:32:17.914+0000][151028][gc,phases   ] GC(336)   Pre Evacuate Collection Set: 0.9ms
[2022-12-13T06:32:17.914+0000][151028][gc,phases   ] GC(336)   Merge Heap Roots: 0.3ms
[2022-12-13T06:32:17.914+0000][151028][gc,phases   ] GC(336)   Evacuate Collection Set: 4.6ms
[2022-12-13T06:32:17.914+0000][151028][gc,phases   ] GC(336)   Post Evacuate Collection Set: 1.2ms
[2022-12-13T06:32:17.914+0000][151028][gc,phases   ] GC(336)   Other: 0.1ms
[2022-12-13T06:32:17.914+0000][151028][gc,age      ] GC(336) Age table with threshold 15 (max threshold 15)
[2022-12-13T06:32:17.914+0000][151028][gc,age      ] GC(336) - age   1:    2200848 bytes,    2200848 total
[2022-12-13T06:32:17.914+0000][151028][gc,age      ] GC(336) - age   2:     181736 bytes,    2382584 total
[2022-12-13T06:32:17.914+0000][151028][gc,age      ] GC(336) - age   3:     263312 bytes,    2645896 total
[2022-12-13T06:32:17.914+0000][151028][gc,age      ] GC(336) - age   4:     426616 bytes,    3072512 total
[2022-12-13T06:32:17.914+0000][151028][gc,age      ] GC(336) - age   5:     792872 bytes,    3865384 total
[2022-12-13T06:32:17.914+0000][151028][gc,age      ] GC(336) - age   6:     615112 bytes,    4480496 total
[2022-12-13T06:32:17.914+0000][151028][gc,age      ] GC(336) - age   7:     872576 bytes,    5353072 total
[2022-12-13T06:32:17.914+0000][151028][gc,age      ] GC(336) - age   8:     749384 bytes,    6102456 total
[2022-12-13T06:32:17.914+0000][151028][gc,age      ] GC(336) - age   9:    1500824 bytes,    7603280 total
[2022-12-13T06:32:17.914+0000][151028][gc,age      ] GC(336) - age  10:    2400064 bytes,   10003344 total
[2022-12-13T06:32:17.914+0000][151028][gc,age      ] GC(336) - age  11:     348008 bytes,   10351352 total
[2022-12-13T06:32:17.914+0000][151028][gc,age      ] GC(336) - age  12:     115936 bytes,   10467288 total
[2022-12-13T06:32:17.914+0000][151028][gc,age      ] GC(336) - age  13:      18064 bytes,   10485352 total
[2022-12-13T06:32:17.914+0000][151028][gc,age      ] GC(336) - age  14:       3328 bytes,   10488680 total
[2022-12-13T06:32:17.914+0000][151028][gc,age      ] GC(336) - age  15:     109296 bytes,   10597976 total
[2022-12-13T06:32:17.914+0000][151028][gc,heap     ] GC(336) Eden regions: 2->0(788)
[2022-12-13T06:32:17.914+0000][151028][gc,heap     ] GC(336) Survivor regions: 4->3(116)
[2022-12-13T06:32:17.914+0000][151028][gc,heap     ] GC(336) Old regions: 454->454
[2022-12-13T06:32:17.914+0000][151028][gc,heap     ] GC(336) Archive regions: 2->2
[2022-12-13T06:32:17.914+0000][151028][gc,heap     ] GC(336) Humongous regions: 144->139
[2022-12-13T06:32:17.914+0000][151028][gc,metaspace] GC(336) Metaspace: 176249K(180928K)->176249K(180928K) NonClass: 154611K(157184K)->154611K(157184K) Class: 21638K(23744K)->21638K(23744K)
[2022-12-13T06:32:17.914+0000][151028][gc          ] GC(336) Pause Young (Concurrent Start) (G1 Humongous Allocation) 2413M->2384M(7992M) 7.898ms
[2022-12-13T06:32:17.915+0000][151028][gc          ] GC(337) Concurrent Undo Cycle
[2022-12-13T06:32:17.915+0000][151028][gc,cpu      ] GC(336) User=0.05s Sys=0.00s Real=0.01s
[2022-12-13T06:32:17.915+0000][151028][gc,marking  ] GC(337) Concurrent Cleanup for Next Mark
[2022-12-13T06:32:17.915+0000][151028][safepoint   ] Safepoint "G1TryInitiateConcMark", Time since last: 17200100 ns, Reaching safepoint: 284300 ns, At safepoint: 8220900 ns, Total: 8505200 ns
[2022-12-13T06:32:17.916+0000][151028][gc,marking  ] GC(337) Concurrent Cleanup for Next Mark 0.905ms
[2022-12-13T06:32:17.916+0000][151028][gc          ] GC(337) Concurrent Undo Cycle 1.046ms
[2022-12-13T06:32:17.922+0000][151028][gc,start    ] GC(338) Pause Young (Concurrent Start) (G1 Humongous Allocation)
[2022-12-13T06:32:17.922+0000][151028][gc,task     ] GC(338) Using 10 workers of 10 for evacuation
[2022-12-13T06:32:17.923+0000][151028][gc,age      ] GC(338) Desired survivor size 207618048 bytes, new threshold 15 (max threshold 15)
[2022-12-13T06:32:17.929+0000][151028][gc,phases   ] GC(338)   Pre Evacuate Collection Set: 0.8ms
[2022-12-13T06:32:17.929+0000][151028][gc,phases   ] GC(338)   Merge Heap Roots: 0.2ms
[2022-12-13T06:32:17.929+0000][151028][gc,phases   ] GC(338)   Evacuate Collection Set: 4.4ms
[2022-12-13T06:32:17.929+0000][151028][gc,phases   ] GC(338)   Post Evacuate Collection Set: 1.1ms
[2022-12-13T06:32:17.929+0000][151028][gc,phases   ] GC(338)   Other: 0.1ms
[2022-12-13T06:32:17.929+0000][151028][gc,age      ] GC(338) Age table with threshold 15 (max threshold 15)
[2022-12-13T06:32:17.929+0000][151028][gc,age      ] GC(338) - age   1:    2186584 bytes,    2186584 total
[2022-12-13T06:32:17.929+0000][151028][gc,age      ] GC(338) - age   2:     105576 bytes,    2292160 total
[2022-12-13T06:32:17.929+0000][151028][gc,age      ] GC(338) - age   3:     181736 bytes,    2473896 total
[2022-12-13T06:32:17.929+0000][151028][gc,age      ] GC(338) - age   4:     263312 bytes,    2737208 total
[2022-12-13T06:32:17.929+0000][151028][gc,age      ] GC(338) - age   5:     426616 bytes,    3163824 total
[2022-12-13T06:32:17.929+0000][151028][gc,age      ] GC(338) - age   6:     792872 bytes,    3956696 total
[2022-12-13T06:32:17.929+0000][151028][gc,age      ] GC(338) - age   7:     615112 bytes,    4571808 total
[2022-12-13T06:32:17.929+0000][151028][gc,age      ] GC(338) - age   8:     872576 bytes,    5444384 total
[2022-12-13T06:32:17.929+0000][151028][gc,age      ] GC(338) - age   9:     749384 bytes,    6193768 total
[2022-12-13T06:32:17.929+0000][151028][gc,age      ] GC(338) - age  10:    1500824 bytes,    7694592 total
[2022-12-13T06:32:17.929+0000][151028][gc,age      ] GC(338) - age  11:    2399880 bytes,   10094472 total
[2022-12-13T06:32:17.929+0000][151028][gc,age      ] GC(338) - age  12:     348008 bytes,   10442480 total
[2022-12-13T06:32:17.929+0000][151028][gc,age      ] GC(338) - age  13:     115936 bytes,   10558416 total
[2022-12-13T06:32:17.929+0000][151028][gc,age      ] GC(338) - age  14:      18064 bytes,   10576480 total
[2022-12-13T06:32:17.929+0000][151028][gc,age      ] GC(338) - age  15:       3328 bytes,   10579808 total
[2022-12-13T06:32:17.929+0000][151028][gc,heap     ] GC(338) Eden regions: 1->0(625)
[2022-12-13T06:32:17.929+0000][151028][gc,heap     ] GC(338) Survivor regions: 3->3(99)
[2022-12-13T06:32:17.929+0000][151028][gc,heap     ] GC(338) Old regions: 454->454
[2022-12-13T06:32:17.929+0000][151028][gc,heap     ] GC(338) Archive regions: 2->2
[2022-12-13T06:32:17.929+0000][151028][gc,heap     ] GC(338) Humongous regions: 143->138
[2022-12-13T06:32:17.929+0000][151028][gc,metaspace] GC(338) Metaspace: 176249K(180928K)->176249K(180928K) NonClass: 154611K(157184K)->154611K(157184K) Class: 21638K(23744K)->21638K(23744K)
[2022-12-13T06:32:17.930+0000][151028][gc          ] GC(338) Pause Young (Concurrent Start) (G1 Humongous Allocation) 2404M->2382M(7992M) 7.109ms
[2022-12-13T06:32:17.930+0000][151028][gc          ] GC(339) Concurrent Undo Cycle
[2022-12-13T06:32:17.930+0000][151028][gc,cpu      ] GC(338) User=0.05s Sys=0.00s Real=0.00s
[2022-12-13T06:32:17.930+0000][151028][gc,marking  ] GC(339) Concurrent Cleanup for Next Mark
[2022-12-13T06:32:17.930+0000][151028][safepoint   ] Safepoint "G1TryInitiateConcMark", Time since last: 7438200 ns, Reaching safepoint: 196100 ns, At safepoint: 7353900 ns, Total: 7550000 ns
[2022-12-13T06:32:17.931+0000][151028][gc,marking  ] GC(339) Concurrent Cleanup for Next Mark 0.898ms
[2022-12-13T06:32:17.931+0000][151028][gc          ] GC(339) Concurrent Undo Cycle 1.024ms
[2022-12-13T06:32:17.937+0000][151028][gc,start    ] GC(340) Pause Young (Concurrent Start) (G1 Humongous Allocation)
[2022-12-13T06:32:17.937+0000][151028][gc,task     ] GC(340) Using 10 workers of 10 for evacuation
[2022-12-13T06:32:17.937+0000][151028][gc,age      ] GC(340) Desired survivor size 165675008 bytes, new threshold 15 (max threshold 15)
[2022-12-13T06:32:17.943+0000][151028][gc,phases   ] GC(340)   Pre Evacuate Collection Set: 0.8ms
[2022-12-13T06:32:17.943+0000][151028][gc,phases   ] GC(340)   Merge Heap Roots: 0.3ms
[2022-12-13T06:32:17.943+0000][151028][gc,phases   ] GC(340)   Evacuate Collection Set: 3.9ms
[2022-12-13T06:32:17.943+0000][151028][gc,phases   ] GC(340)   Post Evacuate Collection Set: 1.4ms
[2022-12-13T06:32:17.943+0000][151028][gc,phases   ] GC(340)   Other: 0.2ms
[2022-12-13T06:32:17.943+0000][151028][gc,age      ] GC(340) Age table with threshold 15 (max threshold 15)
[2022-12-13T06:32:17.943+0000][151028][gc,age      ] GC(340) - age   1:       1784 bytes,       1784 total
[2022-12-13T06:32:17.943+0000][151028][gc,age      ] GC(340) - age   2:      87256 bytes,      89040 total
[2022-12-13T06:32:17.943+0000][151028][gc,age      ] GC(340) - age   3:     105384 bytes,     194424 total
[2022-12-13T06:32:17.943+0000][151028][gc,age      ] GC(340) - age   4:     181736 bytes,     376160 total
[2022-12-13T06:32:17.943+0000][151028][gc,age      ] GC(340) - age   5:     263312 bytes,     639472 total
[2022-12-13T06:32:17.943+0000][151028][gc,age      ] GC(340) - age   6:     426616 bytes,    1066088 total
[2022-12-13T06:32:17.943+0000][151028][gc,age      ] GC(340) - age   7:     792872 bytes,    1858960 total
[2022-12-13T06:32:17.943+0000][151028][gc,age      ] GC(340) - age   8:     615112 bytes,    2474072 total
[2022-12-13T06:32:17.943+0000][151028][gc,age      ] GC(340) - age   9:     872576 bytes,    3346648 total
[2022-12-13T06:32:17.943+0000][151028][gc,age      ] GC(340) - age  10:     749384 bytes,    4096032 total
[2022-12-13T06:32:17.943+0000][151028][gc,age      ] GC(340) - age  11:    1500824 bytes,    5596856 total
[2022-12-13T06:32:17.943+0000][151028][gc,age      ] GC(340) - age  12:    2398384 bytes,    7995240 total
[2022-12-13T06:32:17.943+0000][151028][gc,age      ] GC(340) - age  13:     348008 bytes,    8343248 total
[2022-12-13T06:32:17.943+0000][151028][gc,age      ] GC(340) - age  14:     115936 bytes,    8459184 total
[2022-12-13T06:32:17.943+0000][151028][gc,age      ] GC(340) - age  15:      18064 bytes,    8477248 total
[2022-12-13T06:32:17.943+0000][151028][gc,heap     ] GC(340) Eden regions: 1->0(687)
[2022-12-13T06:32:17.943+0000][151028][gc,heap     ] GC(340) Survivor regions: 3->3(79)
[2022-12-13T06:32:17.943+0000][151028][gc,heap     ] GC(340) Old regions: 454->454
[2022-12-13T06:32:17.943+0000][151028][gc,heap     ] GC(340) Archive regions: 2->2
[2022-12-13T06:32:17.943+0000][151028][gc,heap     ] GC(340) Humongous regions: 143->140
[2022-12-13T06:32:17.943+0000][151028][gc,metaspace] GC(340) Metaspace: 176249K(180928K)->176249K(180928K) NonClass: 154611K(157184K)->154611K(157184K) Class: 21638K(23744K)->21638K(23744K)
[2022-12-13T06:32:17.943+0000][151028][gc          ] GC(340) Pause Young (Concurrent Start) (G1 Humongous Allocation) 2406M->2386M(7992M) 6.949ms
[2022-12-13T06:32:17.944+0000][151028][gc          ] GC(341) Concurrent Undo Cycle
[2022-12-13T06:32:17.944+0000][151028][gc,cpu      ] GC(340) User=0.04s Sys=0.00s Real=0.01s
[2022-12-13T06:32:17.944+0000][151028][gc,marking  ] GC(341) Concurrent Cleanup for Next Mark
[2022-12-13T06:32:17.944+0000][151028][safepoint   ] Safepoint "G1TryInitiateConcMark", Time since last: 6565300 ns, Reaching safepoint: 204900 ns, At safepoint: 7204400 ns, Total: 7409300 ns
[2022-12-13T06:32:17.944+0000][151028][gc,marking  ] GC(341) Concurrent Cleanup for Next Mark 0.731ms
[2022-12-13T06:32:17.944+0000][151028][gc          ] GC(341) Concurrent Undo Cycle 0.878ms
[2022-12-13T06:32:17.946+0000][151028][gc,start    ] GC(342) Pause Young (Concurrent Start) (G1 Humongous Allocation)
[2022-12-13T06:32:17.946+0000][151028][gc,task     ] GC(342) Using 10 workers of 10 for evacuation
[2022-12-13T06:32:17.946+0000][151028][gc,age      ] GC(342) Desired survivor size 182452224 bytes, new threshold 15 (max threshold 15)
[2022-12-13T06:32:17.952+0000][151028][gc,phases   ] GC(342)   Pre Evacuate Collection Set: 0.8ms
[2022-12-13T06:32:17.952+0000][151028][gc,phases   ] GC(342)   Merge Heap Roots: 0.3ms
[2022-12-13T06:32:17.953+0000][151028][gc,phases   ] GC(342)   Evacuate Collection Set: 3.8ms
[2022-12-13T06:32:17.953+0000][151028][gc,phases   ] GC(342)   Post Evacuate Collection Set: 1.1ms
[2022-12-13T06:32:17.953+0000][151028][gc,phases   ] GC(342)   Other: 0.2ms
[2022-12-13T06:32:17.953+0000][151028][gc,age      ] GC(342) Age table with threshold 15 (max threshold 15)
[2022-12-13T06:32:17.953+0000][151028][gc,age      ] GC(342) - age   1:     156160 bytes,     156160 total
[2022-12-13T06:32:17.953+0000][151028][gc,age      ] GC(342) - age   2:       1784 bytes,     157944 total
[2022-12-13T06:32:17.953+0000][151028][gc,age      ] GC(342) - age   3:      87256 bytes,     245200 total
[2022-12-13T06:32:17.953+0000][151028][gc,age      ] GC(342) - age   4:     105384 bytes,     350584 total
[2022-12-13T06:32:17.953+0000][151028][gc,age      ] GC(342) - age   5:     181696 bytes,     532280 total
[2022-12-13T06:32:17.953+0000][151028][gc,age      ] GC(342) - age   6:     263312 bytes,     795592 total
[2022-12-13T06:32:17.953+0000][151028][gc,age      ] GC(342) - age   7:     426584 bytes,    1222176 total
[2022-12-13T06:32:17.953+0000][151028][gc,age      ] GC(342) - age   8:     792832 bytes,    2015008 total
[2022-12-13T06:32:17.953+0000][151028][gc,age      ] GC(342) - age   9:     615112 bytes,    2630120 total
[2022-12-13T06:32:17.953+0000][151028][gc,age      ] GC(342) - age  10:     872576 bytes,    3502696 total
[2022-12-13T06:32:17.953+0000][151028][gc,age      ] GC(342) - age  11:     749104 bytes,    4251800 total
[2022-12-13T06:32:17.953+0000][151028][gc,age      ] GC(342) - age  12:    1500824 bytes,    5752624 total
[2022-12-13T06:32:17.953+0000][151028][gc,age      ] GC(342) - age  13:    2398352 bytes,    8150976 total
[2022-12-13T06:32:17.953+0000][151028][gc,age      ] GC(342) - age  14:     347848 bytes,    8498824 total
[2022-12-13T06:32:17.953+0000][151028][gc,age      ] GC(342) - age  15:     115936 bytes,    8614760 total
[2022-12-13T06:32:17.953+0000][151028][gc,heap     ] GC(342) Eden regions: 1->0(738)
[2022-12-13T06:32:17.953+0000][151028][gc,heap     ] GC(342) Survivor regions: 3->3(87)
[2022-12-13T06:32:17.953+0000][151028][gc,heap     ] GC(342) Old regions: 454->454
[2022-12-13T06:32:17.953+0000][151028][gc,heap     ] GC(342) Archive regions: 2->2
[2022-12-13T06:32:17.953+0000][151028][gc,heap     ] GC(342) Humongous regions: 142->142
[2022-12-13T06:32:17.953+0000][151028][gc,metaspace] GC(342) Metaspace: 176249K(180928K)->176249K(180928K) NonClass: 154611K(157184K)->154611K(157184K) Class: 21638K(23744K)->21638K(23744K)
[2022-12-13T06:32:17.953+0000][151028][gc          ] GC(342) Pause Young (Concurrent Start) (G1 Humongous Allocation) 2398M->2395M(7992M) 6.680ms
[2022-12-13T06:32:17.953+0000][151028][gc          ] GC(343) Concurrent Undo Cycle
[2022-12-13T06:32:17.953+0000][151028][gc,cpu      ] GC(342) User=0.03s Sys=0.01s Real=0.01s
[2022-12-13T06:32:17.953+0000][151028][gc,marking  ] GC(343) Concurrent Cleanup for Next Mark
[2022-12-13T06:32:17.953+0000][151028][safepoint   ] Safepoint "G1TryInitiateConcMark", Time since last: 1605000 ns, Reaching safepoint: 841500 ns, At safepoint: 7056000 ns, Total: 7897500 ns
[2022-12-13T06:32:17.954+0000][151028][gc,marking  ] GC(343) Concurrent Cleanup for Next Mark 1.213ms
[2022-12-13T06:32:17.954+0000][151028][gc          ] GC(343) Concurrent Undo Cycle 1.375ms
[2022-12-13T06:32:17.984+0000][151028][gc,start    ] GC(344) Pause Young (Concurrent Start) (G1 Humongous Allocation)
[2022-12-13T06:32:17.984+0000][151028][gc,task     ] GC(344) Using 10 workers of 10 for evacuation
[2022-12-13T06:32:17.984+0000][151028][gc,age      ] GC(344) Desired survivor size 195035136 bytes, new threshold 15 (max threshold 15)
[2022-12-13T06:32:17.991+0000][151028][gc,phases   ] GC(344)   Pre Evacuate Collection Set: 1.1ms
[2022-12-13T06:32:17.991+0000][151028][gc,phases   ] GC(344)   Merge Heap Roots: 0.3ms
[2022-12-13T06:32:17.991+0000][151028][gc,phases   ] GC(344)   Evacuate Collection Set: 4.3ms
[2022-12-13T06:32:17.991+0000][151028][gc,phases   ] GC(344)   Post Evacuate Collection Set: 1.4ms
[2022-12-13T06:32:17.991+0000][151028][gc,phases   ] GC(344)   Other: 0.1ms
[2022-12-13T06:32:17.991+0000][151028][gc,age      ] GC(344) Age table with threshold 15 (max threshold 15)
[2022-12-13T06:32:17.991+0000][151028][gc,age      ] GC(344) - age   1:    2186848 bytes,    2186848 total
[2022-12-13T06:32:17.992+0000][151028][gc,age      ] GC(344) - age   2:     156160 bytes,    2343008 total
[2022-12-13T06:32:17.992+0000][151028][gc,age      ] GC(344) - age   3:       1720 bytes,    2344728 total
[2022-12-13T06:32:17.992+0000][151028][gc,age      ] GC(344) - age   4:      87224 bytes,    2431952 total
[2022-12-13T06:32:17.992+0000][151028][gc,age      ] GC(344) - age   5:     105384 bytes,    2537336 total
[2022-12-13T06:32:17.992+0000][151028][gc,age      ] GC(344) - age   6:     181696 bytes,    2719032 total
[2022-12-13T06:32:17.992+0000][151028][gc,age      ] GC(344) - age   7:     263312 bytes,    2982344 total
[2022-12-13T06:32:17.992+0000][151028][gc,age      ] GC(344) - age   8:     426584 bytes,    3408928 total
[2022-12-13T06:32:17.992+0000][151028][gc,age      ] GC(344) - age   9:     792832 bytes,    4201760 total
[2022-12-13T06:32:17.992+0000][151028][gc,age      ] GC(344) - age  10:     615048 bytes,    4816808 total
[2022-12-13T06:32:17.992+0000][151028][gc,age      ] GC(344) - age  11:     872576 bytes,    5689384 total
[2022-12-13T06:32:17.992+0000][151028][gc,age      ] GC(344) - age  12:     749104 bytes,    6438488 total
[2022-12-13T06:32:17.992+0000][151028][gc,age      ] GC(344) - age  13:    1500824 bytes,    7939312 total
[2022-12-13T06:32:17.992+0000][151028][gc,age      ] GC(344) - age  14:    2398320 bytes,   10337632 total
[2022-12-13T06:32:17.992+0000][151028][gc,age      ] GC(344) - age  15:     347848 bytes,   10685480 total
[2022-12-13T06:32:17.992+0000][151028][gc,heap     ] GC(344) Eden regions: 2->0(682)
[2022-12-13T06:32:17.992+0000][151028][gc,heap     ] GC(344) Survivor regions: 3->3(93)
[2022-12-13T06:32:17.992+0000][151028][gc,heap     ] GC(344) Old regions: 454->454
[2022-12-13T06:32:17.992+0000][151028][gc,heap     ] GC(344) Archive regions: 2->2
[2022-12-13T06:32:17.992+0000][151028][gc,heap     ] GC(344) Humongous regions: 175->173
[2022-12-13T06:32:17.992+0000][151028][gc,metaspace] GC(344) Metaspace: 176249K(180928K)->176249K(180928K) NonClass: 154611K(157184K)->154611K(157184K) Class: 21638K(23744K)->21638K(23744K)
[2022-12-13T06:32:17.992+0000][151028][gc          ] GC(344) Pause Young (Concurrent Start) (G1 Humongous Allocation) 2531M->2522M(7992M) 7.829ms
[2022-12-13T06:32:17.992+0000][151028][gc          ] GC(345) Concurrent Mark Cycle
[2022-12-13T06:32:17.992+0000][151028][gc,marking  ] GC(345) Concurrent Clear Claimed Marks
[2022-12-13T06:32:17.992+0000][151028][gc,cpu      ] GC(344) User=0.04s Sys=0.00s Real=0.01s
[2022-12-13T06:32:17.992+0000][151028][safepoint   ] Safepoint "G1TryInitiateConcMark", Time since last: 5614500 ns, Reaching safepoint: 25180700 ns, At safepoint: 8292300 ns, Total: 33473000 ns
[2022-12-13T06:32:17.992+0000][151028][gc,marking  ] GC(345) Concurrent Clear Claimed Marks 0.389ms
[2022-12-13T06:32:17.992+0000][151028][gc,marking  ] GC(345) Concurrent Scan Root Regions
[2022-12-13T06:32:17.995+0000][151028][gc,marking  ] GC(345) Concurrent Scan Root Regions 2.588ms
[2022-12-13T06:32:17.995+0000][151028][gc,marking  ] GC(345) Concurrent Mark
[2022-12-13T06:32:17.995+0000][151028][gc,marking  ] GC(345) Concurrent Mark From Roots
[2022-12-13T06:32:17.995+0000][151028][gc,task     ] GC(345) Using 3 workers of 3 for marking
[2022-12-13T06:32:18.347+0000][151028][gc,marking  ] GC(345) Concurrent Mark From Roots 351.367ms
[2022-12-13T06:32:18.347+0000][151028][gc,marking  ] GC(345) Concurrent Preclean
[2022-12-13T06:32:18.348+0000][151028][gc,marking  ] GC(345) Concurrent Preclean 1.339ms
[2022-12-13T06:32:18.364+0000][151028][gc,start    ] GC(345) Pause Remark
[2022-12-13T06:32:18.393+0000][151028][gc          ] GC(345) Pause Remark 3786M->2410M(7992M) 29.022ms
[2022-12-13T06:32:18.393+0000][151028][gc,cpu      ] GC(345) User=0.28s Sys=0.00s Real=0.03s
[2022-12-13T06:32:18.393+0000][151028][safepoint   ] Safepoint "G1PauseRemark", Time since last: 355883300 ns, Reaching safepoint: 15453100 ns, At safepoint: 29290900 ns, Total: 44744000 ns
[2022-12-13T06:32:18.393+0000][151028][gc,marking  ] GC(345) Concurrent Mark 397.962ms
[2022-12-13T06:32:18.393+0000][151028][gc,marking  ] GC(345) Concurrent Rebuild Remembered Sets
[2022-12-13T06:32:18.579+0000][151028][gc,marking  ] GC(345) Concurrent Rebuild Remembered Sets 185.640ms
[2022-12-13T06:32:18.579+0000][151028][gc,start    ] GC(345) Pause Cleanup
[2022-12-13T06:32:18.580+0000][151028][gc          ] GC(345) Pause Cleanup 2948M->2948M(7992M) 0.539ms
[2022-12-13T06:32:18.580+0000][151028][gc,cpu      ] GC(345) User=0.00s Sys=0.00s Real=0.00s
[2022-12-13T06:32:18.580+0000][151028][safepoint   ] Safepoint "G1PauseCleanup", Time since last: 185972000 ns, Reaching safepoint: 455400 ns, At safepoint: 689200 ns, Total: 1144600 ns
[2022-12-13T06:32:18.580+0000][151028][gc,marking  ] GC(345) Concurrent Cleanup for Next Mark
[2022-12-13T06:32:18.623+0000][151028][gc,marking  ] GC(345) Concurrent Cleanup for Next Mark 42.583ms
[2022-12-13T06:32:18.623+0000][151028][gc          ] GC(345) Concurrent Mark Cycle 630.897ms
[2022-12-13T06:32:19.581+0000][151028][safepoint   ] Safepoint "Cleanup", Time since last: 1000189800 ns, Reaching safepoint: 281000 ns, At safepoint: 49200 ns, Total: 330200 ns
[2022-12-13T06:32:20.021+0000][151028][gc,start    ] GC(346) Pause Young (Prepare Mixed) (G1 Preventive Collection)
[2022-12-13T06:32:20.021+0000][151028][gc,task     ] GC(346) Using 10 workers of 10 for evacuation
[2022-12-13T06:32:20.021+0000][151028][gc,age      ] GC(346) Desired survivor size 180355072 bytes, new threshold 15 (max threshold 15)
[2022-12-13T06:32:20.047+0000][151028][gc,phases   ] GC(346)   Pre Evacuate Collection Set: 0.4ms
[2022-12-13T06:32:20.047+0000][151028][gc,phases   ] GC(346)   Merge Heap Roots: 0.2ms
[2022-12-13T06:32:20.047+0000][151028][gc,phases   ] GC(346)   Evacuate Collection Set: 8.6ms
[2022-12-13T06:32:20.047+0000][151028][gc,phases   ] GC(346)   Post Evacuate Collection Set: 16.5ms
[2022-12-13T06:32:20.047+0000][151028][gc,phases   ] GC(346)   Other: 0.2ms
[2022-12-13T06:32:20.047+0000][151028][gc,age      ] GC(346) Age table with threshold 15 (max threshold 15)
[2022-12-13T06:32:20.047+0000][151028][gc,age      ] GC(346) - age   1:   65390560 bytes,   65390560 total
[2022-12-13T06:32:20.047+0000][151028][gc,age      ] GC(346) - age   2:        384 bytes,   65390944 total
[2022-12-13T06:32:20.047+0000][151028][gc,age      ] GC(346) - age   3:         40 bytes,   65390984 total
[2022-12-13T06:32:20.047+0000][151028][gc,age      ] GC(346) - age   6:        120 bytes,   65391104 total
[2022-12-13T06:32:20.047+0000][151028][gc,age      ] GC(346) - age   7:         32 bytes,   65391136 total
[2022-12-13T06:32:20.047+0000][151028][gc,age      ] GC(346) - age   8:        320 bytes,   65391456 total
[2022-12-13T06:32:20.047+0000][151028][gc,age      ] GC(346) - age   9:      17160 bytes,   65408616 total
[2022-12-13T06:32:20.047+0000][151028][gc,age      ] GC(346) - age  10:       2280 bytes,   65410896 total
[2022-12-13T06:32:20.047+0000][151028][gc,age      ] GC(346) - age  11:       2504 bytes,   65413400 total
[2022-12-13T06:32:20.047+0000][151028][gc,age      ] GC(346) - age  12:        888 bytes,   65414288 total
[2022-12-13T06:32:20.047+0000][151028][gc,age      ] GC(346) - age  13:       6248 bytes,   65420536 total
[2022-12-13T06:32:20.047+0000][151028][gc,age      ] GC(346) - age  14:      12704 bytes,   65433240 total
[2022-12-13T06:32:20.047+0000][151028][gc,age      ] GC(346) - age  15:    1172208 bytes,   66605448 total
[2022-12-13T06:32:20.047+0000][151028][gc,heap     ] GC(346) Eden regions: 209->0(82)
[2022-12-13T06:32:20.047+0000][151028][gc,heap     ] GC(346) Survivor regions: 3->17(62)
[2022-12-13T06:32:20.047+0000][151028][gc,heap     ] GC(346) Old regions: 116->116
[2022-12-13T06:32:20.047+0000][151028][gc,heap     ] GC(346) Archive regions: 2->2
[2022-12-13T06:32:20.047+0000][151028][gc,heap     ] GC(346) Humongous regions: 1606->78
[2022-12-13T06:32:20.047+0000][151028][gc,metaspace] GC(346) Metaspace: 176219K(180928K)->176219K(180928K) NonClass: 154591K(157184K)->154591K(157184K) Class: 21628K(23744K)->21628K(23744K)
[2022-12-13T06:32:20.047+0000][151028][gc          ] GC(346) Pause Young (Prepare Mixed) (G1 Preventive Collection) 7738M->843M(7992M) 26.434ms
[2022-12-13T06:32:20.047+0000][151028][gc,cpu      ] GC(346) User=0.19s Sys=0.01s Real=0.02s
[2022-12-13T06:32:20.048+0000][151028][safepoint   ] Safepoint "G1CollectForAllocation", Time since last: 416078900 ns, Reaching safepoint: 24198600 ns, At safepoint: 26714400 ns, Total: 50913000 ns
[2022-12-13T06:32:20.677+0000][151028][gc,start    ] GC(347) Pause Young (Mixed) (G1 Evacuation Pause)
[2022-12-13T06:32:20.677+0000][151028][gc,task     ] GC(347) Using 10 workers of 10 for evacuation
[2022-12-13T06:32:20.677+0000][151028][gc,age      ] GC(347) Desired survivor size 27262976 bytes, new threshold 1 (max threshold 15)
[2022-12-13T06:32:20.697+0000][151028][gc,phases   ] GC(347)   Pre Evacuate Collection Set: 0.4ms
[2022-12-13T06:32:20.697+0000][151028][gc,phases   ] GC(347)   Merge Heap Roots: 0.5ms
[2022-12-13T06:32:20.697+0000][151028][gc,phases   ] GC(347)   Evacuate Collection Set: 8.2ms
[2022-12-13T06:32:20.697+0000][151028][gc,phases   ] GC(347)   Post Evacuate Collection Set: 10.6ms
[2022-12-13T06:32:20.697+0000][151028][gc,phases   ] GC(347)   Other: 0.4ms
[2022-12-13T06:32:20.697+0000][151028][gc,age      ] GC(347) Age table with threshold 1 (max threshold 15)
[2022-12-13T06:32:20.697+0000][151028][gc,age      ] GC(347) - age   1:   28539096 bytes,   28539096 total
[2022-12-13T06:32:20.697+0000][151028][gc,heap     ] GC(347) Eden regions: 82->0(1052)
[2022-12-13T06:32:20.697+0000][151028][gc,heap     ] GC(347) Survivor regions: 17->10(13)
[2022-12-13T06:32:20.697+0000][151028][gc,heap     ] GC(347) Old regions: 116->113
[2022-12-13T06:32:20.697+0000][151028][gc,heap     ] GC(347) Archive regions: 2->2
[2022-12-13T06:32:20.697+0000][151028][gc,heap     ] GC(347) Humongous regions: 501->50
[2022-12-13T06:32:20.697+0000][151028][gc,metaspace] GC(347) Metaspace: 176233K(180928K)->176233K(180928K) NonClass: 154604K(157184K)->154604K(157184K) Class: 21628K(23744K)->21628K(23744K)
[2022-12-13T06:32:20.697+0000][151028][gc          ] GC(347) Pause Young (Mixed) (G1 Evacuation Pause) 2863M->694M(7992M) 20.342ms
[2022-12-13T06:32:20.697+0000][151028][gc,cpu      ] GC(347) User=0.14s Sys=0.02s Real=0.02s
[2022-12-13T06:32:20.697+0000][151028][safepoint   ] Safepoint "G1CollectForAllocation", Time since last: 628832900 ns, Reaching safepoint: 466900 ns, At safepoint: 20633700 ns, Total: 21100600 ns
[2022-12-13T06:32:21.153+0000][151028][gc,start    ] GC(348) Pause Young (Concurrent Start) (G1 Humongous Allocation)
[2022-12-13T06:32:21.153+0000][151028][gc,task     ] GC(348) Using 10 workers of 10 for evacuation
[2022-12-13T06:32:21.153+0000][151028][gc,age      ] GC(348) Desired survivor size 278921216 bytes, new threshold 15 (max threshold 15)
[2022-12-13T06:32:21.168+0000][151028][gc,phases   ] GC(348)   Pre Evacuate Collection Set: 0.9ms
[2022-12-13T06:32:21.168+0000][151028][gc,phases   ] GC(348)   Merge Heap Roots: 0.3ms
[2022-12-13T06:32:21.168+0000][151028][gc,phases   ] GC(348)   Evacuate Collection Set: 10.4ms
[2022-12-13T06:32:21.168+0000][151028][gc,phases   ] GC(348)   Post Evacuate Collection Set: 3.5ms
[2022-12-13T06:32:21.168+0000][151028][gc,phases   ] GC(348)   Other: 0.1ms
[2022-12-13T06:32:21.168+0000][151028][gc,age      ] GC(348) Age table with threshold 15 (max threshold 15)
[2022-12-13T06:32:21.168+0000][151028][gc,age      ] GC(348) - age   1:   35268432 bytes,   35268432 total
[2022-12-13T06:32:21.168+0000][151028][gc,age      ] GC(348) - age   2:    2795584 bytes,   38064016 total
[2022-12-13T06:32:21.168+0000][151028][gc,heap     ] GC(348) Eden regions: 40->0(1028)
[2022-12-13T06:32:21.168+0000][151028][gc,heap     ] GC(348) Survivor regions: 10->11(133)
[2022-12-13T06:32:21.168+0000][151028][gc,heap     ] GC(348) Old regions: 113->113
[2022-12-13T06:32:21.168+0000][151028][gc,heap     ] GC(348) Archive regions: 2->2
[2022-12-13T06:32:21.168+0000][151028][gc,heap     ] GC(348) Humongous regions: 482->177
[2022-12-13T06:32:21.168+0000][151028][gc,metaspace] GC(348) Metaspace: 176243K(180928K)->176243K(180928K) NonClass: 154614K(157184K)->154614K(157184K) Class: 21628K(23744K)->21628K(23744K)
[2022-12-13T06:32:21.169+0000][151028][gc          ] GC(348) Pause Young (Concurrent Start) (G1 Humongous Allocation) 2578M->1204M(7992M) 15.632ms
[2022-12-13T06:32:21.169+0000][151028][gc,cpu      ] GC(348) User=0.08s Sys=0.04s Real=0.01s
[2022-12-13T06:32:21.169+0000][151028][gc          ] GC(349) Concurrent Undo Cycle
[2022-12-13T06:32:21.169+0000][151028][gc,marking  ] GC(349) Concurrent Cleanup for Next Mark
[2022-12-13T06:32:21.169+0000][151028][safepoint   ] Safepoint "G1TryInitiateConcMark", Time since last: 445283100 ns, Reaching safepoint: 10069400 ns, At safepoint: 15905900 ns, Total: 25975300 ns
[2022-12-13T06:32:21.169+0000][151028][gc,marking  ] GC(349) Concurrent Cleanup for Next Mark 0.723ms
[2022-12-13T06:32:21.169+0000][151028][gc          ] GC(349) Concurrent Undo Cycle 0.876ms
[2022-12-13T06:32:21.427+0000][151028][safepoint   ] Safepoint "G1TryInitiateConcMark", Time since last: 258269500 ns, Reaching safepoint: 214300 ns, At safepoint: 31700 ns, Total: 246000 ns
[2022-12-13T06:32:21.428+0000][151028][gc,start    ] GC(350) Pause Young (Concurrent Start) (G1 Humongous Allocation)
[2022-12-13T06:32:21.428+0000][151028][gc,task     ] GC(350) Using 10 workers of 10 for evacuation
[2022-12-13T06:32:21.428+0000][151028][gc,age      ] GC(350) Desired survivor size 272629760 bytes, new threshold 15 (max threshold 15)
[2022-12-13T06:32:21.438+0000][151028][gc,phases   ] GC(350)   Pre Evacuate Collection Set: 0.9ms
[2022-12-13T06:32:21.438+0000][151028][gc,phases   ] GC(350)   Merge Heap Roots: 0.2ms
[2022-12-13T06:32:21.438+0000][151028][gc,phases   ] GC(350)   Evacuate Collection Set: 6.1ms
[2022-12-13T06:32:21.438+0000][151028][gc,phases   ] GC(350)   Post Evacuate Collection Set: 3.0ms
[2022-12-13T06:32:21.438+0000][151028][gc,phases   ] GC(350)   Other: 0.2ms
[2022-12-13T06:32:21.438+0000][151028][gc,age      ] GC(350) Age table with threshold 15 (max threshold 15)
[2022-12-13T06:32:21.438+0000][151028][gc,age      ] GC(350) - age   1:    5231712 bytes,    5231712 total
[2022-12-13T06:32:21.438+0000][151028][gc,age      ] GC(350) - age   2:    3160544 bytes,    8392256 total
[2022-12-13T06:32:21.438+0000][151028][gc,age      ] GC(350) - age   3:    2651368 bytes,   11043624 total
[2022-12-13T06:32:21.438+0000][151028][gc,heap     ] GC(350) Eden regions: 23->0(1121)
[2022-12-13T06:32:21.438+0000][151028][gc,heap     ] GC(350) Survivor regions: 11->3(130)
[2022-12-13T06:32:21.438+0000][151028][gc,heap     ] GC(350) Old regions: 113->113
[2022-12-13T06:32:21.438+0000][151028][gc,heap     ] GC(350) Archive regions: 2->2
[2022-12-13T06:32:21.438+0000][151028][gc,heap     ] GC(350) Humongous regions: 455->135
[2022-12-13T06:32:21.438+0000][151028][gc,metaspace] GC(350) Metaspace: 176244K(180928K)->176244K(180928K) NonClass: 154615K(157184K)->154615K(157184K) Class: 21628K(23744K)->21628K(23744K)
[2022-12-13T06:32:21.438+0000][151028][gc          ] GC(350) Pause Young (Concurrent Start) (G1 Humongous Allocation) 2405M->1006M(7992M) 10.683ms
[2022-12-13T06:32:21.438+0000][151028][gc,cpu      ] GC(350) User=0.04s Sys=0.01s Real=0.02s
[2022-12-13T06:32:21.438+0000][151028][gc          ] GC(351) Concurrent Undo Cycle
[2022-12-13T06:32:21.439+0000][151028][safepoint   ] Safepoint "G1TryInitiateConcMark", Time since last: 156200 ns, Reaching safepoint: 274300 ns, At safepoint: 10929900 ns, Total: 11204200 ns
[2022-12-13T06:32:21.439+0000][151028][gc,marking  ] GC(351) Concurrent Cleanup for Next Mark
[2022-12-13T06:32:21.440+0000][151028][gc,marking  ] GC(351) Concurrent Cleanup for Next Mark 0.813ms
[2022-12-13T06:32:21.440+0000][151028][gc          ] GC(351) Concurrent Undo Cycle 1.071ms
[2022-12-13T06:32:21.835+0000][151028][gc,start    ] GC(352) Pause Young (Concurrent Start) (G1 Humongous Allocation)
[2022-12-13T06:32:21.835+0000][151028][gc,task     ] GC(352) Using 10 workers of 10 for evacuation
[2022-12-13T06:32:21.835+0000][151028][gc,age      ] GC(352) Desired survivor size 295698432 bytes, new threshold 15 (max threshold 15)
[2022-12-13T06:32:21.842+0000][151028][gc,phases   ] GC(352)   Pre Evacuate Collection Set: 0.8ms
[2022-12-13T06:32:21.842+0000][151028][gc,phases   ] GC(352)   Merge Heap Roots: 0.2ms
[2022-12-13T06:32:21.842+0000][151028][gc,phases   ] GC(352)   Evacuate Collection Set: 4.1ms
[2022-12-13T06:32:21.842+0000][151028][gc,phases   ] GC(352)   Post Evacuate Collection Set: 1.9ms
[2022-12-13T06:32:21.842+0000][151028][gc,phases   ] GC(352)   Other: 0.1ms
[2022-12-13T06:32:21.842+0000][151028][gc,age      ] GC(352) Age table with threshold 15 (max threshold 15)
[2022-12-13T06:32:21.842+0000][151028][gc,age      ] GC(352) - age   1:    4835240 bytes,    4835240 total
[2022-12-13T06:32:21.842+0000][151028][gc,age      ] GC(352) - age   2:    1732480 bytes,    6567720 total
[2022-12-13T06:32:21.842+0000][151028][gc,age      ] GC(352) - age   3:    2896992 bytes,    9464712 total
[2022-12-13T06:32:21.842+0000][151028][gc,age      ] GC(352) - age   4:    2582768 bytes,   12047480 total
[2022-12-13T06:32:21.842+0000][151028][gc,heap     ] GC(352) Eden regions: 28->0(1136)
[2022-12-13T06:32:21.842+0000][151028][gc,heap     ] GC(352) Survivor regions: 3->4(141)
[2022-12-13T06:32:21.842+0000][151028][gc,heap     ] GC(352) Old regions: 113->113
[2022-12-13T06:32:21.842+0000][151028][gc,heap     ] GC(352) Archive regions: 2->2
[2022-12-13T06:32:21.842+0000][151028][gc,heap     ] GC(352) Humongous regions: 484->185
[2022-12-13T06:32:21.842+0000][151028][gc,metaspace] GC(352) Metaspace: 176244K(180928K)->176244K(180928K) NonClass: 154615K(157184K)->154615K(157184K) Class: 21628K(23744K)->21628K(23744K)
[2022-12-13T06:32:21.842+0000][151028][gc          ] GC(352) Pause Young (Concurrent Start) (G1 Humongous Allocation) 2513M->1207M(7992M) 7.590ms
[2022-12-13T06:32:21.842+0000][151028][gc,cpu      ] GC(352) User=0.04s Sys=0.00s Real=0.01s
[2022-12-13T06:32:21.842+0000][151028][gc          ] GC(353) Concurrent Undo Cycle
[2022-12-13T06:32:21.842+0000][151028][safepoint   ] Safepoint "G1TryInitiateConcMark", Time since last: 395699000 ns, Reaching safepoint: 214300 ns, At safepoint: 7760900 ns, Total: 7975200 ns
[2022-12-13T06:32:21.842+0000][151028][gc,marking  ] GC(353) Concurrent Cleanup for Next Mark
[2022-12-13T06:32:21.843+0000][151028][gc,marking  ] GC(353) Concurrent Cleanup for Next Mark 0.821ms
[2022-12-13T06:32:21.843+0000][151028][gc          ] GC(353) Concurrent Undo Cycle 0.966ms
[2022-12-13T06:32:22.209+0000][151028][gc,start    ] GC(354) Pause Young (Concurrent Start) (G1 Humongous Allocation)
[2022-12-13T06:32:22.209+0000][151028][gc,task     ] GC(354) Using 10 workers of 10 for evacuation
[2022-12-13T06:32:22.209+0000][151028][gc,age      ] GC(354) Desired survivor size 299892736 bytes, new threshold 15 (max threshold 15)
[2022-12-13T06:32:22.217+0000][151028][gc,phases   ] GC(354)   Pre Evacuate Collection Set: 0.9ms
[2022-12-13T06:32:22.217+0000][151028][gc,phases   ] GC(354)   Merge Heap Roots: 0.2ms
[2022-12-13T06:32:22.217+0000][151028][gc,phases   ] GC(354)   Evacuate Collection Set: 4.9ms
[2022-12-13T06:32:22.217+0000][151028][gc,phases   ] GC(354)   Post Evacuate Collection Set: 1.7ms
[2022-12-13T06:32:22.217+0000][151028][gc,phases   ] GC(354)   Other: 0.1ms
[2022-12-13T06:32:22.217+0000][151028][gc,age      ] GC(354) Age table with threshold 15 (max threshold 15)
[2022-12-13T06:32:22.217+0000][151028][gc,age      ] GC(354) - age   1:    2746768 bytes,    2746768 total
[2022-12-13T06:32:22.217+0000][151028][gc,age      ] GC(354) - age   2:    2732888 bytes,    5479656 total
[2022-12-13T06:32:22.217+0000][151028][gc,age      ] GC(354) - age   3:    1731760 bytes,    7211416 total
[2022-12-13T06:32:22.217+0000][151028][gc,age      ] GC(354) - age   4:    2871616 bytes,   10083032 total
[2022-12-13T06:32:22.217+0000][151028][gc,age      ] GC(354) - age   5:    2582384 bytes,   12665416 total
[2022-12-13T06:32:22.217+0000][151028][gc,heap     ] GC(354) Eden regions: 21->0(1030)
[2022-12-13T06:32:22.218+0000][151028][gc,heap     ] GC(354) Survivor regions: 4->4(143)
[2022-12-13T06:32:22.218+0000][151028][gc,heap     ] GC(354) Old regions: 113->113
[2022-12-13T06:32:22.218+0000][151028][gc,heap     ] GC(354) Archive regions: 2->2
[2022-12-13T06:32:22.218+0000][151028][gc,heap     ] GC(354) Humongous regions: 464->308
[2022-12-13T06:32:22.218+0000][151028][gc,metaspace] GC(354) Metaspace: 176244K(180928K)->176244K(180928K) NonClass: 154615K(157184K)->154615K(157184K) Class: 21628K(23744K)->21628K(23744K)
[2022-12-13T06:32:22.218+0000][151028][gc          ] GC(354) Pause Young (Concurrent Start) (G1 Humongous Allocation) 2404M->1700M(7992M) 8.203ms
[2022-12-13T06:32:22.218+0000][151028][gc          ] GC(355) Concurrent Undo Cycle
[2022-12-13T06:32:22.218+0000][151028][gc,cpu      ] GC(354) User=0.05s Sys=0.01s Real=0.01s
[2022-12-13T06:32:22.218+0000][151028][gc,marking  ] GC(355) Concurrent Cleanup for Next Mark
[2022-12-13T06:32:22.218+0000][151028][safepoint   ] Safepoint "G1TryInitiateConcMark", Time since last: 325870700 ns, Reaching safepoint: 41177000 ns, At safepoint: 8527900 ns, Total: 49704900 ns
[2022-12-13T06:32:22.219+0000][151028][gc,marking  ] GC(355) Concurrent Cleanup for Next Mark 1.016ms
[2022-12-13T06:32:22.219+0000][151028][gc          ] GC(355) Concurrent Undo Cycle 1.153ms
[2022-12-13T06:32:22.369+0000][151028][gc,start    ] GC(356) Pause Young (Concurrent Start) (G1 Humongous Allocation)
[2022-12-13T06:32:22.369+0000][151028][gc,task     ] GC(356) Using 10 workers of 10 for evacuation
[2022-12-13T06:32:22.369+0000][151028][gc,age      ] GC(356) Desired survivor size 272629760 bytes, new threshold 15 (max threshold 15)
[2022-12-13T06:32:22.377+0000][151028][gc,phases   ] GC(356)   Pre Evacuate Collection Set: 0.9ms
[2022-12-13T06:32:22.377+0000][151028][gc,phases   ] GC(356)   Merge Heap Roots: 0.2ms
[2022-12-13T06:32:22.377+0000][151028][gc,phases   ] GC(356)   Evacuate Collection Set: 4.5ms
[2022-12-13T06:32:22.377+0000][151028][gc,phases   ] GC(356)   Post Evacuate Collection Set: 2.2ms
[2022-12-13T06:32:22.377+0000][151028][gc,phases   ] GC(356)   Other: 0.2ms
[2022-12-13T06:32:22.377+0000][151028][gc,age      ] GC(356) Age table with threshold 15 (max threshold 15)
[2022-12-13T06:32:22.377+0000][151028][gc,age      ] GC(356) - age   1:     581008 bytes,     581008 total
[2022-12-13T06:32:22.377+0000][151028][gc,age      ] GC(356) - age   2:    2460864 bytes,    3041872 total
[2022-12-13T06:32:22.377+0000][151028][gc,age      ] GC(356) - age   3:    2599800 bytes,    5641672 total
[2022-12-13T06:32:22.377+0000][151028][gc,age      ] GC(356) - age   4:    1590296 bytes,    7231968 total
[2022-12-13T06:32:22.377+0000][151028][gc,age      ] GC(356) - age   5:    2805984 bytes,   10037952 total
[2022-12-13T06:32:22.377+0000][151028][gc,age      ] GC(356) - age   6:    2580472 bytes,   12618424 total
[2022-12-13T06:32:22.377+0000][151028][gc,heap     ] GC(356) Eden regions: 16->0(1131)
[2022-12-13T06:32:22.377+0000][151028][gc,heap     ] GC(356) Survivor regions: 4->4(130)
[2022-12-13T06:32:22.377+0000][151028][gc,heap     ] GC(356) Old regions: 113->113
[2022-12-13T06:32:22.377+0000][151028][gc,heap     ] GC(356) Archive regions: 2->2
[2022-12-13T06:32:22.377+0000][151028][gc,heap     ] GC(356) Humongous regions: 484->240
[2022-12-13T06:32:22.377+0000][151028][gc,metaspace] GC(356) Metaspace: 176245K(180928K)->176245K(180928K) NonClass: 154616K(157184K)->154616K(157184K) Class: 21628K(23744K)->21628K(23744K)
[2022-12-13T06:32:22.377+0000][151028][gc          ] GC(356) Pause Young (Concurrent Start) (G1 Humongous Allocation) 2466M->1428M(7992M) 8.264ms
[2022-12-13T06:32:22.377+0000][151028][gc          ] GC(357) Concurrent Undo Cycle
[2022-12-13T06:32:22.377+0000][151028][gc,cpu      ] GC(356) User=0.03s Sys=0.02s Real=0.01s
[2022-12-13T06:32:22.377+0000][151028][gc,marking  ] GC(357) Concurrent Cleanup for Next Mark
[2022-12-13T06:32:22.377+0000][151028][safepoint   ] Safepoint "G1TryInitiateConcMark", Time since last: 150886100 ns, Reaching safepoint: 201700 ns, At safepoint: 8509000 ns, Total: 8710700 ns
[2022-12-13T06:32:22.378+0000][151028][gc,marking  ] GC(357) Concurrent Cleanup for Next Mark 0.971ms
[2022-12-13T06:32:22.378+0000][151028][gc          ] GC(357) Concurrent Undo Cycle 1.118ms
[2022-12-13T06:32:22.674+0000][151028][gc,start    ] GC(358) Pause Young (Concurrent Start) (G1 Humongous Allocation)
[2022-12-13T06:32:22.674+0000][151028][gc,task     ] GC(358) Using 10 workers of 10 for evacuation
[2022-12-13T06:32:22.674+0000][151028][gc,age      ] GC(358) Desired survivor size 297795584 bytes, new threshold 15 (max threshold 15)
[2022-12-13T06:32:22.684+0000][151028][gc,phases   ] GC(358)   Pre Evacuate Collection Set: 1.0ms
[2022-12-13T06:32:22.684+0000][151028][gc,phases   ] GC(358)   Merge Heap Roots: 0.3ms
[2022-12-13T06:32:22.684+0000][151028][gc,phases   ] GC(358)   Evacuate Collection Set: 5.1ms
[2022-12-13T06:32:22.684+0000][151028][gc,phases   ] GC(358)   Post Evacuate Collection Set: 3.5ms
[2022-12-13T06:32:22.684+0000][151028][gc,phases   ] GC(358)   Other: 0.1ms
[2022-12-13T06:32:22.684+0000][151028][gc,age      ] GC(358) Age table with threshold 15 (max threshold 15)
[2022-12-13T06:32:22.684+0000][151028][gc,age      ] GC(358) - age   1:    5151136 bytes,    5151136 total
[2022-12-13T06:32:22.684+0000][151028][gc,age      ] GC(358) - age   2:     576368 bytes,    5727504 total
[2022-12-13T06:32:22.684+0000][151028][gc,age      ] GC(358) - age   3:    2459720 bytes,    8187224 total
[2022-12-13T06:32:22.684+0000][151028][gc,age      ] GC(358) - age   4:    2401888 bytes,   10589112 total
[2022-12-13T06:32:22.684+0000][151028][gc,age      ] GC(358) - age   5:    1589744 bytes,   12178856 total
[2022-12-13T06:32:22.684+0000][151028][gc,age      ] GC(358) - age   6:    2805504 bytes,   14984360 total
[2022-12-13T06:32:22.685+0000][151028][gc,age      ] GC(358) - age   7:    2561408 bytes,   17545768 total
[2022-12-13T06:32:22.685+0000][151028][gc,heap     ] GC(358) Eden regions: 22->0(1106)
[2022-12-13T06:32:22.685+0000][151028][gc,heap     ] GC(358) Survivor regions: 4->5(142)
[2022-12-13T06:32:22.685+0000][151028][gc,heap     ] GC(358) Old regions: 113->113
[2022-12-13T06:32:22.685+0000][151028][gc,heap     ] GC(358) Archive regions: 2->2
[2022-12-13T06:32:22.685+0000][151028][gc,heap     ] GC(358) Humongous regions: 485->306
[2022-12-13T06:32:22.685+0000][151028][gc,metaspace] GC(358) Metaspace: 176252K(180928K)->176252K(180928K) NonClass: 154623K(157184K)->154623K(157184K) Class: 21628K(23744K)->21628K(23744K)
[2022-12-13T06:32:22.685+0000][151028][gc          ] GC(358) Pause Young (Concurrent Start) (G1 Humongous Allocation) 2494M->1696M(7992M) 10.374ms
[2022-12-13T06:32:22.685+0000][151028][gc,cpu      ] GC(358) User=0.06s Sys=0.00s Real=0.01s
[2022-12-13T06:32:22.685+0000][151028][gc          ] GC(359) Concurrent Undo Cycle
[2022-12-13T06:32:22.685+0000][151028][safepoint   ] Safepoint "G1TryInitiateConcMark", Time since last: 271442100 ns, Reaching safepoint: 25288300 ns, At safepoint: 10588600 ns, Total: 35876900 ns
[2022-12-13T06:32:22.685+0000][151028][gc,marking  ] GC(359) Concurrent Cleanup for Next Mark
[2022-12-13T06:32:22.686+0000][151028][gc,marking  ] GC(359) Concurrent Cleanup for Next Mark 0.976ms
[2022-12-13T06:32:22.686+0000][151028][gc          ] GC(359) Concurrent Undo Cycle 1.128ms
[2022-12-13T06:32:23.178+0000][151028][gc,start    ] GC(360) Pause Young (Concurrent Start) (G1 Humongous Allocation)
[2022-12-13T06:32:23.178+0000][151028][gc,task     ] GC(360) Using 10 workers of 10 for evacuation
[2022-12-13T06:32:23.178+0000][151028][gc,age      ] GC(360) Desired survivor size 291504128 bytes, new threshold 15 (max threshold 15)
[2022-12-13T06:32:23.184+0000][151028][gc,phases   ] GC(360)   Pre Evacuate Collection Set: 1.0ms
[2022-12-13T06:32:23.184+0000][151028][gc,phases   ] GC(360)   Merge Heap Roots: 0.2ms
[2022-12-13T06:32:23.184+0000][151028][gc,phases   ] GC(360)   Evacuate Collection Set: 2.8ms
[2022-12-13T06:32:23.184+0000][151028][gc,phases   ] GC(360)   Post Evacuate Collection Set: 2.3ms
[2022-12-13T06:32:23.184+0000][151028][gc,phases   ] GC(360)   Other: 0.1ms
[2022-12-13T06:32:23.184+0000][151028][gc,age      ] GC(360) Age table with threshold 15 (max threshold 15)
[2022-12-13T06:32:23.184+0000][151028][gc,age      ] GC(360) - age   1:     304288 bytes,     304288 total
[2022-12-13T06:32:23.184+0000][151028][gc,age      ] GC(360) - age   2:     266968 bytes,     571256 total
[2022-12-13T06:32:23.184+0000][151028][gc,age      ] GC(360) - age   3:     511040 bytes,    1082296 total
[2022-12-13T06:32:23.184+0000][151028][gc,age      ] GC(360) - age   4:      76240 bytes,    1158536 total
[2022-12-13T06:32:23.184+0000][151028][gc,age      ] GC(360) - age   5:     225808 bytes,    1384344 total
[2022-12-13T06:32:23.184+0000][151028][gc,age      ] GC(360) - age   6:     239984 bytes,    1624328 total
[2022-12-13T06:32:23.184+0000][151028][gc,age      ] GC(360) - age   7:     281192 bytes,    1905520 total
[2022-12-13T06:32:23.184+0000][151028][gc,age      ] GC(360) - age   8:     404088 bytes,    2309608 total
[2022-12-13T06:32:23.184+0000][151028][gc,heap     ] GC(360) Eden regions: 13->0(1197)
[2022-12-13T06:32:23.184+0000][151028][gc,heap     ] GC(360) Survivor regions: 5->1(139)
[2022-12-13T06:32:23.184+0000][151028][gc,heap     ] GC(360) Old regions: 113->113
[2022-12-13T06:32:23.184+0000][151028][gc,heap     ] GC(360) Archive regions: 2->2
[2022-12-13T06:32:23.184+0000][151028][gc,heap     ] GC(360) Humongous regions: 454->6
[2022-12-13T06:32:23.184+0000][151028][gc,metaspace] GC(360) Metaspace: 176252K(180928K)->176252K(180928K) NonClass: 154623K(157184K)->154623K(157184K) Class: 21628K(23744K)->21628K(23744K)
[2022-12-13T06:32:23.184+0000][151028][gc          ] GC(360) Pause Young (Concurrent Start) (G1 Humongous Allocation) 2338M->482M(7992M) 6.846ms
[2022-12-13T06:32:23.184+0000][151028][gc          ] GC(361) Concurrent Undo Cycle
[2022-12-13T06:32:23.184+0000][151028][gc,cpu      ] GC(360) User=0.01s Sys=0.02s Real=0.01s
[2022-12-13T06:32:23.185+0000][151028][gc,marking  ] GC(361) Concurrent Cleanup for Next Mark
[2022-12-13T06:32:23.185+0000][151028][safepoint   ] Safepoint "G1TryInitiateConcMark", Time since last: 492520500 ns, Reaching safepoint: 193500 ns, At safepoint: 7077800 ns, Total: 7271300 ns
[2022-12-13T06:32:23.185+0000][151028][gc,marking  ] GC(361) Concurrent Cleanup for Next Mark 0.909ms
[2022-12-13T06:32:23.186+0000][151028][gc          ] GC(361) Concurrent Undo Cycle 1.091ms
[2022-12-13T06:32:24.187+0000][151028][safepoint   ] Safepoint "Cleanup", Time since last: 1000216600 ns, Reaching safepoint: 2470700 ns, At safepoint: 51400 ns, Total: 2522100 ns
[2022-12-13T06:32:26.188+0000][151028][safepoint   ] Safepoint "Cleanup", Time since last: 2000245600 ns, Reaching safepoint: 191500 ns, At safepoint: 11400 ns, Total: 202900 ns
[2022-12-13T06:32:27.606+0000][151028][gc,start    ] GC(362) Pause Young (Concurrent Start) (G1 Humongous Allocation)
[2022-12-13T06:32:27.606+0000][151028][gc,task     ] GC(362) Using 10 workers of 10 for evacuation
[2022-12-13T06:32:27.606+0000][151028][gc,age      ] GC(362) Desired survivor size 314572800 bytes, new threshold 15 (max threshold 15)
[2022-12-13T06:32:27.622+0000][151028][gc,phases   ] GC(362)   Pre Evacuate Collection Set: 1.1ms
[2022-12-13T06:32:27.622+0000][151028][gc,phases   ] GC(362)   Merge Heap Roots: 0.3ms
[2022-12-13T06:32:27.622+0000][151028][gc,phases   ] GC(362)   Evacuate Collection Set: 4.7ms
[2022-12-13T06:32:27.622+0000][151028][gc,phases   ] GC(362)   Post Evacuate Collection Set: 9.9ms
[2022-12-13T06:32:27.622+0000][151028][gc,phases   ] GC(362)   Other: 0.2ms
[2022-12-13T06:32:27.622+0000][151028][gc,age      ] GC(362) Age table with threshold 15 (max threshold 15)
[2022-12-13T06:32:27.622+0000][151028][gc,age      ] GC(362) - age   1:   23233800 bytes,   23233800 total
[2022-12-13T06:32:27.622+0000][151028][gc,age      ] GC(362) - age   2:      45144 bytes,   23278944 total
[2022-12-13T06:32:27.622+0000][151028][gc,age      ] GC(362) - age   3:     129712 bytes,   23408656 total
[2022-12-13T06:32:27.622+0000][151028][gc,age      ] GC(362) - age   4:     366376 bytes,   23775032 total
[2022-12-13T06:32:27.622+0000][151028][gc,age      ] GC(362) - age   5:      75240 bytes,   23850272 total
[2022-12-13T06:32:27.622+0000][151028][gc,age      ] GC(362) - age   6:     188256 bytes,   24038528 total
[2022-12-13T06:32:27.622+0000][151028][gc,age      ] GC(362) - age   7:     219648 bytes,   24258176 total
[2022-12-13T06:32:27.622+0000][151028][gc,age      ] GC(362) - age   8:     239824 bytes,   24498000 total
[2022-12-13T06:32:27.622+0000][151028][gc,age      ] GC(362) - age   9:     214136 bytes,   24712136 total
[2022-12-13T06:32:27.622+0000][151028][gc,heap     ] GC(362) Eden regions: 96->0(1192)
[2022-12-13T06:32:27.622+0000][151028][gc,heap     ] GC(362) Survivor regions: 1->6(150)
[2022-12-13T06:32:27.622+0000][151028][gc,heap     ] GC(362) Old regions: 113->113
[2022-12-13T06:32:27.622+0000][151028][gc,heap     ] GC(362) Archive regions: 2->2
[2022-12-13T06:32:27.622+0000][151028][gc,heap     ] GC(362) Humongous regions: 463->6
[2022-12-13T06:32:27.623+0000][151028][gc,metaspace] GC(362) Metaspace: 176257K(180928K)->176257K(180928K) NonClass: 154628K(157184K)->154628K(157184K) Class: 21628K(23744K)->21628K(23744K)
[2022-12-13T06:32:27.623+0000][151028][gc          ] GC(362) Pause Young (Concurrent Start) (G1 Humongous Allocation) 2693M->503M(7992M) 16.750ms
[2022-12-13T06:32:27.623+0000][151028][gc          ] GC(363) Concurrent Undo Cycle
[2022-12-13T06:32:27.623+0000][151028][gc,cpu      ] GC(362) User=0.08s Sys=0.01s Real=0.02s
[2022-12-13T06:32:27.623+0000][151028][gc,marking  ] GC(363) Concurrent Cleanup for Next Mark
[2022-12-13T06:32:27.623+0000][151028][safepoint   ] Safepoint "G1TryInitiateConcMark", Time since last: 1417660300 ns, Reaching safepoint: 331600 ns, At safepoint: 17121700 ns, Total: 17453300 ns
[2022-12-13T06:32:27.624+0000][151028][gc,marking  ] GC(363) Concurrent Cleanup for Next Mark 1.473ms
[2022-12-13T06:32:27.624+0000][151028][gc          ] GC(363) Concurrent Undo Cycle 1.615ms
[2022-12-13T06:32:28.014+0000][151028][safepoint   ] Safepoint "G1TryInitiateConcMark", Time since last: 390552500 ns, Reaching safepoint: 197900 ns, At safepoint: 32300 ns, Total: 230200 ns
[2022-12-13T06:32:28.014+0000][151028][gc,start    ] GC(364) Pause Young (Concurrent Start) (G1 Humongous Allocation)
[2022-12-13T06:32:28.014+0000][151028][gc,task     ] GC(364) Using 10 workers of 10 for evacuation
[2022-12-13T06:32:28.014+0000][151028][gc,age      ] GC(364) Desired survivor size 314572800 bytes, new threshold 15 (max threshold 15)
[2022-12-13T06:32:28.027+0000][151028][gc,phases   ] GC(364)   Pre Evacuate Collection Set: 0.8ms
[2022-12-13T06:32:28.027+0000][151028][gc,phases   ] GC(364)   Merge Heap Roots: 0.2ms
[2022-12-13T06:32:28.027+0000][151028][gc,phases   ] GC(364)   Evacuate Collection Set: 8.0ms
[2022-12-13T06:32:28.027+0000][151028][gc,phases   ] GC(364)   Post Evacuate Collection Set: 4.0ms
[2022-12-13T06:32:28.027+0000][151028][gc,phases   ] GC(364)   Other: 0.1ms
[2022-12-13T06:32:28.027+0000][151028][gc,age      ] GC(364) Age table with threshold 15 (max threshold 15)
[2022-12-13T06:32:28.027+0000][151028][gc,age      ] GC(364) - age   1:   20879120 bytes,   20879120 total
[2022-12-13T06:32:28.027+0000][151028][gc,age      ] GC(364) - age   2:    1112096 bytes,   21991216 total
[2022-12-13T06:32:28.027+0000][151028][gc,age      ] GC(364) - age   3:      45144 bytes,   22036360 total
[2022-12-13T06:32:28.027+0000][151028][gc,age      ] GC(364) - age   4:     129400 bytes,   22165760 total
[2022-12-13T06:32:28.027+0000][151028][gc,age      ] GC(364) - age   5:     366376 bytes,   22532136 total
[2022-12-13T06:32:28.027+0000][151028][gc,age      ] GC(364) - age   6:      75240 bytes,   22607376 total
[2022-12-13T06:32:28.027+0000][151028][gc,age      ] GC(364) - age   7:     122616 bytes,   22729992 total
[2022-12-13T06:32:28.027+0000][151028][gc,age      ] GC(364) - age   8:     219608 bytes,   22949600 total
[2022-12-13T06:32:28.027+0000][151028][gc,age      ] GC(364) - age   9:     239144 bytes,   23188744 total
[2022-12-13T06:32:28.027+0000][151028][gc,age      ] GC(364) - age  10:     214112 bytes,   23402856 total
[2022-12-13T06:32:28.028+0000][151028][gc,heap     ] GC(364) Eden regions: 38->0(1192)
[2022-12-13T06:32:28.028+0000][151028][gc,heap     ] GC(364) Survivor regions: 6->6(150)
[2022-12-13T06:32:28.028+0000][151028][gc,heap     ] GC(364) Old regions: 113->113
[2022-12-13T06:32:28.028+0000][151028][gc,heap     ] GC(364) Archive regions: 2->2
[2022-12-13T06:32:28.028+0000][151028][gc,heap     ] GC(364) Humongous regions: 453->11
[2022-12-13T06:32:28.028+0000][151028][gc,metaspace] GC(364) Metaspace: 176270K(180928K)->176270K(180928K) NonClass: 154641K(157184K)->154641K(157184K) Class: 21628K(23744K)->21628K(23744K)
[2022-12-13T06:32:28.028+0000][151028][gc          ] GC(364) Pause Young (Concurrent Start) (G1 Humongous Allocation) 2441M->523M(7992M) 13.567ms
[2022-12-13T06:32:28.028+0000][151028][gc          ] GC(365) Concurrent Undo Cycle
[2022-12-13T06:32:28.028+0000][151028][gc,cpu      ] GC(364) User=0.08s Sys=0.00s Real=0.01s
[2022-12-13T06:32:28.028+0000][151028][gc,marking  ] GC(365) Concurrent Cleanup for Next Mark
[2022-12-13T06:32:28.028+0000][151028][safepoint   ] Safepoint "G1TryInitiateConcMark", Time since last: 131100 ns, Reaching safepoint: 216600 ns, At safepoint: 13808400 ns, Total: 14025000 ns
[2022-12-13T06:32:28.029+0000][151028][gc,marking  ] GC(365) Concurrent Cleanup for Next Mark 0.889ms
[2022-12-13T06:32:28.029+0000][151028][gc          ] GC(365) Concurrent Undo Cycle 1.015ms
[2022-12-13T06:32:28.767+0000][151028][gc,start    ] GC(366) Pause Young (Concurrent Start) (G1 Humongous Allocation)
[2022-12-13T06:32:28.767+0000][151028][gc,task     ] GC(366) Using 10 workers of 10 for evacuation
[2022-12-13T06:32:28.767+0000][151028][gc,age      ] GC(366) Desired survivor size 314572800 bytes, new threshold 15 (max threshold 15)
[2022-12-13T06:32:28.781+0000][151028][gc,phases   ] GC(366)   Pre Evacuate Collection Set: 1.1ms
[2022-12-13T06:32:28.781+0000][151028][gc,phases   ] GC(366)   Merge Heap Roots: 0.3ms
[2022-12-13T06:32:28.781+0000][151028][gc,phases   ] GC(366)   Evacuate Collection Set: 3.7ms
[2022-12-13T06:32:28.781+0000][151028][gc,phases   ] GC(366)   Post Evacuate Collection Set: 8.7ms
[2022-12-13T06:32:28.781+0000][151028][gc,phases   ] GC(366)   Other: 0.2ms
[2022-12-13T06:32:28.781+0000][151028][gc,age      ] GC(366) Age table with threshold 15 (max threshold 15)
[2022-12-13T06:32:28.781+0000][151028][gc,age      ] GC(366) - age   1:    8474856 bytes,    8474856 total
[2022-12-13T06:32:28.781+0000][151028][gc,age      ] GC(366) - age   2:   11895656 bytes,   20370512 total
[2022-12-13T06:32:28.781+0000][151028][gc,age      ] GC(366) - age   3:     856744 bytes,   21227256 total
[2022-12-13T06:32:28.781+0000][151028][gc,age      ] GC(366) - age   4:      21960 bytes,   21249216 total
[2022-12-13T06:32:28.781+0000][151028][gc,age      ] GC(366) - age   5:      85648 bytes,   21334864 total
[2022-12-13T06:32:28.781+0000][151028][gc,age      ] GC(366) - age   6:     340824 bytes,   21675688 total
[2022-12-13T06:32:28.781+0000][151028][gc,age      ] GC(366) - age   7:      69216 bytes,   21744904 total
[2022-12-13T06:32:28.781+0000][151028][gc,age      ] GC(366) - age   8:     105776 bytes,   21850680 total
[2022-12-13T06:32:28.781+0000][151028][gc,age      ] GC(366) - age   9:     219096 bytes,   22069776 total
[2022-12-13T06:32:28.781+0000][151028][gc,age      ] GC(366) - age  10:     238544 bytes,   22308320 total
[2022-12-13T06:32:28.781+0000][151028][gc,age      ] GC(366) - age  11:     213912 bytes,   22522232 total
[2022-12-13T06:32:28.781+0000][151028][gc,heap     ] GC(366) Eden regions: 38->0(1192)
[2022-12-13T06:32:28.781+0000][151028][gc,heap     ] GC(366) Survivor regions: 6->6(150)
[2022-12-13T06:32:28.781+0000][151028][gc,heap     ] GC(366) Old regions: 113->113
[2022-12-13T06:32:28.781+0000][151028][gc,heap     ] GC(366) Archive regions: 2->2
[2022-12-13T06:32:28.782+0000][151028][gc,heap     ] GC(366) Humongous regions: 473->138
[2022-12-13T06:32:28.782+0000][151028][gc,metaspace] GC(366) Metaspace: 176274K(180928K)->176274K(180928K) NonClass: 154645K(157184K)->154645K(157184K) Class: 21628K(23744K)->21628K(23744K)
[2022-12-13T06:32:28.782+0000][151028][gc          ] GC(366) Pause Young (Concurrent Start) (G1 Humongous Allocation) 2521M->1030M(7992M) 14.493ms
[2022-12-13T06:32:28.782+0000][151028][gc          ] GC(367) Concurrent Undo Cycle
[2022-12-13T06:32:28.782+0000][151028][gc,cpu      ] GC(366) User=0.08s Sys=0.00s Real=0.02s
[2022-12-13T06:32:28.782+0000][151028][gc,marking  ] GC(367) Concurrent Cleanup for Next Mark
[2022-12-13T06:32:28.782+0000][151028][safepoint   ] Safepoint "G1TryInitiateConcMark", Time since last: 701604000 ns, Reaching safepoint: 37594700 ns, At safepoint: 14901200 ns, Total: 52495900 ns
[2022-12-13T06:32:28.783+0000][151028][gc,marking  ] GC(367) Concurrent Cleanup for Next Mark 0.790ms
[2022-12-13T06:32:28.783+0000][151028][gc          ] GC(367) Concurrent Undo Cycle 0.963ms
[2022-12-13T06:32:29.011+0000][151028][gc,start    ] GC(368) Pause Young (Concurrent Start) (G1 Humongous Allocation)
[2022-12-13T06:32:29.012+0000][151028][gc,task     ] GC(368) Using 10 workers of 10 for evacuation
[2022-12-13T06:32:29.012+0000][151028][gc,age      ] GC(368) Desired survivor size 314572800 bytes, new threshold 15 (max threshold 15)
[2022-12-13T06:32:29.019+0000][151028][gc,phases   ] GC(368)   Pre Evacuate Collection Set: 0.8ms
[2022-12-13T06:32:29.019+0000][151028][gc,phases   ] GC(368)   Merge Heap Roots: 0.2ms
[2022-12-13T06:32:29.019+0000][151028][gc,phases   ] GC(368)   Evacuate Collection Set: 3.8ms
[2022-12-13T06:32:29.019+0000][151028][gc,phases   ] GC(368)   Post Evacuate Collection Set: 2.9ms
[2022-12-13T06:32:29.019+0000][151028][gc,phases   ] GC(368)   Other: 0.1ms
[2022-12-13T06:32:29.019+0000][151028][gc,age      ] GC(368) Age table with threshold 15 (max threshold 15)
[2022-12-13T06:32:29.019+0000][151028][gc,age      ] GC(368) - age   1:    2107136 bytes,    2107136 total
[2022-12-13T06:32:29.019+0000][151028][gc,age      ] GC(368) - age   2:     665168 bytes,    2772304 total
[2022-12-13T06:32:29.019+0000][151028][gc,age      ] GC(368) - age   3:     512568 bytes,    3284872 total
[2022-12-13T06:32:29.020+0000][151028][gc,age      ] GC(368) - age   4:     855232 bytes,    4140104 total
[2022-12-13T06:32:29.020+0000][151028][gc,age      ] GC(368) - age   5:      21888 bytes,    4161992 total
[2022-12-13T06:32:29.020+0000][151028][gc,age      ] GC(368) - age   6:      85648 bytes,    4247640 total
[2022-12-13T06:32:29.020+0000][151028][gc,age      ] GC(368) - age   7:     340824 bytes,    4588464 total
[2022-12-13T06:32:29.020+0000][151028][gc,age      ] GC(368) - age   8:      69216 bytes,    4657680 total
[2022-12-13T06:32:29.020+0000][151028][gc,age      ] GC(368) - age   9:     105496 bytes,    4763176 total
[2022-12-13T06:32:29.020+0000][151028][gc,age      ] GC(368) - age  10:     219056 bytes,    4982232 total
[2022-12-13T06:32:29.020+0000][151028][gc,age      ] GC(368) - age  11:     238504 bytes,    5220736 total
[2022-12-13T06:32:29.020+0000][151028][gc,age      ] GC(368) - age  12:     213912 bytes,    5434648 total
[2022-12-13T06:32:29.020+0000][151028][gc,heap     ] GC(368) Eden regions: 11->0(1192)
[2022-12-13T06:32:29.020+0000][151028][gc,heap     ] GC(368) Survivor regions: 6->2(150)
[2022-12-13T06:32:29.020+0000][151028][gc,heap     ] GC(368) Old regions: 113->113
[2022-12-13T06:32:29.020+0000][151028][gc,heap     ] GC(368) Archive regions: 2->2
[2022-12-13T06:32:29.020+0000][151028][gc,heap     ] GC(368) Humongous regions: 468->72
[2022-12-13T06:32:29.020+0000][151028][gc,metaspace] GC(368) Metaspace: 176277K(180928K)->176277K(180928K) NonClass: 154648K(157184K)->154648K(157184K) Class: 21628K(23744K)->21628K(23744K)
[2022-12-13T06:32:29.020+0000][151028][gc          ] GC(368) Pause Young (Concurrent Start) (G1 Humongous Allocation) 2393M->751M(7992M) 8.262ms
[2022-12-13T06:32:29.020+0000][151028][gc          ] GC(369) Concurrent Undo Cycle
[2022-12-13T06:32:29.020+0000][151028][gc,cpu      ] GC(368) User=0.03s Sys=0.00s Real=0.01s
[2022-12-13T06:32:29.020+0000][151028][gc,marking  ] GC(369) Concurrent Cleanup for Next Mark
[2022-12-13T06:32:29.020+0000][151028][safepoint   ] Safepoint "G1TryInitiateConcMark", Time since last: 220596600 ns, Reaching safepoint: 8890000 ns, At safepoint: 8641700 ns, Total: 17531700 ns
[2022-12-13T06:32:29.021+0000][151028][gc,marking  ] GC(369) Concurrent Cleanup for Next Mark 0.820ms
[2022-12-13T06:32:29.021+0000][151028][gc          ] GC(369) Concurrent Undo Cycle 0.950ms
[2022-12-13T06:32:29.308+0000][151028][gc,start    ] GC(370) Pause Young (Concurrent Start) (G1 Humongous Allocation)
[2022-12-13T06:32:29.308+0000][151028][gc,task     ] GC(370) Using 10 workers of 10 for evacuation
[2022-12-13T06:32:29.308+0000][151028][gc,age      ] GC(370) Desired survivor size 314572800 bytes, new threshold 15 (max threshold 15)
[2022-12-13T06:32:29.316+0000][151028][gc,phases   ] GC(370)   Pre Evacuate Collection Set: 0.9ms
[2022-12-13T06:32:29.316+0000][151028][gc,phases   ] GC(370)   Merge Heap Roots: 0.2ms
[2022-12-13T06:32:29.316+0000][151028][gc,phases   ] GC(370)   Evacuate Collection Set: 3.2ms
[2022-12-13T06:32:29.316+0000][151028][gc,phases   ] GC(370)   Post Evacuate Collection Set: 2.7ms
[2022-12-13T06:32:29.316+0000][151028][gc,phases   ] GC(370)   Other: 0.2ms
[2022-12-13T06:32:29.316+0000][151028][gc,age      ] GC(370) Age table with threshold 15 (max threshold 15)
[2022-12-13T06:32:29.316+0000][151028][gc,age      ] GC(370) - age   1:    3163456 bytes,    3163456 total
[2022-12-13T06:32:29.316+0000][151028][gc,age      ] GC(370) - age   2:      51048 bytes,    3214504 total
[2022-12-13T06:32:29.316+0000][151028][gc,age      ] GC(370) - age   3:     134904 bytes,    3349408 total
[2022-12-13T06:32:29.316+0000][151028][gc,age      ] GC(370) - age   4:     248720 bytes,    3598128 total
[2022-12-13T06:32:29.316+0000][151028][gc,age      ] GC(370) - age   5:     852168 bytes,    4450296 total
[2022-12-13T06:32:29.316+0000][151028][gc,age      ] GC(370) - age   6:      21728 bytes,    4472024 total
[2022-12-13T06:32:29.316+0000][151028][gc,age      ] GC(370) - age   7:      85568 bytes,    4557592 total
[2022-12-13T06:32:29.316+0000][151028][gc,age      ] GC(370) - age   8:     275144 bytes,    4832736 total
[2022-12-13T06:32:29.316+0000][151028][gc,age      ] GC(370) - age   9:      69216 bytes,    4901952 total
[2022-12-13T06:32:29.316+0000][151028][gc,age      ] GC(370) - age  10:     105456 bytes,    5007408 total
[2022-12-13T06:32:29.316+0000][151028][gc,age      ] GC(370) - age  11:     219056 bytes,    5226464 total
[2022-12-13T06:32:29.316+0000][151028][gc,age      ] GC(370) - age  12:     238144 bytes,    5464608 total
[2022-12-13T06:32:29.316+0000][151028][gc,age      ] GC(370) - age  13:     213792 bytes,    5678400 total
[2022-12-13T06:32:29.316+0000][151028][gc,heap     ] GC(370) Eden regions: 15->0(1146)
[2022-12-13T06:32:29.316+0000][151028][gc,heap     ] GC(370) Survivor regions: 2->2(150)
[2022-12-13T06:32:29.316+0000][151028][gc,heap     ] GC(370) Old regions: 113->113
[2022-12-13T06:32:29.316+0000][151028][gc,heap     ] GC(370) Archive regions: 2->2
[2022-12-13T06:32:29.316+0000][151028][gc,heap     ] GC(370) Humongous regions: 468->138
[2022-12-13T06:32:29.316+0000][151028][gc,metaspace] GC(370) Metaspace: 176277K(180928K)->176277K(180928K) NonClass: 154648K(157184K)->154648K(157184K) Class: 21628K(23744K)->21628K(23744K)
[2022-12-13T06:32:29.316+0000][151028][gc          ] GC(370) Pause Young (Concurrent Start) (G1 Humongous Allocation) 2393M->1014M(7992M) 7.542ms
[2022-12-13T06:32:29.316+0000][151028][gc,cpu      ] GC(370) User=0.03s Sys=0.00s Real=0.01s
[2022-12-13T06:32:29.316+0000][151028][gc          ] GC(371) Concurrent Undo Cycle
[2022-12-13T06:32:29.316+0000][151028][gc,marking  ] GC(371) Concurrent Cleanup for Next Mark
[2022-12-13T06:32:29.316+0000][151028][safepoint   ] Safepoint "G1TryInitiateConcMark", Time since last: 226753600 ns, Reaching safepoint: 61479900 ns, At safepoint: 7859300 ns, Total: 69339200 ns
[2022-12-13T06:32:29.317+0000][151028][gc,marking  ] GC(371) Concurrent Cleanup for Next Mark 0.812ms
[2022-12-13T06:32:29.317+0000][151028][gc          ] GC(371) Concurrent Undo Cycle 0.936ms
[2022-12-13T06:32:29.566+0000][151028][gc,start    ] GC(372) Pause Young (Concurrent Start) (G1 Humongous Allocation)
[2022-12-13T06:32:29.566+0000][151028][gc,task     ] GC(372) Using 10 workers of 10 for evacuation
[2022-12-13T06:32:29.566+0000][151028][gc,age      ] GC(372) Desired survivor size 301989888 bytes, new threshold 15 (max threshold 15)
[2022-12-13T06:32:29.574+0000][151028][gc,phases   ] GC(372)   Pre Evacuate Collection Set: 0.8ms
[2022-12-13T06:32:29.574+0000][151028][gc,phases   ] GC(372)   Merge Heap Roots: 0.2ms
[2022-12-13T06:32:29.574+0000][151028][gc,phases   ] GC(372)   Evacuate Collection Set: 3.8ms
[2022-12-13T06:32:29.574+0000][151028][gc,phases   ] GC(372)   Post Evacuate Collection Set: 3.0ms
[2022-12-13T06:32:29.574+0000][151028][gc,phases   ] GC(372)   Other: 0.2ms
[2022-12-13T06:32:29.574+0000][151028][gc,age      ] GC(372) Age table with threshold 15 (max threshold 15)
[2022-12-13T06:32:29.574+0000][151028][gc,age      ] GC(372) - age   1:    4649312 bytes,    4649312 total
[2022-12-13T06:32:29.574+0000][151028][gc,age      ] GC(372) - age   2:    1350080 bytes,    5999392 total
[2022-12-13T06:32:29.574+0000][151028][gc,age      ] GC(372) - age   3:      49864 bytes,    6049256 total
[2022-12-13T06:32:29.574+0000][151028][gc,age      ] GC(372) - age   4:     120464 bytes,    6169720 total
[2022-12-13T06:32:29.574+0000][151028][gc,age      ] GC(372) - age   5:     246000 bytes,    6415720 total
[2022-12-13T06:32:29.574+0000][151028][gc,age      ] GC(372) - age   6:     335296 bytes,    6751016 total
[2022-12-13T06:32:29.574+0000][151028][gc,age      ] GC(372) - age   7:      21568 bytes,    6772584 total
[2022-12-13T06:32:29.574+0000][151028][gc,age      ] GC(372) - age   8:      85368 bytes,    6857952 total
[2022-12-13T06:32:29.574+0000][151028][gc,age      ] GC(372) - age   9:     153288 bytes,    7011240 total
[2022-12-13T06:32:29.574+0000][151028][gc,age      ] GC(372) - age  10:       2152 bytes,    7013392 total
[2022-12-13T06:32:29.574+0000][151028][gc,age      ] GC(372) - age  11:      20712 bytes,    7034104 total
[2022-12-13T06:32:29.574+0000][151028][gc,age      ] GC(372) - age  12:      89536 bytes,    7123640 total
[2022-12-13T06:32:29.574+0000][151028][gc,age      ] GC(372) - age  13:      14864 bytes,    7138504 total
[2022-12-13T06:32:29.574+0000][151028][gc,age      ] GC(372) - age  14:      67488 bytes,    7205992 total
[2022-12-13T06:32:29.574+0000][151028][gc,heap     ] GC(372) Eden regions: 16->0(1194)
[2022-12-13T06:32:29.574+0000][151028][gc,heap     ] GC(372) Survivor regions: 2->4(144)
[2022-12-13T06:32:29.574+0000][151028][gc,heap     ] GC(372) Old regions: 113->113
[2022-12-13T06:32:29.574+0000][151028][gc,heap     ] GC(372) Archive regions: 2->2
[2022-12-13T06:32:29.574+0000][151028][gc,heap     ] GC(372) Humongous regions: 468->72
[2022-12-13T06:32:29.574+0000][151028][gc,metaspace] GC(372) Metaspace: 176282K(180928K)->176282K(180928K) NonClass: 154653K(157184K)->154653K(157184K) Class: 21628K(23744K)->21628K(23744K)
[2022-12-13T06:32:29.574+0000][151028][gc          ] GC(372) Pause Young (Concurrent Start) (G1 Humongous Allocation) 2397M->756M(7992M) 8.608ms
[2022-12-13T06:32:29.574+0000][151028][gc          ] GC(373) Concurrent Undo Cycle
[2022-12-13T06:32:29.574+0000][151028][gc,cpu      ] GC(372) User=0.03s Sys=0.01s Real=0.01s
[2022-12-13T06:32:29.574+0000][151028][gc,marking  ] GC(373) Concurrent Cleanup for Next Mark
[2022-12-13T06:32:29.575+0000][151028][safepoint   ] Safepoint "G1TryInitiateConcMark", Time since last: 223729000 ns, Reaching safepoint: 25725700 ns, At safepoint: 9047900 ns, Total: 34773600 ns
[2022-12-13T06:32:29.575+0000][151028][gc,marking  ] GC(373) Concurrent Cleanup for Next Mark 1.029ms
[2022-12-13T06:32:29.575+0000][151028][gc          ] GC(373) Concurrent Undo Cycle 1.153ms
[2022-12-13T06:32:29.906+0000][151028][gc,start    ] GC(374) Pause Young (Concurrent Start) (G1 Humongous Allocation)
[2022-12-13T06:32:29.906+0000][151028][gc,task     ] GC(374) Using 10 workers of 10 for evacuation
[2022-12-13T06:32:29.906+0000][151028][gc,age      ] GC(374) Desired survivor size 314572800 bytes, new threshold 15 (max threshold 15)
[2022-12-13T06:32:29.918+0000][151028][gc,phases   ] GC(374)   Pre Evacuate Collection Set: 0.8ms
[2022-12-13T06:32:29.918+0000][151028][gc,phases   ] GC(374)   Merge Heap Roots: 0.2ms
[2022-12-13T06:32:29.918+0000][151028][gc,phases   ] GC(374)   Evacuate Collection Set: 5.9ms
[2022-12-13T06:32:29.918+0000][151028][gc,phases   ] GC(374)   Post Evacuate Collection Set: 4.4ms
[2022-12-13T06:32:29.918+0000][151028][gc,phases   ] GC(374)   Other: 0.1ms
[2022-12-13T06:32:29.918+0000][151028][gc,age      ] GC(374) Age table with threshold 15 (max threshold 15)
[2022-12-13T06:32:29.918+0000][151028][gc,age      ] GC(374) - age   1:   23536440 bytes,   23536440 total
[2022-12-13T06:32:29.918+0000][151028][gc,age      ] GC(374) - age   2:     158536 bytes,   23694976 total
[2022-12-13T06:32:29.918+0000][151028][gc,age      ] GC(374) - age   3:     134528 bytes,   23829504 total
[2022-12-13T06:32:29.918+0000][151028][gc,age      ] GC(374) - age   4:      27712 bytes,   23857216 total
[2022-12-13T06:32:29.918+0000][151028][gc,age      ] GC(374) - age   5:      98296 bytes,   23955512 total
[2022-12-13T06:32:29.918+0000][151028][gc,age      ] GC(374) - age   6:     112600 bytes,   24068112 total
[2022-12-13T06:32:29.918+0000][151028][gc,age      ] GC(374) - age   7:     160608 bytes,   24228720 total
[2022-12-13T06:32:29.918+0000][151028][gc,age      ] GC(374) - age   8:      21528 bytes,   24250248 total
[2022-12-13T06:32:29.918+0000][151028][gc,age      ] GC(374) - age   9:      85064 bytes,   24335312 total
[2022-12-13T06:32:29.918+0000][151028][gc,age      ] GC(374) - age  10:      22160 bytes,   24357472 total
[2022-12-13T06:32:29.918+0000][151028][gc,age      ] GC(374) - age  11:       2152 bytes,   24359624 total
[2022-12-13T06:32:29.918+0000][151028][gc,age      ] GC(374) - age  12:      20672 bytes,   24380296 total
[2022-12-13T06:32:29.918+0000][151028][gc,age      ] GC(374) - age  13:      89232 bytes,   24469528 total
[2022-12-13T06:32:29.918+0000][151028][gc,age      ] GC(374) - age  14:      14576 bytes,   24484104 total
[2022-12-13T06:32:29.918+0000][151028][gc,age      ] GC(374) - age  15:      50504 bytes,   24534608 total
[2022-12-13T06:32:29.918+0000][151028][gc,heap     ] GC(374) Eden regions: 34->0(1185)
[2022-12-13T06:32:29.918+0000][151028][gc,heap     ] GC(374) Survivor regions: 4->7(150)
[2022-12-13T06:32:29.918+0000][151028][gc,heap     ] GC(374) Old regions: 113->113
[2022-12-13T06:32:29.918+0000][151028][gc,heap     ] GC(374) Archive regions: 2->2
[2022-12-13T06:32:29.918+0000][151028][gc,heap     ] GC(374) Humongous regions: 472->76
[2022-12-13T06:32:29.918+0000][151028][gc,metaspace] GC(374) Metaspace: 176282K(180928K)->176282K(180928K) NonClass: 154653K(157184K)->154653K(157184K) Class: 21628K(23744K)->21628K(23744K)
[2022-12-13T06:32:29.918+0000][151028][gc          ] GC(374) Pause Young (Concurrent Start) (G1 Humongous Allocation) 2489M->784M(7992M) 12.000ms
[2022-12-13T06:32:29.918+0000][151028][gc          ] GC(375) Concurrent Undo Cycle
[2022-12-13T06:32:29.918+0000][151028][gc,cpu      ] GC(374) User=0.08s Sys=0.00s Real=0.02s
[2022-12-13T06:32:29.918+0000][151028][gc,marking  ] GC(375) Concurrent Cleanup for Next Mark
[2022-12-13T06:32:29.918+0000][151028][safepoint   ] Safepoint "G1TryInitiateConcMark", Time since last: 317991900 ns, Reaching safepoint: 13273500 ns, At safepoint: 12372400 ns, Total: 25645900 ns
[2022-12-13T06:32:29.919+0000][151028][gc,marking  ] GC(375) Concurrent Cleanup for Next Mark 0.833ms
[2022-12-13T06:32:29.919+0000][151028][gc          ] GC(375) Concurrent Undo Cycle 0.970ms
[2022-12-13T06:32:30.299+0000][151028][gc,start    ] GC(376) Pause Young (Concurrent Start) (G1 Humongous Allocation)
[2022-12-13T06:32:30.299+0000][151028][gc,task     ] GC(376) Using 10 workers of 10 for evacuation
[2022-12-13T06:32:30.299+0000][151028][gc,age      ] GC(376) Desired survivor size 312475648 bytes, new threshold 15 (max threshold 15)
[2022-12-13T06:32:30.308+0000][151028][gc,phases   ] GC(376)   Pre Evacuate Collection Set: 0.8ms
[2022-12-13T06:32:30.308+0000][151028][gc,phases   ] GC(376)   Merge Heap Roots: 0.2ms
[2022-12-13T06:32:30.308+0000][151028][gc,phases   ] GC(376)   Evacuate Collection Set: 3.4ms
[2022-12-13T06:32:30.308+0000][151028][gc,phases   ] GC(376)   Post Evacuate Collection Set: 4.9ms
[2022-12-13T06:32:30.308+0000][151028][gc,phases   ] GC(376)   Other: 0.1ms
[2022-12-13T06:32:30.308+0000][151028][gc,age      ] GC(376) Age table with threshold 15 (max threshold 15)
[2022-12-13T06:32:30.308+0000][151028][gc,age      ] GC(376) - age   1:    8231200 bytes,    8231200 total
[2022-12-13T06:32:30.308+0000][151028][gc,age      ] GC(376) - age   2:      24656 bytes,    8255856 total
[2022-12-13T06:32:30.308+0000][151028][gc,age      ] GC(376) - age   3:     152744 bytes,    8408600 total
[2022-12-13T06:32:30.308+0000][151028][gc,age      ] GC(376) - age   4:     128736 bytes,    8537336 total
[2022-12-13T06:32:30.308+0000][151028][gc,age      ] GC(376) - age   5:       7768 bytes,    8545104 total
[2022-12-13T06:32:30.308+0000][151028][gc,age      ] GC(376) - age   6:      98184 bytes,    8643288 total
[2022-12-13T06:32:30.308+0000][151028][gc,age      ] GC(376) - age   7:     111360 bytes,    8754648 total
[2022-12-13T06:32:30.308+0000][151028][gc,age      ] GC(376) - age   8:     157792 bytes,    8912440 total
[2022-12-13T06:32:30.309+0000][151028][gc,age      ] GC(376) - age   9:      21448 bytes,    8933888 total
[2022-12-13T06:32:30.309+0000][151028][gc,age      ] GC(376) - age  10:      85064 bytes,    9018952 total
[2022-12-13T06:32:30.309+0000][151028][gc,age      ] GC(376) - age  11:      22160 bytes,    9041112 total
[2022-12-13T06:32:30.309+0000][151028][gc,age      ] GC(376) - age  12:       2152 bytes,    9043264 total
[2022-12-13T06:32:30.309+0000][151028][gc,age      ] GC(376) - age  13:      20672 bytes,    9063936 total
[2022-12-13T06:32:30.309+0000][151028][gc,age      ] GC(376) - age  14:      89192 bytes,    9153128 total
[2022-12-13T06:32:30.309+0000][151028][gc,age      ] GC(376) - age  15:      14576 bytes,    9167704 total
[2022-12-13T06:32:30.309+0000][151028][gc,heap     ] GC(376) Eden regions: 25->0(1195)
[2022-12-13T06:32:30.309+0000][151028][gc,heap     ] GC(376) Survivor regions: 7->3(149)
[2022-12-13T06:32:30.309+0000][151028][gc,heap     ] GC(376) Old regions: 113->113
[2022-12-13T06:32:30.309+0000][151028][gc,heap     ] GC(376) Archive regions: 2->2
[2022-12-13T06:32:30.309+0000][151028][gc,heap     ] GC(376) Humongous regions: 454->105
[2022-12-13T06:32:30.309+0000][151028][gc,metaspace] GC(376) Metaspace: 176283K(180928K)->176283K(180928K) NonClass: 154655K(157184K)->154655K(157184K) Class: 21628K(23744K)->21628K(23744K)
[2022-12-13T06:32:30.309+0000][151028][gc          ] GC(376) Pause Young (Concurrent Start) (G1 Humongous Allocation) 2394M->884M(7992M) 10.026ms
[2022-12-13T06:32:30.309+0000][151028][gc,cpu      ] GC(376) User=0.05s Sys=0.01s Real=0.00s
[2022-12-13T06:32:30.309+0000][151028][gc          ] GC(377) Concurrent Undo Cycle
[2022-12-13T06:32:30.309+0000][151028][safepoint   ] Safepoint "G1TryInitiateConcMark", Time since last: 333573400 ns, Reaching safepoint: 46753600 ns, At safepoint: 10279000 ns, Total: 57032600 ns
[2022-12-13T06:32:30.310+0000][151028][gc,marking  ] GC(377) Concurrent Cleanup for Next Mark
[2022-12-13T06:32:30.312+0000][151028][gc,marking  ] GC(377) Concurrent Cleanup for Next Mark 1.935ms
[2022-12-13T06:32:30.312+0000][151028][gc          ] GC(377) Concurrent Undo Cycle 2.940ms
[2022-12-13T06:32:30.920+0000][151028][gc,start    ] GC(378) Pause Young (Concurrent Start) (G1 Humongous Allocation)
[2022-12-13T06:32:30.921+0000][151028][gc,task     ] GC(378) Using 10 workers of 10 for evacuation
[2022-12-13T06:32:30.921+0000][151028][gc,age      ] GC(378) Desired survivor size 314572800 bytes, new threshold 15 (max threshold 15)
[2022-12-13T06:32:30.927+0000][151028][gc,phases   ] GC(378)   Pre Evacuate Collection Set: 0.9ms
[2022-12-13T06:32:30.927+0000][151028][gc,phases   ] GC(378)   Merge Heap Roots: 0.2ms
[2022-12-13T06:32:30.927+0000][151028][gc,phases   ] GC(378)   Evacuate Collection Set: 2.5ms
[2022-12-13T06:32:30.927+0000][151028][gc,phases   ] GC(378)   Post Evacuate Collection Set: 3.1ms
[2022-12-13T06:32:30.927+0000][151028][gc,phases   ] GC(378)   Other: 0.2ms
[2022-12-13T06:32:30.927+0000][151028][gc,age      ] GC(378) Age table with threshold 15 (max threshold 15)
[2022-12-13T06:32:30.927+0000][151028][gc,age      ] GC(378) - age   1:    1059184 bytes,    1059184 total
[2022-12-13T06:32:30.927+0000][151028][gc,age      ] GC(378) - age   2:     889344 bytes,    1948528 total
[2022-12-13T06:32:30.927+0000][151028][gc,age      ] GC(378) - age   3:      22856 bytes,    1971384 total
[2022-12-13T06:32:30.927+0000][151028][gc,age      ] GC(378) - age   4:      10496 bytes,    1981880 total
[2022-12-13T06:32:30.928+0000][151028][gc,age      ] GC(378) - age   5:     126480 bytes,    2108360 total
[2022-12-13T06:32:30.928+0000][151028][gc,age      ] GC(378) - age   6:       7568 bytes,    2115928 total
[2022-12-13T06:32:30.928+0000][151028][gc,age      ] GC(378) - age   7:      95704 bytes,    2211632 total
[2022-12-13T06:32:30.928+0000][151028][gc,age      ] GC(378) - age   8:     110000 bytes,    2321632 total
[2022-12-13T06:32:30.928+0000][151028][gc,age      ] GC(378) - age   9:     151912 bytes,    2473544 total
[2022-12-13T06:32:30.928+0000][151028][gc,age      ] GC(378) - age  10:      21048 bytes,    2494592 total
[2022-12-13T06:32:30.928+0000][151028][gc,age      ] GC(378) - age  11:      84704 bytes,    2579296 total
[2022-12-13T06:32:30.928+0000][151028][gc,age      ] GC(378) - age  12:      22120 bytes,    2601416 total
[2022-12-13T06:32:30.928+0000][151028][gc,age      ] GC(378) - age  13:       2032 bytes,    2603448 total
[2022-12-13T06:32:30.928+0000][151028][gc,age      ] GC(378) - age  14:      19712 bytes,    2623160 total
[2022-12-13T06:32:30.928+0000][151028][gc,age      ] GC(378) - age  15:      88392 bytes,    2711552 total
[2022-12-13T06:32:30.928+0000][151028][gc,heap     ] GC(378) Eden regions: 40->0(1197)
[2022-12-13T06:32:30.928+0000][151028][gc,heap     ] GC(378) Survivor regions: 3->1(150)
[2022-12-13T06:32:30.928+0000][151028][gc,heap     ] GC(378) Old regions: 113->113
[2022-12-13T06:32:30.928+0000][151028][gc,heap     ] GC(378) Archive regions: 2->2
[2022-12-13T06:32:30.928+0000][151028][gc,heap     ] GC(378) Humongous regions: 483->18
[2022-12-13T06:32:30.928+0000][151028][gc,metaspace] GC(378) Metaspace: 176285K(180928K)->176285K(180928K) NonClass: 154656K(157184K)->154656K(157184K) Class: 21628K(23744K)->21628K(23744K)
[2022-12-13T06:32:30.928+0000][151028][gc          ] GC(378) Pause Young (Concurrent Start) (G1 Humongous Allocation) 2552M->530M(7992M) 7.279ms
[2022-12-13T06:32:30.928+0000][151028][gc          ] GC(379) Concurrent Undo Cycle
[2022-12-13T06:32:30.928+0000][151028][gc,cpu      ] GC(378) User=0.02s Sys=0.01s Real=0.00s
[2022-12-13T06:32:30.928+0000][151028][gc,marking  ] GC(379) Concurrent Cleanup for Next Mark
[2022-12-13T06:32:30.928+0000][151028][safepoint   ] Safepoint "G1TryInitiateConcMark", Time since last: 611222800 ns, Reaching safepoint: 311900 ns, At safepoint: 7530500 ns, Total: 7842400 ns
[2022-12-13T06:32:30.929+0000][151028][gc,marking  ] GC(379) Concurrent Cleanup for Next Mark 0.706ms
[2022-12-13T06:32:30.929+0000][151028][gc          ] GC(379) Concurrent Undo Cycle 0.826ms
[2022-12-13T06:32:31.770+0000][151028][gc,start    ] GC(380) Pause Young (Concurrent Start) (G1 Humongous Allocation)
[2022-12-13T06:32:31.770+0000][151028][gc,task     ] GC(380) Using 10 workers of 10 for evacuation
[2022-12-13T06:32:31.770+0000][151028][gc,age      ] GC(380) Desired survivor size 314572800 bytes, new threshold 15 (max threshold 15)
[2022-12-13T06:32:31.787+0000][151028][gc,phases   ] GC(380)   Pre Evacuate Collection Set: 1.7ms
[2022-12-13T06:32:31.787+0000][151028][gc,phases   ] GC(380)   Merge Heap Roots: 0.2ms
[2022-12-13T06:32:31.787+0000][151028][gc,phases   ] GC(380)   Evacuate Collection Set: 3.7ms
[2022-12-13T06:32:31.787+0000][151028][gc,phases   ] GC(380)   Post Evacuate Collection Set: 11.1ms
[2022-12-13T06:32:31.787+0000][151028][gc,phases   ] GC(380)   Other: 0.1ms
[2022-12-13T06:32:31.787+0000][151028][gc,age      ] GC(380) Age table with threshold 15 (max threshold 15)
[2022-12-13T06:32:31.787+0000][151028][gc,age      ] GC(380) - age   1:   24979640 bytes,   24979640 total
[2022-12-13T06:32:31.788+0000][151028][gc,age      ] GC(380) - age   2:     555672 bytes,   25535312 total
[2022-12-13T06:32:31.788+0000][151028][gc,age      ] GC(380) - age   3:       9248 bytes,   25544560 total
[2022-12-13T06:32:31.788+0000][151028][gc,age      ] GC(380) - age   4:      21728 bytes,   25566288 total
[2022-12-13T06:32:31.788+0000][151028][gc,age      ] GC(380) - age   5:      10200 bytes,   25576488 total
[2022-12-13T06:32:31.788+0000][151028][gc,age      ] GC(380) - age   6:     125840 bytes,   25702328 total
[2022-12-13T06:32:31.788+0000][151028][gc,age      ] GC(380) - age   7:       7488 bytes,   25709816 total
[2022-12-13T06:32:31.788+0000][151028][gc,age      ] GC(380) - age   8:      94904 bytes,   25804720 total
[2022-12-13T06:32:31.788+0000][151028][gc,age      ] GC(380) - age   9:     107320 bytes,   25912040 total
[2022-12-13T06:32:31.788+0000][151028][gc,age      ] GC(380) - age  10:     150352 bytes,   26062392 total
[2022-12-13T06:32:31.788+0000][151028][gc,age      ] GC(380) - age  11:      21048 bytes,   26083440 total
[2022-12-13T06:32:31.788+0000][151028][gc,age      ] GC(380) - age  12:      84504 bytes,   26167944 total
[2022-12-13T06:32:31.788+0000][151028][gc,age      ] GC(380) - age  13:      22120 bytes,   26190064 total
[2022-12-13T06:32:31.788+0000][151028][gc,age      ] GC(380) - age  14:       1992 bytes,   26192056 total
[2022-12-13T06:32:31.788+0000][151028][gc,age      ] GC(380) - age  15:      19632 bytes,   26211688 total
[2022-12-13T06:32:31.788+0000][151028][gc,heap     ] GC(380) Eden regions: 80->0(1191)
[2022-12-13T06:32:31.788+0000][151028][gc,heap     ] GC(380) Survivor regions: 1->7(150)
[2022-12-13T06:32:31.788+0000][151028][gc,heap     ] GC(380) Old regions: 113->113
[2022-12-13T06:32:31.788+0000][151028][gc,heap     ] GC(380) Archive regions: 2->2
[2022-12-13T06:32:31.788+0000][151028][gc,heap     ] GC(380) Humongous regions: 480->6
[2022-12-13T06:32:31.788+0000][151028][gc,metaspace] GC(380) Metaspace: 176289K(180928K)->176289K(180928K) NonClass: 154660K(157184K)->154660K(157184K) Class: 21628K(23744K)->21628K(23744K)
[2022-12-13T06:32:31.788+0000][151028][gc          ] GC(380) Pause Young (Concurrent Start) (G1 Humongous Allocation) 2696M->504M(7992M) 17.412ms
[2022-12-13T06:32:31.788+0000][151028][gc          ] GC(381) Concurrent Undo Cycle
[2022-12-13T06:32:31.788+0000][151028][gc,cpu      ] GC(380) User=0.09s Sys=0.00s Real=0.01s
[2022-12-13T06:32:31.788+0000][151028][gc,marking  ] GC(381) Concurrent Cleanup for Next Mark
[2022-12-13T06:32:31.788+0000][151028][safepoint   ] Safepoint "G1TryInitiateConcMark", Time since last: 842212800 ns, Reaching safepoint: 178900 ns, At safepoint: 17620800 ns, Total: 17799700 ns
[2022-12-13T06:32:31.789+0000][151028][gc,marking  ] GC(381) Concurrent Cleanup for Next Mark 0.810ms
[2022-12-13T06:32:31.789+0000][151028][gc          ] GC(381) Concurrent Undo Cycle 0.926ms
[2022-12-13T06:32:32.788+0000][151028][safepoint   ] Safepoint "Cleanup", Time since last: 1000142800 ns, Reaching safepoint: 265800 ns, At safepoint: 39000 ns, Total: 304800 ns
[2022-12-13T06:32:32.917+0000][151028][gc,start    ] GC(382) Pause Young (Concurrent Start) (G1 Humongous Allocation)
[2022-12-13T06:32:32.917+0000][151028][gc,task     ] GC(382) Using 10 workers of 10 for evacuation
[2022-12-13T06:32:32.917+0000][151028][gc,age      ] GC(382) Desired survivor size 314572800 bytes, new threshold 15 (max threshold 15)
[2022-12-13T06:32:32.931+0000][151028][gc,phases   ] GC(382)   Pre Evacuate Collection Set: 0.9ms
[2022-12-13T06:32:32.931+0000][151028][gc,phases   ] GC(382)   Merge Heap Roots: 0.2ms
[2022-12-13T06:32:32.931+0000][151028][gc,phases   ] GC(382)   Evacuate Collection Set: 2.9ms
[2022-12-13T06:32:32.931+0000][151028][gc,phases   ] GC(382)   Post Evacuate Collection Set: 9.3ms
[2022-12-13T06:32:32.931+0000][151028][gc,phases   ] GC(382)   Other: 0.1ms
[2022-12-13T06:32:32.931+0000][151028][gc,age      ] GC(382) Age table with threshold 15 (max threshold 15)
[2022-12-13T06:32:32.931+0000][151028][gc,age      ] GC(382) - age   1:   22751656 bytes,   22751656 total
[2022-12-13T06:32:32.931+0000][151028][gc,age      ] GC(382) - age   2:     375288 bytes,   23126944 total
[2022-12-13T06:32:32.931+0000][151028][gc,age      ] GC(382) - age   3:     289192 bytes,   23416136 total
[2022-12-13T06:32:32.931+0000][151028][gc,age      ] GC(382) - age   4:       8144 bytes,   23424280 total
[2022-12-13T06:32:32.931+0000][151028][gc,age      ] GC(382) - age   5:      19200 bytes,   23443480 total
[2022-12-13T06:32:32.931+0000][151028][gc,age      ] GC(382) - age   6:       9400 bytes,   23452880 total
[2022-12-13T06:32:32.931+0000][151028][gc,age      ] GC(382) - age   7:     123784 bytes,   23576664 total
[2022-12-13T06:32:32.931+0000][151028][gc,age      ] GC(382) - age   8:       6768 bytes,   23583432 total
[2022-12-13T06:32:32.931+0000][151028][gc,age      ] GC(382) - age   9:      91104 bytes,   23674536 total
[2022-12-13T06:32:32.931+0000][151028][gc,age      ] GC(382) - age  10:     105992 bytes,   23780528 total
[2022-12-13T06:32:32.931+0000][151028][gc,age      ] GC(382) - age  11:     147560 bytes,   23928088 total
[2022-12-13T06:32:32.931+0000][151028][gc,age      ] GC(382) - age  12:      21048 bytes,   23949136 total
[2022-12-13T06:32:32.931+0000][151028][gc,age      ] GC(382) - age  13:      84504 bytes,   24033640 total
[2022-12-13T06:32:32.931+0000][151028][gc,age      ] GC(382) - age  14:      22120 bytes,   24055760 total
[2022-12-13T06:32:32.931+0000][151028][gc,age      ] GC(382) - age  15:       1992 bytes,   24057752 total
[2022-12-13T06:32:32.931+0000][151028][gc,heap     ] GC(382) Eden regions: 66->0(1192)
[2022-12-13T06:32:32.931+0000][151028][gc,heap     ] GC(382) Survivor regions: 7->6(150)
[2022-12-13T06:32:32.931+0000][151028][gc,heap     ] GC(382) Old regions: 113->113
[2022-12-13T06:32:32.931+0000][151028][gc,heap     ] GC(382) Archive regions: 2->2
[2022-12-13T06:32:32.931+0000][151028][gc,heap     ] GC(382) Humongous regions: 482->39
[2022-12-13T06:32:32.931+0000][151028][gc,metaspace] GC(382) Metaspace: 176294K(180928K)->176294K(180928K) NonClass: 154665K(157184K)->154665K(157184K) Class: 21628K(23744K)->21628K(23744K)
[2022-12-13T06:32:32.931+0000][151028][gc          ] GC(382) Pause Young (Concurrent Start) (G1 Humongous Allocation) 2670M->635M(7992M) 13.994ms
[2022-12-13T06:32:32.931+0000][151028][gc,cpu      ] GC(382) User=0.09s Sys=0.00s Real=0.02s
[2022-12-13T06:32:32.931+0000][151028][gc          ] GC(383) Concurrent Undo Cycle
[2022-12-13T06:32:32.931+0000][151028][safepoint   ] Safepoint "G1TryInitiateConcMark", Time since last: 126387300 ns, Reaching safepoint: 2354300 ns, At safepoint: 14226100 ns, Total: 16580400 ns
[2022-12-13T06:32:32.931+0000][151028][gc,marking  ] GC(383) Concurrent Cleanup for Next Mark
[2022-12-13T06:32:32.932+0000][151028][gc,marking  ] GC(383) Concurrent Cleanup for Next Mark 1.034ms
[2022-12-13T06:32:32.932+0000][151028][gc          ] GC(383) Concurrent Undo Cycle 1.185ms
[2022-12-13T06:32:33.859+0000][151028][gc,start    ] GC(384) Pause Young (Concurrent Start) (G1 Humongous Allocation)
[2022-12-13T06:32:33.859+0000][151028][gc,task     ] GC(384) Using 10 workers of 10 for evacuation
[2022-12-13T06:32:33.859+0000][151028][gc,age      ] GC(384) Desired survivor size 314572800 bytes, new threshold 15 (max threshold 15)
[2022-12-13T06:32:33.871+0000][151028][gc,phases   ] GC(384)   Pre Evacuate Collection Set: 0.9ms
[2022-12-13T06:32:33.871+0000][151028][gc,phases   ] GC(384)   Merge Heap Roots: 0.3ms
[2022-12-13T06:32:33.871+0000][151028][gc,phases   ] GC(384)   Evacuate Collection Set: 6.5ms
[2022-12-13T06:32:33.871+0000][151028][gc,phases   ] GC(384)   Post Evacuate Collection Set: 4.1ms
[2022-12-13T06:32:33.871+0000][151028][gc,phases   ] GC(384)   Other: 0.1ms
[2022-12-13T06:32:33.871+0000][151028][gc,age      ] GC(384) Age table with threshold 15 (max threshold 15)
[2022-12-13T06:32:33.871+0000][151028][gc,age      ] GC(384) - age   1:   20555584 bytes,   20555584 total
[2022-12-13T06:32:33.871+0000][151028][gc,age      ] GC(384) - age   2:      63264 bytes,   20618848 total
[2022-12-13T06:32:33.871+0000][151028][gc,age      ] GC(384) - age   3:      13920 bytes,   20632768 total
[2022-12-13T06:32:33.871+0000][151028][gc,age      ] GC(384) - age   4:     154232 bytes,   20787000 total
[2022-12-13T06:32:33.871+0000][151028][gc,age      ] GC(384) - age   5:       7424 bytes,   20794424 total
[2022-12-13T06:32:33.871+0000][151028][gc,age      ] GC(384) - age   6:      17936 bytes,   20812360 total
[2022-12-13T06:32:33.871+0000][151028][gc,age      ] GC(384) - age   7:       8840 bytes,   20821200 total
[2022-12-13T06:32:33.871+0000][151028][gc,age      ] GC(384) - age   8:     122544 bytes,   20943744 total
[2022-12-13T06:32:33.871+0000][151028][gc,age      ] GC(384) - age   9:       6016 bytes,   20949760 total
[2022-12-13T06:32:33.871+0000][151028][gc,age      ] GC(384) - age  10:      89208 bytes,   21038968 total
[2022-12-13T06:32:33.871+0000][151028][gc,age      ] GC(384) - age  11:     105392 bytes,   21144360 total
[2022-12-13T06:32:33.871+0000][151028][gc,age      ] GC(384) - age  12:     147200 bytes,   21291560 total
[2022-12-13T06:32:33.871+0000][151028][gc,age      ] GC(384) - age  13:      21048 bytes,   21312608 total
[2022-12-13T06:32:33.871+0000][151028][gc,age      ] GC(384) - age  14:      84504 bytes,   21397112 total
[2022-12-13T06:32:33.871+0000][151028][gc,age      ] GC(384) - age  15:      22120 bytes,   21419232 total
[2022-12-13T06:32:33.871+0000][151028][gc,heap     ] GC(384) Eden regions: 45->0(1192)
[2022-12-13T06:32:33.871+0000][151028][gc,heap     ] GC(384) Survivor regions: 6->6(150)
[2022-12-13T06:32:33.871+0000][151028][gc,heap     ] GC(384) Old regions: 113->113
[2022-12-13T06:32:33.871+0000][151028][gc,heap     ] GC(384) Archive regions: 2->2
[2022-12-13T06:32:33.871+0000][151028][gc,heap     ] GC(384) Humongous regions: 477->11
[2022-12-13T06:32:33.871+0000][151028][gc,metaspace] GC(384) Metaspace: 176307K(180928K)->176307K(180928K) NonClass: 154678K(157184K)->154678K(157184K) Class: 21628K(23744K)->21628K(23744K)
[2022-12-13T06:32:33.871+0000][151028][gc          ] GC(384) Pause Young (Concurrent Start) (G1 Humongous Allocation) 2567M->522M(7992M) 12.358ms
[2022-12-13T06:32:33.871+0000][151028][gc          ] GC(385) Concurrent Undo Cycle
[2022-12-13T06:32:33.871+0000][151028][gc,cpu      ] GC(384) User=0.07s Sys=0.01s Real=0.01s
[2022-12-13T06:32:33.871+0000][151028][gc,marking  ] GC(385) Concurrent Cleanup for Next Mark
[2022-12-13T06:32:33.871+0000][151028][safepoint   ] Safepoint "G1TryInitiateConcMark", Time since last: 927082400 ns, Reaching safepoint: 193700 ns, At safepoint: 12592400 ns, Total: 12786100 ns
[2022-12-13T06:32:33.872+0000][151028][gc,marking  ] GC(385) Concurrent Cleanup for Next Mark 0.749ms
[2022-12-13T06:32:33.872+0000][151028][gc          ] GC(385) Concurrent Undo Cycle 0.882ms
[2022-12-13T06:32:35.081+0000][151028][gc,start    ] GC(386) Pause Young (Concurrent Start) (G1 Humongous Allocation)
[2022-12-13T06:32:35.081+0000][151028][gc,task     ] GC(386) Using 10 workers of 10 for evacuation
[2022-12-13T06:32:35.081+0000][151028][gc,age      ] GC(386) Desired survivor size 314572800 bytes, new threshold 15 (max threshold 15)
[2022-12-13T06:32:35.090+0000][151028][gc,phases   ] GC(386)   Pre Evacuate Collection Set: 0.8ms
[2022-12-13T06:32:35.090+0000][151028][gc,phases   ] GC(386)   Merge Heap Roots: 0.2ms
[2022-12-13T06:32:35.090+0000][151028][gc,phases   ] GC(386)   Evacuate Collection Set: 2.3ms
[2022-12-13T06:32:35.090+0000][151028][gc,phases   ] GC(386)   Post Evacuate Collection Set: 5.7ms
[2022-12-13T06:32:35.090+0000][151028][gc,phases   ] GC(386)   Other: 0.2ms
[2022-12-13T06:32:35.090+0000][151028][gc,age      ] GC(386) Age table with threshold 15 (max threshold 15)
[2022-12-13T06:32:35.090+0000][151028][gc,age      ] GC(386) - age   1:    2002352 bytes,    2002352 total
[2022-12-13T06:32:35.090+0000][151028][gc,age      ] GC(386) - age   2:   10267040 bytes,   12269392 total
[2022-12-13T06:32:35.090+0000][151028][gc,age      ] GC(386) - age   3:      59600 bytes,   12328992 total
[2022-12-13T06:32:35.090+0000][151028][gc,age      ] GC(386) - age   4:      13288 bytes,   12342280 total
[2022-12-13T06:32:35.090+0000][151028][gc,age      ] GC(386) - age   5:     152560 bytes,   12494840 total
[2022-12-13T06:32:35.090+0000][151028][gc,age      ] GC(386) - age   6:       6568 bytes,   12501408 total
[2022-12-13T06:32:35.090+0000][151028][gc,age      ] GC(386) - age   7:      15688 bytes,   12517096 total
[2022-12-13T06:32:35.090+0000][151028][gc,age      ] GC(386) - age   8:       8672 bytes,   12525768 total
[2022-12-13T06:32:35.090+0000][151028][gc,age      ] GC(386) - age   9:     121424 bytes,   12647192 total
[2022-12-13T06:32:35.090+0000][151028][gc,age      ] GC(386) - age  10:       5656 bytes,   12652848 total
[2022-12-13T06:32:35.090+0000][151028][gc,age      ] GC(386) - age  11:      89048 bytes,   12741896 total
[2022-12-13T06:32:35.091+0000][151028][gc,age      ] GC(386) - age  12:     105232 bytes,   12847128 total
[2022-12-13T06:32:35.091+0000][151028][gc,age      ] GC(386) - age  13:     146496 bytes,   12993624 total
[2022-12-13T06:32:35.091+0000][151028][gc,age      ] GC(386) - age  14:      21048 bytes,   13014672 total
[2022-12-13T06:32:35.091+0000][151028][gc,age      ] GC(386) - age  15:      84504 bytes,   13099176 total
[2022-12-13T06:32:35.091+0000][151028][gc,heap     ] GC(386) Eden regions: 33->0(1194)
[2022-12-13T06:32:35.091+0000][151028][gc,heap     ] GC(386) Survivor regions: 6->4(150)
[2022-12-13T06:32:35.091+0000][151028][gc,heap     ] GC(386) Old regions: 113->113
[2022-12-13T06:32:35.091+0000][151028][gc,heap     ] GC(386) Archive regions: 2->2
[2022-12-13T06:32:35.091+0000][151028][gc,heap     ] GC(386) Humongous regions: 473->6
[2022-12-13T06:32:35.091+0000][151028][gc,metaspace] GC(386) Metaspace: 176310K(180928K)->176310K(180928K) NonClass: 154681K(157184K)->154681K(157184K) Class: 21629K(23744K)->21629K(23744K)
[2022-12-13T06:32:35.091+0000][151028][gc          ] GC(386) Pause Young (Concurrent Start) (G1 Humongous Allocation) 2500M->494M(7992M) 9.715ms
[2022-12-13T06:32:35.091+0000][151028][gc          ] GC(387) Concurrent Undo Cycle
[2022-12-13T06:32:35.091+0000][151028][gc,cpu      ] GC(386) User=0.04s Sys=0.02s Real=0.01s
[2022-12-13T06:32:35.091+0000][151028][gc,marking  ] GC(387) Concurrent Cleanup for Next Mark
[2022-12-13T06:32:35.091+0000][151028][safepoint   ] Safepoint "G1TryInitiateConcMark", Time since last: 1209497600 ns, Reaching safepoint: 187300 ns, At safepoint: 9964800 ns, Total: 10152100 ns
[2022-12-13T06:32:35.092+0000][151028][gc,marking  ] GC(387) Concurrent Cleanup for Next Mark 0.902ms
[2022-12-13T06:32:35.092+0000][151028][gc          ] GC(387) Concurrent Undo Cycle 1.050ms
[2022-12-13T06:32:36.011+0000][151028][gc,start    ] GC(388) Pause Young (Concurrent Start) (G1 Humongous Allocation)
[2022-12-13T06:32:36.011+0000][151028][gc,task     ] GC(388) Using 10 workers of 10 for evacuation
[2022-12-13T06:32:36.011+0000][151028][gc,age      ] GC(388) Desired survivor size 314572800 bytes, new threshold 15 (max threshold 15)
[2022-12-13T06:32:36.017+0000][151028][gc,phases   ] GC(388)   Pre Evacuate Collection Set: 0.8ms
[2022-12-13T06:32:36.017+0000][151028][gc,phases   ] GC(388)   Merge Heap Roots: 0.2ms
[2022-12-13T06:32:36.017+0000][151028][gc,phases   ] GC(388)   Evacuate Collection Set: 2.5ms
[2022-12-13T06:32:36.017+0000][151028][gc,phases   ] GC(388)   Post Evacuate Collection Set: 2.2ms
[2022-12-13T06:32:36.017+0000][151028][gc,phases   ] GC(388)   Other: 0.1ms
[2022-12-13T06:32:36.017+0000][151028][gc,age      ] GC(388) Age table with threshold 15 (max threshold 15)
[2022-12-13T06:32:36.017+0000][151028][gc,age      ] GC(388) - age   1:     258288 bytes,     258288 total
[2022-12-13T06:32:36.017+0000][151028][gc,age      ] GC(388) - age   2:     289736 bytes,     548024 total
[2022-12-13T06:32:36.017+0000][151028][gc,age      ] GC(388) - age   3:     159480 bytes,     707504 total
[2022-12-13T06:32:36.017+0000][151028][gc,age      ] GC(388) - age   4:      57800 bytes,     765304 total
[2022-12-13T06:32:36.017+0000][151028][gc,age      ] GC(388) - age   5:      13088 bytes,     778392 total
[2022-12-13T06:32:36.017+0000][151028][gc,age      ] GC(388) - age   6:     151920 bytes,     930312 total
[2022-12-13T06:32:36.017+0000][151028][gc,age      ] GC(388) - age   7:       6568 bytes,     936880 total
[2022-12-13T06:32:36.017+0000][151028][gc,age      ] GC(388) - age   8:      14208 bytes,     951088 total
[2022-12-13T06:32:36.017+0000][151028][gc,age      ] GC(388) - age   9:       8072 bytes,     959160 total
[2022-12-13T06:32:36.017+0000][151028][gc,age      ] GC(388) - age  10:     121184 bytes,    1080344 total
[2022-12-13T06:32:36.017+0000][151028][gc,age      ] GC(388) - age  11:       5656 bytes,    1086000 total
[2022-12-13T06:32:36.017+0000][151028][gc,age      ] GC(388) - age  12:      89048 bytes,    1175048 total
[2022-12-13T06:32:36.017+0000][151028][gc,age      ] GC(388) - age  13:     105232 bytes,    1280280 total
[2022-12-13T06:32:36.017+0000][151028][gc,age      ] GC(388) - age  14:     146456 bytes,    1426736 total
[2022-12-13T06:32:36.017+0000][151028][gc,age      ] GC(388) - age  15:      21048 bytes,    1447784 total
[2022-12-13T06:32:36.017+0000][151028][gc,heap     ] GC(388) Eden regions: 12->0(1197)
[2022-12-13T06:32:36.017+0000][151028][gc,heap     ] GC(388) Survivor regions: 4->1(150)
[2022-12-13T06:32:36.017+0000][151028][gc,heap     ] GC(388) Old regions: 113->114
[2022-12-13T06:32:36.017+0000][151028][gc,heap     ] GC(388) Archive regions: 2->2
[2022-12-13T06:32:36.017+0000][151028][gc,heap     ] GC(388) Humongous regions: 468->6
[2022-12-13T06:32:36.017+0000][151028][gc,metaspace] GC(388) Metaspace: 176318K(180992K)->176318K(180992K) NonClass: 154689K(157248K)->154689K(157248K) Class: 21629K(23744K)->21629K(23744K)
[2022-12-13T06:32:36.017+0000][151028][gc          ] GC(388) Pause Young (Concurrent Start) (G1 Humongous Allocation) 2390M->482M(7992M) 6.289ms
[2022-12-13T06:32:36.017+0000][151028][gc          ] GC(389) Concurrent Undo Cycle
[2022-12-13T06:32:36.017+0000][151028][gc,cpu      ] GC(388) User=0.03s Sys=0.00s Real=0.00s
[2022-12-13T06:32:36.017+0000][151028][gc,marking  ] GC(389) Concurrent Cleanup for Next Mark
[2022-12-13T06:32:36.017+0000][151028][safepoint   ] Safepoint "G1TryInitiateConcMark", Time since last: 919812000 ns, Reaching safepoint: 208900 ns, At safepoint: 6481200 ns, Total: 6690100 ns
[2022-12-13T06:32:36.018+0000][151028][gc,marking  ] GC(389) Concurrent Cleanup for Next Mark 0.889ms
[2022-12-13T06:32:36.018+0000][151028][gc          ] GC(389) Concurrent Undo Cycle 1.007ms
[2022-12-13T06:32:37.038+0000][151028][gc,start    ] GC(390) Pause Young (Concurrent Start) (G1 Humongous Allocation)
[2022-12-13T06:32:37.038+0000][151028][gc,task     ] GC(390) Using 10 workers of 10 for evacuation
[2022-12-13T06:32:37.038+0000][151028][gc,age      ] GC(390) Desired survivor size 314572800 bytes, new threshold 15 (max threshold 15)
[2022-12-13T06:32:37.046+0000][151028][gc,phases   ] GC(390)   Pre Evacuate Collection Set: 0.9ms
[2022-12-13T06:32:37.046+0000][151028][gc,phases   ] GC(390)   Merge Heap Roots: 0.2ms
[2022-12-13T06:32:37.046+0000][151028][gc,phases   ] GC(390)   Evacuate Collection Set: 4.7ms
[2022-12-13T06:32:37.046+0000][151028][gc,phases   ] GC(390)   Post Evacuate Collection Set: 2.0ms
[2022-12-13T06:32:37.046+0000][151028][gc,phases   ] GC(390)   Other: 0.1ms
[2022-12-13T06:32:37.046+0000][151028][gc,age      ] GC(390) Age table with threshold 15 (max threshold 15)
[2022-12-13T06:32:37.046+0000][151028][gc,age      ] GC(390) - age   1:    4725480 bytes,    4725480 total
[2022-12-13T06:32:37.046+0000][151028][gc,age      ] GC(390) - age   2:     144240 bytes,    4869720 total
[2022-12-13T06:32:37.046+0000][151028][gc,age      ] GC(390) - age   3:     282856 bytes,    5152576 total
[2022-12-13T06:32:37.046+0000][151028][gc,age      ] GC(390) - age   4:     157968 bytes,    5310544 total
[2022-12-13T06:32:37.046+0000][151028][gc,age      ] GC(390) - age   5:      54888 bytes,    5365432 total
[2022-12-13T06:32:37.046+0000][151028][gc,age      ] GC(390) - age   6:      11808 bytes,    5377240 total
[2022-12-13T06:32:37.046+0000][151028][gc,age      ] GC(390) - age   7:     149280 bytes,    5526520 total
[2022-12-13T06:32:37.046+0000][151028][gc,age      ] GC(390) - age   8:       5808 bytes,    5532328 total
[2022-12-13T06:32:37.046+0000][151028][gc,age      ] GC(390) - age   9:      13848 bytes,    5546176 total
[2022-12-13T06:32:37.046+0000][151028][gc,age      ] GC(390) - age  10:       7352 bytes,    5553528 total
[2022-12-13T06:32:37.046+0000][151028][gc,age      ] GC(390) - age  11:     120784 bytes,    5674312 total
[2022-12-13T06:32:37.046+0000][151028][gc,age      ] GC(390) - age  12:       5656 bytes,    5679968 total
[2022-12-13T06:32:37.046+0000][151028][gc,age      ] GC(390) - age  13:      88728 bytes,    5768696 total
[2022-12-13T06:32:37.046+0000][151028][gc,age      ] GC(390) - age  14:     104992 bytes,    5873688 total
[2022-12-13T06:32:37.046+0000][151028][gc,age      ] GC(390) - age  15:     144576 bytes,    6018264 total
[2022-12-13T06:32:37.046+0000][151028][gc,heap     ] GC(390) Eden regions: 15->0(1192)
[2022-12-13T06:32:37.046+0000][151028][gc,heap     ] GC(390) Survivor regions: 1->6(150)
[2022-12-13T06:32:37.046+0000][151028][gc,heap     ] GC(390) Old regions: 114->114
[2022-12-13T06:32:37.046+0000][151028][gc,heap     ] GC(390) Archive regions: 2->2
[2022-12-13T06:32:37.046+0000][151028][gc,heap     ] GC(390) Humongous regions: 468->39
[2022-12-13T06:32:37.046+0000][151028][gc,metaspace] GC(390) Metaspace: 176318K(180992K)->176318K(180992K) NonClass: 154689K(157248K)->154689K(157248K) Class: 21629K(23744K)->21629K(23744K)
[2022-12-13T06:32:37.046+0000][151028][gc          ] GC(390) Pause Young (Concurrent Start) (G1 Humongous Allocation) 2390M->635M(7992M) 8.453ms
[2022-12-13T06:32:37.047+0000][151028][gc          ] GC(391) Concurrent Undo Cycle
[2022-12-13T06:32:37.047+0000][151028][gc,cpu      ] GC(390) User=0.04s Sys=0.00s Real=0.00s
[2022-12-13T06:32:37.047+0000][151028][gc,marking  ] GC(391) Concurrent Cleanup for Next Mark
[2022-12-13T06:32:37.047+0000][151028][safepoint   ] Safepoint "G1TryInitiateConcMark", Time since last: 1001859800 ns, Reaching safepoint: 18733800 ns, At safepoint: 8691600 ns, Total: 27425400 ns
[2022-12-13T06:32:37.048+0000][151028][gc,marking  ] GC(391) Concurrent Cleanup for Next Mark 0.865ms
[2022-12-13T06:32:37.048+0000][151028][gc          ] GC(391) Concurrent Undo Cycle 1.001ms
[2022-12-13T06:32:37.720+0000][151028][gc,start    ] GC(392) Pause Young (Concurrent Start) (G1 Humongous Allocation)
[2022-12-13T06:32:37.720+0000][151028][gc,task     ] GC(392) Using 10 workers of 10 for evacuation
[2022-12-13T06:32:37.720+0000][151028][gc,age      ] GC(392) Desired survivor size 314572800 bytes, new threshold 15 (max threshold 15)
[2022-12-13T06:32:37.737+0000][151028][gc,phases   ] GC(392)   Pre Evacuate Collection Set: 0.8ms
[2022-12-13T06:32:37.737+0000][151028][gc,phases   ] GC(392)   Merge Heap Roots: 0.2ms
[2022-12-13T06:32:37.737+0000][151028][gc,phases   ] GC(392)   Evacuate Collection Set: 12.1ms
[2022-12-13T06:32:37.737+0000][151028][gc,phases   ] GC(392)   Post Evacuate Collection Set: 2.9ms
[2022-12-13T06:32:37.737+0000][151028][gc,phases   ] GC(392)   Other: 0.1ms
[2022-12-13T06:32:37.737+0000][151028][gc,age      ] GC(392) Age table with threshold 15 (max threshold 15)
[2022-12-13T06:32:37.737+0000][151028][gc,age      ] GC(392) - age   1:   38575968 bytes,   38575968 total
[2022-12-13T06:32:37.737+0000][151028][gc,age      ] GC(392) - age   2:      34192 bytes,   38610160 total
[2022-12-13T06:32:37.737+0000][151028][gc,age      ] GC(392) - age   3:     143432 bytes,   38753592 total
[2022-12-13T06:32:37.737+0000][151028][gc,age      ] GC(392) - age   4:     151632 bytes,   38905224 total
[2022-12-13T06:32:37.737+0000][151028][gc,age      ] GC(392) - age   5:     157584 bytes,   39062808 total
[2022-12-13T06:32:37.737+0000][151028][gc,age      ] GC(392) - age   6:      53888 bytes,   39116696 total
[2022-12-13T06:32:37.737+0000][151028][gc,age      ] GC(392) - age   7:      11808 bytes,   39128504 total
[2022-12-13T06:32:37.737+0000][151028][gc,age      ] GC(392) - age   8:     148120 bytes,   39276624 total
[2022-12-13T06:32:37.737+0000][151028][gc,age      ] GC(392) - age   9:       5808 bytes,   39282432 total
[2022-12-13T06:32:37.737+0000][151028][gc,age      ] GC(392) - age  10:      13464 bytes,   39295896 total
[2022-12-13T06:32:37.737+0000][151028][gc,age      ] GC(392) - age  11:       6672 bytes,   39302568 total
[2022-12-13T06:32:37.737+0000][151028][gc,age      ] GC(392) - age  12:     120744 bytes,   39423312 total
[2022-12-13T06:32:37.737+0000][151028][gc,age      ] GC(392) - age  13:       5656 bytes,   39428968 total
[2022-12-13T06:32:37.737+0000][151028][gc,age      ] GC(392) - age  14:      88688 bytes,   39517656 total
[2022-12-13T06:32:37.737+0000][151028][gc,age      ] GC(392) - age  15:     104992 bytes,   39622648 total
[2022-12-13T06:32:37.737+0000][151028][gc,heap     ] GC(392) Eden regions: 59->0(1188)
[2022-12-13T06:32:37.737+0000][151028][gc,heap     ] GC(392) Survivor regions: 6->10(150)
[2022-12-13T06:32:37.737+0000][151028][gc,heap     ] GC(392) Old regions: 114->114
[2022-12-13T06:32:37.737+0000][151028][gc,heap     ] GC(392) Archive regions: 2->2
[2022-12-13T06:32:37.737+0000][151028][gc,heap     ] GC(392) Humongous regions: 454->17
[2022-12-13T06:32:37.737+0000][151028][gc,metaspace] GC(392) Metaspace: 176320K(180992K)->176320K(180992K) NonClass: 154690K(157248K)->154690K(157248K) Class: 21629K(23744K)->21629K(23744K)
[2022-12-13T06:32:37.737+0000][151028][gc          ] GC(392) Pause Young (Concurrent Start) (G1 Humongous Allocation) 2529M->562M(7992M) 16.720ms
[2022-12-13T06:32:37.737+0000][151028][gc          ] GC(393) Concurrent Undo Cycle
[2022-12-13T06:32:37.737+0000][151028][gc,cpu      ] GC(392) User=0.13s Sys=0.00s Real=0.01s
[2022-12-13T06:32:37.737+0000][151028][gc,marking  ] GC(393) Concurrent Cleanup for Next Mark
[2022-12-13T06:32:37.737+0000][151028][safepoint   ] Safepoint "G1TryInitiateConcMark", Time since last: 673315100 ns, Reaching safepoint: 291300 ns, At safepoint: 16946100 ns, Total: 17237400 ns
[2022-12-13T06:32:37.738+0000][151028][gc,marking  ] GC(393) Concurrent Cleanup for Next Mark 0.905ms
[2022-12-13T06:32:37.738+0000][151028][gc          ] GC(393) Concurrent Undo Cycle 1.030ms
[2022-12-13T06:32:38.489+0000][151028][gc,start    ] GC(394) Pause Young (Concurrent Start) (G1 Humongous Allocation)
[2022-12-13T06:32:38.489+0000][151028][gc,task     ] GC(394) Using 10 workers of 10 for evacuation
[2022-12-13T06:32:38.489+0000][151028][gc,age      ] GC(394) Desired survivor size 314572800 bytes, new threshold 15 (max threshold 15)
[2022-12-13T06:32:38.501+0000][151028][gc,phases   ] GC(394)   Pre Evacuate Collection Set: 0.9ms
[2022-12-13T06:32:38.502+0000][151028][gc,phases   ] GC(394)   Merge Heap Roots: 0.2ms
[2022-12-13T06:32:38.502+0000][151028][gc,phases   ] GC(394)   Evacuate Collection Set: 2.8ms
[2022-12-13T06:32:38.502+0000][151028][gc,phases   ] GC(394)   Post Evacuate Collection Set: 8.8ms
[2022-12-13T06:32:38.502+0000][151028][gc,phases   ] GC(394)   Other: 0.1ms
[2022-12-13T06:32:38.502+0000][151028][gc,age      ] GC(394) Age table with threshold 15 (max threshold 15)
[2022-12-13T06:32:38.502+0000][151028][gc,age      ] GC(394) - age   1:     798432 bytes,     798432 total
[2022-12-13T06:32:38.502+0000][151028][gc,age      ] GC(394) - age   2:   24314720 bytes,   25113152 total
[2022-12-13T06:32:38.502+0000][151028][gc,age      ] GC(394) - age   3:      12720 bytes,   25125872 total
[2022-12-13T06:32:38.502+0000][151028][gc,age      ] GC(394) - age   4:     143400 bytes,   25269272 total
[2022-12-13T06:32:38.502+0000][151028][gc,age      ] GC(394) - age   5:     151448 bytes,   25420720 total
[2022-12-13T06:32:38.502+0000][151028][gc,age      ] GC(394) - age   6:     157120 bytes,   25577840 total
[2022-12-13T06:32:38.502+0000][151028][gc,age      ] GC(394) - age   7:      53248 bytes,   25631088 total
[2022-12-13T06:32:38.502+0000][151028][gc,age      ] GC(394) - age   8:      11688 bytes,   25642776 total
[2022-12-13T06:32:38.502+0000][151028][gc,age      ] GC(394) - age   9:     146960 bytes,   25789736 total
[2022-12-13T06:32:38.502+0000][151028][gc,age      ] GC(394) - age  10:       5808 bytes,   25795544 total
[2022-12-13T06:32:38.502+0000][151028][gc,age      ] GC(394) - age  11:      13264 bytes,   25808808 total
[2022-12-13T06:32:38.502+0000][151028][gc,age      ] GC(394) - age  12:       6152 bytes,   25814960 total
[2022-12-13T06:32:38.502+0000][151028][gc,age      ] GC(394) - age  13:     120704 bytes,   25935664 total
[2022-12-13T06:32:38.502+0000][151028][gc,age      ] GC(394) - age  14:       5656 bytes,   25941320 total
[2022-12-13T06:32:38.502+0000][151028][gc,age      ] GC(394) - age  15:      88648 bytes,   26029968 total
[2022-12-13T06:32:38.502+0000][151028][gc,heap     ] GC(394) Eden regions: 17->0(1191)
[2022-12-13T06:32:38.502+0000][151028][gc,heap     ] GC(394) Survivor regions: 10->7(150)
[2022-12-13T06:32:38.502+0000][151028][gc,heap     ] GC(394) Old regions: 114->114
[2022-12-13T06:32:38.502+0000][151028][gc,heap     ] GC(394) Archive regions: 2->2
[2022-12-13T06:32:38.502+0000][151028][gc,heap     ] GC(394) Humongous regions: 479->39
[2022-12-13T06:32:38.502+0000][151028][gc,metaspace] GC(394) Metaspace: 176320K(180992K)->176320K(180992K) NonClass: 154690K(157248K)->154690K(157248K) Class: 21629K(23744K)->21629K(23744K)
[2022-12-13T06:32:38.502+0000][151028][gc          ] GC(394) Pause Young (Concurrent Start) (G1 Humongous Allocation) 2474M->639M(7992M) 13.298ms
[2022-12-13T06:32:38.502+0000][151028][gc          ] GC(395) Concurrent Undo Cycle
[2022-12-13T06:32:38.502+0000][151028][gc,cpu      ] GC(394) User=0.09s Sys=0.01s Real=0.02s
[2022-12-13T06:32:38.502+0000][151028][gc,marking  ] GC(395) Concurrent Cleanup for Next Mark
[2022-12-13T06:32:38.502+0000][151028][safepoint   ] Safepoint "G1TryInitiateConcMark", Time since last: 727386000 ns, Reaching safepoint: 23918000 ns, At safepoint: 13607200 ns, Total: 37525200 ns
[2022-12-13T06:32:38.503+0000][151028][gc,marking  ] GC(395) Concurrent Cleanup for Next Mark 1.036ms
[2022-12-13T06:32:38.503+0000][151028][gc          ] GC(395) Concurrent Undo Cycle 1.181ms
[2022-12-13T06:32:38.862+0000][151028][gc,start    ] GC(396) Pause Young (Concurrent Start) (G1 Humongous Allocation)
[2022-12-13T06:32:38.863+0000][151028][gc,task     ] GC(396) Using 10 workers of 10 for evacuation
[2022-12-13T06:32:38.863+0000][151028][gc,age      ] GC(396) Desired survivor size 314572800 bytes, new threshold 15 (max threshold 15)
[2022-12-13T06:32:38.869+0000][151028][gc,phases   ] GC(396)   Pre Evacuate Collection Set: 0.8ms
[2022-12-13T06:32:38.869+0000][151028][gc,phases   ] GC(396)   Merge Heap Roots: 0.2ms
[2022-12-13T06:32:38.869+0000][151028][gc,phases   ] GC(396)   Evacuate Collection Set: 3.7ms
[2022-12-13T06:32:38.869+0000][151028][gc,phases   ] GC(396)   Post Evacuate Collection Set: 2.1ms
[2022-12-13T06:32:38.869+0000][151028][gc,phases   ] GC(396)   Other: 0.1ms
[2022-12-13T06:32:38.870+0000][151028][gc,age      ] GC(396) Age table with threshold 15 (max threshold 15)
[2022-12-13T06:32:38.870+0000][151028][gc,age      ] GC(396) - age   1:    1562944 bytes,    1562944 total
[2022-12-13T06:32:38.870+0000][151028][gc,age      ] GC(396) - age   2:      40400 bytes,    1603344 total
[2022-12-13T06:32:38.870+0000][151028][gc,age      ] GC(396) - age   3:    1205144 bytes,    2808488 total
[2022-12-13T06:32:38.870+0000][151028][gc,age      ] GC(396) - age   4:      11520 bytes,    2820008 total
[2022-12-13T06:32:38.870+0000][151028][gc,age      ] GC(396) - age   5:     142240 bytes,    2962248 total
[2022-12-13T06:32:38.870+0000][151028][gc,age      ] GC(396) - age   6:      17776 bytes,    2980024 total
[2022-12-13T06:32:38.870+0000][151028][gc,age      ] GC(396) - age   7:     156464 bytes,    3136488 total
[2022-12-13T06:32:38.870+0000][151028][gc,age      ] GC(396) - age   8:      48280 bytes,    3184768 total
[2022-12-13T06:32:38.870+0000][151028][gc,age      ] GC(396) - age   9:      10200 bytes,    3194968 total
[2022-12-13T06:32:38.870+0000][151028][gc,age      ] GC(396) - age  10:      13072 bytes,    3208040 total
[2022-12-13T06:32:38.870+0000][151028][gc,age      ] GC(396) - age  11:       5808 bytes,    3213848 total
[2022-12-13T06:32:38.870+0000][151028][gc,age      ] GC(396) - age  12:      11464 bytes,    3225312 total
[2022-12-13T06:32:38.870+0000][151028][gc,age      ] GC(396) - age  13:       6112 bytes,    3231424 total
[2022-12-13T06:32:38.870+0000][151028][gc,age      ] GC(396) - age  14:      86712 bytes,    3318136 total
[2022-12-13T06:32:38.870+0000][151028][gc,age      ] GC(396) - age  15:       4752 bytes,    3322888 total
[2022-12-13T06:32:38.870+0000][151028][gc,heap     ] GC(396) Eden regions: 27->0(1196)
[2022-12-13T06:32:38.870+0000][151028][gc,heap     ] GC(396) Survivor regions: 7->2(150)
[2022-12-13T06:32:38.870+0000][151028][gc,heap     ] GC(396) Old regions: 114->114
[2022-12-13T06:32:38.870+0000][151028][gc,heap     ] GC(396) Archive regions: 2->2
[2022-12-13T06:32:38.870+0000][151028][gc,heap     ] GC(396) Humongous regions: 482->82
[2022-12-13T06:32:38.870+0000][151028][gc,metaspace] GC(396) Metaspace: 176320K(180992K)->176320K(180992K) NonClass: 154690K(157248K)->154690K(157248K) Class: 21629K(23744K)->21629K(23744K)
[2022-12-13T06:32:38.870+0000][151028][gc          ] GC(396) Pause Young (Concurrent Start) (G1 Humongous Allocation) 2517M->791M(7992M) 7.355ms
[2022-12-13T06:32:38.870+0000][151028][gc,cpu      ] GC(396) User=0.03s Sys=0.00s Real=0.00s
[2022-12-13T06:32:38.870+0000][151028][gc          ] GC(397) Concurrent Undo Cycle
[2022-12-13T06:32:38.870+0000][151028][safepoint   ] Safepoint "G1TryInitiateConcMark", Time since last: 329655600 ns, Reaching safepoint: 30598400 ns, At safepoint: 7709500 ns, Total: 38307900 ns
[2022-12-13T06:32:38.870+0000][151028][gc,marking  ] GC(397) Concurrent Cleanup for Next Mark
[2022-12-13T06:32:38.871+0000][151028][gc,marking  ] GC(397) Concurrent Cleanup for Next Mark 1.015ms
[2022-12-13T06:32:38.871+0000][151028][gc          ] GC(397) Concurrent Undo Cycle 1.163ms
[2022-12-13T06:32:39.183+0000][151028][gc,start    ] GC(398) Pause Young (Concurrent Start) (G1 Humongous Allocation)
[2022-12-13T06:32:39.183+0000][151028][gc,task     ] GC(398) Using 10 workers of 10 for evacuation
[2022-12-13T06:32:39.183+0000][151028][gc,age      ] GC(398) Desired survivor size 314572800 bytes, new threshold 15 (max threshold 15)
[2022-12-13T06:32:39.193+0000][151028][gc,phases   ] GC(398)   Pre Evacuate Collection Set: 1.0ms
[2022-12-13T06:32:39.193+0000][151028][gc,phases   ] GC(398)   Merge Heap Roots: 0.3ms
[2022-12-13T06:32:39.193+0000][151028][gc,phases   ] GC(398)   Evacuate Collection Set: 4.9ms
[2022-12-13T06:32:39.193+0000][151028][gc,phases   ] GC(398)   Post Evacuate Collection Set: 3.1ms
[2022-12-13T06:32:39.193+0000][151028][gc,phases   ] GC(398)   Other: 0.1ms
[2022-12-13T06:32:39.193+0000][151028][gc,age      ] GC(398) Age table with threshold 15 (max threshold 15)
[2022-12-13T06:32:39.193+0000][151028][gc,age      ] GC(398) - age   1:   11811112 bytes,   11811112 total
[2022-12-13T06:32:39.193+0000][151028][gc,age      ] GC(398) - age   2:     221648 bytes,   12032760 total
[2022-12-13T06:32:39.193+0000][151028][gc,age      ] GC(398) - age   3:      14336 bytes,   12047096 total
[2022-12-13T06:32:39.193+0000][151028][gc,age      ] GC(398) - age   4:    1204232 bytes,   13251328 total
[2022-12-13T06:32:39.193+0000][151028][gc,age      ] GC(398) - age   5:      10904 bytes,   13262232 total
[2022-12-13T06:32:39.193+0000][151028][gc,age      ] GC(398) - age   6:      10672 bytes,   13272904 total
[2022-12-13T06:32:39.193+0000][151028][gc,age      ] GC(398) - age   7:      17176 bytes,   13290080 total
[2022-12-13T06:32:39.193+0000][151028][gc,age      ] GC(398) - age   8:     154184 bytes,   13444264 total
[2022-12-13T06:32:39.193+0000][151028][gc,age      ] GC(398) - age   9:      47688 bytes,   13491952 total
[2022-12-13T06:32:39.193+0000][151028][gc,age      ] GC(398) - age  10:       9240 bytes,   13501192 total
[2022-12-13T06:32:39.193+0000][151028][gc,age      ] GC(398) - age  11:       8832 bytes,   13510024 total
[2022-12-13T06:32:39.193+0000][151028][gc,age      ] GC(398) - age  12:       4568 bytes,   13514592 total
[2022-12-13T06:32:39.193+0000][151028][gc,age      ] GC(398) - age  13:      10984 bytes,   13525576 total
[2022-12-13T06:32:39.193+0000][151028][gc,age      ] GC(398) - age  14:       6080 bytes,   13531656 total
[2022-12-13T06:32:39.193+0000][151028][gc,age      ] GC(398) - age  15:      86712 bytes,   13618368 total
[2022-12-13T06:32:39.193+0000][151028][gc,heap     ] GC(398) Eden regions: 25->0(1194)
[2022-12-13T06:32:39.193+0000][151028][gc,heap     ] GC(398) Survivor regions: 2->4(150)
[2022-12-13T06:32:39.193+0000][151028][gc,heap     ] GC(398) Old regions: 114->114
[2022-12-13T06:32:39.193+0000][151028][gc,heap     ] GC(398) Archive regions: 2->2
[2022-12-13T06:32:39.193+0000][151028][gc,heap     ] GC(398) Humongous regions: 460->105
[2022-12-13T06:32:39.193+0000][151028][gc,metaspace] GC(398) Metaspace: 176320K(180992K)->176320K(180992K) NonClass: 154690K(157248K)->154690K(157248K) Class: 21629K(23744K)->21629K(23744K)
[2022-12-13T06:32:39.193+0000][151028][gc          ] GC(398) Pause Young (Concurrent Start) (G1 Humongous Allocation) 2399M->889M(7992M) 9.891ms
[2022-12-13T06:32:39.193+0000][151028][gc          ] GC(399) Concurrent Undo Cycle
[2022-12-13T06:32:39.193+0000][151028][gc,cpu      ] GC(398) User=0.06s Sys=0.01s Real=0.01s
[2022-12-13T06:32:39.193+0000][151028][gc,marking  ] GC(399) Concurrent Cleanup for Next Mark
[2022-12-13T06:32:39.194+0000][151028][safepoint   ] Safepoint "G1TryInitiateConcMark", Time since last: 277541000 ns, Reaching safepoint: 35671500 ns, At safepoint: 10284100 ns, Total: 45955600 ns
[2022-12-13T06:32:39.194+0000][151028][gc,marking  ] GC(399) Concurrent Cleanup for Next Mark 0.930ms
[2022-12-13T06:32:39.194+0000][151028][gc          ] GC(399) Concurrent Undo Cycle 1.057ms
[2022-12-13T06:32:39.467+0000][151028][gc,start    ] GC(400) Pause Young (Concurrent Start) (G1 Humongous Allocation)
[2022-12-13T06:32:39.467+0000][151028][gc,task     ] GC(400) Using 10 workers of 10 for evacuation
[2022-12-13T06:32:39.467+0000][151028][gc,age      ] GC(400) Desired survivor size 314572800 bytes, new threshold 15 (max threshold 15)
[2022-12-13T06:32:39.479+0000][151028][gc,phases   ] GC(400)   Pre Evacuate Collection Set: 0.8ms
[2022-12-13T06:32:39.479+0000][151028][gc,phases   ] GC(400)   Merge Heap Roots: 0.2ms
[2022-12-13T06:32:39.479+0000][151028][gc,phases   ] GC(400)   Evacuate Collection Set: 7.3ms
[2022-12-13T06:32:39.479+0000][151028][gc,phases   ] GC(400)   Post Evacuate Collection Set: 2.7ms
[2022-12-13T06:32:39.479+0000][151028][gc,phases   ] GC(400)   Other: 0.2ms
[2022-12-13T06:32:39.479+0000][151028][gc,age      ] GC(400) Age table with threshold 15 (max threshold 15)
[2022-12-13T06:32:39.479+0000][151028][gc,age      ] GC(400) - age   1:   11010712 bytes,   11010712 total
[2022-12-13T06:32:39.479+0000][151028][gc,age      ] GC(400) - age   2:    9432744 bytes,   20443456 total
[2022-12-13T06:32:39.479+0000][151028][gc,age      ] GC(400) - age   3:     146552 bytes,   20590008 total
[2022-12-13T06:32:39.479+0000][151028][gc,age      ] GC(400) - age   4:       4200 bytes,   20594208 total
[2022-12-13T06:32:39.479+0000][151028][gc,age      ] GC(400) - age   5:    1203840 bytes,   21798048 total
[2022-12-13T06:32:39.479+0000][151028][gc,age      ] GC(400) - age   6:      10872 bytes,   21808920 total
[2022-12-13T06:32:39.479+0000][151028][gc,age      ] GC(400) - age   7:      10632 bytes,   21819552 total
[2022-12-13T06:32:39.479+0000][151028][gc,age      ] GC(400) - age   8:      16744 bytes,   21836296 total
[2022-12-13T06:32:39.479+0000][151028][gc,age      ] GC(400) - age   9:     153704 bytes,   21990000 total
[2022-12-13T06:32:39.479+0000][151028][gc,age      ] GC(400) - age  10:      46848 bytes,   22036848 total
[2022-12-13T06:32:39.479+0000][151028][gc,age      ] GC(400) - age  11:       8480 bytes,   22045328 total
[2022-12-13T06:32:39.479+0000][151028][gc,age      ] GC(400) - age  12:       8112 bytes,   22053440 total
[2022-12-13T06:32:39.479+0000][151028][gc,age      ] GC(400) - age  13:       4568 bytes,   22058008 total
[2022-12-13T06:32:39.479+0000][151028][gc,age      ] GC(400) - age  14:      10904 bytes,   22068912 total
[2022-12-13T06:32:39.479+0000][151028][gc,age      ] GC(400) - age  15:       6040 bytes,   22074952 total
[2022-12-13T06:32:39.479+0000][151028][gc,heap     ] GC(400) Eden regions: 25->0(1192)
[2022-12-13T06:32:39.479+0000][151028][gc,heap     ] GC(400) Survivor regions: 4->6(150)
[2022-12-13T06:32:39.479+0000][151028][gc,heap     ] GC(400) Old regions: 114->114
[2022-12-13T06:32:39.479+0000][151028][gc,heap     ] GC(400) Archive regions: 2->2
[2022-12-13T06:32:39.479+0000][151028][gc,heap     ] GC(400) Humongous regions: 468->105
[2022-12-13T06:32:39.479+0000][151028][gc,metaspace] GC(400) Metaspace: 176320K(180992K)->176320K(180992K) NonClass: 154690K(157248K)->154690K(157248K) Class: 21629K(23744K)->21629K(23744K)
[2022-12-13T06:32:39.479+0000][151028][gc          ] GC(400) Pause Young (Concurrent Start) (G1 Humongous Allocation) 2439M->898M(7992M) 11.683ms
[2022-12-13T06:32:39.479+0000][151028][gc,cpu      ] GC(400) User=0.07s Sys=0.00s Real=0.02s
[2022-12-13T06:32:39.479+0000][151028][gc          ] GC(401) Concurrent Undo Cycle
[2022-12-13T06:32:39.479+0000][151028][gc,marking  ] GC(401) Concurrent Cleanup for Next Mark
[2022-12-13T06:32:39.479+0000][151028][safepoint   ] Safepoint "G1TryInitiateConcMark", Time since last: 237078400 ns, Reaching safepoint: 36606900 ns, At safepoint: 11980800 ns, Total: 48587700 ns
[2022-12-13T06:32:39.480+0000][151028][gc,marking  ] GC(401) Concurrent Cleanup for Next Mark 1.053ms
[2022-12-13T06:32:39.480+0000][151028][gc          ] GC(401) Concurrent Undo Cycle 1.211ms
[2022-12-13T06:32:39.753+0000][151028][gc,start    ] GC(402) Pause Young (Concurrent Start) (G1 Humongous Allocation)
[2022-12-13T06:32:39.753+0000][151028][gc,task     ] GC(402) Using 10 workers of 10 for evacuation
[2022-12-13T06:32:39.753+0000][151028][gc,age      ] GC(402) Desired survivor size 314572800 bytes, new threshold 15 (max threshold 15)
[2022-12-13T06:32:39.764+0000][151028][gc,phases   ] GC(402)   Pre Evacuate Collection Set: 0.9ms
[2022-12-13T06:32:39.764+0000][151028][gc,phases   ] GC(402)   Merge Heap Roots: 0.2ms
[2022-12-13T06:32:39.764+0000][151028][gc,phases   ] GC(402)   Evacuate Collection Set: 3.2ms
[2022-12-13T06:32:39.764+0000][151028][gc,phases   ] GC(402)   Post Evacuate Collection Set: 6.3ms
[2022-12-13T06:32:39.764+0000][151028][gc,phases   ] GC(402)   Other: 0.1ms
[2022-12-13T06:32:39.764+0000][151028][gc,age      ] GC(402) Age table with threshold 15 (max threshold 15)
[2022-12-13T06:32:39.764+0000][151028][gc,age      ] GC(402) - age   1:    3085200 bytes,    3085200 total
[2022-12-13T06:32:39.764+0000][151028][gc,age      ] GC(402) - age   2:    9186960 bytes,   12272160 total
[2022-12-13T06:32:39.764+0000][151028][gc,age      ] GC(402) - age   3:    4317880 bytes,   16590040 total
[2022-12-13T06:32:39.764+0000][151028][gc,age      ] GC(402) - age   4:     145232 bytes,   16735272 total
[2022-12-13T06:32:39.764+0000][151028][gc,age      ] GC(402) - age   5:       4120 bytes,   16739392 total
[2022-12-13T06:32:39.764+0000][151028][gc,age      ] GC(402) - age   6:    1203728 bytes,   17943120 total
[2022-12-13T06:32:39.764+0000][151028][gc,age      ] GC(402) - age   7:      10832 bytes,   17953952 total
[2022-12-13T06:32:39.764+0000][151028][gc,age      ] GC(402) - age   8:      10632 bytes,   17964584 total
[2022-12-13T06:32:39.764+0000][151028][gc,age      ] GC(402) - age   9:      15888 bytes,   17980472 total
[2022-12-13T06:32:39.764+0000][151028][gc,age      ] GC(402) - age  10:     153504 bytes,   18133976 total
[2022-12-13T06:32:39.764+0000][151028][gc,age      ] GC(402) - age  11:      45688 bytes,   18179664 total
[2022-12-13T06:32:39.764+0000][151028][gc,age      ] GC(402) - age  12:       8320 bytes,   18187984 total
[2022-12-13T06:32:39.764+0000][151028][gc,age      ] GC(402) - age  13:       6912 bytes,   18194896 total
[2022-12-13T06:32:39.764+0000][151028][gc,age      ] GC(402) - age  14:       4304 bytes,   18199200 total
[2022-12-13T06:32:39.764+0000][151028][gc,age      ] GC(402) - age  15:      10664 bytes,   18209864 total
[2022-12-13T06:32:39.764+0000][151028][gc,heap     ] GC(402) Eden regions: 12->0(1193)
[2022-12-13T06:32:39.764+0000][151028][gc,heap     ] GC(402) Survivor regions: 6->5(150)
[2022-12-13T06:32:39.764+0000][151028][gc,heap     ] GC(402) Old regions: 114->114
[2022-12-13T06:32:39.764+0000][151028][gc,heap     ] GC(402) Archive regions: 2->2
[2022-12-13T06:32:39.764+0000][151028][gc,heap     ] GC(402) Humongous regions: 468->105
[2022-12-13T06:32:39.764+0000][151028][gc,metaspace] GC(402) Metaspace: 176320K(180992K)->176320K(180992K) NonClass: 154691K(157248K)->154691K(157248K) Class: 21629K(23744K)->21629K(23744K)
[2022-12-13T06:32:39.764+0000][151028][gc          ] GC(402) Pause Young (Concurrent Start) (G1 Humongous Allocation) 2396M->895M(7992M) 11.334ms
[2022-12-13T06:32:39.764+0000][151028][gc          ] GC(403) Concurrent Undo Cycle
[2022-12-13T06:32:39.764+0000][151028][gc,cpu      ] GC(402) User=0.06s Sys=0.00s Real=0.01s
[2022-12-13T06:32:39.764+0000][151028][gc,marking  ] GC(403) Concurrent Cleanup for Next Mark
[2022-12-13T06:32:39.764+0000][151028][safepoint   ] Safepoint "G1TryInitiateConcMark", Time since last: 247840100 ns, Reaching safepoint: 25459900 ns, At safepoint: 11710800 ns, Total: 37170700 ns
[2022-12-13T06:32:39.765+0000][151028][gc,marking  ] GC(403) Concurrent Cleanup for Next Mark 1.153ms
[2022-12-13T06:32:39.765+0000][151028][gc          ] GC(403) Concurrent Undo Cycle 1.285ms
[2022-12-13T06:32:40.027+0000][151028][gc,start    ] GC(404) Pause Young (Concurrent Start) (G1 Humongous Allocation)
[2022-12-13T06:32:40.027+0000][151028][gc,task     ] GC(404) Using 10 workers of 10 for evacuation
[2022-12-13T06:32:40.027+0000][151028][gc,age      ] GC(404) Desired survivor size 314572800 bytes, new threshold 15 (max threshold 15)
[2022-12-13T06:32:40.034+0000][151028][gc,phases   ] GC(404)   Pre Evacuate Collection Set: 0.8ms
[2022-12-13T06:32:40.034+0000][151028][gc,phases   ] GC(404)   Merge Heap Roots: 0.2ms
[2022-12-13T06:32:40.034+0000][151028][gc,phases   ] GC(404)   Evacuate Collection Set: 3.4ms
[2022-12-13T06:32:40.034+0000][151028][gc,phases   ] GC(404)   Post Evacuate Collection Set: 2.9ms
[2022-12-13T06:32:40.034+0000][151028][gc,phases   ] GC(404)   Other: 0.2ms
[2022-12-13T06:32:40.034+0000][151028][gc,age      ] GC(404) Age table with threshold 15 (max threshold 15)
[2022-12-13T06:32:40.034+0000][151028][gc,age      ] GC(404) - age   1:    3418192 bytes,    3418192 total
[2022-12-13T06:32:40.034+0000][151028][gc,age      ] GC(404) - age   2:      64008 bytes,    3482200 total
[2022-12-13T06:32:40.034+0000][151028][gc,age      ] GC(404) - age   3:     150096 bytes,    3632296 total
[2022-12-13T06:32:40.034+0000][151028][gc,age      ] GC(404) - age   4:      32072 bytes,    3664368 total
[2022-12-13T06:32:40.034+0000][151028][gc,age      ] GC(404) - age   5:     143304 bytes,    3807672 total
[2022-12-13T06:32:40.034+0000][151028][gc,age      ] GC(404) - age   6:       4080 bytes,    3811752 total
[2022-12-13T06:32:40.034+0000][151028][gc,age      ] GC(404) - age   7:    1203616 bytes,    5015368 total
[2022-12-13T06:32:40.034+0000][151028][gc,age      ] GC(404) - age   8:      10792 bytes,    5026160 total
[2022-12-13T06:32:40.034+0000][151028][gc,age      ] GC(404) - age   9:      10632 bytes,    5036792 total
[2022-12-13T06:32:40.034+0000][151028][gc,age      ] GC(404) - age  10:      14432 bytes,    5051224 total
[2022-12-13T06:32:40.034+0000][151028][gc,age      ] GC(404) - age  11:     152704 bytes,    5203928 total
[2022-12-13T06:32:40.035+0000][151028][gc,age      ] GC(404) - age  12:      44768 bytes,    5248696 total
[2022-12-13T06:32:40.035+0000][151028][gc,age      ] GC(404) - age  13:       8000 bytes,    5256696 total
[2022-12-13T06:32:40.035+0000][151028][gc,age      ] GC(404) - age  14:       6712 bytes,    5263408 total
[2022-12-13T06:32:40.035+0000][151028][gc,age      ] GC(404) - age  15:       4040 bytes,    5267448 total
[2022-12-13T06:32:40.035+0000][151028][gc,heap     ] GC(404) Eden regions: 13->0(1196)
[2022-12-13T06:32:40.035+0000][151028][gc,heap     ] GC(404) Survivor regions: 5->2(150)
[2022-12-13T06:32:40.035+0000][151028][gc,heap     ] GC(404) Old regions: 114->114
[2022-12-13T06:32:40.035+0000][151028][gc,heap     ] GC(404) Archive regions: 2->2
[2022-12-13T06:32:40.035+0000][151028][gc,heap     ] GC(404) Humongous regions: 468->138
[2022-12-13T06:32:40.035+0000][151028][gc,metaspace] GC(404) Metaspace: 176327K(180992K)->176327K(180992K) NonClass: 154698K(157248K)->154698K(157248K) Class: 21629K(23744K)->21629K(23744K)
[2022-12-13T06:32:40.035+0000][151028][gc          ] GC(404) Pause Young (Concurrent Start) (G1 Humongous Allocation) 2398M->1015M(7992M) 8.025ms
[2022-12-13T06:32:40.035+0000][151028][gc          ] GC(405) Concurrent Undo Cycle
[2022-12-13T06:32:40.035+0000][151028][gc,cpu      ] GC(404) User=0.02s Sys=0.01s Real=0.01s
[2022-12-13T06:32:40.035+0000][151028][gc,marking  ] GC(405) Concurrent Cleanup for Next Mark
[2022-12-13T06:32:40.035+0000][151028][safepoint   ] Safepoint "G1TryInitiateConcMark", Time since last: 222886000 ns, Reaching safepoint: 39534200 ns, At safepoint: 8364900 ns, Total: 47899100 ns
[2022-12-13T06:32:40.036+0000][151028][gc,marking  ] GC(405) Concurrent Cleanup for Next Mark 1.049ms
[2022-12-13T06:32:40.036+0000][151028][gc          ] GC(405) Concurrent Undo Cycle 1.186ms
[2022-12-13T06:32:40.281+0000][151028][gc,start    ] GC(406) Pause Young (Concurrent Start) (G1 Humongous Allocation)
[2022-12-13T06:32:40.281+0000][151028][gc,task     ] GC(406) Using 10 workers of 10 for evacuation
[2022-12-13T06:32:40.282+0000][151028][gc,age      ] GC(406) Desired survivor size 314572800 bytes, new threshold 15 (max threshold 15)
[2022-12-13T06:32:40.290+0000][151028][gc,phases   ] GC(406)   Pre Evacuate Collection Set: 0.9ms
[2022-12-13T06:32:40.291+0000][151028][gc,phases   ] GC(406)   Merge Heap Roots: 0.2ms
[2022-12-13T06:32:40.291+0000][151028][gc,phases   ] GC(406)   Evacuate Collection Set: 3.7ms
[2022-12-13T06:32:40.291+0000][151028][gc,phases   ] GC(406)   Post Evacuate Collection Set: 4.0ms
[2022-12-13T06:32:40.291+0000][151028][gc,phases   ] GC(406)   Other: 0.2ms
[2022-12-13T06:32:40.291+0000][151028][gc,age      ] GC(406) Age table with threshold 15 (max threshold 15)
[2022-12-13T06:32:40.291+0000][151028][gc,age      ] GC(406) - age   1:    3293120 bytes,    3293120 total
[2022-12-13T06:32:40.291+0000][151028][gc,age      ] GC(406) - age   2:     966248 bytes,    4259368 total
[2022-12-13T06:32:40.291+0000][151028][gc,age      ] GC(406) - age   3:       7912 bytes,    4267280 total
[2022-12-13T06:32:40.291+0000][151028][gc,age      ] GC(406) - age   4:      18696 bytes,    4285976 total
[2022-12-13T06:32:40.291+0000][151028][gc,age      ] GC(406) - age   5:      26368 bytes,    4312344 total
[2022-12-13T06:32:40.291+0000][151028][gc,age      ] GC(406) - age   6:     143064 bytes,    4455408 total
[2022-12-13T06:32:40.291+0000][151028][gc,age      ] GC(406) - age   7:       4016 bytes,    4459424 total
[2022-12-13T06:32:40.291+0000][151028][gc,age      ] GC(406) - age   8:    1203576 bytes,    5663000 total
[2022-12-13T06:32:40.291+0000][151028][gc,age      ] GC(406) - age   9:      10712 bytes,    5673712 total
[2022-12-13T06:32:40.291+0000][151028][gc,age      ] GC(406) - age  10:      10632 bytes,    5684344 total
[2022-12-13T06:32:40.291+0000][151028][gc,age      ] GC(406) - age  11:      13752 bytes,    5698096 total
[2022-12-13T06:32:40.291+0000][151028][gc,age      ] GC(406) - age  12:     151632 bytes,    5849728 total
[2022-12-13T06:32:40.291+0000][151028][gc,age      ] GC(406) - age  13:      44728 bytes,    5894456 total
[2022-12-13T06:32:40.291+0000][151028][gc,age      ] GC(406) - age  14:       7472 bytes,    5901928 total
[2022-12-13T06:32:40.291+0000][151028][gc,age      ] GC(406) - age  15:       6592 bytes,    5908520 total
[2022-12-13T06:32:40.291+0000][151028][gc,heap     ] GC(406) Eden regions: 16->0(1196)
[2022-12-13T06:32:40.291+0000][151028][gc,heap     ] GC(406) Survivor regions: 2->2(150)
[2022-12-13T06:32:40.291+0000][151028][gc,heap     ] GC(406) Old regions: 114->114
[2022-12-13T06:32:40.291+0000][151028][gc,heap     ] GC(406) Archive regions: 2->2
[2022-12-13T06:32:40.291+0000][151028][gc,heap     ] GC(406) Humongous regions: 468->105
[2022-12-13T06:32:40.291+0000][151028][gc,metaspace] GC(406) Metaspace: 176333K(180992K)->176333K(180992K) NonClass: 154704K(157248K)->154704K(157248K) Class: 21629K(23744K)->21629K(23744K)
[2022-12-13T06:32:40.291+0000][151028][gc          ] GC(406) Pause Young (Concurrent Start) (G1 Humongous Allocation) 2398M->883M(7992M) 9.545ms
[2022-12-13T06:32:40.291+0000][151028][gc          ] GC(407) Concurrent Undo Cycle
[2022-12-13T06:32:40.291+0000][151028][gc,cpu      ] GC(406) User=0.03s Sys=0.01s Real=0.01s
[2022-12-13T06:32:40.291+0000][151028][gc,marking  ] GC(407) Concurrent Cleanup for Next Mark
[2022-12-13T06:32:40.291+0000][151028][safepoint   ] Safepoint "G1TryInitiateConcMark", Time since last: 190856800 ns, Reaching safepoint: 55441300 ns, At safepoint: 9937400 ns, Total: 65378700 ns
[2022-12-13T06:32:40.292+0000][151028][gc,marking  ] GC(407) Concurrent Cleanup for Next Mark 0.987ms
[2022-12-13T06:32:40.292+0000][151028][gc          ] GC(407) Concurrent Undo Cycle 1.112ms
[2022-12-13T06:32:40.563+0000][151028][gc,start    ] GC(408) Pause Young (Concurrent Start) (G1 Humongous Allocation)
[2022-12-13T06:32:40.563+0000][151028][gc,task     ] GC(408) Using 10 workers of 10 for evacuation
[2022-12-13T06:32:40.563+0000][151028][gc,age      ] GC(408) Desired survivor size 314572800 bytes, new threshold 15 (max threshold 15)
[2022-12-13T06:32:40.570+0000][151028][gc,phases   ] GC(408)   Pre Evacuate Collection Set: 0.9ms
[2022-12-13T06:32:40.570+0000][151028][gc,phases   ] GC(408)   Merge Heap Roots: 0.2ms
[2022-12-13T06:32:40.570+0000][151028][gc,phases   ] GC(408)   Evacuate Collection Set: 3.6ms
[2022-12-13T06:32:40.570+0000][151028][gc,phases   ] GC(408)   Post Evacuate Collection Set: 2.0ms
[2022-12-13T06:32:40.570+0000][151028][gc,phases   ] GC(408)   Other: 0.2ms
[2022-12-13T06:32:40.570+0000][151028][gc,age      ] GC(408) Age table with threshold 15 (max threshold 15)
[2022-12-13T06:32:40.570+0000][151028][gc,age      ] GC(408) - age   1:    3042328 bytes,    3042328 total
[2022-12-13T06:32:40.570+0000][151028][gc,age      ] GC(408) - age   2:     277072 bytes,    3319400 total
[2022-12-13T06:32:40.570+0000][151028][gc,age      ] GC(408) - age   3:     141104 bytes,    3460504 total
[2022-12-13T06:32:40.570+0000][151028][gc,age      ] GC(408) - age   4:       4496 bytes,    3465000 total
[2022-12-13T06:32:40.570+0000][151028][gc,age      ] GC(408) - age   5:       8024 bytes,    3473024 total
[2022-12-13T06:32:40.570+0000][151028][gc,age      ] GC(408) - age   6:      21648 bytes,    3494672 total
[2022-12-13T06:32:40.570+0000][151028][gc,age      ] GC(408) - age   7:     141984 bytes,    3636656 total
[2022-12-13T06:32:40.570+0000][151028][gc,age      ] GC(408) - age   8:       3600 bytes,    3640256 total
[2022-12-13T06:32:40.570+0000][151028][gc,age      ] GC(408) - age   9:    1203144 bytes,    4843400 total
[2022-12-13T06:32:40.570+0000][151028][gc,age      ] GC(408) - age  10:      10552 bytes,    4853952 total
[2022-12-13T06:32:40.570+0000][151028][gc,age      ] GC(408) - age  11:      10432 bytes,    4864384 total
[2022-12-13T06:32:40.570+0000][151028][gc,age      ] GC(408) - age  12:      12352 bytes,    4876736 total
[2022-12-13T06:32:40.570+0000][151028][gc,age      ] GC(408) - age  13:     148192 bytes,    5024928 total
[2022-12-13T06:32:40.570+0000][151028][gc,age      ] GC(408) - age  14:      43528 bytes,    5068456 total
[2022-12-13T06:32:40.570+0000][151028][gc,age      ] GC(408) - age  15:       7312 bytes,    5075768 total
[2022-12-13T06:32:40.570+0000][151028][gc,heap     ] GC(408) Eden regions: 21->0(1196)
[2022-12-13T06:32:40.570+0000][151028][gc,heap     ] GC(408) Survivor regions: 2->2(150)
[2022-12-13T06:32:40.570+0000][151028][gc,heap     ] GC(408) Old regions: 114->114
[2022-12-13T06:32:40.570+0000][151028][gc,heap     ] GC(408) Archive regions: 2->2
[2022-12-13T06:32:40.570+0000][151028][gc,heap     ] GC(408) Humongous regions: 471->75
[2022-12-13T06:32:40.570+0000][151028][gc,metaspace] GC(408) Metaspace: 176335K(180992K)->176335K(180992K) NonClass: 154705K(157248K)->154705K(157248K) Class: 21629K(23744K)->21629K(23744K)
[2022-12-13T06:32:40.570+0000][151028][gc          ] GC(408) Pause Young (Concurrent Start) (G1 Humongous Allocation) 2431M->762M(7992M) 7.275ms
[2022-12-13T06:32:40.570+0000][151028][gc          ] GC(409) Concurrent Undo Cycle
[2022-12-13T06:32:40.570+0000][151028][gc,cpu      ] GC(408) User=0.02s Sys=0.00s Real=0.01s
[2022-12-13T06:32:40.570+0000][151028][gc,marking  ] GC(409) Concurrent Cleanup for Next Mark
[2022-12-13T06:32:40.571+0000][151028][safepoint   ] Safepoint "G1TryInitiateConcMark", Time since last: 246279400 ns, Reaching safepoint: 25380700 ns, At safepoint: 7685000 ns, Total: 33065700 ns
[2022-12-13T06:32:40.571+0000][151028][gc,marking  ] GC(409) Concurrent Cleanup for Next Mark 0.924ms
[2022-12-13T06:32:40.571+0000][151028][gc          ] GC(409) Concurrent Undo Cycle 1.092ms
[2022-12-13T06:32:40.876+0000][151028][gc,start    ] GC(410) Pause Young (Concurrent Start) (G1 Humongous Allocation)
[2022-12-13T06:32:40.876+0000][151028][gc,task     ] GC(410) Using 10 workers of 10 for evacuation
[2022-12-13T06:32:40.876+0000][151028][gc,age      ] GC(410) Desired survivor size 314572800 bytes, new threshold 15 (max threshold 15)
[2022-12-13T06:32:40.883+0000][151028][gc,phases   ] GC(410)   Pre Evacuate Collection Set: 0.9ms
[2022-12-13T06:32:40.883+0000][151028][gc,phases   ] GC(410)   Merge Heap Roots: 0.2ms
[2022-12-13T06:32:40.883+0000][151028][gc,phases   ] GC(410)   Evacuate Collection Set: 3.2ms
[2022-12-13T06:32:40.883+0000][151028][gc,phases   ] GC(410)   Post Evacuate Collection Set: 2.9ms
[2022-12-13T06:32:40.883+0000][151028][gc,phases   ] GC(410)   Other: 0.1ms
[2022-12-13T06:32:40.883+0000][151028][gc,age      ] GC(410) Age table with threshold 15 (max threshold 15)
[2022-12-13T06:32:40.883+0000][151028][gc,age      ] GC(410) - age   1:    1904552 bytes,    1904552 total
[2022-12-13T06:32:40.883+0000][151028][gc,age      ] GC(410) - age   2:    1218688 bytes,    3123240 total
[2022-12-13T06:32:40.883+0000][151028][gc,age      ] GC(410) - age   3:     276408 bytes,    3399648 total
[2022-12-13T06:32:40.883+0000][151028][gc,age      ] GC(410) - age   4:     140464 bytes,    3540112 total
[2022-12-13T06:32:40.883+0000][151028][gc,age      ] GC(410) - age   5:       3888 bytes,    3544000 total
[2022-12-13T06:32:40.883+0000][151028][gc,age      ] GC(410) - age   6:       7256 bytes,    3551256 total
[2022-12-13T06:32:40.884+0000][151028][gc,age      ] GC(410) - age   7:      21336 bytes,    3572592 total
[2022-12-13T06:32:40.884+0000][151028][gc,age      ] GC(410) - age   8:     140296 bytes,    3712888 total
[2022-12-13T06:32:40.884+0000][151028][gc,age      ] GC(410) - age   9:       3600 bytes,    3716488 total
[2022-12-13T06:32:40.884+0000][151028][gc,age      ] GC(410) - age  10:    1071776 bytes,    4788264 total
[2022-12-13T06:32:40.884+0000][151028][gc,age      ] GC(410) - age  11:      10472 bytes,    4798736 total
[2022-12-13T06:32:40.884+0000][151028][gc,age      ] GC(410) - age  12:       9232 bytes,    4807968 total
[2022-12-13T06:32:40.884+0000][151028][gc,age      ] GC(410) - age  13:      11592 bytes,    4819560 total
[2022-12-13T06:32:40.884+0000][151028][gc,age      ] GC(410) - age  14:     147152 bytes,    4966712 total
[2022-12-13T06:32:40.884+0000][151028][gc,age      ] GC(410) - age  15:      43528 bytes,    5010240 total
[2022-12-13T06:32:40.884+0000][151028][gc,heap     ] GC(410) Eden regions: 18->0(1196)
[2022-12-13T06:32:40.884+0000][151028][gc,heap     ] GC(410) Survivor regions: 2->2(150)
[2022-12-13T06:32:40.884+0000][151028][gc,heap     ] GC(410) Old regions: 114->114
[2022-12-13T06:32:40.884+0000][151028][gc,heap     ] GC(410) Archive regions: 2->2
[2022-12-13T06:32:40.884+0000][151028][gc,heap     ] GC(410) Humongous regions: 482->116
[2022-12-13T06:32:40.884+0000][151028][gc,metaspace] GC(410) Metaspace: 176336K(180992K)->176336K(180992K) NonClass: 154707K(157248K)->154707K(157248K) Class: 21629K(23744K)->21629K(23744K)
[2022-12-13T06:32:40.884+0000][151028][gc          ] GC(410) Pause Young (Concurrent Start) (G1 Humongous Allocation) 2460M->926M(7992M) 7.725ms
[2022-12-13T06:32:40.884+0000][151028][gc          ] GC(411) Concurrent Undo Cycle
[2022-12-13T06:32:40.884+0000][151028][gc,cpu      ] GC(410) User=0.02s Sys=0.01s Real=0.01s
[2022-12-13T06:32:40.884+0000][151028][gc,marking  ] GC(411) Concurrent Cleanup for Next Mark
[2022-12-13T06:32:40.884+0000][151028][safepoint   ] Safepoint "G1TryInitiateConcMark", Time since last: 263092500 ns, Reaching safepoint: 42193000 ns, At safepoint: 8173900 ns, Total: 50366900 ns
[2022-12-13T06:32:40.885+0000][151028][gc,marking  ] GC(411) Concurrent Cleanup for Next Mark 1.199ms
[2022-12-13T06:32:40.885+0000][151028][gc          ] GC(411) Concurrent Undo Cycle 1.345ms
[2022-12-13T06:32:41.152+0000][151028][gc,start    ] GC(412) Pause Young (Concurrent Start) (G1 Humongous Allocation)
[2022-12-13T06:32:41.152+0000][151028][gc,task     ] GC(412) Using 10 workers of 10 for evacuation
[2022-12-13T06:32:41.152+0000][151028][gc,age      ] GC(412) Desired survivor size 314572800 bytes, new threshold 15 (max threshold 15)
[2022-12-13T06:32:41.166+0000][151028][gc,phases   ] GC(412)   Pre Evacuate Collection Set: 0.8ms
[2022-12-13T06:32:41.166+0000][151028][gc,phases   ] GC(412)   Merge Heap Roots: 0.2ms
[2022-12-13T06:32:41.166+0000][151028][gc,phases   ] GC(412)   Evacuate Collection Set: 10.0ms
[2022-12-13T06:32:41.166+0000][151028][gc,phases   ] GC(412)   Post Evacuate Collection Set: 2.7ms
[2022-12-13T06:32:41.166+0000][151028][gc,phases   ] GC(412)   Other: 0.1ms
[2022-12-13T06:32:41.166+0000][151028][gc,age      ] GC(412) Age table with threshold 15 (max threshold 15)
[2022-12-13T06:32:41.166+0000][151028][gc,age      ] GC(412) - age   1:   24971312 bytes,   24971312 total
[2022-12-13T06:32:41.166+0000][151028][gc,age      ] GC(412) - age   2:     322056 bytes,   25293368 total
[2022-12-13T06:32:41.166+0000][151028][gc,age      ] GC(412) - age   3:    1217672 bytes,   26511040 total
[2022-12-13T06:32:41.166+0000][151028][gc,age      ] GC(412) - age   4:     140328 bytes,   26651368 total
[2022-12-13T06:32:41.166+0000][151028][gc,age      ] GC(412) - age   5:     120784 bytes,   26772152 total
[2022-12-13T06:32:41.166+0000][151028][gc,age      ] GC(412) - age   6:       3608 bytes,   26775760 total
[2022-12-13T06:32:41.166+0000][151028][gc,age      ] GC(412) - age   7:       7096 bytes,   26782856 total
[2022-12-13T06:32:41.166+0000][151028][gc,age      ] GC(412) - age   8:      21232 bytes,   26804088 total
[2022-12-13T06:32:41.166+0000][151028][gc,age      ] GC(412) - age   9:     139696 bytes,   26943784 total
[2022-12-13T06:32:41.167+0000][151028][gc,age      ] GC(412) - age  10:       3568 bytes,   26947352 total
[2022-12-13T06:32:41.167+0000][151028][gc,age      ] GC(412) - age  11:    1071296 bytes,   28018648 total
[2022-12-13T06:32:41.167+0000][151028][gc,age      ] GC(412) - age  12:       9472 bytes,   28028120 total
[2022-12-13T06:32:41.167+0000][151028][gc,age      ] GC(412) - age  13:       8112 bytes,   28036232 total
[2022-12-13T06:32:41.167+0000][151028][gc,age      ] GC(412) - age  14:      10632 bytes,   28046864 total
[2022-12-13T06:32:41.167+0000][151028][gc,age      ] GC(412) - age  15:     147152 bytes,   28194016 total
[2022-12-13T06:32:41.167+0000][151028][gc,heap     ] GC(412) Eden regions: 26->0(716)
[2022-12-13T06:32:41.167+0000][151028][gc,heap     ] GC(412) Survivor regions: 2->7(150)
[2022-12-13T06:32:41.167+0000][151028][gc,heap     ] GC(412) Old regions: 114->114
[2022-12-13T06:32:41.167+0000][151028][gc,heap     ] GC(412) Archive regions: 2->2
[2022-12-13T06:32:41.167+0000][151028][gc,heap     ] GC(412) Humongous regions: 479->113
[2022-12-13T06:32:41.167+0000][151028][gc,metaspace] GC(412) Metaspace: 176337K(180992K)->176337K(180992K) NonClass: 154708K(157248K)->154708K(157248K) Class: 21629K(23744K)->21629K(23744K)
[2022-12-13T06:32:41.167+0000][151028][gc          ] GC(412) Pause Young (Concurrent Start) (G1 Humongous Allocation) 2480M->935M(7992M) 14.483ms
[2022-12-13T06:32:41.167+0000][151028][gc          ] GC(413) Concurrent Undo Cycle
[2022-12-13T06:32:41.167+0000][151028][gc,cpu      ] GC(412) User=0.09s Sys=0.01s Real=0.01s
[2022-12-13T06:32:41.167+0000][151028][gc,marking  ] GC(413) Concurrent Cleanup for Next Mark
[2022-12-13T06:32:41.167+0000][151028][safepoint   ] Safepoint "G1TryInitiateConcMark", Time since last: 230409200 ns, Reaching safepoint: 37626500 ns, At safepoint: 14839500 ns, Total: 52466000 ns
[2022-12-13T06:32:41.168+0000][151028][gc,marking  ] GC(413) Concurrent Cleanup for Next Mark 1.411ms
[2022-12-13T06:32:41.168+0000][151028][gc          ] GC(413) Concurrent Undo Cycle 1.569ms
[2022-12-13T06:32:41.464+0000][151028][gc,start    ] GC(414) Pause Young (Concurrent Start) (G1 Humongous Allocation)
[2022-12-13T06:32:41.464+0000][151028][gc,task     ] GC(414) Using 10 workers of 10 for evacuation
[2022-12-13T06:32:41.464+0000][151028][gc,age      ] GC(414) Desired survivor size 190840832 bytes, new threshold 15 (max threshold 15)
[2022-12-13T06:32:41.479+0000][151028][gc,phases   ] GC(414)   Pre Evacuate Collection Set: 0.9ms
[2022-12-13T06:32:41.479+0000][151028][gc,phases   ] GC(414)   Merge Heap Roots: 0.3ms
[2022-12-13T06:32:41.479+0000][151028][gc,phases   ] GC(414)   Evacuate Collection Set: 10.5ms
[2022-12-13T06:32:41.479+0000][151028][gc,phases   ] GC(414)   Post Evacuate Collection Set: 3.1ms
[2022-12-13T06:32:41.479+0000][151028][gc,phases   ] GC(414)   Other: 0.2ms
[2022-12-13T06:32:41.479+0000][151028][gc,age      ] GC(414) Age table with threshold 15 (max threshold 15)
[2022-12-13T06:32:41.479+0000][151028][gc,age      ] GC(414) - age   1:    5101936 bytes,    5101936 total
[2022-12-13T06:32:41.479+0000][151028][gc,age      ] GC(414) - age   2:   23701600 bytes,   28803536 total
[2022-12-13T06:32:41.479+0000][151028][gc,age      ] GC(414) - age   3:     142272 bytes,   28945808 total
[2022-12-13T06:32:41.479+0000][151028][gc,age      ] GC(414) - age   4:    1207584 bytes,   30153392 total
[2022-12-13T06:32:41.479+0000][151028][gc,age      ] GC(414) - age   5:     139656 bytes,   30293048 total
[2022-12-13T06:32:41.479+0000][151028][gc,age      ] GC(414) - age   6:     120504 bytes,   30413552 total
[2022-12-13T06:32:41.479+0000][151028][gc,age      ] GC(414) - age   7:       3568 bytes,   30417120 total
[2022-12-13T06:32:41.479+0000][151028][gc,age      ] GC(414) - age   8:       7056 bytes,   30424176 total
[2022-12-13T06:32:41.479+0000][151028][gc,age      ] GC(414) - age   9:      21232 bytes,   30445408 total
[2022-12-13T06:32:41.479+0000][151028][gc,age      ] GC(414) - age  10:     138696 bytes,   30584104 total
[2022-12-13T06:32:41.479+0000][151028][gc,age      ] GC(414) - age  11:       2928 bytes,   30587032 total
[2022-12-13T06:32:41.479+0000][151028][gc,age      ] GC(414) - age  12:    1069816 bytes,   31656848 total
[2022-12-13T06:32:41.479+0000][151028][gc,age      ] GC(414) - age  13:       8152 bytes,   31665000 total
[2022-12-13T06:32:41.479+0000][151028][gc,age      ] GC(414) - age  14:       7792 bytes,   31672792 total
[2022-12-13T06:32:41.479+0000][151028][gc,age      ] GC(414) - age  15:      10032 bytes,   31682824 total
[2022-12-13T06:32:41.479+0000][151028][gc,heap     ] GC(414) Eden regions: 26->0(882)
[2022-12-13T06:32:41.479+0000][151028][gc,heap     ] GC(414) Survivor regions: 7->8(91)
[2022-12-13T06:32:41.479+0000][151028][gc,heap     ] GC(414) Old regions: 114->114
[2022-12-13T06:32:41.480+0000][151028][gc,heap     ] GC(414) Archive regions: 2->2
[2022-12-13T06:32:41.480+0000][151028][gc,heap     ] GC(414) Humongous regions: 476->47
[2022-12-13T06:32:41.480+0000][151028][gc,metaspace] GC(414) Metaspace: 176343K(180992K)->176343K(180992K) NonClass: 154714K(157248K)->154714K(157248K) Class: 21629K(23744K)->21629K(23744K)
[2022-12-13T06:32:41.480+0000][151028][gc          ] GC(414) Pause Young (Concurrent Start) (G1 Humongous Allocation) 2491M->675M(7992M) 15.467ms
[2022-12-13T06:32:41.480+0000][151028][gc          ] GC(415) Concurrent Undo Cycle
[2022-12-13T06:32:41.480+0000][151028][gc,cpu      ] GC(414) User=0.10s Sys=0.00s Real=0.02s
[2022-12-13T06:32:41.480+0000][151028][gc,marking  ] GC(415) Concurrent Cleanup for Next Mark
[2022-12-13T06:32:41.480+0000][151028][safepoint   ] Safepoint "G1TryInitiateConcMark", Time since last: 296484900 ns, Reaching safepoint: 589200 ns, At safepoint: 15830400 ns, Total: 16419600 ns
[2022-12-13T06:32:41.481+0000][151028][gc,marking  ] GC(415) Concurrent Cleanup for Next Mark 0.990ms
[2022-12-13T06:32:41.481+0000][151028][gc          ] GC(415) Concurrent Undo Cycle 1.142ms
[2022-12-13T06:32:41.811+0000][151028][gc,start    ] GC(416) Pause Young (Concurrent Start) (G1 Humongous Allocation)
[2022-12-13T06:32:41.811+0000][151028][gc,task     ] GC(416) Using 10 workers of 10 for evacuation
[2022-12-13T06:32:41.811+0000][151028][gc,age      ] GC(416) Desired survivor size 234881024 bytes, new threshold 15 (max threshold 15)
[2022-12-13T06:32:41.824+0000][151028][gc,phases   ] GC(416)   Pre Evacuate Collection Set: 0.8ms
[2022-12-13T06:32:41.824+0000][151028][gc,phases   ] GC(416)   Merge Heap Roots: 0.2ms
[2022-12-13T06:32:41.824+0000][151028][gc,phases   ] GC(416)   Evacuate Collection Set: 3.4ms
[2022-12-13T06:32:41.824+0000][151028][gc,phases   ] GC(416)   Post Evacuate Collection Set: 7.8ms
[2022-12-13T06:32:41.824+0000][151028][gc,phases   ] GC(416)   Other: 0.1ms
[2022-12-13T06:32:41.824+0000][151028][gc,age      ] GC(416) Age table with threshold 15 (max threshold 15)
[2022-12-13T06:32:41.824+0000][151028][gc,age      ] GC(416) - age   1:     981888 bytes,     981888 total
[2022-12-13T06:32:41.824+0000][151028][gc,age      ] GC(416) - age   2:    2882792 bytes,    3864680 total
[2022-12-13T06:32:41.824+0000][151028][gc,age      ] GC(416) - age   3:   14226184 bytes,   18090864 total
[2022-12-13T06:32:41.824+0000][151028][gc,age      ] GC(416) - age   4:     138464 bytes,   18229328 total
[2022-12-13T06:32:41.824+0000][151028][gc,age      ] GC(416) - age   5:    1201952 bytes,   19431280 total
[2022-12-13T06:32:41.824+0000][151028][gc,age      ] GC(416) - age   6:     139456 bytes,   19570736 total
[2022-12-13T06:32:41.824+0000][151028][gc,age      ] GC(416) - age   7:     120504 bytes,   19691240 total
[2022-12-13T06:32:41.824+0000][151028][gc,age      ] GC(416) - age   8:       3448 bytes,   19694688 total
[2022-12-13T06:32:41.824+0000][151028][gc,age      ] GC(416) - age   9:       6808 bytes,   19701496 total
[2022-12-13T06:32:41.824+0000][151028][gc,age      ] GC(416) - age  10:      21232 bytes,   19722728 total
[2022-12-13T06:32:41.824+0000][151028][gc,age      ] GC(416) - age  11:     137616 bytes,   19860344 total
[2022-12-13T06:32:41.824+0000][151028][gc,age      ] GC(416) - age  12:       2648 bytes,   19862992 total
[2022-12-13T06:32:41.824+0000][151028][gc,age      ] GC(416) - age  13:    1068816 bytes,   20931808 total
[2022-12-13T06:32:41.824+0000][151028][gc,age      ] GC(416) - age  14:       8072 bytes,   20939880 total
[2022-12-13T06:32:41.824+0000][151028][gc,age      ] GC(416) - age  15:       7112 bytes,   20946992 total
[2022-12-13T06:32:41.824+0000][151028][gc,heap     ] GC(416) Eden regions: 19->0(1079)
[2022-12-13T06:32:41.824+0000][151028][gc,heap     ] GC(416) Survivor regions: 8->6(112)
[2022-12-13T06:32:41.824+0000][151028][gc,heap     ] GC(416) Old regions: 114->114
[2022-12-13T06:32:41.824+0000][151028][gc,heap     ] GC(416) Archive regions: 2->2
[2022-12-13T06:32:41.824+0000][151028][gc,heap     ] GC(416) Humongous regions: 476->105
[2022-12-13T06:32:41.824+0000][151028][gc,metaspace] GC(416) Metaspace: 176357K(180992K)->176357K(180992K) NonClass: 154728K(157248K)->154728K(157248K) Class: 21629K(23744K)->21629K(23744K)
[2022-12-13T06:32:41.824+0000][151028][gc          ] GC(416) Pause Young (Concurrent Start) (G1 Humongous Allocation) 2467M->900M(7992M) 12.887ms
[2022-12-13T06:32:41.824+0000][151028][gc          ] GC(417) Concurrent Undo Cycle
[2022-12-13T06:32:41.824+0000][151028][gc,cpu      ] GC(416) User=0.09s Sys=0.00s Real=0.01s
[2022-12-13T06:32:41.824+0000][151028][gc,marking  ] GC(417) Concurrent Cleanup for Next Mark
[2022-12-13T06:32:41.825+0000][151028][safepoint   ] Safepoint "G1TryInitiateConcMark", Time since last: 312518000 ns, Reaching safepoint: 18927200 ns, At safepoint: 13254100 ns, Total: 32181300 ns
[2022-12-13T06:32:41.826+0000][151028][gc,marking  ] GC(417) Concurrent Cleanup for Next Mark 1.131ms
[2022-12-13T06:32:41.826+0000][151028][gc          ] GC(417) Concurrent Undo Cycle 1.268ms
[2022-12-13T06:32:42.072+0000][151028][gc,start    ] GC(418) Pause Young (Concurrent Start) (G1 Humongous Allocation)
[2022-12-13T06:32:42.072+0000][151028][gc,task     ] GC(418) Using 10 workers of 10 for evacuation
[2022-12-13T06:32:42.072+0000][151028][gc,age      ] GC(418) Desired survivor size 285212672 bytes, new threshold 15 (max threshold 15)
[2022-12-13T06:32:42.078+0000][151028][gc,phases   ] GC(418)   Pre Evacuate Collection Set: 0.9ms
[2022-12-13T06:32:42.078+0000][151028][gc,phases   ] GC(418)   Merge Heap Roots: 0.2ms
[2022-12-13T06:32:42.078+0000][151028][gc,phases   ] GC(418)   Evacuate Collection Set: 3.1ms
[2022-12-13T06:32:42.078+0000][151028][gc,phases   ] GC(418)   Post Evacuate Collection Set: 2.1ms
[2022-12-13T06:32:42.078+0000][151028][gc,phases   ] GC(418)   Other: 0.1ms
[2022-12-13T06:32:42.079+0000][151028][gc,age      ] GC(418) Age table with threshold 15 (max threshold 15)
[2022-12-13T06:32:42.079+0000][151028][gc,age      ] GC(418) - age   1:     419672 bytes,     419672 total
[2022-12-13T06:32:42.079+0000][151028][gc,age      ] GC(418) - age   2:     344624 bytes,     764296 total
[2022-12-13T06:32:42.079+0000][151028][gc,age      ] GC(418) - age   3:      19080 bytes,     783376 total
[2022-12-13T06:32:42.079+0000][151028][gc,age      ] GC(418) - age   4:      15112 bytes,     798488 total
[2022-12-13T06:32:42.079+0000][151028][gc,age      ] GC(418) - age   5:     138264 bytes,     936752 total
[2022-12-13T06:32:42.079+0000][151028][gc,age      ] GC(418) - age   6:    1201752 bytes,    2138504 total
[2022-12-13T06:32:42.079+0000][151028][gc,age      ] GC(418) - age   7:     139424 bytes,    2277928 total
[2022-12-13T06:32:42.079+0000][151028][gc,age      ] GC(418) - age   8:     120504 bytes,    2398432 total
[2022-12-13T06:32:42.079+0000][151028][gc,age      ] GC(418) - age   9:       3448 bytes,    2401880 total
[2022-12-13T06:32:42.079+0000][151028][gc,age      ] GC(418) - age  10:       6808 bytes,    2408688 total
[2022-12-13T06:32:42.079+0000][151028][gc,age      ] GC(418) - age  11:      20720 bytes,    2429408 total
[2022-12-13T06:32:42.079+0000][151028][gc,age      ] GC(418) - age  12:     136576 bytes,    2565984 total
[2022-12-13T06:32:42.079+0000][151028][gc,age      ] GC(418) - age  13:       2296 bytes,    2568280 total
[2022-12-13T06:32:42.079+0000][151028][gc,age      ] GC(418) - age  14:    1068736 bytes,    3637016 total
[2022-12-13T06:32:42.079+0000][151028][gc,age      ] GC(418) - age  15:       7632 bytes,    3644648 total
[2022-12-13T06:32:42.079+0000][151028][gc,heap     ] GC(418) Eden regions: 9->0(1181)
[2022-12-13T06:32:42.079+0000][151028][gc,heap     ] GC(418) Survivor regions: 6->2(136)
[2022-12-13T06:32:42.079+0000][151028][gc,heap     ] GC(418) Old regions: 114->114
[2022-12-13T06:32:42.079+0000][151028][gc,heap     ] GC(418) Archive regions: 2->2
[2022-12-13T06:32:42.079+0000][151028][gc,heap     ] GC(418) Humongous regions: 468->39
[2022-12-13T06:32:42.079+0000][151028][gc,metaspace] GC(418) Metaspace: 176357K(180992K)->176357K(180992K) NonClass: 154728K(157248K)->154728K(157248K) Class: 21629K(23744K)->21629K(23744K)
[2022-12-13T06:32:42.079+0000][151028][gc          ] GC(418) Pause Young (Concurrent Start) (G1 Humongous Allocation) 2384M->619M(7992M) 6.912ms
[2022-12-13T06:32:42.079+0000][151028][gc          ] GC(419) Concurrent Undo Cycle
[2022-12-13T06:32:42.079+0000][151028][gc,cpu      ] GC(418) User=0.03s Sys=0.00s Real=0.01s
[2022-12-13T06:32:42.079+0000][151028][gc,marking  ] GC(419) Concurrent Cleanup for Next Mark
[2022-12-13T06:32:42.079+0000][151028][safepoint   ] Safepoint "G1TryInitiateConcMark", Time since last: 230674600 ns, Reaching safepoint: 16552100 ns, At safepoint: 7229600 ns, Total: 23781700 ns
[2022-12-13T06:32:42.080+0000][151028][gc,marking  ] GC(419) Concurrent Cleanup for Next Mark 1.394ms
[2022-12-13T06:32:42.080+0000][151028][gc          ] GC(419) Concurrent Undo Cycle 1.538ms
[2022-12-13T06:32:42.389+0000][151028][gc,start    ] GC(420) Pause Young (Concurrent Start) (G1 Humongous Allocation)
[2022-12-13T06:32:42.389+0000][151028][gc,task     ] GC(420) Using 10 workers of 10 for evacuation
[2022-12-13T06:32:42.389+0000][151028][gc,age      ] GC(420) Desired survivor size 310378496 bytes, new threshold 15 (max threshold 15)
[2022-12-13T06:32:42.395+0000][151028][gc,phases   ] GC(420)   Pre Evacuate Collection Set: 0.8ms
[2022-12-13T06:32:42.395+0000][151028][gc,phases   ] GC(420)   Merge Heap Roots: 0.3ms
[2022-12-13T06:32:42.395+0000][151028][gc,phases   ] GC(420)   Evacuate Collection Set: 3.1ms
[2022-12-13T06:32:42.395+0000][151028][gc,phases   ] GC(420)   Post Evacuate Collection Set: 2.0ms
[2022-12-13T06:32:42.395+0000][151028][gc,phases   ] GC(420)   Other: 0.2ms
[2022-12-13T06:32:42.395+0000][151028][gc,age      ] GC(420) Age table with threshold 15 (max threshold 15)
[2022-12-13T06:32:42.395+0000][151028][gc,age      ] GC(420) - age   1:     591640 bytes,     591640 total
[2022-12-13T06:32:42.395+0000][151028][gc,age      ] GC(420) - age   2:      27768 bytes,     619408 total
[2022-12-13T06:32:42.395+0000][151028][gc,age      ] GC(420) - age   3:     253160 bytes,     872568 total
[2022-12-13T06:32:42.395+0000][151028][gc,age      ] GC(420) - age   4:      18304 bytes,     890872 total
[2022-12-13T06:32:42.395+0000][151028][gc,age      ] GC(420) - age   5:      11072 bytes,     901944 total
[2022-12-13T06:32:42.395+0000][151028][gc,age      ] GC(420) - age   6:     137680 bytes,    1039624 total
[2022-12-13T06:32:42.395+0000][151028][gc,age      ] GC(420) - age   7:    1201392 bytes,    2241016 total
[2022-12-13T06:32:42.395+0000][151028][gc,age      ] GC(420) - age   8:     139424 bytes,    2380440 total
[2022-12-13T06:32:42.395+0000][151028][gc,age      ] GC(420) - age   9:     120504 bytes,    2500944 total
[2022-12-13T06:32:42.395+0000][151028][gc,age      ] GC(420) - age  10:       3448 bytes,    2504392 total
[2022-12-13T06:32:42.395+0000][151028][gc,age      ] GC(420) - age  11:       6256 bytes,    2510648 total
[2022-12-13T06:32:42.395+0000][151028][gc,age      ] GC(420) - age  12:      20240 bytes,    2530888 total
[2022-12-13T06:32:42.395+0000][151028][gc,age      ] GC(420) - age  13:     135416 bytes,    2666304 total
[2022-12-13T06:32:42.395+0000][151028][gc,age      ] GC(420) - age  14:       2256 bytes,    2668560 total
[2022-12-13T06:32:42.395+0000][151028][gc,age      ] GC(420) - age  15:    1068336 bytes,    3736896 total
[2022-12-13T06:32:42.395+0000][151028][gc,heap     ] GC(420) Eden regions: 9->0(1157)
[2022-12-13T06:32:42.395+0000][151028][gc,heap     ] GC(420) Survivor regions: 2->2(148)
[2022-12-13T06:32:42.395+0000][151028][gc,heap     ] GC(420) Old regions: 114->114
[2022-12-13T06:32:42.395+0000][151028][gc,heap     ] GC(420) Archive regions: 2->2
[2022-12-13T06:32:42.395+0000][151028][gc,heap     ] GC(420) Humongous regions: 501->138
[2022-12-13T06:32:42.395+0000][151028][gc,metaspace] GC(420) Metaspace: 176357K(180992K)->176357K(180992K) NonClass: 154728K(157248K)->154728K(157248K) Class: 21629K(23744K)->21629K(23744K)
[2022-12-13T06:32:42.395+0000][151028][gc          ] GC(420) Pause Young (Concurrent Start) (G1 Humongous Allocation) 2501M->1014M(7992M) 6.763ms
[2022-12-13T06:32:42.395+0000][151028][gc          ] GC(421) Concurrent Undo Cycle
[2022-12-13T06:32:42.395+0000][151028][gc,cpu      ] GC(420) User=0.03s Sys=0.00s Real=0.01s
[2022-12-13T06:32:42.395+0000][151028][gc,marking  ] GC(421) Concurrent Cleanup for Next Mark
[2022-12-13T06:32:42.396+0000][151028][safepoint   ] Safepoint "G1TryInitiateConcMark", Time since last: 242697700 ns, Reaching safepoint: 66789500 ns, At safepoint: 7132100 ns, Total: 73921600 ns
[2022-12-13T06:32:42.397+0000][151028][gc,marking  ] GC(421) Concurrent Cleanup for Next Mark 1.012ms
[2022-12-13T06:32:42.397+0000][151028][gc          ] GC(421) Concurrent Undo Cycle 1.136ms
[2022-12-13T06:32:42.634+0000][151028][gc,start    ] GC(422) Pause Young (Concurrent Start) (G1 Humongous Allocation)
[2022-12-13T06:32:42.634+0000][151028][gc,task     ] GC(422) Using 10 workers of 10 for evacuation
[2022-12-13T06:32:42.634+0000][151028][gc,age      ] GC(422) Desired survivor size 304087040 bytes, new threshold 15 (max threshold 15)
[2022-12-13T06:32:42.640+0000][151028][gc,phases   ] GC(422)   Pre Evacuate Collection Set: 0.8ms
[2022-12-13T06:32:42.640+0000][151028][gc,phases   ] GC(422)   Merge Heap Roots: 0.2ms
[2022-12-13T06:32:42.640+0000][151028][gc,phases   ] GC(422)   Evacuate Collection Set: 3.1ms
[2022-12-13T06:32:42.641+0000][151028][gc,phases   ] GC(422)   Post Evacuate Collection Set: 1.9ms
[2022-12-13T06:32:42.641+0000][151028][gc,phases   ] GC(422)   Other: 0.2ms
[2022-12-13T06:32:42.641+0000][151028][gc,age      ] GC(422) Age table with threshold 15 (max threshold 15)
[2022-12-13T06:32:42.641+0000][151028][gc,age      ] GC(422) - age   1:     699720 bytes,     699720 total
[2022-12-13T06:32:42.641+0000][151028][gc,age      ] GC(422) - age   2:      50840 bytes,     750560 total
[2022-12-13T06:32:42.641+0000][151028][gc,age      ] GC(422) - age   3:      26960 bytes,     777520 total
[2022-12-13T06:32:42.641+0000][151028][gc,age      ] GC(422) - age   4:     252728 bytes,    1030248 total
[2022-12-13T06:32:42.641+0000][151028][gc,age      ] GC(422) - age   5:       8560 bytes,    1038808 total
[2022-12-13T06:32:42.641+0000][151028][gc,age      ] GC(422) - age   6:      10752 bytes,    1049560 total
[2022-12-13T06:32:42.641+0000][151028][gc,age      ] GC(422) - age   7:     137520 bytes,    1187080 total
[2022-12-13T06:32:42.641+0000][151028][gc,age      ] GC(422) - age   8:    1201192 bytes,    2388272 total
[2022-12-13T06:32:42.641+0000][151028][gc,age      ] GC(422) - age   9:     139424 bytes,    2527696 total
[2022-12-13T06:32:42.641+0000][151028][gc,age      ] GC(422) - age  10:     120504 bytes,    2648200 total
[2022-12-13T06:32:42.641+0000][151028][gc,age      ] GC(422) - age  11:       3168 bytes,    2651368 total
[2022-12-13T06:32:42.641+0000][151028][gc,age      ] GC(422) - age  12:       5976 bytes,    2657344 total
[2022-12-13T06:32:42.641+0000][151028][gc,age      ] GC(422) - age  13:      19880 bytes,    2677224 total
[2022-12-13T06:32:42.641+0000][151028][gc,age      ] GC(422) - age  14:     134696 bytes,    2811920 total
[2022-12-13T06:32:42.641+0000][151028][gc,age      ] GC(422) - age  15:       2056 bytes,    2813976 total
[2022-12-13T06:32:42.641+0000][151028][gc,heap     ] GC(422) Eden regions: 9->0(1197)
[2022-12-13T06:32:42.641+0000][151028][gc,heap     ] GC(422) Survivor regions: 2->1(145)
[2022-12-13T06:32:42.641+0000][151028][gc,heap     ] GC(422) Old regions: 114->114
[2022-12-13T06:32:42.641+0000][151028][gc,heap     ] GC(422) Archive regions: 2->2
[2022-12-13T06:32:42.641+0000][151028][gc,heap     ] GC(422) Humongous regions: 468->138
[2022-12-13T06:32:42.641+0000][151028][gc,metaspace] GC(422) Metaspace: 176357K(180992K)->176357K(180992K) NonClass: 154728K(157248K)->154728K(157248K) Class: 21629K(23744K)->21629K(23744K)
[2022-12-13T06:32:42.641+0000][151028][gc          ] GC(422) Pause Young (Concurrent Start) (G1 Humongous Allocation) 2370M->1013M(7992M) 6.677ms
[2022-12-13T06:32:42.641+0000][151028][gc          ] GC(423) Concurrent Undo Cycle
[2022-12-13T06:32:42.641+0000][151028][gc,cpu      ] GC(422) User=0.04s Sys=0.00s Real=0.01s
[2022-12-13T06:32:42.641+0000][151028][gc,marking  ] GC(423) Concurrent Cleanup for Next Mark
[2022-12-13T06:32:42.641+0000][151028][safepoint   ] Safepoint "G1TryInitiateConcMark", Time since last: 194045900 ns, Reaching safepoint: 44397100 ns, At safepoint: 7110600 ns, Total: 51507700 ns
[2022-12-13T06:32:42.642+0000][151028][gc,marking  ] GC(423) Concurrent Cleanup for Next Mark 1.192ms
[2022-12-13T06:32:42.642+0000][151028][gc          ] GC(423) Concurrent Undo Cycle 1.347ms
[2022-12-13T06:32:42.886+0000][151028][gc,start    ] GC(424) Pause Young (Concurrent Start) (G1 Humongous Allocation)
[2022-12-13T06:32:42.886+0000][151028][gc,task     ] GC(424) Using 10 workers of 10 for evacuation
[2022-12-13T06:32:42.887+0000][151028][gc,age      ] GC(424) Desired survivor size 314572800 bytes, new threshold 15 (max threshold 15)
[2022-12-13T06:32:42.892+0000][151028][gc,phases   ] GC(424)   Pre Evacuate Collection Set: 0.8ms
[2022-12-13T06:32:42.892+0000][151028][gc,phases   ] GC(424)   Merge Heap Roots: 0.2ms
[2022-12-13T06:32:42.893+0000][151028][gc,phases   ] GC(424)   Evacuate Collection Set: 2.7ms
[2022-12-13T06:32:42.893+0000][151028][gc,phases   ] GC(424)   Post Evacuate Collection Set: 2.1ms
[2022-12-13T06:32:42.893+0000][151028][gc,phases   ] GC(424)   Other: 0.2ms
[2022-12-13T06:32:42.893+0000][151028][gc,age      ] GC(424) Age table with threshold 15 (max threshold 15)
[2022-12-13T06:32:42.893+0000][151028][gc,age      ] GC(424) - age   1:     720576 bytes,     720576 total
[2022-12-13T06:32:42.893+0000][151028][gc,age      ] GC(424) - age   2:      15344 bytes,     735920 total
[2022-12-13T06:32:42.893+0000][151028][gc,age      ] GC(424) - age   3:      10672 bytes,     746592 total
[2022-12-13T06:32:42.893+0000][151028][gc,age      ] GC(424) - age   4:      26720 bytes,     773312 total
[2022-12-13T06:32:42.893+0000][151028][gc,age      ] GC(424) - age   5:     252232 bytes,    1025544 total
[2022-12-13T06:32:42.893+0000][151028][gc,age      ] GC(424) - age   6:       8480 bytes,    1034024 total
[2022-12-13T06:32:42.893+0000][151028][gc,age      ] GC(424) - age   7:      10472 bytes,    1044496 total
[2022-12-13T06:32:42.893+0000][151028][gc,age      ] GC(424) - age   8:     137520 bytes,    1182016 total
[2022-12-13T06:32:42.893+0000][151028][gc,age      ] GC(424) - age   9:    1200792 bytes,    2382808 total
[2022-12-13T06:32:42.893+0000][151028][gc,age      ] GC(424) - age  10:     139424 bytes,    2522232 total
[2022-12-13T06:32:42.893+0000][151028][gc,age      ] GC(424) - age  11:     120104 bytes,    2642336 total
[2022-12-13T06:32:42.893+0000][151028][gc,age      ] GC(424) - age  12:       2848 bytes,    2645184 total
[2022-12-13T06:32:42.893+0000][151028][gc,age      ] GC(424) - age  13:       5976 bytes,    2651160 total
[2022-12-13T06:32:42.893+0000][151028][gc,age      ] GC(424) - age  14:      19200 bytes,    2670360 total
[2022-12-13T06:32:42.893+0000][151028][gc,age      ] GC(424) - age  15:     134536 bytes,    2804896 total
[2022-12-13T06:32:42.893+0000][151028][gc,heap     ] GC(424) Eden regions: 8->0(1197)
[2022-12-13T06:32:42.893+0000][151028][gc,heap     ] GC(424) Survivor regions: 1->1(150)
[2022-12-13T06:32:42.893+0000][151028][gc,heap     ] GC(424) Old regions: 114->114
[2022-12-13T06:32:42.893+0000][151028][gc,heap     ] GC(424) Archive regions: 2->2
[2022-12-13T06:32:42.893+0000][151028][gc,heap     ] GC(424) Humongous regions: 468->138
[2022-12-13T06:32:42.893+0000][151028][gc,metaspace] GC(424) Metaspace: 176357K(180992K)->176357K(180992K) NonClass: 154728K(157248K)->154728K(157248K) Class: 21629K(23744K)->21629K(23744K)
[2022-12-13T06:32:42.893+0000][151028][gc          ] GC(424) Pause Young (Concurrent Start) (G1 Humongous Allocation) 2363M->1013M(7992M) 6.452ms
[2022-12-13T06:32:42.893+0000][151028][gc          ] GC(425) Concurrent Undo Cycle
[2022-12-13T06:32:42.893+0000][151028][gc,cpu      ] GC(424) User=0.03s Sys=0.00s Real=0.01s
[2022-12-13T06:32:42.893+0000][151028][gc,marking  ] GC(425) Concurrent Cleanup for Next Mark
[2022-12-13T06:32:42.893+0000][151028][safepoint   ] Safepoint "G1TryInitiateConcMark", Time since last: 212936400 ns, Reaching safepoint: 32184900 ns, At safepoint: 6778400 ns, Total: 38963300 ns
[2022-12-13T06:32:42.894+0000][151028][gc,marking  ] GC(425) Concurrent Cleanup for Next Mark 1.074ms
[2022-12-13T06:32:42.894+0000][151028][gc          ] GC(425) Concurrent Undo Cycle 1.241ms
[2022-12-13T06:32:43.139+0000][151028][gc,start    ] GC(426) Pause Young (Concurrent Start) (G1 Humongous Allocation)
[2022-12-13T06:32:43.139+0000][151028][gc,task     ] GC(426) Using 10 workers of 10 for evacuation
[2022-12-13T06:32:43.139+0000][151028][gc,age      ] GC(426) Desired survivor size 314572800 bytes, new threshold 15 (max threshold 15)
[2022-12-13T06:32:43.145+0000][151028][gc,phases   ] GC(426)   Pre Evacuate Collection Set: 0.8ms
[2022-12-13T06:32:43.145+0000][151028][gc,phases   ] GC(426)   Merge Heap Roots: 0.2ms
[2022-12-13T06:32:43.145+0000][151028][gc,phases   ] GC(426)   Evacuate Collection Set: 3.0ms
[2022-12-13T06:32:43.145+0000][151028][gc,phases   ] GC(426)   Post Evacuate Collection Set: 1.8ms
[2022-12-13T06:32:43.145+0000][151028][gc,phases   ] GC(426)   Other: 0.2ms
[2022-12-13T06:32:43.145+0000][151028][gc,age      ] GC(426) Age table with threshold 15 (max threshold 15)
[2022-12-13T06:32:43.145+0000][151028][gc,age      ] GC(426) - age   1:     751656 bytes,     751656 total
[2022-12-13T06:32:43.145+0000][151028][gc,age      ] GC(426) - age   2:     193944 bytes,     945600 total
[2022-12-13T06:32:43.145+0000][151028][gc,age      ] GC(426) - age   3:      14736 bytes,     960336 total
[2022-12-13T06:32:43.145+0000][151028][gc,age      ] GC(426) - age   4:      10152 bytes,     970488 total
[2022-12-13T06:32:43.145+0000][151028][gc,age      ] GC(426) - age   5:       6232 bytes,     976720 total
[2022-12-13T06:32:43.145+0000][151028][gc,age      ] GC(426) - age   6:     252200 bytes,    1228920 total
[2022-12-13T06:32:43.145+0000][151028][gc,age      ] GC(426) - age   7:       8288 bytes,    1237208 total
[2022-12-13T06:32:43.145+0000][151028][gc,age      ] GC(426) - age   8:      10440 bytes,    1247648 total
[2022-12-13T06:32:43.145+0000][151028][gc,age      ] GC(426) - age   9:     137520 bytes,    1385168 total
[2022-12-13T06:32:43.145+0000][151028][gc,age      ] GC(426) - age  10:    1200352 bytes,    2585520 total
[2022-12-13T06:32:43.145+0000][151028][gc,age      ] GC(426) - age  11:     139104 bytes,    2724624 total
[2022-12-13T06:32:43.145+0000][151028][gc,age      ] GC(426) - age  12:     119792 bytes,    2844416 total
[2022-12-13T06:32:43.145+0000][151028][gc,age      ] GC(426) - age  13:       2848 bytes,    2847264 total
[2022-12-13T06:32:43.145+0000][151028][gc,age      ] GC(426) - age  14:       5976 bytes,    2853240 total
[2022-12-13T06:32:43.145+0000][151028][gc,age      ] GC(426) - age  15:      18680 bytes,    2871920 total
[2022-12-13T06:32:43.145+0000][151028][gc,heap     ] GC(426) Eden regions: 8->0(1197)
[2022-12-13T06:32:43.145+0000][151028][gc,heap     ] GC(426) Survivor regions: 1->1(150)
[2022-12-13T06:32:43.145+0000][151028][gc,heap     ] GC(426) Old regions: 114->114
[2022-12-13T06:32:43.145+0000][151028][gc,heap     ] GC(426) Archive regions: 2->2
[2022-12-13T06:32:43.145+0000][151028][gc,heap     ] GC(426) Humongous regions: 468->138
[2022-12-13T06:32:43.145+0000][151028][gc,metaspace] GC(426) Metaspace: 176357K(180992K)->176357K(180992K) NonClass: 154728K(157248K)->154728K(157248K) Class: 21629K(23744K)->21629K(23744K)
[2022-12-13T06:32:43.145+0000][151028][gc          ] GC(426) Pause Young (Concurrent Start) (G1 Humongous Allocation) 2363M->1013M(7992M) 6.452ms
[2022-12-13T06:32:43.145+0000][151028][gc          ] GC(427) Concurrent Undo Cycle
[2022-12-13T06:32:43.145+0000][151028][gc,cpu      ] GC(426) User=0.03s Sys=0.00s Real=0.00s
[2022-12-13T06:32:43.146+0000][151028][gc,marking  ] GC(427) Concurrent Cleanup for Next Mark
[2022-12-13T06:32:43.146+0000][151028][safepoint   ] Safepoint "G1TryInitiateConcMark", Time since last: 184077500 ns, Reaching safepoint: 61687200 ns, At safepoint: 6810700 ns, Total: 68497900 ns
[2022-12-13T06:32:43.147+0000][151028][gc,marking  ] GC(427) Concurrent Cleanup for Next Mark 0.982ms
[2022-12-13T06:32:43.147+0000][151028][gc          ] GC(427) Concurrent Undo Cycle 1.097ms
[2022-12-13T06:32:43.393+0000][151028][gc,start    ] GC(428) Pause Young (Concurrent Start) (G1 Humongous Allocation)
[2022-12-13T06:32:43.393+0000][151028][gc,task     ] GC(428) Using 10 workers of 10 for evacuation
[2022-12-13T06:32:43.393+0000][151028][gc,age      ] GC(428) Desired survivor size 314572800 bytes, new threshold 15 (max threshold 15)
[2022-12-13T06:32:43.399+0000][151028][gc,phases   ] GC(428)   Pre Evacuate Collection Set: 0.9ms
[2022-12-13T06:32:43.399+0000][151028][gc,phases   ] GC(428)   Merge Heap Roots: 0.3ms
[2022-12-13T06:32:43.399+0000][151028][gc,phases   ] GC(428)   Evacuate Collection Set: 2.7ms
[2022-12-13T06:32:43.399+0000][151028][gc,phases   ] GC(428)   Post Evacuate Collection Set: 2.0ms
[2022-12-13T06:32:43.400+0000][151028][gc,phases   ] GC(428)   Other: 0.2ms
[2022-12-13T06:32:43.400+0000][151028][gc,age      ] GC(428) Age table with threshold 15 (max threshold 15)
[2022-12-13T06:32:43.400+0000][151028][gc,age      ] GC(428) - age   1:     874200 bytes,     874200 total
[2022-12-13T06:32:43.400+0000][151028][gc,age      ] GC(428) - age   2:     284720 bytes,    1158920 total
[2022-12-13T06:32:43.400+0000][151028][gc,age      ] GC(428) - age   3:       4856 bytes,    1163776 total
[2022-12-13T06:32:43.400+0000][151028][gc,age      ] GC(428) - age   4:      14336 bytes,    1178112 total
[2022-12-13T06:32:43.400+0000][151028][gc,age      ] GC(428) - age   5:       5328 bytes,    1183440 total
[2022-12-13T06:32:43.400+0000][151028][gc,age      ] GC(428) - age   6:       6200 bytes,    1189640 total
[2022-12-13T06:32:43.400+0000][151028][gc,age      ] GC(428) - age   7:     252080 bytes,    1441720 total
[2022-12-13T06:32:43.400+0000][151028][gc,age      ] GC(428) - age   8:       8168 bytes,    1449888 total
[2022-12-13T06:32:43.400+0000][151028][gc,age      ] GC(428) - age   9:      10440 bytes,    1460328 total
[2022-12-13T06:32:43.400+0000][151028][gc,age      ] GC(428) - age  10:     137520 bytes,    1597848 total
[2022-12-13T06:32:43.400+0000][151028][gc,age      ] GC(428) - age  11:    1068744 bytes,    2666592 total
[2022-12-13T06:32:43.400+0000][151028][gc,age      ] GC(428) - age  12:     138712 bytes,    2805304 total
[2022-12-13T06:32:43.400+0000][151028][gc,age      ] GC(428) - age  13:     119792 bytes,    2925096 total
[2022-12-13T06:32:43.400+0000][151028][gc,age      ] GC(428) - age  14:       2848 bytes,    2927944 total
[2022-12-13T06:32:43.400+0000][151028][gc,age      ] GC(428) - age  15:       5536 bytes,    2933480 total
[2022-12-13T06:32:43.400+0000][151028][gc,heap     ] GC(428) Eden regions: 9->0(1197)
[2022-12-13T06:32:43.400+0000][151028][gc,heap     ] GC(428) Survivor regions: 1->1(150)
[2022-12-13T06:32:43.400+0000][151028][gc,heap     ] GC(428) Old regions: 114->114
[2022-12-13T06:32:43.400+0000][151028][gc,heap     ] GC(428) Archive regions: 2->2
[2022-12-13T06:32:43.400+0000][151028][gc,heap     ] GC(428) Humongous regions: 468->138
[2022-12-13T06:32:43.400+0000][151028][gc,metaspace] GC(428) Metaspace: 176364K(180992K)->176364K(180992K) NonClass: 154734K(157248K)->154734K(157248K) Class: 21629K(23744K)->21629K(23744K)
[2022-12-13T06:32:43.400+0000][151028][gc          ] GC(428) Pause Young (Concurrent Start) (G1 Humongous Allocation) 2367M->1013M(7992M) 6.594ms
[2022-12-13T06:32:43.400+0000][151028][gc,cpu      ] GC(428) User=0.02s Sys=0.00s Real=0.01s
[2022-12-13T06:32:43.400+0000][151028][gc          ] GC(429) Concurrent Undo Cycle
[2022-12-13T06:32:43.400+0000][151028][gc,marking  ] GC(429) Concurrent Cleanup for Next Mark
[2022-12-13T06:32:43.400+0000][151028][safepoint   ] Safepoint "G1TryInitiateConcMark", Time since last: 204384100 ns, Reaching safepoint: 43099200 ns, At safepoint: 6902500 ns, Total: 50001700 ns
[2022-12-13T06:32:43.401+0000][151028][gc,marking  ] GC(429) Concurrent Cleanup for Next Mark 0.949ms
[2022-12-13T06:32:43.401+0000][151028][gc          ] GC(429) Concurrent Undo Cycle 1.188ms
[2022-12-13T06:32:43.645+0000][151028][gc,start    ] GC(430) Pause Young (Concurrent Start) (G1 Humongous Allocation)
[2022-12-13T06:32:43.645+0000][151028][gc,task     ] GC(430) Using 10 workers of 10 for evacuation
[2022-12-13T06:32:43.645+0000][151028][gc,age      ] GC(430) Desired survivor size 314572800 bytes, new threshold 15 (max threshold 15)
[2022-12-13T06:32:43.653+0000][151028][gc,phases   ] GC(430)   Pre Evacuate Collection Set: 1.5ms
[2022-12-13T06:32:43.653+0000][151028][gc,phases   ] GC(430)   Merge Heap Roots: 0.3ms
[2022-12-13T06:32:43.653+0000][151028][gc,phases   ] GC(430)   Evacuate Collection Set: 3.9ms
[2022-12-13T06:32:43.653+0000][151028][gc,phases   ] GC(430)   Post Evacuate Collection Set: 2.2ms
[2022-12-13T06:32:43.653+0000][151028][gc,phases   ] GC(430)   Other: 0.3ms
[2022-12-13T06:32:43.653+0000][151028][gc,age      ] GC(430) Age table with threshold 15 (max threshold 15)
[2022-12-13T06:32:43.653+0000][151028][gc,age      ] GC(430) - age   1:     681216 bytes,     681216 total
[2022-12-13T06:32:43.653+0000][151028][gc,age      ] GC(430) - age   2:     483320 bytes,    1164536 total
[2022-12-13T06:32:43.653+0000][151028][gc,age      ] GC(430) - age   3:      24432 bytes,    1188968 total
[2022-12-13T06:32:43.653+0000][151028][gc,age      ] GC(430) - age   4:       4424 bytes,    1193392 total
[2022-12-13T06:32:43.653+0000][151028][gc,age      ] GC(430) - age   5:       4152 bytes,    1197544 total
[2022-12-13T06:32:43.653+0000][151028][gc,age      ] GC(430) - age   6:       5248 bytes,    1202792 total
[2022-12-13T06:32:43.653+0000][151028][gc,age      ] GC(430) - age   7:       6200 bytes,    1208992 total
[2022-12-13T06:32:43.653+0000][151028][gc,age      ] GC(430) - age   8:     251880 bytes,    1460872 total
[2022-12-13T06:32:43.653+0000][151028][gc,age      ] GC(430) - age   9:       8168 bytes,    1469040 total
[2022-12-13T06:32:43.653+0000][151028][gc,age      ] GC(430) - age  10:      10440 bytes,    1479480 total
[2022-12-13T06:32:43.653+0000][151028][gc,age      ] GC(430) - age  11:     137520 bytes,    1617000 total
[2022-12-13T06:32:43.653+0000][151028][gc,age      ] GC(430) - age  12:    1068304 bytes,    2685304 total
[2022-12-13T06:32:43.653+0000][151028][gc,age      ] GC(430) - age  13:     138712 bytes,    2824016 total
[2022-12-13T06:32:43.653+0000][151028][gc,age      ] GC(430) - age  14:     119792 bytes,    2943808 total
[2022-12-13T06:32:43.653+0000][151028][gc,age      ] GC(430) - age  15:       2848 bytes,    2946656 total
[2022-12-13T06:32:43.653+0000][151028][gc,heap     ] GC(430) Eden regions: 8->0(1197)
[2022-12-13T06:32:43.653+0000][151028][gc,heap     ] GC(430) Survivor regions: 1->1(150)
[2022-12-13T06:32:43.653+0000][151028][gc,heap     ] GC(430) Old regions: 114->114
[2022-12-13T06:32:43.653+0000][151028][gc,heap     ] GC(430) Archive regions: 2->2
[2022-12-13T06:32:43.653+0000][151028][gc,heap     ] GC(430) Humongous regions: 468->138
[2022-12-13T06:32:43.653+0000][151028][gc,metaspace] GC(430) Metaspace: 176364K(180992K)->176364K(180992K) NonClass: 154735K(157248K)->154735K(157248K) Class: 21629K(23744K)->21629K(23744K)
[2022-12-13T06:32:43.653+0000][151028][gc          ] GC(430) Pause Young (Concurrent Start) (G1 Humongous Allocation) 2365M->1013M(7992M) 8.687ms
[2022-12-13T06:32:43.653+0000][151028][gc,cpu      ] GC(430) User=0.04s Sys=0.00s Real=0.01s
[2022-12-13T06:32:43.653+0000][151028][gc          ] GC(431) Concurrent Undo Cycle
[2022-12-13T06:32:43.653+0000][151028][gc,marking  ] GC(431) Concurrent Cleanup for Next Mark
[2022-12-13T06:32:43.654+0000][151028][safepoint   ] Safepoint "G1TryInitiateConcMark", Time since last: 186699000 ns, Reaching safepoint: 57678000 ns, At safepoint: 9154900 ns, Total: 66832900 ns
[2022-12-13T06:32:43.655+0000][151028][gc,marking  ] GC(431) Concurrent Cleanup for Next Mark 1.853ms
[2022-12-13T06:32:43.655+0000][151028][gc          ] GC(431) Concurrent Undo Cycle 2.082ms
[2022-12-13T06:32:43.898+0000][151028][gc,start    ] GC(432) Pause Young (Concurrent Start) (G1 Humongous Allocation)
[2022-12-13T06:32:43.898+0000][151028][gc,task     ] GC(432) Using 10 workers of 10 for evacuation
[2022-12-13T06:32:43.898+0000][151028][gc,age      ] GC(432) Desired survivor size 314572800 bytes, new threshold 15 (max threshold 15)
[2022-12-13T06:32:43.904+0000][151028][gc,phases   ] GC(432)   Pre Evacuate Collection Set: 0.8ms
[2022-12-13T06:32:43.904+0000][151028][gc,phases   ] GC(432)   Merge Heap Roots: 0.2ms
[2022-12-13T06:32:43.904+0000][151028][gc,phases   ] GC(432)   Evacuate Collection Set: 2.9ms
[2022-12-13T06:32:43.904+0000][151028][gc,phases   ] GC(432)   Post Evacuate Collection Set: 1.8ms
[2022-12-13T06:32:43.904+0000][151028][gc,phases   ] GC(432)   Other: 0.1ms
[2022-12-13T06:32:43.904+0000][151028][gc,age      ] GC(432) Age table with threshold 15 (max threshold 15)
[2022-12-13T06:32:43.904+0000][151028][gc,age      ] GC(432) - age   1:    1187504 bytes,    1187504 total
[2022-12-13T06:32:43.904+0000][151028][gc,age      ] GC(432) - age   2:     143840 bytes,    1331344 total
[2022-12-13T06:32:43.904+0000][151028][gc,age      ] GC(432) - age   3:       8944 bytes,    1340288 total
[2022-12-13T06:32:43.904+0000][151028][gc,age      ] GC(432) - age   4:      23808 bytes,    1364096 total
[2022-12-13T06:32:43.904+0000][151028][gc,age      ] GC(432) - age   5:       3720 bytes,    1367816 total
[2022-12-13T06:32:43.904+0000][151028][gc,age      ] GC(432) - age   6:       3992 bytes,    1371808 total
[2022-12-13T06:32:43.904+0000][151028][gc,age      ] GC(432) - age   7:       5016 bytes,    1376824 total
[2022-12-13T06:32:43.904+0000][151028][gc,age      ] GC(432) - age   8:       6000 bytes,    1382824 total
[2022-12-13T06:32:43.904+0000][151028][gc,age      ] GC(432) - age   9:     251568 bytes,    1634392 total
[2022-12-13T06:32:43.904+0000][151028][gc,age      ] GC(432) - age  10:       8088 bytes,    1642480 total
[2022-12-13T06:32:43.904+0000][151028][gc,age      ] GC(432) - age  11:      10440 bytes,    1652920 total
[2022-12-13T06:32:43.904+0000][151028][gc,age      ] GC(432) - age  12:     136840 bytes,    1789760 total
[2022-12-13T06:32:43.904+0000][151028][gc,age      ] GC(432) - age  13:    1067264 bytes,    2857024 total
[2022-12-13T06:32:43.904+0000][151028][gc,age      ] GC(432) - age  14:     138712 bytes,    2995736 total
[2022-12-13T06:32:43.904+0000][151028][gc,age      ] GC(432) - age  15:     119792 bytes,    3115528 total
[2022-12-13T06:32:43.904+0000][151028][gc,heap     ] GC(432) Eden regions: 11->0(1197)
[2022-12-13T06:32:43.904+0000][151028][gc,heap     ] GC(432) Survivor regions: 1->1(150)
[2022-12-13T06:32:43.904+0000][151028][gc,heap     ] GC(432) Old regions: 114->114
[2022-12-13T06:32:43.904+0000][151028][gc,heap     ] GC(432) Archive regions: 2->2
[2022-12-13T06:32:43.904+0000][151028][gc,heap     ] GC(432) Humongous regions: 468->138
[2022-12-13T06:32:43.904+0000][151028][gc,metaspace] GC(432) Metaspace: 176365K(180992K)->176365K(180992K) NonClass: 154736K(157248K)->154736K(157248K) Class: 21629K(23744K)->21629K(23744K)
[2022-12-13T06:32:43.904+0000][151028][gc          ] GC(432) Pause Young (Concurrent Start) (G1 Humongous Allocation) 2376M->1014M(7992M) 6.318ms
[2022-12-13T06:32:43.904+0000][151028][gc          ] GC(433) Concurrent Undo Cycle
[2022-12-13T06:32:43.904+0000][151028][gc,cpu      ] GC(432) User=0.02s Sys=0.01s Real=0.01s
[2022-12-13T06:32:43.904+0000][151028][gc,marking  ] GC(433) Concurrent Cleanup for Next Mark
[2022-12-13T06:32:43.904+0000][151028][safepoint   ] Safepoint "G1TryInitiateConcMark", Time since last: 228607400 ns, Reaching safepoint: 15363300 ns, At safepoint: 6602200 ns, Total: 21965500 ns
[2022-12-13T06:32:43.905+0000][151028][gc,marking  ] GC(433) Concurrent Cleanup for Next Mark 0.897ms
[2022-12-13T06:32:43.905+0000][151028][gc          ] GC(433) Concurrent Undo Cycle 1.039ms
[2022-12-13T06:32:44.136+0000][151028][gc,start    ] GC(434) Pause Young (Concurrent Start) (G1 Humongous Allocation)
[2022-12-13T06:32:44.136+0000][151028][gc,task     ] GC(434) Using 10 workers of 10 for evacuation
[2022-12-13T06:32:44.136+0000][151028][gc,age      ] GC(434) Desired survivor size 314572800 bytes, new threshold 15 (max threshold 15)
[2022-12-13T06:32:44.142+0000][151028][gc,phases   ] GC(434)   Pre Evacuate Collection Set: 0.8ms
[2022-12-13T06:32:44.142+0000][151028][gc,phases   ] GC(434)   Merge Heap Roots: 0.2ms
[2022-12-13T06:32:44.142+0000][151028][gc,phases   ] GC(434)   Evacuate Collection Set: 3.2ms
[2022-12-13T06:32:44.142+0000][151028][gc,phases   ] GC(434)   Post Evacuate Collection Set: 1.9ms
[2022-12-13T06:32:44.142+0000][151028][gc,phases   ] GC(434)   Other: 0.1ms
[2022-12-13T06:32:44.142+0000][151028][gc,age      ] GC(434) Age table with threshold 15 (max threshold 15)
[2022-12-13T06:32:44.142+0000][151028][gc,age      ] GC(434) - age   1:    1061496 bytes,    1061496 total
[2022-12-13T06:32:44.142+0000][151028][gc,age      ] GC(434) - age   2:     326176 bytes,    1387672 total
[2022-12-13T06:32:44.142+0000][151028][gc,age      ] GC(434) - age   3:     143072 bytes,    1530744 total
[2022-12-13T06:32:44.142+0000][151028][gc,age      ] GC(434) - age   4:       8512 bytes,    1539256 total
[2022-12-13T06:32:44.142+0000][151028][gc,age      ] GC(434) - age   5:       3160 bytes,    1542416 total
[2022-12-13T06:32:44.142+0000][151028][gc,age      ] GC(434) - age   6:       3656 bytes,    1546072 total
[2022-12-13T06:32:44.142+0000][151028][gc,age      ] GC(434) - age   7:       3880 bytes,    1549952 total
[2022-12-13T06:32:44.142+0000][151028][gc,age      ] GC(434) - age   8:       4472 bytes,    1554424 total
[2022-12-13T06:32:44.142+0000][151028][gc,age      ] GC(434) - age   9:       5720 bytes,    1560144 total
[2022-12-13T06:32:44.142+0000][151028][gc,age      ] GC(434) - age  10:     251568 bytes,    1811712 total
[2022-12-13T06:32:44.143+0000][151028][gc,age      ] GC(434) - age  11:       8048 bytes,    1819760 total
[2022-12-13T06:32:44.143+0000][151028][gc,age      ] GC(434) - age  12:      10008 bytes,    1829768 total
[2022-12-13T06:32:44.143+0000][151028][gc,age      ] GC(434) - age  13:     136240 bytes,    1966008 total
[2022-12-13T06:32:44.143+0000][151028][gc,age      ] GC(434) - age  14:    1066472 bytes,    3032480 total
[2022-12-13T06:32:44.143+0000][151028][gc,age      ] GC(434) - age  15:     138672 bytes,    3171152 total
[2022-12-13T06:32:44.143+0000][151028][gc,heap     ] GC(434) Eden regions: 11->0(1197)
[2022-12-13T06:32:44.143+0000][151028][gc,heap     ] GC(434) Survivor regions: 1->1(150)
[2022-12-13T06:32:44.143+0000][151028][gc,heap     ] GC(434) Old regions: 114->114
[2022-12-13T06:32:44.143+0000][151028][gc,heap     ] GC(434) Archive regions: 2->2
[2022-12-13T06:32:44.143+0000][151028][gc,heap     ] GC(434) Humongous regions: 468->105
[2022-12-13T06:32:44.143+0000][151028][gc,metaspace] GC(434) Metaspace: 176365K(180992K)->176365K(180992K) NonClass: 154736K(157248K)->154736K(157248K) Class: 21629K(23744K)->21629K(23744K)
[2022-12-13T06:32:44.143+0000][151028][gc          ] GC(434) Pause Young (Concurrent Start) (G1 Humongous Allocation) 2377M->882M(7992M) 6.746ms
[2022-12-13T06:32:44.143+0000][151028][gc          ] GC(435) Concurrent Undo Cycle
[2022-12-13T06:32:44.143+0000][151028][gc,cpu      ] GC(434) User=0.02s Sys=0.01s Real=0.01s
[2022-12-13T06:32:44.143+0000][151028][gc,marking  ] GC(435) Concurrent Cleanup for Next Mark
[2022-12-13T06:32:44.143+0000][151028][safepoint   ] Safepoint "G1TryInitiateConcMark", Time since last: 205317600 ns, Reaching safepoint: 26361500 ns, At safepoint: 7063200 ns, Total: 33424700 ns
[2022-12-13T06:32:44.144+0000][151028][gc,marking  ] GC(435) Concurrent Cleanup for Next Mark 1.057ms
[2022-12-13T06:32:44.144+0000][151028][gc          ] GC(435) Concurrent Undo Cycle 1.215ms
[2022-12-13T06:32:44.853+0000][151028][gc,start    ] GC(436) Pause Young (Concurrent Start) (G1 Humongous Allocation)
[2022-12-13T06:32:44.853+0000][151028][gc,task     ] GC(436) Using 10 workers of 10 for evacuation
[2022-12-13T06:32:44.853+0000][151028][gc,age      ] GC(436) Desired survivor size 314572800 bytes, new threshold 15 (max threshold 15)
[2022-12-13T06:32:44.860+0000][151028][gc,phases   ] GC(436)   Pre Evacuate Collection Set: 0.9ms
[2022-12-13T06:32:44.860+0000][151028][gc,phases   ] GC(436)   Merge Heap Roots: 0.3ms
[2022-12-13T06:32:44.860+0000][151028][gc,phases   ] GC(436)   Evacuate Collection Set: 3.3ms
[2022-12-13T06:32:44.860+0000][151028][gc,phases   ] GC(436)   Post Evacuate Collection Set: 2.1ms
[2022-12-13T06:32:44.860+0000][151028][gc,phases   ] GC(436)   Other: 0.2ms
[2022-12-13T06:32:44.860+0000][151028][gc,age      ] GC(436) Age table with threshold 15 (max threshold 15)
[2022-12-13T06:32:44.860+0000][151028][gc,age      ] GC(436) - age   1:     684984 bytes,     684984 total
[2022-12-13T06:32:44.860+0000][151028][gc,age      ] GC(436) - age   2:     149128 bytes,     834112 total
[2022-12-13T06:32:44.860+0000][151028][gc,age      ] GC(436) - age   3:     321344 bytes,    1155456 total
[2022-12-13T06:32:44.860+0000][151028][gc,age      ] GC(436) - age   4:     133008 bytes,    1288464 total
[2022-12-13T06:32:44.860+0000][151028][gc,age      ] GC(436) - age   5:       3696 bytes,    1292160 total
[2022-12-13T06:32:44.860+0000][151028][gc,age      ] GC(436) - age   6:       3048 bytes,    1295208 total
[2022-12-13T06:32:44.860+0000][151028][gc,age      ] GC(436) - age   7:       3376 bytes,    1298584 total
[2022-12-13T06:32:44.860+0000][151028][gc,age      ] GC(436) - age   8:       3680 bytes,    1302264 total
[2022-12-13T06:32:44.860+0000][151028][gc,age      ] GC(436) - age   9:       4472 bytes,    1306736 total
[2022-12-13T06:32:44.860+0000][151028][gc,age      ] GC(436) - age  10:       5640 bytes,    1312376 total
[2022-12-13T06:32:44.860+0000][151028][gc,age      ] GC(436) - age  11:     251568 bytes,    1563944 total
[2022-12-13T06:32:44.860+0000][151028][gc,age      ] GC(436) - age  12:       7288 bytes,    1571232 total
[2022-12-13T06:32:44.860+0000][151028][gc,age      ] GC(436) - age  13:       9056 bytes,    1580288 total
[2022-12-13T06:32:44.860+0000][151028][gc,age      ] GC(436) - age  14:       5112 bytes,    1585400 total
[2022-12-13T06:32:44.860+0000][151028][gc,age      ] GC(436) - age  15:    1065632 bytes,    2651032 total
[2022-12-13T06:32:44.860+0000][151028][gc,heap     ] GC(436) Eden regions: 17->0(1197)
[2022-12-13T06:32:44.860+0000][151028][gc,heap     ] GC(436) Survivor regions: 1->1(150)
[2022-12-13T06:32:44.860+0000][151028][gc,heap     ] GC(436) Old regions: 114->114
[2022-12-13T06:32:44.860+0000][151028][gc,heap     ] GC(436) Archive regions: 2->2
[2022-12-13T06:32:44.860+0000][151028][gc,heap     ] GC(436) Humongous regions: 468->6
[2022-12-13T06:32:44.861+0000][151028][gc,metaspace] GC(436) Metaspace: 176365K(180992K)->176365K(180992K) NonClass: 154736K(157248K)->154736K(157248K) Class: 21629K(23744K)->21629K(23744K)
[2022-12-13T06:32:44.861+0000][151028][gc          ] GC(436) Pause Young (Concurrent Start) (G1 Humongous Allocation) 2402M->485M(7992M) 7.228ms
[2022-12-13T06:32:44.861+0000][151028][gc          ] GC(437) Concurrent Undo Cycle
[2022-12-13T06:32:44.861+0000][151028][gc,cpu      ] GC(436) User=0.02s Sys=0.01s Real=0.01s
[2022-12-13T06:32:44.861+0000][151028][gc,marking  ] GC(437) Concurrent Cleanup for Next Mark
[2022-12-13T06:32:44.861+0000][151028][safepoint   ] Safepoint "G1TryInitiateConcMark", Time since last: 710166300 ns, Reaching safepoint: 190900 ns, At safepoint: 7471500 ns, Total: 7662400 ns
[2022-12-13T06:32:44.862+0000][151028][gc,marking  ] GC(437) Concurrent Cleanup for Next Mark 0.870ms
[2022-12-13T06:32:44.862+0000][151028][gc          ] GC(437) Concurrent Undo Cycle 1.027ms
[2022-12-13T06:32:45.318+0000][151028][gc,start    ] GC(438) Pause Young (Concurrent Start) (G1 Humongous Allocation)
[2022-12-13T06:32:45.318+0000][151028][gc,task     ] GC(438) Using 10 workers of 10 for evacuation
[2022-12-13T06:32:45.318+0000][151028][gc,age      ] GC(438) Desired survivor size 314572800 bytes, new threshold 15 (max threshold 15)
[2022-12-13T06:32:45.327+0000][151028][gc,phases   ] GC(438)   Pre Evacuate Collection Set: 0.9ms
[2022-12-13T06:32:45.327+0000][151028][gc,phases   ] GC(438)   Merge Heap Roots: 0.2ms
[2022-12-13T06:32:45.327+0000][151028][gc,phases   ] GC(438)   Evacuate Collection Set: 5.9ms
[2022-12-13T06:32:45.327+0000][151028][gc,phases   ] GC(438)   Post Evacuate Collection Set: 2.3ms
[2022-12-13T06:32:45.327+0000][151028][gc,phases   ] GC(438)   Other: 0.1ms
[2022-12-13T06:32:45.327+0000][151028][gc,age      ] GC(438) Age table with threshold 15 (max threshold 15)
[2022-12-13T06:32:45.328+0000][151028][gc,age      ] GC(438) - age   1:     239648 bytes,     239648 total
[2022-12-13T06:32:45.328+0000][151028][gc,age      ] GC(438) - age   2:     392760 bytes,     632408 total
[2022-12-13T06:32:45.328+0000][151028][gc,age      ] GC(438) - age   3:     128512 bytes,     760920 total
[2022-12-13T06:32:45.328+0000][151028][gc,age      ] GC(438) - age   4:     321160 bytes,    1082080 total
[2022-12-13T06:32:45.328+0000][151028][gc,age      ] GC(438) - age   5:     133008 bytes,    1215088 total
[2022-12-13T06:32:45.328+0000][151028][gc,age      ] GC(438) - age   6:       3544 bytes,    1218632 total
[2022-12-13T06:32:45.328+0000][151028][gc,age      ] GC(438) - age   7:       2928 bytes,    1221560 total
[2022-12-13T06:32:45.328+0000][151028][gc,age      ] GC(438) - age   8:       3336 bytes,    1224896 total
[2022-12-13T06:32:45.328+0000][151028][gc,age      ] GC(438) - age   9:       3680 bytes,    1228576 total
[2022-12-13T06:32:45.328+0000][151028][gc,age      ] GC(438) - age  10:       4400 bytes,    1232976 total
[2022-12-13T06:32:45.328+0000][151028][gc,age      ] GC(438) - age  11:       5608 bytes,    1238584 total
[2022-12-13T06:32:45.328+0000][151028][gc,age      ] GC(438) - age  12:     251528 bytes,    1490112 total
[2022-12-13T06:32:45.328+0000][151028][gc,age      ] GC(438) - age  13:       6328 bytes,    1496440 total
[2022-12-13T06:32:45.328+0000][151028][gc,age      ] GC(438) - age  14:       9056 bytes,    1505496 total
[2022-12-13T06:32:45.328+0000][151028][gc,age      ] GC(438) - age  15:       5072 bytes,    1510568 total
[2022-12-13T06:32:45.328+0000][151028][gc,heap     ] GC(438) Eden regions: 10->0(1197)
[2022-12-13T06:32:45.328+0000][151028][gc,heap     ] GC(438) Survivor regions: 1->1(150)
[2022-12-13T06:32:45.328+0000][151028][gc,heap     ] GC(438) Old regions: 114->115
[2022-12-13T06:32:45.328+0000][151028][gc,heap     ] GC(438) Archive regions: 2->2
[2022-12-13T06:32:45.328+0000][151028][gc,heap     ] GC(438) Humongous regions: 468->39
[2022-12-13T06:32:45.328+0000][151028][gc,metaspace] GC(438) Metaspace: 176365K(180992K)->176365K(180992K) NonClass: 154736K(157248K)->154736K(157248K) Class: 21629K(23744K)->21629K(23744K)
[2022-12-13T06:32:45.328+0000][151028][gc          ] GC(438) Pause Young (Concurrent Start) (G1 Humongous Allocation) 2373M->618M(7992M) 9.863ms
[2022-12-13T06:32:45.328+0000][151028][gc,cpu      ] GC(438) User=0.02s Sys=0.01s Real=0.01s
[2022-12-13T06:32:45.328+0000][151028][gc          ] GC(439) Concurrent Undo Cycle
[2022-12-13T06:32:45.328+0000][151028][gc,marking  ] GC(439) Concurrent Cleanup for Next Mark
[2022-12-13T06:32:45.328+0000][151028][safepoint   ] Safepoint "G1TryInitiateConcMark", Time since last: 445017900 ns, Reaching safepoint: 12114700 ns, At safepoint: 10155800 ns, Total: 22270500 ns
[2022-12-13T06:32:45.329+0000][151028][gc,marking  ] GC(439) Concurrent Cleanup for Next Mark 0.773ms
[2022-12-13T06:32:45.329+0000][151028][gc          ] GC(439) Concurrent Undo Cycle 0.944ms
[2022-12-13T06:32:46.158+0000][151028][gc,start    ] GC(440) Pause Young (Concurrent Start) (G1 Humongous Allocation)
[2022-12-13T06:32:46.158+0000][151028][gc,task     ] GC(440) Using 10 workers of 10 for evacuation
[2022-12-13T06:32:46.158+0000][151028][gc,age      ] GC(440) Desired survivor size 314572800 bytes, new threshold 15 (max threshold 15)
[2022-12-13T06:32:46.164+0000][151028][gc,phases   ] GC(440)   Pre Evacuate Collection Set: 0.9ms
[2022-12-13T06:32:46.164+0000][151028][gc,phases   ] GC(440)   Merge Heap Roots: 0.2ms
[2022-12-13T06:32:46.164+0000][151028][gc,phases   ] GC(440)   Evacuate Collection Set: 2.6ms
[2022-12-13T06:32:46.164+0000][151028][gc,phases   ] GC(440)   Post Evacuate Collection Set: 2.0ms
[2022-12-13T06:32:46.164+0000][151028][gc,phases   ] GC(440)   Other: 0.1ms
[2022-12-13T06:32:46.164+0000][151028][gc,age      ] GC(440) Age table with threshold 15 (max threshold 15)
[2022-12-13T06:32:46.164+0000][151028][gc,age      ] GC(440) - age   1:     701408 bytes,     701408 total
[2022-12-13T06:32:46.164+0000][151028][gc,age      ] GC(440) - age   2:      46120 bytes,     747528 total
[2022-12-13T06:32:46.164+0000][151028][gc,age      ] GC(440) - age   3:     380232 bytes,    1127760 total
[2022-12-13T06:32:46.164+0000][151028][gc,age      ] GC(440) - age   4:     128352 bytes,    1256112 total
[2022-12-13T06:32:46.164+0000][151028][gc,age      ] GC(440) - age   5:     190032 bytes,    1446144 total
[2022-12-13T06:32:46.164+0000][151028][gc,age      ] GC(440) - age   6:     132808 bytes,    1578952 total
[2022-12-13T06:32:46.164+0000][151028][gc,age      ] GC(440) - age   7:       3384 bytes,    1582336 total
[2022-12-13T06:32:46.164+0000][151028][gc,age      ] GC(440) - age   8:       2896 bytes,    1585232 total
[2022-12-13T06:32:46.164+0000][151028][gc,age      ] GC(440) - age   9:       3336 bytes,    1588568 total
[2022-12-13T06:32:46.164+0000][151028][gc,age      ] GC(440) - age  10:       3680 bytes,    1592248 total
[2022-12-13T06:32:46.164+0000][151028][gc,age      ] GC(440) - age  11:       4192 bytes,    1596440 total
[2022-12-13T06:32:46.164+0000][151028][gc,age      ] GC(440) - age  12:       5608 bytes,    1602048 total
[2022-12-13T06:32:46.164+0000][151028][gc,age      ] GC(440) - age  13:     251048 bytes,    1853096 total
[2022-12-13T06:32:46.164+0000][151028][gc,age      ] GC(440) - age  14:       5768 bytes,    1858864 total
[2022-12-13T06:32:46.164+0000][151028][gc,age      ] GC(440) - age  15:       9056 bytes,    1867920 total
[2022-12-13T06:32:46.164+0000][151028][gc,heap     ] GC(440) Eden regions: 17->0(1197)
[2022-12-13T06:32:46.164+0000][151028][gc,heap     ] GC(440) Survivor regions: 1->1(150)
[2022-12-13T06:32:46.164+0000][151028][gc,heap     ] GC(440) Old regions: 115->115
[2022-12-13T06:32:46.165+0000][151028][gc,heap     ] GC(440) Archive regions: 2->2
[2022-12-13T06:32:46.165+0000][151028][gc,heap     ] GC(440) Humongous regions: 468->39
[2022-12-13T06:32:46.165+0000][151028][gc,metaspace] GC(440) Metaspace: 176370K(180992K)->176370K(180992K) NonClass: 154739K(157248K)->154739K(157248K) Class: 21630K(23744K)->21630K(23744K)
[2022-12-13T06:32:46.165+0000][151028][gc          ] GC(440) Pause Young (Concurrent Start) (G1 Humongous Allocation) 2401M->618M(7992M) 6.393ms
[2022-12-13T06:32:46.165+0000][151028][gc,cpu      ] GC(440) User=0.02s Sys=0.00s Real=0.00s
[2022-12-13T06:32:46.165+0000][151028][gc          ] GC(441) Concurrent Undo Cycle
[2022-12-13T06:32:46.165+0000][151028][safepoint   ] Safepoint "G1TryInitiateConcMark", Time since last: 808205000 ns, Reaching safepoint: 21884200 ns, At safepoint: 6618200 ns, Total: 28502400 ns
[2022-12-13T06:32:46.165+0000][151028][gc,marking  ] GC(441) Concurrent Cleanup for Next Mark
[2022-12-13T06:32:46.166+0000][151028][gc,marking  ] GC(441) Concurrent Cleanup for Next Mark 0.830ms
[2022-12-13T06:32:46.166+0000][151028][gc          ] GC(441) Concurrent Undo Cycle 0.979ms
[2022-12-13T06:32:47.009+0000][151028][gc,start    ] GC(442) Pause Young (Concurrent Start) (G1 Humongous Allocation)
[2022-12-13T06:32:47.010+0000][151028][gc,task     ] GC(442) Using 10 workers of 10 for evacuation
[2022-12-13T06:32:47.010+0000][151028][gc,age      ] GC(442) Desired survivor size 314572800 bytes, new threshold 15 (max threshold 15)
[2022-12-13T06:32:47.016+0000][151028][gc,phases   ] GC(442)   Pre Evacuate Collection Set: 0.8ms
[2022-12-13T06:32:47.016+0000][151028][gc,phases   ] GC(442)   Merge Heap Roots: 0.2ms
[2022-12-13T06:32:47.016+0000][151028][gc,phases   ] GC(442)   Evacuate Collection Set: 3.0ms
[2022-12-13T06:32:47.016+0000][151028][gc,phases   ] GC(442)   Post Evacuate Collection Set: 2.1ms
[2022-12-13T06:32:47.016+0000][151028][gc,phases   ] GC(442)   Other: 0.2ms
[2022-12-13T06:32:47.016+0000][151028][gc,age      ] GC(442) Age table with threshold 15 (max threshold 15)
[2022-12-13T06:32:47.016+0000][151028][gc,age      ] GC(442) - age   1:     713768 bytes,     713768 total
[2022-12-13T06:32:47.016+0000][151028][gc,age      ] GC(442) - age   2:     513472 bytes,    1227240 total
[2022-12-13T06:32:47.016+0000][151028][gc,age      ] GC(442) - age   3:      40912 bytes,    1268152 total
[2022-12-13T06:32:47.016+0000][151028][gc,age      ] GC(442) - age   4:     380168 bytes,    1648320 total
[2022-12-13T06:32:47.016+0000][151028][gc,age      ] GC(442) - age   5:     128048 bytes,    1776368 total
[2022-12-13T06:32:47.016+0000][151028][gc,age      ] GC(442) - age   6:     189592 bytes,    1965960 total
[2022-12-13T06:32:47.016+0000][151028][gc,age      ] GC(442) - age   7:     132808 bytes,    2098768 total
[2022-12-13T06:32:47.016+0000][151028][gc,age      ] GC(442) - age   8:       3352 bytes,    2102120 total
[2022-12-13T06:32:47.016+0000][151028][gc,age      ] GC(442) - age   9:       2896 bytes,    2105016 total
[2022-12-13T06:32:47.016+0000][151028][gc,age      ] GC(442) - age  10:       3296 bytes,    2108312 total
[2022-12-13T06:32:47.016+0000][151028][gc,age      ] GC(442) - age  11:       3640 bytes,    2111952 total
[2022-12-13T06:32:47.016+0000][151028][gc,age      ] GC(442) - age  12:       4032 bytes,    2115984 total
[2022-12-13T06:32:47.016+0000][151028][gc,age      ] GC(442) - age  13:       4736 bytes,    2120720 total
[2022-12-13T06:32:47.016+0000][151028][gc,age      ] GC(442) - age  14:     250728 bytes,    2371448 total
[2022-12-13T06:32:47.016+0000][151028][gc,age      ] GC(442) - age  15:       5768 bytes,    2377216 total
[2022-12-13T06:32:47.016+0000][151028][gc,heap     ] GC(442) Eden regions: 15->0(1197)
[2022-12-13T06:32:47.016+0000][151028][gc,heap     ] GC(442) Survivor regions: 1->1(150)
[2022-12-13T06:32:47.016+0000][151028][gc,heap     ] GC(442) Old regions: 115->115
[2022-12-13T06:32:47.016+0000][151028][gc,heap     ] GC(442) Archive regions: 2->2
[2022-12-13T06:32:47.016+0000][151028][gc,heap     ] GC(442) Humongous regions: 468->6
[2022-12-13T06:32:47.016+0000][151028][gc,metaspace] GC(442) Metaspace: 176370K(180992K)->176370K(180992K) NonClass: 154739K(157248K)->154739K(157248K) Class: 21630K(23744K)->21630K(23744K)
[2022-12-13T06:32:47.016+0000][151028][gc          ] GC(442) Pause Young (Concurrent Start) (G1 Humongous Allocation) 2393M->487M(7992M) 6.910ms
[2022-12-13T06:32:47.016+0000][151028][gc          ] GC(443) Concurrent Undo Cycle
[2022-12-13T06:32:47.016+0000][151028][gc,cpu      ] GC(442) User=0.03s Sys=0.00s Real=0.01s
[2022-12-13T06:32:47.017+0000][151028][gc,marking  ] GC(443) Concurrent Cleanup for Next Mark
[2022-12-13T06:32:47.017+0000][151028][safepoint   ] Safepoint "G1TryInitiateConcMark", Time since last: 844417200 ns, Reaching safepoint: 256200 ns, At safepoint: 7133100 ns, Total: 7389300 ns
[2022-12-13T06:32:47.017+0000][151028][gc,marking  ] GC(443) Concurrent Cleanup for Next Mark 0.868ms
[2022-12-13T06:32:47.017+0000][151028][gc          ] GC(443) Concurrent Undo Cycle 0.996ms
[2022-12-13T06:32:48.168+0000][151028][gc,start    ] GC(444) Pause Young (Concurrent Start) (G1 Humongous Allocation)
[2022-12-13T06:32:48.168+0000][151028][gc,task     ] GC(444) Using 10 workers of 10 for evacuation
[2022-12-13T06:32:48.168+0000][151028][gc,age      ] GC(444) Desired survivor size 314572800 bytes, new threshold 15 (max threshold 15)
[2022-12-13T06:32:48.174+0000][151028][gc,phases   ] GC(444)   Pre Evacuate Collection Set: 0.8ms
[2022-12-13T06:32:48.174+0000][151028][gc,phases   ] GC(444)   Merge Heap Roots: 0.3ms
[2022-12-13T06:32:48.174+0000][151028][gc,phases   ] GC(444)   Evacuate Collection Set: 2.9ms
[2022-12-13T06:32:48.174+0000][151028][gc,phases   ] GC(444)   Post Evacuate Collection Set: 2.1ms
[2022-12-13T06:32:48.174+0000][151028][gc,phases   ] GC(444)   Other: 0.1ms
[2022-12-13T06:32:48.175+0000][151028][gc,age      ] GC(444) Age table with threshold 15 (max threshold 15)
[2022-12-13T06:32:48.175+0000][151028][gc,age      ] GC(444) - age   1:    1389056 bytes,    1389056 total
[2022-12-13T06:32:48.175+0000][151028][gc,age      ] GC(444) - age   2:     244192 bytes,    1633248 total
[2022-12-13T06:32:48.175+0000][151028][gc,age      ] GC(444) - age   3:     380624 bytes,    2013872 total
[2022-12-13T06:32:48.175+0000][151028][gc,age      ] GC(444) - age   4:      40640 bytes,    2054512 total
[2022-12-13T06:32:48.175+0000][151028][gc,age      ] GC(444) - age   5:     380008 bytes,    2434520 total
[2022-12-13T06:32:48.175+0000][151028][gc,age      ] GC(444) - age   6:     127688 bytes,    2562208 total
[2022-12-13T06:32:48.175+0000][151028][gc,age      ] GC(444) - age   7:     189592 bytes,    2751800 total
[2022-12-13T06:32:48.175+0000][151028][gc,age      ] GC(444) - age   8:     132808 bytes,    2884608 total
[2022-12-13T06:32:48.175+0000][151028][gc,age      ] GC(444) - age   9:       3352 bytes,    2887960 total
[2022-12-13T06:32:48.175+0000][151028][gc,age      ] GC(444) - age  10:       2896 bytes,    2890856 total
[2022-12-13T06:32:48.175+0000][151028][gc,age      ] GC(444) - age  11:       3296 bytes,    2894152 total
[2022-12-13T06:32:48.175+0000][151028][gc,age      ] GC(444) - age  12:       3080 bytes,    2897232 total
[2022-12-13T06:32:48.175+0000][151028][gc,age      ] GC(444) - age  13:       3232 bytes,    2900464 total
[2022-12-13T06:32:48.175+0000][151028][gc,age      ] GC(444) - age  14:       4736 bytes,    2905200 total
[2022-12-13T06:32:48.175+0000][151028][gc,age      ] GC(444) - age  15:     250728 bytes,    3155928 total
[2022-12-13T06:32:48.175+0000][151028][gc,heap     ] GC(444) Eden regions: 13->0(1197)
[2022-12-13T06:32:48.175+0000][151028][gc,heap     ] GC(444) Survivor regions: 1->1(150)
[2022-12-13T06:32:48.175+0000][151028][gc,heap     ] GC(444) Old regions: 115->115
[2022-12-13T06:32:48.175+0000][151028][gc,heap     ] GC(444) Archive regions: 2->2
[2022-12-13T06:32:48.175+0000][151028][gc,heap     ] GC(444) Humongous regions: 468->6
[2022-12-13T06:32:48.175+0000][151028][gc,metaspace] GC(444) Metaspace: 176370K(180992K)->176370K(180992K) NonClass: 154739K(157248K)->154739K(157248K) Class: 21630K(23744K)->21630K(23744K)
[2022-12-13T06:32:48.175+0000][151028][gc          ] GC(444) Pause Young (Concurrent Start) (G1 Humongous Allocation) 2387M->488M(7992M) 6.685ms
[2022-12-13T06:32:48.175+0000][151028][gc          ] GC(445) Concurrent Undo Cycle
[2022-12-13T06:32:48.175+0000][151028][gc,cpu      ] GC(444) User=0.02s Sys=0.00s Real=0.01s
[2022-12-13T06:32:48.175+0000][151028][gc,marking  ] GC(445) Concurrent Cleanup for Next Mark
[2022-12-13T06:32:48.175+0000][151028][safepoint   ] Safepoint "G1TryInitiateConcMark", Time since last: 1151356700 ns, Reaching safepoint: 177300 ns, At safepoint: 6907800 ns, Total: 7085100 ns
[2022-12-13T06:32:48.176+0000][151028][gc,marking  ] GC(445) Concurrent Cleanup for Next Mark 0.767ms
[2022-12-13T06:32:48.176+0000][151028][gc          ] GC(445) Concurrent Undo Cycle 0.885ms
[2022-12-13T06:32:49.175+0000][151028][safepoint   ] Safepoint "Cleanup", Time since last: 1000137800 ns, Reaching safepoint: 224800 ns, At safepoint: 44300 ns, Total: 269100 ns
[2022-12-13T06:32:50.176+0000][151028][safepoint   ] Safepoint "Cleanup", Time since last: 1000153400 ns, Reaching safepoint: 208100 ns, At safepoint: 25800 ns, Total: 233900 ns
[2022-12-13T06:32:50.402+0000][151028][gc,start    ] GC(446) Pause Young (Concurrent Start) (G1 Humongous Allocation)
[2022-12-13T06:32:50.402+0000][151028][gc,task     ] GC(446) Using 10 workers of 10 for evacuation
[2022-12-13T06:32:50.402+0000][151028][gc,age      ] GC(446) Desired survivor size 314572800 bytes, new threshold 15 (max threshold 15)
[2022-12-13T06:32:50.417+0000][151028][gc,phases   ] GC(446)   Pre Evacuate Collection Set: 0.8ms
[2022-12-13T06:32:50.417+0000][151028][gc,phases   ] GC(446)   Merge Heap Roots: 0.2ms
[2022-12-13T06:32:50.417+0000][151028][gc,phases   ] GC(446)   Evacuate Collection Set: 3.7ms
[2022-12-13T06:32:50.417+0000][151028][gc,phases   ] GC(446)   Post Evacuate Collection Set: 10.0ms
[2022-12-13T06:32:50.417+0000][151028][gc,phases   ] GC(446)   Other: 0.2ms
[2022-12-13T06:32:50.417+0000][151028][gc,age      ] GC(446) Age table with threshold 15 (max threshold 15)
[2022-12-13T06:32:50.417+0000][151028][gc,age      ] GC(446) - age   1:   24847072 bytes,   24847072 total
[2022-12-13T06:32:50.417+0000][151028][gc,age      ] GC(446) - age   2:     331152 bytes,   25178224 total
[2022-12-13T06:32:50.417+0000][151028][gc,age      ] GC(446) - age   3:     242736 bytes,   25420960 total
[2022-12-13T06:32:50.417+0000][151028][gc,age      ] GC(446) - age   4:     248656 bytes,   25669616 total
[2022-12-13T06:32:50.417+0000][151028][gc,age      ] GC(446) - age   5:      39504 bytes,   25709120 total
[2022-12-13T06:32:50.417+0000][151028][gc,age      ] GC(446) - age   6:     377952 bytes,   26087072 total
[2022-12-13T06:32:50.417+0000][151028][gc,age      ] GC(446) - age   7:     126568 bytes,   26213640 total
[2022-12-13T06:32:50.417+0000][151028][gc,age      ] GC(446) - age   8:     189392 bytes,   26403032 total
[2022-12-13T06:32:50.417+0000][151028][gc,age      ] GC(446) - age   9:       1384 bytes,   26404416 total
[2022-12-13T06:32:50.417+0000][151028][gc,age      ] GC(446) - age  10:       3152 bytes,   26407568 total
[2022-12-13T06:32:50.417+0000][151028][gc,age      ] GC(446) - age  11:       2136 bytes,   26409704 total
[2022-12-13T06:32:50.417+0000][151028][gc,age      ] GC(446) - age  12:       2336 bytes,   26412040 total
[2022-12-13T06:32:50.417+0000][151028][gc,age      ] GC(446) - age  13:       2480 bytes,   26414520 total
[2022-12-13T06:32:50.417+0000][151028][gc,age      ] GC(446) - age  14:       2792 bytes,   26417312 total
[2022-12-13T06:32:50.417+0000][151028][gc,age      ] GC(446) - age  15:       4016 bytes,   26421328 total
[2022-12-13T06:32:50.417+0000][151028][gc,heap     ] GC(446) Eden regions: 81->0(1191)
[2022-12-13T06:32:50.417+0000][151028][gc,heap     ] GC(446) Survivor regions: 1->7(150)
[2022-12-13T06:32:50.417+0000][151028][gc,heap     ] GC(446) Old regions: 115->115
[2022-12-13T06:32:50.417+0000][151028][gc,heap     ] GC(446) Archive regions: 2->2
[2022-12-13T06:32:50.417+0000][151028][gc,heap     ] GC(446) Humongous regions: 483->6
[2022-12-13T06:32:50.417+0000][151028][gc,metaspace] GC(446) Metaspace: 176370K(180992K)->176370K(180992K) NonClass: 154740K(157248K)->154740K(157248K) Class: 21630K(23744K)->21630K(23744K)
[2022-12-13T06:32:50.417+0000][151028][gc          ] GC(446) Pause Young (Concurrent Start) (G1 Humongous Allocation) 2719M->510M(7992M) 15.647ms
[2022-12-13T06:32:50.418+0000][151028][gc,cpu      ] GC(446) User=0.08s Sys=0.01s Real=0.01s
[2022-12-13T06:32:50.418+0000][151028][safepoint   ] Safepoint "G1TryInitiateConcMark", Time since last: 225787100 ns, Reaching safepoint: 208200 ns, At safepoint: 15986100 ns, Total: 16194300 ns
[2022-12-13T06:32:50.418+0000][151028][gc          ] GC(447) Concurrent Undo Cycle
[2022-12-13T06:32:50.422+0000][151028][gc,marking  ] GC(447) Concurrent Cleanup for Next Mark
[2022-12-13T06:32:50.427+0000][151028][gc,marking  ] GC(447) Concurrent Cleanup for Next Mark 5.705ms
[2022-12-13T06:32:50.427+0000][151028][gc          ] GC(447) Concurrent Undo Cycle 9.687ms
[2022-12-13T06:32:51.428+0000][151028][safepoint   ] Safepoint "Cleanup", Time since last: 1000211800 ns, Reaching safepoint: 10189700 ns, At safepoint: 120100 ns, Total: 10309800 ns
[2022-12-13T06:32:51.819+0000][151028][gc,start    ] GC(448) Pause Young (Concurrent Start) (G1 Humongous Allocation)
[2022-12-13T06:32:51.819+0000][151028][gc,task     ] GC(448) Using 10 workers of 10 for evacuation
[2022-12-13T06:32:51.819+0000][151028][gc,age      ] GC(448) Desired survivor size 314572800 bytes, new threshold 15 (max threshold 15)
[2022-12-13T06:32:51.827+0000][151028][gc,phases   ] GC(448)   Pre Evacuate Collection Set: 0.9ms
[2022-12-13T06:32:51.827+0000][151028][gc,phases   ] GC(448)   Merge Heap Roots: 0.2ms
[2022-12-13T06:32:51.827+0000][151028][gc,phases   ] GC(448)   Evacuate Collection Set: 3.0ms
[2022-12-13T06:32:51.827+0000][151028][gc,phases   ] GC(448)   Post Evacuate Collection Set: 3.6ms
[2022-12-13T06:32:51.827+0000][151028][gc,phases   ] GC(448)   Other: 0.2ms
[2022-12-13T06:32:51.827+0000][151028][gc,age      ] GC(448) Age table with threshold 15 (max threshold 15)
[2022-12-13T06:32:51.827+0000][151028][gc,age      ] GC(448) - age   1:    5472512 bytes,    5472512 total
[2022-12-13T06:32:51.827+0000][151028][gc,age      ] GC(448) - age   2:    1427344 bytes,    6899856 total
[2022-12-13T06:32:51.827+0000][151028][gc,age      ] GC(448) - age   3:     139048 bytes,    7038904 total
[2022-12-13T06:32:51.827+0000][151028][gc,age      ] GC(448) - age   4:       8616 bytes,    7047520 total
[2022-12-13T06:32:51.827+0000][151028][gc,age      ] GC(448) - age   5:       9264 bytes,    7056784 total
[2022-12-13T06:32:51.827+0000][151028][gc,age      ] GC(448) - age   6:       2048 bytes,    7058832 total
[2022-12-13T06:32:51.828+0000][151028][gc,age      ] GC(448) - age   7:       5632 bytes,    7064464 total
[2022-12-13T06:32:51.828+0000][151028][gc,age      ] GC(448) - age   8:       3600 bytes,    7068064 total
[2022-12-13T06:32:51.828+0000][151028][gc,age      ] GC(448) - age   9:       7016 bytes,    7075080 total
[2022-12-13T06:32:51.828+0000][151028][gc,age      ] GC(448) - age  10:        544 bytes,    7075624 total
[2022-12-13T06:32:51.828+0000][151028][gc,age      ] GC(448) - age  11:       2112 bytes,    7077736 total
[2022-12-13T06:32:51.828+0000][151028][gc,age      ] GC(448) - age  12:       1496 bytes,    7079232 total
[2022-12-13T06:32:51.828+0000][151028][gc,age      ] GC(448) - age  13:       1576 bytes,    7080808 total
[2022-12-13T06:32:51.828+0000][151028][gc,age      ] GC(448) - age  14:        920 bytes,    7081728 total
[2022-12-13T06:32:51.828+0000][151028][gc,age      ] GC(448) - age  15:       1120 bytes,    7082848 total
[2022-12-13T06:32:51.828+0000][151028][gc,heap     ] GC(448) Eden regions: 36->0(1196)
[2022-12-13T06:32:51.828+0000][151028][gc,heap     ] GC(448) Survivor regions: 7->2(150)
[2022-12-13T06:32:51.828+0000][151028][gc,heap     ] GC(448) Old regions: 115->115
[2022-12-13T06:32:51.828+0000][151028][gc,heap     ] GC(448) Archive regions: 2->2
[2022-12-13T06:32:51.828+0000][151028][gc,heap     ] GC(448) Humongous regions: 481->141
[2022-12-13T06:32:51.828+0000][151028][gc,metaspace] GC(448) Metaspace: 176371K(180992K)->176371K(180992K) NonClass: 154740K(157248K)->154740K(157248K) Class: 21630K(23744K)->21630K(23744K)
[2022-12-13T06:32:51.828+0000][151028][gc          ] GC(448) Pause Young (Concurrent Start) (G1 Humongous Allocation) 2554M->1033M(7992M) 8.389ms
[2022-12-13T06:32:51.828+0000][151028][gc          ] GC(449) Concurrent Undo Cycle
[2022-12-13T06:32:51.828+0000][151028][gc,cpu      ] GC(448) User=0.03s Sys=0.01s Real=0.00s
[2022-12-13T06:32:51.828+0000][151028][gc,marking  ] GC(449) Concurrent Cleanup for Next Mark
[2022-12-13T06:32:51.828+0000][151028][safepoint   ] Safepoint "G1TryInitiateConcMark", Time since last: 342290200 ns, Reaching safepoint: 48702300 ns, At safepoint: 8763900 ns, Total: 57466200 ns
[2022-12-13T06:32:51.829+0000][151028][gc,marking  ] GC(449) Concurrent Cleanup for Next Mark 0.836ms
[2022-12-13T06:32:51.829+0000][151028][gc          ] GC(449) Concurrent Undo Cycle 0.953ms
[2022-12-13T06:32:52.063+0000][151028][gc,start    ] GC(450) Pause Young (Concurrent Start) (G1 Humongous Allocation)
[2022-12-13T06:32:52.063+0000][151028][gc,task     ] GC(450) Using 10 workers of 10 for evacuation
[2022-12-13T06:32:52.063+0000][151028][gc,age      ] GC(450) Desired survivor size 314572800 bytes, new threshold 15 (max threshold 15)
[2022-12-13T06:32:52.069+0000][151028][gc,phases   ] GC(450)   Pre Evacuate Collection Set: 0.8ms
[2022-12-13T06:32:52.069+0000][151028][gc,phases   ] GC(450)   Merge Heap Roots: 0.2ms
[2022-12-13T06:32:52.069+0000][151028][gc,phases   ] GC(450)   Evacuate Collection Set: 3.2ms
[2022-12-13T06:32:52.069+0000][151028][gc,phases   ] GC(450)   Post Evacuate Collection Set: 1.8ms
[2022-12-13T06:32:52.069+0000][151028][gc,phases   ] GC(450)   Other: 0.2ms
[2022-12-13T06:32:52.069+0000][151028][gc,age      ] GC(450) Age table with threshold 15 (max threshold 15)
[2022-12-13T06:32:52.069+0000][151028][gc,age      ] GC(450) - age   1:    3030168 bytes,    3030168 total
[2022-12-13T06:32:52.069+0000][151028][gc,age      ] GC(450) - age   2:     694064 bytes,    3724232 total
[2022-12-13T06:32:52.069+0000][151028][gc,age      ] GC(450) - age   3:    1425720 bytes,    5149952 total
[2022-12-13T06:32:52.069+0000][151028][gc,age      ] GC(450) - age   4:     137528 bytes,    5287480 total
[2022-12-13T06:32:52.069+0000][151028][gc,age      ] GC(450) - age   5:       7296 bytes,    5294776 total
[2022-12-13T06:32:52.069+0000][151028][gc,age      ] GC(450) - age   6:       8224 bytes,    5303000 total
[2022-12-13T06:32:52.069+0000][151028][gc,age      ] GC(450) - age   7:       1808 bytes,    5304808 total
[2022-12-13T06:32:52.069+0000][151028][gc,age      ] GC(450) - age   8:       5432 bytes,    5310240 total
[2022-12-13T06:32:52.069+0000][151028][gc,age      ] GC(450) - age   9:       3560 bytes,    5313800 total
[2022-12-13T06:32:52.069+0000][151028][gc,age      ] GC(450) - age  10:       6536 bytes,    5320336 total
[2022-12-13T06:32:52.069+0000][151028][gc,age      ] GC(450) - age  11:        464 bytes,    5320800 total
[2022-12-13T06:32:52.069+0000][151028][gc,age      ] GC(450) - age  12:       2112 bytes,    5322912 total
[2022-12-13T06:32:52.069+0000][151028][gc,age      ] GC(450) - age  13:       1456 bytes,    5324368 total
[2022-12-13T06:32:52.069+0000][151028][gc,age      ] GC(450) - age  14:       1056 bytes,    5325424 total
[2022-12-13T06:32:52.069+0000][151028][gc,age      ] GC(450) - age  15:        920 bytes,    5326344 total
[2022-12-13T06:32:52.069+0000][151028][gc,heap     ] GC(450) Eden regions: 11->0(1196)
[2022-12-13T06:32:52.069+0000][151028][gc,heap     ] GC(450) Survivor regions: 2->2(150)
[2022-12-13T06:32:52.069+0000][151028][gc,heap     ] GC(450) Old regions: 115->115
[2022-12-13T06:32:52.069+0000][151028][gc,heap     ] GC(450) Archive regions: 2->2
[2022-12-13T06:32:52.069+0000][151028][gc,heap     ] GC(450) Humongous regions: 471->108
[2022-12-13T06:32:52.069+0000][151028][gc,metaspace] GC(450) Metaspace: 176378K(180992K)->176378K(180992K) NonClass: 154748K(157248K)->154748K(157248K) Class: 21630K(23744K)->21630K(23744K)
[2022-12-13T06:32:52.069+0000][151028][gc          ] GC(450) Pause Young (Concurrent Start) (G1 Humongous Allocation) 2395M->898M(7992M) 6.723ms
[2022-12-13T06:32:52.069+0000][151028][gc          ] GC(451) Concurrent Undo Cycle
[2022-12-13T06:32:52.069+0000][151028][gc,cpu      ] GC(450) User=0.03s Sys=0.00s Real=0.00s
[2022-12-13T06:32:52.069+0000][151028][gc,marking  ] GC(451) Concurrent Cleanup for Next Mark
[2022-12-13T06:32:52.070+0000][151028][safepoint   ] Safepoint "G1TryInitiateConcMark", Time since last: 221237900 ns, Reaching safepoint: 13190300 ns, At safepoint: 7053100 ns, Total: 20243400 ns
[2022-12-13T06:32:52.070+0000][151028][gc,marking  ] GC(451) Concurrent Cleanup for Next Mark 0.773ms
[2022-12-13T06:32:52.070+0000][151028][gc          ] GC(451) Concurrent Undo Cycle 0.892ms
[2022-12-13T06:32:52.364+0000][151028][gc,start    ] GC(452) Pause Young (Concurrent Start) (G1 Humongous Allocation)
[2022-12-13T06:32:52.364+0000][151028][gc,task     ] GC(452) Using 10 workers of 10 for evacuation
[2022-12-13T06:32:52.364+0000][151028][gc,age      ] GC(452) Desired survivor size 314572800 bytes, new threshold 15 (max threshold 15)
[2022-12-13T06:32:52.370+0000][151028][gc,phases   ] GC(452)   Pre Evacuate Collection Set: 1.2ms
[2022-12-13T06:32:52.370+0000][151028][gc,phases   ] GC(452)   Merge Heap Roots: 0.2ms
[2022-12-13T06:32:52.371+0000][151028][gc,phases   ] GC(452)   Evacuate Collection Set: 3.0ms
[2022-12-13T06:32:52.371+0000][151028][gc,phases   ] GC(452)   Post Evacuate Collection Set: 1.9ms
[2022-12-13T06:32:52.371+0000][151028][gc,phases   ] GC(452)   Other: 0.0ms
[2022-12-13T06:32:52.371+0000][151028][gc,age      ] GC(452) Age table with threshold 15 (max threshold 15)
[2022-12-13T06:32:52.371+0000][151028][gc,age      ] GC(452) - age   1:    2077352 bytes,    2077352 total
[2022-12-13T06:32:52.371+0000][151028][gc,age      ] GC(452) - age   2:    2486376 bytes,    4563728 total
[2022-12-13T06:32:52.371+0000][151028][gc,age      ] GC(452) - age   3:     226200 bytes,    4789928 total
[2022-12-13T06:32:52.371+0000][151028][gc,age      ] GC(452) - age   4:    1293840 bytes,    6083768 total
[2022-12-13T06:32:52.371+0000][151028][gc,age      ] GC(452) - age   5:     137448 bytes,    6221216 total
[2022-12-13T06:32:52.371+0000][151028][gc,age      ] GC(452) - age   6:       7296 bytes,    6228512 total
[2022-12-13T06:32:52.371+0000][151028][gc,age      ] GC(452) - age   7:       8184 bytes,    6236696 total
[2022-12-13T06:32:52.371+0000][151028][gc,age      ] GC(452) - age   8:       1768 bytes,    6238464 total
[2022-12-13T06:32:52.371+0000][151028][gc,age      ] GC(452) - age   9:       5352 bytes,    6243816 total
[2022-12-13T06:32:52.371+0000][151028][gc,age      ] GC(452) - age  10:       3240 bytes,    6247056 total
[2022-12-13T06:32:52.371+0000][151028][gc,age      ] GC(452) - age  11:       5296 bytes,    6252352 total
[2022-12-13T06:32:52.371+0000][151028][gc,age      ] GC(452) - age  12:        104 bytes,    6252456 total
[2022-12-13T06:32:52.371+0000][151028][gc,age      ] GC(452) - age  13:       1552 bytes,    6254008 total
[2022-12-13T06:32:52.371+0000][151028][gc,age      ] GC(452) - age  14:       1056 bytes,    6255064 total
[2022-12-13T06:32:52.371+0000][151028][gc,age      ] GC(452) - age  15:       1056 bytes,    6256120 total
[2022-12-13T06:32:52.371+0000][151028][gc,heap     ] GC(452) Eden regions: 17->0(1196)
[2022-12-13T06:32:52.371+0000][151028][gc,heap     ] GC(452) Survivor regions: 2->2(150)
[2022-12-13T06:32:52.371+0000][151028][gc,heap     ] GC(452) Old regions: 115->115
[2022-12-13T06:32:52.371+0000][151028][gc,heap     ] GC(452) Archive regions: 2->2
[2022-12-13T06:32:52.371+0000][151028][gc,heap     ] GC(452) Humongous regions: 482->116
[2022-12-13T06:32:52.371+0000][151028][gc,metaspace] GC(452) Metaspace: 176379K(180992K)->176379K(180992K) NonClass: 154748K(157248K)->154748K(157248K) Class: 21630K(23744K)->21630K(23744K)
[2022-12-13T06:32:52.371+0000][151028][gc          ] GC(452) Pause Young (Concurrent Start) (G1 Humongous Allocation) 2461M->932M(7992M) 6.967ms
[2022-12-13T06:32:52.371+0000][151028][gc          ] GC(453) Concurrent Undo Cycle
[2022-12-13T06:32:52.371+0000][151028][gc,cpu      ] GC(452) User=0.03s Sys=0.00s Real=0.01s
[2022-12-13T06:32:52.371+0000][151028][gc,marking  ] GC(453) Concurrent Cleanup for Next Mark
[2022-12-13T06:32:52.371+0000][151028][safepoint   ] Safepoint "G1TryInitiateConcMark", Time since last: 269121100 ns, Reaching safepoint: 25175700 ns, At safepoint: 7262200 ns, Total: 32437900 ns
[2022-12-13T06:32:52.372+0000][151028][gc,marking  ] GC(453) Concurrent Cleanup for Next Mark 0.895ms
[2022-12-13T06:32:52.372+0000][151028][gc          ] GC(453) Concurrent Undo Cycle 1.021ms
[2022-12-13T06:32:52.660+0000][151028][gc,start    ] GC(454) Pause Young (Concurrent Start) (G1 Humongous Allocation)
[2022-12-13T06:32:52.660+0000][151028][gc,task     ] GC(454) Using 10 workers of 10 for evacuation
[2022-12-13T06:32:52.660+0000][151028][gc,age      ] GC(454) Desired survivor size 314572800 bytes, new threshold 15 (max threshold 15)
[2022-12-13T06:32:52.676+0000][151028][gc,phases   ] GC(454)   Pre Evacuate Collection Set: 0.8ms
[2022-12-13T06:32:52.676+0000][151028][gc,phases   ] GC(454)   Merge Heap Roots: 0.2ms
[2022-12-13T06:32:52.676+0000][151028][gc,phases   ] GC(454)   Evacuate Collection Set: 11.2ms
[2022-12-13T06:32:52.676+0000][151028][gc,phases   ] GC(454)   Post Evacuate Collection Set: 3.5ms
[2022-12-13T06:32:52.676+0000][151028][gc,phases   ] GC(454)   Other: 0.1ms
[2022-12-13T06:32:52.676+0000][151028][gc,age      ] GC(454) Age table with threshold 15 (max threshold 15)
[2022-12-13T06:32:52.676+0000][151028][gc,age      ] GC(454) - age   1:   33839784 bytes,   33839784 total
[2022-12-13T06:32:52.676+0000][151028][gc,age      ] GC(454) - age   2:    1190216 bytes,   35030000 total
[2022-12-13T06:32:52.676+0000][151028][gc,age      ] GC(454) - age   3:      32584 bytes,   35062584 total
[2022-12-13T06:32:52.676+0000][151028][gc,age      ] GC(454) - age   4:      81880 bytes,   35144464 total
[2022-12-13T06:32:52.676+0000][151028][gc,age      ] GC(454) - age   5:    1161472 bytes,   36305936 total
[2022-12-13T06:32:52.676+0000][151028][gc,age      ] GC(454) - age   6:     137408 bytes,   36443344 total
[2022-12-13T06:32:52.676+0000][151028][gc,age      ] GC(454) - age   7:       6936 bytes,   36450280 total
[2022-12-13T06:32:52.676+0000][151028][gc,age      ] GC(454) - age   8:       8064 bytes,   36458344 total
[2022-12-13T06:32:52.676+0000][151028][gc,age      ] GC(454) - age   9:       1768 bytes,   36460112 total
[2022-12-13T06:32:52.676+0000][151028][gc,age      ] GC(454) - age  10:       5112 bytes,   36465224 total
[2022-12-13T06:32:52.676+0000][151028][gc,age      ] GC(454) - age  11:       2240 bytes,   36467464 total
[2022-12-13T06:32:52.676+0000][151028][gc,age      ] GC(454) - age  12:       5296 bytes,   36472760 total
[2022-12-13T06:32:52.676+0000][151028][gc,age      ] GC(454) - age  13:        104 bytes,   36472864 total
[2022-12-13T06:32:52.676+0000][151028][gc,age      ] GC(454) - age  14:       1552 bytes,   36474416 total
[2022-12-13T06:32:52.676+0000][151028][gc,age      ] GC(454) - age  15:       1056 bytes,   36475472 total
[2022-12-13T06:32:52.676+0000][151028][gc,heap     ] GC(454) Eden regions: 48->0(1189)
[2022-12-13T06:32:52.676+0000][151028][gc,heap     ] GC(454) Survivor regions: 2->9(150)
[2022-12-13T06:32:52.676+0000][151028][gc,heap     ] GC(454) Old regions: 115->115
[2022-12-13T06:32:52.676+0000][151028][gc,heap     ] GC(454) Archive regions: 2->2
[2022-12-13T06:32:52.676+0000][151028][gc,heap     ] GC(454) Humongous regions: 479->47
[2022-12-13T06:32:52.676+0000][151028][gc,metaspace] GC(454) Metaspace: 176379K(180992K)->176379K(180992K) NonClass: 154748K(157248K)->154748K(157248K) Class: 21630K(23744K)->21630K(23744K)
[2022-12-13T06:32:52.676+0000][151028][gc          ] GC(454) Pause Young (Concurrent Start) (G1 Humongous Allocation) 2574M->684M(7992M) 16.316ms
[2022-12-13T06:32:52.676+0000][151028][gc          ] GC(455) Concurrent Undo Cycle
[2022-12-13T06:32:52.676+0000][151028][gc,cpu      ] GC(454) User=0.11s Sys=0.01s Real=0.01s
[2022-12-13T06:32:52.676+0000][151028][gc,marking  ] GC(455) Concurrent Cleanup for Next Mark
[2022-12-13T06:32:52.677+0000][151028][safepoint   ] Safepoint "G1TryInitiateConcMark", Time since last: 279566300 ns, Reaching safepoint: 8883600 ns, At safepoint: 16705100 ns, Total: 25588700 ns
[2022-12-13T06:32:52.677+0000][151028][gc,marking  ] GC(455) Concurrent Cleanup for Next Mark 0.760ms
[2022-12-13T06:32:52.677+0000][151028][gc          ] GC(455) Concurrent Undo Cycle 0.911ms
[2022-12-13T06:32:53.028+0000][151028][gc,start    ] GC(456) Pause Young (Concurrent Start) (G1 Humongous Allocation)
[2022-12-13T06:32:53.028+0000][151028][gc,task     ] GC(456) Using 10 workers of 10 for evacuation
[2022-12-13T06:32:53.028+0000][151028][gc,age      ] GC(456) Desired survivor size 314572800 bytes, new threshold 15 (max threshold 15)
[2022-12-13T06:32:53.043+0000][151028][gc,phases   ] GC(456)   Pre Evacuate Collection Set: 0.9ms
[2022-12-13T06:32:53.043+0000][151028][gc,phases   ] GC(456)   Merge Heap Roots: 0.4ms
[2022-12-13T06:32:53.043+0000][151028][gc,phases   ] GC(456)   Evacuate Collection Set: 3.4ms
[2022-12-13T06:32:53.043+0000][151028][gc,phases   ] GC(456)   Post Evacuate Collection Set: 10.8ms
[2022-12-13T06:32:53.043+0000][151028][gc,phases   ] GC(456)   Other: 0.1ms
[2022-12-13T06:32:53.043+0000][151028][gc,age      ] GC(456) Age table with threshold 15 (max threshold 15)
[2022-12-13T06:32:53.043+0000][151028][gc,age      ] GC(456) - age   1:   11458464 bytes,   11458464 total
[2022-12-13T06:32:53.043+0000][151028][gc,age      ] GC(456) - age   2:   18216528 bytes,   29674992 total
[2022-12-13T06:32:53.043+0000][151028][gc,age      ] GC(456) - age   3:      13944 bytes,   29688936 total
[2022-12-13T06:32:53.043+0000][151028][gc,age      ] GC(456) - age   4:      14248 bytes,   29703184 total
[2022-12-13T06:32:53.043+0000][151028][gc,age      ] GC(456) - age   5:      75368 bytes,   29778552 total
[2022-12-13T06:32:53.043+0000][151028][gc,age      ] GC(456) - age   6:    1160952 bytes,   30939504 total
[2022-12-13T06:32:53.043+0000][151028][gc,age      ] GC(456) - age   7:     137408 bytes,   31076912 total
[2022-12-13T06:32:53.043+0000][151028][gc,age      ] GC(456) - age   8:       6936 bytes,   31083848 total
[2022-12-13T06:32:53.043+0000][151028][gc,age      ] GC(456) - age   9:       8024 bytes,   31091872 total
[2022-12-13T06:32:53.044+0000][151028][gc,age      ] GC(456) - age  10:       1688 bytes,   31093560 total
[2022-12-13T06:32:53.044+0000][151028][gc,age      ] GC(456) - age  11:       3712 bytes,   31097272 total
[2022-12-13T06:32:53.044+0000][151028][gc,age      ] GC(456) - age  12:       2240 bytes,   31099512 total
[2022-12-13T06:32:53.044+0000][151028][gc,age      ] GC(456) - age  13:       5296 bytes,   31104808 total
[2022-12-13T06:32:53.044+0000][151028][gc,age      ] GC(456) - age  14:        104 bytes,   31104912 total
[2022-12-13T06:32:53.044+0000][151028][gc,age      ] GC(456) - age  15:       1552 bytes,   31106464 total
[2022-12-13T06:32:53.044+0000][151028][gc,heap     ] GC(456) Eden regions: 60->0(1190)
[2022-12-13T06:32:53.044+0000][151028][gc,heap     ] GC(456) Survivor regions: 9->8(150)
[2022-12-13T06:32:53.044+0000][151028][gc,heap     ] GC(456) Old regions: 115->115
[2022-12-13T06:32:53.044+0000][151028][gc,heap     ] GC(456) Archive regions: 2->2
[2022-12-13T06:32:53.044+0000][151028][gc,heap     ] GC(456) Humongous regions: 476->138
[2022-12-13T06:32:53.044+0000][151028][gc,metaspace] GC(456) Metaspace: 176379K(180992K)->176379K(180992K) NonClass: 154748K(157248K)->154748K(157248K) Class: 21630K(23744K)->21630K(23744K)
[2022-12-13T06:32:53.044+0000][151028][gc          ] GC(456) Pause Young (Concurrent Start) (G1 Humongous Allocation) 2636M->1044M(7992M) 16.041ms
[2022-12-13T06:32:53.044+0000][151028][gc          ] GC(457) Concurrent Undo Cycle
[2022-12-13T06:32:53.044+0000][151028][gc,marking  ] GC(457) Concurrent Cleanup for Next Mark
[2022-12-13T06:32:53.044+0000][151028][gc,cpu      ] GC(456) User=0.11s Sys=0.00s Real=0.02s
[2022-12-13T06:32:53.045+0000][151028][safepoint   ] Safepoint "G1TryInitiateConcMark", Time since last: 314744900 ns, Reaching safepoint: 36615800 ns, At safepoint: 17098600 ns, Total: 53714400 ns
[2022-12-13T06:32:53.045+0000][151028][gc,marking  ] GC(457) Concurrent Cleanup for Next Mark 0.879ms
[2022-12-13T06:32:53.045+0000][151028][gc          ] GC(457) Concurrent Undo Cycle 0.998ms
[2022-12-13T06:32:53.275+0000][151028][gc,start    ] GC(458) Pause Young (Concurrent Start) (G1 Humongous Allocation)
[2022-12-13T06:32:53.275+0000][151028][gc,task     ] GC(458) Using 10 workers of 10 for evacuation
[2022-12-13T06:32:53.275+0000][151028][gc,age      ] GC(458) Desired survivor size 314572800 bytes, new threshold 15 (max threshold 15)
[2022-12-13T06:32:53.282+0000][151028][gc,phases   ] GC(458)   Pre Evacuate Collection Set: 0.9ms
[2022-12-13T06:32:53.282+0000][151028][gc,phases   ] GC(458)   Merge Heap Roots: 0.2ms
[2022-12-13T06:32:53.282+0000][151028][gc,phases   ] GC(458)   Evacuate Collection Set: 3.3ms
[2022-12-13T06:32:53.282+0000][151028][gc,phases   ] GC(458)   Post Evacuate Collection Set: 1.9ms
[2022-12-13T06:32:53.282+0000][151028][gc,phases   ] GC(458)   Other: 0.1ms
[2022-12-13T06:32:53.282+0000][151028][gc,age      ] GC(458) Age table with threshold 15 (max threshold 15)
[2022-12-13T06:32:53.282+0000][151028][gc,age      ] GC(458) - age   1:    2383032 bytes,    2383032 total
[2022-12-13T06:32:53.282+0000][151028][gc,age      ] GC(458) - age   2:     691984 bytes,    3075016 total
[2022-12-13T06:32:53.282+0000][151028][gc,age      ] GC(458) - age   3:     171672 bytes,    3246688 total
[2022-12-13T06:32:53.282+0000][151028][gc,age      ] GC(458) - age   4:       8240 bytes,    3254928 total
[2022-12-13T06:32:53.282+0000][151028][gc,age      ] GC(458) - age   5:      12144 bytes,    3267072 total
[2022-12-13T06:32:53.282+0000][151028][gc,age      ] GC(458) - age   6:      73384 bytes,    3340456 total
[2022-12-13T06:32:53.282+0000][151028][gc,age      ] GC(458) - age   7:    1160672 bytes,    4501128 total
[2022-12-13T06:32:53.282+0000][151028][gc,age      ] GC(458) - age   8:       6240 bytes,    4507368 total
[2022-12-13T06:32:53.282+0000][151028][gc,age      ] GC(458) - age   9:       6616 bytes,    4513984 total
[2022-12-13T06:32:53.282+0000][151028][gc,age      ] GC(458) - age  10:       7864 bytes,    4521848 total
[2022-12-13T06:32:53.282+0000][151028][gc,age      ] GC(458) - age  11:       1328 bytes,    4523176 total
[2022-12-13T06:32:53.282+0000][151028][gc,age      ] GC(458) - age  12:       3232 bytes,    4526408 total
[2022-12-13T06:32:53.282+0000][151028][gc,age      ] GC(458) - age  13:       1960 bytes,    4528368 total
[2022-12-13T06:32:53.282+0000][151028][gc,age      ] GC(458) - age  14:       5096 bytes,    4533464 total
[2022-12-13T06:32:53.282+0000][151028][gc,age      ] GC(458) - age  15:         64 bytes,    4533528 total
[2022-12-13T06:32:53.282+0000][151028][gc,heap     ] GC(458) Eden regions: 11->0(1196)
[2022-12-13T06:32:53.282+0000][151028][gc,heap     ] GC(458) Survivor regions: 8->2(150)
[2022-12-13T06:32:53.282+0000][151028][gc,heap     ] GC(458) Old regions: 115->115
[2022-12-13T06:32:53.282+0000][151028][gc,heap     ] GC(458) Archive regions: 2->2
[2022-12-13T06:32:53.282+0000][151028][gc,heap     ] GC(458) Humongous regions: 468->105
[2022-12-13T06:32:53.282+0000][151028][gc,metaspace] GC(458) Metaspace: 176379K(180992K)->176379K(180992K) NonClass: 154748K(157248K)->154748K(157248K) Class: 21630K(23744K)->21630K(23744K)
[2022-12-13T06:32:53.282+0000][151028][gc          ] GC(458) Pause Young (Concurrent Start) (G1 Humongous Allocation) 2405M->887M(7992M) 6.987ms
[2022-12-13T06:32:53.282+0000][151028][gc          ] GC(459) Concurrent Undo Cycle
[2022-12-13T06:32:53.282+0000][151028][gc,cpu      ] GC(458) User=0.02s Sys=0.00s Real=0.01s
[2022-12-13T06:32:53.282+0000][151028][gc,marking  ] GC(459) Concurrent Cleanup for Next Mark
[2022-12-13T06:32:53.283+0000][151028][safepoint   ] Safepoint "G1TryInitiateConcMark", Time since last: 194171100 ns, Reaching safepoint: 36422800 ns, At safepoint: 7376900 ns, Total: 43799700 ns
[2022-12-13T06:32:53.284+0000][151028][gc,marking  ] GC(459) Concurrent Cleanup for Next Mark 1.058ms
[2022-12-13T06:32:53.284+0000][151028][gc          ] GC(459) Concurrent Undo Cycle 1.202ms
[2022-12-13T06:32:53.842+0000][151028][gc,start    ] GC(460) Pause Young (Concurrent Start) (G1 Humongous Allocation)
[2022-12-13T06:32:53.842+0000][151028][gc,task     ] GC(460) Using 10 workers of 10 for evacuation
[2022-12-13T06:32:53.842+0000][151028][gc,age      ] GC(460) Desired survivor size 314572800 bytes, new threshold 15 (max threshold 15)
[2022-12-13T06:32:53.850+0000][151028][gc,phases   ] GC(460)   Pre Evacuate Collection Set: 0.8ms
[2022-12-13T06:32:53.850+0000][151028][gc,phases   ] GC(460)   Merge Heap Roots: 0.2ms
[2022-12-13T06:32:53.850+0000][151028][gc,phases   ] GC(460)   Evacuate Collection Set: 3.0ms
[2022-12-13T06:32:53.850+0000][151028][gc,phases   ] GC(460)   Post Evacuate Collection Set: 3.8ms
[2022-12-13T06:32:53.850+0000][151028][gc,phases   ] GC(460)   Other: 0.2ms
[2022-12-13T06:32:53.850+0000][151028][gc,age      ] GC(460) Age table with threshold 15 (max threshold 15)
[2022-12-13T06:32:53.850+0000][151028][gc,age      ] GC(460) - age   1:    6294488 bytes,    6294488 total
[2022-12-13T06:32:53.850+0000][151028][gc,age      ] GC(460) - age   2:     187408 bytes,    6481896 total
[2022-12-13T06:32:53.850+0000][151028][gc,age      ] GC(460) - age   3:      46512 bytes,    6528408 total
[2022-12-13T06:32:53.850+0000][151028][gc,age      ] GC(460) - age   4:     160896 bytes,    6689304 total
[2022-12-13T06:32:53.850+0000][151028][gc,age      ] GC(460) - age   5:       7928 bytes,    6697232 total
[2022-12-13T06:32:53.850+0000][151028][gc,age      ] GC(460) - age   6:      12064 bytes,    6709296 total
[2022-12-13T06:32:53.850+0000][151028][gc,age      ] GC(460) - age   7:      72384 bytes,    6781680 total
[2022-12-13T06:32:53.850+0000][151028][gc,age      ] GC(460) - age   8:    1160336 bytes,    7942016 total
[2022-12-13T06:32:53.850+0000][151028][gc,age      ] GC(460) - age   9:       6240 bytes,    7948256 total
[2022-12-13T06:32:53.850+0000][151028][gc,age      ] GC(460) - age  10:       6616 bytes,    7954872 total
[2022-12-13T06:32:53.850+0000][151028][gc,age      ] GC(460) - age  11:       6784 bytes,    7961656 total
[2022-12-13T06:32:53.850+0000][151028][gc,age      ] GC(460) - age  12:       1008 bytes,    7962664 total
[2022-12-13T06:32:53.850+0000][151028][gc,age      ] GC(460) - age  13:       2872 bytes,    7965536 total
[2022-12-13T06:32:53.850+0000][151028][gc,age      ] GC(460) - age  14:       1440 bytes,    7966976 total
[2022-12-13T06:32:53.850+0000][151028][gc,age      ] GC(460) - age  15:       4496 bytes,    7971472 total
[2022-12-13T06:32:53.850+0000][151028][gc,heap     ] GC(460) Eden regions: 27->0(1195)
[2022-12-13T06:32:53.850+0000][151028][gc,heap     ] GC(460) Survivor regions: 2->3(150)
[2022-12-13T06:32:53.850+0000][151028][gc,heap     ] GC(460) Old regions: 115->115
[2022-12-13T06:32:53.850+0000][151028][gc,heap     ] GC(460) Archive regions: 2->2
[2022-12-13T06:32:53.850+0000][151028][gc,heap     ] GC(460) Humongous regions: 468->138
[2022-12-13T06:32:53.850+0000][151028][gc,metaspace] GC(460) Metaspace: 176380K(180992K)->176380K(180992K) NonClass: 154749K(157248K)->154749K(157248K) Class: 21630K(23744K)->21630K(23744K)
[2022-12-13T06:32:53.850+0000][151028][gc          ] GC(460) Pause Young (Concurrent Start) (G1 Humongous Allocation) 2443M->1022M(7992M) 8.474ms
[2022-12-13T06:32:53.850+0000][151028][gc          ] GC(461) Concurrent Undo Cycle
[2022-12-13T06:32:53.850+0000][151028][gc,cpu      ] GC(460) User=0.03s Sys=0.01s Real=0.01s
[2022-12-13T06:32:53.850+0000][151028][gc,marking  ] GC(461) Concurrent Cleanup for Next Mark
[2022-12-13T06:32:53.851+0000][151028][safepoint   ] Safepoint "G1TryInitiateConcMark", Time since last: 478644700 ns, Reaching safepoint: 80203500 ns, At safepoint: 9050200 ns, Total: 89253700 ns
[2022-12-13T06:32:53.852+0000][151028][gc,marking  ] GC(461) Concurrent Cleanup for Next Mark 1.226ms
[2022-12-13T06:32:53.852+0000][151028][gc          ] GC(461) Concurrent Undo Cycle 1.384ms
[2022-12-13T06:32:54.215+0000][151028][gc,start    ] GC(462) Pause Young (Concurrent Start) (G1 Humongous Allocation)
[2022-12-13T06:32:54.216+0000][151028][gc,task     ] GC(462) Using 10 workers of 10 for evacuation
[2022-12-13T06:32:54.216+0000][151028][gc,age      ] GC(462) Desired survivor size 314572800 bytes, new threshold 15 (max threshold 15)
[2022-12-13T06:32:54.223+0000][151028][gc,phases   ] GC(462)   Pre Evacuate Collection Set: 0.8ms
[2022-12-13T06:32:54.223+0000][151028][gc,phases   ] GC(462)   Merge Heap Roots: 0.3ms
[2022-12-13T06:32:54.223+0000][151028][gc,phases   ] GC(462)   Evacuate Collection Set: 2.7ms
[2022-12-13T06:32:54.223+0000][151028][gc,phases   ] GC(462)   Post Evacuate Collection Set: 3.1ms
[2022-12-13T06:32:54.223+0000][151028][gc,phases   ] GC(462)   Other: 0.1ms
[2022-12-13T06:32:54.223+0000][151028][gc,age      ] GC(462) Age table with threshold 15 (max threshold 15)
[2022-12-13T06:32:54.223+0000][151028][gc,age      ] GC(462) - age   1:    2677680 bytes,    2677680 total
[2022-12-13T06:32:54.223+0000][151028][gc,age      ] GC(462) - age   2:     550880 bytes,    3228560 total
[2022-12-13T06:32:54.223+0000][151028][gc,age      ] GC(462) - age   3:     177664 bytes,    3406224 total
[2022-12-13T06:32:54.223+0000][151028][gc,age      ] GC(462) - age   4:      27936 bytes,    3434160 total
[2022-12-13T06:32:54.223+0000][151028][gc,age      ] GC(462) - age   5:      29592 bytes,    3463752 total
[2022-12-13T06:32:54.223+0000][151028][gc,age      ] GC(462) - age   6:       7536 bytes,    3471288 total
[2022-12-13T06:32:54.223+0000][151028][gc,age      ] GC(462) - age   7:      11472 bytes,    3482760 total
[2022-12-13T06:32:54.223+0000][151028][gc,age      ] GC(462) - age   8:      71696 bytes,    3554456 total
[2022-12-13T06:32:54.223+0000][151028][gc,age      ] GC(462) - age   9:    1159976 bytes,    4714432 total
[2022-12-13T06:32:54.223+0000][151028][gc,age      ] GC(462) - age  10:       5800 bytes,    4720232 total
[2022-12-13T06:32:54.223+0000][151028][gc,age      ] GC(462) - age  11:       5936 bytes,    4726168 total
[2022-12-13T06:32:54.223+0000][151028][gc,age      ] GC(462) - age  12:       5456 bytes,    4731624 total
[2022-12-13T06:32:54.223+0000][151028][gc,age      ] GC(462) - age  13:       1008 bytes,    4732632 total
[2022-12-13T06:32:54.223+0000][151028][gc,age      ] GC(462) - age  14:       2832 bytes,    4735464 total
[2022-12-13T06:32:54.223+0000][151028][gc,age      ] GC(462) - age  15:       1016 bytes,    4736480 total
[2022-12-13T06:32:54.223+0000][151028][gc,heap     ] GC(462) Eden regions: 19->0(1196)
[2022-12-13T06:32:54.223+0000][151028][gc,heap     ] GC(462) Survivor regions: 3->2(150)
[2022-12-13T06:32:54.223+0000][151028][gc,heap     ] GC(462) Old regions: 115->115
[2022-12-13T06:32:54.223+0000][151028][gc,heap     ] GC(462) Archive regions: 2->2
[2022-12-13T06:32:54.223+0000][151028][gc,heap     ] GC(462) Humongous regions: 468->6
[2022-12-13T06:32:54.223+0000][151028][gc,metaspace] GC(462) Metaspace: 176380K(180992K)->176380K(180992K) NonClass: 154749K(157248K)->154749K(157248K) Class: 21630K(23744K)->21630K(23744K)
[2022-12-13T06:32:54.223+0000][151028][gc          ] GC(462) Pause Young (Concurrent Start) (G1 Humongous Allocation) 2418M->490M(7992M) 7.455ms
[2022-12-13T06:32:54.223+0000][151028][gc          ] GC(463) Concurrent Undo Cycle
[2022-12-13T06:32:54.223+0000][151028][gc,cpu      ] GC(462) User=0.03s Sys=0.00s Real=0.01s
[2022-12-13T06:32:54.223+0000][151028][gc,marking  ] GC(463) Concurrent Cleanup for Next Mark
[2022-12-13T06:32:54.223+0000][151028][safepoint   ] Safepoint "G1TryInitiateConcMark", Time since last: 364666000 ns, Reaching safepoint: 189600 ns, At safepoint: 7681900 ns, Total: 7871500 ns
[2022-12-13T06:32:54.224+0000][151028][gc,marking  ] GC(463) Concurrent Cleanup for Next Mark 0.801ms
[2022-12-13T06:32:54.224+0000][151028][gc          ] GC(463) Concurrent Undo Cycle 0.940ms
[2022-12-13T06:32:54.713+0000][151028][gc,start    ] GC(464) Pause Young (Concurrent Start) (G1 Humongous Allocation)
[2022-12-13T06:32:54.713+0000][151028][gc,task     ] GC(464) Using 10 workers of 10 for evacuation
[2022-12-13T06:32:54.713+0000][151028][gc,age      ] GC(464) Desired survivor size 314572800 bytes, new threshold 15 (max threshold 15)
[2022-12-13T06:32:54.720+0000][151028][gc,phases   ] GC(464)   Pre Evacuate Collection Set: 0.9ms
[2022-12-13T06:32:54.720+0000][151028][gc,phases   ] GC(464)   Merge Heap Roots: 0.2ms
[2022-12-13T06:32:54.720+0000][151028][gc,phases   ] GC(464)   Evacuate Collection Set: 2.7ms
[2022-12-13T06:32:54.720+0000][151028][gc,phases   ] GC(464)   Post Evacuate Collection Set: 3.1ms
[2022-12-13T06:32:54.720+0000][151028][gc,phases   ] GC(464)   Other: 0.2ms
[2022-12-13T06:32:54.720+0000][151028][gc,age      ] GC(464) Age table with threshold 15 (max threshold 15)
[2022-12-13T06:32:54.720+0000][151028][gc,age      ] GC(464) - age   1:    2312800 bytes,    2312800 total
[2022-12-13T06:32:54.720+0000][151028][gc,age      ] GC(464) - age   2:     444632 bytes,    2757432 total
[2022-12-13T06:32:54.720+0000][151028][gc,age      ] GC(464) - age   3:     540144 bytes,    3297576 total
[2022-12-13T06:32:54.720+0000][151028][gc,age      ] GC(464) - age   4:      45392 bytes,    3342968 total
[2022-12-13T06:32:54.720+0000][151028][gc,age      ] GC(464) - age   5:      27792 bytes,    3370760 total
[2022-12-13T06:32:54.720+0000][151028][gc,age      ] GC(464) - age   6:      29472 bytes,    3400232 total
[2022-12-13T06:32:54.720+0000][151028][gc,age      ] GC(464) - age   7:       7376 bytes,    3407608 total
[2022-12-13T06:32:54.720+0000][151028][gc,age      ] GC(464) - age   8:      10712 bytes,    3418320 total
[2022-12-13T06:32:54.720+0000][151028][gc,age      ] GC(464) - age   9:      71456 bytes,    3489776 total
[2022-12-13T06:32:54.720+0000][151028][gc,age      ] GC(464) - age  10:    1158120 bytes,    4647896 total
[2022-12-13T06:32:54.720+0000][151028][gc,age      ] GC(464) - age  11:       5160 bytes,    4653056 total
[2022-12-13T06:32:54.720+0000][151028][gc,age      ] GC(464) - age  12:       4936 bytes,    4657992 total
[2022-12-13T06:32:54.720+0000][151028][gc,age      ] GC(464) - age  13:       5456 bytes,    4663448 total
[2022-12-13T06:32:54.720+0000][151028][gc,age      ] GC(464) - age  14:       1008 bytes,    4664456 total
[2022-12-13T06:32:54.720+0000][151028][gc,age      ] GC(464) - age  15:       2672 bytes,    4667128 total
[2022-12-13T06:32:54.720+0000][151028][gc,heap     ] GC(464) Eden regions: 16->0(1196)
[2022-12-13T06:32:54.720+0000][151028][gc,heap     ] GC(464) Survivor regions: 2->2(150)
[2022-12-13T06:32:54.720+0000][151028][gc,heap     ] GC(464) Old regions: 115->115
[2022-12-13T06:32:54.720+0000][151028][gc,heap     ] GC(464) Archive regions: 2->2
[2022-12-13T06:32:54.720+0000][151028][gc,heap     ] GC(464) Humongous regions: 468->72
[2022-12-13T06:32:54.720+0000][151028][gc,metaspace] GC(464) Metaspace: 176380K(180992K)->176380K(180992K) NonClass: 154749K(157248K)->154749K(157248K) Class: 21630K(23744K)->21630K(23744K)
[2022-12-13T06:32:54.720+0000][151028][gc          ] GC(464) Pause Young (Concurrent Start) (G1 Humongous Allocation) 2400M->754M(7992M) 7.612ms
[2022-12-13T06:32:54.720+0000][151028][gc          ] GC(465) Concurrent Undo Cycle
[2022-12-13T06:32:54.720+0000][151028][gc,cpu      ] GC(464) User=0.03s Sys=0.01s Real=0.01s
[2022-12-13T06:32:54.720+0000][151028][gc,marking  ] GC(465) Concurrent Cleanup for Next Mark
[2022-12-13T06:32:54.721+0000][151028][safepoint   ] Safepoint "G1TryInitiateConcMark", Time since last: 460981100 ns, Reaching safepoint: 28498500 ns, At safepoint: 7901900 ns, Total: 36400400 ns
[2022-12-13T06:32:54.721+0000][151028][gc,marking  ] GC(465) Concurrent Cleanup for Next Mark 0.610ms
[2022-12-13T06:32:54.721+0000][151028][gc          ] GC(465) Concurrent Undo Cycle 0.747ms
[2022-12-13T06:32:55.452+0000][151028][gc,start    ] GC(466) Pause Young (Concurrent Start) (G1 Humongous Allocation)
[2022-12-13T06:32:55.452+0000][151028][gc,task     ] GC(466) Using 10 workers of 10 for evacuation
[2022-12-13T06:32:55.452+0000][151028][gc,age      ] GC(466) Desired survivor size 314572800 bytes, new threshold 15 (max threshold 15)
[2022-12-13T06:32:55.461+0000][151028][gc,phases   ] GC(466)   Pre Evacuate Collection Set: 0.8ms
[2022-12-13T06:32:55.461+0000][151028][gc,phases   ] GC(466)   Merge Heap Roots: 0.2ms
[2022-12-13T06:32:55.461+0000][151028][gc,phases   ] GC(466)   Evacuate Collection Set: 3.9ms
[2022-12-13T06:32:55.461+0000][151028][gc,phases   ] GC(466)   Post Evacuate Collection Set: 3.5ms
[2022-12-13T06:32:55.461+0000][151028][gc,phases   ] GC(466)   Other: 0.1ms
[2022-12-13T06:32:55.461+0000][151028][gc,age      ] GC(466) Age table with threshold 15 (max threshold 15)
[2022-12-13T06:32:55.461+0000][151028][gc,age      ] GC(466) - age   1:    7854664 bytes,    7854664 total
[2022-12-13T06:32:55.461+0000][151028][gc,age      ] GC(466) - age   2:     122352 bytes,    7977016 total
[2022-12-13T06:32:55.461+0000][151028][gc,age      ] GC(466) - age   3:     287592 bytes,    8264608 total
[2022-12-13T06:32:55.461+0000][151028][gc,age      ] GC(466) - age   4:     277432 bytes,    8542040 total
[2022-12-13T06:32:55.461+0000][151028][gc,age      ] GC(466) - age   5:      44728 bytes,    8586768 total
[2022-12-13T06:32:55.461+0000][151028][gc,age      ] GC(466) - age   6:      27712 bytes,    8614480 total
[2022-12-13T06:32:55.461+0000][151028][gc,age      ] GC(466) - age   7:      29312 bytes,    8643792 total
[2022-12-13T06:32:55.461+0000][151028][gc,age      ] GC(466) - age   8:       7096 bytes,    8650888 total
[2022-12-13T06:32:55.461+0000][151028][gc,age      ] GC(466) - age   9:       8832 bytes,    8659720 total
[2022-12-13T06:32:55.461+0000][151028][gc,age      ] GC(466) - age  10:      69616 bytes,    8729336 total
[2022-12-13T06:32:55.461+0000][151028][gc,age      ] GC(466) - age  11:    1155600 bytes,    9884936 total
[2022-12-13T06:32:55.461+0000][151028][gc,age      ] GC(466) - age  12:       4640 bytes,    9889576 total
[2022-12-13T06:32:55.461+0000][151028][gc,age      ] GC(466) - age  13:       4536 bytes,    9894112 total
[2022-12-13T06:32:55.461+0000][151028][gc,age      ] GC(466) - age  14:       5056 bytes,    9899168 total
[2022-12-13T06:32:55.461+0000][151028][gc,age      ] GC(466) - age  15:        768 bytes,    9899936 total
[2022-12-13T06:32:55.461+0000][151028][gc,heap     ] GC(466) Eden regions: 39->0(1195)
[2022-12-13T06:32:55.461+0000][151028][gc,heap     ] GC(466) Survivor regions: 2->3(150)
[2022-12-13T06:32:55.461+0000][151028][gc,heap     ] GC(466) Old regions: 115->115
[2022-12-13T06:32:55.461+0000][151028][gc,heap     ] GC(466) Archive regions: 2->2
[2022-12-13T06:32:55.461+0000][151028][gc,heap     ] GC(466) Humongous regions: 468->6
[2022-12-13T06:32:55.461+0000][151028][gc,metaspace] GC(466) Metaspace: 176380K(180992K)->176380K(180992K) NonClass: 154749K(157248K)->154749K(157248K) Class: 21630K(23744K)->21630K(23744K)
[2022-12-13T06:32:55.461+0000][151028][gc          ] GC(466) Pause Young (Concurrent Start) (G1 Humongous Allocation) 2494M->495M(7992M) 9.110ms
[2022-12-13T06:32:55.461+0000][151028][gc          ] GC(467) Concurrent Undo Cycle
[2022-12-13T06:32:55.461+0000][151028][gc,cpu      ] GC(466) User=0.05s Sys=0.00s Real=0.01s
[2022-12-13T06:32:55.461+0000][151028][gc,marking  ] GC(467) Concurrent Cleanup for Next Mark
[2022-12-13T06:32:55.461+0000][151028][safepoint   ] Safepoint "G1TryInitiateConcMark", Time since last: 731191200 ns, Reaching safepoint: 214900 ns, At safepoint: 9381000 ns, Total: 9595900 ns
[2022-12-13T06:32:55.462+0000][151028][gc,marking  ] GC(467) Concurrent Cleanup for Next Mark 1.213ms
[2022-12-13T06:32:55.462+0000][151028][gc          ] GC(467) Concurrent Undo Cycle 1.356ms
[2022-12-13T06:32:56.329+0000][151028][gc,start    ] GC(468) Pause Young (Concurrent Start) (G1 Humongous Allocation)
[2022-12-13T06:32:56.329+0000][151028][gc,task     ] GC(468) Using 10 workers of 10 for evacuation
[2022-12-13T06:32:56.329+0000][151028][gc,age      ] GC(468) Desired survivor size 314572800 bytes, new threshold 15 (max threshold 15)
[2022-12-13T06:32:56.338+0000][151028][gc,phases   ] GC(468)   Pre Evacuate Collection Set: 0.9ms
[2022-12-13T06:32:56.338+0000][151028][gc,phases   ] GC(468)   Merge Heap Roots: 0.2ms
[2022-12-13T06:32:56.338+0000][151028][gc,phases   ] GC(468)   Evacuate Collection Set: 3.3ms
[2022-12-13T06:32:56.338+0000][151028][gc,phases   ] GC(468)   Post Evacuate Collection Set: 4.1ms
[2022-12-13T06:32:56.338+0000][151028][gc,phases   ] GC(468)   Other: 0.2ms
[2022-12-13T06:32:56.338+0000][151028][gc,age      ] GC(468) Age table with threshold 15 (max threshold 15)
[2022-12-13T06:32:56.338+0000][151028][gc,age      ] GC(468) - age   1:    4403808 bytes,    4403808 total
[2022-12-13T06:32:56.338+0000][151028][gc,age      ] GC(468) - age   2:    2278400 bytes,    6682208 total
[2022-12-13T06:32:56.338+0000][151028][gc,age      ] GC(468) - age   3:     121528 bytes,    6803736 total
[2022-12-13T06:32:56.338+0000][151028][gc,age      ] GC(468) - age   4:     287056 bytes,    7090792 total
[2022-12-13T06:32:56.338+0000][151028][gc,age      ] GC(468) - age   5:     276152 bytes,    7366944 total
[2022-12-13T06:32:56.338+0000][151028][gc,age      ] GC(468) - age   6:      44728 bytes,    7411672 total
[2022-12-13T06:32:56.338+0000][151028][gc,age      ] GC(468) - age   7:      27512 bytes,    7439184 total
[2022-12-13T06:32:56.338+0000][151028][gc,age      ] GC(468) - age   8:      29032 bytes,    7468216 total
[2022-12-13T06:32:56.338+0000][151028][gc,age      ] GC(468) - age   9:       7096 bytes,    7475312 total
[2022-12-13T06:32:56.338+0000][151028][gc,age      ] GC(468) - age  10:       7032 bytes,    7482344 total
[2022-12-13T06:32:56.338+0000][151028][gc,age      ] GC(468) - age  11:      67896 bytes,    7550240 total
[2022-12-13T06:32:56.338+0000][151028][gc,age      ] GC(468) - age  12:    1154160 bytes,    8704400 total
[2022-12-13T06:32:56.338+0000][151028][gc,age      ] GC(468) - age  13:       4120 bytes,    8708520 total
[2022-12-13T06:32:56.338+0000][151028][gc,age      ] GC(468) - age  14:       4256 bytes,    8712776 total
[2022-12-13T06:32:56.338+0000][151028][gc,age      ] GC(468) - age  15:       5056 bytes,    8717832 total
[2022-12-13T06:32:56.338+0000][151028][gc,heap     ] GC(468) Eden regions: 19->0(1195)
[2022-12-13T06:32:56.338+0000][151028][gc,heap     ] GC(468) Survivor regions: 3->3(150)
[2022-12-13T06:32:56.338+0000][151028][gc,heap     ] GC(468) Old regions: 115->115
[2022-12-13T06:32:56.338+0000][151028][gc,heap     ] GC(468) Archive regions: 2->2
[2022-12-13T06:32:56.338+0000][151028][gc,heap     ] GC(468) Humongous regions: 468->6
[2022-12-13T06:32:56.338+0000][151028][gc,metaspace] GC(468) Metaspace: 176381K(180992K)->176381K(180992K) NonClass: 154751K(157248K)->154751K(157248K) Class: 21630K(23744K)->21630K(23744K)
[2022-12-13T06:32:56.338+0000][151028][gc          ] GC(468) Pause Young (Concurrent Start) (G1 Humongous Allocation) 2419M->494M(7992M) 9.073ms
[2022-12-13T06:32:56.338+0000][151028][gc          ] GC(469) Concurrent Undo Cycle
[2022-12-13T06:32:56.338+0000][151028][gc,cpu      ] GC(468) User=0.04s Sys=0.00s Real=0.02s
[2022-12-13T06:32:56.339+0000][151028][gc,marking  ] GC(469) Concurrent Cleanup for Next Mark
[2022-12-13T06:32:56.339+0000][151028][safepoint   ] Safepoint "G1TryInitiateConcMark", Time since last: 867811500 ns, Reaching safepoint: 191100 ns, At safepoint: 9299800 ns, Total: 9490900 ns
[2022-12-13T06:32:56.339+0000][151028][gc,marking  ] GC(469) Concurrent Cleanup for Next Mark 0.662ms
[2022-12-13T06:32:56.339+0000][151028][gc          ] GC(469) Concurrent Undo Cycle 0.817ms
[2022-12-13T06:32:57.339+0000][151028][safepoint   ] Safepoint "Cleanup", Time since last: 1000140200 ns, Reaching safepoint: 233500 ns, At safepoint: 14200 ns, Total: 247700 ns
[2022-12-13T06:33:00.340+0000][151028][safepoint   ] Safepoint "Cleanup", Time since last: 3000349300 ns, Reaching safepoint: 202300 ns, At safepoint: 11900 ns, Total: 214200 ns
[2022-12-13T06:33:01.858+0000][151028][gc,start    ] GC(470) Pause Young (Concurrent Start) (G1 Humongous Allocation)
[2022-12-13T06:33:01.858+0000][151028][gc,task     ] GC(470) Using 10 workers of 10 for evacuation
[2022-12-13T06:33:01.858+0000][151028][gc,age      ] GC(470) Desired survivor size 314572800 bytes, new threshold 15 (max threshold 15)
[2022-12-13T06:33:01.870+0000][151028][gc,phases   ] GC(470)   Pre Evacuate Collection Set: 0.9ms
[2022-12-13T06:33:01.870+0000][151028][gc,phases   ] GC(470)   Merge Heap Roots: 0.2ms
[2022-12-13T06:33:01.870+0000][151028][gc,phases   ] GC(470)   Evacuate Collection Set: 7.6ms
[2022-12-13T06:33:01.870+0000][151028][gc,phases   ] GC(470)   Post Evacuate Collection Set: 3.0ms
[2022-12-13T06:33:01.870+0000][151028][gc,phases   ] GC(470)   Other: 0.1ms
[2022-12-13T06:33:01.870+0000][151028][gc,age      ] GC(470) Age table with threshold 15 (max threshold 15)
[2022-12-13T06:33:01.870+0000][151028][gc,age      ] GC(470) - age   1:   21471552 bytes,   21471552 total
[2022-12-13T06:33:01.870+0000][151028][gc,age      ] GC(470) - age   2:      12680 bytes,   21484232 total
[2022-12-13T06:33:01.870+0000][151028][gc,age      ] GC(470) - age   3:     282256 bytes,   21766488 total
[2022-12-13T06:33:01.870+0000][151028][gc,age      ] GC(470) - age   4:       6864 bytes,   21773352 total
[2022-12-13T06:33:01.870+0000][151028][gc,age      ] GC(470) - age   5:      10992 bytes,   21784344 total
[2022-12-13T06:33:01.870+0000][151028][gc,age      ] GC(470) - age   6:     138976 bytes,   21923320 total
[2022-12-13T06:33:01.870+0000][151028][gc,age      ] GC(470) - age   7:       5296 bytes,   21928616 total
[2022-12-13T06:33:01.870+0000][151028][gc,age      ] GC(470) - age   8:       7312 bytes,   21935928 total
[2022-12-13T06:33:01.870+0000][151028][gc,age      ] GC(470) - age   9:      21960 bytes,   21957888 total
[2022-12-13T06:33:01.870+0000][151028][gc,age      ] GC(470) - age  10:       4736 bytes,   21962624 total
[2022-12-13T06:33:01.870+0000][151028][gc,age      ] GC(470) - age  11:       4552 bytes,   21967176 total
[2022-12-13T06:33:01.870+0000][151028][gc,age      ] GC(470) - age  12:      60536 bytes,   22027712 total
[2022-12-13T06:33:01.870+0000][151028][gc,age      ] GC(470) - age  13:    1150320 bytes,   23178032 total
[2022-12-13T06:33:01.870+0000][151028][gc,age      ] GC(470) - age  14:       4000 bytes,   23182032 total
[2022-12-13T06:33:01.870+0000][151028][gc,age      ] GC(470) - age  15:       4216 bytes,   23186248 total
[2022-12-13T06:33:01.870+0000][151028][gc,heap     ] GC(470) Eden regions: 52->0(1192)
[2022-12-13T06:33:01.870+0000][151028][gc,heap     ] GC(470) Survivor regions: 3->6(150)
[2022-12-13T06:33:01.870+0000][151028][gc,heap     ] GC(470) Old regions: 115->115
[2022-12-13T06:33:01.870+0000][151028][gc,heap     ] GC(470) Archive regions: 2->2
[2022-12-13T06:33:01.870+0000][151028][gc,heap     ] GC(470) Humongous regions: 482->113
[2022-12-13T06:33:01.870+0000][151028][gc,metaspace] GC(470) Metaspace: 176381K(180992K)->176381K(180992K) NonClass: 154751K(157248K)->154751K(157248K) Class: 21630K(23744K)->21630K(23744K)
[2022-12-13T06:33:01.870+0000][151028][gc          ] GC(470) Pause Young (Concurrent Start) (G1 Humongous Allocation) 2602M->936M(7992M) 12.293ms
[2022-12-13T06:33:01.870+0000][151028][gc          ] GC(471) Concurrent Undo Cycle
[2022-12-13T06:33:01.870+0000][151028][gc,cpu      ] GC(470) User=0.08s Sys=0.01s Real=0.02s
[2022-12-13T06:33:01.870+0000][151028][gc,marking  ] GC(471) Concurrent Cleanup for Next Mark
[2022-12-13T06:33:01.870+0000][151028][safepoint   ] Safepoint "G1TryInitiateConcMark", Time since last: 1451399500 ns, Reaching safepoint: 66678500 ns, At safepoint: 12771600 ns, Total: 79450100 ns
[2022-12-13T06:33:01.872+0000][151028][gc,marking  ] GC(471) Concurrent Cleanup for Next Mark 1.637ms
[2022-12-13T06:33:01.872+0000][151028][gc          ] GC(471) Concurrent Undo Cycle 1.835ms
[2022-12-13T06:33:02.151+0000][151028][gc,start    ] GC(472) Pause Young (Concurrent Start) (G1 Humongous Allocation)
[2022-12-13T06:33:02.152+0000][151028][gc,task     ] GC(472) Using 10 workers of 10 for evacuation
[2022-12-13T06:33:02.152+0000][151028][gc,age      ] GC(472) Desired survivor size 314572800 bytes, new threshold 15 (max threshold 15)
[2022-12-13T06:33:02.168+0000][151028][gc,phases   ] GC(472)   Pre Evacuate Collection Set: 1.1ms
[2022-12-13T06:33:02.168+0000][151028][gc,phases   ] GC(472)   Merge Heap Roots: 0.2ms
[2022-12-13T06:33:02.168+0000][151028][gc,phases   ] GC(472)   Evacuate Collection Set: 10.4ms
[2022-12-13T06:33:02.168+0000][151028][gc,phases   ] GC(472)   Post Evacuate Collection Set: 4.8ms
[2022-12-13T06:33:02.168+0000][151028][gc,phases   ] GC(472)   Other: 0.2ms
[2022-12-13T06:33:02.168+0000][151028][gc,age      ] GC(472) Age table with threshold 15 (max threshold 15)
[2022-12-13T06:33:02.168+0000][151028][gc,age      ] GC(472) - age   1:   11142176 bytes,   11142176 total
[2022-12-13T06:33:02.168+0000][151028][gc,age      ] GC(472) - age   2:   20996792 bytes,   32138968 total
[2022-12-13T06:33:02.168+0000][151028][gc,age      ] GC(472) - age   3:      12080 bytes,   32151048 total
[2022-12-13T06:33:02.168+0000][151028][gc,age      ] GC(472) - age   4:     281176 bytes,   32432224 total
[2022-12-13T06:33:02.168+0000][151028][gc,age      ] GC(472) - age   5:       6704 bytes,   32438928 total
[2022-12-13T06:33:02.168+0000][151028][gc,age      ] GC(472) - age   6:      10992 bytes,   32449920 total
[2022-12-13T06:33:02.168+0000][151028][gc,age      ] GC(472) - age   7:     138896 bytes,   32588816 total
[2022-12-13T06:33:02.168+0000][151028][gc,age      ] GC(472) - age   8:       5016 bytes,   32593832 total
[2022-12-13T06:33:02.168+0000][151028][gc,age      ] GC(472) - age   9:       7072 bytes,   32600904 total
[2022-12-13T06:33:02.168+0000][151028][gc,age      ] GC(472) - age  10:      21800 bytes,   32622704 total
[2022-12-13T06:33:02.168+0000][151028][gc,age      ] GC(472) - age  11:       4096 bytes,   32626800 total
[2022-12-13T06:33:02.168+0000][151028][gc,age      ] GC(472) - age  12:       4552 bytes,   32631352 total
[2022-12-13T06:33:02.168+0000][151028][gc,age      ] GC(472) - age  13:      60336 bytes,   32691688 total
[2022-12-13T06:33:02.168+0000][151028][gc,age      ] GC(472) - age  14:    1149960 bytes,   33841648 total
[2022-12-13T06:33:02.168+0000][151028][gc,age      ] GC(472) - age  15:       4000 bytes,   33845648 total
[2022-12-13T06:33:02.168+0000][151028][gc,heap     ] GC(472) Eden regions: 23->0(1189)
[2022-12-13T06:33:02.168+0000][151028][gc,heap     ] GC(472) Survivor regions: 6->9(150)
[2022-12-13T06:33:02.169+0000][151028][gc,heap     ] GC(472) Old regions: 115->115
[2022-12-13T06:33:02.169+0000][151028][gc,heap     ] GC(472) Archive regions: 2->2
[2022-12-13T06:33:02.169+0000][151028][gc,heap     ] GC(472) Humongous regions: 476->47
[2022-12-13T06:33:02.169+0000][151028][gc,metaspace] GC(472) Metaspace: 176381K(180992K)->176381K(180992K) NonClass: 154751K(157248K)->154751K(157248K) Class: 21630K(23744K)->21630K(23744K)
[2022-12-13T06:33:02.169+0000][151028][gc          ] GC(472) Pause Young (Concurrent Start) (G1 Humongous Allocation) 2480M->684M(7992M) 17.135ms
[2022-12-13T06:33:02.169+0000][151028][gc          ] GC(473) Concurrent Undo Cycle
[2022-12-13T06:33:02.169+0000][151028][gc,cpu      ] GC(472) User=0.11s Sys=0.00s Real=0.01s
[2022-12-13T06:33:02.169+0000][151028][gc,marking  ] GC(473) Concurrent Cleanup for Next Mark
[2022-12-13T06:33:02.169+0000][151028][safepoint   ] Safepoint "G1TryInitiateConcMark", Time since last: 265527500 ns, Reaching safepoint: 15488500 ns, At safepoint: 17480700 ns, Total: 32969200 ns
[2022-12-13T06:33:02.170+0000][151028][gc,marking  ] GC(473) Concurrent Cleanup for Next Mark 0.927ms
[2022-12-13T06:33:02.170+0000][151028][gc          ] GC(473) Concurrent Undo Cycle 1.063ms
[2022-12-13T06:33:02.195+0000][151028][safepoint   ] Safepoint "G1TryInitiateConcMark", Time since last: 2148500 ns, Reaching safepoint: 22927200 ns, At safepoint: 758900 ns, Total: 23686100 ns
[2022-12-13T06:33:02.195+0000][151028][gc,start    ] GC(474) Pause Young (Concurrent Start) (G1 Humongous Allocation)
[2022-12-13T06:33:02.195+0000][151028][gc,task     ] GC(474) Using 10 workers of 10 for evacuation
[2022-12-13T06:33:02.195+0000][151028][gc,age      ] GC(474) Desired survivor size 314572800 bytes, new threshold 15 (max threshold 15)
[2022-12-13T06:33:02.209+0000][151028][gc,phases   ] GC(474)   Pre Evacuate Collection Set: 0.9ms
[2022-12-13T06:33:02.209+0000][151028][gc,phases   ] GC(474)   Merge Heap Roots: 0.3ms
[2022-12-13T06:33:02.209+0000][151028][gc,phases   ] GC(474)   Evacuate Collection Set: 10.5ms
[2022-12-13T06:33:02.209+0000][151028][gc,phases   ] GC(474)   Post Evacuate Collection Set: 2.1ms
[2022-12-13T06:33:02.209+0000][151028][gc,phases   ] GC(474)   Other: 0.1ms
[2022-12-13T06:33:02.209+0000][151028][gc,age      ] GC(474) Age table with threshold 15 (max threshold 15)
[2022-12-13T06:33:02.209+0000][151028][gc,age      ] GC(474) - age   1:     448216 bytes,     448216 total
[2022-12-13T06:33:02.209+0000][151028][gc,age      ] GC(474) - age   2:   10616200 bytes,   11064416 total
[2022-12-13T06:33:02.209+0000][151028][gc,age      ] GC(474) - age   3:   20962464 bytes,   32026880 total
[2022-12-13T06:33:02.209+0000][151028][gc,age      ] GC(474) - age   4:      11920 bytes,   32038800 total
[2022-12-13T06:33:02.209+0000][151028][gc,age      ] GC(474) - age   5:     281096 bytes,   32319896 total
[2022-12-13T06:33:02.209+0000][151028][gc,age      ] GC(474) - age   6:       6664 bytes,   32326560 total
[2022-12-13T06:33:02.209+0000][151028][gc,age      ] GC(474) - age   7:      10992 bytes,   32337552 total
[2022-12-13T06:33:02.209+0000][151028][gc,age      ] GC(474) - age   8:     138776 bytes,   32476328 total
[2022-12-13T06:33:02.209+0000][151028][gc,age      ] GC(474) - age   9:       5016 bytes,   32481344 total
[2022-12-13T06:33:02.209+0000][151028][gc,age      ] GC(474) - age  10:       7032 bytes,   32488376 total
[2022-12-13T06:33:02.209+0000][151028][gc,age      ] GC(474) - age  11:      21800 bytes,   32510176 total
[2022-12-13T06:33:02.209+0000][151028][gc,age      ] GC(474) - age  12:       4096 bytes,   32514272 total
[2022-12-13T06:33:02.209+0000][151028][gc,age      ] GC(474) - age  13:       4552 bytes,   32518824 total
[2022-12-13T06:33:02.209+0000][151028][gc,age      ] GC(474) - age  14:      60256 bytes,   32579080 total
[2022-12-13T06:33:02.209+0000][151028][gc,age      ] GC(474) - age  15:    1149960 bytes,   33729040 total
[2022-12-13T06:33:02.209+0000][151028][gc,heap     ] GC(474) Eden regions: 3->0(1189)
[2022-12-13T06:33:02.209+0000][151028][gc,heap     ] GC(474) Survivor regions: 9->9(150)
[2022-12-13T06:33:02.209+0000][151028][gc,heap     ] GC(474) Old regions: 115->115
[2022-12-13T06:33:02.210+0000][151028][gc,heap     ] GC(474) Archive regions: 2->2
[2022-12-13T06:33:02.210+0000][151028][gc,heap     ] GC(474) Humongous regions: 80->14
[2022-12-13T06:33:02.210+0000][151028][gc,metaspace] GC(474) Metaspace: 176381K(180992K)->176381K(180992K) NonClass: 154751K(157248K)->154751K(157248K) Class: 21630K(23744K)->21630K(23744K)
[2022-12-13T06:33:02.210+0000][151028][gc          ] GC(474) Pause Young (Concurrent Start) (G1 Humongous Allocation) 828M->551M(7992M) 14.395ms
[2022-12-13T06:33:02.210+0000][151028][gc          ] GC(475) Concurrent Undo Cycle
[2022-12-13T06:33:02.210+0000][151028][gc,cpu      ] GC(474) User=0.11s Sys=0.01s Real=0.01s
[2022-12-13T06:33:02.210+0000][151028][gc,marking  ] GC(475) Concurrent Cleanup for Next Mark
[2022-12-13T06:33:02.210+0000][151028][safepoint   ] Safepoint "G1TryInitiateConcMark", Time since last: 168500 ns, Reaching safepoint: 260400 ns, At safepoint: 14666900 ns, Total: 14927300 ns
[2022-12-13T06:33:02.211+0000][151028][gc,marking  ] GC(475) Concurrent Cleanup for Next Mark 0.789ms
[2022-12-13T06:33:02.211+0000][151028][gc          ] GC(475) Concurrent Undo Cycle 0.931ms
[2022-12-13T06:33:02.555+0000][151028][gc,start    ] GC(476) Pause Young (Concurrent Start) (G1 Humongous Allocation)
[2022-12-13T06:33:02.555+0000][151028][gc,task     ] GC(476) Using 10 workers of 10 for evacuation
[2022-12-13T06:33:02.555+0000][151028][gc,age      ] GC(476) Desired survivor size 314572800 bytes, new threshold 15 (max threshold 15)
[2022-12-13T06:33:02.569+0000][151028][gc,phases   ] GC(476)   Pre Evacuate Collection Set: 0.9ms
[2022-12-13T06:33:02.569+0000][151028][gc,phases   ] GC(476)   Merge Heap Roots: 0.3ms
[2022-12-13T06:33:02.569+0000][151028][gc,phases   ] GC(476)   Evacuate Collection Set: 3.9ms
[2022-12-13T06:33:02.570+0000][151028][gc,phases   ] GC(476)   Post Evacuate Collection Set: 9.4ms
[2022-12-13T06:33:02.570+0000][151028][gc,phases   ] GC(476)   Other: 0.1ms
[2022-12-13T06:33:02.570+0000][151028][gc,age      ] GC(476) Age table with threshold 15 (max threshold 15)
[2022-12-13T06:33:02.570+0000][151028][gc,age      ] GC(476) - age   1:    6623352 bytes,    6623352 total
[2022-12-13T06:33:02.570+0000][151028][gc,age      ] GC(476) - age   2:     226824 bytes,    6850176 total
[2022-12-13T06:33:02.570+0000][151028][gc,age      ] GC(476) - age   3:    8773024 bytes,   15623200 total
[2022-12-13T06:33:02.570+0000][151028][gc,age      ] GC(476) - age   4:   11867440 bytes,   27490640 total
[2022-12-13T06:33:02.570+0000][151028][gc,age      ] GC(476) - age   5:      11360 bytes,   27502000 total
[2022-12-13T06:33:02.570+0000][151028][gc,age      ] GC(476) - age   6:     149808 bytes,   27651808 total
[2022-12-13T06:33:02.570+0000][151028][gc,age      ] GC(476) - age   7:       6664 bytes,   27658472 total
[2022-12-13T06:33:02.570+0000][151028][gc,age      ] GC(476) - age   8:      10952 bytes,   27669424 total
[2022-12-13T06:33:02.570+0000][151028][gc,age      ] GC(476) - age   9:     138376 bytes,   27807800 total
[2022-12-13T06:33:02.570+0000][151028][gc,age      ] GC(476) - age  10:       5016 bytes,   27812816 total
[2022-12-13T06:33:02.570+0000][151028][gc,age      ] GC(476) - age  11:       6992 bytes,   27819808 total
[2022-12-13T06:33:02.570+0000][151028][gc,age      ] GC(476) - age  12:      21680 bytes,   27841488 total
[2022-12-13T06:33:02.570+0000][151028][gc,age      ] GC(476) - age  13:       3496 bytes,   27844984 total
[2022-12-13T06:33:02.570+0000][151028][gc,age      ] GC(476) - age  14:       4552 bytes,   27849536 total
[2022-12-13T06:33:02.570+0000][151028][gc,age      ] GC(476) - age  15:      60256 bytes,   27909792 total
[2022-12-13T06:33:02.570+0000][151028][gc,heap     ] GC(476) Eden regions: 22->0(1190)
[2022-12-13T06:33:02.570+0000][151028][gc,heap     ] GC(476) Survivor regions: 9->8(150)
[2022-12-13T06:33:02.570+0000][151028][gc,heap     ] GC(476) Old regions: 115->115
[2022-12-13T06:33:02.570+0000][151028][gc,heap     ] GC(476) Archive regions: 2->2
[2022-12-13T06:33:02.570+0000][151028][gc,heap     ] GC(476) Humongous regions: 476->105
[2022-12-13T06:33:02.570+0000][151028][gc,metaspace] GC(476) Metaspace: 176381K(180992K)->176381K(180992K) NonClass: 154751K(157248K)->154751K(157248K) Class: 21630K(23744K)->21630K(23744K)
[2022-12-13T06:33:02.570+0000][151028][gc          ] GC(476) Pause Young (Concurrent Start) (G1 Humongous Allocation) 2484M->911M(7992M) 15.058ms
[2022-12-13T06:33:02.570+0000][151028][gc          ] GC(477) Concurrent Undo Cycle
[2022-12-13T06:33:02.570+0000][151028][gc,cpu      ] GC(476) User=0.10s Sys=0.00s Real=0.01s
[2022-12-13T06:33:02.570+0000][151028][gc,marking  ] GC(477) Concurrent Cleanup for Next Mark
[2022-12-13T06:33:02.570+0000][151028][safepoint   ] Safepoint "G1TryInitiateConcMark", Time since last: 284677200 ns, Reaching safepoint: 60231700 ns, At safepoint: 15543100 ns, Total: 75774800 ns
[2022-12-13T06:33:02.571+0000][151028][gc,marking  ] GC(477) Concurrent Cleanup for Next Mark 1.207ms
[2022-12-13T06:33:02.571+0000][151028][gc          ] GC(477) Concurrent Undo Cycle 1.379ms
[2022-12-13T06:33:02.835+0000][151028][gc,start    ] GC(478) Pause Young (Concurrent Start) (G1 Humongous Allocation)
[2022-12-13T06:33:02.835+0000][151028][gc,task     ] GC(478) Using 10 workers of 10 for evacuation
[2022-12-13T06:33:02.835+0000][151028][gc,age      ] GC(478) Desired survivor size 314572800 bytes, new threshold 15 (max threshold 15)
[2022-12-13T06:33:02.841+0000][151028][gc,phases   ] GC(478)   Pre Evacuate Collection Set: 0.8ms
[2022-12-13T06:33:02.841+0000][151028][gc,phases   ] GC(478)   Merge Heap Roots: 0.2ms
[2022-12-13T06:33:02.841+0000][151028][gc,phases   ] GC(478)   Evacuate Collection Set: 3.0ms
[2022-12-13T06:33:02.841+0000][151028][gc,phases   ] GC(478)   Post Evacuate Collection Set: 1.9ms
[2022-12-13T06:33:02.841+0000][151028][gc,phases   ] GC(478)   Other: 0.2ms
[2022-12-13T06:33:02.841+0000][151028][gc,age      ] GC(478) Age table with threshold 15 (max threshold 15)
[2022-12-13T06:33:02.841+0000][151028][gc,age      ] GC(478) - age   1:    1715480 bytes,    1715480 total
[2022-12-13T06:33:02.841+0000][151028][gc,age      ] GC(478) - age   2:     399456 bytes,    2114936 total
[2022-12-13T06:33:02.841+0000][151028][gc,age      ] GC(478) - age   3:     212712 bytes,    2327648 total
[2022-12-13T06:33:02.841+0000][151028][gc,age      ] GC(478) - age   4:      66912 bytes,    2394560 total
[2022-12-13T06:33:02.841+0000][151028][gc,age      ] GC(478) - age   5:     331600 bytes,    2726160 total
[2022-12-13T06:33:02.841+0000][151028][gc,age      ] GC(478) - age   6:      11040 bytes,    2737200 total
[2022-12-13T06:33:02.841+0000][151028][gc,age      ] GC(478) - age   7:     148888 bytes,    2886088 total
[2022-12-13T06:33:02.841+0000][151028][gc,age      ] GC(478) - age   8:       6584 bytes,    2892672 total
[2022-12-13T06:33:02.841+0000][151028][gc,age      ] GC(478) - age   9:       9952 bytes,    2902624 total
[2022-12-13T06:33:02.841+0000][151028][gc,age      ] GC(478) - age  10:     138336 bytes,    3040960 total
[2022-12-13T06:33:02.841+0000][151028][gc,age      ] GC(478) - age  11:       4976 bytes,    3045936 total
[2022-12-13T06:33:02.841+0000][151028][gc,age      ] GC(478) - age  12:       6792 bytes,    3052728 total
[2022-12-13T06:33:02.841+0000][151028][gc,age      ] GC(478) - age  13:      21480 bytes,    3074208 total
[2022-12-13T06:33:02.841+0000][151028][gc,age      ] GC(478) - age  14:       3016 bytes,    3077224 total
[2022-12-13T06:33:02.841+0000][151028][gc,age      ] GC(478) - age  15:       4512 bytes,    3081736 total
[2022-12-13T06:33:02.841+0000][151028][gc,heap     ] GC(478) Eden regions: 9->0(1153)
[2022-12-13T06:33:02.841+0000][151028][gc,heap     ] GC(478) Survivor regions: 8->2(150)
[2022-12-13T06:33:02.841+0000][151028][gc,heap     ] GC(478) Old regions: 115->115
[2022-12-13T06:33:02.841+0000][151028][gc,heap     ] GC(478) Archive regions: 2->2
[2022-12-13T06:33:02.841+0000][151028][gc,heap     ] GC(478) Humongous regions: 468->138
[2022-12-13T06:33:02.841+0000][151028][gc,metaspace] GC(478) Metaspace: 176384K(180992K)->176384K(180992K) NonClass: 154754K(157248K)->154754K(157248K) Class: 21630K(23744K)->21630K(23744K)
[2022-12-13T06:33:02.841+0000][151028][gc          ] GC(478) Pause Young (Concurrent Start) (G1 Humongous Allocation) 2399M->1019M(7992M) 6.641ms
[2022-12-13T06:33:02.841+0000][151028][gc          ] GC(479) Concurrent Undo Cycle
[2022-12-13T06:33:02.841+0000][151028][gc,cpu      ] GC(478) User=0.02s Sys=0.00s Real=0.01s
[2022-12-13T06:33:02.841+0000][151028][gc,marking  ] GC(479) Concurrent Cleanup for Next Mark
[2022-12-13T06:33:02.842+0000][151028][safepoint   ] Safepoint "G1TryInitiateConcMark", Time since last: 205908300 ns, Reaching safepoint: 58413400 ns, At safepoint: 7108800 ns, Total: 65522200 ns
[2022-12-13T06:33:02.844+0000][151028][gc,marking  ] GC(479) Concurrent Cleanup for Next Mark 2.163ms
[2022-12-13T06:33:02.844+0000][151028][gc          ] GC(479) Concurrent Undo Cycle 2.418ms
[2022-12-13T06:33:03.089+0000][151028][gc,start    ] GC(480) Pause Young (Concurrent Start) (G1 Humongous Allocation)
[2022-12-13T06:33:03.089+0000][151028][gc,task     ] GC(480) Using 10 workers of 10 for evacuation
[2022-12-13T06:33:03.089+0000][151028][gc,age      ] GC(480) Desired survivor size 304087040 bytes, new threshold 15 (max threshold 15)
[2022-12-13T06:33:03.098+0000][151028][gc,phases   ] GC(480)   Pre Evacuate Collection Set: 1.1ms
[2022-12-13T06:33:03.098+0000][151028][gc,phases   ] GC(480)   Merge Heap Roots: 1.2ms
[2022-12-13T06:33:03.098+0000][151028][gc,phases   ] GC(480)   Evacuate Collection Set: 4.0ms
[2022-12-13T06:33:03.098+0000][151028][gc,phases   ] GC(480)   Post Evacuate Collection Set: 2.2ms
[2022-12-13T06:33:03.098+0000][151028][gc,phases   ] GC(480)   Other: 0.2ms
[2022-12-13T06:33:03.098+0000][151028][gc,age      ] GC(480) Age table with threshold 15 (max threshold 15)
[2022-12-13T06:33:03.098+0000][151028][gc,age      ] GC(480) - age   1:    3353456 bytes,    3353456 total
[2022-12-13T06:33:03.098+0000][151028][gc,age      ] GC(480) - age   2:    1177296 bytes,    4530752 total
[2022-12-13T06:33:03.098+0000][151028][gc,age      ] GC(480) - age   3:     121960 bytes,    4652712 total
[2022-12-13T06:33:03.098+0000][151028][gc,age      ] GC(480) - age   4:       1960 bytes,    4654672 total
[2022-12-13T06:33:03.098+0000][151028][gc,age      ] GC(480) - age   5:       8328 bytes,    4663000 total
[2022-12-13T06:33:03.098+0000][151028][gc,age      ] GC(480) - age   6:     193792 bytes,    4856792 total
[2022-12-13T06:33:03.098+0000][151028][gc,age      ] GC(480) - age   7:      10320 bytes,    4867112 total
[2022-12-13T06:33:03.098+0000][151028][gc,age      ] GC(480) - age   8:     146688 bytes,    5013800 total
[2022-12-13T06:33:03.098+0000][151028][gc,age      ] GC(480) - age   9:       5904 bytes,    5019704 total
[2022-12-13T06:33:03.098+0000][151028][gc,age      ] GC(480) - age  10:       9472 bytes,    5029176 total
[2022-12-13T06:33:03.098+0000][151028][gc,age      ] GC(480) - age  11:       7248 bytes,    5036424 total
[2022-12-13T06:33:03.098+0000][151028][gc,age      ] GC(480) - age  12:       4976 bytes,    5041400 total
[2022-12-13T06:33:03.098+0000][151028][gc,age      ] GC(480) - age  13:       6752 bytes,    5048152 total
[2022-12-13T06:33:03.098+0000][151028][gc,age      ] GC(480) - age  14:      21000 bytes,    5069152 total
[2022-12-13T06:33:03.098+0000][151028][gc,age      ] GC(480) - age  15:       3016 bytes,    5072168 total
[2022-12-13T06:33:03.098+0000][151028][gc,heap     ] GC(480) Eden regions: 12->0(1196)
[2022-12-13T06:33:03.098+0000][151028][gc,heap     ] GC(480) Survivor regions: 2->2(145)
[2022-12-13T06:33:03.098+0000][151028][gc,heap     ] GC(480) Old regions: 115->115
[2022-12-13T06:33:03.098+0000][151028][gc,heap     ] GC(480) Archive regions: 2->2
[2022-12-13T06:33:03.098+0000][151028][gc,heap     ] GC(480) Humongous regions: 468->72
[2022-12-13T06:33:03.098+0000][151028][gc,metaspace] GC(480) Metaspace: 176384K(180992K)->176384K(180992K) NonClass: 154754K(157248K)->154754K(157248K) Class: 21630K(23744K)->21630K(23744K)
[2022-12-13T06:33:03.098+0000][151028][gc          ] GC(480) Pause Young (Concurrent Start) (G1 Humongous Allocation) 2384M->756M(7992M) 9.199ms
[2022-12-13T06:33:03.098+0000][151028][gc          ] GC(481) Concurrent Undo Cycle
[2022-12-13T06:33:03.098+0000][151028][gc,cpu      ] GC(480) User=0.03s Sys=0.01s Real=0.02s
[2022-12-13T06:33:03.098+0000][151028][gc,marking  ] GC(481) Concurrent Cleanup for Next Mark
[2022-12-13T06:33:03.099+0000][151028][safepoint   ] Safepoint "G1TryInitiateConcMark", Time since last: 223526000 ns, Reaching safepoint: 23707600 ns, At safepoint: 9649500 ns, Total: 33357100 ns
[2022-12-13T06:33:03.099+0000][151028][gc,marking  ] GC(481) Concurrent Cleanup for Next Mark 1.015ms
[2022-12-13T06:33:03.099+0000][151028][gc          ] GC(481) Concurrent Undo Cycle 1.194ms
[2022-12-13T06:33:03.393+0000][151028][gc,start    ] GC(482) Pause Young (Concurrent Start) (G1 Humongous Allocation)
[2022-12-13T06:33:03.393+0000][151028][gc,task     ] GC(482) Using 10 workers of 10 for evacuation
[2022-12-13T06:33:03.393+0000][151028][gc,age      ] GC(482) Desired survivor size 314572800 bytes, new threshold 15 (max threshold 15)
[2022-12-13T06:33:03.403+0000][151028][gc,phases   ] GC(482)   Pre Evacuate Collection Set: 0.8ms
[2022-12-13T06:33:03.403+0000][151028][gc,phases   ] GC(482)   Merge Heap Roots: 0.2ms
[2022-12-13T06:33:03.403+0000][151028][gc,phases   ] GC(482)   Evacuate Collection Set: 3.5ms
[2022-12-13T06:33:03.403+0000][151028][gc,phases   ] GC(482)   Post Evacuate Collection Set: 5.8ms
[2022-12-13T06:33:03.403+0000][151028][gc,phases   ] GC(482)   Other: 0.1ms
[2022-12-13T06:33:03.403+0000][151028][gc,age      ] GC(482) Age table with threshold 15 (max threshold 15)
[2022-12-13T06:33:03.403+0000][151028][gc,age      ] GC(482) - age   1:    1572184 bytes,    1572184 total
[2022-12-13T06:33:03.403+0000][151028][gc,age      ] GC(482) - age   2:    2462248 bytes,    4034432 total
[2022-12-13T06:33:03.404+0000][151028][gc,age      ] GC(482) - age   3:     373496 bytes,    4407928 total
[2022-12-13T06:33:03.404+0000][151028][gc,age      ] GC(482) - age   4:      14272 bytes,    4422200 total
[2022-12-13T06:33:03.404+0000][151028][gc,age      ] GC(482) - age   5:        920 bytes,    4423120 total
[2022-12-13T06:33:03.404+0000][151028][gc,age      ] GC(482) - age   6:       6968 bytes,    4430088 total
[2022-12-13T06:33:03.404+0000][151028][gc,age      ] GC(482) - age   7:     189168 bytes,    4619256 total
[2022-12-13T06:33:03.404+0000][151028][gc,age      ] GC(482) - age   8:      10320 bytes,    4629576 total
[2022-12-13T06:33:03.404+0000][151028][gc,age      ] GC(482) - age   9:     146608 bytes,    4776184 total
[2022-12-13T06:33:03.404+0000][151028][gc,age      ] GC(482) - age  10:       5904 bytes,    4782088 total
[2022-12-13T06:33:03.404+0000][151028][gc,age      ] GC(482) - age  11:       9312 bytes,    4791400 total
[2022-12-13T06:33:03.404+0000][151028][gc,age      ] GC(482) - age  12:       7208 bytes,    4798608 total
[2022-12-13T06:33:03.404+0000][151028][gc,age      ] GC(482) - age  13:       4896 bytes,    4803504 total
[2022-12-13T06:33:03.404+0000][151028][gc,age      ] GC(482) - age  14:       5832 bytes,    4809336 total
[2022-12-13T06:33:03.404+0000][151028][gc,age      ] GC(482) - age  15:      21000 bytes,    4830336 total
[2022-12-13T06:33:03.404+0000][151028][gc,heap     ] GC(482) Eden regions: 11->0(1196)
[2022-12-13T06:33:03.404+0000][151028][gc,heap     ] GC(482) Survivor regions: 2->2(150)
[2022-12-13T06:33:03.404+0000][151028][gc,heap     ] GC(482) Old regions: 115->115
[2022-12-13T06:33:03.404+0000][151028][gc,heap     ] GC(482) Archive regions: 2->2
[2022-12-13T06:33:03.404+0000][151028][gc,heap     ] GC(482) Humongous regions: 470->140
[2022-12-13T06:33:03.404+0000][151028][gc,metaspace] GC(482) Metaspace: 176385K(180992K)->176385K(180992K) NonClass: 154754K(157248K)->154754K(157248K) Class: 21630K(23744K)->21630K(23744K)
[2022-12-13T06:33:03.404+0000][151028][gc          ] GC(482) Pause Young (Concurrent Start) (G1 Humongous Allocation) 2390M->1027M(7992M) 11.234ms
[2022-12-13T06:33:03.404+0000][151028][gc          ] GC(483) Concurrent Undo Cycle
[2022-12-13T06:33:03.404+0000][151028][gc,cpu      ] GC(482) User=0.03s Sys=0.00s Real=0.01s
[2022-12-13T06:33:03.404+0000][151028][gc,marking  ] GC(483) Concurrent Cleanup for Next Mark
[2022-12-13T06:33:03.404+0000][151028][safepoint   ] Safepoint "G1TryInitiateConcMark", Time since last: 228918900 ns, Reaching safepoint: 65084700 ns, At safepoint: 11671100 ns, Total: 76755800 ns
[2022-12-13T06:33:03.405+0000][151028][gc,marking  ] GC(483) Concurrent Cleanup for Next Mark 0.888ms
[2022-12-13T06:33:03.405+0000][151028][gc          ] GC(483) Concurrent Undo Cycle 1.040ms
[2022-12-13T06:33:03.662+0000][151028][gc,start    ] GC(484) Pause Young (Concurrent Start) (G1 Humongous Allocation)
[2022-12-13T06:33:03.662+0000][151028][gc,task     ] GC(484) Using 10 workers of 10 for evacuation
[2022-12-13T06:33:03.662+0000][151028][gc,age      ] GC(484) Desired survivor size 314572800 bytes, new threshold 15 (max threshold 15)
[2022-12-13T06:33:03.671+0000][151028][gc,phases   ] GC(484)   Pre Evacuate Collection Set: 0.8ms
[2022-12-13T06:33:03.671+0000][151028][gc,phases   ] GC(484)   Merge Heap Roots: 0.2ms
[2022-12-13T06:33:03.671+0000][151028][gc,phases   ] GC(484)   Evacuate Collection Set: 4.8ms
[2022-12-13T06:33:03.671+0000][151028][gc,phases   ] GC(484)   Post Evacuate Collection Set: 2.8ms
[2022-12-13T06:33:03.671+0000][151028][gc,phases   ] GC(484)   Other: 0.2ms
[2022-12-13T06:33:03.671+0000][151028][gc,age      ] GC(484) Age table with threshold 15 (max threshold 15)
[2022-12-13T06:33:03.672+0000][151028][gc,age      ] GC(484) - age   1:   10001152 bytes,   10001152 total
[2022-12-13T06:33:03.672+0000][151028][gc,age      ] GC(484) - age   2:     600616 bytes,   10601768 total
[2022-12-13T06:33:03.672+0000][151028][gc,age      ] GC(484) - age   3:    1707016 bytes,   12308784 total
[2022-12-13T06:33:03.672+0000][151028][gc,age      ] GC(484) - age   4:      11280 bytes,   12320064 total
[2022-12-13T06:33:03.672+0000][151028][gc,age      ] GC(484) - age   5:       4488 bytes,   12324552 total
[2022-12-13T06:33:03.672+0000][151028][gc,age      ] GC(484) - age   6:        920 bytes,   12325472 total
[2022-12-13T06:33:03.672+0000][151028][gc,age      ] GC(484) - age   7:       6888 bytes,   12332360 total
[2022-12-13T06:33:03.672+0000][151028][gc,age      ] GC(484) - age   8:      55664 bytes,   12388024 total
[2022-12-13T06:33:03.672+0000][151028][gc,age      ] GC(484) - age   9:      10320 bytes,   12398344 total
[2022-12-13T06:33:03.672+0000][151028][gc,age      ] GC(484) - age  10:     146568 bytes,   12544912 total
[2022-12-13T06:33:03.672+0000][151028][gc,age      ] GC(484) - age  11:       5864 bytes,   12550776 total
[2022-12-13T06:33:03.672+0000][151028][gc,age      ] GC(484) - age  12:       9312 bytes,   12560088 total
[2022-12-13T06:33:03.672+0000][151028][gc,age      ] GC(484) - age  13:       7168 bytes,   12567256 total
[2022-12-13T06:33:03.672+0000][151028][gc,age      ] GC(484) - age  14:       4456 bytes,   12571712 total
[2022-12-13T06:33:03.672+0000][151028][gc,age      ] GC(484) - age  15:       5752 bytes,   12577464 total
[2022-12-13T06:33:03.672+0000][151028][gc,heap     ] GC(484) Eden regions: 22->0(1194)
[2022-12-13T06:33:03.672+0000][151028][gc,heap     ] GC(484) Survivor regions: 2->4(150)
[2022-12-13T06:33:03.672+0000][151028][gc,heap     ] GC(484) Old regions: 115->115
[2022-12-13T06:33:03.672+0000][151028][gc,heap     ] GC(484) Archive regions: 2->2
[2022-12-13T06:33:03.672+0000][151028][gc,heap     ] GC(484) Humongous regions: 470->107
[2022-12-13T06:33:03.672+0000][151028][gc,metaspace] GC(484) Metaspace: 176385K(180992K)->176385K(180992K) NonClass: 154754K(157248K)->154754K(157248K) Class: 21630K(23744K)->21630K(23744K)
[2022-12-13T06:33:03.672+0000][151028][gc          ] GC(484) Pause Young (Concurrent Start) (G1 Humongous Allocation) 2435M->903M(7992M) 9.611ms
[2022-12-13T06:33:03.672+0000][151028][gc          ] GC(485) Concurrent Undo Cycle
[2022-12-13T06:33:03.672+0000][151028][gc,cpu      ] GC(484) User=0.05s Sys=0.00s Real=0.01s
[2022-12-13T06:33:03.672+0000][151028][gc,marking  ] GC(485) Concurrent Cleanup for Next Mark
[2022-12-13T06:33:03.672+0000][151028][safepoint   ] Safepoint "G1TryInitiateConcMark", Time since last: 222649600 ns, Reaching safepoint: 35369300 ns, At safepoint: 10012100 ns, Total: 45381400 ns
[2022-12-13T06:33:03.674+0000][151028][gc,marking  ] GC(485) Concurrent Cleanup for Next Mark 1.649ms
[2022-12-13T06:33:03.674+0000][151028][gc          ] GC(485) Concurrent Undo Cycle 1.836ms
[2022-12-13T06:33:03.983+0000][151028][gc,start    ] GC(486) Pause Young (Concurrent Start) (G1 Humongous Allocation)
[2022-12-13T06:33:03.983+0000][151028][gc,task     ] GC(486) Using 10 workers of 10 for evacuation
[2022-12-13T06:33:03.984+0000][151028][gc,age      ] GC(486) Desired survivor size 314572800 bytes, new threshold 15 (max threshold 15)
[2022-12-13T06:33:03.993+0000][151028][gc,phases   ] GC(486)   Pre Evacuate Collection Set: 1.0ms
[2022-12-13T06:33:03.993+0000][151028][gc,phases   ] GC(486)   Merge Heap Roots: 0.3ms
[2022-12-13T06:33:03.993+0000][151028][gc,phases   ] GC(486)   Evacuate Collection Set: 4.2ms
[2022-12-13T06:33:03.993+0000][151028][gc,phases   ] GC(486)   Post Evacuate Collection Set: 4.0ms
[2022-12-13T06:33:03.993+0000][151028][gc,phases   ] GC(486)   Other: 0.2ms
[2022-12-13T06:33:03.993+0000][151028][gc,age      ] GC(486) Age table with threshold 15 (max threshold 15)
[2022-12-13T06:33:03.993+0000][151028][gc,age      ] GC(486) - age   1:    6262376 bytes,    6262376 total
[2022-12-13T06:33:03.993+0000][151028][gc,age      ] GC(486) - age   2:    6681184 bytes,   12943560 total
[2022-12-13T06:33:03.993+0000][151028][gc,age      ] GC(486) - age   3:      64376 bytes,   13007936 total
[2022-12-13T06:33:03.993+0000][151028][gc,age      ] GC(486) - age   4:    1125592 bytes,   14133528 total
[2022-12-13T06:33:03.993+0000][151028][gc,age      ] GC(486) - age   5:      10864 bytes,   14144392 total
[2022-12-13T06:33:03.993+0000][151028][gc,age      ] GC(486) - age   6:       4488 bytes,   14148880 total
[2022-12-13T06:33:03.993+0000][151028][gc,age      ] GC(486) - age   7:        920 bytes,   14149800 total
[2022-12-13T06:33:03.993+0000][151028][gc,age      ] GC(486) - age   8:       6768 bytes,   14156568 total
[2022-12-13T06:33:03.993+0000][151028][gc,age      ] GC(486) - age   9:      54064 bytes,   14210632 total
[2022-12-13T06:33:03.993+0000][151028][gc,age      ] GC(486) - age  10:      10160 bytes,   14220792 total
[2022-12-13T06:33:03.993+0000][151028][gc,age      ] GC(486) - age  11:     146128 bytes,   14366920 total
[2022-12-13T06:33:03.993+0000][151028][gc,age      ] GC(486) - age  12:       5864 bytes,   14372784 total
[2022-12-13T06:33:03.993+0000][151028][gc,age      ] GC(486) - age  13:       9032 bytes,   14381816 total
[2022-12-13T06:33:03.993+0000][151028][gc,age      ] GC(486) - age  14:       6728 bytes,   14388544 total
[2022-12-13T06:33:03.993+0000][151028][gc,age      ] GC(486) - age  15:       4376 bytes,   14392920 total
[2022-12-13T06:33:03.994+0000][151028][gc,heap     ] GC(486) Eden regions: 25->0(1194)
[2022-12-13T06:33:03.994+0000][151028][gc,heap     ] GC(486) Survivor regions: 4->4(150)
[2022-12-13T06:33:03.994+0000][151028][gc,heap     ] GC(486) Old regions: 115->115
[2022-12-13T06:33:03.994+0000][151028][gc,heap     ] GC(486) Archive regions: 2->2
[2022-12-13T06:33:03.994+0000][151028][gc,heap     ] GC(486) Humongous regions: 478->45
[2022-12-13T06:33:03.994+0000][151028][gc,metaspace] GC(486) Metaspace: 176385K(180992K)->176385K(180992K) NonClass: 154754K(157248K)->154754K(157248K) Class: 21630K(23744K)->21630K(23744K)
[2022-12-13T06:33:03.994+0000][151028][gc          ] GC(486) Pause Young (Concurrent Start) (G1 Humongous Allocation) 2487M->657M(7992M) 10.280ms
[2022-12-13T06:33:03.994+0000][151028][gc          ] GC(487) Concurrent Undo Cycle
[2022-12-13T06:33:03.994+0000][151028][gc,cpu      ] GC(486) User=0.05s Sys=0.00s Real=0.01s
[2022-12-13T06:33:03.994+0000][151028][gc,marking  ] GC(487) Concurrent Cleanup for Next Mark
[2022-12-13T06:33:03.994+0000][151028][safepoint   ] Safepoint "G1TryInitiateConcMark", Time since last: 293193600 ns, Reaching safepoint: 17760600 ns, At safepoint: 10678500 ns, Total: 28439100 ns
[2022-12-13T06:33:03.995+0000][151028][gc,marking  ] GC(487) Concurrent Cleanup for Next Mark 0.959ms
[2022-12-13T06:33:03.995+0000][151028][gc          ] GC(487) Concurrent Undo Cycle 1.102ms
[2022-12-13T06:33:04.340+0000][151028][gc,start    ] GC(488) Pause Young (Concurrent Start) (G1 Humongous Allocation)
[2022-12-13T06:33:04.340+0000][151028][gc,task     ] GC(488) Using 10 workers of 10 for evacuation
[2022-12-13T06:33:04.340+0000][151028][gc,age      ] GC(488) Desired survivor size 314572800 bytes, new threshold 15 (max threshold 15)
[2022-12-13T06:33:04.348+0000][151028][gc,phases   ] GC(488)   Pre Evacuate Collection Set: 1.1ms
[2022-12-13T06:33:04.348+0000][151028][gc,phases   ] GC(488)   Merge Heap Roots: 0.4ms
[2022-12-13T06:33:04.348+0000][151028][gc,phases   ] GC(488)   Evacuate Collection Set: 3.9ms
[2022-12-13T06:33:04.348+0000][151028][gc,phases   ] GC(488)   Post Evacuate Collection Set: 2.8ms
[2022-12-13T06:33:04.348+0000][151028][gc,phases   ] GC(488)   Other: 0.2ms
[2022-12-13T06:33:04.348+0000][151028][gc,age      ] GC(488) Age table with threshold 15 (max threshold 15)
[2022-12-13T06:33:04.348+0000][151028][gc,age      ] GC(488) - age   1:    6557808 bytes,    6557808 total
[2022-12-13T06:33:04.348+0000][151028][gc,age      ] GC(488) - age   2:    3860808 bytes,   10418616 total
[2022-12-13T06:33:04.348+0000][151028][gc,age      ] GC(488) - age   3:     185824 bytes,   10604440 total
[2022-12-13T06:33:04.348+0000][151028][gc,age      ] GC(488) - age   4:      17112 bytes,   10621552 total
[2022-12-13T06:33:04.348+0000][151028][gc,age      ] GC(488) - age   5:      10872 bytes,   10632424 total
[2022-12-13T06:33:04.348+0000][151028][gc,age      ] GC(488) - age   6:      10712 bytes,   10643136 total
[2022-12-13T06:33:04.348+0000][151028][gc,age      ] GC(488) - age   7:       4424 bytes,   10647560 total
[2022-12-13T06:33:04.348+0000][151028][gc,age      ] GC(488) - age   8:        840 bytes,   10648400 total
[2022-12-13T06:33:04.348+0000][151028][gc,age      ] GC(488) - age   9:       6688 bytes,   10655088 total
[2022-12-13T06:33:04.348+0000][151028][gc,age      ] GC(488) - age  10:      51384 bytes,   10706472 total
[2022-12-13T06:33:04.348+0000][151028][gc,age      ] GC(488) - age  11:      10160 bytes,   10716632 total
[2022-12-13T06:33:04.348+0000][151028][gc,age      ] GC(488) - age  12:     146088 bytes,   10862720 total
[2022-12-13T06:33:04.348+0000][151028][gc,age      ] GC(488) - age  13:       5624 bytes,   10868344 total
[2022-12-13T06:33:04.348+0000][151028][gc,age      ] GC(488) - age  14:       8088 bytes,   10876432 total
[2022-12-13T06:33:04.348+0000][151028][gc,age      ] GC(488) - age  15:       6728 bytes,   10883160 total
[2022-12-13T06:33:04.348+0000][151028][gc,heap     ] GC(488) Eden regions: 14->0(1195)
[2022-12-13T06:33:04.348+0000][151028][gc,heap     ] GC(488) Survivor regions: 4->3(150)
[2022-12-13T06:33:04.348+0000][151028][gc,heap     ] GC(488) Old regions: 115->115
[2022-12-13T06:33:04.348+0000][151028][gc,heap     ] GC(488) Archive regions: 2->2
[2022-12-13T06:33:04.348+0000][151028][gc,heap     ] GC(488) Humongous regions: 474->45
[2022-12-13T06:33:04.348+0000][151028][gc,metaspace] GC(488) Metaspace: 176387K(180992K)->176387K(180992K) NonClass: 154757K(157248K)->154757K(157248K) Class: 21630K(23744K)->21630K(23744K)
[2022-12-13T06:33:04.348+0000][151028][gc          ] GC(488) Pause Young (Concurrent Start) (G1 Humongous Allocation) 2429M->653M(7992M) 8.904ms
[2022-12-13T06:33:04.348+0000][151028][gc          ] GC(489) Concurrent Undo Cycle
[2022-12-13T06:33:04.348+0000][151028][gc,cpu      ] GC(488) User=0.04s Sys=0.00s Real=0.00s
[2022-12-13T06:33:04.349+0000][151028][gc,marking  ] GC(489) Concurrent Cleanup for Next Mark
[2022-12-13T06:33:04.349+0000][151028][safepoint   ] Safepoint "G1TryInitiateConcMark", Time since last: 316623100 ns, Reaching safepoint: 28905500 ns, At safepoint: 9336000 ns, Total: 38241500 ns
[2022-12-13T06:33:04.350+0000][151028][gc,marking  ] GC(489) Concurrent Cleanup for Next Mark 1.277ms
[2022-12-13T06:33:04.350+0000][151028][gc          ] GC(489) Concurrent Undo Cycle 1.471ms
[2022-12-13T06:33:04.697+0000][151028][gc,start    ] GC(490) Pause Young (Concurrent Start) (G1 Humongous Allocation)
[2022-12-13T06:33:04.698+0000][151028][gc,task     ] GC(490) Using 10 workers of 10 for evacuation
[2022-12-13T06:33:04.698+0000][151028][gc,age      ] GC(490) Desired survivor size 314572800 bytes, new threshold 15 (max threshold 15)
[2022-12-13T06:33:04.710+0000][151028][gc,phases   ] GC(490)   Pre Evacuate Collection Set: 0.9ms
[2022-12-13T06:33:04.711+0000][151028][gc,phases   ] GC(490)   Merge Heap Roots: 0.2ms
[2022-12-13T06:33:04.711+0000][151028][gc,phases   ] GC(490)   Evacuate Collection Set: 9.3ms
[2022-12-13T06:33:04.711+0000][151028][gc,phases   ] GC(490)   Post Evacuate Collection Set: 2.3ms
[2022-12-13T06:33:04.711+0000][151028][gc,phases   ] GC(490)   Other: 0.1ms
[2022-12-13T06:33:04.711+0000][151028][gc,age      ] GC(490) Age table with threshold 15 (max threshold 15)
[2022-12-13T06:33:04.711+0000][151028][gc,age      ] GC(490) - age   1:   15387856 bytes,   15387856 total
[2022-12-13T06:33:04.711+0000][151028][gc,age      ] GC(490) - age   2:    5012480 bytes,   20400336 total
[2022-12-13T06:33:04.711+0000][151028][gc,age      ] GC(490) - age   3:    3033024 bytes,   23433360 total
[2022-12-13T06:33:04.711+0000][151028][gc,age      ] GC(490) - age   4:     136936 bytes,   23570296 total
[2022-12-13T06:33:04.711+0000][151028][gc,age      ] GC(490) - age   5:      16128 bytes,   23586424 total
[2022-12-13T06:33:04.711+0000][151028][gc,age      ] GC(490) - age   6:      10536 bytes,   23596960 total
[2022-12-13T06:33:04.711+0000][151028][gc,age      ] GC(490) - age   7:       9800 bytes,   23606760 total
[2022-12-13T06:33:04.711+0000][151028][gc,age      ] GC(490) - age   8:       4144 bytes,   23610904 total
[2022-12-13T06:33:04.711+0000][151028][gc,age      ] GC(490) - age   9:        840 bytes,   23611744 total
[2022-12-13T06:33:04.711+0000][151028][gc,age      ] GC(490) - age  10:       5608 bytes,   23617352 total
[2022-12-13T06:33:04.711+0000][151028][gc,age      ] GC(490) - age  11:      48496 bytes,   23665848 total
[2022-12-13T06:33:04.711+0000][151028][gc,age      ] GC(490) - age  12:       9960 bytes,   23675808 total
[2022-12-13T06:33:04.711+0000][151028][gc,age      ] GC(490) - age  13:     145528 bytes,   23821336 total
[2022-12-13T06:33:04.711+0000][151028][gc,age      ] GC(490) - age  14:       5264 bytes,   23826600 total
[2022-12-13T06:33:04.711+0000][151028][gc,age      ] GC(490) - age  15:       7888 bytes,   23834488 total
[2022-12-13T06:33:04.711+0000][151028][gc,heap     ] GC(490) Eden regions: 22->0(1191)
[2022-12-13T06:33:04.711+0000][151028][gc,heap     ] GC(490) Survivor regions: 3->7(150)
[2022-12-13T06:33:04.711+0000][151028][gc,heap     ] GC(490) Old regions: 115->115
[2022-12-13T06:33:04.711+0000][151028][gc,heap     ] GC(490) Archive regions: 2->2
[2022-12-13T06:33:04.711+0000][151028][gc,heap     ] GC(490) Humongous regions: 474->45
[2022-12-13T06:33:04.711+0000][151028][gc,metaspace] GC(490) Metaspace: 176389K(180992K)->176389K(180992K) NonClass: 154758K(157248K)->154758K(157248K) Class: 21630K(23744K)->21630K(23744K)
[2022-12-13T06:33:04.711+0000][151028][gc          ] GC(490) Pause Young (Concurrent Start) (G1 Humongous Allocation) 2457M->667M(7992M) 13.432ms
[2022-12-13T06:33:04.711+0000][151028][gc          ] GC(491) Concurrent Undo Cycle
[2022-12-13T06:33:04.711+0000][151028][gc,cpu      ] GC(490) User=0.10s Sys=0.01s Real=0.02s
[2022-12-13T06:33:04.711+0000][151028][gc,marking  ] GC(491) Concurrent Cleanup for Next Mark
[2022-12-13T06:33:04.711+0000][151028][safepoint   ] Safepoint "G1TryInitiateConcMark", Time since last: 324464500 ns, Reaching safepoint: 24182200 ns, At safepoint: 13827500 ns, Total: 38009700 ns
[2022-12-13T06:33:04.712+0000][151028][gc,marking  ] GC(491) Concurrent Cleanup for Next Mark 0.846ms
[2022-12-13T06:33:04.712+0000][151028][gc          ] GC(491) Concurrent Undo Cycle 1.017ms
[2022-12-13T06:33:05.041+0000][151028][gc,start    ] GC(492) Pause Young (Concurrent Start) (G1 Humongous Allocation)
[2022-12-13T06:33:05.041+0000][151028][gc,task     ] GC(492) Using 10 workers of 10 for evacuation
[2022-12-13T06:33:05.041+0000][151028][gc,age      ] GC(492) Desired survivor size 314572800 bytes, new threshold 15 (max threshold 15)
[2022-12-13T06:33:05.056+0000][151028][gc,phases   ] GC(492)   Pre Evacuate Collection Set: 0.9ms
[2022-12-13T06:33:05.056+0000][151028][gc,phases   ] GC(492)   Merge Heap Roots: 0.2ms
[2022-12-13T06:33:05.056+0000][151028][gc,phases   ] GC(492)   Evacuate Collection Set: 11.4ms
[2022-12-13T06:33:05.056+0000][151028][gc,phases   ] GC(492)   Post Evacuate Collection Set: 2.2ms
[2022-12-13T06:33:05.056+0000][151028][gc,phases   ] GC(492)   Other: 0.1ms
[2022-12-13T06:33:05.056+0000][151028][gc,age      ] GC(492) Age table with threshold 15 (max threshold 15)
[2022-12-13T06:33:05.056+0000][151028][gc,age      ] GC(492) - age   1:    9125864 bytes,    9125864 total
[2022-12-13T06:33:05.056+0000][151028][gc,age      ] GC(492) - age   2:   14955384 bytes,   24081248 total
[2022-12-13T06:33:05.056+0000][151028][gc,age      ] GC(492) - age   3:    3821544 bytes,   27902792 total
[2022-12-13T06:33:05.056+0000][151028][gc,age      ] GC(492) - age   4:    3022008 bytes,   30924800 total
[2022-12-13T06:33:05.056+0000][151028][gc,age      ] GC(492) - age   5:       5728 bytes,   30930528 total
[2022-12-13T06:33:05.056+0000][151028][gc,age      ] GC(492) - age   6:      15008 bytes,   30945536 total
[2022-12-13T06:33:05.056+0000][151028][gc,age      ] GC(492) - age   7:       9456 bytes,   30954992 total
[2022-12-13T06:33:05.056+0000][151028][gc,age      ] GC(492) - age   8:       9000 bytes,   30963992 total
[2022-12-13T06:33:05.056+0000][151028][gc,age      ] GC(492) - age   9:       3424 bytes,   30967416 total
[2022-12-13T06:33:05.056+0000][151028][gc,age      ] GC(492) - age  10:        600 bytes,   30968016 total
[2022-12-13T06:33:05.056+0000][151028][gc,age      ] GC(492) - age  11:       4728 bytes,   30972744 total
[2022-12-13T06:33:05.056+0000][151028][gc,age      ] GC(492) - age  12:      45008 bytes,   31017752 total
[2022-12-13T06:33:05.056+0000][151028][gc,age      ] GC(492) - age  13:       9560 bytes,   31027312 total
[2022-12-13T06:33:05.056+0000][151028][gc,age      ] GC(492) - age  14:     145448 bytes,   31172760 total
[2022-12-13T06:33:05.056+0000][151028][gc,age      ] GC(492) - age  15:       4896 bytes,   31177656 total
[2022-12-13T06:33:05.056+0000][151028][gc,heap     ] GC(492) Eden regions: 19->0(1190)
[2022-12-13T06:33:05.057+0000][151028][gc,heap     ] GC(492) Survivor regions: 7->8(150)
[2022-12-13T06:33:05.057+0000][151028][gc,heap     ] GC(492) Old regions: 115->115
[2022-12-13T06:33:05.057+0000][151028][gc,heap     ] GC(492) Archive regions: 2->2
[2022-12-13T06:33:05.057+0000][151028][gc,heap     ] GC(492) Humongous regions: 474->78
[2022-12-13T06:33:05.057+0000][151028][gc,metaspace] GC(492) Metaspace: 176396K(181056K)->176396K(181056K) NonClass: 154765K(157312K)->154765K(157312K) Class: 21630K(23744K)->21630K(23744K)
[2022-12-13T06:33:05.057+0000][151028][gc          ] GC(492) Pause Young (Concurrent Start) (G1 Humongous Allocation) 2455M->805M(7992M) 15.462ms
[2022-12-13T06:33:05.057+0000][151028][gc          ] GC(493) Concurrent Undo Cycle
[2022-12-13T06:33:05.057+0000][151028][gc,cpu      ] GC(492) User=0.12s Sys=0.00s Real=0.01s
[2022-12-13T06:33:05.057+0000][151028][gc,marking  ] GC(493) Concurrent Cleanup for Next Mark
[2022-12-13T06:33:05.057+0000][151028][safepoint   ] Safepoint "G1TryInitiateConcMark", Time since last: 293217000 ns, Reaching safepoint: 36606500 ns, At safepoint: 15807900 ns, Total: 52414400 ns
[2022-12-13T06:33:05.058+0000][151028][gc,marking  ] GC(493) Concurrent Cleanup for Next Mark 1.751ms
[2022-12-13T06:33:05.059+0000][151028][gc          ] GC(493) Concurrent Undo Cycle 1.949ms
[2022-12-13T06:33:05.350+0000][151028][gc,start    ] GC(494) Pause Young (Concurrent Start) (G1 Humongous Allocation)
[2022-12-13T06:33:05.350+0000][151028][gc,task     ] GC(494) Using 10 workers of 10 for evacuation
[2022-12-13T06:33:05.350+0000][151028][gc,age      ] GC(494) Desired survivor size 314572800 bytes, new threshold 15 (max threshold 15)
[2022-12-13T06:33:05.358+0000][151028][gc,phases   ] GC(494)   Pre Evacuate Collection Set: 0.8ms
[2022-12-13T06:33:05.358+0000][151028][gc,phases   ] GC(494)   Merge Heap Roots: 0.2ms
[2022-12-13T06:33:05.358+0000][151028][gc,phases   ] GC(494)   Evacuate Collection Set: 3.9ms
[2022-12-13T06:33:05.358+0000][151028][gc,phases   ] GC(494)   Post Evacuate Collection Set: 3.3ms
[2022-12-13T06:33:05.358+0000][151028][gc,phases   ] GC(494)   Other: 0.1ms
[2022-12-13T06:33:05.358+0000][151028][gc,age      ] GC(494) Age table with threshold 15 (max threshold 15)
[2022-12-13T06:33:05.358+0000][151028][gc,age      ] GC(494) - age   1:    3785176 bytes,    3785176 total
[2022-12-13T06:33:05.358+0000][151028][gc,age      ] GC(494) - age   2:    2390928 bytes,    6176104 total
[2022-12-13T06:33:05.358+0000][151028][gc,age      ] GC(494) - age   3:     972096 bytes,    7148200 total
[2022-12-13T06:33:05.358+0000][151028][gc,age      ] GC(494) - age   4:       8864 bytes,    7157064 total
[2022-12-13T06:33:05.358+0000][151028][gc,age      ] GC(494) - age   5:       5936 bytes,    7163000 total
[2022-12-13T06:33:05.358+0000][151028][gc,age      ] GC(494) - age   6:       5648 bytes,    7168648 total
[2022-12-13T06:33:05.358+0000][151028][gc,age      ] GC(494) - age   7:      10624 bytes,    7179272 total
[2022-12-13T06:33:05.359+0000][151028][gc,age      ] GC(494) - age   8:       8072 bytes,    7187344 total
[2022-12-13T06:33:05.359+0000][151028][gc,age      ] GC(494) - age   9:       8040 bytes,    7195384 total
[2022-12-13T06:33:05.359+0000][151028][gc,age      ] GC(494) - age  10:       3184 bytes,    7198568 total
[2022-12-13T06:33:05.359+0000][151028][gc,age      ] GC(494) - age  11:        600 bytes,    7199168 total
[2022-12-13T06:33:05.359+0000][151028][gc,age      ] GC(494) - age  12:       4608 bytes,    7203776 total
[2022-12-13T06:33:05.359+0000][151028][gc,age      ] GC(494) - age  13:      43632 bytes,    7247408 total
[2022-12-13T06:33:05.359+0000][151028][gc,age      ] GC(494) - age  14:       9560 bytes,    7256968 total
[2022-12-13T06:33:05.359+0000][151028][gc,age      ] GC(494) - age  15:     145328 bytes,    7402296 total
[2022-12-13T06:33:05.359+0000][151028][gc,heap     ] GC(494) Eden regions: 15->0(1195)
[2022-12-13T06:33:05.359+0000][151028][gc,heap     ] GC(494) Survivor regions: 8->3(150)
[2022-12-13T06:33:05.359+0000][151028][gc,heap     ] GC(494) Old regions: 115->115
[2022-12-13T06:33:05.359+0000][151028][gc,heap     ] GC(494) Archive regions: 2->2
[2022-12-13T06:33:05.359+0000][151028][gc,heap     ] GC(494) Humongous regions: 474->39
[2022-12-13T06:33:05.359+0000][151028][gc,metaspace] GC(494) Metaspace: 176396K(181056K)->176396K(181056K) NonClass: 154765K(157312K)->154765K(157312K) Class: 21630K(23744K)->21630K(23744K)
[2022-12-13T06:33:05.359+0000][151028][gc          ] GC(494) Pause Young (Concurrent Start) (G1 Humongous Allocation) 2449M->627M(7992M) 8.936ms
[2022-12-13T06:33:05.359+0000][151028][gc,cpu      ] GC(494) User=0.03s Sys=0.01s Real=0.02s
[2022-12-13T06:33:05.359+0000][151028][gc          ] GC(495) Concurrent Undo Cycle
[2022-12-13T06:33:05.359+0000][151028][safepoint   ] Safepoint "G1TryInitiateConcMark", Time since last: 292178000 ns, Reaching safepoint: 653100 ns, At safepoint: 9186300 ns, Total: 9839400 ns
[2022-12-13T06:33:05.359+0000][151028][gc,marking  ] GC(495) Concurrent Cleanup for Next Mark
[2022-12-13T06:33:05.360+0000][151028][gc,marking  ] GC(495) Concurrent Cleanup for Next Mark 1.315ms
[2022-12-13T06:33:05.360+0000][151028][gc          ] GC(495) Concurrent Undo Cycle 1.561ms
[2022-12-13T06:33:05.697+0000][151028][gc,start    ] GC(496) Pause Young (Concurrent Start) (G1 Humongous Allocation)
[2022-12-13T06:33:05.697+0000][151028][gc,task     ] GC(496) Using 10 workers of 10 for evacuation
[2022-12-13T06:33:05.697+0000][151028][gc,age      ] GC(496) Desired survivor size 314572800 bytes, new threshold 15 (max threshold 15)
[2022-12-13T06:33:05.705+0000][151028][gc,phases   ] GC(496)   Pre Evacuate Collection Set: 0.9ms
[2022-12-13T06:33:05.705+0000][151028][gc,phases   ] GC(496)   Merge Heap Roots: 0.4ms
[2022-12-13T06:33:05.705+0000][151028][gc,phases   ] GC(496)   Evacuate Collection Set: 4.5ms
[2022-12-13T06:33:05.705+0000][151028][gc,phases   ] GC(496)   Post Evacuate Collection Set: 1.9ms
[2022-12-13T06:33:05.705+0000][151028][gc,phases   ] GC(496)   Other: 0.2ms
[2022-12-13T06:33:05.705+0000][151028][gc,age      ] GC(496) Age table with threshold 15 (max threshold 15)
[2022-12-13T06:33:05.705+0000][151028][gc,age      ] GC(496) - age   1:    2216176 bytes,    2216176 total
[2022-12-13T06:33:05.705+0000][151028][gc,age      ] GC(496) - age   2:     738640 bytes,    2954816 total
[2022-12-13T06:33:05.705+0000][151028][gc,age      ] GC(496) - age   3:     587744 bytes,    3542560 total
[2022-12-13T06:33:05.705+0000][151028][gc,age      ] GC(496) - age   4:      33408 bytes,    3575968 total
[2022-12-13T06:33:05.705+0000][151028][gc,age      ] GC(496) - age   5:       8104 bytes,    3584072 total
[2022-12-13T06:33:05.705+0000][151028][gc,age      ] GC(496) - age   6:       5544 bytes,    3589616 total
[2022-12-13T06:33:05.705+0000][151028][gc,age      ] GC(496) - age   7:       5488 bytes,    3595104 total
[2022-12-13T06:33:05.705+0000][151028][gc,age      ] GC(496) - age   8:       8344 bytes,    3603448 total
[2022-12-13T06:33:05.705+0000][151028][gc,age      ] GC(496) - age   9:       5472 bytes,    3608920 total
[2022-12-13T06:33:05.705+0000][151028][gc,age      ] GC(496) - age  10:       7720 bytes,    3616640 total
[2022-12-13T06:33:05.705+0000][151028][gc,age      ] GC(496) - age  11:       3104 bytes,    3619744 total
[2022-12-13T06:33:05.705+0000][151028][gc,age      ] GC(496) - age  12:        600 bytes,    3620344 total
[2022-12-13T06:33:05.705+0000][151028][gc,age      ] GC(496) - age  13:       4288 bytes,    3624632 total
[2022-12-13T06:33:05.705+0000][151028][gc,age      ] GC(496) - age  14:      41672 bytes,    3666304 total
[2022-12-13T06:33:05.705+0000][151028][gc,age      ] GC(496) - age  15:       9400 bytes,    3675704 total
[2022-12-13T06:33:05.705+0000][151028][gc,heap     ] GC(496) Eden regions: 18->0(1196)
[2022-12-13T06:33:05.705+0000][151028][gc,heap     ] GC(496) Survivor regions: 3->2(150)
[2022-12-13T06:33:05.705+0000][151028][gc,heap     ] GC(496) Old regions: 115->115
[2022-12-13T06:33:05.705+0000][151028][gc,heap     ] GC(496) Archive regions: 2->2
[2022-12-13T06:33:05.705+0000][151028][gc,heap     ] GC(496) Humongous regions: 469->139
[2022-12-13T06:33:05.705+0000][151028][gc,metaspace] GC(496) Metaspace: 176396K(181056K)->176396K(181056K) NonClass: 154765K(157312K)->154765K(157312K) Class: 21630K(23744K)->21630K(23744K)
[2022-12-13T06:33:05.705+0000][151028][gc          ] GC(496) Pause Young (Concurrent Start) (G1 Humongous Allocation) 2419M->1022M(7992M) 8.602ms
[2022-12-13T06:33:05.706+0000][151028][gc          ] GC(497) Concurrent Undo Cycle
[2022-12-13T06:33:05.706+0000][151028][gc,cpu      ] GC(496) User=0.03s Sys=0.00s Real=0.01s
[2022-12-13T06:33:05.706+0000][151028][gc,marking  ] GC(497) Concurrent Cleanup for Next Mark
[2022-12-13T06:33:05.706+0000][151028][safepoint   ] Safepoint "G1TryInitiateConcMark", Time since last: 277219300 ns, Reaching safepoint: 60634200 ns, At safepoint: 9000000 ns, Total: 69634200 ns
[2022-12-13T06:33:05.707+0000][151028][gc,marking  ] GC(497) Concurrent Cleanup for Next Mark 1.432ms
[2022-12-13T06:33:05.707+0000][151028][gc          ] GC(497) Concurrent Undo Cycle 1.615ms
[2022-12-13T06:33:05.950+0000][151028][gc,start    ] GC(498) Pause Young (Concurrent Start) (G1 Humongous Allocation)
[2022-12-13T06:33:05.950+0000][151028][gc,task     ] GC(498) Using 10 workers of 10 for evacuation
[2022-12-13T06:33:05.950+0000][151028][gc,age      ] GC(498) Desired survivor size 314572800 bytes, new threshold 15 (max threshold 15)
[2022-12-13T06:33:05.956+0000][151028][gc,phases   ] GC(498)   Pre Evacuate Collection Set: 1.0ms
[2022-12-13T06:33:05.956+0000][151028][gc,phases   ] GC(498)   Merge Heap Roots: 0.2ms
[2022-12-13T06:33:05.956+0000][151028][gc,phases   ] GC(498)   Evacuate Collection Set: 3.2ms
[2022-12-13T06:33:05.956+0000][151028][gc,phases   ] GC(498)   Post Evacuate Collection Set: 2.0ms
[2022-12-13T06:33:05.956+0000][151028][gc,phases   ] GC(498)   Other: 0.1ms
[2022-12-13T06:33:05.956+0000][151028][gc,age      ] GC(498) Age table with threshold 15 (max threshold 15)
[2022-12-13T06:33:05.956+0000][151028][gc,age      ] GC(498) - age   1:    1256344 bytes,    1256344 total
[2022-12-13T06:33:05.956+0000][151028][gc,age      ] GC(498) - age   2:    1248208 bytes,    2504552 total
[2022-12-13T06:33:05.956+0000][151028][gc,age      ] GC(498) - age   3:     311352 bytes,    2815904 total
[2022-12-13T06:33:05.956+0000][151028][gc,age      ] GC(498) - age   4:     209280 bytes,    3025184 total
[2022-12-13T06:33:05.956+0000][151028][gc,age      ] GC(498) - age   5:      33368 bytes,    3058552 total
[2022-12-13T06:33:05.956+0000][151028][gc,age      ] GC(498) - age   6:       8104 bytes,    3066656 total
[2022-12-13T06:33:05.956+0000][151028][gc,age      ] GC(498) - age   7:       5424 bytes,    3072080 total
[2022-12-13T06:33:05.956+0000][151028][gc,age      ] GC(498) - age   8:       5368 bytes,    3077448 total
[2022-12-13T06:33:05.956+0000][151028][gc,age      ] GC(498) - age   9:       7344 bytes,    3084792 total
[2022-12-13T06:33:05.956+0000][151028][gc,age      ] GC(498) - age  10:       4872 bytes,    3089664 total
[2022-12-13T06:33:05.956+0000][151028][gc,age      ] GC(498) - age  11:       7680 bytes,    3097344 total
[2022-12-13T06:33:05.956+0000][151028][gc,age      ] GC(498) - age  12:       3104 bytes,    3100448 total
[2022-12-13T06:33:05.957+0000][151028][gc,age      ] GC(498) - age  13:        600 bytes,    3101048 total
[2022-12-13T06:33:05.957+0000][151028][gc,age      ] GC(498) - age  14:       4288 bytes,    3105336 total
[2022-12-13T06:33:05.957+0000][151028][gc,age      ] GC(498) - age  15:      40352 bytes,    3145688 total
[2022-12-13T06:33:05.957+0000][151028][gc,heap     ] GC(498) Eden regions: 8->0(1197)
[2022-12-13T06:33:05.957+0000][151028][gc,heap     ] GC(498) Survivor regions: 2->1(150)
[2022-12-13T06:33:05.957+0000][151028][gc,heap     ] GC(498) Old regions: 115->115
[2022-12-13T06:33:05.957+0000][151028][gc,heap     ] GC(498) Archive regions: 2->2
[2022-12-13T06:33:05.957+0000][151028][gc,heap     ] GC(498) Humongous regions: 469->106
[2022-12-13T06:33:05.957+0000][151028][gc,metaspace] GC(498) Metaspace: 176396K(181056K)->176396K(181056K) NonClass: 154765K(157312K)->154765K(157312K) Class: 21630K(23744K)->21630K(23744K)
[2022-12-13T06:33:05.957+0000][151028][gc          ] GC(498) Pause Young (Concurrent Start) (G1 Humongous Allocation) 2374M->890M(7992M) 7.057ms
[2022-12-13T06:33:05.957+0000][151028][gc          ] GC(499) Concurrent Undo Cycle
[2022-12-13T06:33:05.957+0000][151028][gc,cpu      ] GC(498) User=0.02s Sys=0.01s Real=0.01s
[2022-12-13T06:33:05.957+0000][151028][gc,marking  ] GC(499) Concurrent Cleanup for Next Mark
[2022-12-13T06:33:05.957+0000][151028][safepoint   ] Safepoint "G1TryInitiateConcMark", Time since last: 214992800 ns, Reaching safepoint: 28781400 ns, At safepoint: 7336100 ns, Total: 36117500 ns
[2022-12-13T06:33:05.958+0000][151028][gc,marking  ] GC(499) Concurrent Cleanup for Next Mark 1.441ms
[2022-12-13T06:33:05.958+0000][151028][gc          ] GC(499) Concurrent Undo Cycle 1.615ms
[2022-12-13T06:33:06.236+0000][151028][gc,start    ] GC(500) Pause Young (Concurrent Start) (G1 Humongous Allocation)
[2022-12-13T06:33:06.236+0000][151028][gc,task     ] GC(500) Using 10 workers of 10 for evacuation
[2022-12-13T06:33:06.236+0000][151028][gc,age      ] GC(500) Desired survivor size 314572800 bytes, new threshold 15 (max threshold 15)
[2022-12-13T06:33:06.243+0000][151028][gc,phases   ] GC(500)   Pre Evacuate Collection Set: 0.9ms
[2022-12-13T06:33:06.243+0000][151028][gc,phases   ] GC(500)   Merge Heap Roots: 0.2ms
[2022-12-13T06:33:06.243+0000][151028][gc,phases   ] GC(500)   Evacuate Collection Set: 3.6ms
[2022-12-13T06:33:06.244+0000][151028][gc,phases   ] GC(500)   Post Evacuate Collection Set: 2.2ms
[2022-12-13T06:33:06.244+0000][151028][gc,phases   ] GC(500)   Other: 0.1ms
[2022-12-13T06:33:06.244+0000][151028][gc,age      ] GC(500) Age table with threshold 15 (max threshold 15)
[2022-12-13T06:33:06.244+0000][151028][gc,age      ] GC(500) - age   1:    3122464 bytes,    3122464 total
[2022-12-13T06:33:06.244+0000][151028][gc,age      ] GC(500) - age   2:     999184 bytes,    4121648 total
[2022-12-13T06:33:06.244+0000][151028][gc,age      ] GC(500) - age   3:     656808 bytes,    4778456 total
[2022-12-13T06:33:06.244+0000][151028][gc,age      ] GC(500) - age   4:     140320 bytes,    4918776 total
[2022-12-13T06:33:06.244+0000][151028][gc,age      ] GC(500) - age   5:     209008 bytes,    5127784 total
[2022-12-13T06:33:06.244+0000][151028][gc,age      ] GC(500) - age   6:      33368 bytes,    5161152 total
[2022-12-13T06:33:06.244+0000][151028][gc,age      ] GC(500) - age   7:       7752 bytes,    5168904 total
[2022-12-13T06:33:06.244+0000][151028][gc,age      ] GC(500) - age   8:       5224 bytes,    5174128 total
[2022-12-13T06:33:06.244+0000][151028][gc,age      ] GC(500) - age   9:       5288 bytes,    5179416 total
[2022-12-13T06:33:06.244+0000][151028][gc,age      ] GC(500) - age  10:       5832 bytes,    5185248 total
[2022-12-13T06:33:06.244+0000][151028][gc,age      ] GC(500) - age  11:       4112 bytes,    5189360 total
[2022-12-13T06:33:06.244+0000][151028][gc,age      ] GC(500) - age  12:       7600 bytes,    5196960 total
[2022-12-13T06:33:06.244+0000][151028][gc,age      ] GC(500) - age  13:       3104 bytes,    5200064 total
[2022-12-13T06:33:06.244+0000][151028][gc,age      ] GC(500) - age  14:        600 bytes,    5200664 total
[2022-12-13T06:33:06.244+0000][151028][gc,age      ] GC(500) - age  15:       4288 bytes,    5204952 total
[2022-12-13T06:33:06.244+0000][151028][gc,heap     ] GC(500) Eden regions: 10->0(1196)
[2022-12-13T06:33:06.244+0000][151028][gc,heap     ] GC(500) Survivor regions: 1->2(150)
[2022-12-13T06:33:06.244+0000][151028][gc,heap     ] GC(500) Old regions: 115->115
[2022-12-13T06:33:06.244+0000][151028][gc,heap     ] GC(500) Archive regions: 2->2
[2022-12-13T06:33:06.244+0000][151028][gc,heap     ] GC(500) Humongous regions: 469->106
[2022-12-13T06:33:06.244+0000][151028][gc,metaspace] GC(500) Metaspace: 176396K(181056K)->176396K(181056K) NonClass: 154765K(157312K)->154765K(157312K) Class: 21630K(23744K)->21630K(23744K)
[2022-12-13T06:33:06.244+0000][151028][gc          ] GC(500) Pause Young (Concurrent Start) (G1 Humongous Allocation) 2380M->892M(7992M) 7.610ms
[2022-12-13T06:33:06.244+0000][151028][gc,cpu      ] GC(500) User=0.03s Sys=0.00s Real=0.01s
[2022-12-13T06:33:06.244+0000][151028][gc          ] GC(501) Concurrent Undo Cycle
[2022-12-13T06:33:06.244+0000][151028][gc,marking  ] GC(501) Concurrent Cleanup for Next Mark
[2022-12-13T06:33:06.244+0000][151028][safepoint   ] Safepoint "G1TryInitiateConcMark", Time since last: 250666600 ns, Reaching safepoint: 28646000 ns, At safepoint: 7892000 ns, Total: 36538000 ns
[2022-12-13T06:33:06.245+0000][151028][gc,marking  ] GC(501) Concurrent Cleanup for Next Mark 1.384ms
[2022-12-13T06:33:06.246+0000][151028][gc          ] GC(501) Concurrent Undo Cycle 1.609ms
[2022-12-13T06:33:06.556+0000][151028][gc,start    ] GC(502) Pause Young (Concurrent Start) (G1 Humongous Allocation)
[2022-12-13T06:33:06.556+0000][151028][gc,task     ] GC(502) Using 10 workers of 10 for evacuation
[2022-12-13T06:33:06.556+0000][151028][gc,age      ] GC(502) Desired survivor size 314572800 bytes, new threshold 15 (max threshold 15)
[2022-12-13T06:33:06.573+0000][151028][gc,phases   ] GC(502)   Pre Evacuate Collection Set: 1.2ms
[2022-12-13T06:33:06.573+0000][151028][gc,phases   ] GC(502)   Merge Heap Roots: 0.4ms
[2022-12-13T06:33:06.573+0000][151028][gc,phases   ] GC(502)   Evacuate Collection Set: 11.0ms
[2022-12-13T06:33:06.573+0000][151028][gc,phases   ] GC(502)   Post Evacuate Collection Set: 4.3ms
[2022-12-13T06:33:06.573+0000][151028][gc,phases   ] GC(502)   Other: 0.2ms
[2022-12-13T06:33:06.573+0000][151028][gc,age      ] GC(502) Age table with threshold 15 (max threshold 15)
[2022-12-13T06:33:06.573+0000][151028][gc,age      ] GC(502) - age   1:   21097552 bytes,   21097552 total
[2022-12-13T06:33:06.573+0000][151028][gc,age      ] GC(502) - age   2:    1058864 bytes,   22156416 total
[2022-12-13T06:33:06.573+0000][151028][gc,age      ] GC(502) - age   3:     273536 bytes,   22429952 total
[2022-12-13T06:33:06.573+0000][151028][gc,age      ] GC(502) - age   4:     152552 bytes,   22582504 total
[2022-12-13T06:33:06.573+0000][151028][gc,age      ] GC(502) - age   5:     136488 bytes,   22718992 total
[2022-12-13T06:33:06.573+0000][151028][gc,age      ] GC(502) - age   6:      77456 bytes,   22796448 total
[2022-12-13T06:33:06.573+0000][151028][gc,age      ] GC(502) - age   7:      32568 bytes,   22829016 total
[2022-12-13T06:33:06.573+0000][151028][gc,age      ] GC(502) - age   8:       6992 bytes,   22836008 total
[2022-12-13T06:33:06.573+0000][151028][gc,age      ] GC(502) - age   9:       5224 bytes,   22841232 total
[2022-12-13T06:33:06.573+0000][151028][gc,age      ] GC(502) - age  10:       5288 bytes,   22846520 total
[2022-12-13T06:33:06.573+0000][151028][gc,age      ] GC(502) - age  11:       5280 bytes,   22851800 total
[2022-12-13T06:33:06.573+0000][151028][gc,age      ] GC(502) - age  12:       3032 bytes,   22854832 total
[2022-12-13T06:33:06.573+0000][151028][gc,age      ] GC(502) - age  13:       7560 bytes,   22862392 total
[2022-12-13T06:33:06.573+0000][151028][gc,age      ] GC(502) - age  14:       3104 bytes,   22865496 total
[2022-12-13T06:33:06.573+0000][151028][gc,age      ] GC(502) - age  15:        600 bytes,   22866096 total
[2022-12-13T06:33:06.573+0000][151028][gc,heap     ] GC(502) Eden regions: 40->0(1192)
[2022-12-13T06:33:06.573+0000][151028][gc,heap     ] GC(502) Survivor regions: 2->6(150)
[2022-12-13T06:33:06.573+0000][151028][gc,heap     ] GC(502) Old regions: 115->115
[2022-12-13T06:33:06.573+0000][151028][gc,heap     ] GC(502) Archive regions: 2->2
[2022-12-13T06:33:06.573+0000][151028][gc,heap     ] GC(502) Humongous regions: 473->42
[2022-12-13T06:33:06.573+0000][151028][gc,metaspace] GC(502) Metaspace: 176396K(181056K)->176396K(181056K) NonClass: 154765K(157312K)->154765K(157312K) Class: 21630K(23744K)->21630K(23744K)
[2022-12-13T06:33:06.574+0000][151028][gc          ] GC(502) Pause Young (Concurrent Start) (G1 Humongous Allocation) 2518M->652M(7992M) 18.083ms
[2022-12-13T06:33:06.574+0000][151028][gc          ] GC(503) Concurrent Undo Cycle
[2022-12-13T06:33:06.574+0000][151028][gc,cpu      ] GC(502) User=0.12s Sys=0.00s Real=0.02s
[2022-12-13T06:33:06.574+0000][151028][gc,marking  ] GC(503) Concurrent Cleanup for Next Mark
[2022-12-13T06:33:06.574+0000][151028][safepoint   ] Safepoint "G1TryInitiateConcMark", Time since last: 297811900 ns, Reaching safepoint: 13574800 ns, At safepoint: 18655300 ns, Total: 32230100 ns
[2022-12-13T06:33:06.576+0000][151028][gc,marking  ] GC(503) Concurrent Cleanup for Next Mark 2.153ms
[2022-12-13T06:33:06.576+0000][151028][gc          ] GC(503) Concurrent Undo Cycle 2.367ms
[2022-12-13T06:33:06.921+0000][151028][gc,start    ] GC(504) Pause Young (Concurrent Start) (G1 Humongous Allocation)
[2022-12-13T06:33:06.921+0000][151028][gc,task     ] GC(504) Using 10 workers of 10 for evacuation
[2022-12-13T06:33:06.921+0000][151028][gc,age      ] GC(504) Desired survivor size 314572800 bytes, new threshold 15 (max threshold 15)
[2022-12-13T06:33:06.933+0000][151028][gc,phases   ] GC(504)   Pre Evacuate Collection Set: 1.0ms
[2022-12-13T06:33:06.933+0000][151028][gc,phases   ] GC(504)   Merge Heap Roots: 0.3ms
[2022-12-13T06:33:06.933+0000][151028][gc,phases   ] GC(504)   Evacuate Collection Set: 7.7ms
[2022-12-13T06:33:06.933+0000][151028][gc,phases   ] GC(504)   Post Evacuate Collection Set: 2.7ms
[2022-12-13T06:33:06.933+0000][151028][gc,phases   ] GC(504)   Other: 0.1ms
[2022-12-13T06:33:06.933+0000][151028][gc,age      ] GC(504) Age table with threshold 15 (max threshold 15)
[2022-12-13T06:33:06.933+0000][151028][gc,age      ] GC(504) - age   1:    7798688 bytes,    7798688 total
[2022-12-13T06:33:06.933+0000][151028][gc,age      ] GC(504) - age   2:   10618232 bytes,   18416920 total
[2022-12-13T06:33:06.933+0000][151028][gc,age      ] GC(504) - age   3:      99200 bytes,   18516120 total
[2022-12-13T06:33:06.933+0000][151028][gc,age      ] GC(504) - age   4:       5392 bytes,   18521512 total
[2022-12-13T06:33:06.933+0000][151028][gc,age      ] GC(504) - age   5:      19432 bytes,   18540944 total
[2022-12-13T06:33:06.933+0000][151028][gc,age      ] GC(504) - age   6:     135448 bytes,   18676392 total
[2022-12-13T06:33:06.933+0000][151028][gc,age      ] GC(504) - age   7:      76176 bytes,   18752568 total
[2022-12-13T06:33:06.933+0000][151028][gc,age      ] GC(504) - age   8:      31208 bytes,   18783776 total
[2022-12-13T06:33:06.933+0000][151028][gc,age      ] GC(504) - age   9:       6112 bytes,   18789888 total
[2022-12-13T06:33:06.933+0000][151028][gc,age      ] GC(504) - age  10:       4464 bytes,   18794352 total
[2022-12-13T06:33:06.933+0000][151028][gc,age      ] GC(504) - age  11:       3568 bytes,   18797920 total
[2022-12-13T06:33:06.933+0000][151028][gc,age      ] GC(504) - age  12:       3720 bytes,   18801640 total
[2022-12-13T06:33:06.933+0000][151028][gc,age      ] GC(504) - age  13:       3032 bytes,   18804672 total
[2022-12-13T06:33:06.933+0000][151028][gc,age      ] GC(504) - age  14:       7520 bytes,   18812192 total
[2022-12-13T06:33:06.933+0000][151028][gc,age      ] GC(504) - age  15:       3104 bytes,   18815296 total
[2022-12-13T06:33:06.933+0000][151028][gc,heap     ] GC(504) Eden regions: 30->0(662)
[2022-12-13T06:33:06.933+0000][151028][gc,heap     ] GC(504) Survivor regions: 6->5(150)
[2022-12-13T06:33:06.933+0000][151028][gc,heap     ] GC(504) Old regions: 115->115
[2022-12-13T06:33:06.933+0000][151028][gc,heap     ] GC(504) Archive regions: 2->2
[2022-12-13T06:33:06.934+0000][151028][gc,heap     ] GC(504) Humongous regions: 472->109
[2022-12-13T06:33:06.934+0000][151028][gc,metaspace] GC(504) Metaspace: 176396K(181056K)->176396K(181056K) NonClass: 154766K(157312K)->154766K(157312K) Class: 21630K(23744K)->21630K(23744K)
[2022-12-13T06:33:06.934+0000][151028][gc          ] GC(504) Pause Young (Concurrent Start) (G1 Humongous Allocation) 2490M->918M(7992M) 12.282ms
[2022-12-13T06:33:06.934+0000][151028][gc          ] GC(505) Concurrent Undo Cycle
[2022-12-13T06:33:06.934+0000][151028][gc,cpu      ] GC(504) User=0.08s Sys=0.01s Real=0.01s
[2022-12-13T06:33:06.934+0000][151028][gc,marking  ] GC(505) Concurrent Cleanup for Next Mark
[2022-12-13T06:33:06.934+0000][151028][safepoint   ] Safepoint "G1TryInitiateConcMark", Time since last: 338071000 ns, Reaching safepoint: 9044400 ns, At safepoint: 12596300 ns, Total: 21640700 ns
[2022-12-13T06:33:06.935+0000][151028][gc,marking  ] GC(505) Concurrent Cleanup for Next Mark 1.365ms
[2022-12-13T06:33:06.935+0000][151028][gc          ] GC(505) Concurrent Undo Cycle 1.507ms
[2022-12-13T06:33:07.213+0000][151028][gc,start    ] GC(506) Pause Young (Concurrent Start) (G1 Humongous Allocation)
[2022-12-13T06:33:07.213+0000][151028][gc,task     ] GC(506) Using 10 workers of 10 for evacuation
[2022-12-13T06:33:07.213+0000][151028][gc,age      ] GC(506) Desired survivor size 176160768 bytes, new threshold 15 (max threshold 15)
[2022-12-13T06:33:07.225+0000][151028][gc,phases   ] GC(506)   Pre Evacuate Collection Set: 1.0ms
[2022-12-13T06:33:07.225+0000][151028][gc,phases   ] GC(506)   Merge Heap Roots: 0.2ms
[2022-12-13T06:33:07.225+0000][151028][gc,phases   ] GC(506)   Evacuate Collection Set: 4.0ms
[2022-12-13T06:33:07.225+0000][151028][gc,phases   ] GC(506)   Post Evacuate Collection Set: 6.6ms
[2022-12-13T06:33:07.225+0000][151028][gc,phases   ] GC(506)   Other: 0.1ms
[2022-12-13T06:33:07.225+0000][151028][gc,age      ] GC(506) Age table with threshold 15 (max threshold 15)
[2022-12-13T06:33:07.225+0000][151028][gc,age      ] GC(506) - age   1:    1968488 bytes,    1968488 total
[2022-12-13T06:33:07.225+0000][151028][gc,age      ] GC(506) - age   2:    4910184 bytes,    6878672 total
[2022-12-13T06:33:07.225+0000][151028][gc,age      ] GC(506) - age   3:    9163448 bytes,   16042120 total
[2022-12-13T06:33:07.225+0000][151028][gc,age      ] GC(506) - age   4:       6800 bytes,   16048920 total
[2022-12-13T06:33:07.225+0000][151028][gc,age      ] GC(506) - age   5:       5352 bytes,   16054272 total
[2022-12-13T06:33:07.225+0000][151028][gc,age      ] GC(506) - age   6:      13920 bytes,   16068192 total
[2022-12-13T06:33:07.225+0000][151028][gc,age      ] GC(506) - age   7:     135376 bytes,   16203568 total
[2022-12-13T06:33:07.225+0000][151028][gc,age      ] GC(506) - age   8:      74856 bytes,   16278424 total
[2022-12-13T06:33:07.225+0000][151028][gc,age      ] GC(506) - age   9:      30848 bytes,   16309272 total
[2022-12-13T06:33:07.225+0000][151028][gc,age      ] GC(506) - age  10:       6000 bytes,   16315272 total
[2022-12-13T06:33:07.226+0000][151028][gc,age      ] GC(506) - age  11:       3704 bytes,   16318976 total
[2022-12-13T06:33:07.226+0000][151028][gc,age      ] GC(506) - age  12:       3528 bytes,   16322504 total
[2022-12-13T06:33:07.226+0000][151028][gc,age      ] GC(506) - age  13:       2920 bytes,   16325424 total
[2022-12-13T06:33:07.226+0000][151028][gc,age      ] GC(506) - age  14:       2920 bytes,   16328344 total
[2022-12-13T06:33:07.226+0000][151028][gc,age      ] GC(506) - age  15:       7160 bytes,   16335504 total
[2022-12-13T06:33:07.226+0000][151028][gc,heap     ] GC(506) Eden regions: 21->0(926)
[2022-12-13T06:33:07.226+0000][151028][gc,heap     ] GC(506) Survivor regions: 5->5(84)
[2022-12-13T06:33:07.226+0000][151028][gc,heap     ] GC(506) Old regions: 115->115
[2022-12-13T06:33:07.226+0000][151028][gc,heap     ] GC(506) Archive regions: 2->2
[2022-12-13T06:33:07.226+0000][151028][gc,heap     ] GC(506) Humongous regions: 473->107
[2022-12-13T06:33:07.226+0000][151028][gc,metaspace] GC(506) Metaspace: 176396K(181056K)->176396K(181056K) NonClass: 154766K(157312K)->154766K(157312K) Class: 21630K(23744K)->21630K(23744K)
[2022-12-13T06:33:07.226+0000][151028][gc          ] GC(506) Pause Young (Concurrent Start) (G1 Humongous Allocation) 2456M->907M(7992M) 12.379ms
[2022-12-13T06:33:07.226+0000][151028][gc          ] GC(507) Concurrent Undo Cycle
[2022-12-13T06:33:07.226+0000][151028][gc,cpu      ] GC(506) User=0.07s Sys=0.00s Real=0.01s
[2022-12-13T06:33:07.226+0000][151028][gc,marking  ] GC(507) Concurrent Cleanup for Next Mark
[2022-12-13T06:33:07.226+0000][151028][safepoint   ] Safepoint "G1TryInitiateConcMark", Time since last: 259662400 ns, Reaching safepoint: 19747500 ns, At safepoint: 12664400 ns, Total: 32411900 ns
[2022-12-13T06:33:07.228+0000][151028][gc,marking  ] GC(507) Concurrent Cleanup for Next Mark 1.970ms
[2022-12-13T06:33:07.228+0000][151028][gc          ] GC(507) Concurrent Undo Cycle 2.145ms
[2022-12-13T06:33:07.487+0000][151028][gc,start    ] GC(508) Pause Young (Concurrent Start) (G1 Humongous Allocation)
[2022-12-13T06:33:07.487+0000][151028][gc,task     ] GC(508) Using 10 workers of 10 for evacuation
[2022-12-13T06:33:07.487+0000][151028][gc,age      ] GC(508) Desired survivor size 245366784 bytes, new threshold 15 (max threshold 15)
[2022-12-13T06:33:07.495+0000][151028][gc,phases   ] GC(508)   Pre Evacuate Collection Set: 0.8ms
[2022-12-13T06:33:07.495+0000][151028][gc,phases   ] GC(508)   Merge Heap Roots: 0.2ms
[2022-12-13T06:33:07.495+0000][151028][gc,phases   ] GC(508)   Evacuate Collection Set: 3.9ms
[2022-12-13T06:33:07.495+0000][151028][gc,phases   ] GC(508)   Post Evacuate Collection Set: 2.2ms
[2022-12-13T06:33:07.495+0000][151028][gc,phases   ] GC(508)   Other: 0.2ms
[2022-12-13T06:33:07.495+0000][151028][gc,age      ] GC(508) Age table with threshold 15 (max threshold 15)
[2022-12-13T06:33:07.495+0000][151028][gc,age      ] GC(508) - age   1:    5662168 bytes,    5662168 total
[2022-12-13T06:33:07.495+0000][151028][gc,age      ] GC(508) - age   2:     975584 bytes,    6637752 total
[2022-12-13T06:33:07.495+0000][151028][gc,age      ] GC(508) - age   3:     385024 bytes,    7022776 total
[2022-12-13T06:33:07.495+0000][151028][gc,age      ] GC(508) - age   4:     224120 bytes,    7246896 total
[2022-12-13T06:33:07.495+0000][151028][gc,age      ] GC(508) - age   5:       6688 bytes,    7253584 total
[2022-12-13T06:33:07.495+0000][151028][gc,age      ] GC(508) - age   6:       5152 bytes,    7258736 total
[2022-12-13T06:33:07.495+0000][151028][gc,age      ] GC(508) - age   7:      13440 bytes,    7272176 total
[2022-12-13T06:33:07.495+0000][151028][gc,age      ] GC(508) - age   8:       4168 bytes,    7276344 total
[2022-12-13T06:33:07.495+0000][151028][gc,age      ] GC(508) - age   9:      74776 bytes,    7351120 total
[2022-12-13T06:33:07.495+0000][151028][gc,age      ] GC(508) - age  10:      30768 bytes,    7381888 total
[2022-12-13T06:33:07.495+0000][151028][gc,age      ] GC(508) - age  11:       5936 bytes,    7387824 total
[2022-12-13T06:33:07.495+0000][151028][gc,age      ] GC(508) - age  12:       3704 bytes,    7391528 total
[2022-12-13T06:33:07.495+0000][151028][gc,age      ] GC(508) - age  13:       3048 bytes,    7394576 total
[2022-12-13T06:33:07.495+0000][151028][gc,age      ] GC(508) - age  14:       2736 bytes,    7397312 total
[2022-12-13T06:33:07.495+0000][151028][gc,age      ] GC(508) - age  15:       2920 bytes,    7400232 total
[2022-12-13T06:33:07.495+0000][151028][gc,heap     ] GC(508) Eden regions: 12->0(1190)
[2022-12-13T06:33:07.495+0000][151028][gc,heap     ] GC(508) Survivor regions: 5->3(117)
[2022-12-13T06:33:07.495+0000][151028][gc,heap     ] GC(508) Old regions: 115->115
[2022-12-13T06:33:07.495+0000][151028][gc,heap     ] GC(508) Archive regions: 2->2
[2022-12-13T06:33:07.495+0000][151028][gc,heap     ] GC(508) Humongous regions: 473->42
[2022-12-13T06:33:07.495+0000][151028][gc,metaspace] GC(508) Metaspace: 176396K(181056K)->176396K(181056K) NonClass: 154766K(157312K)->154766K(157312K) Class: 21630K(23744K)->21630K(23744K)
[2022-12-13T06:33:07.495+0000][151028][gc          ] GC(508) Pause Young (Concurrent Start) (G1 Humongous Allocation) 2419M->640M(7992M) 7.870ms
[2022-12-13T06:33:07.495+0000][151028][gc          ] GC(509) Concurrent Undo Cycle
[2022-12-13T06:33:07.495+0000][151028][gc,cpu      ] GC(508) User=0.04s Sys=0.00s Real=0.01s
[2022-12-13T06:33:07.495+0000][151028][gc,marking  ] GC(509) Concurrent Cleanup for Next Mark
[2022-12-13T06:33:07.495+0000][151028][safepoint   ] Safepoint "G1TryInitiateConcMark", Time since last: 243630500 ns, Reaching safepoint: 17523100 ns, At safepoint: 8171300 ns, Total: 25694400 ns
[2022-12-13T06:33:07.496+0000][151028][gc,marking  ] GC(509) Concurrent Cleanup for Next Mark 1.045ms
[2022-12-13T06:33:07.496+0000][151028][gc          ] GC(509) Concurrent Undo Cycle 1.175ms
[2022-12-13T06:33:07.837+0000][151028][gc,start    ] GC(510) Pause Young (Concurrent Start) (G1 Humongous Allocation)
[2022-12-13T06:33:07.837+0000][151028][gc,task     ] GC(510) Using 10 workers of 10 for evacuation
[2022-12-13T06:33:07.837+0000][151028][gc,age      ] GC(510) Desired survivor size 314572800 bytes, new threshold 15 (max threshold 15)
[2022-12-13T06:33:07.847+0000][151028][gc,phases   ] GC(510)   Pre Evacuate Collection Set: 0.8ms
[2022-12-13T06:33:07.847+0000][151028][gc,phases   ] GC(510)   Merge Heap Roots: 0.3ms
[2022-12-13T06:33:07.847+0000][151028][gc,phases   ] GC(510)   Evacuate Collection Set: 2.9ms
[2022-12-13T06:33:07.847+0000][151028][gc,phases   ] GC(510)   Post Evacuate Collection Set: 6.0ms
[2022-12-13T06:33:07.847+0000][151028][gc,phases   ] GC(510)   Other: 0.1ms
[2022-12-13T06:33:07.847+0000][151028][gc,age      ] GC(510) Age table with threshold 15 (max threshold 15)
[2022-12-13T06:33:07.847+0000][151028][gc,age      ] GC(510) - age   1:   10156072 bytes,   10156072 total
[2022-12-13T06:33:07.847+0000][151028][gc,age      ] GC(510) - age   2:     808288 bytes,   10964360 total
[2022-12-13T06:33:07.847+0000][151028][gc,age      ] GC(510) - age   3:      42040 bytes,   11006400 total
[2022-12-13T06:33:07.847+0000][151028][gc,age      ] GC(510) - age   4:      13624 bytes,   11020024 total
[2022-12-13T06:33:07.847+0000][151028][gc,age      ] GC(510) - age   5:      91360 bytes,   11111384 total
[2022-12-13T06:33:07.847+0000][151028][gc,age      ] GC(510) - age   6:       5888 bytes,   11117272 total
[2022-12-13T06:33:07.847+0000][151028][gc,age      ] GC(510) - age   7:       4672 bytes,   11121944 total
[2022-12-13T06:33:07.847+0000][151028][gc,age      ] GC(510) - age   8:      12600 bytes,   11134544 total
[2022-12-13T06:33:07.847+0000][151028][gc,age      ] GC(510) - age   9:       4000 bytes,   11138544 total
[2022-12-13T06:33:07.847+0000][151028][gc,age      ] GC(510) - age  10:       9184 bytes,   11147728 total
[2022-12-13T06:33:07.847+0000][151028][gc,age      ] GC(510) - age  11:      30408 bytes,   11178136 total
[2022-12-13T06:33:07.847+0000][151028][gc,age      ] GC(510) - age  12:       5816 bytes,   11183952 total
[2022-12-13T06:33:07.847+0000][151028][gc,age      ] GC(510) - age  13:       3184 bytes,   11187136 total
[2022-12-13T06:33:07.847+0000][151028][gc,age      ] GC(510) - age  14:       2848 bytes,   11189984 total
[2022-12-13T06:33:07.847+0000][151028][gc,age      ] GC(510) - age  15:       2696 bytes,   11192680 total
[2022-12-13T06:33:07.847+0000][151028][gc,heap     ] GC(510) Eden regions: 30->0(1195)
[2022-12-13T06:33:07.847+0000][151028][gc,heap     ] GC(510) Survivor regions: 3->3(150)
[2022-12-13T06:33:07.847+0000][151028][gc,heap     ] GC(510) Old regions: 115->115
[2022-12-13T06:33:07.847+0000][151028][gc,heap     ] GC(510) Archive regions: 2->2
[2022-12-13T06:33:07.847+0000][151028][gc,heap     ] GC(510) Humongous regions: 474->107
[2022-12-13T06:33:07.847+0000][151028][gc,metaspace] GC(510) Metaspace: 176396K(181056K)->176396K(181056K) NonClass: 154766K(157312K)->154766K(157312K) Class: 21630K(23744K)->21630K(23744K)
[2022-12-13T06:33:07.847+0000][151028][gc          ] GC(510) Pause Young (Concurrent Start) (G1 Humongous Allocation) 2484M->902M(7992M) 10.653ms
[2022-12-13T06:33:07.847+0000][151028][gc,cpu      ] GC(510) User=0.05s Sys=0.00s Real=0.01s
[2022-12-13T06:33:07.847+0000][151028][gc          ] GC(511) Concurrent Undo Cycle
[2022-12-13T06:33:07.847+0000][151028][safepoint   ] Safepoint "G1TryInitiateConcMark", Time since last: 288933600 ns, Reaching safepoint: 52333900 ns, At safepoint: 10900400 ns, Total: 63234300 ns
[2022-12-13T06:33:07.847+0000][151028][gc,marking  ] GC(511) Concurrent Cleanup for Next Mark
[2022-12-13T06:33:07.849+0000][151028][gc,marking  ] GC(511) Concurrent Cleanup for Next Mark 1.346ms
[2022-12-13T06:33:07.849+0000][151028][gc          ] GC(511) Concurrent Undo Cycle 1.562ms
[2022-12-13T06:33:08.100+0000][151028][gc,start    ] GC(512) Pause Young (Concurrent Start) (G1 Humongous Allocation)
[2022-12-13T06:33:08.100+0000][151028][gc,task     ] GC(512) Using 10 workers of 10 for evacuation
[2022-12-13T06:33:08.100+0000][151028][gc,age      ] GC(512) Desired survivor size 314572800 bytes, new threshold 15 (max threshold 15)
[2022-12-13T06:33:08.107+0000][151028][gc,phases   ] GC(512)   Pre Evacuate Collection Set: 0.9ms
[2022-12-13T06:33:08.107+0000][151028][gc,phases   ] GC(512)   Merge Heap Roots: 0.3ms
[2022-12-13T06:33:08.107+0000][151028][gc,phases   ] GC(512)   Evacuate Collection Set: 3.1ms
[2022-12-13T06:33:08.107+0000][151028][gc,phases   ] GC(512)   Post Evacuate Collection Set: 2.2ms
[2022-12-13T06:33:08.107+0000][151028][gc,phases   ] GC(512)   Other: 0.1ms
[2022-12-13T06:33:08.107+0000][151028][gc,age      ] GC(512) Age table with threshold 15 (max threshold 15)
[2022-12-13T06:33:08.107+0000][151028][gc,age      ] GC(512) - age   1:    1179192 bytes,    1179192 total
[2022-12-13T06:33:08.107+0000][151028][gc,age      ] GC(512) - age   2:    1539968 bytes,    2719160 total
[2022-12-13T06:33:08.107+0000][151028][gc,age      ] GC(512) - age   3:     280848 bytes,    3000008 total
[2022-12-13T06:33:08.107+0000][151028][gc,age      ] GC(512) - age   4:      17664 bytes,    3017672 total
[2022-12-13T06:33:08.107+0000][151028][gc,age      ] GC(512) - age   5:      12944 bytes,    3030616 total
[2022-12-13T06:33:08.107+0000][151028][gc,age      ] GC(512) - age   6:      91280 bytes,    3121896 total
[2022-12-13T06:33:08.107+0000][151028][gc,age      ] GC(512) - age   7:       5728 bytes,    3127624 total
[2022-12-13T06:33:08.107+0000][151028][gc,age      ] GC(512) - age   8:       4552 bytes,    3132176 total
[2022-12-13T06:33:08.107+0000][151028][gc,age      ] GC(512) - age   9:      12168 bytes,    3144344 total
[2022-12-13T06:33:08.107+0000][151028][gc,age      ] GC(512) - age  10:       3936 bytes,    3148280 total
[2022-12-13T06:33:08.107+0000][151028][gc,age      ] GC(512) - age  11:       8944 bytes,    3157224 total
[2022-12-13T06:33:08.107+0000][151028][gc,age      ] GC(512) - age  12:      29808 bytes,    3187032 total
[2022-12-13T06:33:08.107+0000][151028][gc,age      ] GC(512) - age  13:       5296 bytes,    3192328 total
[2022-12-13T06:33:08.107+0000][151028][gc,age      ] GC(512) - age  14:       3184 bytes,    3195512 total
[2022-12-13T06:33:08.107+0000][151028][gc,age      ] GC(512) - age  15:       2848 bytes,    3198360 total
[2022-12-13T06:33:08.107+0000][151028][gc,heap     ] GC(512) Eden regions: 9->0(1197)
[2022-12-13T06:33:08.107+0000][151028][gc,heap     ] GC(512) Survivor regions: 3->1(150)
[2022-12-13T06:33:08.107+0000][151028][gc,heap     ] GC(512) Old regions: 115->115
[2022-12-13T06:33:08.107+0000][151028][gc,heap     ] GC(512) Archive regions: 2->2
[2022-12-13T06:33:08.107+0000][151028][gc,heap     ] GC(512) Humongous regions: 470->72
[2022-12-13T06:33:08.107+0000][151028][gc,metaspace] GC(512) Metaspace: 176396K(181056K)->176396K(181056K) NonClass: 154766K(157312K)->154766K(157312K) Class: 21630K(23744K)->21630K(23744K)
[2022-12-13T06:33:08.107+0000][151028][gc          ] GC(512) Pause Young (Concurrent Start) (G1 Humongous Allocation) 2388M->754M(7992M) 7.092ms
[2022-12-13T06:33:08.107+0000][151028][gc          ] GC(513) Concurrent Undo Cycle
[2022-12-13T06:33:08.107+0000][151028][gc,cpu      ] GC(512) User=0.03s Sys=0.00s Real=0.00s
[2022-12-13T06:33:08.108+0000][151028][gc,marking  ] GC(513) Concurrent Cleanup for Next Mark
[2022-12-13T06:33:08.108+0000][151028][safepoint   ] Safepoint "G1TryInitiateConcMark", Time since last: 229835600 ns, Reaching safepoint: 23018700 ns, At safepoint: 7450700 ns, Total: 30469400 ns
[2022-12-13T06:33:08.109+0000][151028][gc,marking  ] GC(513) Concurrent Cleanup for Next Mark 1.023ms
[2022-12-13T06:33:08.109+0000][151028][gc          ] GC(513) Concurrent Undo Cycle 1.181ms
[2022-12-13T06:33:08.386+0000][151028][gc,start    ] GC(514) Pause Young (Concurrent Start) (G1 Humongous Allocation)
[2022-12-13T06:33:08.386+0000][151028][gc,task     ] GC(514) Using 10 workers of 10 for evacuation
[2022-12-13T06:33:08.386+0000][151028][gc,age      ] GC(514) Desired survivor size 314572800 bytes, new threshold 15 (max threshold 15)
[2022-12-13T06:33:08.392+0000][151028][gc,phases   ] GC(514)   Pre Evacuate Collection Set: 0.9ms
[2022-12-13T06:33:08.392+0000][151028][gc,phases   ] GC(514)   Merge Heap Roots: 0.2ms
[2022-12-13T06:33:08.392+0000][151028][gc,phases   ] GC(514)   Evacuate Collection Set: 3.0ms
[2022-12-13T06:33:08.392+0000][151028][gc,phases   ] GC(514)   Post Evacuate Collection Set: 1.9ms
[2022-12-13T06:33:08.392+0000][151028][gc,phases   ] GC(514)   Other: 0.3ms
[2022-12-13T06:33:08.392+0000][151028][gc,age      ] GC(514) Age table with threshold 15 (max threshold 15)
[2022-12-13T06:33:08.392+0000][151028][gc,age      ] GC(514) - age   1:    1895512 bytes,    1895512 total
[2022-12-13T06:33:08.392+0000][151028][gc,age      ] GC(514) - age   2:     659392 bytes,    2554904 total
[2022-12-13T06:33:08.392+0000][151028][gc,age      ] GC(514) - age   3:      97184 bytes,    2652088 total
[2022-12-13T06:33:08.392+0000][151028][gc,age      ] GC(514) - age   4:      14928 bytes,    2667016 total
[2022-12-13T06:33:08.392+0000][151028][gc,age      ] GC(514) - age   5:      15824 bytes,    2682840 total
[2022-12-13T06:33:08.392+0000][151028][gc,age      ] GC(514) - age   6:      12464 bytes,    2695304 total
[2022-12-13T06:33:08.392+0000][151028][gc,age      ] GC(514) - age   7:      91128 bytes,    2786432 total
[2022-12-13T06:33:08.392+0000][151028][gc,age      ] GC(514) - age   8:       5616 bytes,    2792048 total
[2022-12-13T06:33:08.392+0000][151028][gc,age      ] GC(514) - age   9:       4552 bytes,    2796600 total
[2022-12-13T06:33:08.392+0000][151028][gc,age      ] GC(514) - age  10:      11488 bytes,    2808088 total
[2022-12-13T06:33:08.392+0000][151028][gc,age      ] GC(514) - age  11:       3776 bytes,    2811864 total
[2022-12-13T06:33:08.392+0000][151028][gc,age      ] GC(514) - age  12:       8624 bytes,    2820488 total
[2022-12-13T06:33:08.393+0000][151028][gc,age      ] GC(514) - age  13:      29648 bytes,    2850136 total
[2022-12-13T06:33:08.393+0000][151028][gc,age      ] GC(514) - age  14:       4976 bytes,    2855112 total
[2022-12-13T06:33:08.393+0000][151028][gc,age      ] GC(514) - age  15:       3184 bytes,    2858296 total
[2022-12-13T06:33:08.393+0000][151028][gc,heap     ] GC(514) Eden regions: 10->0(1197)
[2022-12-13T06:33:08.393+0000][151028][gc,heap     ] GC(514) Survivor regions: 1->1(150)
[2022-12-13T06:33:08.393+0000][151028][gc,heap     ] GC(514) Old regions: 115->115
[2022-12-13T06:33:08.393+0000][151028][gc,heap     ] GC(514) Archive regions: 2->2
[2022-12-13T06:33:08.393+0000][151028][gc,heap     ] GC(514) Humongous regions: 468->138
[2022-12-13T06:33:08.393+0000][151028][gc,metaspace] GC(514) Metaspace: 176396K(181056K)->176396K(181056K) NonClass: 154766K(157312K)->154766K(157312K) Class: 21630K(23744K)->21630K(23744K)
[2022-12-13T06:33:08.393+0000][151028][gc          ] GC(514) Pause Young (Concurrent Start) (G1 Humongous Allocation) 2378M->1017M(7992M) 6.784ms
[2022-12-13T06:33:08.393+0000][151028][gc          ] GC(515) Concurrent Undo Cycle
[2022-12-13T06:33:08.393+0000][151028][gc,cpu      ] GC(514) User=0.01s Sys=0.01s Real=0.01s
[2022-12-13T06:33:08.393+0000][151028][gc,marking  ] GC(515) Concurrent Cleanup for Next Mark
[2022-12-13T06:33:08.393+0000][151028][safepoint   ] Safepoint "G1TryInitiateConcMark", Time since last: 227019000 ns, Reaching safepoint: 51087800 ns, At safepoint: 7160900 ns, Total: 58248700 ns
[2022-12-13T06:33:08.394+0000][151028][gc,marking  ] GC(515) Concurrent Cleanup for Next Mark 1.081ms
[2022-12-13T06:33:08.394+0000][151028][gc          ] GC(515) Concurrent Undo Cycle 1.294ms
[2022-12-13T06:33:08.624+0000][151028][gc,start    ] GC(516) Pause Young (Concurrent Start) (G1 Humongous Allocation)
[2022-12-13T06:33:08.624+0000][151028][gc,task     ] GC(516) Using 10 workers of 10 for evacuation
[2022-12-13T06:33:08.624+0000][151028][gc,age      ] GC(516) Desired survivor size 314572800 bytes, new threshold 15 (max threshold 15)
[2022-12-13T06:33:08.631+0000][151028][gc,phases   ] GC(516)   Pre Evacuate Collection Set: 0.9ms
[2022-12-13T06:33:08.631+0000][151028][gc,phases   ] GC(516)   Merge Heap Roots: 0.2ms
[2022-12-13T06:33:08.631+0000][151028][gc,phases   ] GC(516)   Evacuate Collection Set: 3.1ms
[2022-12-13T06:33:08.631+0000][151028][gc,phases   ] GC(516)   Post Evacuate Collection Set: 2.1ms
[2022-12-13T06:33:08.631+0000][151028][gc,phases   ] GC(516)   Other: 0.1ms
[2022-12-13T06:33:08.631+0000][151028][gc,age      ] GC(516) Age table with threshold 15 (max threshold 15)
[2022-12-13T06:33:08.631+0000][151028][gc,age      ] GC(516) - age   1:    1599424 bytes,    1599424 total
[2022-12-13T06:33:08.631+0000][151028][gc,age      ] GC(516) - age   2:     708112 bytes,    2307536 total
[2022-12-13T06:33:08.631+0000][151028][gc,age      ] GC(516) - age   3:      27016 bytes,    2334552 total
[2022-12-13T06:33:08.631+0000][151028][gc,age      ] GC(516) - age   4:      93096 bytes,    2427648 total
[2022-12-13T06:33:08.631+0000][151028][gc,age      ] GC(516) - age   5:       5192 bytes,    2432840 total
[2022-12-13T06:33:08.631+0000][151028][gc,age      ] GC(516) - age   6:      15712 bytes,    2448552 total
[2022-12-13T06:33:08.631+0000][151028][gc,age      ] GC(516) - age   7:      11704 bytes,    2460256 total
[2022-12-13T06:33:08.631+0000][151028][gc,age      ] GC(516) - age   8:      90928 bytes,    2551184 total
[2022-12-13T06:33:08.631+0000][151028][gc,age      ] GC(516) - age   9:       5616 bytes,    2556800 total
[2022-12-13T06:33:08.631+0000][151028][gc,age      ] GC(516) - age  10:       4552 bytes,    2561352 total
[2022-12-13T06:33:08.631+0000][151028][gc,age      ] GC(516) - age  11:      11408 bytes,    2572760 total
[2022-12-13T06:33:08.631+0000][151028][gc,age      ] GC(516) - age  12:       3736 bytes,    2576496 total
[2022-12-13T06:33:08.631+0000][151028][gc,age      ] GC(516) - age  13:       8504 bytes,    2585000 total
[2022-12-13T06:33:08.631+0000][151028][gc,age      ] GC(516) - age  14:      29208 bytes,    2614208 total
[2022-12-13T06:33:08.631+0000][151028][gc,age      ] GC(516) - age  15:       4976 bytes,    2619184 total
[2022-12-13T06:33:08.631+0000][151028][gc,heap     ] GC(516) Eden regions: 8->0(1197)
[2022-12-13T06:33:08.631+0000][151028][gc,heap     ] GC(516) Survivor regions: 1->1(150)
[2022-12-13T06:33:08.631+0000][151028][gc,heap     ] GC(516) Old regions: 115->115
[2022-12-13T06:33:08.631+0000][151028][gc,heap     ] GC(516) Archive regions: 2->2
[2022-12-13T06:33:08.631+0000][151028][gc,heap     ] GC(516) Humongous regions: 468->105
[2022-12-13T06:33:08.631+0000][151028][gc,metaspace] GC(516) Metaspace: 176396K(181056K)->176396K(181056K) NonClass: 154766K(157312K)->154766K(157312K) Class: 21630K(23744K)->21630K(23744K)
[2022-12-13T06:33:08.631+0000][151028][gc          ] GC(516) Pause Young (Concurrent Start) (G1 Humongous Allocation) 2368M->885M(7992M) 6.977ms
[2022-12-13T06:33:08.631+0000][151028][gc          ] GC(517) Concurrent Undo Cycle
[2022-12-13T06:33:08.631+0000][151028][gc,cpu      ] GC(516) User=0.02s Sys=0.00s Real=0.01s
[2022-12-13T06:33:08.631+0000][151028][gc,marking  ] GC(517) Concurrent Cleanup for Next Mark
[2022-12-13T06:33:08.632+0000][151028][safepoint   ] Safepoint "G1TryInitiateConcMark", Time since last: 186562600 ns, Reaching safepoint: 44653100 ns, At safepoint: 7322400 ns, Total: 51975500 ns
[2022-12-13T06:33:08.632+0000][151028][gc,marking  ] GC(517) Concurrent Cleanup for Next Mark 0.894ms
[2022-12-13T06:33:08.632+0000][151028][gc          ] GC(517) Concurrent Undo Cycle 1.025ms
[2022-12-13T06:33:08.997+0000][151028][gc,start    ] GC(518) Pause Young (Concurrent Start) (G1 Humongous Allocation)
[2022-12-13T06:33:08.997+0000][151028][gc,task     ] GC(518) Using 10 workers of 10 for evacuation
[2022-12-13T06:33:08.997+0000][151028][gc,age      ] GC(518) Desired survivor size 314572800 bytes, new threshold 15 (max threshold 15)
[2022-12-13T06:33:09.003+0000][151028][gc,phases   ] GC(518)   Pre Evacuate Collection Set: 1.0ms
[2022-12-13T06:33:09.003+0000][151028][gc,phases   ] GC(518)   Merge Heap Roots: 0.2ms
[2022-12-13T06:33:09.003+0000][151028][gc,phases   ] GC(518)   Evacuate Collection Set: 2.6ms
[2022-12-13T06:33:09.003+0000][151028][gc,phases   ] GC(518)   Post Evacuate Collection Set: 2.1ms
[2022-12-13T06:33:09.003+0000][151028][gc,phases   ] GC(518)   Other: 0.1ms
[2022-12-13T06:33:09.003+0000][151028][gc,age      ] GC(518) Age table with threshold 15 (max threshold 15)
[2022-12-13T06:33:09.003+0000][151028][gc,age      ] GC(518) - age   1:     674336 bytes,     674336 total
[2022-12-13T06:33:09.003+0000][151028][gc,age      ] GC(518) - age   2:      13864 bytes,     688200 total
[2022-12-13T06:33:09.003+0000][151028][gc,age      ] GC(518) - age   3:     272408 bytes,     960608 total
[2022-12-13T06:33:09.003+0000][151028][gc,age      ] GC(518) - age   4:      25784 bytes,     986392 total
[2022-12-13T06:33:09.003+0000][151028][gc,age      ] GC(518) - age   5:      92408 bytes,    1078800 total
[2022-12-13T06:33:09.003+0000][151028][gc,age      ] GC(518) - age   6:       5152 bytes,    1083952 total
[2022-12-13T06:33:09.003+0000][151028][gc,age      ] GC(518) - age   7:      15392 bytes,    1099344 total
[2022-12-13T06:33:09.003+0000][151028][gc,age      ] GC(518) - age   8:      10584 bytes,    1109928 total
[2022-12-13T06:33:09.003+0000][151028][gc,age      ] GC(518) - age   9:      90888 bytes,    1200816 total
[2022-12-13T06:33:09.003+0000][151028][gc,age      ] GC(518) - age  10:       5576 bytes,    1206392 total
[2022-12-13T06:33:09.003+0000][151028][gc,age      ] GC(518) - age  11:       4512 bytes,    1210904 total
[2022-12-13T06:33:09.003+0000][151028][gc,age      ] GC(518) - age  12:      11328 bytes,    1222232 total
[2022-12-13T06:33:09.003+0000][151028][gc,age      ] GC(518) - age  13:       3576 bytes,    1225808 total
[2022-12-13T06:33:09.003+0000][151028][gc,age      ] GC(518) - age  14:       7304 bytes,    1233112 total
[2022-12-13T06:33:09.003+0000][151028][gc,age      ] GC(518) - age  15:      29048 bytes,    1262160 total
[2022-12-13T06:33:09.003+0000][151028][gc,heap     ] GC(518) Eden regions: 10->0(1197)
[2022-12-13T06:33:09.003+0000][151028][gc,heap     ] GC(518) Survivor regions: 1->1(150)
[2022-12-13T06:33:09.003+0000][151028][gc,heap     ] GC(518) Old regions: 115->115
[2022-12-13T06:33:09.003+0000][151028][gc,heap     ] GC(518) Archive regions: 2->2
[2022-12-13T06:33:09.003+0000][151028][gc,heap     ] GC(518) Humongous regions: 468->105
[2022-12-13T06:33:09.003+0000][151028][gc,metaspace] GC(518) Metaspace: 176396K(181056K)->176396K(181056K) NonClass: 154766K(157312K)->154766K(157312K) Class: 21630K(23744K)->21630K(23744K)
[2022-12-13T06:33:09.003+0000][151028][gc          ] GC(518) Pause Young (Concurrent Start) (G1 Humongous Allocation) 2373M->884M(7992M) 6.646ms
[2022-12-13T06:33:09.003+0000][151028][gc          ] GC(519) Concurrent Undo Cycle
[2022-12-13T06:33:09.003+0000][151028][gc,cpu      ] GC(518) User=0.01s Sys=0.00s Real=0.01s
[2022-12-13T06:33:09.003+0000][151028][gc,marking  ] GC(519) Concurrent Cleanup for Next Mark
[2022-12-13T06:33:09.003+0000][151028][safepoint   ] Safepoint "G1TryInitiateConcMark", Time since last: 302479800 ns, Reaching safepoint: 62512900 ns, At safepoint: 6954800 ns, Total: 69467700 ns
[2022-12-13T06:33:09.005+0000][151028][gc,marking  ] GC(519) Concurrent Cleanup for Next Mark 1.244ms
[2022-12-13T06:33:09.005+0000][151028][gc          ] GC(519) Concurrent Undo Cycle 1.409ms
[2022-12-13T06:33:09.262+0000][151028][gc,start    ] GC(520) Pause Young (Concurrent Start) (G1 Humongous Allocation)
[2022-12-13T06:33:09.262+0000][151028][gc,task     ] GC(520) Using 10 workers of 10 for evacuation
[2022-12-13T06:33:09.262+0000][151028][gc,age      ] GC(520) Desired survivor size 314572800 bytes, new threshold 15 (max threshold 15)
[2022-12-13T06:33:09.268+0000][151028][gc,phases   ] GC(520)   Pre Evacuate Collection Set: 0.8ms
[2022-12-13T06:33:09.268+0000][151028][gc,phases   ] GC(520)   Merge Heap Roots: 0.3ms
[2022-12-13T06:33:09.268+0000][151028][gc,phases   ] GC(520)   Evacuate Collection Set: 3.1ms
[2022-12-13T06:33:09.268+0000][151028][gc,phases   ] GC(520)   Post Evacuate Collection Set: 1.8ms
[2022-12-13T06:33:09.268+0000][151028][gc,phases   ] GC(520)   Other: 0.1ms
[2022-12-13T06:33:09.268+0000][151028][gc,age      ] GC(520) Age table with threshold 15 (max threshold 15)
[2022-12-13T06:33:09.268+0000][151028][gc,age      ] GC(520) - age   1:     606264 bytes,     606264 total
[2022-12-13T06:33:09.268+0000][151028][gc,age      ] GC(520) - age   2:     138304 bytes,     744568 total
[2022-12-13T06:33:09.268+0000][151028][gc,age      ] GC(520) - age   3:      12888 bytes,     757456 total
[2022-12-13T06:33:09.268+0000][151028][gc,age      ] GC(520) - age   4:     270424 bytes,    1027880 total
[2022-12-13T06:33:09.268+0000][151028][gc,age      ] GC(520) - age   5:       5888 bytes,    1033768 total
[2022-12-13T06:33:09.268+0000][151028][gc,age      ] GC(520) - age   6:      92136 bytes,    1125904 total
[2022-12-13T06:33:09.268+0000][151028][gc,age      ] GC(520) - age   7:       4880 bytes,    1130784 total
[2022-12-13T06:33:09.268+0000][151028][gc,age      ] GC(520) - age   8:      15200 bytes,    1145984 total
[2022-12-13T06:33:09.268+0000][151028][gc,age      ] GC(520) - age   9:       9864 bytes,    1155848 total
[2022-12-13T06:33:09.268+0000][151028][gc,age      ] GC(520) - age  10:      90536 bytes,    1246384 total
[2022-12-13T06:33:09.268+0000][151028][gc,age      ] GC(520) - age  11:       4816 bytes,    1251200 total
[2022-12-13T06:33:09.268+0000][151028][gc,age      ] GC(520) - age  12:       4512 bytes,    1255712 total
[2022-12-13T06:33:09.268+0000][151028][gc,age      ] GC(520) - age  13:      10488 bytes,    1266200 total
[2022-12-13T06:33:09.269+0000][151028][gc,age      ] GC(520) - age  14:       3256 bytes,    1269456 total
[2022-12-13T06:33:09.269+0000][151028][gc,age      ] GC(520) - age  15:       7064 bytes,    1276520 total
[2022-12-13T06:33:09.269+0000][151028][gc,heap     ] GC(520) Eden regions: 10->0(1197)
[2022-12-13T06:33:09.269+0000][151028][gc,heap     ] GC(520) Survivor regions: 1->1(150)
[2022-12-13T06:33:09.269+0000][151028][gc,heap     ] GC(520) Old regions: 115->115
[2022-12-13T06:33:09.269+0000][151028][gc,heap     ] GC(520) Archive regions: 2->2
[2022-12-13T06:33:09.269+0000][151028][gc,heap     ] GC(520) Humongous regions: 468->105
[2022-12-13T06:33:09.269+0000][151028][gc,metaspace] GC(520) Metaspace: 176397K(181056K)->176397K(181056K) NonClass: 154766K(157312K)->154766K(157312K) Class: 21630K(23744K)->21630K(23744K)
[2022-12-13T06:33:09.269+0000][151028][gc          ] GC(520) Pause Young (Concurrent Start) (G1 Humongous Allocation) 2372M->884M(7992M) 6.633ms
[2022-12-13T06:33:09.269+0000][151028][gc          ] GC(521) Concurrent Undo Cycle
[2022-12-13T06:33:09.269+0000][151028][gc,cpu      ] GC(520) User=0.01s Sys=0.01s Real=0.00s
[2022-12-13T06:33:09.269+0000][151028][gc,marking  ] GC(521) Concurrent Cleanup for Next Mark
[2022-12-13T06:33:09.269+0000][151028][safepoint   ] Safepoint "G1TryInitiateConcMark", Time since last: 213508700 ns, Reaching safepoint: 44989000 ns, At safepoint: 6989500 ns, Total: 51978500 ns
[2022-12-13T06:33:09.270+0000][151028][gc,marking  ] GC(521) Concurrent Cleanup for Next Mark 0.872ms
[2022-12-13T06:33:09.270+0000][151028][gc          ] GC(521) Concurrent Undo Cycle 0.991ms
[2022-12-13T06:33:09.941+0000][151028][gc,start    ] GC(522) Pause Young (Concurrent Start) (G1 Humongous Allocation)
[2022-12-13T06:33:09.942+0000][151028][gc,task     ] GC(522) Using 10 workers of 10 for evacuation
[2022-12-13T06:33:09.942+0000][151028][gc,age      ] GC(522) Desired survivor size 314572800 bytes, new threshold 15 (max threshold 15)
[2022-12-13T06:33:09.950+0000][151028][gc,phases   ] GC(522)   Pre Evacuate Collection Set: 1.0ms
[2022-12-13T06:33:09.950+0000][151028][gc,phases   ] GC(522)   Merge Heap Roots: 0.2ms
[2022-12-13T06:33:09.950+0000][151028][gc,phases   ] GC(522)   Evacuate Collection Set: 3.3ms
[2022-12-13T06:33:09.950+0000][151028][gc,phases   ] GC(522)   Post Evacuate Collection Set: 3.9ms
[2022-12-13T06:33:09.950+0000][151028][gc,phases   ] GC(522)   Other: 0.2ms
[2022-12-13T06:33:09.950+0000][151028][gc,age      ] GC(522) Age table with threshold 15 (max threshold 15)
[2022-12-13T06:33:09.950+0000][151028][gc,age      ] GC(522) - age   1:     619712 bytes,     619712 total
[2022-12-13T06:33:09.950+0000][151028][gc,age      ] GC(522) - age   2:      52664 bytes,     672376 total
[2022-12-13T06:33:09.950+0000][151028][gc,age      ] GC(522) - age   3:     136864 bytes,     809240 total
[2022-12-13T06:33:09.950+0000][151028][gc,age      ] GC(522) - age   4:       2952 bytes,     812192 total
[2022-12-13T06:33:09.950+0000][151028][gc,age      ] GC(522) - age   5:     135608 bytes,     947800 total
[2022-12-13T06:33:09.950+0000][151028][gc,age      ] GC(522) - age   6:       5848 bytes,     953648 total
[2022-12-13T06:33:09.950+0000][151028][gc,age      ] GC(522) - age   7:      91776 bytes,    1045424 total
[2022-12-13T06:33:09.950+0000][151028][gc,age      ] GC(522) - age   8:       4816 bytes,    1050240 total
[2022-12-13T06:33:09.950+0000][151028][gc,age      ] GC(522) - age   9:      14816 bytes,    1065056 total
[2022-12-13T06:33:09.950+0000][151028][gc,age      ] GC(522) - age  10:       8464 bytes,    1073520 total
[2022-12-13T06:33:09.951+0000][151028][gc,age      ] GC(522) - age  11:      90424 bytes,    1163944 total
[2022-12-13T06:33:09.951+0000][151028][gc,age      ] GC(522) - age  12:       4736 bytes,    1168680 total
[2022-12-13T06:33:09.951+0000][151028][gc,age      ] GC(522) - age  13:       4392 bytes,    1173072 total
[2022-12-13T06:33:09.951+0000][151028][gc,age      ] GC(522) - age  14:      10248 bytes,    1183320 total
[2022-12-13T06:33:09.951+0000][151028][gc,age      ] GC(522) - age  15:       2776 bytes,    1186096 total
[2022-12-13T06:33:09.951+0000][151028][gc,heap     ] GC(522) Eden regions: 10->0(1197)
[2022-12-13T06:33:09.951+0000][151028][gc,heap     ] GC(522) Survivor regions: 1->1(150)
[2022-12-13T06:33:09.951+0000][151028][gc,heap     ] GC(522) Old regions: 115->115
[2022-12-13T06:33:09.951+0000][151028][gc,heap     ] GC(522) Archive regions: 2->2
[2022-12-13T06:33:09.951+0000][151028][gc,heap     ] GC(522) Humongous regions: 468->39
[2022-12-13T06:33:09.951+0000][151028][gc,metaspace] GC(522) Metaspace: 176397K(181056K)->176397K(181056K) NonClass: 154766K(157312K)->154766K(157312K) Class: 21630K(23744K)->21630K(23744K)
[2022-12-13T06:33:09.951+0000][151028][gc          ] GC(522) Pause Young (Concurrent Start) (G1 Humongous Allocation) 2375M->620M(7992M) 9.314ms
[2022-12-13T06:33:09.951+0000][151028][gc          ] GC(523) Concurrent Undo Cycle
[2022-12-13T06:33:09.951+0000][151028][gc,cpu      ] GC(522) User=0.00s Sys=0.01s Real=0.01s
[2022-12-13T06:33:09.951+0000][151028][gc,marking  ] GC(523) Concurrent Cleanup for Next Mark
[2022-12-13T06:33:09.951+0000][151028][safepoint   ] Safepoint "G1TryInitiateConcMark", Time since last: 653338600 ns, Reaching safepoint: 19098300 ns, At safepoint: 9610000 ns, Total: 28708300 ns
[2022-12-13T06:33:09.952+0000][151028][gc,marking  ] GC(523) Concurrent Cleanup for Next Mark 0.835ms
[2022-12-13T06:33:09.952+0000][151028][gc          ] GC(523) Concurrent Undo Cycle 1.013ms
[2022-12-13T06:33:10.440+0000][151028][gc,start    ] GC(524) Pause Young (Concurrent Start) (G1 Humongous Allocation)
[2022-12-13T06:33:10.441+0000][151028][gc,task     ] GC(524) Using 10 workers of 10 for evacuation
[2022-12-13T06:33:10.441+0000][151028][gc,age      ] GC(524) Desired survivor size 314572800 bytes, new threshold 15 (max threshold 15)
[2022-12-13T06:33:10.447+0000][151028][gc,phases   ] GC(524)   Pre Evacuate Collection Set: 0.9ms
[2022-12-13T06:33:10.448+0000][151028][gc,phases   ] GC(524)   Merge Heap Roots: 0.2ms
[2022-12-13T06:33:10.448+0000][151028][gc,phases   ] GC(524)   Evacuate Collection Set: 2.8ms
[2022-12-13T06:33:10.448+0000][151028][gc,phases   ] GC(524)   Post Evacuate Collection Set: 2.7ms
[2022-12-13T06:33:10.448+0000][151028][gc,phases   ] GC(524)   Other: 0.2ms
[2022-12-13T06:33:10.448+0000][151028][gc,age      ] GC(524) Age table with threshold 15 (max threshold 15)
[2022-12-13T06:33:10.448+0000][151028][gc,age      ] GC(524) - age   1:     594000 bytes,     594000 total
[2022-12-13T06:33:10.448+0000][151028][gc,age      ] GC(524) - age   2:     342328 bytes,     936328 total
[2022-12-13T06:33:10.448+0000][151028][gc,age      ] GC(524) - age   3:      30312 bytes,     966640 total
[2022-12-13T06:33:10.448+0000][151028][gc,age      ] GC(524) - age   4:       5280 bytes,     971920 total
[2022-12-13T06:33:10.448+0000][151028][gc,age      ] GC(524) - age   5:       2880 bytes,     974800 total
[2022-12-13T06:33:10.448+0000][151028][gc,age      ] GC(524) - age   6:     135536 bytes,    1110336 total
[2022-12-13T06:33:10.448+0000][151028][gc,age      ] GC(524) - age   7:       5512 bytes,    1115848 total
[2022-12-13T06:33:10.448+0000][151028][gc,age      ] GC(524) - age   8:      91696 bytes,    1207544 total
[2022-12-13T06:33:10.448+0000][151028][gc,age      ] GC(524) - age   9:       4712 bytes,    1212256 total
[2022-12-13T06:33:10.448+0000][151028][gc,age      ] GC(524) - age  10:      14416 bytes,    1226672 total
[2022-12-13T06:33:10.448+0000][151028][gc,age      ] GC(524) - age  11:       8024 bytes,    1234696 total
[2022-12-13T06:33:10.448+0000][151028][gc,age      ] GC(524) - age  12:      90224 bytes,    1324920 total
[2022-12-13T06:33:10.448+0000][151028][gc,age      ] GC(524) - age  13:       4576 bytes,    1329496 total
[2022-12-13T06:33:10.448+0000][151028][gc,age      ] GC(524) - age  14:       4272 bytes,    1333768 total
[2022-12-13T06:33:10.448+0000][151028][gc,age      ] GC(524) - age  15:       9568 bytes,    1343336 total
[2022-12-13T06:33:10.448+0000][151028][gc,heap     ] GC(524) Eden regions: 12->0(1197)
[2022-12-13T06:33:10.448+0000][151028][gc,heap     ] GC(524) Survivor regions: 1->1(150)
[2022-12-13T06:33:10.448+0000][151028][gc,heap     ] GC(524) Old regions: 115->115
[2022-12-13T06:33:10.448+0000][151028][gc,heap     ] GC(524) Archive regions: 2->2
[2022-12-13T06:33:10.448+0000][151028][gc,heap     ] GC(524) Humongous regions: 468->6
[2022-12-13T06:33:10.448+0000][151028][gc,metaspace] GC(524) Metaspace: 176397K(181056K)->176397K(181056K) NonClass: 154766K(157312K)->154766K(157312K) Class: 21630K(23744K)->21630K(23744K)
[2022-12-13T06:33:10.448+0000][151028][gc          ] GC(524) Pause Young (Concurrent Start) (G1 Humongous Allocation) 2384M->488M(7992M) 7.408ms
[2022-12-13T06:33:10.448+0000][151028][gc          ] GC(525) Concurrent Undo Cycle
[2022-12-13T06:33:10.448+0000][151028][gc,cpu      ] GC(524) User=0.01s Sys=0.01s Real=0.00s
[2022-12-13T06:33:10.448+0000][151028][gc,marking  ] GC(525) Concurrent Cleanup for Next Mark
[2022-12-13T06:33:10.448+0000][151028][safepoint   ] Safepoint "G1TryInitiateConcMark", Time since last: 489218300 ns, Reaching safepoint: 217500 ns, At safepoint: 7683400 ns, Total: 7900900 ns
[2022-12-13T06:33:10.449+0000][151028][gc,marking  ] GC(525) Concurrent Cleanup for Next Mark 0.678ms
[2022-12-13T06:33:10.449+0000][151028][gc          ] GC(525) Concurrent Undo Cycle 0.832ms
[2022-12-13T06:33:11.862+0000][151028][gc,start    ] GC(526) Pause Young (Concurrent Start) (G1 Humongous Allocation)
[2022-12-13T06:33:11.863+0000][151028][gc,task     ] GC(526) Using 10 workers of 10 for evacuation
[2022-12-13T06:33:11.863+0000][151028][gc,age      ] GC(526) Desired survivor size 314572800 bytes, new threshold 15 (max threshold 15)
[2022-12-13T06:33:11.873+0000][151028][gc,phases   ] GC(526)   Pre Evacuate Collection Set: 0.9ms
[2022-12-13T06:33:11.873+0000][151028][gc,phases   ] GC(526)   Merge Heap Roots: 0.2ms
[2022-12-13T06:33:11.873+0000][151028][gc,phases   ] GC(526)   Evacuate Collection Set: 4.0ms
[2022-12-13T06:33:11.873+0000][151028][gc,phases   ] GC(526)   Post Evacuate Collection Set: 5.5ms
[2022-12-13T06:33:11.873+0000][151028][gc,phases   ] GC(526)   Other: 0.2ms
[2022-12-13T06:33:11.873+0000][151028][gc,age      ] GC(526) Age table with threshold 15 (max threshold 15)
[2022-12-13T06:33:11.873+0000][151028][gc,age      ] GC(526) - age   1:   16524600 bytes,   16524600 total
[2022-12-13T06:33:11.873+0000][151028][gc,age      ] GC(526) - age   2:      65256 bytes,   16589856 total
[2022-12-13T06:33:11.873+0000][151028][gc,age      ] GC(526) - age   3:     139216 bytes,   16729072 total
[2022-12-13T06:33:11.873+0000][151028][gc,age      ] GC(526) - age   4:       5992 bytes,   16735064 total
[2022-12-13T06:33:11.873+0000][151028][gc,age      ] GC(526) - age   5:       3560 bytes,   16738624 total
[2022-12-13T06:33:11.873+0000][151028][gc,age      ] GC(526) - age   6:       2440 bytes,   16741064 total
[2022-12-13T06:33:11.873+0000][151028][gc,age      ] GC(526) - age   7:       4056 bytes,   16745120 total
[2022-12-13T06:33:11.874+0000][151028][gc,age      ] GC(526) - age   8:       3672 bytes,   16748792 total
[2022-12-13T06:33:11.874+0000][151028][gc,age      ] GC(526) - age   9:      91336 bytes,   16840128 total
[2022-12-13T06:33:11.874+0000][151028][gc,age      ] GC(526) - age  10:       4352 bytes,   16844480 total
[2022-12-13T06:33:11.874+0000][151028][gc,age      ] GC(526) - age  11:      12816 bytes,   16857296 total
[2022-12-13T06:33:11.874+0000][151028][gc,age      ] GC(526) - age  12:       6024 bytes,   16863320 total
[2022-12-13T06:33:11.874+0000][151028][gc,age      ] GC(526) - age  13:      88760 bytes,   16952080 total
[2022-12-13T06:33:11.874+0000][151028][gc,age      ] GC(526) - age  14:       3896 bytes,   16955976 total
[2022-12-13T06:33:11.874+0000][151028][gc,age      ] GC(526) - age  15:       3032 bytes,   16959008 total
[2022-12-13T06:33:11.874+0000][151028][gc,heap     ] GC(526) Eden regions: 58->0(1193)
[2022-12-13T06:33:11.874+0000][151028][gc,heap     ] GC(526) Survivor regions: 1->5(150)
[2022-12-13T06:33:11.874+0000][151028][gc,heap     ] GC(526) Old regions: 115->115
[2022-12-13T06:33:11.874+0000][151028][gc,heap     ] GC(526) Archive regions: 2->2
[2022-12-13T06:33:11.874+0000][151028][gc,heap     ] GC(526) Humongous regions: 470->74
[2022-12-13T06:33:11.874+0000][151028][gc,metaspace] GC(526) Metaspace: 176397K(181056K)->176397K(181056K) NonClass: 154766K(157312K)->154766K(157312K) Class: 21630K(23744K)->21630K(23744K)
[2022-12-13T06:33:11.874+0000][151028][gc          ] GC(526) Pause Young (Concurrent Start) (G1 Humongous Allocation) 2574M->775M(7992M) 11.251ms
[2022-12-13T06:33:11.874+0000][151028][gc          ] GC(527) Concurrent Undo Cycle
[2022-12-13T06:33:11.874+0000][151028][gc,cpu      ] GC(526) User=0.07s Sys=0.00s Real=0.01s
[2022-12-13T06:33:11.874+0000][151028][gc,marking  ] GC(527) Concurrent Cleanup for Next Mark
[2022-12-13T06:33:11.874+0000][151028][safepoint   ] Safepoint "G1TryInitiateConcMark", Time since last: 1373404700 ns, Reaching safepoint: 40909400 ns, At safepoint: 11707700 ns, Total: 52617100 ns
[2022-12-13T06:33:11.875+0000][151028][gc,marking  ] GC(527) Concurrent Cleanup for Next Mark 1.184ms
[2022-12-13T06:33:11.875+0000][151028][gc          ] GC(527) Concurrent Undo Cycle 1.367ms
[2022-12-13T06:33:12.177+0000][151028][gc,start    ] GC(528) Pause Young (Concurrent Start) (G1 Humongous Allocation)
[2022-12-13T06:33:12.177+0000][151028][gc,task     ] GC(528) Using 10 workers of 10 for evacuation
[2022-12-13T06:33:12.177+0000][151028][gc,age      ] GC(528) Desired survivor size 314572800 bytes, new threshold 15 (max threshold 15)
[2022-12-13T06:33:12.187+0000][151028][gc,phases   ] GC(528)   Pre Evacuate Collection Set: 0.9ms
[2022-12-13T06:33:12.187+0000][151028][gc,phases   ] GC(528)   Merge Heap Roots: 0.2ms
[2022-12-13T06:33:12.187+0000][151028][gc,phases   ] GC(528)   Evacuate Collection Set: 5.9ms
[2022-12-13T06:33:12.187+0000][151028][gc,phases   ] GC(528)   Post Evacuate Collection Set: 2.8ms
[2022-12-13T06:33:12.187+0000][151028][gc,phases   ] GC(528)   Other: 0.1ms
[2022-12-13T06:33:12.187+0000][151028][gc,age      ] GC(528) Age table with threshold 15 (max threshold 15)
[2022-12-13T06:33:12.187+0000][151028][gc,age      ] GC(528) - age   1:   15630288 bytes,   15630288 total
[2022-12-13T06:33:12.187+0000][151028][gc,age      ] GC(528) - age   2:    1067968 bytes,   16698256 total
[2022-12-13T06:33:12.187+0000][151028][gc,age      ] GC(528) - age   3:      65112 bytes,   16763368 total
[2022-12-13T06:33:12.187+0000][151028][gc,age      ] GC(528) - age   4:       8096 bytes,   16771464 total
[2022-12-13T06:33:12.187+0000][151028][gc,age      ] GC(528) - age   5:       5952 bytes,   16777416 total
[2022-12-13T06:33:12.187+0000][151028][gc,age      ] GC(528) - age   6:       3400 bytes,   16780816 total
[2022-12-13T06:33:12.187+0000][151028][gc,age      ] GC(528) - age   7:       2440 bytes,   16783256 total
[2022-12-13T06:33:12.188+0000][151028][gc,age      ] GC(528) - age   8:       4056 bytes,   16787312 total
[2022-12-13T06:33:12.188+0000][151028][gc,age      ] GC(528) - age   9:       3560 bytes,   16790872 total
[2022-12-13T06:33:12.188+0000][151028][gc,age      ] GC(528) - age  10:      90176 bytes,   16881048 total
[2022-12-13T06:33:12.188+0000][151028][gc,age      ] GC(528) - age  11:       3952 bytes,   16885000 total
[2022-12-13T06:33:12.188+0000][151028][gc,age      ] GC(528) - age  12:      12736 bytes,   16897736 total
[2022-12-13T06:33:12.188+0000][151028][gc,age      ] GC(528) - age  13:       5784 bytes,   16903520 total
[2022-12-13T06:33:12.188+0000][151028][gc,age      ] GC(528) - age  14:      88720 bytes,   16992240 total
[2022-12-13T06:33:12.188+0000][151028][gc,age      ] GC(528) - age  15:       3176 bytes,   16995416 total
[2022-12-13T06:33:12.188+0000][151028][gc,heap     ] GC(528) Eden regions: 21->0(1193)
[2022-12-13T06:33:12.188+0000][151028][gc,heap     ] GC(528) Survivor regions: 5->5(150)
[2022-12-13T06:33:12.188+0000][151028][gc,heap     ] GC(528) Old regions: 115->115
[2022-12-13T06:33:12.188+0000][151028][gc,heap     ] GC(528) Archive regions: 2->2
[2022-12-13T06:33:12.188+0000][151028][gc,heap     ] GC(528) Humongous regions: 478->78
[2022-12-13T06:33:12.188+0000][151028][gc,metaspace] GC(528) Metaspace: 176397K(181056K)->176397K(181056K) NonClass: 154766K(157312K)->154766K(157312K) Class: 21630K(23744K)->21630K(23744K)
[2022-12-13T06:33:12.188+0000][151028][gc          ] GC(528) Pause Young (Concurrent Start) (G1 Humongous Allocation) 2473M->791M(7992M) 10.404ms
[2022-12-13T06:33:12.188+0000][151028][gc          ] GC(529) Concurrent Undo Cycle
[2022-12-13T06:33:12.188+0000][151028][gc,cpu      ] GC(528) User=0.06s Sys=0.00s Real=0.01s
[2022-12-13T06:33:12.188+0000][151028][gc,marking  ] GC(529) Concurrent Cleanup for Next Mark
[2022-12-13T06:33:12.188+0000][151028][safepoint   ] Safepoint "G1TryInitiateConcMark", Time since last: 283938400 ns, Reaching safepoint: 19194100 ns, At safepoint: 10794600 ns, Total: 29988700 ns
[2022-12-13T06:33:12.189+0000][151028][gc,marking  ] GC(529) Concurrent Cleanup for Next Mark 0.974ms
[2022-12-13T06:33:12.189+0000][151028][gc          ] GC(529) Concurrent Undo Cycle 1.127ms
[2022-12-13T06:33:12.636+0000][151028][gc,start    ] GC(530) Pause Young (Concurrent Start) (G1 Humongous Allocation)
[2022-12-13T06:33:12.637+0000][151028][gc,task     ] GC(530) Using 10 workers of 10 for evacuation
[2022-12-13T06:33:12.637+0000][151028][gc,age      ] GC(530) Desired survivor size 314572800 bytes, new threshold 15 (max threshold 15)
[2022-12-13T06:33:12.652+0000][151028][gc,phases   ] GC(530)   Pre Evacuate Collection Set: 0.8ms
[2022-12-13T06:33:12.652+0000][151028][gc,phases   ] GC(530)   Merge Heap Roots: 0.3ms
[2022-12-13T06:33:12.652+0000][151028][gc,phases   ] GC(530)   Evacuate Collection Set: 6.5ms
[2022-12-13T06:33:12.652+0000][151028][gc,phases   ] GC(530)   Post Evacuate Collection Set: 7.5ms
[2022-12-13T06:33:12.652+0000][151028][gc,phases   ] GC(530)   Other: 0.2ms
[2022-12-13T06:33:12.652+0000][151028][gc,age      ] GC(530) Age table with threshold 15 (max threshold 15)
[2022-12-13T06:33:12.652+0000][151028][gc,age      ] GC(530) - age   1:   24391704 bytes,   24391704 total
[2022-12-13T06:33:12.652+0000][151028][gc,age      ] GC(530) - age   2:    8751896 bytes,   33143600 total
[2022-12-13T06:33:12.652+0000][151028][gc,age      ] GC(530) - age   3:      26800 bytes,   33170400 total
[2022-12-13T06:33:12.652+0000][151028][gc,age      ] GC(530) - age   4:       5384 bytes,   33175784 total
[2022-12-13T06:33:12.652+0000][151028][gc,age      ] GC(530) - age   5:       3896 bytes,   33179680 total
[2022-12-13T06:33:12.652+0000][151028][gc,age      ] GC(530) - age   6:       4104 bytes,   33183784 total
[2022-12-13T06:33:12.652+0000][151028][gc,age      ] GC(530) - age   7:       3280 bytes,   33187064 total
[2022-12-13T06:33:12.652+0000][151028][gc,age      ] GC(530) - age   8:       1800 bytes,   33188864 total
[2022-12-13T06:33:12.652+0000][151028][gc,age      ] GC(530) - age   9:       2896 bytes,   33191760 total
[2022-12-13T06:33:12.652+0000][151028][gc,age      ] GC(530) - age  10:       2560 bytes,   33194320 total
[2022-12-13T06:33:12.652+0000][151028][gc,age      ] GC(530) - age  11:      88616 bytes,   33282936 total
[2022-12-13T06:33:12.652+0000][151028][gc,age      ] GC(530) - age  12:       3912 bytes,   33286848 total
[2022-12-13T06:33:12.652+0000][151028][gc,age      ] GC(530) - age  13:      12136 bytes,   33298984 total
[2022-12-13T06:33:12.652+0000][151028][gc,age      ] GC(530) - age  14:       2464 bytes,   33301448 total
[2022-12-13T06:33:12.652+0000][151028][gc,age      ] GC(530) - age  15:      87200 bytes,   33388648 total
[2022-12-13T06:33:12.652+0000][151028][gc,heap     ] GC(530) Eden regions: 55->0(1189)
[2022-12-13T06:33:12.652+0000][151028][gc,heap     ] GC(530) Survivor regions: 5->9(150)
[2022-12-13T06:33:12.652+0000][151028][gc,heap     ] GC(530) Old regions: 115->115
[2022-12-13T06:33:12.652+0000][151028][gc,heap     ] GC(530) Archive regions: 2->2
[2022-12-13T06:33:12.652+0000][151028][gc,heap     ] GC(530) Humongous regions: 451->45
[2022-12-13T06:33:12.652+0000][151028][gc,metaspace] GC(530) Metaspace: 176397K(181056K)->176397K(181056K) NonClass: 154766K(157312K)->154766K(157312K) Class: 21630K(23744K)->21630K(23744K)
[2022-12-13T06:33:12.652+0000][151028][gc          ] GC(530) Pause Young (Concurrent Start) (G1 Humongous Allocation) 2499M->676M(7992M) 15.793ms
[2022-12-13T06:33:12.652+0000][151028][gc          ] GC(531) Concurrent Undo Cycle
[2022-12-13T06:33:12.652+0000][151028][gc,cpu      ] GC(530) User=0.08s Sys=0.00s Real=0.02s
[2022-12-13T06:33:12.652+0000][151028][gc,marking  ] GC(531) Concurrent Cleanup for Next Mark
[2022-12-13T06:33:12.653+0000][151028][safepoint   ] Safepoint "G1TryInitiateConcMark", Time since last: 431845300 ns, Reaching safepoint: 16488000 ns, At safepoint: 16113800 ns, Total: 32601800 ns
[2022-12-13T06:33:12.653+0000][151028][gc,marking  ] GC(531) Concurrent Cleanup for Next Mark 0.758ms
[2022-12-13T06:33:12.653+0000][151028][gc          ] GC(531) Concurrent Undo Cycle 0.893ms
[2022-12-13T06:33:13.253+0000][151028][gc,start    ] GC(532) Pause Young (Concurrent Start) (G1 Humongous Allocation)
[2022-12-13T06:33:13.253+0000][151028][gc,task     ] GC(532) Using 10 workers of 10 for evacuation
[2022-12-13T06:33:13.253+0000][151028][gc,age      ] GC(532) Desired survivor size 314572800 bytes, new threshold 15 (max threshold 15)
[2022-12-13T06:33:13.265+0000][151028][gc,phases   ] GC(532)   Pre Evacuate Collection Set: 1.0ms
[2022-12-13T06:33:13.265+0000][151028][gc,phases   ] GC(532)   Merge Heap Roots: 0.2ms
[2022-12-13T06:33:13.265+0000][151028][gc,phases   ] GC(532)   Evacuate Collection Set: 2.9ms
[2022-12-13T06:33:13.265+0000][151028][gc,phases   ] GC(532)   Post Evacuate Collection Set: 7.0ms
[2022-12-13T06:33:13.265+0000][151028][gc,phases   ] GC(532)   Other: 0.2ms
[2022-12-13T06:33:13.265+0000][151028][gc,age      ] GC(532) Age table with threshold 15 (max threshold 15)
[2022-12-13T06:33:13.265+0000][151028][gc,age      ] GC(532) - age   1:    7282352 bytes,    7282352 total
[2022-12-13T06:33:13.265+0000][151028][gc,age      ] GC(532) - age   2:    8425040 bytes,   15707392 total
[2022-12-13T06:33:13.265+0000][151028][gc,age      ] GC(532) - age   3:     293104 bytes,   16000496 total
[2022-12-13T06:33:13.265+0000][151028][gc,age      ] GC(532) - age   4:      22440 bytes,   16022936 total
[2022-12-13T06:33:13.265+0000][151028][gc,age      ] GC(532) - age   5:       4968 bytes,   16027904 total
[2022-12-13T06:33:13.265+0000][151028][gc,age      ] GC(532) - age   6:       3456 bytes,   16031360 total
[2022-12-13T06:33:13.265+0000][151028][gc,age      ] GC(532) - age   7:       3584 bytes,   16034944 total
[2022-12-13T06:33:13.265+0000][151028][gc,age      ] GC(532) - age   8:       1320 bytes,   16036264 total
[2022-12-13T06:33:13.265+0000][151028][gc,age      ] GC(532) - age   9:       1320 bytes,   16037584 total
[2022-12-13T06:33:13.265+0000][151028][gc,age      ] GC(532) - age  10:       2296 bytes,   16039880 total
[2022-12-13T06:33:13.265+0000][151028][gc,age      ] GC(532) - age  11:       2080 bytes,   16041960 total
[2022-12-13T06:33:13.265+0000][151028][gc,age      ] GC(532) - age  12:      87936 bytes,   16129896 total
[2022-12-13T06:33:13.265+0000][151028][gc,age      ] GC(532) - age  13:       2912 bytes,   16132808 total
[2022-12-13T06:33:13.265+0000][151028][gc,age      ] GC(532) - age  14:      10296 bytes,   16143104 total
[2022-12-13T06:33:13.265+0000][151028][gc,age      ] GC(532) - age  15:       2264 bytes,   16145368 total
[2022-12-13T06:33:13.265+0000][151028][gc,heap     ] GC(532) Eden regions: 58->0(1193)
[2022-12-13T06:33:13.265+0000][151028][gc,heap     ] GC(532) Survivor regions: 9->5(150)
[2022-12-13T06:33:13.265+0000][151028][gc,heap     ] GC(532) Old regions: 115->115
[2022-12-13T06:33:13.265+0000][151028][gc,heap     ] GC(532) Archive regions: 2->2
[2022-12-13T06:33:13.265+0000][151028][gc,heap     ] GC(532) Humongous regions: 482->12
[2022-12-13T06:33:13.265+0000][151028][gc,metaspace] GC(532) Metaspace: 176397K(181056K)->176397K(181056K) NonClass: 154766K(157312K)->154766K(157312K) Class: 21630K(23744K)->21630K(23744K)
[2022-12-13T06:33:13.265+0000][151028][gc          ] GC(532) Pause Young (Concurrent Start) (G1 Humongous Allocation) 2652M->530M(7992M) 11.836ms
[2022-12-13T06:33:13.265+0000][151028][gc,cpu      ] GC(532) User=0.05s Sys=0.02s Real=0.01s
[2022-12-13T06:33:13.265+0000][151028][gc          ] GC(533) Concurrent Undo Cycle
[2022-12-13T06:33:13.265+0000][151028][safepoint   ] Safepoint "G1TryInitiateConcMark", Time since last: 600411000 ns, Reaching safepoint: 226700 ns, At safepoint: 12038000 ns, Total: 12264700 ns
[2022-12-13T06:33:13.265+0000][151028][gc,marking  ] GC(533) Concurrent Cleanup for Next Mark
[2022-12-13T06:33:13.266+0000][151028][gc,marking  ] GC(533) Concurrent Cleanup for Next Mark 0.706ms
[2022-12-13T06:33:13.266+0000][151028][gc          ] GC(533) Concurrent Undo Cycle 0.956ms
[2022-12-13T06:33:13.939+0000][151028][gc,start    ] GC(534) Pause Young (Concurrent Start) (G1 Humongous Allocation)
[2022-12-13T06:33:13.939+0000][151028][gc,task     ] GC(534) Using 10 workers of 10 for evacuation
[2022-12-13T06:33:13.939+0000][151028][gc,age      ] GC(534) Desired survivor size 314572800 bytes, new threshold 15 (max threshold 15)
[2022-12-13T06:33:13.950+0000][151028][gc,phases   ] GC(534)   Pre Evacuate Collection Set: 0.8ms
[2022-12-13T06:33:13.950+0000][151028][gc,phases   ] GC(534)   Merge Heap Roots: 0.2ms
[2022-12-13T06:33:13.950+0000][151028][gc,phases   ] GC(534)   Evacuate Collection Set: 2.5ms
[2022-12-13T06:33:13.950+0000][151028][gc,phases   ] GC(534)   Post Evacuate Collection Set: 7.6ms
[2022-12-13T06:33:13.950+0000][151028][gc,phases   ] GC(534)   Other: 0.2ms
[2022-12-13T06:33:13.950+0000][151028][gc,age      ] GC(534) Age table with threshold 15 (max threshold 15)
[2022-12-13T06:33:13.950+0000][151028][gc,age      ] GC(534) - age   1:   16997800 bytes,   16997800 total
[2022-12-13T06:33:13.950+0000][151028][gc,age      ] GC(534) - age   2:     298960 bytes,   17296760 total
[2022-12-13T06:33:13.950+0000][151028][gc,age      ] GC(534) - age   3:    1076840 bytes,   18373600 total
[2022-12-13T06:33:13.950+0000][151028][gc,age      ] GC(534) - age   4:      30512 bytes,   18404112 total
[2022-12-13T06:33:13.950+0000][151028][gc,age      ] GC(534) - age   5:      21520 bytes,   18425632 total
[2022-12-13T06:33:13.950+0000][151028][gc,age      ] GC(534) - age   6:       4456 bytes,   18430088 total
[2022-12-13T06:33:13.950+0000][151028][gc,age      ] GC(534) - age   7:       2216 bytes,   18432304 total
[2022-12-13T06:33:13.950+0000][151028][gc,age      ] GC(534) - age   8:       2384 bytes,   18434688 total
[2022-12-13T06:33:13.950+0000][151028][gc,age      ] GC(534) - age   9:       1120 bytes,   18435808 total
[2022-12-13T06:33:13.950+0000][151028][gc,age      ] GC(534) - age  10:       1064 bytes,   18436872 total
[2022-12-13T06:33:13.950+0000][151028][gc,age      ] GC(534) - age  11:       1856 bytes,   18438728 total
[2022-12-13T06:33:13.950+0000][151028][gc,age      ] GC(534) - age  12:       2000 bytes,   18440728 total
[2022-12-13T06:33:13.950+0000][151028][gc,age      ] GC(534) - age  13:      87416 bytes,   18528144 total
[2022-12-13T06:33:13.950+0000][151028][gc,age      ] GC(534) - age  14:       2232 bytes,   18530376 total
[2022-12-13T06:33:13.950+0000][151028][gc,age      ] GC(534) - age  15:       9016 bytes,   18539392 total
[2022-12-13T06:33:13.951+0000][151028][gc,heap     ] GC(534) Eden regions: 44->0(1193)
[2022-12-13T06:33:13.951+0000][151028][gc,heap     ] GC(534) Survivor regions: 5->5(150)
[2022-12-13T06:33:13.951+0000][151028][gc,heap     ] GC(534) Old regions: 115->115
[2022-12-13T06:33:13.951+0000][151028][gc,heap     ] GC(534) Archive regions: 2->2
[2022-12-13T06:33:13.951+0000][151028][gc,heap     ] GC(534) Humongous regions: 475->6
[2022-12-13T06:33:13.951+0000][151028][gc,metaspace] GC(534) Metaspace: 176397K(181056K)->176397K(181056K) NonClass: 154766K(157312K)->154766K(157312K) Class: 21630K(23744K)->21630K(23744K)
[2022-12-13T06:33:13.951+0000][151028][gc          ] GC(534) Pause Young (Concurrent Start) (G1 Humongous Allocation) 2556M->506M(7992M) 11.737ms
[2022-12-13T06:33:13.951+0000][151028][gc,cpu      ] GC(534) User=0.05s Sys=0.01s Real=0.01s
[2022-12-13T06:33:13.951+0000][151028][gc          ] GC(535) Concurrent Undo Cycle
[2022-12-13T06:33:13.951+0000][151028][safepoint   ] Safepoint "G1TryInitiateConcMark", Time since last: 673465100 ns, Reaching safepoint: 191800 ns, At safepoint: 11932600 ns, Total: 12124400 ns
[2022-12-13T06:33:13.951+0000][151028][gc,marking  ] GC(535) Concurrent Cleanup for Next Mark
[2022-12-13T06:33:13.952+0000][151028][gc,marking  ] GC(535) Concurrent Cleanup for Next Mark 0.803ms
[2022-12-13T06:33:13.952+0000][151028][gc          ] GC(535) Concurrent Undo Cycle 0.996ms
[2022-12-13T06:33:14.787+0000][151028][gc,start    ] GC(536) Pause Young (Concurrent Start) (G1 Humongous Allocation)
[2022-12-13T06:33:14.787+0000][151028][gc,task     ] GC(536) Using 10 workers of 10 for evacuation
[2022-12-13T06:33:14.787+0000][151028][gc,age      ] GC(536) Desired survivor size 314572800 bytes, new threshold 15 (max threshold 15)
[2022-12-13T06:33:14.793+0000][151028][gc,phases   ] GC(536)   Pre Evacuate Collection Set: 0.9ms
[2022-12-13T06:33:14.793+0000][151028][gc,phases   ] GC(536)   Merge Heap Roots: 0.2ms
[2022-12-13T06:33:14.793+0000][151028][gc,phases   ] GC(536)   Evacuate Collection Set: 2.8ms
[2022-12-13T06:33:14.793+0000][151028][gc,phases   ] GC(536)   Post Evacuate Collection Set: 2.0ms
[2022-12-13T06:33:14.793+0000][151028][gc,phases   ] GC(536)   Other: 0.1ms
[2022-12-13T06:33:14.793+0000][151028][gc,age      ] GC(536) Age table with threshold 15 (max threshold 15)
[2022-12-13T06:33:14.793+0000][151028][gc,age      ] GC(536) - age   1:    1101104 bytes,    1101104 total
[2022-12-13T06:33:14.793+0000][151028][gc,age      ] GC(536) - age   2:     280528 bytes,    1381632 total
[2022-12-13T06:33:14.793+0000][151028][gc,age      ] GC(536) - age   3:      13760 bytes,    1395392 total
[2022-12-13T06:33:14.793+0000][151028][gc,age      ] GC(536) - age   4:    1074704 bytes,    2470096 total
[2022-12-13T06:33:14.793+0000][151028][gc,age      ] GC(536) - age   5:      30320 bytes,    2500416 total
[2022-12-13T06:33:14.793+0000][151028][gc,age      ] GC(536) - age   6:      17696 bytes,    2518112 total
[2022-12-13T06:33:14.793+0000][151028][gc,age      ] GC(536) - age   7:       3824 bytes,    2521936 total
[2022-12-13T06:33:14.793+0000][151028][gc,age      ] GC(536) - age   8:       1448 bytes,    2523384 total
[2022-12-13T06:33:14.793+0000][151028][gc,age      ] GC(536) - age   9:       2344 bytes,    2525728 total
[2022-12-13T06:33:14.793+0000][151028][gc,age      ] GC(536) - age  10:       1120 bytes,    2526848 total
[2022-12-13T06:33:14.793+0000][151028][gc,age      ] GC(536) - age  11:       1064 bytes,    2527912 total
[2022-12-13T06:33:14.793+0000][151028][gc,age      ] GC(536) - age  12:       1536 bytes,    2529448 total
[2022-12-13T06:33:14.793+0000][151028][gc,age      ] GC(536) - age  13:       1240 bytes,    2530688 total
[2022-12-13T06:33:14.793+0000][151028][gc,age      ] GC(536) - age  14:      87096 bytes,    2617784 total
[2022-12-13T06:33:14.793+0000][151028][gc,age      ] GC(536) - age  15:       2232 bytes,    2620016 total
[2022-12-13T06:33:14.793+0000][151028][gc,heap     ] GC(536) Eden regions: 21->0(1197)
[2022-12-13T06:33:14.793+0000][151028][gc,heap     ] GC(536) Survivor regions: 5->1(150)
[2022-12-13T06:33:14.793+0000][151028][gc,heap     ] GC(536) Old regions: 115->115
[2022-12-13T06:33:14.793+0000][151028][gc,heap     ] GC(536) Archive regions: 2->2
[2022-12-13T06:33:14.793+0000][151028][gc,heap     ] GC(536) Humongous regions: 468->39
[2022-12-13T06:33:14.793+0000][151028][gc,metaspace] GC(536) Metaspace: 176397K(181056K)->176397K(181056K) NonClass: 154766K(157312K)->154766K(157312K) Class: 21630K(23744K)->21630K(23744K)
[2022-12-13T06:33:14.793+0000][151028][gc          ] GC(536) Pause Young (Concurrent Start) (G1 Humongous Allocation) 2438M->622M(7992M) 6.486ms
[2022-12-13T06:33:14.793+0000][151028][gc,cpu      ] GC(536) User=0.02s Sys=0.00s Real=0.01s
[2022-12-13T06:33:14.793+0000][151028][gc          ] GC(537) Concurrent Undo Cycle
[2022-12-13T06:33:14.793+0000][151028][safepoint   ] Safepoint "G1TryInitiateConcMark", Time since last: 818376000 ns, Reaching safepoint: 17558200 ns, At safepoint: 6714900 ns, Total: 24273100 ns
[2022-12-13T06:33:14.794+0000][151028][gc,marking  ] GC(537) Concurrent Cleanup for Next Mark
[2022-12-13T06:33:14.794+0000][151028][gc,marking  ] GC(537) Concurrent Cleanup for Next Mark 0.911ms
[2022-12-13T06:33:14.795+0000][151028][gc          ] GC(537) Concurrent Undo Cycle 1.211ms
[2022-12-13T06:33:15.295+0000][151028][gc,start    ] GC(538) Pause Young (Concurrent Start) (G1 Humongous Allocation)
[2022-12-13T06:33:15.295+0000][151028][gc,task     ] GC(538) Using 10 workers of 10 for evacuation
[2022-12-13T06:33:15.295+0000][151028][gc,age      ] GC(538) Desired survivor size 314572800 bytes, new threshold 15 (max threshold 15)
[2022-12-13T06:33:15.301+0000][151028][gc,phases   ] GC(538)   Pre Evacuate Collection Set: 0.9ms
[2022-12-13T06:33:15.301+0000][151028][gc,phases   ] GC(538)   Merge Heap Roots: 0.2ms
[2022-12-13T06:33:15.301+0000][151028][gc,phases   ] GC(538)   Evacuate Collection Set: 3.0ms
[2022-12-13T06:33:15.301+0000][151028][gc,phases   ] GC(538)   Post Evacuate Collection Set: 1.8ms
[2022-12-13T06:33:15.301+0000][151028][gc,phases   ] GC(538)   Other: 0.1ms
[2022-12-13T06:33:15.301+0000][151028][gc,age      ] GC(538) Age table with threshold 15 (max threshold 15)
[2022-12-13T06:33:15.301+0000][151028][gc,age      ] GC(538) - age   1:     786392 bytes,     786392 total
[2022-12-13T06:33:15.301+0000][151028][gc,age      ] GC(538) - age   2:     425576 bytes,    1211968 total
[2022-12-13T06:33:15.301+0000][151028][gc,age      ] GC(538) - age   3:     148800 bytes,    1360768 total
[2022-12-13T06:33:15.301+0000][151028][gc,age      ] GC(538) - age   4:      12880 bytes,    1373648 total
[2022-12-13T06:33:15.301+0000][151028][gc,age      ] GC(538) - age   5:    1074184 bytes,    2447832 total
[2022-12-13T06:33:15.301+0000][151028][gc,age      ] GC(538) - age   6:      30048 bytes,    2477880 total
[2022-12-13T06:33:15.301+0000][151028][gc,age      ] GC(538) - age   7:      15576 bytes,    2493456 total
[2022-12-13T06:33:15.301+0000][151028][gc,age      ] GC(538) - age   8:       3008 bytes,    2496464 total
[2022-12-13T06:33:15.301+0000][151028][gc,age      ] GC(538) - age   9:       1448 bytes,    2497912 total
[2022-12-13T06:33:15.301+0000][151028][gc,age      ] GC(538) - age  10:       2304 bytes,    2500216 total
[2022-12-13T06:33:15.301+0000][151028][gc,age      ] GC(538) - age  11:       1120 bytes,    2501336 total
[2022-12-13T06:33:15.301+0000][151028][gc,age      ] GC(538) - age  12:        784 bytes,    2502120 total
[2022-12-13T06:33:15.301+0000][151028][gc,age      ] GC(538) - age  13:       1296 bytes,    2503416 total
[2022-12-13T06:33:15.301+0000][151028][gc,age      ] GC(538) - age  14:       1240 bytes,    2504656 total
[2022-12-13T06:33:15.301+0000][151028][gc,age      ] GC(538) - age  15:      87096 bytes,    2591752 total
[2022-12-13T06:33:15.301+0000][151028][gc,heap     ] GC(538) Eden regions: 10->0(1197)
[2022-12-13T06:33:15.301+0000][151028][gc,heap     ] GC(538) Survivor regions: 1->1(150)
[2022-12-13T06:33:15.301+0000][151028][gc,heap     ] GC(538) Old regions: 115->115
[2022-12-13T06:33:15.301+0000][151028][gc,heap     ] GC(538) Archive regions: 2->2
[2022-12-13T06:33:15.301+0000][151028][gc,heap     ] GC(538) Humongous regions: 468->138
[2022-12-13T06:33:15.301+0000][151028][gc,metaspace] GC(538) Metaspace: 176404K(181056K)->176404K(181056K) NonClass: 154773K(157312K)->154773K(157312K) Class: 21630K(23744K)->21630K(23744K)
[2022-12-13T06:33:15.301+0000][151028][gc          ] GC(538) Pause Young (Concurrent Start) (G1 Humongous Allocation) 2378M->1017M(7992M) 6.508ms
[2022-12-13T06:33:15.301+0000][151028][gc          ] GC(539) Concurrent Undo Cycle
[2022-12-13T06:33:15.301+0000][151028][gc,cpu      ] GC(538) User=0.02s Sys=0.01s Real=0.01s
[2022-12-13T06:33:15.301+0000][151028][gc,marking  ] GC(539) Concurrent Cleanup for Next Mark
[2022-12-13T06:33:15.302+0000][151028][safepoint   ] Safepoint "G1TryInitiateConcMark", Time since last: 460705700 ns, Reaching safepoint: 40362300 ns, At safepoint: 7576900 ns, Total: 47939200 ns
[2022-12-13T06:33:15.302+0000][151028][gc,marking  ] GC(539) Concurrent Cleanup for Next Mark 1.006ms
[2022-12-13T06:33:15.302+0000][151028][gc          ] GC(539) Concurrent Undo Cycle 1.140ms
[2022-12-13T06:33:15.596+0000][151028][gc,start    ] GC(540) Pause Young (Concurrent Start) (G1 Humongous Allocation)
[2022-12-13T06:33:15.596+0000][151028][gc,task     ] GC(540) Using 10 workers of 10 for evacuation
[2022-12-13T06:33:15.596+0000][151028][gc,age      ] GC(540) Desired survivor size 314572800 bytes, new threshold 15 (max threshold 15)
[2022-12-13T06:33:15.603+0000][151028][gc,phases   ] GC(540)   Pre Evacuate Collection Set: 0.9ms
[2022-12-13T06:33:15.604+0000][151028][gc,phases   ] GC(540)   Merge Heap Roots: 0.2ms
[2022-12-13T06:33:15.604+0000][151028][gc,phases   ] GC(540)   Evacuate Collection Set: 3.7ms
[2022-12-13T06:33:15.604+0000][151028][gc,phases   ] GC(540)   Post Evacuate Collection Set: 2.1ms
[2022-12-13T06:33:15.604+0000][151028][gc,phases   ] GC(540)   Other: 0.1ms
[2022-12-13T06:33:15.604+0000][151028][gc,age      ] GC(540) Age table with threshold 15 (max threshold 15)
[2022-12-13T06:33:15.604+0000][151028][gc,age      ] GC(540) - age   1:    1050016 bytes,    1050016 total
[2022-12-13T06:33:15.604+0000][151028][gc,age      ] GC(540) - age   2:     160752 bytes,    1210768 total
[2022-12-13T06:33:15.604+0000][151028][gc,age      ] GC(540) - age   3:     411104 bytes,    1621872 total
[2022-12-13T06:33:15.604+0000][151028][gc,age      ] GC(540) - age   4:     148760 bytes,    1770632 total
[2022-12-13T06:33:15.604+0000][151028][gc,age      ] GC(540) - age   5:      12360 bytes,    1782992 total
[2022-12-13T06:33:15.604+0000][151028][gc,age      ] GC(540) - age   6:    1073672 bytes,    2856664 total
[2022-12-13T06:33:15.604+0000][151028][gc,age      ] GC(540) - age   7:      29008 bytes,    2885672 total
[2022-12-13T06:33:15.604+0000][151028][gc,age      ] GC(540) - age   8:      15016 bytes,    2900688 total
[2022-12-13T06:33:15.604+0000][151028][gc,age      ] GC(540) - age   9:       3008 bytes,    2903696 total
[2022-12-13T06:33:15.604+0000][151028][gc,age      ] GC(540) - age  10:       1376 bytes,    2905072 total
[2022-12-13T06:33:15.604+0000][151028][gc,age      ] GC(540) - age  11:       2304 bytes,    2907376 total
[2022-12-13T06:33:15.604+0000][151028][gc,age      ] GC(540) - age  12:       1120 bytes,    2908496 total
[2022-12-13T06:33:15.604+0000][151028][gc,age      ] GC(540) - age  13:        424 bytes,    2908920 total
[2022-12-13T06:33:15.604+0000][151028][gc,age      ] GC(540) - age  14:       1296 bytes,    2910216 total
[2022-12-13T06:33:15.604+0000][151028][gc,age      ] GC(540) - age  15:       1200 bytes,    2911416 total
[2022-12-13T06:33:15.604+0000][151028][gc,heap     ] GC(540) Eden regions: 11->0(1197)
[2022-12-13T06:33:15.604+0000][151028][gc,heap     ] GC(540) Survivor regions: 1->1(150)
[2022-12-13T06:33:15.604+0000][151028][gc,heap     ] GC(540) Old regions: 115->115
[2022-12-13T06:33:15.604+0000][151028][gc,heap     ] GC(540) Archive regions: 2->2
[2022-12-13T06:33:15.604+0000][151028][gc,heap     ] GC(540) Humongous regions: 468->6
[2022-12-13T06:33:15.604+0000][151028][gc,metaspace] GC(540) Metaspace: 176404K(181056K)->176404K(181056K) NonClass: 154773K(157312K)->154773K(157312K) Class: 21630K(23744K)->21630K(23744K)
[2022-12-13T06:33:15.604+0000][151028][gc          ] GC(540) Pause Young (Concurrent Start) (G1 Humongous Allocation) 2381M->490M(7992M) 7.561ms
[2022-12-13T06:33:15.604+0000][151028][gc          ] GC(541) Concurrent Undo Cycle
[2022-12-13T06:33:15.604+0000][151028][gc,cpu      ] GC(540) User=0.02s Sys=0.00s Real=0.01s
[2022-12-13T06:33:15.604+0000][151028][gc,marking  ] GC(541) Concurrent Cleanup for Next Mark
[2022-12-13T06:33:15.604+0000][151028][safepoint   ] Safepoint "G1TryInitiateConcMark", Time since last: 293935400 ns, Reaching safepoint: 289000 ns, At safepoint: 7804300 ns, Total: 8093300 ns
[2022-12-13T06:33:15.605+0000][151028][gc,marking  ] GC(541) Concurrent Cleanup for Next Mark 1.105ms
[2022-12-13T06:33:15.605+0000][151028][gc          ] GC(541) Concurrent Undo Cycle 1.234ms
[2022-12-13T06:33:16.298+0000][151028][gc,start    ] GC(542) Pause Young (Concurrent Start) (G1 Humongous Allocation)
[2022-12-13T06:33:16.298+0000][151028][gc,task     ] GC(542) Using 10 workers of 10 for evacuation
[2022-12-13T06:33:16.298+0000][151028][gc,age      ] GC(542) Desired survivor size 314572800 bytes, new threshold 15 (max threshold 15)
[2022-12-13T06:33:16.304+0000][151028][gc,phases   ] GC(542)   Pre Evacuate Collection Set: 0.8ms
[2022-12-13T06:33:16.304+0000][151028][gc,phases   ] GC(542)   Merge Heap Roots: 0.2ms
[2022-12-13T06:33:16.304+0000][151028][gc,phases   ] GC(542)   Evacuate Collection Set: 2.5ms
[2022-12-13T06:33:16.304+0000][151028][gc,phases   ] GC(542)   Post Evacuate Collection Set: 2.1ms
[2022-12-13T06:33:16.304+0000][151028][gc,phases   ] GC(542)   Other: 0.1ms
[2022-12-13T06:33:16.304+0000][151028][gc,age      ] GC(542) Age table with threshold 15 (max threshold 15)
[2022-12-13T06:33:16.304+0000][151028][gc,age      ] GC(542) - age   1:     605784 bytes,     605784 total
[2022-12-13T06:33:16.304+0000][151028][gc,age      ] GC(542) - age   2:     151184 bytes,     756968 total
[2022-12-13T06:33:16.304+0000][151028][gc,age      ] GC(542) - age   3:       6656 bytes,     763624 total
[2022-12-13T06:33:16.304+0000][151028][gc,age      ] GC(542) - age   4:     147800 bytes,     911424 total
[2022-12-13T06:33:16.304+0000][151028][gc,age      ] GC(542) - age   5:     148376 bytes,    1059800 total
[2022-12-13T06:33:16.304+0000][151028][gc,age      ] GC(542) - age   6:      10408 bytes,    1070208 total
[2022-12-13T06:33:16.304+0000][151028][gc,age      ] GC(542) - age   7:    1071392 bytes,    2141600 total
[2022-12-13T06:33:16.304+0000][151028][gc,age      ] GC(542) - age   8:      28656 bytes,    2170256 total
[2022-12-13T06:33:16.304+0000][151028][gc,age      ] GC(542) - age   9:      13488 bytes,    2183744 total
[2022-12-13T06:33:16.304+0000][151028][gc,age      ] GC(542) - age  10:       2944 bytes,    2186688 total
[2022-12-13T06:33:16.304+0000][151028][gc,age      ] GC(542) - age  11:       1344 bytes,    2188032 total
[2022-12-13T06:33:16.304+0000][151028][gc,age      ] GC(542) - age  12:       1624 bytes,    2189656 total
[2022-12-13T06:33:16.304+0000][151028][gc,age      ] GC(542) - age  13:        480 bytes,    2190136 total
[2022-12-13T06:33:16.304+0000][151028][gc,age      ] GC(542) - age  14:        424 bytes,    2190560 total
[2022-12-13T06:33:16.304+0000][151028][gc,age      ] GC(542) - age  15:       1256 bytes,    2191816 total
[2022-12-13T06:33:16.304+0000][151028][gc,heap     ] GC(542) Eden regions: 16->0(1197)
[2022-12-13T06:33:16.304+0000][151028][gc,heap     ] GC(542) Survivor regions: 1->1(150)
[2022-12-13T06:33:16.304+0000][151028][gc,heap     ] GC(542) Old regions: 115->115
[2022-12-13T06:33:16.304+0000][151028][gc,heap     ] GC(542) Archive regions: 2->2
[2022-12-13T06:33:16.304+0000][151028][gc,heap     ] GC(542) Humongous regions: 468->6
[2022-12-13T06:33:16.304+0000][151028][gc,metaspace] GC(542) Metaspace: 176405K(181056K)->176405K(181056K) NonClass: 154775K(157312K)->154775K(157312K) Class: 21630K(23744K)->21630K(23744K)
[2022-12-13T06:33:16.304+0000][151028][gc          ] GC(542) Pause Young (Concurrent Start) (G1 Humongous Allocation) 2400M->489M(7992M) 6.263ms
[2022-12-13T06:33:16.304+0000][151028][gc,cpu      ] GC(542) User=0.02s Sys=0.00s Real=0.01s
[2022-12-13T06:33:16.304+0000][151028][gc          ] GC(543) Concurrent Undo Cycle
[2022-12-13T06:33:16.304+0000][151028][safepoint   ] Safepoint "G1TryInitiateConcMark", Time since last: 693643700 ns, Reaching safepoint: 186600 ns, At safepoint: 6478300 ns, Total: 6664900 ns
[2022-12-13T06:33:16.304+0000][151028][gc,marking  ] GC(543) Concurrent Cleanup for Next Mark
[2022-12-13T06:33:16.306+0000][151028][gc,marking  ] GC(543) Concurrent Cleanup for Next Mark 1.174ms
[2022-12-13T06:33:16.306+0000][151028][gc          ] GC(543) Concurrent Undo Cycle 1.363ms
[2022-12-13T06:33:16.868+0000][151028][gc,start    ] GC(544) Pause Young (Concurrent Start) (G1 Humongous Allocation)
[2022-12-13T06:33:16.868+0000][151028][gc,task     ] GC(544) Using 10 workers of 10 for evacuation
[2022-12-13T06:33:16.868+0000][151028][gc,age      ] GC(544) Desired survivor size 314572800 bytes, new threshold 15 (max threshold 15)
[2022-12-13T06:33:16.874+0000][151028][gc,phases   ] GC(544)   Pre Evacuate Collection Set: 0.8ms
[2022-12-13T06:33:16.875+0000][151028][gc,phases   ] GC(544)   Merge Heap Roots: 0.2ms
[2022-12-13T06:33:16.875+0000][151028][gc,phases   ] GC(544)   Evacuate Collection Set: 3.2ms
[2022-12-13T06:33:16.875+0000][151028][gc,phases   ] GC(544)   Post Evacuate Collection Set: 1.9ms
[2022-12-13T06:33:16.875+0000][151028][gc,phases   ] GC(544)   Other: 0.2ms
[2022-12-13T06:33:16.875+0000][151028][gc,age      ] GC(544) Age table with threshold 15 (max threshold 15)
[2022-12-13T06:33:16.875+0000][151028][gc,age      ] GC(544) - age   1:    1103944 bytes,    1103944 total
[2022-12-13T06:33:16.875+0000][151028][gc,age      ] GC(544) - age   2:     297592 bytes,    1401536 total
[2022-12-13T06:33:16.875+0000][151028][gc,age      ] GC(544) - age   3:     137152 bytes,    1538688 total
[2022-12-13T06:33:16.875+0000][151028][gc,age      ] GC(544) - age   4:       6368 bytes,    1545056 total
[2022-12-13T06:33:16.875+0000][151028][gc,age      ] GC(544) - age   5:      16312 bytes,    1561368 total
[2022-12-13T06:33:16.875+0000][151028][gc,age      ] GC(544) - age   6:     148136 bytes,    1709504 total
[2022-12-13T06:33:16.875+0000][151028][gc,age      ] GC(544) - age   7:       9528 bytes,    1719032 total
[2022-12-13T06:33:16.875+0000][151028][gc,age      ] GC(544) - age   8:    1070432 bytes,    2789464 total
[2022-12-13T06:33:16.875+0000][151028][gc,age      ] GC(544) - age   9:      28616 bytes,    2818080 total
[2022-12-13T06:33:16.875+0000][151028][gc,age      ] GC(544) - age  10:      12648 bytes,    2830728 total
[2022-12-13T06:33:16.875+0000][151028][gc,age      ] GC(544) - age  11:       2704 bytes,    2833432 total
[2022-12-13T06:33:16.875+0000][151028][gc,age      ] GC(544) - age  12:       1144 bytes,    2834576 total
[2022-12-13T06:33:16.875+0000][151028][gc,age      ] GC(544) - age  13:       1584 bytes,    2836160 total
[2022-12-13T06:33:16.875+0000][151028][gc,age      ] GC(544) - age  14:        440 bytes,    2836600 total
[2022-12-13T06:33:16.875+0000][151028][gc,age      ] GC(544) - age  15:        424 bytes,    2837024 total
[2022-12-13T06:33:16.875+0000][151028][gc,heap     ] GC(544) Eden regions: 10->0(1197)
[2022-12-13T06:33:16.875+0000][151028][gc,heap     ] GC(544) Survivor regions: 1->1(150)
[2022-12-13T06:33:16.875+0000][151028][gc,heap     ] GC(544) Old regions: 115->115
[2022-12-13T06:33:16.875+0000][151028][gc,heap     ] GC(544) Archive regions: 2->2
[2022-12-13T06:33:16.875+0000][151028][gc,heap     ] GC(544) Humongous regions: 468->105
[2022-12-13T06:33:16.875+0000][151028][gc,metaspace] GC(544) Metaspace: 176405K(181056K)->176405K(181056K) NonClass: 154775K(157312K)->154775K(157312K) Class: 21630K(23744K)->21630K(23744K)
[2022-12-13T06:33:16.875+0000][151028][gc          ] GC(544) Pause Young (Concurrent Start) (G1 Humongous Allocation) 2375M->886M(7992M) 6.804ms
[2022-12-13T06:33:16.875+0000][151028][gc          ] GC(545) Concurrent Undo Cycle
[2022-12-13T06:33:16.875+0000][151028][gc,cpu      ] GC(544) User=0.02s Sys=0.00s Real=0.01s
[2022-12-13T06:33:16.875+0000][151028][gc,marking  ] GC(545) Concurrent Cleanup for Next Mark
[2022-12-13T06:33:16.875+0000][151028][safepoint   ] Safepoint "G1TryInitiateConcMark", Time since last: 543542700 ns, Reaching safepoint: 20049900 ns, At safepoint: 7159900 ns, Total: 27209800 ns
[2022-12-13T06:33:16.876+0000][151028][gc,marking  ] GC(545) Concurrent Cleanup for Next Mark 0.790ms
[2022-12-13T06:33:16.876+0000][151028][gc          ] GC(545) Concurrent Undo Cycle 0.907ms
[2022-12-13T06:33:17.378+0000][151028][gc,start    ] GC(546) Pause Young (Concurrent Start) (G1 Humongous Allocation)
[2022-12-13T06:33:17.378+0000][151028][gc,task     ] GC(546) Using 10 workers of 10 for evacuation
[2022-12-13T06:33:17.378+0000][151028][gc,age      ] GC(546) Desired survivor size 314572800 bytes, new threshold 15 (max threshold 15)
[2022-12-13T06:33:17.384+0000][151028][gc,phases   ] GC(546)   Pre Evacuate Collection Set: 1.0ms
[2022-12-13T06:33:17.384+0000][151028][gc,phases   ] GC(546)   Merge Heap Roots: 0.2ms
[2022-12-13T06:33:17.384+0000][151028][gc,phases   ] GC(546)   Evacuate Collection Set: 2.6ms
[2022-12-13T06:33:17.384+0000][151028][gc,phases   ] GC(546)   Post Evacuate Collection Set: 2.0ms
[2022-12-13T06:33:17.384+0000][151028][gc,phases   ] GC(546)   Other: 0.2ms
[2022-12-13T06:33:17.384+0000][151028][gc,age      ] GC(546) Age table with threshold 15 (max threshold 15)
[2022-12-13T06:33:17.384+0000][151028][gc,age      ] GC(546) - age   1:     626960 bytes,     626960 total
[2022-12-13T06:33:17.384+0000][151028][gc,age      ] GC(546) - age   2:      18640 bytes,     645600 total
[2022-12-13T06:33:17.384+0000][151028][gc,age      ] GC(546) - age   3:     274560 bytes,     920160 total
[2022-12-13T06:33:17.384+0000][151028][gc,age      ] GC(546) - age   4:       5952 bytes,     926112 total
[2022-12-13T06:33:17.384+0000][151028][gc,age      ] GC(546) - age   5:       6328 bytes,     932440 total
[2022-12-13T06:33:17.384+0000][151028][gc,age      ] GC(546) - age   6:      15952 bytes,     948392 total
[2022-12-13T06:33:17.384+0000][151028][gc,age      ] GC(546) - age   7:     147376 bytes,    1095768 total
[2022-12-13T06:33:17.384+0000][151028][gc,age      ] GC(546) - age   8:       7488 bytes,    1103256 total
[2022-12-13T06:33:17.384+0000][151028][gc,age      ] GC(546) - age   9:    1069912 bytes,    2173168 total
[2022-12-13T06:33:17.384+0000][151028][gc,age      ] GC(546) - age  10:      28616 bytes,    2201784 total
[2022-12-13T06:33:17.384+0000][151028][gc,age      ] GC(546) - age  11:      11448 bytes,    2213232 total
[2022-12-13T06:33:17.384+0000][151028][gc,age      ] GC(546) - age  12:       2624 bytes,    2215856 total
[2022-12-13T06:33:17.384+0000][151028][gc,age      ] GC(546) - age  13:       1104 bytes,    2216960 total
[2022-12-13T06:33:17.384+0000][151028][gc,age      ] GC(546) - age  14:       1504 bytes,    2218464 total
[2022-12-13T06:33:17.384+0000][151028][gc,age      ] GC(546) - age  15:        400 bytes,    2218864 total
[2022-12-13T06:33:17.384+0000][151028][gc,heap     ] GC(546) Eden regions: 14->0(1197)
[2022-12-13T06:33:17.384+0000][151028][gc,heap     ] GC(546) Survivor regions: 1->1(150)
[2022-12-13T06:33:17.384+0000][151028][gc,heap     ] GC(546) Old regions: 115->115
[2022-12-13T06:33:17.384+0000][151028][gc,heap     ] GC(546) Archive regions: 2->2
[2022-12-13T06:33:17.384+0000][151028][gc,heap     ] GC(546) Humongous regions: 468->6
[2022-12-13T06:33:17.384+0000][151028][gc,metaspace] GC(546) Metaspace: 176405K(181056K)->176405K(181056K) NonClass: 154775K(157312K)->154775K(157312K) Class: 21630K(23744K)->21630K(23744K)
[2022-12-13T06:33:17.384+0000][151028][gc          ] GC(546) Pause Young (Concurrent Start) (G1 Humongous Allocation) 2394M->489M(7992M) 6.523ms
[2022-12-13T06:33:17.385+0000][151028][gc          ] GC(547) Concurrent Undo Cycle
[2022-12-13T06:33:17.385+0000][151028][gc,cpu      ] GC(546) User=0.02s Sys=0.01s Real=0.01s
[2022-12-13T06:33:17.385+0000][151028][gc,marking  ] GC(547) Concurrent Cleanup for Next Mark
[2022-12-13T06:33:17.385+0000][151028][safepoint   ] Safepoint "G1TryInitiateConcMark", Time since last: 502531700 ns, Reaching safepoint: 204800 ns, At safepoint: 6759200 ns, Total: 6964000 ns
[2022-12-13T06:33:17.385+0000][151028][gc,marking  ] GC(547) Concurrent Cleanup for Next Mark 0.721ms
[2022-12-13T06:33:17.385+0000][151028][gc          ] GC(547) Concurrent Undo Cycle 0.842ms
[2022-12-13T06:33:18.035+0000][151028][gc,start    ] GC(548) Pause Young (Concurrent Start) (G1 Humongous Allocation)
[2022-12-13T06:33:18.035+0000][151028][gc,task     ] GC(548) Using 10 workers of 10 for evacuation
[2022-12-13T06:33:18.035+0000][151028][gc,age      ] GC(548) Desired survivor size 314572800 bytes, new threshold 15 (max threshold 15)
[2022-12-13T06:33:18.042+0000][151028][gc,phases   ] GC(548)   Pre Evacuate Collection Set: 1.1ms
[2022-12-13T06:33:18.042+0000][151028][gc,phases   ] GC(548)   Merge Heap Roots: 0.3ms
[2022-12-13T06:33:18.042+0000][151028][gc,phases   ] GC(548)   Evacuate Collection Set: 2.7ms
[2022-12-13T06:33:18.042+0000][151028][gc,phases   ] GC(548)   Post Evacuate Collection Set: 2.1ms
[2022-12-13T06:33:18.042+0000][151028][gc,phases   ] GC(548)   Other: 0.2ms
[2022-12-13T06:33:18.042+0000][151028][gc,age      ] GC(548) Age table with threshold 15 (max threshold 15)
[2022-12-13T06:33:18.042+0000][151028][gc,age      ] GC(548) - age   1:     330792 bytes,     330792 total
[2022-12-13T06:33:18.042+0000][151028][gc,age      ] GC(548) - age   2:     426192 bytes,     756984 total
[2022-12-13T06:33:18.042+0000][151028][gc,age      ] GC(548) - age   3:       7384 bytes,     764368 total
[2022-12-13T06:33:18.042+0000][151028][gc,age      ] GC(548) - age   4:     274408 bytes,    1038776 total
[2022-12-13T06:33:18.042+0000][151028][gc,age      ] GC(548) - age   5:       5792 bytes,    1044568 total
[2022-12-13T06:33:18.042+0000][151028][gc,age      ] GC(548) - age   6:       6128 bytes,    1050696 total
[2022-12-13T06:33:18.042+0000][151028][gc,age      ] GC(548) - age   7:      15752 bytes,    1066448 total
[2022-12-13T06:33:18.042+0000][151028][gc,age      ] GC(548) - age   8:      14968 bytes,    1081416 total
[2022-12-13T06:33:18.042+0000][151028][gc,age      ] GC(548) - age   9:       6488 bytes,    1087904 total
[2022-12-13T06:33:18.042+0000][151028][gc,age      ] GC(548) - age  10:    1069312 bytes,    2157216 total
[2022-12-13T06:33:18.042+0000][151028][gc,age      ] GC(548) - age  11:      28336 bytes,    2185552 total
[2022-12-13T06:33:18.042+0000][151028][gc,age      ] GC(548) - age  12:      10528 bytes,    2196080 total
[2022-12-13T06:33:18.042+0000][151028][gc,age      ] GC(548) - age  13:       2624 bytes,    2198704 total
[2022-12-13T06:33:18.042+0000][151028][gc,age      ] GC(548) - age  14:       1104 bytes,    2199808 total
[2022-12-13T06:33:18.042+0000][151028][gc,age      ] GC(548) - age  15:       1504 bytes,    2201312 total
[2022-12-13T06:33:18.042+0000][151028][gc,heap     ] GC(548) Eden regions: 13->0(1197)
[2022-12-13T06:33:18.042+0000][151028][gc,heap     ] GC(548) Survivor regions: 1->1(150)
[2022-12-13T06:33:18.042+0000][151028][gc,heap     ] GC(548) Old regions: 115->115
[2022-12-13T06:33:18.042+0000][151028][gc,heap     ] GC(548) Archive regions: 2->2
[2022-12-13T06:33:18.042+0000][151028][gc,heap     ] GC(548) Humongous regions: 468->6
[2022-12-13T06:33:18.042+0000][151028][gc,metaspace] GC(548) Metaspace: 176405K(181056K)->176405K(181056K) NonClass: 154775K(157312K)->154775K(157312K) Class: 21630K(23744K)->21630K(23744K)
[2022-12-13T06:33:18.042+0000][151028][gc          ] GC(548) Pause Young (Concurrent Start) (G1 Humongous Allocation) 2389M->489M(7992M) 6.787ms
[2022-12-13T06:33:18.042+0000][151028][gc          ] GC(549) Concurrent Undo Cycle
[2022-12-13T06:33:18.042+0000][151028][gc,cpu      ] GC(548) User=0.02s Sys=0.00s Real=0.01s
[2022-12-13T06:33:18.042+0000][151028][gc,marking  ] GC(549) Concurrent Cleanup for Next Mark
[2022-12-13T06:33:18.042+0000][151028][safepoint   ] Safepoint "G1TryInitiateConcMark", Time since last: 650384400 ns, Reaching safepoint: 236300 ns, At safepoint: 6993000 ns, Total: 7229300 ns
[2022-12-13T06:33:18.043+0000][151028][gc,marking  ] GC(549) Concurrent Cleanup for Next Mark 0.804ms
[2022-12-13T06:33:18.043+0000][151028][gc          ] GC(549) Concurrent Undo Cycle 0.948ms
[2022-12-13T06:33:18.616+0000][151028][gc,start    ] GC(550) Pause Young (Concurrent Start) (G1 Humongous Allocation)
[2022-12-13T06:33:18.616+0000][151028][gc,task     ] GC(550) Using 10 workers of 10 for evacuation
[2022-12-13T06:33:18.616+0000][151028][gc,age      ] GC(550) Desired survivor size 314572800 bytes, new threshold 15 (max threshold 15)
[2022-12-13T06:33:18.622+0000][151028][gc,phases   ] GC(550)   Pre Evacuate Collection Set: 0.9ms
[2022-12-13T06:33:18.622+0000][151028][gc,phases   ] GC(550)   Merge Heap Roots: 0.2ms
[2022-12-13T06:33:18.622+0000][151028][gc,phases   ] GC(550)   Evacuate Collection Set: 2.5ms
[2022-12-13T06:33:18.622+0000][151028][gc,phases   ] GC(550)   Post Evacuate Collection Set: 2.1ms
[2022-12-13T06:33:18.622+0000][151028][gc,phases   ] GC(550)   Other: 0.1ms
[2022-12-13T06:33:18.622+0000][151028][gc,age      ] GC(550) Age table with threshold 15 (max threshold 15)
[2022-12-13T06:33:18.622+0000][151028][gc,age      ] GC(550) - age   1:     181264 bytes,     181264 total
[2022-12-13T06:33:18.622+0000][151028][gc,age      ] GC(550) - age   2:     245032 bytes,     426296 total
[2022-12-13T06:33:18.622+0000][151028][gc,age      ] GC(550) - age   3:     400432 bytes,     826728 total
[2022-12-13T06:33:18.622+0000][151028][gc,age      ] GC(550) - age   4:       7160 bytes,     833888 total
[2022-12-13T06:33:18.622+0000][151028][gc,age      ] GC(550) - age   5:     274328 bytes,    1108216 total
[2022-12-13T06:33:18.622+0000][151028][gc,age      ] GC(550) - age   6:       5632 bytes,    1113848 total
[2022-12-13T06:33:18.622+0000][151028][gc,age      ] GC(550) - age   7:       6128 bytes,    1119976 total
[2022-12-13T06:33:18.622+0000][151028][gc,age      ] GC(550) - age   8:      15432 bytes,    1135408 total
[2022-12-13T06:33:18.622+0000][151028][gc,age      ] GC(550) - age   9:      14592 bytes,    1150000 total
[2022-12-13T06:33:18.622+0000][151028][gc,age      ] GC(550) - age  10:       5848 bytes,    1155848 total
[2022-12-13T06:33:18.622+0000][151028][gc,age      ] GC(550) - age  11:    1068912 bytes,    2224760 total
[2022-12-13T06:33:18.622+0000][151028][gc,age      ] GC(550) - age  12:      28016 bytes,    2252776 total
[2022-12-13T06:33:18.622+0000][151028][gc,age      ] GC(550) - age  13:      10408 bytes,    2263184 total
[2022-12-13T06:33:18.622+0000][151028][gc,age      ] GC(550) - age  14:       2584 bytes,    2265768 total
[2022-12-13T06:33:18.622+0000][151028][gc,age      ] GC(550) - age  15:       1104 bytes,    2266872 total
[2022-12-13T06:33:18.623+0000][151028][gc,heap     ] GC(550) Eden regions: 10->0(1197)
[2022-12-13T06:33:18.623+0000][151028][gc,heap     ] GC(550) Survivor regions: 1->1(150)
[2022-12-13T06:33:18.623+0000][151028][gc,heap     ] GC(550) Old regions: 115->115
[2022-12-13T06:33:18.623+0000][151028][gc,heap     ] GC(550) Archive regions: 2->2
[2022-12-13T06:33:18.623+0000][151028][gc,heap     ] GC(550) Humongous regions: 468->6
[2022-12-13T06:33:18.623+0000][151028][gc,metaspace] GC(550) Metaspace: 176405K(181056K)->176405K(181056K) NonClass: 154775K(157312K)->154775K(157312K) Class: 21630K(23744K)->21630K(23744K)
[2022-12-13T06:33:18.623+0000][151028][gc          ] GC(550) Pause Young (Concurrent Start) (G1 Humongous Allocation) 2377M->489M(7992M) 6.336ms
[2022-12-13T06:33:18.623+0000][151028][gc          ] GC(551) Concurrent Undo Cycle
[2022-12-13T06:33:18.623+0000][151028][gc,cpu      ] GC(550) User=0.02s Sys=0.01s Real=0.01s
[2022-12-13T06:33:18.623+0000][151028][gc,marking  ] GC(551) Concurrent Cleanup for Next Mark
[2022-12-13T06:33:18.623+0000][151028][safepoint   ] Safepoint "G1TryInitiateConcMark", Time since last: 573779400 ns, Reaching safepoint: 185300 ns, At safepoint: 7201100 ns, Total: 7386400 ns
[2022-12-13T06:33:18.624+0000][151028][gc,marking  ] GC(551) Concurrent Cleanup for Next Mark 0.794ms
[2022-12-13T06:33:18.624+0000][151028][gc          ] GC(551) Concurrent Undo Cycle 0.899ms
[2022-12-13T06:33:19.254+0000][151028][gc,start    ] GC(552) Pause Young (Concurrent Start) (G1 Humongous Allocation)
[2022-12-13T06:33:19.254+0000][151028][gc,task     ] GC(552) Using 10 workers of 10 for evacuation
[2022-12-13T06:33:19.254+0000][151028][gc,age      ] GC(552) Desired survivor size 314572800 bytes, new threshold 15 (max threshold 15)
[2022-12-13T06:33:19.263+0000][151028][gc,phases   ] GC(552)   Pre Evacuate Collection Set: 0.9ms
[2022-12-13T06:33:19.263+0000][151028][gc,phases   ] GC(552)   Merge Heap Roots: 0.2ms
[2022-12-13T06:33:19.263+0000][151028][gc,phases   ] GC(552)   Evacuate Collection Set: 3.4ms
[2022-12-13T06:33:19.263+0000][151028][gc,phases   ] GC(552)   Post Evacuate Collection Set: 3.9ms
[2022-12-13T06:33:19.263+0000][151028][gc,phases   ] GC(552)   Other: 0.2ms
[2022-12-13T06:33:19.263+0000][151028][gc,age      ] GC(552) Age table with threshold 15 (max threshold 15)
[2022-12-13T06:33:19.263+0000][151028][gc,age      ] GC(552) - age   1:    4090496 bytes,    4090496 total
[2022-12-13T06:33:19.263+0000][151028][gc,age      ] GC(552) - age   2:      85776 bytes,    4176272 total
[2022-12-13T06:33:19.263+0000][151028][gc,age      ] GC(552) - age   3:     242960 bytes,    4419232 total
[2022-12-13T06:33:19.263+0000][151028][gc,age      ] GC(552) - age   4:     268992 bytes,    4688224 total
[2022-12-13T06:33:19.263+0000][151028][gc,age      ] GC(552) - age   5:       6960 bytes,    4695184 total
[2022-12-13T06:33:19.263+0000][151028][gc,age      ] GC(552) - age   6:     273528 bytes,    4968712 total
[2022-12-13T06:33:19.263+0000][151028][gc,age      ] GC(552) - age   7:       5472 bytes,    4974184 total
[2022-12-13T06:33:19.263+0000][151028][gc,age      ] GC(552) - age   8:       5888 bytes,    4980072 total
[2022-12-13T06:33:19.263+0000][151028][gc,age      ] GC(552) - age   9:      13088 bytes,    4993160 total
[2022-12-13T06:33:19.263+0000][151028][gc,age      ] GC(552) - age  10:      12512 bytes,    5005672 total
[2022-12-13T06:33:19.263+0000][151028][gc,age      ] GC(552) - age  11:       4928 bytes,    5010600 total
[2022-12-13T06:33:19.263+0000][151028][gc,age      ] GC(552) - age  12:    1067304 bytes,    6077904 total
[2022-12-13T06:33:19.263+0000][151028][gc,age      ] GC(552) - age  13:      27936 bytes,    6105840 total
[2022-12-13T06:33:19.263+0000][151028][gc,age      ] GC(552) - age  14:       8928 bytes,    6114768 total
[2022-12-13T06:33:19.263+0000][151028][gc,age      ] GC(552) - age  15:       2584 bytes,    6117352 total
[2022-12-13T06:33:19.263+0000][151028][gc,heap     ] GC(552) Eden regions: 17->0(1196)
[2022-12-13T06:33:19.263+0000][151028][gc,heap     ] GC(552) Survivor regions: 1->2(150)
[2022-12-13T06:33:19.263+0000][151028][gc,heap     ] GC(552) Old regions: 115->115
[2022-12-13T06:33:19.263+0000][151028][gc,heap     ] GC(552) Archive regions: 2->2
[2022-12-13T06:33:19.263+0000][151028][gc,heap     ] GC(552) Humongous regions: 468->6
[2022-12-13T06:33:19.263+0000][151028][gc,metaspace] GC(552) Metaspace: 176405K(181056K)->176405K(181056K) NonClass: 154775K(157312K)->154775K(157312K) Class: 21630K(23744K)->21630K(23744K)
[2022-12-13T06:33:19.263+0000][151028][gc          ] GC(552) Pause Young (Concurrent Start) (G1 Humongous Allocation) 2405M->493M(7992M) 9.172ms
[2022-12-13T06:33:19.263+0000][151028][gc          ] GC(553) Concurrent Undo Cycle
[2022-12-13T06:33:19.263+0000][151028][gc,cpu      ] GC(552) User=0.04s Sys=0.00s Real=0.01s
[2022-12-13T06:33:19.263+0000][151028][gc,marking  ] GC(553) Concurrent Cleanup for Next Mark
[2022-12-13T06:33:19.263+0000][151028][safepoint   ] Safepoint "G1TryInitiateConcMark", Time since last: 630180000 ns, Reaching safepoint: 385200 ns, At safepoint: 9451200 ns, Total: 9836400 ns
[2022-12-13T06:33:19.264+0000][151028][gc,marking  ] GC(553) Concurrent Cleanup for Next Mark 0.822ms
[2022-12-13T06:33:19.264+0000][151028][gc          ] GC(553) Concurrent Undo Cycle 0.963ms
[2022-12-13T06:33:20.200+0000][151028][gc,start    ] GC(554) Pause Young (Concurrent Start) (G1 Humongous Allocation)
[2022-12-13T06:33:20.200+0000][151028][gc,task     ] GC(554) Using 10 workers of 10 for evacuation
[2022-12-13T06:33:20.200+0000][151028][gc,age      ] GC(554) Desired survivor size 314572800 bytes, new threshold 15 (max threshold 15)
[2022-12-13T06:33:20.207+0000][151028][gc,phases   ] GC(554)   Pre Evacuate Collection Set: 0.8ms
[2022-12-13T06:33:20.207+0000][151028][gc,phases   ] GC(554)   Merge Heap Roots: 0.2ms
[2022-12-13T06:33:20.207+0000][151028][gc,phases   ] GC(554)   Evacuate Collection Set: 3.2ms
[2022-12-13T06:33:20.207+0000][151028][gc,phases   ] GC(554)   Post Evacuate Collection Set: 2.3ms
[2022-12-13T06:33:20.207+0000][151028][gc,phases   ] GC(554)   Other: 0.1ms
[2022-12-13T06:33:20.207+0000][151028][gc,age      ] GC(554) Age table with threshold 15 (max threshold 15)
[2022-12-13T06:33:20.207+0000][151028][gc,age      ] GC(554) - age   1:     831184 bytes,     831184 total
[2022-12-13T06:33:20.207+0000][151028][gc,age      ] GC(554) - age   2:     572016 bytes,    1403200 total
[2022-12-13T06:33:20.207+0000][151028][gc,age      ] GC(554) - age   3:      71240 bytes,    1474440 total
[2022-12-13T06:33:20.207+0000][151028][gc,age      ] GC(554) - age   4:     242560 bytes,    1717000 total
[2022-12-13T06:33:20.207+0000][151028][gc,age      ] GC(554) - age   5:     137664 bytes,    1854664 total
[2022-12-13T06:33:20.207+0000][151028][gc,age      ] GC(554) - age   6:       6360 bytes,    1861024 total
[2022-12-13T06:33:20.207+0000][151028][gc,age      ] GC(554) - age   7:     142000 bytes,    2003024 total
[2022-12-13T06:33:20.207+0000][151028][gc,age      ] GC(554) - age   8:       4992 bytes,    2008016 total
[2022-12-13T06:33:20.207+0000][151028][gc,age      ] GC(554) - age   9:       4872 bytes,    2012888 total
[2022-12-13T06:33:20.207+0000][151028][gc,age      ] GC(554) - age  10:      11272 bytes,    2024160 total
[2022-12-13T06:33:20.207+0000][151028][gc,age      ] GC(554) - age  11:      10232 bytes,    2034392 total
[2022-12-13T06:33:20.207+0000][151028][gc,age      ] GC(554) - age  12:       3768 bytes,    2038160 total
[2022-12-13T06:33:20.207+0000][151028][gc,age      ] GC(554) - age  13:    1066544 bytes,    3104704 total
[2022-12-13T06:33:20.207+0000][151028][gc,age      ] GC(554) - age  14:      27576 bytes,    3132280 total
[2022-12-13T06:33:20.207+0000][151028][gc,age      ] GC(554) - age  15:       8448 bytes,    3140728 total
[2022-12-13T06:33:20.207+0000][151028][gc,heap     ] GC(554) Eden regions: 34->0(1197)
[2022-12-13T06:33:20.207+0000][151028][gc,heap     ] GC(554) Survivor regions: 2->1(150)
[2022-12-13T06:33:20.207+0000][151028][gc,heap     ] GC(554) Old regions: 115->115
[2022-12-13T06:33:20.207+0000][151028][gc,heap     ] GC(554) Archive regions: 2->2
[2022-12-13T06:33:20.207+0000][151028][gc,heap     ] GC(554) Humongous regions: 478->6
[2022-12-13T06:33:20.207+0000][151028][gc,metaspace] GC(554) Metaspace: 176408K(181056K)->176408K(181056K) NonClass: 154777K(157312K)->154777K(157312K) Class: 21630K(23744K)->21630K(23744K)
[2022-12-13T06:33:20.207+0000][151028][gc          ] GC(554) Pause Young (Concurrent Start) (G1 Humongous Allocation) 2515M->490M(7992M) 7.082ms
[2022-12-13T06:33:20.207+0000][151028][gc          ] GC(555) Concurrent Undo Cycle
[2022-12-13T06:33:20.207+0000][151028][gc,cpu      ] GC(554) User=0.02s Sys=0.01s Real=0.00s
[2022-12-13T06:33:20.207+0000][151028][gc,marking  ] GC(555) Concurrent Cleanup for Next Mark
[2022-12-13T06:33:20.207+0000][151028][safepoint   ] Safepoint "G1TryInitiateConcMark", Time since last: 936207700 ns, Reaching safepoint: 187400 ns, At safepoint: 7301500 ns, Total: 7488900 ns
[2022-12-13T06:33:20.208+0000][151028][gc,marking  ] GC(555) Concurrent Cleanup for Next Mark 1.004ms
[2022-12-13T06:33:20.208+0000][151028][gc          ] GC(555) Concurrent Undo Cycle 1.146ms
[2022-12-13T06:33:21.965+0000][151028][gc,start    ] GC(556) Pause Young (Concurrent Start) (G1 Humongous Allocation)
[2022-12-13T06:33:21.966+0000][151028][gc,task     ] GC(556) Using 10 workers of 10 for evacuation
[2022-12-13T06:33:21.966+0000][151028][gc,age      ] GC(556) Desired survivor size 314572800 bytes, new threshold 15 (max threshold 15)
[2022-12-13T06:33:21.976+0000][151028][gc,phases   ] GC(556)   Pre Evacuate Collection Set: 0.9ms
[2022-12-13T06:33:21.976+0000][151028][gc,phases   ] GC(556)   Merge Heap Roots: 0.2ms
[2022-12-13T06:33:21.976+0000][151028][gc,phases   ] GC(556)   Evacuate Collection Set: 5.9ms
[2022-12-13T06:33:21.976+0000][151028][gc,phases   ] GC(556)   Post Evacuate Collection Set: 3.3ms
[2022-12-13T06:33:21.976+0000][151028][gc,phases   ] GC(556)   Other: 0.1ms
[2022-12-13T06:33:21.976+0000][151028][gc,age      ] GC(556) Age table with threshold 15 (max threshold 15)
[2022-12-13T06:33:21.976+0000][151028][gc,age      ] GC(556) - age   1:   15168616 bytes,   15168616 total
[2022-12-13T06:33:21.976+0000][151028][gc,age      ] GC(556) - age   2:     380784 bytes,   15549400 total
[2022-12-13T06:33:21.976+0000][151028][gc,age      ] GC(556) - age   3:      89344 bytes,   15638744 total
[2022-12-13T06:33:21.976+0000][151028][gc,age      ] GC(556) - age   4:       4256 bytes,   15643000 total
[2022-12-13T06:33:21.976+0000][151028][gc,age      ] GC(556) - age   5:     138776 bytes,   15781776 total
[2022-12-13T06:33:21.976+0000][151028][gc,age      ] GC(556) - age   6:       5864 bytes,   15787640 total
[2022-12-13T06:33:21.976+0000][151028][gc,age      ] GC(556) - age   7:       5928 bytes,   15793568 total
[2022-12-13T06:33:21.976+0000][151028][gc,age      ] GC(556) - age   8:       7552 bytes,   15801120 total
[2022-12-13T06:33:21.976+0000][151028][gc,age      ] GC(556) - age   9:       3592 bytes,   15804712 total
[2022-12-13T06:33:21.976+0000][151028][gc,age      ] GC(556) - age  10:       3192 bytes,   15807904 total
[2022-12-13T06:33:21.976+0000][151028][gc,age      ] GC(556) - age  11:       8632 bytes,   15816536 total
[2022-12-13T06:33:21.976+0000][151028][gc,age      ] GC(556) - age  12:       7032 bytes,   15823568 total
[2022-12-13T06:33:21.976+0000][151028][gc,age      ] GC(556) - age  13:       1528 bytes,   15825096 total
[2022-12-13T06:33:21.976+0000][151028][gc,age      ] GC(556) - age  14:    1063704 bytes,   16888800 total
[2022-12-13T06:33:21.976+0000][151028][gc,age      ] GC(556) - age  15:       9672 bytes,   16898472 total
[2022-12-13T06:33:21.976+0000][151028][gc,heap     ] GC(556) Eden regions: 30->0(1193)
[2022-12-13T06:33:21.976+0000][151028][gc,heap     ] GC(556) Survivor regions: 1->5(150)
[2022-12-13T06:33:21.976+0000][151028][gc,heap     ] GC(556) Old regions: 115->115
[2022-12-13T06:33:21.976+0000][151028][gc,heap     ] GC(556) Archive regions: 2->2
[2022-12-13T06:33:21.976+0000][151028][gc,heap     ] GC(556) Humongous regions: 470->74
[2022-12-13T06:33:21.976+0000][151028][gc,metaspace] GC(556) Metaspace: 176408K(181056K)->176408K(181056K) NonClass: 154777K(157312K)->154777K(157312K) Class: 21630K(23744K)->21630K(23744K)
[2022-12-13T06:33:21.977+0000][151028][gc          ] GC(556) Pause Young (Concurrent Start) (G1 Humongous Allocation) 2465M->776M(7992M) 11.026ms
[2022-12-13T06:33:21.977+0000][151028][gc,cpu      ] GC(556) User=0.06s Sys=0.00s Real=0.01s
[2022-12-13T06:33:21.977+0000][151028][gc          ] GC(557) Concurrent Undo Cycle
[2022-12-13T06:33:21.977+0000][151028][gc,marking  ] GC(557) Concurrent Cleanup for Next Mark
[2022-12-13T06:33:21.977+0000][151028][safepoint   ] Safepoint "G1TryInitiateConcMark", Time since last: 1720416200 ns, Reaching safepoint: 37881100 ns, At safepoint: 11333900 ns, Total: 49215000 ns
[2022-12-13T06:33:21.978+0000][151028][gc,marking  ] GC(557) Concurrent Cleanup for Next Mark 0.925ms
[2022-12-13T06:33:21.978+0000][151028][gc          ] GC(557) Concurrent Undo Cycle 1.162ms
[2022-12-13T06:33:22.334+0000][151028][gc,start    ] GC(558) Pause Young (Concurrent Start) (G1 Humongous Allocation)
[2022-12-13T06:33:22.334+0000][151028][gc,task     ] GC(558) Using 10 workers of 10 for evacuation
[2022-12-13T06:33:22.334+0000][151028][gc,age      ] GC(558) Desired survivor size 314572800 bytes, new threshold 15 (max threshold 15)
[2022-12-13T06:33:22.344+0000][151028][gc,phases   ] GC(558)   Pre Evacuate Collection Set: 0.9ms
[2022-12-13T06:33:22.344+0000][151028][gc,phases   ] GC(558)   Merge Heap Roots: 0.2ms
[2022-12-13T06:33:22.344+0000][151028][gc,phases   ] GC(558)   Evacuate Collection Set: 5.0ms
[2022-12-13T06:33:22.344+0000][151028][gc,phases   ] GC(558)   Post Evacuate Collection Set: 3.3ms
[2022-12-13T06:33:22.344+0000][151028][gc,phases   ] GC(558)   Other: 0.2ms
[2022-12-13T06:33:22.344+0000][151028][gc,age      ] GC(558) Age table with threshold 15 (max threshold 15)
[2022-12-13T06:33:22.344+0000][151028][gc,age      ] GC(558) - age   1:   13647512 bytes,   13647512 total
[2022-12-13T06:33:22.344+0000][151028][gc,age      ] GC(558) - age   2:    1189168 bytes,   14836680 total
[2022-12-13T06:33:22.344+0000][151028][gc,age      ] GC(558) - age   3:     101656 bytes,   14938336 total
[2022-12-13T06:33:22.344+0000][151028][gc,age      ] GC(558) - age   4:      88232 bytes,   15026568 total
[2022-12-13T06:33:22.344+0000][151028][gc,age      ] GC(558) - age   5:       4256 bytes,   15030824 total
[2022-12-13T06:33:22.344+0000][151028][gc,age      ] GC(558) - age   6:       7568 bytes,   15038392 total
[2022-12-13T06:33:22.344+0000][151028][gc,age      ] GC(558) - age   7:       5384 bytes,   15043776 total
[2022-12-13T06:33:22.344+0000][151028][gc,age      ] GC(558) - age   8:       5088 bytes,   15048864 total
[2022-12-13T06:33:22.344+0000][151028][gc,age      ] GC(558) - age   9:       6992 bytes,   15055856 total
[2022-12-13T06:33:22.344+0000][151028][gc,age      ] GC(558) - age  10:       3472 bytes,   15059328 total
[2022-12-13T06:33:22.344+0000][151028][gc,age      ] GC(558) - age  11:       2432 bytes,   15061760 total
[2022-12-13T06:33:22.344+0000][151028][gc,age      ] GC(558) - age  12:       7112 bytes,   15068872 total
[2022-12-13T06:33:22.344+0000][151028][gc,age      ] GC(558) - age  13:       6952 bytes,   15075824 total
[2022-12-13T06:33:22.344+0000][151028][gc,age      ] GC(558) - age  14:       1528 bytes,   15077352 total
[2022-12-13T06:33:22.344+0000][151028][gc,age      ] GC(558) - age  15:    1062304 bytes,   16139656 total
[2022-12-13T06:33:22.344+0000][151028][gc,heap     ] GC(558) Eden regions: 33->0(1194)
[2022-12-13T06:33:22.344+0000][151028][gc,heap     ] GC(558) Survivor regions: 5->4(150)
[2022-12-13T06:33:22.344+0000][151028][gc,heap     ] GC(558) Old regions: 115->115
[2022-12-13T06:33:22.344+0000][151028][gc,heap     ] GC(558) Archive regions: 2->2
[2022-12-13T06:33:22.344+0000][151028][gc,heap     ] GC(558) Humongous regions: 478->45
[2022-12-13T06:33:22.344+0000][151028][gc,metaspace] GC(558) Metaspace: 176421K(181056K)->176421K(181056K) NonClass: 154790K(157312K)->154790K(157312K) Class: 21630K(23744K)->21630K(23744K)
[2022-12-13T06:33:22.344+0000][151028][gc          ] GC(558) Pause Young (Concurrent Start) (G1 Humongous Allocation) 2522M->659M(7992M) 10.175ms
[2022-12-13T06:33:22.344+0000][151028][gc          ] GC(559) Concurrent Undo Cycle
[2022-12-13T06:33:22.344+0000][151028][gc,cpu      ] GC(558) User=0.04s Sys=0.01s Real=0.01s
[2022-12-13T06:33:22.344+0000][151028][gc,marking  ] GC(559) Concurrent Cleanup for Next Mark
[2022-12-13T06:33:22.344+0000][151028][safepoint   ] Safepoint "G1TryInitiateConcMark", Time since last: 333714600 ns, Reaching safepoint: 23261400 ns, At safepoint: 10574200 ns, Total: 33835600 ns
[2022-12-13T06:33:22.345+0000][151028][gc,marking  ] GC(559) Concurrent Cleanup for Next Mark 1.240ms
[2022-12-13T06:33:22.345+0000][151028][gc          ] GC(559) Concurrent Undo Cycle 1.360ms
[2022-12-13T06:33:22.694+0000][151028][gc,start    ] GC(560) Pause Young (Concurrent Start) (G1 Humongous Allocation)
[2022-12-13T06:33:22.694+0000][151028][gc,task     ] GC(560) Using 10 workers of 10 for evacuation
[2022-12-13T06:33:22.695+0000][151028][gc,age      ] GC(560) Desired survivor size 314572800 bytes, new threshold 15 (max threshold 15)
[2022-12-13T06:33:22.704+0000][151028][gc,phases   ] GC(560)   Pre Evacuate Collection Set: 0.9ms
[2022-12-13T06:33:22.704+0000][151028][gc,phases   ] GC(560)   Merge Heap Roots: 0.2ms
[2022-12-13T06:33:22.704+0000][151028][gc,phases   ] GC(560)   Evacuate Collection Set: 5.4ms
[2022-12-13T06:33:22.704+0000][151028][gc,phases   ] GC(560)   Post Evacuate Collection Set: 2.9ms
[2022-12-13T06:33:22.704+0000][151028][gc,phases   ] GC(560)   Other: 0.2ms
[2022-12-13T06:33:22.704+0000][151028][gc,age      ] GC(560) Age table with threshold 15 (max threshold 15)
[2022-12-13T06:33:22.704+0000][151028][gc,age      ] GC(560) - age   1:    8622488 bytes,    8622488 total
[2022-12-13T06:33:22.704+0000][151028][gc,age      ] GC(560) - age   2:    4112328 bytes,   12734816 total
[2022-12-13T06:33:22.704+0000][151028][gc,age      ] GC(560) - age   3:    1177408 bytes,   13912224 total
[2022-12-13T06:33:22.704+0000][151028][gc,age      ] GC(560) - age   4:     101256 bytes,   14013480 total
[2022-12-13T06:33:22.704+0000][151028][gc,age      ] GC(560) - age   5:      22520 bytes,   14036000 total
[2022-12-13T06:33:22.704+0000][151028][gc,age      ] GC(560) - age   6:       4256 bytes,   14040256 total
[2022-12-13T06:33:22.704+0000][151028][gc,age      ] GC(560) - age   7:       7568 bytes,   14047824 total
[2022-12-13T06:33:22.704+0000][151028][gc,age      ] GC(560) - age   8:       4424 bytes,   14052248 total
[2022-12-13T06:33:22.704+0000][151028][gc,age      ] GC(560) - age   9:       5088 bytes,   14057336 total
[2022-12-13T06:33:22.704+0000][151028][gc,age      ] GC(560) - age  10:       6872 bytes,   14064208 total
[2022-12-13T06:33:22.704+0000][151028][gc,age      ] GC(560) - age  11:       3112 bytes,   14067320 total
[2022-12-13T06:33:22.704+0000][151028][gc,age      ] GC(560) - age  12:       1752 bytes,   14069072 total
[2022-12-13T06:33:22.704+0000][151028][gc,age      ] GC(560) - age  13:       6544 bytes,   14075616 total
[2022-12-13T06:33:22.704+0000][151028][gc,age      ] GC(560) - age  14:       6912 bytes,   14082528 total
[2022-12-13T06:33:22.704+0000][151028][gc,age      ] GC(560) - age  15:       1528 bytes,   14084056 total
[2022-12-13T06:33:22.704+0000][151028][gc,heap     ] GC(560) Eden regions: 22->0(1194)
[2022-12-13T06:33:22.704+0000][151028][gc,heap     ] GC(560) Survivor regions: 4->4(150)
[2022-12-13T06:33:22.704+0000][151028][gc,heap     ] GC(560) Old regions: 115->116
[2022-12-13T06:33:22.704+0000][151028][gc,heap     ] GC(560) Archive regions: 2->2
[2022-12-13T06:33:22.704+0000][151028][gc,heap     ] GC(560) Humongous regions: 474->78
[2022-12-13T06:33:22.704+0000][151028][gc,metaspace] GC(560) Metaspace: 176422K(181056K)->176422K(181056K) NonClass: 154791K(157312K)->154791K(157312K) Class: 21630K(23744K)->21630K(23744K)
[2022-12-13T06:33:22.704+0000][151028][gc          ] GC(560) Pause Young (Concurrent Start) (G1 Humongous Allocation) 2463M->791M(7992M) 10.028ms
[2022-12-13T06:33:22.705+0000][151028][gc          ] GC(561) Concurrent Undo Cycle
[2022-12-13T06:33:22.705+0000][151028][gc,cpu      ] GC(560) User=0.05s Sys=0.00s Real=0.01s
[2022-12-13T06:33:22.705+0000][151028][gc,marking  ] GC(561) Concurrent Cleanup for Next Mark
[2022-12-13T06:33:22.705+0000][151028][safepoint   ] Safepoint "G1TryInitiateConcMark", Time since last: 312433900 ns, Reaching safepoint: 37605300 ns, At safepoint: 10496400 ns, Total: 48101700 ns
[2022-12-13T06:33:22.706+0000][151028][gc,marking  ] GC(561) Concurrent Cleanup for Next Mark 1.302ms
[2022-12-13T06:33:22.706+0000][151028][gc          ] GC(561) Concurrent Undo Cycle 1.487ms
[2022-12-13T06:33:23.311+0000][151028][gc,start    ] GC(562) Pause Young (Concurrent Start) (G1 Humongous Allocation)
[2022-12-13T06:33:23.311+0000][151028][gc,task     ] GC(562) Using 10 workers of 10 for evacuation
[2022-12-13T06:33:23.311+0000][151028][gc,age      ] GC(562) Desired survivor size 314572800 bytes, new threshold 15 (max threshold 15)
[2022-12-13T06:33:23.319+0000][151028][gc,phases   ] GC(562)   Pre Evacuate Collection Set: 0.8ms
[2022-12-13T06:33:23.319+0000][151028][gc,phases   ] GC(562)   Merge Heap Roots: 0.2ms
[2022-12-13T06:33:23.319+0000][151028][gc,phases   ] GC(562)   Evacuate Collection Set: 3.2ms
[2022-12-13T06:33:23.319+0000][151028][gc,phases   ] GC(562)   Post Evacuate Collection Set: 4.3ms
[2022-12-13T06:33:23.319+0000][151028][gc,phases   ] GC(562)   Other: 0.1ms
[2022-12-13T06:33:23.319+0000][151028][gc,age      ] GC(562) Age table with threshold 15 (max threshold 15)
[2022-12-13T06:33:23.319+0000][151028][gc,age      ] GC(562) - age   1:    5013712 bytes,    5013712 total
[2022-12-13T06:33:23.319+0000][151028][gc,age      ] GC(562) - age   2:     103064 bytes,    5116776 total
[2022-12-13T06:33:23.319+0000][151028][gc,age      ] GC(562) - age   3:     229968 bytes,    5346744 total
[2022-12-13T06:33:23.319+0000][151028][gc,age      ] GC(562) - age   4:    1104320 bytes,    6451064 total
[2022-12-13T06:33:23.319+0000][151028][gc,age      ] GC(562) - age   5:      15864 bytes,    6466928 total
[2022-12-13T06:33:23.319+0000][151028][gc,age      ] GC(562) - age   6:      22120 bytes,    6489048 total
[2022-12-13T06:33:23.319+0000][151028][gc,age      ] GC(562) - age   7:       4256 bytes,    6493304 total
[2022-12-13T06:33:23.319+0000][151028][gc,age      ] GC(562) - age   8:       6488 bytes,    6499792 total
[2022-12-13T06:33:23.319+0000][151028][gc,age      ] GC(562) - age   9:       4224 bytes,    6504016 total
[2022-12-13T06:33:23.319+0000][151028][gc,age      ] GC(562) - age  10:       5048 bytes,    6509064 total
[2022-12-13T06:33:23.319+0000][151028][gc,age      ] GC(562) - age  11:       5352 bytes,    6514416 total
[2022-12-13T06:33:23.320+0000][151028][gc,age      ] GC(562) - age  12:       2752 bytes,    6517168 total
[2022-12-13T06:33:23.320+0000][151028][gc,age      ] GC(562) - age  13:       1712 bytes,    6518880 total
[2022-12-13T06:33:23.320+0000][151028][gc,age      ] GC(562) - age  14:       6544 bytes,    6525424 total
[2022-12-13T06:33:23.320+0000][151028][gc,age      ] GC(562) - age  15:       6712 bytes,    6532136 total
[2022-12-13T06:33:23.320+0000][151028][gc,heap     ] GC(562) Eden regions: 39->0(1196)
[2022-12-13T06:33:23.320+0000][151028][gc,heap     ] GC(562) Survivor regions: 4->2(150)
[2022-12-13T06:33:23.320+0000][151028][gc,heap     ] GC(562) Old regions: 116->116
[2022-12-13T06:33:23.320+0000][151028][gc,heap     ] GC(562) Archive regions: 2->2
[2022-12-13T06:33:23.320+0000][151028][gc,heap     ] GC(562) Humongous regions: 474->6
[2022-12-13T06:33:23.320+0000][151028][gc,metaspace] GC(562) Metaspace: 176424K(181056K)->176424K(181056K) NonClass: 154793K(157312K)->154793K(157312K) Class: 21630K(23744K)->21630K(23744K)
[2022-12-13T06:33:23.320+0000][151028][gc          ] GC(562) Pause Young (Concurrent Start) (G1 Humongous Allocation) 2529M->495M(7992M) 9.101ms
[2022-12-13T06:33:23.320+0000][151028][gc,cpu      ] GC(562) User=0.03s Sys=0.00s Real=0.01s
[2022-12-13T06:33:23.320+0000][151028][safepoint   ] Safepoint "G1TryInitiateConcMark", Time since last: 605479600 ns, Reaching safepoint: 178500 ns, At safepoint: 9271400 ns, Total: 9449900 ns
[2022-12-13T06:33:23.320+0000][151028][gc          ] GC(563) Concurrent Undo Cycle
[2022-12-13T06:33:23.320+0000][151028][gc,marking  ] GC(563) Concurrent Cleanup for Next Mark
[2022-12-13T06:33:23.321+0000][151028][gc,marking  ] GC(563) Concurrent Cleanup for Next Mark 1.133ms
[2022-12-13T06:33:23.321+0000][151028][gc          ] GC(563) Concurrent Undo Cycle 1.274ms
[2022-12-13T06:33:24.298+0000][151028][gc,start    ] GC(564) Pause Young (Concurrent Start) (G1 Humongous Allocation)
[2022-12-13T06:33:24.298+0000][151028][gc,task     ] GC(564) Using 10 workers of 10 for evacuation
[2022-12-13T06:33:24.298+0000][151028][gc,age      ] GC(564) Desired survivor size 314572800 bytes, new threshold 15 (max threshold 15)
[2022-12-13T06:33:24.306+0000][151028][gc,phases   ] GC(564)   Pre Evacuate Collection Set: 1.0ms
[2022-12-13T06:33:24.306+0000][151028][gc,phases   ] GC(564)   Merge Heap Roots: 0.2ms
[2022-12-13T06:33:24.306+0000][151028][gc,phases   ] GC(564)   Evacuate Collection Set: 3.1ms
[2022-12-13T06:33:24.306+0000][151028][gc,phases   ] GC(564)   Post Evacuate Collection Set: 3.0ms
[2022-12-13T06:33:24.306+0000][151028][gc,phases   ] GC(564)   Other: 0.1ms
[2022-12-13T06:33:24.306+0000][151028][gc,age      ] GC(564) Age table with threshold 15 (max threshold 15)
[2022-12-13T06:33:24.306+0000][151028][gc,age      ] GC(564) - age   1:    2112400 bytes,    2112400 total
[2022-12-13T06:33:24.306+0000][151028][gc,age      ] GC(564) - age   2:     575552 bytes,    2687952 total
[2022-12-13T06:33:24.306+0000][151028][gc,age      ] GC(564) - age   3:      10000 bytes,    2697952 total
[2022-12-13T06:33:24.306+0000][151028][gc,age      ] GC(564) - age   4:      97880 bytes,    2795832 total
[2022-12-13T06:33:24.306+0000][151028][gc,age      ] GC(564) - age   5:    1101840 bytes,    3897672 total
[2022-12-13T06:33:24.306+0000][151028][gc,age      ] GC(564) - age   6:      14744 bytes,    3912416 total
[2022-12-13T06:33:24.306+0000][151028][gc,age      ] GC(564) - age   7:      21080 bytes,    3933496 total
[2022-12-13T06:33:24.306+0000][151028][gc,age      ] GC(564) - age   8:       3720 bytes,    3937216 total
[2022-12-13T06:33:24.306+0000][151028][gc,age      ] GC(564) - age   9:       6408 bytes,    3943624 total
[2022-12-13T06:33:24.306+0000][151028][gc,age      ] GC(564) - age  10:       3744 bytes,    3947368 total
[2022-12-13T06:33:24.306+0000][151028][gc,age      ] GC(564) - age  11:       3928 bytes,    3951296 total
[2022-12-13T06:33:24.306+0000][151028][gc,age      ] GC(564) - age  12:       4312 bytes,    3955608 total
[2022-12-13T06:33:24.306+0000][151028][gc,age      ] GC(564) - age  13:       2712 bytes,    3958320 total
[2022-12-13T06:33:24.306+0000][151028][gc,age      ] GC(564) - age  14:       1712 bytes,    3960032 total
[2022-12-13T06:33:24.306+0000][151028][gc,age      ] GC(564) - age  15:       6200 bytes,    3966232 total
[2022-12-13T06:33:24.306+0000][151028][gc,heap     ] GC(564) Eden regions: 26->0(1197)
[2022-12-13T06:33:24.306+0000][151028][gc,heap     ] GC(564) Survivor regions: 2->1(150)
[2022-12-13T06:33:24.306+0000][151028][gc,heap     ] GC(564) Old regions: 116->116
[2022-12-13T06:33:24.306+0000][151028][gc,heap     ] GC(564) Archive regions: 2->2
[2022-12-13T06:33:24.306+0000][151028][gc,heap     ] GC(564) Humongous regions: 468->39
[2022-12-13T06:33:24.306+0000][151028][gc,metaspace] GC(564) Metaspace: 176424K(181056K)->176424K(181056K) NonClass: 154793K(157312K)->154793K(157312K) Class: 21630K(23744K)->21630K(23744K)
[2022-12-13T06:33:24.306+0000][151028][gc          ] GC(564) Pause Young (Concurrent Start) (G1 Humongous Allocation) 2445M->624M(7992M) 8.118ms
[2022-12-13T06:33:24.306+0000][151028][gc          ] GC(565) Concurrent Undo Cycle
[2022-12-13T06:33:24.306+0000][151028][gc,cpu      ] GC(564) User=0.02s Sys=0.01s Real=0.00s
[2022-12-13T06:33:24.306+0000][151028][gc,marking  ] GC(565) Concurrent Cleanup for Next Mark
[2022-12-13T06:33:24.306+0000][151028][safepoint   ] Safepoint "G1TryInitiateConcMark", Time since last: 961579200 ns, Reaching safepoint: 16720000 ns, At safepoint: 8409400 ns, Total: 25129400 ns
[2022-12-13T06:33:24.307+0000][151028][gc,marking  ] GC(565) Concurrent Cleanup for Next Mark 0.914ms
[2022-12-13T06:33:24.307+0000][151028][gc          ] GC(565) Concurrent Undo Cycle 1.030ms
[2022-12-13T06:33:25.293+0000][151028][gc,start    ] GC(566) Pause Young (Concurrent Start) (G1 Humongous Allocation)
[2022-12-13T06:33:25.293+0000][151028][gc,task     ] GC(566) Using 10 workers of 10 for evacuation
[2022-12-13T06:33:25.293+0000][151028][gc,age      ] GC(566) Desired survivor size 314572800 bytes, new threshold 15 (max threshold 15)
[2022-12-13T06:33:25.301+0000][151028][gc,phases   ] GC(566)   Pre Evacuate Collection Set: 0.9ms
[2022-12-13T06:33:25.301+0000][151028][gc,phases   ] GC(566)   Merge Heap Roots: 0.2ms
[2022-12-13T06:33:25.301+0000][151028][gc,phases   ] GC(566)   Evacuate Collection Set: 3.5ms
[2022-12-13T06:33:25.301+0000][151028][gc,phases   ] GC(566)   Post Evacuate Collection Set: 3.9ms
[2022-12-13T06:33:25.301+0000][151028][gc,phases   ] GC(566)   Other: 0.2ms
[2022-12-13T06:33:25.301+0000][151028][gc,age      ] GC(566) Age table with threshold 15 (max threshold 15)
[2022-12-13T06:33:25.302+0000][151028][gc,age      ] GC(566) - age   1:    3830248 bytes,    3830248 total
[2022-12-13T06:33:25.302+0000][151028][gc,age      ] GC(566) - age   2:     445016 bytes,    4275264 total
[2022-12-13T06:33:25.302+0000][151028][gc,age      ] GC(566) - age   3:     243256 bytes,    4518520 total
[2022-12-13T06:33:25.302+0000][151028][gc,age      ] GC(566) - age   4:       9560 bytes,    4528080 total
[2022-12-13T06:33:25.302+0000][151028][gc,age      ] GC(566) - age   5:      97128 bytes,    4625208 total
[2022-12-13T06:33:25.302+0000][151028][gc,age      ] GC(566) - age   6:    1098400 bytes,    5723608 total
[2022-12-13T06:33:25.302+0000][151028][gc,age      ] GC(566) - age   7:      12512 bytes,    5736120 total
[2022-12-13T06:33:25.302+0000][151028][gc,age      ] GC(566) - age   8:      21080 bytes,    5757200 total
[2022-12-13T06:33:25.302+0000][151028][gc,age      ] GC(566) - age   9:       3680 bytes,    5760880 total
[2022-12-13T06:33:25.302+0000][151028][gc,age      ] GC(566) - age  10:       5368 bytes,    5766248 total
[2022-12-13T06:33:25.302+0000][151028][gc,age      ] GC(566) - age  11:       2664 bytes,    5768912 total
[2022-12-13T06:33:25.302+0000][151028][gc,age      ] GC(566) - age  12:       3408 bytes,    5772320 total
[2022-12-13T06:33:25.302+0000][151028][gc,age      ] GC(566) - age  13:       4312 bytes,    5776632 total
[2022-12-13T06:33:25.302+0000][151028][gc,age      ] GC(566) - age  14:       2672 bytes,    5779304 total
[2022-12-13T06:33:25.302+0000][151028][gc,age      ] GC(566) - age  15:       1712 bytes,    5781016 total
[2022-12-13T06:33:25.302+0000][151028][gc,heap     ] GC(566) Eden regions: 26->0(1196)
[2022-12-13T06:33:25.302+0000][151028][gc,heap     ] GC(566) Survivor regions: 1->2(150)
[2022-12-13T06:33:25.302+0000][151028][gc,heap     ] GC(566) Old regions: 116->116
[2022-12-13T06:33:25.302+0000][151028][gc,heap     ] GC(566) Archive regions: 2->2
[2022-12-13T06:33:25.302+0000][151028][gc,heap     ] GC(566) Humongous regions: 468->6
[2022-12-13T06:33:25.302+0000][151028][gc,metaspace] GC(566) Metaspace: 176424K(181056K)->176424K(181056K) NonClass: 154793K(157312K)->154793K(157312K) Class: 21630K(23744K)->21630K(23744K)
[2022-12-13T06:33:25.302+0000][151028][gc          ] GC(566) Pause Young (Concurrent Start) (G1 Humongous Allocation) 2444M->494M(7992M) 9.211ms
[2022-12-13T06:33:25.302+0000][151028][gc          ] GC(567) Concurrent Undo Cycle
[2022-12-13T06:33:25.302+0000][151028][gc,cpu      ] GC(566) User=0.04s Sys=0.01s Real=0.01s
[2022-12-13T06:33:25.302+0000][151028][gc,marking  ] GC(567) Concurrent Cleanup for Next Mark
[2022-12-13T06:33:25.302+0000][151028][safepoint   ] Safepoint "G1TryInitiateConcMark", Time since last: 985753300 ns, Reaching safepoint: 277400 ns, At safepoint: 9439300 ns, Total: 9716700 ns
[2022-12-13T06:33:25.303+0000][151028][gc,marking  ] GC(567) Concurrent Cleanup for Next Mark 0.842ms
[2022-12-13T06:33:25.303+0000][151028][gc          ] GC(567) Concurrent Undo Cycle 0.971ms
[2022-12-13T06:33:26.143+0000][151028][gc,start    ] GC(568) Pause Young (Concurrent Start) (G1 Humongous Allocation)
[2022-12-13T06:33:26.143+0000][151028][gc,task     ] GC(568) Using 10 workers of 10 for evacuation
[2022-12-13T06:33:26.143+0000][151028][gc,age      ] GC(568) Desired survivor size 314572800 bytes, new threshold 15 (max threshold 15)
[2022-12-13T06:33:26.153+0000][151028][gc,phases   ] GC(568)   Pre Evacuate Collection Set: 0.8ms
[2022-12-13T06:33:26.153+0000][151028][gc,phases   ] GC(568)   Merge Heap Roots: 0.2ms
[2022-12-13T06:33:26.153+0000][151028][gc,phases   ] GC(568)   Evacuate Collection Set: 2.5ms
[2022-12-13T06:33:26.153+0000][151028][gc,phases   ] GC(568)   Post Evacuate Collection Set: 5.5ms
[2022-12-13T06:33:26.153+0000][151028][gc,phases   ] GC(568)   Other: 0.1ms
[2022-12-13T06:33:26.153+0000][151028][gc,age      ] GC(568) Age table with threshold 15 (max threshold 15)
[2022-12-13T06:33:26.153+0000][151028][gc,age      ] GC(568) - age   1:   10821856 bytes,   10821856 total
[2022-12-13T06:33:26.153+0000][151028][gc,age      ] GC(568) - age   2:     108104 bytes,   10929960 total
[2022-12-13T06:33:26.153+0000][151028][gc,age      ] GC(568) - age   3:     312520 bytes,   11242480 total
[2022-12-13T06:33:26.153+0000][151028][gc,age      ] GC(568) - age   4:     110176 bytes,   11352656 total
[2022-12-13T06:33:26.153+0000][151028][gc,age      ] GC(568) - age   5:       9520 bytes,   11362176 total
[2022-12-13T06:33:26.153+0000][151028][gc,age      ] GC(568) - age   6:      96888 bytes,   11459064 total
[2022-12-13T06:33:26.153+0000][151028][gc,age      ] GC(568) - age   7:    1095600 bytes,   12554664 total
[2022-12-13T06:33:26.153+0000][151028][gc,age      ] GC(568) - age   8:       8032 bytes,   12562696 total
[2022-12-13T06:33:26.153+0000][151028][gc,age      ] GC(568) - age   9:      20720 bytes,   12583416 total
[2022-12-13T06:33:26.153+0000][151028][gc,age      ] GC(568) - age  10:       2480 bytes,   12585896 total
[2022-12-13T06:33:26.153+0000][151028][gc,age      ] GC(568) - age  11:       4648 bytes,   12590544 total
[2022-12-13T06:33:26.153+0000][151028][gc,age      ] GC(568) - age  12:       2624 bytes,   12593168 total
[2022-12-13T06:33:26.153+0000][151028][gc,age      ] GC(568) - age  13:       3408 bytes,   12596576 total
[2022-12-13T06:33:26.153+0000][151028][gc,age      ] GC(568) - age  14:       4312 bytes,   12600888 total
[2022-12-13T06:33:26.153+0000][151028][gc,age      ] GC(568) - age  15:       2672 bytes,   12603560 total
[2022-12-13T06:33:26.153+0000][151028][gc,heap     ] GC(568) Eden regions: 38->0(1194)
[2022-12-13T06:33:26.153+0000][151028][gc,heap     ] GC(568) Survivor regions: 2->4(150)
[2022-12-13T06:33:26.153+0000][151028][gc,heap     ] GC(568) Old regions: 116->116
[2022-12-13T06:33:26.153+0000][151028][gc,heap     ] GC(568) Archive regions: 2->2
[2022-12-13T06:33:26.153+0000][151028][gc,heap     ] GC(568) Humongous regions: 468->6
[2022-12-13T06:33:26.153+0000][151028][gc,metaspace] GC(568) Metaspace: 176424K(181056K)->176424K(181056K) NonClass: 154793K(157312K)->154793K(157312K) Class: 21630K(23744K)->21630K(23744K)
[2022-12-13T06:33:26.153+0000][151028][gc          ] GC(568) Pause Young (Concurrent Start) (G1 Humongous Allocation) 2494M->501M(7992M) 9.737ms
[2022-12-13T06:33:26.153+0000][151028][gc,cpu      ] GC(568) User=0.02s Sys=0.02s Real=0.01s
[2022-12-13T06:33:26.153+0000][151028][gc          ] GC(569) Concurrent Undo Cycle
[2022-12-13T06:33:26.153+0000][151028][safepoint   ] Safepoint "G1TryInitiateConcMark", Time since last: 841141200 ns, Reaching safepoint: 174000 ns, At safepoint: 9923900 ns, Total: 10097900 ns
[2022-12-13T06:33:26.153+0000][151028][gc,marking  ] GC(569) Concurrent Cleanup for Next Mark
[2022-12-13T06:33:26.154+0000][151028][gc,marking  ] GC(569) Concurrent Cleanup for Next Mark 0.790ms
[2022-12-13T06:33:26.154+0000][151028][gc          ] GC(569) Concurrent Undo Cycle 0.961ms
[2022-12-13T06:33:27.154+0000][151028][safepoint   ] Safepoint "Cleanup", Time since last: 1000207400 ns, Reaching safepoint: 337500 ns, At safepoint: 56200 ns, Total: 393700 ns
[2022-12-13T06:33:27.678+0000][151028][gc,start    ] GC(570) Pause Young (Concurrent Start) (G1 Humongous Allocation)
[2022-12-13T06:33:27.678+0000][151028][gc,task     ] GC(570) Using 10 workers of 10 for evacuation
[2022-12-13T06:33:27.678+0000][151028][gc,age      ] GC(570) Desired survivor size 314572800 bytes, new threshold 15 (max threshold 15)
[2022-12-13T06:33:27.686+0000][151028][gc,phases   ] GC(570)   Pre Evacuate Collection Set: 0.9ms
[2022-12-13T06:33:27.686+0000][151028][gc,phases   ] GC(570)   Merge Heap Roots: 0.2ms
[2022-12-13T06:33:27.686+0000][151028][gc,phases   ] GC(570)   Evacuate Collection Set: 2.7ms
[2022-12-13T06:33:27.686+0000][151028][gc,phases   ] GC(570)   Post Evacuate Collection Set: 3.8ms
[2022-12-13T06:33:27.686+0000][151028][gc,phases   ] GC(570)   Other: 0.2ms
[2022-12-13T06:33:27.686+0000][151028][gc,age      ] GC(570) Age table with threshold 15 (max threshold 15)
[2022-12-13T06:33:27.686+0000][151028][gc,age      ] GC(570) - age   1:    6033864 bytes,    6033864 total
[2022-12-13T06:33:27.686+0000][151028][gc,age      ] GC(570) - age   2:      17064 bytes,    6050928 total
[2022-12-13T06:33:27.686+0000][151028][gc,age      ] GC(570) - age   3:      31480 bytes,    6082408 total
[2022-12-13T06:33:27.686+0000][151028][gc,age      ] GC(570) - age   4:     112144 bytes,    6194552 total
[2022-12-13T06:33:27.686+0000][151028][gc,age      ] GC(570) - age   5:      91744 bytes,    6286296 total
[2022-12-13T06:33:27.686+0000][151028][gc,age      ] GC(570) - age   6:       8480 bytes,    6294776 total
[2022-12-13T06:33:27.686+0000][151028][gc,age      ] GC(570) - age   7:      29248 bytes,    6324024 total
[2022-12-13T06:33:27.686+0000][151028][gc,age      ] GC(570) - age   8:    1088680 bytes,    7412704 total
[2022-12-13T06:33:27.686+0000][151028][gc,age      ] GC(570) - age   9:       6232 bytes,    7418936 total
[2022-12-13T06:33:27.686+0000][151028][gc,age      ] GC(570) - age  10:      19840 bytes,    7438776 total
[2022-12-13T06:33:27.686+0000][151028][gc,age      ] GC(570) - age  11:       2320 bytes,    7441096 total
[2022-12-13T06:33:27.686+0000][151028][gc,age      ] GC(570) - age  12:       4328 bytes,    7445424 total
[2022-12-13T06:33:27.686+0000][151028][gc,age      ] GC(570) - age  13:       1824 bytes,    7447248 total
[2022-12-13T06:33:27.686+0000][151028][gc,age      ] GC(570) - age  14:       2968 bytes,    7450216 total
[2022-12-13T06:33:27.686+0000][151028][gc,age      ] GC(570) - age  15:       3592 bytes,    7453808 total
[2022-12-13T06:33:27.686+0000][151028][gc,heap     ] GC(570) Eden regions: 104->0(1196)
[2022-12-13T06:33:27.686+0000][151028][gc,heap     ] GC(570) Survivor regions: 4->2(150)
[2022-12-13T06:33:27.686+0000][151028][gc,heap     ] GC(570) Old regions: 116->116
[2022-12-13T06:33:27.686+0000][151028][gc,heap     ] GC(570) Archive regions: 2->2
[2022-12-13T06:33:27.686+0000][151028][gc,heap     ] GC(570) Humongous regions: 457->39
[2022-12-13T06:33:27.686+0000][151028][gc,metaspace] GC(570) Metaspace: 176569K(181120K)->176569K(181120K) NonClass: 154905K(157376K)->154905K(157376K) Class: 21663K(23744K)->21663K(23744K)
[2022-12-13T06:33:27.686+0000][151028][gc          ] GC(570) Pause Young (Concurrent Start) (G1 Humongous Allocation) 2717M->628M(7992M) 8.334ms
[2022-12-13T06:33:27.686+0000][151028][gc          ] GC(571) Concurrent Undo Cycle
[2022-12-13T06:33:27.686+0000][151028][gc,cpu      ] GC(570) User=0.03s Sys=0.00s Real=0.01s
[2022-12-13T06:33:27.686+0000][151028][gc,marking  ] GC(571) Concurrent Cleanup for Next Mark
[2022-12-13T06:33:27.686+0000][151028][safepoint   ] Safepoint "G1TryInitiateConcMark", Time since last: 509495000 ns, Reaching safepoint: 14506700 ns, At safepoint: 8579700 ns, Total: 23086400 ns
[2022-12-13T06:33:27.687+0000][151028][safepoint   ] Safepoint "G1TryInitiateConcMark", Time since last: 216900 ns, Reaching safepoint: 389200 ns, At safepoint: 120200 ns, Total: 509400 ns
[2022-12-13T06:33:27.688+0000][151028][gc,marking  ] GC(571) Concurrent Cleanup for Next Mark 1.354ms
[2022-12-13T06:33:27.688+0000][151028][gc          ] GC(571) Concurrent Undo Cycle 1.478ms
[2022-12-13T06:33:28.688+0000][151028][safepoint   ] Safepoint "Cleanup", Time since last: 1000187200 ns, Reaching safepoint: 360900 ns, At safepoint: 58300 ns, Total: 419200 ns
[2022-12-13T06:33:28.888+0000][151028][gc,start    ] GC(572) Pause Young (Concurrent Start) (G1 Humongous Allocation)
[2022-12-13T06:33:28.888+0000][151028][gc,task     ] GC(572) Using 10 workers of 10 for evacuation
[2022-12-13T06:33:28.888+0000][151028][gc,age      ] GC(572) Desired survivor size 314572800 bytes, new threshold 15 (max threshold 15)
[2022-12-13T06:33:28.906+0000][151028][gc,phases   ] GC(572)   Pre Evacuate Collection Set: 0.8ms
[2022-12-13T06:33:28.906+0000][151028][gc,phases   ] GC(572)   Merge Heap Roots: 0.3ms
[2022-12-13T06:33:28.906+0000][151028][gc,phases   ] GC(572)   Evacuate Collection Set: 10.4ms
[2022-12-13T06:33:28.906+0000][151028][gc,phases   ] GC(572)   Post Evacuate Collection Set: 5.6ms
[2022-12-13T06:33:28.906+0000][151028][gc,phases   ] GC(572)   Other: 0.2ms
[2022-12-13T06:33:28.906+0000][151028][gc,age      ] GC(572) Age table with threshold 15 (max threshold 15)
[2022-12-13T06:33:28.906+0000][151028][gc,age      ] GC(572) - age   1:   32165184 bytes,   32165184 total
[2022-12-13T06:33:28.906+0000][151028][gc,age      ] GC(572) - age   2:     506368 bytes,   32671552 total
[2022-12-13T06:33:28.906+0000][151028][gc,age      ] GC(572) - age   3:       9848 bytes,   32681400 total
[2022-12-13T06:33:28.906+0000][151028][gc,age      ] GC(572) - age   4:      30408 bytes,   32711808 total
[2022-12-13T06:33:28.906+0000][151028][gc,age      ] GC(572) - age   5:      45856 bytes,   32757664 total
[2022-12-13T06:33:28.906+0000][151028][gc,age      ] GC(572) - age   6:      89608 bytes,   32847272 total
[2022-12-13T06:33:28.906+0000][151028][gc,age      ] GC(572) - age   7:       8024 bytes,   32855296 total
[2022-12-13T06:33:28.906+0000][151028][gc,age      ] GC(572) - age   8:      27648 bytes,   32882944 total
[2022-12-13T06:33:28.906+0000][151028][gc,age      ] GC(572) - age   9:    1083680 bytes,   33966624 total
[2022-12-13T06:33:28.906+0000][151028][gc,age      ] GC(572) - age  10:       5592 bytes,   33972216 total
[2022-12-13T06:33:28.906+0000][151028][gc,age      ] GC(572) - age  11:       3016 bytes,   33975232 total
[2022-12-13T06:33:28.906+0000][151028][gc,age      ] GC(572) - age  12:       2240 bytes,   33977472 total
[2022-12-13T06:33:28.906+0000][151028][gc,age      ] GC(572) - age  13:       4048 bytes,   33981520 total
[2022-12-13T06:33:28.906+0000][151028][gc,age      ] GC(572) - age  14:       1624 bytes,   33983144 total
[2022-12-13T06:33:28.906+0000][151028][gc,age      ] GC(572) - age  15:       2968 bytes,   33986112 total
[2022-12-13T06:33:28.906+0000][151028][gc,heap     ] GC(572) Eden regions: 109->0(1189)
[2022-12-13T06:33:28.906+0000][151028][gc,heap     ] GC(572) Survivor regions: 2->9(150)
[2022-12-13T06:33:28.906+0000][151028][gc,heap     ] GC(572) Old regions: 116->116
[2022-12-13T06:33:28.906+0000][151028][gc,heap     ] GC(572) Archive regions: 2->2
[2022-12-13T06:33:28.906+0000][151028][gc,heap     ] GC(572) Humongous regions: 461->17
[2022-12-13T06:33:28.906+0000][151028][gc,metaspace] GC(572) Metaspace: 176577K(181184K)->176577K(181184K) NonClass: 154912K(157440K)->154912K(157440K) Class: 21664K(23744K)->21664K(23744K)
[2022-12-13T06:33:28.906+0000][151028][gc          ] GC(572) Pause Young (Concurrent Start) (G1 Humongous Allocation) 2752M->566M(7992M) 17.747ms
[2022-12-13T06:33:28.906+0000][151028][gc          ] GC(573) Concurrent Undo Cycle
[2022-12-13T06:33:28.906+0000][151028][gc,cpu      ] GC(572) User=0.13s Sys=0.00s Real=0.02s
[2022-12-13T06:33:28.906+0000][151028][gc,marking  ] GC(573) Concurrent Cleanup for Next Mark
[2022-12-13T06:33:28.906+0000][151028][safepoint   ] Safepoint "G1TryInitiateConcMark", Time since last: 200284900 ns, Reaching safepoint: 242800 ns, At safepoint: 17999900 ns, Total: 18242700 ns
[2022-12-13T06:33:28.907+0000][151028][gc,marking  ] GC(573) Concurrent Cleanup for Next Mark 0.788ms
[2022-12-13T06:33:28.907+0000][151028][gc          ] GC(573) Concurrent Undo Cycle 0.920ms
[2022-12-13T06:33:29.907+0000][151028][safepoint   ] Safepoint "Cleanup", Time since last: 1000166300 ns, Reaching safepoint: 193700 ns, At safepoint: 25400 ns, Total: 219100 ns
[2022-12-13T06:33:30.789+0000][151028][gc,start    ] GC(574) Pause Young (Concurrent Start) (G1 Humongous Allocation)
[2022-12-13T06:33:30.789+0000][151028][gc,task     ] GC(574) Using 10 workers of 10 for evacuation
[2022-12-13T06:33:30.789+0000][151028][gc,age      ] GC(574) Desired survivor size 314572800 bytes, new threshold 15 (max threshold 15)
[2022-12-13T06:33:30.818+0000][151028][gc,phases   ] GC(574)   Pre Evacuate Collection Set: 0.9ms
[2022-12-13T06:33:30.818+0000][151028][gc,phases   ] GC(574)   Merge Heap Roots: 0.2ms
[2022-12-13T06:33:30.818+0000][151028][gc,phases   ] GC(574)   Evacuate Collection Set: 2.8ms
[2022-12-13T06:33:30.819+0000][151028][gc,phases   ] GC(574)   Post Evacuate Collection Set: 25.7ms
[2022-12-13T06:33:30.819+0000][151028][gc,phases   ] GC(574)   Other: 0.2ms
[2022-12-13T06:33:30.819+0000][151028][gc,age      ] GC(574) Age table with threshold 15 (max threshold 15)
[2022-12-13T06:33:30.819+0000][151028][gc,age      ] GC(574) - age   1:   46135792 bytes,   46135792 total
[2022-12-13T06:33:30.819+0000][151028][gc,age      ] GC(574) - age   2:   17245392 bytes,   63381184 total
[2022-12-13T06:33:30.819+0000][151028][gc,age      ] GC(574) - age   3:     171368 bytes,   63552552 total
[2022-12-13T06:33:30.819+0000][151028][gc,age      ] GC(574) - age   4:       9336 bytes,   63561888 total
[2022-12-13T06:33:30.819+0000][151028][gc,age      ] GC(574) - age   5:      27992 bytes,   63589880 total
[2022-12-13T06:33:30.819+0000][151028][gc,age      ] GC(574) - age   6:      44224 bytes,   63634104 total
[2022-12-13T06:33:30.819+0000][151028][gc,age      ] GC(574) - age   7:       6136 bytes,   63640240 total
[2022-12-13T06:33:30.819+0000][151028][gc,age      ] GC(574) - age   8:       6400 bytes,   63646640 total
[2022-12-13T06:33:30.819+0000][151028][gc,age      ] GC(574) - age   9:       7728 bytes,   63654368 total
[2022-12-13T06:33:30.819+0000][151028][gc,age      ] GC(574) - age  10:    1080240 bytes,   64734608 total
[2022-12-13T06:33:30.819+0000][151028][gc,age      ] GC(574) - age  11:       5392 bytes,   64740000 total
[2022-12-13T06:33:30.819+0000][151028][gc,age      ] GC(574) - age  12:       2408 bytes,   64742408 total
[2022-12-13T06:33:30.819+0000][151028][gc,age      ] GC(574) - age  13:       2160 bytes,   64744568 total
[2022-12-13T06:33:30.819+0000][151028][gc,age      ] GC(574) - age  14:       3488 bytes,   64748056 total
[2022-12-13T06:33:30.819+0000][151028][gc,age      ] GC(574) - age  15:       1224 bytes,   64749280 total
[2022-12-13T06:33:30.819+0000][151028][gc,heap     ] GC(574) Eden regions: 224->0(1182)
[2022-12-13T06:33:30.819+0000][151028][gc,heap     ] GC(574) Survivor regions: 9->16(150)
[2022-12-13T06:33:30.819+0000][151028][gc,heap     ] GC(574) Old regions: 116->116
[2022-12-13T06:33:30.819+0000][151028][gc,heap     ] GC(574) Archive regions: 2->2
[2022-12-13T06:33:30.819+0000][151028][gc,heap     ] GC(574) Humongous regions: 462->39
[2022-12-13T06:33:30.819+0000][151028][gc,metaspace] GC(574) Metaspace: 176582K(181184K)->176582K(181184K) NonClass: 154917K(157440K)->154917K(157440K) Class: 21664K(23744K)->21664K(23744K)
[2022-12-13T06:33:30.819+0000][151028][gc          ] GC(574) Pause Young (Concurrent Start) (G1 Humongous Allocation) 3242M->685M(7992M) 30.190ms
[2022-12-13T06:33:30.819+0000][151028][gc          ] GC(575) Concurrent Undo Cycle
[2022-12-13T06:33:30.819+0000][151028][gc,cpu      ] GC(574) User=0.26s Sys=0.00s Real=0.04s
[2022-12-13T06:33:30.819+0000][151028][gc,marking  ] GC(575) Concurrent Cleanup for Next Mark
[2022-12-13T06:33:30.819+0000][151028][safepoint   ] Safepoint "G1TryInitiateConcMark", Time since last: 860094100 ns, Reaching safepoint: 21881000 ns, At safepoint: 30498800 ns, Total: 52379800 ns
[2022-12-13T06:33:30.820+0000][151028][gc,marking  ] GC(575) Concurrent Cleanup for Next Mark 0.872ms
[2022-12-13T06:33:30.820+0000][151028][gc          ] GC(575) Concurrent Undo Cycle 0.993ms
[2022-12-13T06:33:31.835+0000][151028][safepoint   ] Safepoint "Cleanup", Time since last: 1000241100 ns, Reaching safepoint: 15436200 ns, At safepoint: 79700 ns, Total: 15515900 ns
[2022-12-13T06:33:32.102+0000][151028][gc,start    ] GC(576) Pause Young (Concurrent Start) (G1 Humongous Allocation)
[2022-12-13T06:33:32.102+0000][151028][gc,task     ] GC(576) Using 10 workers of 10 for evacuation
[2022-12-13T06:33:32.103+0000][151028][gc,age      ] GC(576) Desired survivor size 314572800 bytes, new threshold 15 (max threshold 15)
[2022-12-13T06:33:32.115+0000][151028][gc,phases   ] GC(576)   Pre Evacuate Collection Set: 0.8ms
[2022-12-13T06:33:32.115+0000][151028][gc,phases   ] GC(576)   Merge Heap Roots: 0.2ms
[2022-12-13T06:33:32.115+0000][151028][gc,phases   ] GC(576)   Evacuate Collection Set: 7.0ms
[2022-12-13T06:33:32.115+0000][151028][gc,phases   ] GC(576)   Post Evacuate Collection Set: 3.8ms
[2022-12-13T06:33:32.115+0000][151028][gc,phases   ] GC(576)   Other: 0.1ms
[2022-12-13T06:33:32.115+0000][151028][gc,age      ] GC(576) Age table with threshold 15 (max threshold 15)
[2022-12-13T06:33:32.115+0000][151028][gc,age      ] GC(576) - age   1:   21393904 bytes,   21393904 total
[2022-12-13T06:33:32.115+0000][151028][gc,age      ] GC(576) - age   2:     343240 bytes,   21737144 total
[2022-12-13T06:33:32.115+0000][151028][gc,age      ] GC(576) - age   3:      57352 bytes,   21794496 total
[2022-12-13T06:33:32.115+0000][151028][gc,age      ] GC(576) - age   4:     167784 bytes,   21962280 total
[2022-12-13T06:33:32.115+0000][151028][gc,age      ] GC(576) - age   5:       8256 bytes,   21970536 total
[2022-12-13T06:33:32.115+0000][151028][gc,age      ] GC(576) - age   6:      26592 bytes,   21997128 total
[2022-12-13T06:33:32.115+0000][151028][gc,age      ] GC(576) - age   7:      41464 bytes,   22038592 total
[2022-12-13T06:33:32.115+0000][151028][gc,age      ] GC(576) - age   8:       4136 bytes,   22042728 total
[2022-12-13T06:33:32.115+0000][151028][gc,age      ] GC(576) - age   9:       5368 bytes,   22048096 total
[2022-12-13T06:33:32.115+0000][151028][gc,age      ] GC(576) - age  10:       6728 bytes,   22054824 total
[2022-12-13T06:33:32.115+0000][151028][gc,age      ] GC(576) - age  11:    1076760 bytes,   23131584 total
[2022-12-13T06:33:32.115+0000][151028][gc,age      ] GC(576) - age  12:       5192 bytes,   23136776 total
[2022-12-13T06:33:32.115+0000][151028][gc,age      ] GC(576) - age  13:       1128 bytes,   23137904 total
[2022-12-13T06:33:32.115+0000][151028][gc,age      ] GC(576) - age  14:       2000 bytes,   23139904 total
[2022-12-13T06:33:32.115+0000][151028][gc,age      ] GC(576) - age  15:       3248 bytes,   23143152 total
[2022-12-13T06:33:32.115+0000][151028][gc,heap     ] GC(576) Eden regions: 53->0(1191)
[2022-12-13T06:33:32.115+0000][151028][gc,heap     ] GC(576) Survivor regions: 16->7(150)
[2022-12-13T06:33:32.115+0000][151028][gc,heap     ] GC(576) Old regions: 116->116
[2022-12-13T06:33:32.115+0000][151028][gc,heap     ] GC(576) Archive regions: 2->2
[2022-12-13T06:33:32.115+0000][151028][gc,heap     ] GC(576) Humongous regions: 475->10
[2022-12-13T06:33:32.115+0000][151028][gc,metaspace] GC(576) Metaspace: 176584K(181184K)->176584K(181184K) NonClass: 154919K(157440K)->154919K(157440K) Class: 21665K(23744K)->21665K(23744K)
[2022-12-13T06:33:32.115+0000][151028][gc          ] GC(576) Pause Young (Concurrent Start) (G1 Humongous Allocation) 2641M->532M(7992M) 12.482ms
[2022-12-13T06:33:32.115+0000][151028][gc          ] GC(577) Concurrent Undo Cycle
[2022-12-13T06:33:32.115+0000][151028][gc,cpu      ] GC(576) User=0.09s Sys=0.00s Real=0.01s
[2022-12-13T06:33:32.115+0000][151028][gc,marking  ] GC(577) Concurrent Cleanup for Next Mark
[2022-12-13T06:33:32.115+0000][151028][safepoint   ] Safepoint "G1TryInitiateConcMark", Time since last: 267186200 ns, Reaching safepoint: 316800 ns, At safepoint: 12825200 ns, Total: 13142000 ns
[2022-12-13T06:33:32.116+0000][151028][gc,marking  ] GC(577) Concurrent Cleanup for Next Mark 0.832ms
[2022-12-13T06:33:32.116+0000][151028][gc          ] GC(577) Concurrent Undo Cycle 0.958ms
[2022-12-13T06:33:33.116+0000][151028][safepoint   ] Safepoint "Cleanup", Time since last: 1000135100 ns, Reaching safepoint: 190900 ns, At safepoint: 11600 ns, Total: 202500 ns
[2022-12-13T06:33:33.285+0000][151028][gc,start    ] GC(578) Pause Young (Concurrent Start) (G1 Humongous Allocation)
[2022-12-13T06:33:33.285+0000][151028][gc,task     ] GC(578) Using 10 workers of 10 for evacuation
[2022-12-13T06:33:33.285+0000][151028][gc,age      ] GC(578) Desired survivor size 314572800 bytes, new threshold 15 (max threshold 15)
[2022-12-13T06:33:33.300+0000][151028][gc,phases   ] GC(578)   Pre Evacuate Collection Set: 1.0ms
[2022-12-13T06:33:33.300+0000][151028][gc,phases   ] GC(578)   Merge Heap Roots: 0.2ms
[2022-12-13T06:33:33.300+0000][151028][gc,phases   ] GC(578)   Evacuate Collection Set: 2.6ms
[2022-12-13T06:33:33.300+0000][151028][gc,phases   ] GC(578)   Post Evacuate Collection Set: 10.6ms
[2022-12-13T06:33:33.300+0000][151028][gc,phases   ] GC(578)   Other: 0.2ms
[2022-12-13T06:33:33.300+0000][151028][gc,age      ] GC(578) Age table with threshold 15 (max threshold 15)
[2022-12-13T06:33:33.300+0000][151028][gc,age      ] GC(578) - age   1:   29173672 bytes,   29173672 total
[2022-12-13T06:33:33.300+0000][151028][gc,age      ] GC(578) - age   2:     425064 bytes,   29598736 total
[2022-12-13T06:33:33.300+0000][151028][gc,age      ] GC(578) - age   3:     191288 bytes,   29790024 total
[2022-12-13T06:33:33.300+0000][151028][gc,age      ] GC(578) - age   4:      55072 bytes,   29845096 total
[2022-12-13T06:33:33.300+0000][151028][gc,age      ] GC(578) - age   5:     165944 bytes,   30011040 total
[2022-12-13T06:33:33.300+0000][151028][gc,age      ] GC(578) - age   6:       7208 bytes,   30018248 total
[2022-12-13T06:33:33.300+0000][151028][gc,age      ] GC(578) - age   7:      23792 bytes,   30042040 total
[2022-12-13T06:33:33.300+0000][151028][gc,age      ] GC(578) - age   8:      39384 bytes,   30081424 total
[2022-12-13T06:33:33.300+0000][151028][gc,age      ] GC(578) - age   9:       3416 bytes,   30084840 total
[2022-12-13T06:33:33.300+0000][151028][gc,age      ] GC(578) - age  10:       5008 bytes,   30089848 total
[2022-12-13T06:33:33.300+0000][151028][gc,age      ] GC(578) - age  11:       5048 bytes,   30094896 total
[2022-12-13T06:33:33.300+0000][151028][gc,age      ] GC(578) - age  12:    1076480 bytes,   31171376 total
[2022-12-13T06:33:33.300+0000][151028][gc,age      ] GC(578) - age  13:       5192 bytes,   31176568 total
[2022-12-13T06:33:33.300+0000][151028][gc,age      ] GC(578) - age  14:        920 bytes,   31177488 total
[2022-12-13T06:33:33.300+0000][151028][gc,age      ] GC(578) - age  15:       2000 bytes,   31179488 total
[2022-12-13T06:33:33.300+0000][151028][gc,heap     ] GC(578) Eden regions: 114->0(1189)
[2022-12-13T06:33:33.300+0000][151028][gc,heap     ] GC(578) Survivor regions: 7->9(150)
[2022-12-13T06:33:33.300+0000][151028][gc,heap     ] GC(578) Old regions: 116->116
[2022-12-13T06:33:33.300+0000][151028][gc,heap     ] GC(578) Archive regions: 2->2
[2022-12-13T06:33:33.300+0000][151028][gc,heap     ] GC(578) Humongous regions: 481->6
[2022-12-13T06:33:33.300+0000][151028][gc,metaspace] GC(578) Metaspace: 176584K(181184K)->176584K(181184K) NonClass: 154919K(157440K)->154919K(157440K) Class: 21665K(23744K)->21665K(23744K)
[2022-12-13T06:33:33.300+0000][151028][gc          ] GC(578) Pause Young (Concurrent Start) (G1 Humongous Allocation) 2872M->521M(7992M) 15.102ms
[2022-12-13T06:33:33.300+0000][151028][gc          ] GC(579) Concurrent Undo Cycle
[2022-12-13T06:33:33.300+0000][151028][gc,cpu      ] GC(578) User=0.10s Sys=0.01s Real=0.02s
[2022-12-13T06:33:33.301+0000][151028][gc,marking  ] GC(579) Concurrent Cleanup for Next Mark
[2022-12-13T06:33:33.301+0000][151028][safepoint   ] Safepoint "G1TryInitiateConcMark", Time since last: 169307700 ns, Reaching safepoint: 429000 ns, At safepoint: 15405200 ns, Total: 15834200 ns
[2022-12-13T06:33:33.301+0000][151028][gc,marking  ] GC(579) Concurrent Cleanup for Next Mark 0.845ms
[2022-12-13T06:33:33.301+0000][151028][gc          ] GC(579) Concurrent Undo Cycle 0.966ms
[2022-12-13T06:33:34.313+0000][151028][gc,start    ] GC(580) Pause Young (Concurrent Start) (G1 Humongous Allocation)
[2022-12-13T06:33:34.313+0000][151028][gc,task     ] GC(580) Using 10 workers of 10 for evacuation
[2022-12-13T06:33:34.313+0000][151028][gc,age      ] GC(580) Desired survivor size 314572800 bytes, new threshold 15 (max threshold 15)
[2022-12-13T06:33:34.325+0000][151028][gc,phases   ] GC(580)   Pre Evacuate Collection Set: 1.0ms
[2022-12-13T06:33:34.325+0000][151028][gc,phases   ] GC(580)   Merge Heap Roots: 0.2ms
[2022-12-13T06:33:34.325+0000][151028][gc,phases   ] GC(580)   Evacuate Collection Set: 6.6ms
[2022-12-13T06:33:34.325+0000][151028][gc,phases   ] GC(580)   Post Evacuate Collection Set: 4.8ms
[2022-12-13T06:33:34.326+0000][151028][gc,phases   ] GC(580)   Other: 0.1ms
[2022-12-13T06:33:34.326+0000][151028][gc,age      ] GC(580) Age table with threshold 15 (max threshold 15)
[2022-12-13T06:33:34.326+0000][151028][gc,age      ] GC(580) - age   1:   20180904 bytes,   20180904 total
[2022-12-13T06:33:34.326+0000][151028][gc,age      ] GC(580) - age   2:     351864 bytes,   20532768 total
[2022-12-13T06:33:34.326+0000][151028][gc,age      ] GC(580) - age   3:     102728 bytes,   20635496 total
[2022-12-13T06:33:34.326+0000][151028][gc,age      ] GC(580) - age   4:     182080 bytes,   20817576 total
[2022-12-13T06:33:34.326+0000][151028][gc,age      ] GC(580) - age   5:      52336 bytes,   20869912 total
[2022-12-13T06:33:34.326+0000][151028][gc,age      ] GC(580) - age   6:     160104 bytes,   21030016 total
[2022-12-13T06:33:34.326+0000][151028][gc,age      ] GC(580) - age   7:       4968 bytes,   21034984 total
[2022-12-13T06:33:34.326+0000][151028][gc,age      ] GC(580) - age   8:      23216 bytes,   21058200 total
[2022-12-13T06:33:34.326+0000][151028][gc,age      ] GC(580) - age   9:      38920 bytes,   21097120 total
[2022-12-13T06:33:34.326+0000][151028][gc,age      ] GC(580) - age  10:       3376 bytes,   21100496 total
[2022-12-13T06:33:34.326+0000][151028][gc,age      ] GC(580) - age  11:       4808 bytes,   21105304 total
[2022-12-13T06:33:34.326+0000][151028][gc,age      ] GC(580) - age  12:       5048 bytes,   21110352 total
[2022-12-13T06:33:34.326+0000][151028][gc,age      ] GC(580) - age  13:    1076400 bytes,   22186752 total
[2022-12-13T06:33:34.326+0000][151028][gc,age      ] GC(580) - age  14:       5192 bytes,   22191944 total
[2022-12-13T06:33:34.326+0000][151028][gc,age      ] GC(580) - age  15:        920 bytes,   22192864 total
[2022-12-13T06:33:34.326+0000][151028][gc,heap     ] GC(580) Eden regions: 66->0(1192)
[2022-12-13T06:33:34.326+0000][151028][gc,heap     ] GC(580) Survivor regions: 9->6(150)
[2022-12-13T06:33:34.326+0000][151028][gc,heap     ] GC(580) Old regions: 116->116
[2022-12-13T06:33:34.326+0000][151028][gc,heap     ] GC(580) Archive regions: 2->2
[2022-12-13T06:33:34.326+0000][151028][gc,heap     ] GC(580) Humongous regions: 476->39
[2022-12-13T06:33:34.326+0000][151028][gc,metaspace] GC(580) Metaspace: 176590K(181184K)->176590K(181184K) NonClass: 154924K(157440K)->154924K(157440K) Class: 21665K(23744K)->21665K(23744K)
[2022-12-13T06:33:34.326+0000][151028][gc          ] GC(580) Pause Young (Concurrent Start) (G1 Humongous Allocation) 2665M->645M(7992M) 13.286ms
[2022-12-13T06:33:34.326+0000][151028][gc,cpu      ] GC(580) User=0.07s Sys=0.00s Real=0.01s
[2022-12-13T06:33:34.326+0000][151028][gc          ] GC(581) Concurrent Undo Cycle
[2022-12-13T06:33:34.326+0000][151028][gc,marking  ] GC(581) Concurrent Cleanup for Next Mark
[2022-12-13T06:33:34.326+0000][151028][safepoint   ] Safepoint "G1TryInitiateConcMark", Time since last: 999625600 ns, Reaching safepoint: 12205100 ns, At safepoint: 13582100 ns, Total: 25787200 ns
[2022-12-13T06:33:34.327+0000][151028][gc,marking  ] GC(581) Concurrent Cleanup for Next Mark 1.161ms
[2022-12-13T06:33:34.327+0000][151028][gc          ] GC(581) Concurrent Undo Cycle 1.374ms
[2022-12-13T06:33:35.432+0000][151028][safepoint   ] Safepoint "Cleanup", Time since last: 1105865500 ns, Reaching safepoint: 263800 ns, At safepoint: 53000 ns, Total: 316800 ns
[2022-12-13T06:33:35.444+0000][151028][gc,start    ] GC(582) Pause Young (Concurrent Start) (G1 Humongous Allocation)
[2022-12-13T06:33:35.444+0000][151028][gc,task     ] GC(582) Using 10 workers of 10 for evacuation
[2022-12-13T06:33:35.444+0000][151028][gc,age      ] GC(582) Desired survivor size 314572800 bytes, new threshold 15 (max threshold 15)
[2022-12-13T06:33:35.460+0000][151028][gc,phases   ] GC(582)   Pre Evacuate Collection Set: 0.8ms
[2022-12-13T06:33:35.460+0000][151028][gc,phases   ] GC(582)   Merge Heap Roots: 0.2ms
[2022-12-13T06:33:35.460+0000][151028][gc,phases   ] GC(582)   Evacuate Collection Set: 7.9ms
[2022-12-13T06:33:35.461+0000][151028][gc,phases   ] GC(582)   Post Evacuate Collection Set: 6.9ms
[2022-12-13T06:33:35.461+0000][151028][gc,phases   ] GC(582)   Other: 0.2ms
[2022-12-13T06:33:35.461+0000][151028][gc,age      ] GC(582) Age table with threshold 15 (max threshold 15)
[2022-12-13T06:33:35.461+0000][151028][gc,age      ] GC(582) - age   1:   33394416 bytes,   33394416 total
[2022-12-13T06:33:35.461+0000][151028][gc,age      ] GC(582) - age   2:     347976 bytes,   33742392 total
[2022-12-13T06:33:35.461+0000][151028][gc,age      ] GC(582) - age   3:      44912 bytes,   33787304 total
[2022-12-13T06:33:35.461+0000][151028][gc,age      ] GC(582) - age   4:      59128 bytes,   33846432 total
[2022-12-13T06:33:35.461+0000][151028][gc,age      ] GC(582) - age   5:     106592 bytes,   33953024 total
[2022-12-13T06:33:35.461+0000][151028][gc,age      ] GC(582) - age   6:      33808 bytes,   33986832 total
[2022-12-13T06:33:35.461+0000][151028][gc,age      ] GC(582) - age   7:     141808 bytes,   34128640 total
[2022-12-13T06:33:35.461+0000][151028][gc,age      ] GC(582) - age   8:       4448 bytes,   34133088 total
[2022-12-13T06:33:35.461+0000][151028][gc,age      ] GC(582) - age   9:      23016 bytes,   34156104 total
[2022-12-13T06:33:35.461+0000][151028][gc,age      ] GC(582) - age  10:      38600 bytes,   34194704 total
[2022-12-13T06:33:35.461+0000][151028][gc,age      ] GC(582) - age  11:       3176 bytes,   34197880 total
[2022-12-13T06:33:35.461+0000][151028][gc,age      ] GC(582) - age  12:       2888 bytes,   34200768 total
[2022-12-13T06:33:35.461+0000][151028][gc,age      ] GC(582) - age  13:       4608 bytes,   34205376 total
[2022-12-13T06:33:35.461+0000][151028][gc,age      ] GC(582) - age  14:    1076040 bytes,   35281416 total
[2022-12-13T06:33:35.461+0000][151028][gc,age      ] GC(582) - age  15:       5112 bytes,   35286528 total
[2022-12-13T06:33:35.461+0000][151028][gc,heap     ] GC(582) Eden regions: 112->0(1188)
[2022-12-13T06:33:35.461+0000][151028][gc,heap     ] GC(582) Survivor regions: 6->10(150)
[2022-12-13T06:33:35.461+0000][151028][gc,heap     ] GC(582) Old regions: 116->116
[2022-12-13T06:33:35.461+0000][151028][gc,heap     ] GC(582) Archive regions: 2->2
[2022-12-13T06:33:35.461+0000][151028][gc,heap     ] GC(582) Humongous regions: 459->9
[2022-12-13T06:33:35.461+0000][151028][gc,metaspace] GC(582) Metaspace: 176613K(181248K)->176613K(181248K) NonClass: 154947K(157504K)->154947K(157504K) Class: 21665K(23744K)->21665K(23744K)
[2022-12-13T06:33:35.461+0000][151028][gc          ] GC(582) Pause Young (Concurrent Start) (G1 Humongous Allocation) 2771M->539M(7992M) 16.510ms
[2022-12-13T06:33:35.461+0000][151028][gc          ] GC(583) Concurrent Undo Cycle
[2022-12-13T06:33:35.461+0000][151028][gc,cpu      ] GC(582) User=0.11s Sys=0.00s Real=0.02s
[2022-12-13T06:33:35.461+0000][151028][gc,marking  ] GC(583) Concurrent Cleanup for Next Mark
[2022-12-13T06:33:35.461+0000][151028][safepoint   ] Safepoint "G1TryInitiateConcMark", Time since last: 11753500 ns, Reaching safepoint: 268400 ns, At safepoint: 16775200 ns, Total: 17043600 ns
[2022-12-13T06:33:35.462+0000][151028][gc,marking  ] GC(583) Concurrent Cleanup for Next Mark 0.988ms
[2022-12-13T06:33:35.462+0000][151028][gc          ] GC(583) Concurrent Undo Cycle 1.210ms
[2022-12-13T06:33:36.462+0000][151028][safepoint   ] Safepoint "Cleanup", Time since last: 1000183400 ns, Reaching safepoint: 318700 ns, At safepoint: 32700 ns, Total: 351400 ns
[2022-12-13T06:33:36.935+0000][151028][gc,start    ] GC(584) Pause Young (Concurrent Start) (G1 Humongous Allocation)
[2022-12-13T06:33:36.935+0000][151028][gc,task     ] GC(584) Using 10 workers of 10 for evacuation
[2022-12-13T06:33:36.935+0000][151028][gc,age      ] GC(584) Desired survivor size 314572800 bytes, new threshold 15 (max threshold 15)
[2022-12-13T06:33:36.966+0000][151028][gc,phases   ] GC(584)   Pre Evacuate Collection Set: 1.2ms
[2022-12-13T06:33:36.966+0000][151028][gc,phases   ] GC(584)   Merge Heap Roots: 0.2ms
[2022-12-13T06:33:36.966+0000][151028][gc,phases   ] GC(584)   Evacuate Collection Set: 11.3ms
[2022-12-13T06:33:36.966+0000][151028][gc,phases   ] GC(584)   Post Evacuate Collection Set: 17.9ms
[2022-12-13T06:33:36.966+0000][151028][gc,phases   ] GC(584)   Other: 0.2ms
[2022-12-13T06:33:36.966+0000][151028][gc,age      ] GC(584) Age table with threshold 15 (max threshold 15)
[2022-12-13T06:33:36.966+0000][151028][gc,age      ] GC(584) - age   1:   62775064 bytes,   62775064 total
[2022-12-13T06:33:36.966+0000][151028][gc,age      ] GC(584) - age   2:    8505464 bytes,   71280528 total
[2022-12-13T06:33:36.966+0000][151028][gc,age      ] GC(584) - age   3:     115744 bytes,   71396272 total
[2022-12-13T06:33:36.966+0000][151028][gc,age      ] GC(584) - age   4:      26688 bytes,   71422960 total
[2022-12-13T06:33:36.966+0000][151028][gc,age      ] GC(584) - age   5:      36768 bytes,   71459728 total
[2022-12-13T06:33:36.966+0000][151028][gc,age      ] GC(584) - age   6:      61720 bytes,   71521448 total
[2022-12-13T06:33:36.966+0000][151028][gc,age      ] GC(584) - age   7:      33024 bytes,   71554472 total
[2022-12-13T06:33:36.966+0000][151028][gc,age      ] GC(584) - age   8:     136112 bytes,   71690584 total
[2022-12-13T06:33:36.966+0000][151028][gc,age      ] GC(584) - age   9:       4448 bytes,   71695032 total
[2022-12-13T06:33:36.966+0000][151028][gc,age      ] GC(584) - age  10:      22936 bytes,   71717968 total
[2022-12-13T06:33:36.966+0000][151028][gc,age      ] GC(584) - age  11:      22160 bytes,   71740128 total
[2022-12-13T06:33:36.966+0000][151028][gc,age      ] GC(584) - age  12:       3176 bytes,   71743304 total
[2022-12-13T06:33:36.966+0000][151028][gc,age      ] GC(584) - age  13:       2888 bytes,   71746192 total
[2022-12-13T06:33:36.966+0000][151028][gc,age      ] GC(584) - age  14:       4568 bytes,   71750760 total
[2022-12-13T06:33:36.966+0000][151028][gc,age      ] GC(584) - age  15:    1075944 bytes,   72826704 total
[2022-12-13T06:33:36.966+0000][151028][gc,heap     ] GC(584) Eden regions: 195->0(1179)
[2022-12-13T06:33:36.966+0000][151028][gc,heap     ] GC(584) Survivor regions: 10->19(150)
[2022-12-13T06:33:36.966+0000][151028][gc,heap     ] GC(584) Old regions: 116->116
[2022-12-13T06:33:36.966+0000][151028][gc,heap     ] GC(584) Archive regions: 2->2
[2022-12-13T06:33:36.966+0000][151028][gc,heap     ] GC(584) Humongous regions: 453->13
[2022-12-13T06:33:36.966+0000][151028][gc,metaspace] GC(584) Metaspace: 176856K(181440K)->176856K(181440K) NonClass: 155180K(157696K)->155180K(157696K) Class: 21676K(23744K)->21676K(23744K)
[2022-12-13T06:33:36.966+0000][151028][gc          ] GC(584) Pause Young (Concurrent Start) (G1 Humongous Allocation) 3093M->592M(7992M) 31.381ms
[2022-12-13T06:33:36.966+0000][151028][gc,cpu      ] GC(584) User=0.21s Sys=0.00s Real=0.03s
[2022-12-13T06:33:36.967+0000][151028][safepoint   ] Safepoint "G1TryInitiateConcMark", Time since last: 472951900 ns, Reaching safepoint: 333800 ns, At safepoint: 31741500 ns, Total: 32075300 ns
[2022-12-13T06:33:36.967+0000][151028][gc          ] GC(585) Concurrent Undo Cycle
[2022-12-13T06:33:36.967+0000][151028][gc,marking  ] GC(585) Concurrent Cleanup for Next Mark
[2022-12-13T06:33:36.968+0000][151028][gc,marking  ] GC(585) Concurrent Cleanup for Next Mark 1.385ms
[2022-12-13T06:33:36.969+0000][151028][gc          ] GC(585) Concurrent Undo Cycle 1.658ms
[2022-12-13T06:33:37.978+0000][151028][safepoint   ] Safepoint "Cleanup", Time since last: 1000166300 ns, Reaching safepoint: 11077500 ns, At safepoint: 152700 ns, Total: 11230200 ns
[2022-12-13T06:33:38.469+0000][151028][gc,start    ] GC(586) Pause Young (Concurrent Start) (G1 Humongous Allocation)
[2022-12-13T06:33:38.469+0000][151028][gc,task     ] GC(586) Using 10 workers of 10 for evacuation
[2022-12-13T06:33:38.469+0000][151028][gc,age      ] GC(586) Desired survivor size 314572800 bytes, new threshold 15 (max threshold 15)
[2022-12-13T06:33:38.487+0000][151028][gc,phases   ] GC(586)   Pre Evacuate Collection Set: 1.1ms
[2022-12-13T06:33:38.487+0000][151028][gc,phases   ] GC(586)   Merge Heap Roots: 0.2ms
[2022-12-13T06:33:38.487+0000][151028][gc,phases   ] GC(586)   Evacuate Collection Set: 2.9ms
[2022-12-13T06:33:38.487+0000][151028][gc,phases   ] GC(586)   Post Evacuate Collection Set: 13.4ms
[2022-12-13T06:33:38.487+0000][151028][gc,phases   ] GC(586)   Other: 0.2ms
[2022-12-13T06:33:38.487+0000][151028][gc,age      ] GC(586) Age table with threshold 15 (max threshold 15)
[2022-12-13T06:33:38.487+0000][151028][gc,age      ] GC(586) - age   1:   35085120 bytes,   35085120 total
[2022-12-13T06:33:38.487+0000][151028][gc,age      ] GC(586) - age   2:    4687248 bytes,   39772368 total
[2022-12-13T06:33:38.487+0000][151028][gc,age      ] GC(586) - age   3:     205752 bytes,   39978120 total
[2022-12-13T06:33:38.487+0000][151028][gc,age      ] GC(586) - age   4:      96016 bytes,   40074136 total
[2022-12-13T06:33:38.487+0000][151028][gc,age      ] GC(586) - age   5:      25576 bytes,   40099712 total
[2022-12-13T06:33:38.487+0000][151028][gc,age      ] GC(586) - age   6:      35944 bytes,   40135656 total
[2022-12-13T06:33:38.487+0000][151028][gc,age      ] GC(586) - age   7:      61360 bytes,   40197016 total
[2022-12-13T06:33:38.487+0000][151028][gc,age      ] GC(586) - age   8:      16584 bytes,   40213600 total
[2022-12-13T06:33:38.487+0000][151028][gc,age      ] GC(586) - age   9:     136024 bytes,   40349624 total
[2022-12-13T06:33:38.487+0000][151028][gc,age      ] GC(586) - age  10:       4448 bytes,   40354072 total
[2022-12-13T06:33:38.487+0000][151028][gc,age      ] GC(586) - age  11:      22936 bytes,   40377008 total
[2022-12-13T06:33:38.487+0000][151028][gc,age      ] GC(586) - age  12:      22160 bytes,   40399168 total
[2022-12-13T06:33:38.487+0000][151028][gc,age      ] GC(586) - age  13:       3176 bytes,   40402344 total
[2022-12-13T06:33:38.487+0000][151028][gc,age      ] GC(586) - age  14:       2888 bytes,   40405232 total
[2022-12-13T06:33:38.487+0000][151028][gc,age      ] GC(586) - age  15:       4568 bytes,   40409800 total
[2022-12-13T06:33:38.488+0000][151028][gc,heap     ] GC(586) Eden regions: 158->0(1187)
[2022-12-13T06:33:38.488+0000][151028][gc,heap     ] GC(586) Survivor regions: 19->11(150)
[2022-12-13T06:33:38.488+0000][151028][gc,heap     ] GC(586) Old regions: 116->116
[2022-12-13T06:33:38.488+0000][151028][gc,heap     ] GC(586) Archive regions: 2->2
[2022-12-13T06:33:38.488+0000][151028][gc,heap     ] GC(586) Humongous regions: 454->39
[2022-12-13T06:33:38.488+0000][151028][gc,metaspace] GC(586) Metaspace: 176884K(181504K)->176884K(181504K) NonClass: 155207K(157760K)->155207K(157760K) Class: 21676K(23744K)->21676K(23744K)
[2022-12-13T06:33:38.488+0000][151028][gc          ] GC(586) Pause Young (Concurrent Start) (G1 Humongous Allocation) 2988M->665M(7992M) 18.402ms
[2022-12-13T06:33:38.488+0000][151028][gc          ] GC(587) Concurrent Undo Cycle
[2022-12-13T06:33:38.488+0000][151028][gc,cpu      ] GC(586) User=0.13s Sys=0.01s Real=0.02s
[2022-12-13T06:33:38.488+0000][151028][gc,marking  ] GC(587) Concurrent Cleanup for Next Mark
[2022-12-13T06:33:38.488+0000][151028][safepoint   ] Safepoint "G1TryInitiateConcMark", Time since last: 469700300 ns, Reaching safepoint: 21432800 ns, At safepoint: 18751300 ns, Total: 40184100 ns
[2022-12-13T06:33:38.489+0000][151028][gc,marking  ] GC(587) Concurrent Cleanup for Next Mark 0.828ms
[2022-12-13T06:33:38.489+0000][151028][gc          ] GC(587) Concurrent Undo Cycle 1.056ms
[2022-12-13T06:33:39.896+0000][151028][gc,start    ] GC(588) Pause Young (Concurrent Start) (G1 Humongous Allocation)
[2022-12-13T06:33:39.896+0000][151028][gc,task     ] GC(588) Using 10 workers of 10 for evacuation
[2022-12-13T06:33:39.896+0000][151028][gc,age      ] GC(588) Desired survivor size 314572800 bytes, new threshold 15 (max threshold 15)
[2022-12-13T06:33:39.912+0000][151028][gc,phases   ] GC(588)   Pre Evacuate Collection Set: 0.9ms
[2022-12-13T06:33:39.912+0000][151028][gc,phases   ] GC(588)   Merge Heap Roots: 0.2ms
[2022-12-13T06:33:39.912+0000][151028][gc,phases   ] GC(588)   Evacuate Collection Set: 2.7ms
[2022-12-13T06:33:39.912+0000][151028][gc,phases   ] GC(588)   Post Evacuate Collection Set: 12.2ms
[2022-12-13T06:33:39.912+0000][151028][gc,phases   ] GC(588)   Other: 0.2ms
[2022-12-13T06:33:39.912+0000][151028][gc,age      ] GC(588) Age table with threshold 15 (max threshold 15)
[2022-12-13T06:33:39.912+0000][151028][gc,age      ] GC(588) - age   1:   28728944 bytes,   28728944 total
[2022-12-13T06:33:39.912+0000][151028][gc,age      ] GC(588) - age   2:     274496 bytes,   29003440 total
[2022-12-13T06:33:39.912+0000][151028][gc,age      ] GC(588) - age   3:     144040 bytes,   29147480 total
[2022-12-13T06:33:39.912+0000][151028][gc,age      ] GC(588) - age   4:     197944 bytes,   29345424 total
[2022-12-13T06:33:39.912+0000][151028][gc,age      ] GC(588) - age   5:      79040 bytes,   29424464 total
[2022-12-13T06:33:39.912+0000][151028][gc,age      ] GC(588) - age   6:      25016 bytes,   29449480 total
[2022-12-13T06:33:39.912+0000][151028][gc,age      ] GC(588) - age   7:      19144 bytes,   29468624 total
[2022-12-13T06:33:39.912+0000][151028][gc,age      ] GC(588) - age   8:      44880 bytes,   29513504 total
[2022-12-13T06:33:39.912+0000][151028][gc,age      ] GC(588) - age   9:      16144 bytes,   29529648 total
[2022-12-13T06:33:39.912+0000][151028][gc,age      ] GC(588) - age  10:     135504 bytes,   29665152 total
[2022-12-13T06:33:39.912+0000][151028][gc,age      ] GC(588) - age  11:       4368 bytes,   29669520 total
[2022-12-13T06:33:39.912+0000][151028][gc,age      ] GC(588) - age  12:      21336 bytes,   29690856 total
[2022-12-13T06:33:39.912+0000][151028][gc,age      ] GC(588) - age  13:      21560 bytes,   29712416 total
[2022-12-13T06:33:39.912+0000][151028][gc,age      ] GC(588) - age  14:       3056 bytes,   29715472 total
[2022-12-13T06:33:39.912+0000][151028][gc,age      ] GC(588) - age  15:       2888 bytes,   29718360 total
[2022-12-13T06:33:39.912+0000][151028][gc,heap     ] GC(588) Eden regions: 121->0(1189)
[2022-12-13T06:33:39.912+0000][151028][gc,heap     ] GC(588) Survivor regions: 11->9(150)
[2022-12-13T06:33:39.912+0000][151028][gc,heap     ] GC(588) Old regions: 116->116
[2022-12-13T06:33:39.912+0000][151028][gc,heap     ] GC(588) Archive regions: 2->2
[2022-12-13T06:33:39.912+0000][151028][gc,heap     ] GC(588) Humongous regions: 452->6
[2022-12-13T06:33:39.912+0000][151028][gc,metaspace] GC(588) Metaspace: 176891K(181504K)->176891K(181504K) NonClass: 155214K(157760K)->155214K(157760K) Class: 21676K(23744K)->21676K(23744K)
[2022-12-13T06:33:39.912+0000][151028][gc          ] GC(588) Pause Young (Concurrent Start) (G1 Humongous Allocation) 2799M->523M(7992M) 16.749ms
[2022-12-13T06:33:39.912+0000][151028][gc,cpu      ] GC(588) User=0.11s Sys=0.01s Real=0.02s
[2022-12-13T06:33:39.912+0000][151028][gc          ] GC(589) Concurrent Undo Cycle
[2022-12-13T06:33:39.912+0000][151028][safepoint   ] Safepoint "G1TryInitiateConcMark", Time since last: 1407448200 ns, Reaching safepoint: 193700 ns, At safepoint: 16931100 ns, Total: 17124800 ns
[2022-12-13T06:33:39.913+0000][151028][gc,marking  ] GC(589) Concurrent Cleanup for Next Mark
[2022-12-13T06:33:39.913+0000][151028][gc,marking  ] GC(589) Concurrent Cleanup for Next Mark 0.638ms
[2022-12-13T06:33:39.913+0000][151028][gc          ] GC(589) Concurrent Undo Cycle 0.781ms
[2022-12-13T06:33:40.930+0000][151028][safepoint   ] Safepoint "Cleanup", Time since last: 1000170200 ns, Reaching safepoint: 17708600 ns, At safepoint: 118600 ns, Total: 17827200 ns
[2022-12-13T06:33:41.375+0000][151028][gc,start    ] GC(590) Pause Young (Concurrent Start) (G1 Humongous Allocation)
[2022-12-13T06:33:41.375+0000][151028][gc,task     ] GC(590) Using 10 workers of 10 for evacuation
[2022-12-13T06:33:41.375+0000][151028][gc,age      ] GC(590) Desired survivor size 314572800 bytes, new threshold 15 (max threshold 15)
[2022-12-13T06:33:41.397+0000][151028][gc,phases   ] GC(590)   Pre Evacuate Collection Set: 0.8ms
[2022-12-13T06:33:41.397+0000][151028][gc,phases   ] GC(590)   Merge Heap Roots: 0.2ms
[2022-12-13T06:33:41.397+0000][151028][gc,phases   ] GC(590)   Evacuate Collection Set: 3.1ms
[2022-12-13T06:33:41.397+0000][151028][gc,phases   ] GC(590)   Post Evacuate Collection Set: 17.4ms
[2022-12-13T06:33:41.397+0000][151028][gc,phases   ] GC(590)   Other: 0.1ms
[2022-12-13T06:33:41.397+0000][151028][gc,age      ] GC(590) Age table with threshold 15 (max threshold 15)
[2022-12-13T06:33:41.397+0000][151028][gc,age      ] GC(590) - age   1:   44511616 bytes,   44511616 total
[2022-12-13T06:33:41.397+0000][151028][gc,age      ] GC(590) - age   2:     226320 bytes,   44737936 total
[2022-12-13T06:33:41.397+0000][151028][gc,age      ] GC(590) - age   3:     113376 bytes,   44851312 total
[2022-12-13T06:33:41.397+0000][151028][gc,age      ] GC(590) - age   4:     131080 bytes,   44982392 total
[2022-12-13T06:33:41.397+0000][151028][gc,age      ] GC(590) - age   5:     188088 bytes,   45170480 total
[2022-12-13T06:33:41.397+0000][151028][gc,age      ] GC(590) - age   6:      58480 bytes,   45228960 total
[2022-12-13T06:33:41.397+0000][151028][gc,age      ] GC(590) - age   7:       7256 bytes,   45236216 total
[2022-12-13T06:33:41.397+0000][151028][gc,age      ] GC(590) - age   8:      18904 bytes,   45255120 total
[2022-12-13T06:33:41.397+0000][151028][gc,age      ] GC(590) - age   9:      44600 bytes,   45299720 total
[2022-12-13T06:33:41.397+0000][151028][gc,age      ] GC(590) - age  10:      16144 bytes,   45315864 total
[2022-12-13T06:33:41.397+0000][151028][gc,age      ] GC(590) - age  11:     135504 bytes,   45451368 total
[2022-12-13T06:33:41.397+0000][151028][gc,age      ] GC(590) - age  12:       4368 bytes,   45455736 total
[2022-12-13T06:33:41.397+0000][151028][gc,age      ] GC(590) - age  13:      21336 bytes,   45477072 total
[2022-12-13T06:33:41.397+0000][151028][gc,age      ] GC(590) - age  14:       5160 bytes,   45482232 total
[2022-12-13T06:33:41.397+0000][151028][gc,age      ] GC(590) - age  15:       3056 bytes,   45485288 total
[2022-12-13T06:33:41.397+0000][151028][gc,heap     ] GC(590) Eden regions: 182->0(1186)
[2022-12-13T06:33:41.397+0000][151028][gc,heap     ] GC(590) Survivor regions: 9->12(150)
[2022-12-13T06:33:41.397+0000][151028][gc,heap     ] GC(590) Old regions: 116->116
[2022-12-13T06:33:41.397+0000][151028][gc,heap     ] GC(590) Archive regions: 2->2
[2022-12-13T06:33:41.397+0000][151028][gc,heap     ] GC(590) Humongous regions: 453->6
[2022-12-13T06:33:41.397+0000][151028][gc,metaspace] GC(590) Metaspace: 176898K(181504K)->176898K(181504K) NonClass: 155220K(157760K)->155220K(157760K) Class: 21677K(23744K)->21677K(23744K)
[2022-12-13T06:33:41.397+0000][151028][gc          ] GC(590) Pause Young (Concurrent Start) (G1 Humongous Allocation) 3039M->536M(7992M) 22.215ms
[2022-12-13T06:33:41.397+0000][151028][gc          ] GC(591) Concurrent Undo Cycle
[2022-12-13T06:33:41.397+0000][151028][gc,cpu      ] GC(590) User=0.13s Sys=0.01s Real=0.02s
[2022-12-13T06:33:41.397+0000][151028][gc,marking  ] GC(591) Concurrent Cleanup for Next Mark
[2022-12-13T06:33:41.397+0000][151028][safepoint   ] Safepoint "G1TryInitiateConcMark", Time since last: 444332200 ns, Reaching safepoint: 187000 ns, At safepoint: 22474000 ns, Total: 22661000 ns
[2022-12-13T06:33:41.398+0000][151028][gc,marking  ] GC(591) Concurrent Cleanup for Next Mark 0.885ms
[2022-12-13T06:33:41.398+0000][151028][gc          ] GC(591) Concurrent Undo Cycle 1.008ms
[2022-12-13T06:33:42.986+0000][151028][gc,start    ] GC(592) Pause Young (Concurrent Start) (G1 Humongous Allocation)
[2022-12-13T06:33:42.986+0000][151028][gc,task     ] GC(592) Using 10 workers of 10 for evacuation
[2022-12-13T06:33:42.986+0000][151028][gc,age      ] GC(592) Desired survivor size 314572800 bytes, new threshold 15 (max threshold 15)
[2022-12-13T06:33:43.001+0000][151028][gc,phases   ] GC(592)   Pre Evacuate Collection Set: 0.9ms
[2022-12-13T06:33:43.001+0000][151028][gc,phases   ] GC(592)   Merge Heap Roots: 0.2ms
[2022-12-13T06:33:43.001+0000][151028][gc,phases   ] GC(592)   Evacuate Collection Set: 2.7ms
[2022-12-13T06:33:43.001+0000][151028][gc,phases   ] GC(592)   Post Evacuate Collection Set: 10.8ms
[2022-12-13T06:33:43.001+0000][151028][gc,phases   ] GC(592)   Other: 0.1ms
[2022-12-13T06:33:43.001+0000][151028][gc,age      ] GC(592) Age table with threshold 15 (max threshold 15)
[2022-12-13T06:33:43.001+0000][151028][gc,age      ] GC(592) - age   1:   23388752 bytes,   23388752 total
[2022-12-13T06:33:43.001+0000][151028][gc,age      ] GC(592) - age   2:     173272 bytes,   23562024 total
[2022-12-13T06:33:43.001+0000][151028][gc,age      ] GC(592) - age   3:      64416 bytes,   23626440 total
[2022-12-13T06:33:43.001+0000][151028][gc,age      ] GC(592) - age   4:     103944 bytes,   23730384 total
[2022-12-13T06:33:43.001+0000][151028][gc,age      ] GC(592) - age   5:      95600 bytes,   23825984 total
[2022-12-13T06:33:43.001+0000][151028][gc,age      ] GC(592) - age   6:     170032 bytes,   23996016 total
[2022-12-13T06:33:43.001+0000][151028][gc,age      ] GC(592) - age   7:      41904 bytes,   24037920 total
[2022-12-13T06:33:43.001+0000][151028][gc,age      ] GC(592) - age   8:       7136 bytes,   24045056 total
[2022-12-13T06:33:43.001+0000][151028][gc,age      ] GC(592) - age   9:      18904 bytes,   24063960 total
[2022-12-13T06:33:43.001+0000][151028][gc,age      ] GC(592) - age  10:      44600 bytes,   24108560 total
[2022-12-13T06:33:43.001+0000][151028][gc,age      ] GC(592) - age  11:      16144 bytes,   24124704 total
[2022-12-13T06:33:43.001+0000][151028][gc,age      ] GC(592) - age  12:     135504 bytes,   24260208 total
[2022-12-13T06:33:43.001+0000][151028][gc,age      ] GC(592) - age  13:       4368 bytes,   24264576 total
[2022-12-13T06:33:43.001+0000][151028][gc,age      ] GC(592) - age  14:      21336 bytes,   24285912 total
[2022-12-13T06:33:43.001+0000][151028][gc,age      ] GC(592) - age  15:       5160 bytes,   24291072 total
[2022-12-13T06:33:43.001+0000][151028][gc,heap     ] GC(592) Eden regions: 142->0(1191)
[2022-12-13T06:33:43.001+0000][151028][gc,heap     ] GC(592) Survivor regions: 12->7(150)
[2022-12-13T06:33:43.001+0000][151028][gc,heap     ] GC(592) Old regions: 116->116
[2022-12-13T06:33:43.001+0000][151028][gc,heap     ] GC(592) Archive regions: 2->2
[2022-12-13T06:33:43.001+0000][151028][gc,heap     ] GC(592) Humongous regions: 468->6
[2022-12-13T06:33:43.001+0000][151028][gc,metaspace] GC(592) Metaspace: 176921K(181504K)->176921K(181504K) NonClass: 155244K(157760K)->155244K(157760K) Class: 21677K(23744K)->21677K(23744K)
[2022-12-13T06:33:43.001+0000][151028][gc          ] GC(592) Pause Young (Concurrent Start) (G1 Humongous Allocation) 2948M->515M(7992M) 15.256ms
[2022-12-13T06:33:43.001+0000][151028][gc,cpu      ] GC(592) User=0.09s Sys=0.01s Real=0.02s
[2022-12-13T06:33:43.001+0000][151028][safepoint   ] Safepoint "G1TryInitiateConcMark", Time since last: 1587984200 ns, Reaching safepoint: 194500 ns, At safepoint: 15466300 ns, Total: 15660800 ns
[2022-12-13T06:33:43.001+0000][151028][gc          ] GC(593) Concurrent Undo Cycle
[2022-12-13T06:33:43.001+0000][151028][gc,marking  ] GC(593) Concurrent Cleanup for Next Mark
[2022-12-13T06:33:43.002+0000][151028][gc,marking  ] GC(593) Concurrent Cleanup for Next Mark 0.929ms
[2022-12-13T06:33:43.002+0000][151028][gc          ] GC(593) Concurrent Undo Cycle 1.050ms
[2022-12-13T06:33:44.695+0000][151028][gc,start    ] GC(594) Pause Young (Concurrent Start) (G1 Humongous Allocation)
[2022-12-13T06:33:44.695+0000][151028][gc,task     ] GC(594) Using 10 workers of 10 for evacuation
[2022-12-13T06:33:44.695+0000][151028][gc,age      ] GC(594) Desired survivor size 314572800 bytes, new threshold 15 (max threshold 15)
[2022-12-13T06:33:44.713+0000][151028][gc,phases   ] GC(594)   Pre Evacuate Collection Set: 0.8ms
[2022-12-13T06:33:44.713+0000][151028][gc,phases   ] GC(594)   Merge Heap Roots: 0.2ms
[2022-12-13T06:33:44.713+0000][151028][gc,phases   ] GC(594)   Evacuate Collection Set: 6.9ms
[2022-12-13T06:33:44.713+0000][151028][gc,phases   ] GC(594)   Post Evacuate Collection Set: 9.1ms
[2022-12-13T06:33:44.713+0000][151028][gc,phases   ] GC(594)   Other: 0.2ms
[2022-12-13T06:33:44.713+0000][151028][gc,age      ] GC(594) Age table with threshold 15 (max threshold 15)
[2022-12-13T06:33:44.713+0000][151028][gc,age      ] GC(594) - age   1:   25586304 bytes,   25586304 total
[2022-12-13T06:33:44.713+0000][151028][gc,age      ] GC(594) - age   2:     251640 bytes,   25837944 total
[2022-12-13T06:33:44.713+0000][151028][gc,age      ] GC(594) - age   3:     120576 bytes,   25958520 total
[2022-12-13T06:33:44.713+0000][151028][gc,age      ] GC(594) - age   4:      60952 bytes,   26019472 total
[2022-12-13T06:33:44.713+0000][151028][gc,age      ] GC(594) - age   5:     102824 bytes,   26122296 total
[2022-12-13T06:33:44.713+0000][151028][gc,age      ] GC(594) - age   6:      95600 bytes,   26217896 total
[2022-12-13T06:33:44.713+0000][151028][gc,age      ] GC(594) - age   7:     169672 bytes,   26387568 total
[2022-12-13T06:33:44.713+0000][151028][gc,age      ] GC(594) - age   8:      41456 bytes,   26429024 total
[2022-12-13T06:33:44.713+0000][151028][gc,age      ] GC(594) - age   9:       7136 bytes,   26436160 total
[2022-12-13T06:33:44.713+0000][151028][gc,age      ] GC(594) - age  10:      18864 bytes,   26455024 total
[2022-12-13T06:33:44.713+0000][151028][gc,age      ] GC(594) - age  11:      44560 bytes,   26499584 total
[2022-12-13T06:33:44.713+0000][151028][gc,age      ] GC(594) - age  12:      16104 bytes,   26515688 total
[2022-12-13T06:33:44.713+0000][151028][gc,age      ] GC(594) - age  13:     135504 bytes,   26651192 total
[2022-12-13T06:33:44.713+0000][151028][gc,age      ] GC(594) - age  14:       4368 bytes,   26655560 total
[2022-12-13T06:33:44.713+0000][151028][gc,age      ] GC(594) - age  15:      21336 bytes,   26676896 total
[2022-12-13T06:33:44.713+0000][151028][gc,heap     ] GC(594) Eden regions: 147->0(1190)
[2022-12-13T06:33:44.713+0000][151028][gc,heap     ] GC(594) Survivor regions: 7->8(150)
[2022-12-13T06:33:44.713+0000][151028][gc,heap     ] GC(594) Old regions: 116->116
[2022-12-13T06:33:44.713+0000][151028][gc,heap     ] GC(594) Archive regions: 2->2
[2022-12-13T06:33:44.713+0000][151028][gc,heap     ] GC(594) Humongous regions: 472->6
[2022-12-13T06:33:44.713+0000][151028][gc,metaspace] GC(594) Metaspace: 176922K(181504K)->176922K(181504K) NonClass: 155245K(157760K)->155245K(157760K) Class: 21677K(23744K)->21677K(23744K)
[2022-12-13T06:33:44.713+0000][151028][gc          ] GC(594) Pause Young (Concurrent Start) (G1 Humongous Allocation) 2967M->518M(7992M) 17.769ms
[2022-12-13T06:33:44.713+0000][151028][gc,cpu      ] GC(594) User=0.10s Sys=0.00s Real=0.02s
[2022-12-13T06:33:44.713+0000][151028][safepoint   ] Safepoint "G1TryInitiateConcMark", Time since last: 1693834000 ns, Reaching safepoint: 199600 ns, At safepoint: 17957200 ns, Total: 18156800 ns
[2022-12-13T06:33:44.713+0000][151028][gc          ] GC(595) Concurrent Undo Cycle
[2022-12-13T06:33:44.713+0000][151028][gc,marking  ] GC(595) Concurrent Cleanup for Next Mark
[2022-12-13T06:33:44.714+0000][151028][gc,marking  ] GC(595) Concurrent Cleanup for Next Mark 0.981ms
[2022-12-13T06:33:44.714+0000][151028][gc          ] GC(595) Concurrent Undo Cycle 1.107ms
[2022-12-13T06:33:46.186+0000][151028][gc,start    ] GC(596) Pause Young (Concurrent Start) (G1 Humongous Allocation)
[2022-12-13T06:33:46.186+0000][151028][gc,task     ] GC(596) Using 10 workers of 10 for evacuation
[2022-12-13T06:33:46.187+0000][151028][gc,age      ] GC(596) Desired survivor size 314572800 bytes, new threshold 15 (max threshold 15)
[2022-12-13T06:33:46.207+0000][151028][gc,phases   ] GC(596)   Pre Evacuate Collection Set: 0.9ms
[2022-12-13T06:33:46.207+0000][151028][gc,phases   ] GC(596)   Merge Heap Roots: 0.2ms
[2022-12-13T06:33:46.207+0000][151028][gc,phases   ] GC(596)   Evacuate Collection Set: 4.2ms
[2022-12-13T06:33:46.207+0000][151028][gc,phases   ] GC(596)   Post Evacuate Collection Set: 14.9ms
[2022-12-13T06:33:46.207+0000][151028][gc,phases   ] GC(596)   Other: 0.2ms
[2022-12-13T06:33:46.207+0000][151028][gc,age      ] GC(596) Age table with threshold 15 (max threshold 15)
[2022-12-13T06:33:46.207+0000][151028][gc,age      ] GC(596) - age   1:   41801360 bytes,   41801360 total
[2022-12-13T06:33:46.207+0000][151028][gc,age      ] GC(596) - age   2:     307376 bytes,   42108736 total
[2022-12-13T06:33:46.207+0000][151028][gc,age      ] GC(596) - age   3:     204496 bytes,   42313232 total
[2022-12-13T06:33:46.207+0000][151028][gc,age      ] GC(596) - age   4:     108928 bytes,   42422160 total
[2022-12-13T06:33:46.207+0000][151028][gc,age      ] GC(596) - age   5:      58288 bytes,   42480448 total
[2022-12-13T06:33:46.207+0000][151028][gc,age      ] GC(596) - age   6:     100664 bytes,   42581112 total
[2022-12-13T06:33:46.207+0000][151028][gc,age      ] GC(596) - age   7:      94800 bytes,   42675912 total
[2022-12-13T06:33:46.207+0000][151028][gc,age      ] GC(596) - age   8:     151832 bytes,   42827744 total
[2022-12-13T06:33:46.207+0000][151028][gc,age      ] GC(596) - age   9:      41360 bytes,   42869104 total
[2022-12-13T06:33:46.207+0000][151028][gc,age      ] GC(596) - age  10:       7056 bytes,   42876160 total
[2022-12-13T06:33:46.207+0000][151028][gc,age      ] GC(596) - age  11:      18864 bytes,   42895024 total
[2022-12-13T06:33:46.207+0000][151028][gc,age      ] GC(596) - age  12:      43976 bytes,   42939000 total
[2022-12-13T06:33:46.207+0000][151028][gc,age      ] GC(596) - age  13:      16104 bytes,   42955104 total
[2022-12-13T06:33:46.207+0000][151028][gc,age      ] GC(596) - age  14:     135464 bytes,   43090568 total
[2022-12-13T06:33:46.207+0000][151028][gc,age      ] GC(596) - age  15:       4368 bytes,   43094936 total
[2022-12-13T06:33:46.207+0000][151028][gc,heap     ] GC(596) Eden regions: 172->0(1187)
[2022-12-13T06:33:46.207+0000][151028][gc,heap     ] GC(596) Survivor regions: 8->11(150)
[2022-12-13T06:33:46.207+0000][151028][gc,heap     ] GC(596) Old regions: 116->116
[2022-12-13T06:33:46.207+0000][151028][gc,heap     ] GC(596) Archive regions: 2->2
[2022-12-13T06:33:46.207+0000][151028][gc,heap     ] GC(596) Humongous regions: 481->6
[2022-12-13T06:33:46.207+0000][151028][gc,metaspace] GC(596) Metaspace: 176931K(181504K)->176931K(181504K) NonClass: 155253K(157760K)->155253K(157760K) Class: 21677K(23744K)->21677K(23744K)
[2022-12-13T06:33:46.207+0000][151028][gc          ] GC(596) Pause Young (Concurrent Start) (G1 Humongous Allocation) 3106M->534M(7992M) 20.851ms
[2022-12-13T06:33:46.207+0000][151028][gc          ] GC(597) Concurrent Undo Cycle
[2022-12-13T06:33:46.207+0000][151028][gc,cpu      ] GC(596) User=0.16s Sys=0.00s Real=0.02s
[2022-12-13T06:33:46.207+0000][151028][gc,marking  ] GC(597) Concurrent Cleanup for Next Mark
[2022-12-13T06:33:46.207+0000][151028][safepoint   ] Safepoint "G1TryInitiateConcMark", Time since last: 1472986100 ns, Reaching safepoint: 261300 ns, At safepoint: 21133700 ns, Total: 21395000 ns
[2022-12-13T06:33:46.209+0000][151028][gc,marking  ] GC(597) Concurrent Cleanup for Next Mark 1.431ms
[2022-12-13T06:33:46.209+0000][151028][gc          ] GC(597) Concurrent Undo Cycle 1.556ms
[2022-12-13T06:33:47.208+0000][151028][safepoint   ] Safepoint "Cleanup", Time since last: 1000119900 ns, Reaching safepoint: 309200 ns, At safepoint: 45700 ns, Total: 354900 ns
[2022-12-13T06:33:47.312+0000][151028][gc,start    ] GC(598) Pause Young (Concurrent Start) (G1 Humongous Allocation)
[2022-12-13T06:33:47.312+0000][151028][gc,task     ] GC(598) Using 10 workers of 10 for evacuation
[2022-12-13T06:33:47.312+0000][151028][gc,age      ] GC(598) Desired survivor size 314572800 bytes, new threshold 15 (max threshold 15)
[2022-12-13T06:33:47.339+0000][151028][gc,phases   ] GC(598)   Pre Evacuate Collection Set: 0.9ms
[2022-12-13T06:33:47.339+0000][151028][gc,phases   ] GC(598)   Merge Heap Roots: 0.2ms
[2022-12-13T06:33:47.339+0000][151028][gc,phases   ] GC(598)   Evacuate Collection Set: 4.7ms
[2022-12-13T06:33:47.339+0000][151028][gc,phases   ] GC(598)   Post Evacuate Collection Set: 21.4ms
[2022-12-13T06:33:47.339+0000][151028][gc,phases   ] GC(598)   Other: 0.2ms
[2022-12-13T06:33:47.339+0000][151028][gc,age      ] GC(598) Age table with threshold 15 (max threshold 15)
[2022-12-13T06:33:47.339+0000][151028][gc,age      ] GC(598) - age   1:   43045672 bytes,   43045672 total
[2022-12-13T06:33:47.339+0000][151028][gc,age      ] GC(598) - age   2:    3243376 bytes,   46289048 total
[2022-12-13T06:33:47.339+0000][151028][gc,age      ] GC(598) - age   3:     206408 bytes,   46495456 total
[2022-12-13T06:33:47.339+0000][151028][gc,age      ] GC(598) - age   4:     192216 bytes,   46687672 total
[2022-12-13T06:33:47.339+0000][151028][gc,age      ] GC(598) - age   5:     107256 bytes,   46794928 total
[2022-12-13T06:33:47.339+0000][151028][gc,age      ] GC(598) - age   6:      41848 bytes,   46836776 total
[2022-12-13T06:33:47.339+0000][151028][gc,age      ] GC(598) - age   7:      67584 bytes,   46904360 total
[2022-12-13T06:33:47.339+0000][151028][gc,age      ] GC(598) - age   8:      94720 bytes,   46999080 total
[2022-12-13T06:33:47.339+0000][151028][gc,age      ] GC(598) - age   9:     135432 bytes,   47134512 total
[2022-12-13T06:33:47.339+0000][151028][gc,age      ] GC(598) - age  10:      41104 bytes,   47175616 total
[2022-12-13T06:33:47.339+0000][151028][gc,age      ] GC(598) - age  11:       7056 bytes,   47182672 total
[2022-12-13T06:33:47.339+0000][151028][gc,age      ] GC(598) - age  12:      18864 bytes,   47201536 total
[2022-12-13T06:33:47.339+0000][151028][gc,age      ] GC(598) - age  13:      43976 bytes,   47245512 total
[2022-12-13T06:33:47.339+0000][151028][gc,age      ] GC(598) - age  14:      16064 bytes,   47261576 total
[2022-12-13T06:33:47.339+0000][151028][gc,age      ] GC(598) - age  15:     135464 bytes,   47397040 total
[2022-12-13T06:33:47.340+0000][151028][gc,heap     ] GC(598) Eden regions: 163->0(1186)
[2022-12-13T06:33:47.340+0000][151028][gc,heap     ] GC(598) Survivor regions: 11->12(150)
[2022-12-13T06:33:47.340+0000][151028][gc,heap     ] GC(598) Old regions: 116->116
[2022-12-13T06:33:47.340+0000][151028][gc,heap     ] GC(598) Archive regions: 2->2
[2022-12-13T06:33:47.340+0000][151028][gc,heap     ] GC(598) Humongous regions: 473->39
[2022-12-13T06:33:47.340+0000][151028][gc,metaspace] GC(598) Metaspace: 176936K(181504K)->176936K(181504K) NonClass: 155259K(157760K)->155259K(157760K) Class: 21677K(23744K)->21677K(23744K)
[2022-12-13T06:33:47.340+0000][151028][gc          ] GC(598) Pause Young (Concurrent Start) (G1 Humongous Allocation) 3050M->670M(7992M) 27.990ms
[2022-12-13T06:33:47.340+0000][151028][gc          ] GC(599) Concurrent Undo Cycle
[2022-12-13T06:33:47.340+0000][151028][gc,cpu      ] GC(598) User=0.25s Sys=0.01s Real=0.03s
[2022-12-13T06:33:47.340+0000][151028][gc,marking  ] GC(599) Concurrent Cleanup for Next Mark
[2022-12-13T06:33:47.340+0000][151028][safepoint   ] Safepoint "G1TryInitiateConcMark", Time since last: 92582900 ns, Reaching safepoint: 11028000 ns, At safepoint: 28328800 ns, Total: 39356800 ns
[2022-12-13T06:33:47.345+0000][151028][gc,marking  ] GC(599) Concurrent Cleanup for Next Mark 5.044ms
[2022-12-13T06:33:47.345+0000][151028][gc          ] GC(599) Concurrent Undo Cycle 5.257ms
[2022-12-13T06:33:48.340+0000][151028][safepoint   ] Safepoint "Cleanup", Time since last: 1000145600 ns, Reaching safepoint: 195400 ns, At safepoint: 25000 ns, Total: 220400 ns
[2022-12-13T06:33:48.461+0000][151028][gc,start    ] GC(600) Pause Young (Concurrent Start) (G1 Humongous Allocation)
[2022-12-13T06:33:48.461+0000][151028][gc,task     ] GC(600) Using 10 workers of 10 for evacuation
[2022-12-13T06:33:48.461+0000][151028][gc,age      ] GC(600) Desired survivor size 314572800 bytes, new threshold 15 (max threshold 15)
[2022-12-13T06:33:48.477+0000][151028][gc,phases   ] GC(600)   Pre Evacuate Collection Set: 0.9ms
[2022-12-13T06:33:48.477+0000][151028][gc,phases   ] GC(600)   Merge Heap Roots: 0.2ms
[2022-12-13T06:33:48.477+0000][151028][gc,phases   ] GC(600)   Evacuate Collection Set: 4.6ms
[2022-12-13T06:33:48.477+0000][151028][gc,phases   ] GC(600)   Post Evacuate Collection Set: 9.2ms
[2022-12-13T06:33:48.477+0000][151028][gc,phases   ] GC(600)   Other: 0.2ms
[2022-12-13T06:33:48.477+0000][151028][gc,age      ] GC(600) Age table with threshold 15 (max threshold 15)
[2022-12-13T06:33:48.477+0000][151028][gc,age      ] GC(600) - age   1:   22444024 bytes,   22444024 total
[2022-12-13T06:33:48.477+0000][151028][gc,age      ] GC(600) - age   2:     246232 bytes,   22690256 total
[2022-12-13T06:33:48.477+0000][151028][gc,age      ] GC(600) - age   3:     164888 bytes,   22855144 total
[2022-12-13T06:33:48.477+0000][151028][gc,age      ] GC(600) - age   4:      99576 bytes,   22954720 total
[2022-12-13T06:33:48.477+0000][151028][gc,age      ] GC(600) - age   5:     188216 bytes,   23142936 total
[2022-12-13T06:33:48.477+0000][151028][gc,age      ] GC(600) - age   6:     106736 bytes,   23249672 total
[2022-12-13T06:33:48.477+0000][151028][gc,age      ] GC(600) - age   7:      41848 bytes,   23291520 total
[2022-12-13T06:33:48.477+0000][151028][gc,age      ] GC(600) - age   8:      67080 bytes,   23358600 total
[2022-12-13T06:33:48.477+0000][151028][gc,age      ] GC(600) - age   9:      94464 bytes,   23453064 total
[2022-12-13T06:33:48.477+0000][151028][gc,age      ] GC(600) - age  10:     135432 bytes,   23588496 total
[2022-12-13T06:33:48.477+0000][151028][gc,age      ] GC(600) - age  11:      41064 bytes,   23629560 total
[2022-12-13T06:33:48.477+0000][151028][gc,age      ] GC(600) - age  12:       7056 bytes,   23636616 total
[2022-12-13T06:33:48.477+0000][151028][gc,age      ] GC(600) - age  13:      18864 bytes,   23655480 total
[2022-12-13T06:33:48.477+0000][151028][gc,age      ] GC(600) - age  14:      42088 bytes,   23697568 total
[2022-12-13T06:33:48.477+0000][151028][gc,age      ] GC(600) - age  15:      16064 bytes,   23713632 total
[2022-12-13T06:33:48.477+0000][151028][gc,heap     ] GC(600) Eden regions: 117->0(1191)
[2022-12-13T06:33:48.477+0000][151028][gc,heap     ] GC(600) Survivor regions: 12->7(150)
[2022-12-13T06:33:48.477+0000][151028][gc,heap     ] GC(600) Old regions: 116->116
[2022-12-13T06:33:48.477+0000][151028][gc,heap     ] GC(600) Archive regions: 2->2
[2022-12-13T06:33:48.477+0000][151028][gc,heap     ] GC(600) Humongous regions: 452->6
[2022-12-13T06:33:48.477+0000][151028][gc,metaspace] GC(600) Metaspace: 176969K(181504K)->176969K(181504K) NonClass: 155287K(157760K)->155287K(157760K) Class: 21682K(23744K)->21682K(23744K)
[2022-12-13T06:33:48.477+0000][151028][gc          ] GC(600) Pause Young (Concurrent Start) (G1 Humongous Allocation) 2788M->518M(7992M) 15.610ms
[2022-12-13T06:33:48.477+0000][151028][gc          ] GC(601) Concurrent Undo Cycle
[2022-12-13T06:33:48.477+0000][151028][gc,cpu      ] GC(600) User=0.08s Sys=0.02s Real=0.01s
[2022-12-13T06:33:48.477+0000][151028][gc,marking  ] GC(601) Concurrent Cleanup for Next Mark
[2022-12-13T06:33:48.477+0000][151028][safepoint   ] Safepoint "G1TryInitiateConcMark", Time since last: 120751300 ns, Reaching safepoint: 328100 ns, At safepoint: 15863200 ns, Total: 16191300 ns
[2022-12-13T06:33:48.478+0000][151028][gc,marking  ] GC(601) Concurrent Cleanup for Next Mark 0.741ms
[2022-12-13T06:33:48.478+0000][151028][gc          ] GC(601) Concurrent Undo Cycle 0.856ms
[2022-12-13T06:33:49.478+0000][151028][safepoint   ] Safepoint "Cleanup", Time since last: 1000149400 ns, Reaching safepoint: 273100 ns, At safepoint: 17700 ns, Total: 290800 ns
[2022-12-13T06:33:49.828+0000][151028][gc,start    ] GC(602) Pause Young (Concurrent Start) (G1 Humongous Allocation)
[2022-12-13T06:33:49.828+0000][151028][gc,task     ] GC(602) Using 10 workers of 10 for evacuation
[2022-12-13T06:33:49.828+0000][151028][gc,age      ] GC(602) Desired survivor size 314572800 bytes, new threshold 15 (max threshold 15)
[2022-12-13T06:33:49.838+0000][151028][gc,phases   ] GC(602)   Pre Evacuate Collection Set: 0.8ms
[2022-12-13T06:33:49.838+0000][151028][gc,phases   ] GC(602)   Merge Heap Roots: 0.3ms
[2022-12-13T06:33:49.838+0000][151028][gc,phases   ] GC(602)   Evacuate Collection Set: 4.8ms
[2022-12-13T06:33:49.838+0000][151028][gc,phases   ] GC(602)   Post Evacuate Collection Set: 3.9ms
[2022-12-13T06:33:49.838+0000][151028][gc,phases   ] GC(602)   Other: 0.2ms
[2022-12-13T06:33:49.838+0000][151028][gc,age      ] GC(602) Age table with threshold 15 (max threshold 15)
[2022-12-13T06:33:49.838+0000][151028][gc,age      ] GC(602) - age   1:   11516576 bytes,   11516576 total
[2022-12-13T06:33:49.838+0000][151028][gc,age      ] GC(602) - age   2:     120952 bytes,   11637528 total
[2022-12-13T06:33:49.838+0000][151028][gc,age      ] GC(602) - age   3:     236896 bytes,   11874424 total
[2022-12-13T06:33:49.838+0000][151028][gc,age      ] GC(602) - age   4:     137008 bytes,   12011432 total
[2022-12-13T06:33:49.838+0000][151028][gc,age      ] GC(602) - age   5:      97384 bytes,   12108816 total
[2022-12-13T06:33:49.838+0000][151028][gc,age      ] GC(602) - age   6:     188152 bytes,   12296968 total
[2022-12-13T06:33:49.838+0000][151028][gc,age      ] GC(602) - age   7:     105696 bytes,   12402664 total
[2022-12-13T06:33:49.839+0000][151028][gc,age      ] GC(602) - age   8:      41808 bytes,   12444472 total
[2022-12-13T06:33:49.839+0000][151028][gc,age      ] GC(602) - age   9:      66520 bytes,   12510992 total
[2022-12-13T06:33:49.839+0000][151028][gc,age      ] GC(602) - age  10:      94464 bytes,   12605456 total
[2022-12-13T06:33:49.839+0000][151028][gc,age      ] GC(602) - age  11:     135432 bytes,   12740888 total
[2022-12-13T06:33:49.839+0000][151028][gc,age      ] GC(602) - age  12:      40984 bytes,   12781872 total
[2022-12-13T06:33:49.839+0000][151028][gc,age      ] GC(602) - age  13:       7056 bytes,   12788928 total
[2022-12-13T06:33:49.839+0000][151028][gc,age      ] GC(602) - age  14:      18864 bytes,   12807792 total
[2022-12-13T06:33:49.839+0000][151028][gc,age      ] GC(602) - age  15:      42088 bytes,   12849880 total
[2022-12-13T06:33:49.839+0000][151028][gc,heap     ] GC(602) Eden regions: 86->0(1194)
[2022-12-13T06:33:49.839+0000][151028][gc,heap     ] GC(602) Survivor regions: 7->4(150)
[2022-12-13T06:33:49.839+0000][151028][gc,heap     ] GC(602) Old regions: 116->116
[2022-12-13T06:33:49.839+0000][151028][gc,heap     ] GC(602) Archive regions: 2->2
[2022-12-13T06:33:49.839+0000][151028][gc,heap     ] GC(602) Humongous regions: 475->6
[2022-12-13T06:33:49.839+0000][151028][gc,metaspace] GC(602) Metaspace: 176970K(181504K)->176970K(181504K) NonClass: 155287K(157760K)->155287K(157760K) Class: 21682K(23744K)->21682K(23744K)
[2022-12-13T06:33:49.839+0000][151028][gc          ] GC(602) Pause Young (Concurrent Start) (G1 Humongous Allocation) 2738M->505M(7992M) 10.414ms
[2022-12-13T06:33:49.839+0000][151028][gc          ] GC(603) Concurrent Undo Cycle
[2022-12-13T06:33:49.839+0000][151028][gc,cpu      ] GC(602) User=0.06s Sys=0.00s Real=0.02s
[2022-12-13T06:33:49.839+0000][151028][gc,marking  ] GC(603) Concurrent Cleanup for Next Mark
[2022-12-13T06:33:49.839+0000][151028][safepoint   ] Safepoint "G1TryInitiateConcMark", Time since last: 350327800 ns, Reaching safepoint: 284600 ns, At safepoint: 10658300 ns, Total: 10942900 ns
[2022-12-13T06:33:49.840+0000][151028][gc,marking  ] GC(603) Concurrent Cleanup for Next Mark 0.939ms
[2022-12-13T06:33:49.840+0000][151028][gc          ] GC(603) Concurrent Undo Cycle 1.077ms
[2022-12-13T06:33:50.773+0000][151028][gc,start    ] GC(604) Pause Young (Concurrent Start) (G1 Humongous Allocation)
[2022-12-13T06:33:50.774+0000][151028][gc,task     ] GC(604) Using 10 workers of 10 for evacuation
[2022-12-13T06:33:50.774+0000][151028][gc,age      ] GC(604) Desired survivor size 314572800 bytes, new threshold 15 (max threshold 15)
[2022-12-13T06:33:50.789+0000][151028][gc,phases   ] GC(604)   Pre Evacuate Collection Set: 1.1ms
[2022-12-13T06:33:50.789+0000][151028][gc,phases   ] GC(604)   Merge Heap Roots: 0.3ms
[2022-12-13T06:33:50.789+0000][151028][gc,phases   ] GC(604)   Evacuate Collection Set: 6.2ms
[2022-12-13T06:33:50.789+0000][151028][gc,phases   ] GC(604)   Post Evacuate Collection Set: 7.4ms
[2022-12-13T06:33:50.789+0000][151028][gc,phases   ] GC(604)   Other: 0.2ms
[2022-12-13T06:33:50.789+0000][151028][gc,age      ] GC(604) Age table with threshold 15 (max threshold 15)
[2022-12-13T06:33:50.789+0000][151028][gc,age      ] GC(604) - age   1:   20784576 bytes,   20784576 total
[2022-12-13T06:33:50.789+0000][151028][gc,age      ] GC(604) - age   2:     364224 bytes,   21148800 total
[2022-12-13T06:33:50.789+0000][151028][gc,age      ] GC(604) - age   3:     107272 bytes,   21256072 total
[2022-12-13T06:33:50.789+0000][151028][gc,age      ] GC(604) - age   4:     231944 bytes,   21488016 total
[2022-12-13T06:33:50.789+0000][151028][gc,age      ] GC(604) - age   5:     115008 bytes,   21603024 total
[2022-12-13T06:33:50.789+0000][151028][gc,age      ] GC(604) - age   6:      89904 bytes,   21692928 total
[2022-12-13T06:33:50.789+0000][151028][gc,age      ] GC(604) - age   7:     188032 bytes,   21880960 total
[2022-12-13T06:33:50.789+0000][151028][gc,age      ] GC(604) - age   8:     105376 bytes,   21986336 total
[2022-12-13T06:33:50.789+0000][151028][gc,age      ] GC(604) - age   9:      41808 bytes,   22028144 total
[2022-12-13T06:33:50.789+0000][151028][gc,age      ] GC(604) - age  10:      65520 bytes,   22093664 total
[2022-12-13T06:33:50.789+0000][151028][gc,age      ] GC(604) - age  11:      94424 bytes,   22188088 total
[2022-12-13T06:33:50.789+0000][151028][gc,age      ] GC(604) - age  12:     135432 bytes,   22323520 total
[2022-12-13T06:33:50.789+0000][151028][gc,age      ] GC(604) - age  13:      40984 bytes,   22364504 total
[2022-12-13T06:33:50.789+0000][151028][gc,age      ] GC(604) - age  14:       7056 bytes,   22371560 total
[2022-12-13T06:33:50.789+0000][151028][gc,age      ] GC(604) - age  15:      18824 bytes,   22390384 total
[2022-12-13T06:33:50.789+0000][151028][gc,heap     ] GC(604) Eden regions: 58->0(1191)
[2022-12-13T06:33:50.789+0000][151028][gc,heap     ] GC(604) Survivor regions: 4->7(150)
[2022-12-13T06:33:50.789+0000][151028][gc,heap     ] GC(604) Old regions: 116->116
[2022-12-13T06:33:50.789+0000][151028][gc,heap     ] GC(604) Archive regions: 2->2
[2022-12-13T06:33:50.789+0000][151028][gc,heap     ] GC(604) Humongous regions: 482->44
[2022-12-13T06:33:50.789+0000][151028][gc,metaspace] GC(604) Metaspace: 176982K(181568K)->176982K(181568K) NonClass: 155299K(157824K)->155299K(157824K) Class: 21683K(23744K)->21683K(23744K)
[2022-12-13T06:33:50.789+0000][151028][gc          ] GC(604) Pause Young (Concurrent Start) (G1 Humongous Allocation) 2639M->669M(7992M) 15.712ms
[2022-12-13T06:33:50.789+0000][151028][gc          ] GC(605) Concurrent Undo Cycle
[2022-12-13T06:33:50.789+0000][151028][gc,cpu      ] GC(604) User=0.10s Sys=0.01s Real=0.01s
[2022-12-13T06:33:50.789+0000][151028][gc,marking  ] GC(605) Concurrent Cleanup for Next Mark
[2022-12-13T06:33:50.789+0000][151028][safepoint   ] Safepoint "G1TryInitiateConcMark", Time since last: 912375400 ns, Reaching safepoint: 22116500 ns, At safepoint: 16029400 ns, Total: 38145900 ns
[2022-12-13T06:33:50.791+0000][151028][gc,marking  ] GC(605) Concurrent Cleanup for Next Mark 1.855ms
[2022-12-13T06:33:50.791+0000][151028][gc          ] GC(605) Concurrent Undo Cycle 2.041ms
[2022-12-13T06:33:51.790+0000][151028][safepoint   ] Safepoint "Cleanup", Time since last: 1000176300 ns, Reaching safepoint: 281500 ns, At safepoint: 27500 ns, Total: 309000 ns
[2022-12-13T06:33:51.939+0000][151028][gc,start    ] GC(606) Pause Young (Concurrent Start) (G1 Humongous Allocation)
[2022-12-13T06:33:51.939+0000][151028][gc,task     ] GC(606) Using 10 workers of 10 for evacuation
[2022-12-13T06:33:51.939+0000][151028][gc,age      ] GC(606) Desired survivor size 314572800 bytes, new threshold 15 (max threshold 15)
[2022-12-13T06:33:51.966+0000][151028][gc,phases   ] GC(606)   Pre Evacuate Collection Set: 1.0ms
[2022-12-13T06:33:51.966+0000][151028][gc,phases   ] GC(606)   Merge Heap Roots: 0.3ms
[2022-12-13T06:33:51.966+0000][151028][gc,phases   ] GC(606)   Evacuate Collection Set: 9.7ms
[2022-12-13T06:33:51.966+0000][151028][gc,phases   ] GC(606)   Post Evacuate Collection Set: 15.3ms
[2022-12-13T06:33:51.966+0000][151028][gc,phases   ] GC(606)   Other: 0.2ms
[2022-12-13T06:33:51.966+0000][151028][gc,age      ] GC(606) Age table with threshold 15 (max threshold 15)
[2022-12-13T06:33:51.966+0000][151028][gc,age      ] GC(606) - age   1:   27107000 bytes,   27107000 total
[2022-12-13T06:33:51.966+0000][151028][gc,age      ] GC(606) - age   2:      31784 bytes,   27138784 total
[2022-12-13T06:33:51.966+0000][151028][gc,age      ] GC(606) - age   3:      58248 bytes,   27197032 total
[2022-12-13T06:33:51.966+0000][151028][gc,age      ] GC(606) - age   4:      90552 bytes,   27287584 total
[2022-12-13T06:33:51.966+0000][151028][gc,age      ] GC(606) - age   5:     229264 bytes,   27516848 total
[2022-12-13T06:33:51.966+0000][151028][gc,age      ] GC(606) - age   6:     107624 bytes,   27624472 total
[2022-12-13T06:33:51.966+0000][151028][gc,age      ] GC(606) - age   7:      89688 bytes,   27714160 total
[2022-12-13T06:33:51.966+0000][151028][gc,age      ] GC(606) - age   8:     187912 bytes,   27902072 total
[2022-12-13T06:33:51.966+0000][151028][gc,age      ] GC(606) - age   9:     102080 bytes,   28004152 total
[2022-12-13T06:33:51.966+0000][151028][gc,age      ] GC(606) - age  10:      41408 bytes,   28045560 total
[2022-12-13T06:33:51.966+0000][151028][gc,age      ] GC(606) - age  11:      65176 bytes,   28110736 total
[2022-12-13T06:33:51.966+0000][151028][gc,age      ] GC(606) - age  12:      94424 bytes,   28205160 total
[2022-12-13T06:33:51.966+0000][151028][gc,age      ] GC(606) - age  13:     135432 bytes,   28340592 total
[2022-12-13T06:33:51.966+0000][151028][gc,age      ] GC(606) - age  14:      40944 bytes,   28381536 total
[2022-12-13T06:33:51.966+0000][151028][gc,age      ] GC(606) - age  15:       7056 bytes,   28388592 total
[2022-12-13T06:33:51.966+0000][151028][gc,heap     ] GC(606) Eden regions: 108->0(1190)
[2022-12-13T06:33:51.966+0000][151028][gc,heap     ] GC(606) Survivor regions: 7->8(150)
[2022-12-13T06:33:51.966+0000][151028][gc,heap     ] GC(606) Old regions: 116->116
[2022-12-13T06:33:51.966+0000][151028][gc,heap     ] GC(606) Archive regions: 2->2
[2022-12-13T06:33:51.966+0000][151028][gc,heap     ] GC(606) Humongous regions: 457->8
[2022-12-13T06:33:51.966+0000][151028][gc,metaspace] GC(606) Metaspace: 176983K(181568K)->176983K(181568K) NonClass: 155300K(157824K)->155300K(157824K) Class: 21683K(23744K)->21683K(23744K)
[2022-12-13T06:33:51.966+0000][151028][gc          ] GC(606) Pause Young (Concurrent Start) (G1 Humongous Allocation) 2751M->526M(7992M) 27.061ms
[2022-12-13T06:33:51.966+0000][151028][gc          ] GC(607) Concurrent Undo Cycle
[2022-12-13T06:33:51.966+0000][151028][gc,cpu      ] GC(606) User=0.11s Sys=0.01s Real=0.02s
[2022-12-13T06:33:51.966+0000][151028][gc,marking  ] GC(607) Concurrent Cleanup for Next Mark
[2022-12-13T06:33:51.966+0000][151028][safepoint   ] Safepoint "G1TryInitiateConcMark", Time since last: 148723100 ns, Reaching safepoint: 235100 ns, At safepoint: 27339400 ns, Total: 27574500 ns
[2022-12-13T06:33:51.967+0000][151028][gc,marking  ] GC(607) Concurrent Cleanup for Next Mark 0.914ms
[2022-12-13T06:33:51.967+0000][151028][gc          ] GC(607) Concurrent Undo Cycle 1.022ms
[2022-12-13T06:33:53.086+0000][151028][safepoint   ] Safepoint "G1TryInitiateConcMark", Time since last: 1118762400 ns, Reaching safepoint: 510600 ns, At safepoint: 60200 ns, Total: 570800 ns
[2022-12-13T06:33:53.086+0000][151028][gc,start    ] GC(608) Pause Young (Concurrent Start) (G1 Humongous Allocation)
[2022-12-13T06:33:53.086+0000][151028][gc,task     ] GC(608) Using 10 workers of 10 for evacuation
[2022-12-13T06:33:53.086+0000][151028][gc,age      ] GC(608) Desired survivor size 314572800 bytes, new threshold 15 (max threshold 15)
[2022-12-13T06:33:53.099+0000][151028][gc,phases   ] GC(608)   Pre Evacuate Collection Set: 0.8ms
[2022-12-13T06:33:53.099+0000][151028][gc,phases   ] GC(608)   Merge Heap Roots: 0.2ms
[2022-12-13T06:33:53.099+0000][151028][gc,phases   ] GC(608)   Evacuate Collection Set: 5.4ms
[2022-12-13T06:33:53.099+0000][151028][gc,phases   ] GC(608)   Post Evacuate Collection Set: 6.7ms
[2022-12-13T06:33:53.099+0000][151028][gc,phases   ] GC(608)   Other: 0.2ms
[2022-12-13T06:33:53.099+0000][151028][gc,age      ] GC(608) Age table with threshold 15 (max threshold 15)
[2022-12-13T06:33:53.099+0000][151028][gc,age      ] GC(608) - age   1:   19005080 bytes,   19005080 total
[2022-12-13T06:33:53.099+0000][151028][gc,age      ] GC(608) - age   2:    8985016 bytes,   27990096 total
[2022-12-13T06:33:53.100+0000][151028][gc,age      ] GC(608) - age   3:      22536 bytes,   28012632 total
[2022-12-13T06:33:53.100+0000][151028][gc,age      ] GC(608) - age   4:      48248 bytes,   28060880 total
[2022-12-13T06:33:53.100+0000][151028][gc,age      ] GC(608) - age   5:      87424 bytes,   28148304 total
[2022-12-13T06:33:53.100+0000][151028][gc,age      ] GC(608) - age   6:     228592 bytes,   28376896 total
[2022-12-13T06:33:53.100+0000][151028][gc,age      ] GC(608) - age   7:     104744 bytes,   28481640 total
[2022-12-13T06:33:53.100+0000][151028][gc,age      ] GC(608) - age   8:      89408 bytes,   28571048 total
[2022-12-13T06:33:53.100+0000][151028][gc,age      ] GC(608) - age   9:     187632 bytes,   28758680 total
[2022-12-13T06:33:53.100+0000][151028][gc,age      ] GC(608) - age  10:      98000 bytes,   28856680 total
[2022-12-13T06:33:53.100+0000][151028][gc,age      ] GC(608) - age  11:      41408 bytes,   28898088 total
[2022-12-13T06:33:53.100+0000][151028][gc,age      ] GC(608) - age  12:      65176 bytes,   28963264 total
[2022-12-13T06:33:53.100+0000][151028][gc,age      ] GC(608) - age  13:      94424 bytes,   29057688 total
[2022-12-13T06:33:53.100+0000][151028][gc,age      ] GC(608) - age  14:     135432 bytes,   29193120 total
[2022-12-13T06:33:53.100+0000][151028][gc,age      ] GC(608) - age  15:      40944 bytes,   29234064 total
[2022-12-13T06:33:53.100+0000][151028][gc,heap     ] GC(608) Eden regions: 79->0(1190)
[2022-12-13T06:33:53.100+0000][151028][gc,heap     ] GC(608) Survivor regions: 8->8(150)
[2022-12-13T06:33:53.100+0000][151028][gc,heap     ] GC(608) Old regions: 116->116
[2022-12-13T06:33:53.100+0000][151028][gc,heap     ] GC(608) Archive regions: 2->2
[2022-12-13T06:33:53.100+0000][151028][gc,heap     ] GC(608) Humongous regions: 474->8
[2022-12-13T06:33:53.100+0000][151028][gc,metaspace] GC(608) Metaspace: 176995K(181568K)->176995K(181568K) NonClass: 155311K(157824K)->155311K(157824K) Class: 21684K(23744K)->21684K(23744K)
[2022-12-13T06:33:53.100+0000][151028][gc          ] GC(608) Pause Young (Concurrent Start) (G1 Humongous Allocation) 2706M->529M(7992M) 13.765ms
[2022-12-13T06:33:53.100+0000][151028][gc          ] GC(609) Concurrent Undo Cycle
[2022-12-13T06:33:53.100+0000][151028][gc,cpu      ] GC(608) User=0.09s Sys=0.01s Real=0.02s
[2022-12-13T06:33:53.100+0000][151028][gc,marking  ] GC(609) Concurrent Cleanup for Next Mark
[2022-12-13T06:33:53.100+0000][151028][safepoint   ] Safepoint "G1TryInitiateConcMark", Time since last: 145500 ns, Reaching safepoint: 255900 ns, At safepoint: 14033400 ns, Total: 14289300 ns
[2022-12-13T06:33:53.101+0000][151028][gc,marking  ] GC(609) Concurrent Cleanup for Next Mark 1.032ms
[2022-12-13T06:33:53.101+0000][151028][gc          ] GC(609) Concurrent Undo Cycle 1.195ms
[2022-12-13T06:33:55.101+0000][151028][safepoint   ] Safepoint "Cleanup", Time since last: 2000536300 ns, Reaching safepoint: 195200 ns, At safepoint: 25200 ns, Total: 220400 ns
[2022-12-13T06:33:55.324+0000][151028][gc,start    ] GC(610) Pause Young (Concurrent Start) (G1 Humongous Allocation)
[2022-12-13T06:33:55.324+0000][151028][gc,task     ] GC(610) Using 10 workers of 10 for evacuation
[2022-12-13T06:33:55.324+0000][151028][gc,age      ] GC(610) Desired survivor size 314572800 bytes, new threshold 15 (max threshold 15)
[2022-12-13T06:33:55.343+0000][151028][gc,phases   ] GC(610)   Pre Evacuate Collection Set: 0.8ms
[2022-12-13T06:33:55.343+0000][151028][gc,phases   ] GC(610)   Merge Heap Roots: 0.2ms
[2022-12-13T06:33:55.343+0000][151028][gc,phases   ] GC(610)   Evacuate Collection Set: 3.8ms
[2022-12-13T06:33:55.343+0000][151028][gc,phases   ] GC(610)   Post Evacuate Collection Set: 14.0ms
[2022-12-13T06:33:55.343+0000][151028][gc,phases   ] GC(610)   Other: 0.2ms
[2022-12-13T06:33:55.343+0000][151028][gc,age      ] GC(610) Age table with threshold 15 (max threshold 15)
[2022-12-13T06:33:55.343+0000][151028][gc,age      ] GC(610) - age   1:   38654992 bytes,   38654992 total
[2022-12-13T06:33:55.343+0000][151028][gc,age      ] GC(610) - age   2:     848736 bytes,   39503728 total
[2022-12-13T06:33:55.343+0000][151028][gc,age      ] GC(610) - age   3:      60088 bytes,   39563816 total
[2022-12-13T06:33:55.343+0000][151028][gc,age      ] GC(610) - age   4:      14280 bytes,   39578096 total
[2022-12-13T06:33:55.343+0000][151028][gc,age      ] GC(610) - age   5:      45056 bytes,   39623152 total
[2022-12-13T06:33:55.343+0000][151028][gc,age      ] GC(610) - age   6:      83016 bytes,   39706168 total
[2022-12-13T06:33:55.343+0000][151028][gc,age      ] GC(610) - age   7:     178448 bytes,   39884616 total
[2022-12-13T06:33:55.343+0000][151028][gc,age      ] GC(610) - age   8:      97712 bytes,   39982328 total
[2022-12-13T06:33:55.343+0000][151028][gc,age      ] GC(610) - age   9:      88984 bytes,   40071312 total
[2022-12-13T06:33:55.343+0000][151028][gc,age      ] GC(610) - age  10:     187592 bytes,   40258904 total
[2022-12-13T06:33:55.343+0000][151028][gc,age      ] GC(610) - age  11:      97520 bytes,   40356424 total
[2022-12-13T06:33:55.343+0000][151028][gc,age      ] GC(610) - age  12:      41408 bytes,   40397832 total
[2022-12-13T06:33:55.343+0000][151028][gc,age      ] GC(610) - age  13:      65176 bytes,   40463008 total
[2022-12-13T06:33:55.343+0000][151028][gc,age      ] GC(610) - age  14:      94384 bytes,   40557392 total
[2022-12-13T06:33:55.343+0000][151028][gc,age      ] GC(610) - age  15:     135432 bytes,   40692824 total
[2022-12-13T06:33:55.343+0000][151028][gc,heap     ] GC(610) Eden regions: 178->0(1187)
[2022-12-13T06:33:55.343+0000][151028][gc,heap     ] GC(610) Survivor regions: 8->11(150)
[2022-12-13T06:33:55.343+0000][151028][gc,heap     ] GC(610) Old regions: 116->116
[2022-12-13T06:33:55.343+0000][151028][gc,heap     ] GC(610) Archive regions: 2->2
[2022-12-13T06:33:55.343+0000][151028][gc,heap     ] GC(610) Humongous regions: 458->6
[2022-12-13T06:33:55.343+0000][151028][gc,metaspace] GC(610) Metaspace: 176998K(181568K)->176998K(181568K) NonClass: 155313K(157824K)->155313K(157824K) Class: 21684K(23744K)->21684K(23744K)
[2022-12-13T06:33:55.344+0000][151028][gc          ] GC(610) Pause Young (Concurrent Start) (G1 Humongous Allocation) 3039M->531M(7992M) 19.472ms
[2022-12-13T06:33:55.344+0000][151028][gc          ] GC(611) Concurrent Undo Cycle
[2022-12-13T06:33:55.344+0000][151028][gc,cpu      ] GC(610) User=0.13s Sys=0.00s Real=0.02s
[2022-12-13T06:33:55.344+0000][151028][gc,marking  ] GC(611) Concurrent Cleanup for Next Mark
[2022-12-13T06:33:55.344+0000][151028][safepoint   ] Safepoint "G1TryInitiateConcMark", Time since last: 223065400 ns, Reaching safepoint: 180000 ns, At safepoint: 19676500 ns, Total: 19856500 ns
[2022-12-13T06:33:55.344+0000][151028][gc,marking  ] GC(611) Concurrent Cleanup for Next Mark 0.721ms
[2022-12-13T06:33:55.344+0000][151028][gc          ] GC(611) Concurrent Undo Cycle 0.858ms
[2022-12-13T06:33:56.344+0000][151028][safepoint   ] Safepoint "Cleanup", Time since last: 1000133800 ns, Reaching safepoint: 193200 ns, At safepoint: 11200 ns, Total: 204400 ns
[2022-12-13T06:33:56.658+0000][151028][gc,start    ] GC(612) Pause Young (Concurrent Start) (G1 Humongous Allocation)
[2022-12-13T06:33:56.658+0000][151028][gc,task     ] GC(612) Using 10 workers of 10 for evacuation
[2022-12-13T06:33:56.658+0000][151028][gc,age      ] GC(612) Desired survivor size 314572800 bytes, new threshold 15 (max threshold 15)
[2022-12-13T06:33:56.672+0000][151028][gc,phases   ] GC(612)   Pre Evacuate Collection Set: 0.8ms
[2022-12-13T06:33:56.672+0000][151028][gc,phases   ] GC(612)   Merge Heap Roots: 0.3ms
[2022-12-13T06:33:56.672+0000][151028][gc,phases   ] GC(612)   Evacuate Collection Set: 3.4ms
[2022-12-13T06:33:56.672+0000][151028][gc,phases   ] GC(612)   Post Evacuate Collection Set: 9.0ms
[2022-12-13T06:33:56.672+0000][151028][gc,phases   ] GC(612)   Other: 0.2ms
[2022-12-13T06:33:56.672+0000][151028][gc,age      ] GC(612) Age table with threshold 15 (max threshold 15)
[2022-12-13T06:33:56.672+0000][151028][gc,age      ] GC(612) - age   1:   23519304 bytes,   23519304 total
[2022-12-13T06:33:56.672+0000][151028][gc,age      ] GC(612) - age   2:     513968 bytes,   24033272 total
[2022-12-13T06:33:56.672+0000][151028][gc,age      ] GC(612) - age   3:      40232 bytes,   24073504 total
[2022-12-13T06:33:56.672+0000][151028][gc,age      ] GC(612) - age   4:      54328 bytes,   24127832 total
[2022-12-13T06:33:56.672+0000][151028][gc,age      ] GC(612) - age   5:      11160 bytes,   24138992 total
[2022-12-13T06:33:56.672+0000][151028][gc,age      ] GC(612) - age   6:      27856 bytes,   24166848 total
[2022-12-13T06:33:56.672+0000][151028][gc,age      ] GC(612) - age   7:      77312 bytes,   24244160 total
[2022-12-13T06:33:56.672+0000][151028][gc,age      ] GC(612) - age   8:     178448 bytes,   24422608 total
[2022-12-13T06:33:56.672+0000][151028][gc,age      ] GC(612) - age   9:      97592 bytes,   24520200 total
[2022-12-13T06:33:56.672+0000][151028][gc,age      ] GC(612) - age  10:      88984 bytes,   24609184 total
[2022-12-13T06:33:56.672+0000][151028][gc,age      ] GC(612) - age  11:     187592 bytes,   24796776 total
[2022-12-13T06:33:56.672+0000][151028][gc,age      ] GC(612) - age  12:      78040 bytes,   24874816 total
[2022-12-13T06:33:56.672+0000][151028][gc,age      ] GC(612) - age  13:      41368 bytes,   24916184 total
[2022-12-13T06:33:56.672+0000][151028][gc,age      ] GC(612) - age  14:      65176 bytes,   24981360 total
[2022-12-13T06:33:56.672+0000][151028][gc,age      ] GC(612) - age  15:      94360 bytes,   25075720 total
[2022-12-13T06:33:56.672+0000][151028][gc,heap     ] GC(612) Eden regions: 89->0(1191)
[2022-12-13T06:33:56.672+0000][151028][gc,heap     ] GC(612) Survivor regions: 11->7(150)
[2022-12-13T06:33:56.672+0000][151028][gc,heap     ] GC(612) Old regions: 116->116
[2022-12-13T06:33:56.672+0000][151028][gc,heap     ] GC(612) Archive regions: 2->2
[2022-12-13T06:33:56.672+0000][151028][gc,heap     ] GC(612) Humongous regions: 465->8
[2022-12-13T06:33:56.672+0000][151028][gc,metaspace] GC(612) Metaspace: 177001K(181568K)->177001K(181568K) NonClass: 155317K(157824K)->155317K(157824K) Class: 21684K(23744K)->21684K(23744K)
[2022-12-13T06:33:56.672+0000][151028][gc          ] GC(612) Pause Young (Concurrent Start) (G1 Humongous Allocation) 2722M->525M(7992M) 14.120ms
[2022-12-13T06:33:56.672+0000][151028][gc          ] GC(613) Concurrent Undo Cycle
[2022-12-13T06:33:56.672+0000][151028][gc,marking  ] GC(613) Concurrent Cleanup for Next Mark
[2022-12-13T06:33:56.672+0000][151028][gc,cpu      ] GC(612) User=0.08s Sys=0.01s Real=0.01s
[2022-12-13T06:33:56.673+0000][151028][safepoint   ] Safepoint "G1TryInitiateConcMark", Time since last: 313847200 ns, Reaching safepoint: 213000 ns, At safepoint: 14459000 ns, Total: 14672000 ns
[2022-12-13T06:33:56.673+0000][151028][gc,marking  ] GC(613) Concurrent Cleanup for Next Mark 0.847ms
[2022-12-13T06:33:56.673+0000][151028][gc          ] GC(613) Concurrent Undo Cycle 0.986ms
[2022-12-13T06:33:57.673+0000][151028][safepoint   ] Safepoint "Cleanup", Time since last: 1000142200 ns, Reaching safepoint: 279700 ns, At safepoint: 13900 ns, Total: 293600 ns
[2022-12-13T06:33:58.564+0000][151028][safepoint   ] Safepoint "G1TryInitiateConcMark", Time since last: 890397800 ns, Reaching safepoint: 240500 ns, At safepoint: 38600 ns, Total: 279100 ns
[2022-12-13T06:33:58.567+0000][151028][gc,start    ] GC(614) Pause Young (Concurrent Start) (GCLocker Initiated GC)
[2022-12-13T06:33:58.567+0000][151028][gc,task     ] GC(614) Using 10 workers of 10 for evacuation
[2022-12-13T06:33:58.567+0000][151028][gc,age      ] GC(614) Desired survivor size 314572800 bytes, new threshold 15 (max threshold 15)
[2022-12-13T06:33:58.586+0000][151028][gc,phases   ] GC(614)   Pre Evacuate Collection Set: 1.0ms
[2022-12-13T06:33:58.586+0000][151028][gc,phases   ] GC(614)   Merge Heap Roots: 0.3ms
[2022-12-13T06:33:58.586+0000][151028][gc,phases   ] GC(614)   Evacuate Collection Set: 8.2ms
[2022-12-13T06:33:58.586+0000][151028][gc,phases   ] GC(614)   Post Evacuate Collection Set: 9.4ms
[2022-12-13T06:33:58.586+0000][151028][gc,phases   ] GC(614)   Other: 0.1ms
[2022-12-13T06:33:58.586+0000][151028][gc,age      ] GC(614) Age table with threshold 15 (max threshold 15)
[2022-12-13T06:33:58.586+0000][151028][gc,age      ] GC(614) - age   1:   29395928 bytes,   29395928 total
[2022-12-13T06:33:58.586+0000][151028][gc,age      ] GC(614) - age   2:     120896 bytes,   29516824 total
[2022-12-13T06:33:58.586+0000][151028][gc,age      ] GC(614) - age   3:     285640 bytes,   29802464 total
[2022-12-13T06:33:58.586+0000][151028][gc,age      ] GC(614) - age   4:      21032 bytes,   29823496 total
[2022-12-13T06:33:58.586+0000][151028][gc,age      ] GC(614) - age   5:      28784 bytes,   29852280 total
[2022-12-13T06:33:58.586+0000][151028][gc,age      ] GC(614) - age   6:       9576 bytes,   29861856 total
[2022-12-13T06:33:58.586+0000][151028][gc,age      ] GC(614) - age   7:      11416 bytes,   29873272 total
[2022-12-13T06:33:58.586+0000][151028][gc,age      ] GC(614) - age   8:      60432 bytes,   29933704 total
[2022-12-13T06:33:58.586+0000][151028][gc,age      ] GC(614) - age   9:     178248 bytes,   30111952 total
[2022-12-13T06:33:58.586+0000][151028][gc,age      ] GC(614) - age  10:      93952 bytes,   30205904 total
[2022-12-13T06:33:58.586+0000][151028][gc,age      ] GC(614) - age  11:      72208 bytes,   30278112 total
[2022-12-13T06:33:58.586+0000][151028][gc,age      ] GC(614) - age  12:     170952 bytes,   30449064 total
[2022-12-13T06:33:58.586+0000][151028][gc,age      ] GC(614) - age  13:      76400 bytes,   30525464 total
[2022-12-13T06:33:58.586+0000][151028][gc,age      ] GC(614) - age  14:      41368 bytes,   30566832 total
[2022-12-13T06:33:58.586+0000][151028][gc,age      ] GC(614) - age  15:      65176 bytes,   30632008 total
[2022-12-13T06:33:58.586+0000][151028][gc,heap     ] GC(614) Eden regions: 104->0(1190)
[2022-12-13T06:33:58.586+0000][151028][gc,heap     ] GC(614) Survivor regions: 7->8(150)
[2022-12-13T06:33:58.586+0000][151028][gc,heap     ] GC(614) Old regions: 116->116
[2022-12-13T06:33:58.586+0000][151028][gc,heap     ] GC(614) Archive regions: 2->2
[2022-12-13T06:33:58.586+0000][151028][gc,heap     ] GC(614) Humongous regions: 450->6
[2022-12-13T06:33:58.586+0000][151028][gc,metaspace] GC(614) Metaspace: 177017K(181568K)->177017K(181568K) NonClass: 155333K(157824K)->155333K(157824K) Class: 21684K(23744K)->21684K(23744K)
[2022-12-13T06:33:58.586+0000][151028][gc          ] GC(614) Pause Young (Concurrent Start) (GCLocker Initiated GC) 2707M->522M(7992M) 19.538ms
[2022-12-13T06:33:58.586+0000][151028][gc          ] GC(615) Concurrent Mark Cycle
[2022-12-13T06:33:58.587+0000][151028][gc,marking  ] GC(615) Concurrent Clear Claimed Marks
[2022-12-13T06:33:58.587+0000][151028][gc,cpu      ] GC(614) User=0.12s Sys=0.01s Real=0.02s
[2022-12-13T06:33:58.587+0000][151028][safepoint   ] Safepoint "G1CollectForAllocation", Time since last: 125800 ns, Reaching safepoint: 3063900 ns, At safepoint: 19834900 ns, Total: 22898800 ns
[2022-12-13T06:33:58.587+0000][151028][gc,marking  ] GC(615) Concurrent Clear Claimed Marks 0.383ms
[2022-12-13T06:33:58.587+0000][151028][gc,marking  ] GC(615) Concurrent Scan Root Regions
[2022-12-13T06:33:58.591+0000][151028][gc,marking  ] GC(615) Concurrent Scan Root Regions 4.471ms
[2022-12-13T06:33:58.592+0000][151028][gc,marking  ] GC(615) Concurrent Mark
[2022-12-13T06:33:58.592+0000][151028][gc,marking  ] GC(615) Concurrent Mark From Roots
[2022-12-13T06:33:58.592+0000][151028][gc,task     ] GC(615) Using 3 workers of 3 for marking
[2022-12-13T06:33:58.945+0000][151028][gc,marking  ] GC(615) Concurrent Mark From Roots 353.466ms
[2022-12-13T06:33:58.945+0000][151028][gc,marking  ] GC(615) Concurrent Preclean
[2022-12-13T06:33:58.946+0000][151028][gc,marking  ] GC(615) Concurrent Preclean 0.629ms
[2022-12-13T06:33:58.946+0000][151028][gc,start    ] GC(615) Pause Remark
[2022-12-13T06:33:58.958+0000][151028][gc          ] GC(615) Pause Remark 1244M->1228M(7992M) 11.761ms
[2022-12-13T06:33:58.958+0000][151028][gc,cpu      ] GC(615) User=0.10s Sys=0.00s Real=0.02s
[2022-12-13T06:33:58.958+0000][151028][safepoint   ] Safepoint "G1PauseRemark", Time since last: 359109500 ns, Reaching safepoint: 390400 ns, At safepoint: 12021100 ns, Total: 12411500 ns
[2022-12-13T06:33:58.958+0000][151028][gc,marking  ] GC(615) Concurrent Mark 366.752ms
[2022-12-13T06:33:58.958+0000][151028][gc,marking  ] GC(615) Concurrent Rebuild Remembered Sets
[2022-12-13T06:33:59.139+0000][151028][gc,marking  ] GC(615) Concurrent Rebuild Remembered Sets 180.789ms
[2022-12-13T06:33:59.140+0000][151028][gc,start    ] GC(615) Pause Cleanup
[2022-12-13T06:33:59.140+0000][151028][gc          ] GC(615) Pause Cleanup 1542M->1542M(7992M) 0.651ms
[2022-12-13T06:33:59.140+0000][151028][gc,cpu      ] GC(615) User=0.01s Sys=0.00s Real=0.00s
[2022-12-13T06:33:59.140+0000][151028][safepoint   ] Safepoint "G1PauseCleanup", Time since last: 181047200 ns, Reaching safepoint: 276100 ns, At safepoint: 789900 ns, Total: 1066000 ns
[2022-12-13T06:33:59.140+0000][151028][gc,marking  ] GC(615) Concurrent Cleanup for Next Mark
[2022-12-13T06:33:59.162+0000][151028][gc,marking  ] GC(615) Concurrent Cleanup for Next Mark 21.944ms
[2022-12-13T06:33:59.162+0000][151028][gc          ] GC(615) Concurrent Mark Cycle 575.910ms
[2022-12-13T06:34:00.141+0000][151028][safepoint   ] Safepoint "Cleanup", Time since last: 1000134500 ns, Reaching safepoint: 278000 ns, At safepoint: 42400 ns, Total: 320400 ns
[2022-12-13T06:34:01.602+0000][151028][safepoint   ] Safepoint "Cleanup", Time since last: 1451653900 ns, Reaching safepoint: 9091600 ns, At safepoint: 50700 ns, Total: 9142300 ns
[2022-12-13T06:34:01.830+0000][151028][gc,start    ] GC(616) Pause Young (Prepare Mixed) (G1 Preventive Collection)
[2022-12-13T06:34:01.830+0000][151028][gc,task     ] GC(616) Using 10 workers of 10 for evacuation
[2022-12-13T06:34:01.830+0000][151028][gc,age      ] GC(616) Desired survivor size 314572800 bytes, new threshold 15 (max threshold 15)
[2022-12-13T06:34:01.872+0000][151028][gc,phases   ] GC(616)   Pre Evacuate Collection Set: 0.4ms
[2022-12-13T06:34:01.872+0000][151028][gc,phases   ] GC(616)   Merge Heap Roots: 0.3ms
[2022-12-13T06:34:01.872+0000][151028][gc,phases   ] GC(616)   Evacuate Collection Set: 5.8ms
[2022-12-13T06:34:01.872+0000][151028][gc,phases   ] GC(616)   Post Evacuate Collection Set: 35.1ms
[2022-12-13T06:34:01.872+0000][151028][gc,phases   ] GC(616)   Other: 0.2ms
[2022-12-13T06:34:01.872+0000][151028][gc,age      ] GC(616) Age table with threshold 15 (max threshold 15)
[2022-12-13T06:34:01.872+0000][151028][gc,age      ] GC(616) - age   1:   56636384 bytes,   56636384 total
[2022-12-13T06:34:01.872+0000][151028][gc,age      ] GC(616) - age   2:    2846056 bytes,   59482440 total
[2022-12-13T06:34:01.872+0000][151028][gc,age      ] GC(616) - age   3:      31808 bytes,   59514248 total
[2022-12-13T06:34:01.872+0000][151028][gc,age      ] GC(616) - age   4:     202632 bytes,   59716880 total
[2022-12-13T06:34:01.872+0000][151028][gc,age      ] GC(616) - age   5:      16192 bytes,   59733072 total
[2022-12-13T06:34:01.872+0000][151028][gc,age      ] GC(616) - age   6:      26424 bytes,   59759496 total
[2022-12-13T06:34:01.872+0000][151028][gc,age      ] GC(616) - age   7:       4416 bytes,   59763912 total
[2022-12-13T06:34:01.872+0000][151028][gc,age      ] GC(616) - age   8:      10536 bytes,   59774448 total
[2022-12-13T06:34:01.872+0000][151028][gc,age      ] GC(616) - age   9:      59976 bytes,   59834424 total
[2022-12-13T06:34:01.872+0000][151028][gc,age      ] GC(616) - age  10:     176944 bytes,   60011368 total
[2022-12-13T06:34:01.873+0000][151028][gc,age      ] GC(616) - age  11:      87712 bytes,   60099080 total
[2022-12-13T06:34:01.873+0000][151028][gc,age      ] GC(616) - age  12:      71728 bytes,   60170808 total
[2022-12-13T06:34:01.873+0000][151028][gc,age      ] GC(616) - age  13:     154352 bytes,   60325160 total
[2022-12-13T06:34:01.873+0000][151028][gc,age      ] GC(616) - age  14:      73560 bytes,   60398720 total
[2022-12-13T06:34:01.873+0000][151028][gc,age      ] GC(616) - age  15:      41312 bytes,   60440032 total
[2022-12-13T06:34:01.873+0000][151028][gc,heap     ] GC(616) Eden regions: 291->0(84)
[2022-12-13T06:34:01.873+0000][151028][gc,heap     ] GC(616) Survivor regions: 8->15(15)
[2022-12-13T06:34:01.873+0000][151028][gc,heap     ] GC(616) Old regions: 116->270
[2022-12-13T06:34:01.873+0000][151028][gc,heap     ] GC(616) Archive regions: 2->2
[2022-12-13T06:34:01.873+0000][151028][gc,heap     ] GC(616) Humongous regions: 1566->4
[2022-12-13T06:34:01.873+0000][151028][gc,metaspace] GC(616) Metaspace: 177032K(181568K)->177032K(181568K) NonClass: 155347K(157824K)->155347K(157824K) Class: 21684K(23744K)->21684K(23744K)
[2022-12-13T06:34:01.873+0000][151028][gc          ] GC(616) Pause Young (Prepare Mixed) (G1 Preventive Collection) (Evacuation Failure) 7924M->1159M(7992M) 42.297ms
[2022-12-13T06:34:01.873+0000][151028][gc,cpu      ] GC(616) User=0.34s Sys=0.00s Real=0.04s
[2022-12-13T06:34:01.873+0000][151028][safepoint   ] Safepoint "G1CollectForAllocation", Time since last: 228547600 ns, Reaching safepoint: 257300 ns, At safepoint: 42503300 ns, Total: 42760600 ns
[2022-12-13T06:34:02.628+0000][151028][gc,start    ] GC(617) Pause Young (Mixed) (G1 Evacuation Pause)
[2022-12-13T06:34:02.628+0000][151028][gc,task     ] GC(617) Using 10 workers of 10 for evacuation
[2022-12-13T06:34:02.628+0000][151028][gc,age      ] GC(617) Desired survivor size 27262976 bytes, new threshold 1 (max threshold 15)
[2022-12-13T06:34:02.666+0000][151028][gc,phases   ] GC(617)   Pre Evacuate Collection Set: 0.4ms
[2022-12-13T06:34:02.666+0000][151028][gc,phases   ] GC(617)   Merge Heap Roots: 1.0ms
[2022-12-13T06:34:02.666+0000][151028][gc,phases   ] GC(617)   Evacuate Collection Set: 26.8ms
[2022-12-13T06:34:02.666+0000][151028][gc,phases   ] GC(617)   Post Evacuate Collection Set: 9.6ms
[2022-12-13T06:34:02.666+0000][151028][gc,phases   ] GC(617)   Other: 0.2ms
[2022-12-13T06:34:02.666+0000][151028][gc,age      ] GC(617) Age table with threshold 1 (max threshold 15)
[2022-12-13T06:34:02.666+0000][151028][gc,age      ] GC(617) - age   1:   29042480 bytes,   29042480 total
[2022-12-13T06:34:02.666+0000][151028][gc,heap     ] GC(617) Eden regions: 84->0(1150)
[2022-12-13T06:34:02.666+0000][151028][gc,heap     ] GC(617) Survivor regions: 15->9(13)
[2022-12-13T06:34:02.666+0000][151028][gc,heap     ] GC(617) Old regions: 270->271
[2022-12-13T06:34:02.666+0000][151028][gc,heap     ] GC(617) Archive regions: 2->2
[2022-12-13T06:34:02.667+0000][151028][gc,heap     ] GC(617) Humongous regions: 514->5
[2022-12-13T06:34:02.667+0000][151028][gc,metaspace] GC(617) Metaspace: 177032K(181568K)->177032K(181568K) NonClass: 155347K(157824K)->155347K(157824K) Class: 21684K(23744K)->21684K(23744K)
[2022-12-13T06:34:02.667+0000][151028][gc          ] GC(617) Pause Young (Mixed) (G1 Evacuation Pause) 3535M->1136M(7992M) 38.626ms
[2022-12-13T06:34:02.667+0000][151028][gc,cpu      ] GC(617) User=0.24s Sys=0.00s Real=0.04s
[2022-12-13T06:34:02.667+0000][151028][safepoint   ] Safepoint "G1CollectForAllocation", Time since last: 754825700 ns, Reaching safepoint: 209400 ns, At safepoint: 38830300 ns, Total: 39039700 ns
[2022-12-13T06:34:03.690+0000][151028][safepoint   ] Safepoint "Cleanup", Time since last: 1000190800 ns, Reaching safepoint: 23222900 ns, At safepoint: 111700 ns, Total: 23334600 ns
[2022-12-13T06:34:04.077+0000][151028][gc,start    ] GC(618) Pause Young (Concurrent Start) (G1 Humongous Allocation)
[2022-12-13T06:34:04.077+0000][151028][gc,task     ] GC(618) Using 10 workers of 10 for evacuation
[2022-12-13T06:34:04.077+0000][151028][gc,age      ] GC(618) Desired survivor size 304087040 bytes, new threshold 15 (max threshold 15)
[2022-12-13T06:34:04.092+0000][151028][gc,phases   ] GC(618)   Pre Evacuate Collection Set: 0.9ms
[2022-12-13T06:34:04.092+0000][151028][gc,phases   ] GC(618)   Merge Heap Roots: 0.3ms
[2022-12-13T06:34:04.092+0000][151028][gc,phases   ] GC(618)   Evacuate Collection Set: 3.1ms
[2022-12-13T06:34:04.092+0000][151028][gc,phases   ] GC(618)   Post Evacuate Collection Set: 11.0ms
[2022-12-13T06:34:04.092+0000][151028][gc,phases   ] GC(618)   Other: 0.2ms
[2022-12-13T06:34:04.092+0000][151028][gc,age      ] GC(618) Age table with threshold 15 (max threshold 15)
[2022-12-13T06:34:04.093+0000][151028][gc,age      ] GC(618) - age   1:   27062376 bytes,   27062376 total
[2022-12-13T06:34:04.093+0000][151028][gc,age      ] GC(618) - age   2:    2045336 bytes,   29107712 total
[2022-12-13T06:34:04.093+0000][151028][gc,heap     ] GC(618) Eden regions: 118->0(1168)
[2022-12-13T06:34:04.093+0000][151028][gc,heap     ] GC(618) Survivor regions: 9->8(145)
[2022-12-13T06:34:04.093+0000][151028][gc,heap     ] GC(618) Old regions: 271->271
[2022-12-13T06:34:04.093+0000][151028][gc,heap     ] GC(618) Archive regions: 2->2
[2022-12-13T06:34:04.093+0000][151028][gc,heap     ] GC(618) Humongous regions: 676->35
[2022-12-13T06:34:04.093+0000][151028][gc,metaspace] GC(618) Metaspace: 177038K(181568K)->177038K(181568K) NonClass: 155353K(157824K)->155353K(157824K) Class: 21684K(23744K)->21684K(23744K)
[2022-12-13T06:34:04.093+0000][151028][gc          ] GC(618) Pause Young (Concurrent Start) (G1 Humongous Allocation) 4290M->1254M(7992M) 15.840ms
[2022-12-13T06:34:04.093+0000][151028][gc          ] GC(619) Concurrent Undo Cycle
[2022-12-13T06:34:04.093+0000][151028][gc,cpu      ] GC(618) User=0.10s Sys=0.01s Real=0.02s
[2022-12-13T06:34:04.093+0000][151028][gc,marking  ] GC(619) Concurrent Cleanup for Next Mark
[2022-12-13T06:34:04.093+0000][151028][safepoint   ] Safepoint "G1TryInitiateConcMark", Time since last: 375448400 ns, Reaching safepoint: 11039900 ns, At safepoint: 16182200 ns, Total: 27222100 ns
[2022-12-13T06:34:04.094+0000][151028][gc,marking  ] GC(619) Concurrent Cleanup for Next Mark 0.989ms
[2022-12-13T06:34:04.094+0000][151028][gc          ] GC(619) Concurrent Undo Cycle 1.155ms
[2022-12-13T06:34:04.120+0000][151028][gc,start    ] GC(620) Pause Young (Concurrent Start) (G1 Humongous Allocation)
[2022-12-13T06:34:04.120+0000][151028][gc,task     ] GC(620) Using 10 workers of 10 for evacuation
[2022-12-13T06:34:04.120+0000][151028][gc,age      ] GC(620) Desired survivor size 308281344 bytes, new threshold 15 (max threshold 15)
[2022-12-13T06:34:04.126+0000][151028][gc,phases   ] GC(620)   Pre Evacuate Collection Set: 1.2ms
[2022-12-13T06:34:04.126+0000][151028][gc,phases   ] GC(620)   Merge Heap Roots: 0.2ms
[2022-12-13T06:34:04.126+0000][151028][gc,phases   ] GC(620)   Evacuate Collection Set: 2.9ms
[2022-12-13T06:34:04.126+0000][151028][gc,phases   ] GC(620)   Post Evacuate Collection Set: 1.3ms
[2022-12-13T06:34:04.126+0000][151028][gc,phases   ] GC(620)   Other: 0.2ms
[2022-12-13T06:34:04.126+0000][151028][gc,age      ] GC(620) Age table with threshold 15 (max threshold 15)
[2022-12-13T06:34:04.126+0000][151028][gc,age      ] GC(620) - age   1:     256384 bytes,     256384 total
[2022-12-13T06:34:04.126+0000][151028][gc,age      ] GC(620) - age   2:    2076320 bytes,    2332704 total
[2022-12-13T06:34:04.126+0000][151028][gc,age      ] GC(620) - age   3:    2045064 bytes,    4377768 total
[2022-12-13T06:34:04.126+0000][151028][gc,heap     ] GC(620) Eden regions: 4->0(1196)
[2022-12-13T06:34:04.126+0000][151028][gc,heap     ] GC(620) Survivor regions: 8->2(147)
[2022-12-13T06:34:04.126+0000][151028][gc,heap     ] GC(620) Old regions: 271->271
[2022-12-13T06:34:04.126+0000][151028][gc,heap     ] GC(620) Archive regions: 2->2
[2022-12-13T06:34:04.126+0000][151028][gc,heap     ] GC(620) Humongous regions: 68->35
[2022-12-13T06:34:04.126+0000][151028][gc,metaspace] GC(620) Metaspace: 177038K(181568K)->177038K(181568K) NonClass: 155353K(157824K)->155353K(157824K) Class: 21684K(23744K)->21684K(23744K)
[2022-12-13T06:34:04.126+0000][151028][gc          ] GC(620) Pause Young (Concurrent Start) (G1 Humongous Allocation) 1400M->1230M(7992M) 6.179ms
[2022-12-13T06:34:04.127+0000][151028][gc,cpu      ] GC(620) User=0.02s Sys=0.01s Real=0.00s
[2022-12-13T06:34:04.127+0000][151028][gc          ] GC(621) Concurrent Mark Cycle
[2022-12-13T06:34:04.127+0000][151028][gc,marking  ] GC(621) Concurrent Clear Claimed Marks
[2022-12-13T06:34:04.127+0000][151028][safepoint   ] Safepoint "G1TryInitiateConcMark", Time since last: 6276900 ns, Reaching safepoint: 21003600 ns, At safepoint: 6557400 ns, Total: 27561000 ns
[2022-12-13T06:34:04.127+0000][151028][gc,marking  ] GC(621) Concurrent Clear Claimed Marks 0.256ms
[2022-12-13T06:34:04.127+0000][151028][gc,marking  ] GC(621) Concurrent Scan Root Regions
[2022-12-13T06:34:04.133+0000][151028][gc,marking  ] GC(621) Concurrent Scan Root Regions 5.806ms
[2022-12-13T06:34:04.133+0000][151028][gc,marking  ] GC(621) Concurrent Mark
[2022-12-13T06:34:04.133+0000][151028][gc,marking  ] GC(621) Concurrent Mark From Roots
[2022-12-13T06:34:04.133+0000][151028][gc,task     ] GC(621) Using 3 workers of 3 for marking
[2022-12-13T06:34:04.425+0000][151028][gc,marking  ] GC(621) Concurrent Mark From Roots 292.010ms
[2022-12-13T06:34:04.425+0000][151028][gc,marking  ] GC(621) Concurrent Preclean
[2022-12-13T06:34:04.425+0000][151028][gc,marking  ] GC(621) Concurrent Preclean 0.579ms
[2022-12-13T06:34:04.426+0000][151028][gc,start    ] GC(621) Pause Remark
[2022-12-13T06:34:04.442+0000][151028][gc          ] GC(621) Pause Remark 1836M->1220M(7992M) 16.412ms
[2022-12-13T06:34:04.442+0000][151028][gc,cpu      ] GC(621) User=0.11s Sys=0.01s Real=0.02s
[2022-12-13T06:34:04.442+0000][151028][safepoint   ] Safepoint "G1PauseRemark", Time since last: 298774700 ns, Reaching safepoint: 206800 ns, At safepoint: 16637700 ns, Total: 16844500 ns
[2022-12-13T06:34:04.442+0000][151028][gc,marking  ] GC(621) Concurrent Mark 309.747ms
[2022-12-13T06:34:04.443+0000][151028][gc,marking  ] GC(621) Concurrent Rebuild Remembered Sets
[2022-12-13T06:34:04.585+0000][151028][gc,marking  ] GC(621) Concurrent Rebuild Remembered Sets 142.685ms
[2022-12-13T06:34:04.586+0000][151028][gc,start    ] GC(621) Pause Cleanup
[2022-12-13T06:34:04.586+0000][151028][gc          ] GC(621) Pause Cleanup 1498M->1498M(7992M) 0.505ms
[2022-12-13T06:34:04.586+0000][151028][gc,cpu      ] GC(621) User=0.00s Sys=0.00s Real=0.00s
[2022-12-13T06:34:04.586+0000][151028][safepoint   ] Safepoint "G1PauseCleanup", Time since last: 142947600 ns, Reaching safepoint: 198300 ns, At safepoint: 605500 ns, Total: 803800 ns
[2022-12-13T06:34:04.586+0000][151028][gc,marking  ] GC(621) Concurrent Cleanup for Next Mark
[2022-12-13T06:34:04.608+0000][151028][gc,marking  ] GC(621) Concurrent Cleanup for Next Mark 21.614ms
[2022-12-13T06:34:04.608+0000][151028][gc          ] GC(621) Concurrent Mark Cycle 481.371ms
[2022-12-13T06:34:05.591+0000][151028][safepoint   ] Safepoint "Cleanup", Time since last: 1000153600 ns, Reaching safepoint: 4672000 ns, At safepoint: 102300 ns, Total: 4774300 ns
[2022-12-13T06:34:07.592+0000][151028][safepoint   ] Safepoint "Cleanup", Time since last: 2000278800 ns, Reaching safepoint: 309600 ns, At safepoint: 32300 ns, Total: 341900 ns
[2022-12-13T06:34:08.109+0000][151028][gc,start    ] GC(622) Pause Young (Prepare Mixed) (G1 Preventive Collection)
[2022-12-13T06:34:08.109+0000][151028][gc,task     ] GC(622) Using 10 workers of 10 for evacuation
[2022-12-13T06:34:08.109+0000][151028][gc,age      ] GC(622) Desired survivor size 314572800 bytes, new threshold 15 (max threshold 15)
[2022-12-13T06:34:08.136+0000][151028][gc,phases   ] GC(622)   Pre Evacuate Collection Set: 0.4ms
[2022-12-13T06:34:08.136+0000][151028][gc,phases   ] GC(622)   Merge Heap Roots: 0.4ms
[2022-12-13T06:34:08.136+0000][151028][gc,phases   ] GC(622)   Evacuate Collection Set: 3.0ms
[2022-12-13T06:34:08.136+0000][151028][gc,phases   ] GC(622)   Post Evacuate Collection Set: 22.8ms
[2022-12-13T06:34:08.136+0000][151028][gc,phases   ] GC(622)   Other: 0.2ms
[2022-12-13T06:34:08.136+0000][151028][gc,age      ] GC(622) Age table with threshold 15 (max threshold 15)
[2022-12-13T06:34:08.136+0000][151028][gc,age      ] GC(622) - age   1:   51071840 bytes,   51071840 total
[2022-12-13T06:34:08.136+0000][151028][gc,age      ] GC(622) - age   2:        592 bytes,   51072432 total
[2022-12-13T06:34:08.136+0000][151028][gc,age      ] GC(622) - age   3:      47552 bytes,   51119984 total
[2022-12-13T06:34:08.136+0000][151028][gc,age      ] GC(622) - age   4:    2020640 bytes,   53140624 total
[2022-12-13T06:34:08.136+0000][151028][gc,heap     ] GC(622) Eden regions: 235->0(86)
[2022-12-13T06:34:08.136+0000][151028][gc,heap     ] GC(622) Survivor regions: 2->13(13)
[2022-12-13T06:34:08.136+0000][151028][gc,heap     ] GC(622) Old regions: 117->117
[2022-12-13T06:34:08.136+0000][151028][gc,heap     ] GC(622) Archive regions: 2->2
[2022-12-13T06:34:08.136+0000][151028][gc,heap     ] GC(622) Humongous regions: 1629->35
[2022-12-13T06:34:08.136+0000][151028][gc,metaspace] GC(622) Metaspace: 177056K(181632K)->177056K(181632K) NonClass: 155371K(157888K)->155371K(157888K) Class: 21684K(23744K)->21684K(23744K)
[2022-12-13T06:34:08.136+0000][151028][gc          ] GC(622) Pause Young (Prepare Mixed) (G1 Preventive Collection) 7928M->662M(7992M) 27.160ms
[2022-12-13T06:34:08.136+0000][151028][gc,cpu      ] GC(622) User=0.21s Sys=0.00s Real=0.03s
[2022-12-13T06:34:08.137+0000][151028][safepoint   ] Safepoint "G1CollectForAllocation", Time since last: 515077400 ns, Reaching safepoint: 2488200 ns, At safepoint: 27321500 ns, Total: 29809700 ns
[2022-12-13T06:34:09.152+0000][151028][safepoint   ] Safepoint "Cleanup", Time since last: 1000207500 ns, Reaching safepoint: 15417300 ns, At safepoint: 209000 ns, Total: 15626300 ns
[2022-12-13T06:34:09.316+0000][151028][gc,start    ] GC(623) Pause Young (Mixed) (G1 Evacuation Pause)
[2022-12-13T06:34:09.317+0000][151028][gc,task     ] GC(623) Using 10 workers of 10 for evacuation
[2022-12-13T06:34:09.317+0000][151028][gc,age      ] GC(623) Desired survivor size 27262976 bytes, new threshold 1 (max threshold 15)
[2022-12-13T06:34:09.342+0000][151028][gc,phases   ] GC(623)   Pre Evacuate Collection Set: 0.7ms
[2022-12-13T06:34:09.342+0000][151028][gc,phases   ] GC(623)   Merge Heap Roots: 0.4ms
[2022-12-13T06:34:09.342+0000][151028][gc,phases   ] GC(623)   Evacuate Collection Set: 13.0ms
[2022-12-13T06:34:09.342+0000][151028][gc,phases   ] GC(623)   Post Evacuate Collection Set: 11.0ms
[2022-12-13T06:34:09.342+0000][151028][gc,phases   ] GC(623)   Other: 0.2ms
[2022-12-13T06:34:09.342+0000][151028][gc,age      ] GC(623) Age table with threshold 1 (max threshold 15)
[2022-12-13T06:34:09.342+0000][151028][gc,age      ] GC(623) - age   1:   26532744 bytes,   26532744 total
[2022-12-13T06:34:09.342+0000][151028][gc,heap     ] GC(623) Eden regions: 86->0(1191)
[2022-12-13T06:34:09.342+0000][151028][gc,heap     ] GC(623) Survivor regions: 13->7(13)
[2022-12-13T06:34:09.342+0000][151028][gc,heap     ] GC(623) Old regions: 117->116
[2022-12-13T06:34:09.342+0000][151028][gc,heap     ] GC(623) Archive regions: 2->2
[2022-12-13T06:34:09.342+0000][151028][gc,heap     ] GC(623) Humongous regions: 541->6
[2022-12-13T06:34:09.342+0000][151028][gc,metaspace] GC(623) Metaspace: 177056K(181632K)->177056K(181632K) NonClass: 155371K(157888K)->155371K(157888K) Class: 21684K(23744K)->21684K(23744K)
[2022-12-13T06:34:09.342+0000][151028][gc          ] GC(623) Pause Young (Mixed) (G1 Evacuation Pause) 3030M->516M(7992M) 25.736ms
[2022-12-13T06:34:09.342+0000][151028][gc,cpu      ] GC(623) User=0.17s Sys=0.01s Real=0.03s
[2022-12-13T06:34:09.342+0000][151028][safepoint   ] Safepoint "G1CollectForAllocation", Time since last: 163793200 ns, Reaching safepoint: 255300 ns, At safepoint: 25974200 ns, Total: 26229500 ns
[2022-12-13T06:34:10.343+0000][151028][safepoint   ] Safepoint "Cleanup", Time since last: 1000151600 ns, Reaching safepoint: 197700 ns, At safepoint: 11500 ns, Total: 209200 ns
[2022-12-13T06:34:11.343+0000][151028][safepoint   ] Safepoint "Cleanup", Time since last: 1000134200 ns, Reaching safepoint: 166700 ns, At safepoint: 11100 ns, Total: 177800 ns
[2022-12-13T06:34:11.826+0000][151028][gc,start    ] GC(624) Pause Young (Concurrent Start) (G1 Humongous Allocation)
[2022-12-13T06:34:11.826+0000][151028][gc,task     ] GC(624) Using 10 workers of 10 for evacuation
[2022-12-13T06:34:11.826+0000][151028][gc,age      ] GC(624) Desired survivor size 314572800 bytes, new threshold 15 (max threshold 15)
[2022-12-13T06:34:11.840+0000][151028][gc,phases   ] GC(624)   Pre Evacuate Collection Set: 0.9ms
[2022-12-13T06:34:11.840+0000][151028][gc,phases   ] GC(624)   Merge Heap Roots: 0.2ms
[2022-12-13T06:34:11.840+0000][151028][gc,phases   ] GC(624)   Evacuate Collection Set: 3.0ms
[2022-12-13T06:34:11.840+0000][151028][gc,phases   ] GC(624)   Post Evacuate Collection Set: 9.3ms
[2022-12-13T06:34:11.840+0000][151028][gc,phases   ] GC(624)   Other: 0.2ms
[2022-12-13T06:34:11.840+0000][151028][gc,age      ] GC(624) Age table with threshold 15 (max threshold 15)
[2022-12-13T06:34:11.840+0000][151028][gc,age      ] GC(624) - age   1:   22582056 bytes,   22582056 total
[2022-12-13T06:34:11.840+0000][151028][gc,age      ] GC(624) - age   2:      47696 bytes,   22629752 total
[2022-12-13T06:34:11.840+0000][151028][gc,heap     ] GC(624) Eden regions: 106->0(1191)
[2022-12-13T06:34:11.840+0000][151028][gc,heap     ] GC(624) Survivor regions: 7->7(150)
[2022-12-13T06:34:11.840+0000][151028][gc,heap     ] GC(624) Old regions: 116->116
[2022-12-13T06:34:11.840+0000][151028][gc,heap     ] GC(624) Archive regions: 2->2
[2022-12-13T06:34:11.840+0000][151028][gc,heap     ] GC(624) Humongous regions: 965->2
[2022-12-13T06:34:11.840+0000][151028][gc,metaspace] GC(624) Metaspace: 177076K(181632K)->177076K(181632K) NonClass: 155392K(157888K)->155392K(157888K) Class: 21684K(23744K)->21684K(23744K)
[2022-12-13T06:34:11.840+0000][151028][gc          ] GC(624) Pause Young (Concurrent Start) (G1 Humongous Allocation) 4775M->498M(7992M) 13.896ms
[2022-12-13T06:34:11.840+0000][151028][gc          ] GC(625) Concurrent Undo Cycle
[2022-12-13T06:34:11.840+0000][151028][gc,cpu      ] GC(624) User=0.07s Sys=0.00s Real=0.02s
[2022-12-13T06:34:11.840+0000][151028][gc,marking  ] GC(625) Concurrent Cleanup for Next Mark
[2022-12-13T06:34:11.840+0000][151028][safepoint   ] Safepoint "G1TryInitiateConcMark", Time since last: 482635400 ns, Reaching safepoint: 189200 ns, At safepoint: 14120700 ns, Total: 14309900 ns
[2022-12-13T06:34:11.841+0000][151028][gc,marking  ] GC(625) Concurrent Cleanup for Next Mark 0.967ms
[2022-12-13T06:34:11.841+0000][151028][gc          ] GC(625) Concurrent Undo Cycle 1.096ms
[2022-12-13T06:34:11.865+0000][151028][gc,start    ] GC(626) Pause Young (Concurrent Start) (G1 Humongous Allocation)
[2022-12-13T06:34:11.865+0000][151028][gc,task     ] GC(626) Using 10 workers of 10 for evacuation
[2022-12-13T06:34:11.865+0000][151028][gc,age      ] GC(626) Desired survivor size 314572800 bytes, new threshold 15 (max threshold 15)
[2022-12-13T06:34:11.871+0000][151028][gc,phases   ] GC(626)   Pre Evacuate Collection Set: 0.9ms
[2022-12-13T06:34:11.871+0000][151028][gc,phases   ] GC(626)   Merge Heap Roots: 0.2ms
[2022-12-13T06:34:11.871+0000][151028][gc,phases   ] GC(626)   Evacuate Collection Set: 3.2ms
[2022-12-13T06:34:11.871+0000][151028][gc,phases   ] GC(626)   Post Evacuate Collection Set: 1.6ms
[2022-12-13T06:34:11.871+0000][151028][gc,phases   ] GC(626)   Other: 0.1ms
[2022-12-13T06:34:11.871+0000][151028][gc,age      ] GC(626) Age table with threshold 15 (max threshold 15)
[2022-12-13T06:34:11.871+0000][151028][gc,age      ] GC(626) - age   1:     809288 bytes,     809288 total
[2022-12-13T06:34:11.871+0000][151028][gc,age      ] GC(626) - age   2:    2782400 bytes,    3591688 total
[2022-12-13T06:34:11.871+0000][151028][gc,age      ] GC(626) - age   3:      47624 bytes,    3639312 total
[2022-12-13T06:34:11.871+0000][151028][gc,heap     ] GC(626) Eden regions: 1->0(1196)
[2022-12-13T06:34:11.871+0000][151028][gc,heap     ] GC(626) Survivor regions: 7->2(150)
[2022-12-13T06:34:11.871+0000][151028][gc,heap     ] GC(626) Old regions: 116->116
[2022-12-13T06:34:11.871+0000][151028][gc,heap     ] GC(626) Archive regions: 2->2
[2022-12-13T06:34:11.871+0000][151028][gc,heap     ] GC(626) Humongous regions: 35->35
[2022-12-13T06:34:11.871+0000][151028][gc,metaspace] GC(626) Metaspace: 177076K(181632K)->177076K(181632K) NonClass: 155392K(157888K)->155392K(157888K) Class: 21684K(23744K)->21684K(23744K)
[2022-12-13T06:34:11.871+0000][151028][gc          ] GC(626) Pause Young (Concurrent Start) (G1 Humongous Allocation) 634M->610M(7992M) 6.318ms
[2022-12-13T06:34:11.871+0000][151028][gc          ] GC(627) Concurrent Mark Cycle
[2022-12-13T06:34:11.871+0000][151028][gc,marking  ] GC(627) Concurrent Clear Claimed Marks
[2022-12-13T06:34:11.871+0000][151028][gc,cpu      ] GC(626) User=0.02s Sys=0.01s Real=0.01s
[2022-12-13T06:34:11.871+0000][151028][safepoint   ] Safepoint "G1TryInitiateConcMark", Time since last: 4024900 ns, Reaching safepoint: 20837700 ns, At safepoint: 6595900 ns, Total: 27433600 ns
[2022-12-13T06:34:11.872+0000][151028][gc,marking  ] GC(627) Concurrent Clear Claimed Marks 0.236ms
[2022-12-13T06:34:11.872+0000][151028][gc,marking  ] GC(627) Concurrent Scan Root Regions
[2022-12-13T06:34:11.879+0000][151028][gc,marking  ] GC(627) Concurrent Scan Root Regions 7.448ms
[2022-12-13T06:34:11.879+0000][151028][gc,marking  ] GC(627) Concurrent Mark
[2022-12-13T06:34:11.879+0000][151028][gc,marking  ] GC(627) Concurrent Mark From Roots
[2022-12-13T06:34:11.879+0000][151028][gc,task     ] GC(627) Using 3 workers of 3 for marking
[2022-12-13T06:34:12.138+0000][151028][gc,marking  ] GC(627) Concurrent Mark From Roots 258.742ms
[2022-12-13T06:34:12.138+0000][151028][gc,marking  ] GC(627) Concurrent Preclean
[2022-12-13T06:34:12.139+0000][151028][gc,marking  ] GC(627) Concurrent Preclean 0.583ms
[2022-12-13T06:34:12.139+0000][151028][gc,start    ] GC(627) Pause Remark
[2022-12-13T06:34:12.153+0000][151028][gc          ] GC(627) Pause Remark 916M->915M(7992M) 13.650ms
[2022-12-13T06:34:12.153+0000][151028][gc,cpu      ] GC(627) User=0.10s Sys=0.01s Real=0.01s
[2022-12-13T06:34:12.153+0000][151028][safepoint   ] Safepoint "G1PauseRemark", Time since last: 267209900 ns, Reaching safepoint: 188400 ns, At safepoint: 13812900 ns, Total: 14001300 ns
[2022-12-13T06:34:12.153+0000][151028][gc,marking  ] GC(627) Concurrent Mark 273.607ms
[2022-12-13T06:34:12.153+0000][151028][gc,marking  ] GC(627) Concurrent Rebuild Remembered Sets
[2022-12-13T06:34:12.282+0000][151028][gc,marking  ] GC(627) Concurrent Rebuild Remembered Sets 129.419ms
[2022-12-13T06:34:12.283+0000][151028][gc,start    ] GC(627) Pause Cleanup
[2022-12-13T06:34:12.283+0000][151028][gc          ] GC(627) Pause Cleanup 1073M->1073M(7992M) 0.500ms
[2022-12-13T06:34:12.283+0000][151028][gc,cpu      ] GC(627) User=0.00s Sys=0.00s Real=0.00s
[2022-12-13T06:34:12.283+0000][151028][safepoint   ] Safepoint "G1PauseCleanup", Time since last: 129655200 ns, Reaching safepoint: 345200 ns, At safepoint: 657100 ns, Total: 1002300 ns
[2022-12-13T06:34:12.283+0000][151028][gc,marking  ] GC(627) Concurrent Cleanup for Next Mark
[2022-12-13T06:34:12.308+0000][151028][gc,marking  ] GC(627) Concurrent Cleanup for Next Mark 24.790ms
[2022-12-13T06:34:12.308+0000][151028][gc          ] GC(627) Concurrent Mark Cycle 436.987ms
[2022-12-13T06:34:13.295+0000][151028][safepoint   ] Safepoint "Cleanup", Time since last: 1000198200 ns, Reaching safepoint: 11100900 ns, At safepoint: 49100 ns, Total: 11150000 ns
[2022-12-13T06:34:14.303+0000][151028][safepoint   ] Safepoint "Cleanup", Time since last: 1000185200 ns, Reaching safepoint: 7914500 ns, At safepoint: 78100 ns, Total: 7992600 ns
[2022-12-13T06:34:16.304+0000][151028][safepoint   ] Safepoint "Cleanup", Time since last: 2001022500 ns, Reaching safepoint: 229000 ns, At safepoint: 37700 ns, Total: 266700 ns
[2022-12-13T06:34:16.725+0000][151028][gc,start    ] GC(628) Pause Young (Prepare Mixed) (G1 Preventive Collection)
[2022-12-13T06:34:16.725+0000][151028][gc,task     ] GC(628) Using 10 workers of 10 for evacuation
[2022-12-13T06:34:16.725+0000][151028][gc,age      ] GC(628) Desired survivor size 314572800 bytes, new threshold 15 (max threshold 15)
[2022-12-13T06:34:16.764+0000][151028][gc,phases   ] GC(628)   Pre Evacuate Collection Set: 0.4ms
[2022-12-13T06:34:16.764+0000][151028][gc,phases   ] GC(628)   Merge Heap Roots: 0.3ms
[2022-12-13T06:34:16.764+0000][151028][gc,phases   ] GC(628)   Evacuate Collection Set: 4.5ms
[2022-12-13T06:34:16.764+0000][151028][gc,phases   ] GC(628)   Post Evacuate Collection Set: 33.0ms
[2022-12-13T06:34:16.764+0000][151028][gc,phases   ] GC(628)   Other: 0.3ms
[2022-12-13T06:34:16.764+0000][151028][gc,age      ] GC(628) Age table with threshold 15 (max threshold 15)
[2022-12-13T06:34:16.764+0000][151028][gc,age      ] GC(628) - age   1:   90011040 bytes,   90011040 total
[2022-12-13T06:34:16.764+0000][151028][gc,age      ] GC(628) - age   2:     561600 bytes,   90572640 total
[2022-12-13T06:34:16.764+0000][151028][gc,age      ] GC(628) - age   3:    1182976 bytes,   91755616 total
[2022-12-13T06:34:16.764+0000][151028][gc,age      ] GC(628) - age   4:      10624 bytes,   91766240 total
[2022-12-13T06:34:16.764+0000][151028][gc,heap     ] GC(628) Eden regions: 334->0(75)
[2022-12-13T06:34:16.764+0000][151028][gc,heap     ] GC(628) Survivor regions: 2->24(47)
[2022-12-13T06:34:16.764+0000][151028][gc,heap     ] GC(628) Old regions: 115->115
[2022-12-13T06:34:16.764+0000][151028][gc,heap     ] GC(628) Archive regions: 2->2
[2022-12-13T06:34:16.764+0000][151028][gc,heap     ] GC(628) Humongous regions: 1498->35
[2022-12-13T06:34:16.764+0000][151028][gc,metaspace] GC(628) Metaspace: 177397K(182016K)->177397K(182016K) NonClass: 155672K(158208K)->155672K(158208K) Class: 21724K(23808K)->21724K(23808K)
[2022-12-13T06:34:16.764+0000][151028][gc          ] GC(628) Pause Young (Prepare Mixed) (G1 Preventive Collection) 7795M->698M(7992M) 38.875ms
[2022-12-13T06:34:16.764+0000][151028][gc,cpu      ] GC(628) User=0.30s Sys=0.01s Real=0.04s
[2022-12-13T06:34:16.764+0000][151028][safepoint   ] Safepoint "G1CollectForAllocation", Time since last: 412842000 ns, Reaching safepoint: 7935500 ns, At safepoint: 39116500 ns, Total: 47052000 ns
[2022-12-13T06:34:18.633+0000][151028][gc,start    ] GC(629) Pause Young (Mixed) (G1 Evacuation Pause)
[2022-12-13T06:34:18.633+0000][151028][gc,task     ] GC(629) Using 10 workers of 10 for evacuation
[2022-12-13T06:34:18.633+0000][151028][gc,age      ] GC(629) Desired survivor size 27262976 bytes, new threshold 1 (max threshold 15)
[2022-12-13T06:34:18.654+0000][151028][gc,phases   ] GC(629)   Pre Evacuate Collection Set: 0.4ms
[2022-12-13T06:34:18.654+0000][151028][gc,phases   ] GC(629)   Merge Heap Roots: 0.3ms
[2022-12-13T06:34:18.654+0000][151028][gc,phases   ] GC(629)   Evacuate Collection Set: 10.2ms
[2022-12-13T06:34:18.654+0000][151028][gc,phases   ] GC(629)   Post Evacuate Collection Set: 10.2ms
[2022-12-13T06:34:18.654+0000][151028][gc,phases   ] GC(629)   Other: 0.2ms
[2022-12-13T06:34:18.654+0000][151028][gc,age      ] GC(629) Age table with threshold 1 (max threshold 15)
[2022-12-13T06:34:18.654+0000][151028][gc,age      ] GC(629) - age   1:   12860320 bytes,   12860320 total
[2022-12-13T06:34:18.654+0000][151028][gc,heap     ] GC(629) Eden regions: 75->0(1194)
[2022-12-13T06:34:18.654+0000][151028][gc,heap     ] GC(629) Survivor regions: 24->4(13)
[2022-12-13T06:34:18.654+0000][151028][gc,heap     ] GC(629) Old regions: 115->110
[2022-12-13T06:34:18.654+0000][151028][gc,heap     ] GC(629) Archive regions: 2->2
[2022-12-13T06:34:18.654+0000][151028][gc,heap     ] GC(629) Humongous regions: 543->4
[2022-12-13T06:34:18.654+0000][151028][gc,metaspace] GC(629) Metaspace: 177433K(182080K)->177433K(182080K) NonClass: 155705K(158272K)->155705K(158272K) Class: 21727K(23808K)->21727K(23808K)
[2022-12-13T06:34:18.654+0000][151028][gc          ] GC(629) Pause Young (Mixed) (G1 Evacuation Pause) 3030M->474M(7992M) 21.510ms
[2022-12-13T06:34:18.654+0000][151028][gc,cpu      ] GC(629) User=0.11s Sys=0.00s Real=0.02s
[2022-12-13T06:34:18.654+0000][151028][safepoint   ] Safepoint "G1CollectForAllocation", Time since last: 1868134700 ns, Reaching safepoint: 282900 ns, At safepoint: 21674500 ns, Total: 21957400 ns
[2022-12-13T06:34:18.656+0000][151028][gc,start    ] GC(630) Pause Young (Concurrent Start) (G1 Humongous Allocation)
[2022-12-13T06:34:18.656+0000][151028][gc,task     ] GC(630) Using 10 workers of 10 for evacuation
[2022-12-13T06:34:18.656+0000][151028][gc,age      ] GC(630) Desired survivor size 314572800 bytes, new threshold 15 (max threshold 15)
[2022-12-13T06:34:18.664+0000][151028][gc,phases   ] GC(630)   Pre Evacuate Collection Set: 0.9ms
[2022-12-13T06:34:18.664+0000][151028][gc,phases   ] GC(630)   Merge Heap Roots: 0.2ms
[2022-12-13T06:34:18.664+0000][151028][gc,phases   ] GC(630)   Evacuate Collection Set: 5.0ms
[2022-12-13T06:34:18.664+0000][151028][gc,phases   ] GC(630)   Post Evacuate Collection Set: 1.1ms
[2022-12-13T06:34:18.664+0000][151028][gc,phases   ] GC(630)   Other: 0.1ms
[2022-12-13T06:34:18.664+0000][151028][gc,age      ] GC(630) Age table with threshold 15 (max threshold 15)
[2022-12-13T06:34:18.664+0000][151028][gc,age      ] GC(630) - age   1:    1630560 bytes,    1630560 total
[2022-12-13T06:34:18.664+0000][151028][gc,age      ] GC(630) - age   2:    3368720 bytes,    4999280 total
[2022-12-13T06:34:18.664+0000][151028][gc,heap     ] GC(630) Eden regions: 1->0(945)
[2022-12-13T06:34:18.664+0000][151028][gc,heap     ] GC(630) Survivor regions: 4->2(150)
[2022-12-13T06:34:18.664+0000][151028][gc,heap     ] GC(630) Old regions: 110->110
[2022-12-13T06:34:18.664+0000][151028][gc,heap     ] GC(630) Archive regions: 2->2
[2022-12-13T06:34:18.664+0000][151028][gc,heap     ] GC(630) Humongous regions: 4->4
[2022-12-13T06:34:18.664+0000][151028][gc,metaspace] GC(630) Metaspace: 177433K(182080K)->177433K(182080K) NonClass: 155705K(158272K)->155705K(158272K) Class: 21727K(23808K)->21727K(23808K)
[2022-12-13T06:34:18.664+0000][151028][gc          ] GC(630) Pause Young (Concurrent Start) (G1 Humongous Allocation) 478M->465M(7992M) 7.663ms
[2022-12-13T06:34:18.664+0000][151028][gc          ] GC(631) Concurrent Mark Cycle
[2022-12-13T06:34:18.664+0000][151028][gc,marking  ] GC(631) Concurrent Clear Claimed Marks
[2022-12-13T06:34:18.664+0000][151028][gc,cpu      ] GC(630) User=0.03s Sys=0.00s Real=0.01s
[2022-12-13T06:34:18.664+0000][151028][safepoint   ] Safepoint "G1TryInitiateConcMark", Time since last: 1720100 ns, Reaching safepoint: 268100 ns, At safepoint: 7956700 ns, Total: 8224800 ns
[2022-12-13T06:34:18.664+0000][151028][gc,marking  ] GC(631) Concurrent Clear Claimed Marks 0.305ms
[2022-12-13T06:34:18.664+0000][151028][gc,marking  ] GC(631) Concurrent Scan Root Regions
[2022-12-13T06:34:18.668+0000][151028][gc,marking  ] GC(631) Concurrent Scan Root Regions 3.627ms
[2022-12-13T06:34:18.668+0000][151028][gc,marking  ] GC(631) Concurrent Mark
[2022-12-13T06:34:18.668+0000][151028][gc,marking  ] GC(631) Concurrent Mark From Roots
[2022-12-13T06:34:18.668+0000][151028][gc,task     ] GC(631) Using 3 workers of 3 for marking
[2022-12-13T06:34:18.912+0000][151028][gc,marking  ] GC(631) Concurrent Mark From Roots 243.777ms
[2022-12-13T06:34:18.912+0000][151028][gc,marking  ] GC(631) Concurrent Preclean
[2022-12-13T06:34:18.912+0000][151028][gc,marking  ] GC(631) Concurrent Preclean 0.543ms
[2022-12-13T06:34:18.913+0000][151028][gc,start    ] GC(631) Pause Remark
[2022-12-13T06:34:18.925+0000][151028][gc          ] GC(631) Pause Remark 661M->661M(7992M) 12.494ms
[2022-12-13T06:34:18.925+0000][151028][gc,cpu      ] GC(631) User=0.10s Sys=0.01s Real=0.01s
[2022-12-13T06:34:18.925+0000][151028][safepoint   ] Safepoint "G1PauseRemark", Time since last: 248385800 ns, Reaching safepoint: 274600 ns, At safepoint: 12692200 ns, Total: 12966800 ns
[2022-12-13T06:34:18.926+0000][151028][gc,marking  ] GC(631) Concurrent Mark 257.496ms
[2022-12-13T06:34:18.926+0000][151028][gc,marking  ] GC(631) Concurrent Rebuild Remembered Sets
[2022-12-13T06:34:19.039+0000][151028][gc,marking  ] GC(631) Concurrent Rebuild Remembered Sets 113.136ms
[2022-12-13T06:34:19.039+0000][151028][gc,start    ] GC(631) Pause Cleanup
[2022-12-13T06:34:19.040+0000][151028][gc          ] GC(631) Pause Cleanup 677M->677M(7992M) 0.464ms
[2022-12-13T06:34:19.040+0000][151028][gc,cpu      ] GC(631) User=0.00s Sys=0.00s Real=0.00s
[2022-12-13T06:34:19.040+0000][151028][safepoint   ] Safepoint "G1PauseCleanup", Time since last: 113337900 ns, Reaching safepoint: 220400 ns, At safepoint: 577100 ns, Total: 797500 ns
[2022-12-13T06:34:19.040+0000][151028][gc,marking  ] GC(631) Concurrent Cleanup for Next Mark
[2022-12-13T06:34:19.065+0000][151028][gc,marking  ] GC(631) Concurrent Cleanup for Next Mark 25.629ms
[2022-12-13T06:34:19.065+0000][151028][gc          ] GC(631) Concurrent Mark Cycle 401.386ms
[2022-12-13T06:34:20.040+0000][151028][safepoint   ] Safepoint "Cleanup", Time since last: 1000153300 ns, Reaching safepoint: 190300 ns, At safepoint: 12000 ns, Total: 202300 ns
[2022-12-13T06:34:23.084+0000][151028][safepoint   ] Safepoint "Cleanup", Time since last: 3000390500 ns, Reaching safepoint: 43536000 ns, At safepoint: 154000 ns, Total: 43690000 ns
[2022-12-13T06:34:23.811+0000][151028][gc,start    ] GC(632) Pause Young (Prepare Mixed) (G1 Preventive Collection)
[2022-12-13T06:34:23.811+0000][151028][gc,task     ] GC(632) Using 10 workers of 10 for evacuation
[2022-12-13T06:34:23.811+0000][151028][gc,age      ] GC(632) Desired survivor size 272629760 bytes, new threshold 15 (max threshold 15)
[2022-12-13T06:34:23.845+0000][151028][gc,phases   ] GC(632)   Pre Evacuate Collection Set: 0.4ms
[2022-12-13T06:34:23.845+0000][151028][gc,phases   ] GC(632)   Merge Heap Roots: 0.3ms
[2022-12-13T06:34:23.845+0000][151028][gc,phases   ] GC(632)   Evacuate Collection Set: 14.3ms
[2022-12-13T06:34:23.845+0000][151028][gc,phases   ] GC(632)   Post Evacuate Collection Set: 18.9ms
[2022-12-13T06:34:23.845+0000][151028][gc,phases   ] GC(632)   Other: 0.2ms
[2022-12-13T06:34:23.845+0000][151028][gc,age      ] GC(632) Age table with threshold 15 (max threshold 15)
[2022-12-13T06:34:23.845+0000][151028][gc,age      ] GC(632) - age   1:   83159232 bytes,   83159232 total
[2022-12-13T06:34:23.845+0000][151028][gc,age      ] GC(632) - age   2:        232 bytes,   83159464 total
[2022-12-13T06:34:23.845+0000][151028][gc,age      ] GC(632) - age   3:      53448 bytes,   83212912 total
[2022-12-13T06:34:23.845+0000][151028][gc,heap     ] GC(632) Eden regions: 254->0(78)
[2022-12-13T06:34:23.845+0000][151028][gc,heap     ] GC(632) Survivor regions: 2->21(74)
[2022-12-13T06:34:23.845+0000][151028][gc,heap     ] GC(632) Old regions: 110->110
[2022-12-13T06:34:23.845+0000][151028][gc,heap     ] GC(632) Archive regions: 2->2
[2022-12-13T06:34:23.846+0000][151028][gc,heap     ] GC(632) Humongous regions: 1556->16
[2022-12-13T06:34:23.846+0000][151028][gc,metaspace] GC(632) Metaspace: 177583K(182144K)->177583K(182144K) NonClass: 155839K(158336K)->155839K(158336K) Class: 21743K(23808K)->21743K(23808K)
[2022-12-13T06:34:23.846+0000][151028][gc          ] GC(632) Pause Young (Prepare Mixed) (G1 Preventive Collection) 7689M->591M(7992M) 34.471ms
[2022-12-13T06:34:23.846+0000][151028][gc,cpu      ] GC(632) User=0.30s Sys=0.00s Real=0.03s
[2022-12-13T06:34:23.846+0000][151028][safepoint   ] Safepoint "G1CollectForAllocation", Time since last: 726550300 ns, Reaching safepoint: 459300 ns, At safepoint: 34820400 ns, Total: 35279700 ns
[2022-12-13T06:34:24.347+0000][151028][gc,start    ] GC(633) Pause Young (Mixed) (G1 Evacuation Pause)
[2022-12-13T06:34:24.347+0000][151028][gc,task     ] GC(633) Using 10 workers of 10 for evacuation
[2022-12-13T06:34:24.347+0000][151028][gc,age      ] GC(633) Desired survivor size 27262976 bytes, new threshold 1 (max threshold 15)
[2022-12-13T06:34:24.381+0000][151028][gc,phases   ] GC(633)   Pre Evacuate Collection Set: 0.5ms
[2022-12-13T06:34:24.381+0000][151028][gc,phases   ] GC(633)   Merge Heap Roots: 0.4ms
[2022-12-13T06:34:24.381+0000][151028][gc,phases   ] GC(633)   Evacuate Collection Set: 19.7ms
[2022-12-13T06:34:24.381+0000][151028][gc,phases   ] GC(633)   Post Evacuate Collection Set: 12.9ms
[2022-12-13T06:34:24.381+0000][151028][gc,phases   ] GC(633)   Other: 0.2ms
[2022-12-13T06:34:24.381+0000][151028][gc,age      ] GC(633) Age table with threshold 1 (max threshold 15)
[2022-12-13T06:34:24.381+0000][151028][gc,age      ] GC(633) - age   1:   41774024 bytes,   41774024 total
[2022-12-13T06:34:24.381+0000][151028][gc,heap     ] GC(633) Eden regions: 78->0(1095)
[2022-12-13T06:34:24.381+0000][151028][gc,heap     ] GC(633) Survivor regions: 21->11(13)
[2022-12-13T06:34:24.381+0000][151028][gc,heap     ] GC(633) Old regions: 110->112
[2022-12-13T06:34:24.381+0000][151028][gc,heap     ] GC(633) Archive regions: 2->2
[2022-12-13T06:34:24.381+0000][151028][gc,heap     ] GC(633) Humongous regions: 424->11
[2022-12-13T06:34:24.381+0000][151028][gc,metaspace] GC(633) Metaspace: 177583K(182144K)->177583K(182144K) NonClass: 155840K(158336K)->155840K(158336K) Class: 21743K(23808K)->21743K(23808K)
[2022-12-13T06:34:24.381+0000][151028][gc          ] GC(633) Pause Young (Mixed) (G1 Evacuation Pause) 2535M->535M(7992M) 33.951ms
[2022-12-13T06:34:24.381+0000][151028][gc,cpu      ] GC(633) User=0.21s Sys=0.02s Real=0.04s
[2022-12-13T06:34:24.381+0000][151028][safepoint   ] Safepoint "G1CollectForAllocation", Time since last: 501094800 ns, Reaching safepoint: 323400 ns, At safepoint: 34212900 ns, Total: 34536300 ns
[2022-12-13T06:34:24.391+0000][151028][gc,start    ] GC(634) Pause Young (Concurrent Start) (G1 Humongous Allocation)
[2022-12-13T06:34:24.391+0000][151028][gc,task     ] GC(634) Using 10 workers of 10 for evacuation
[2022-12-13T06:34:24.391+0000][151028][gc,age      ] GC(634) Desired survivor size 291504128 bytes, new threshold 15 (max threshold 15)
[2022-12-13T06:34:24.403+0000][151028][gc,phases   ] GC(634)   Pre Evacuate Collection Set: 1.1ms
[2022-12-13T06:34:24.403+0000][151028][gc,phases   ] GC(634)   Merge Heap Roots: 0.3ms
[2022-12-13T06:34:24.403+0000][151028][gc,phases   ] GC(634)   Evacuate Collection Set: 8.1ms
[2022-12-13T06:34:24.403+0000][151028][gc,phases   ] GC(634)   Post Evacuate Collection Set: 2.1ms
[2022-12-13T06:34:24.403+0000][151028][gc,phases   ] GC(634)   Other: 0.1ms
[2022-12-13T06:34:24.403+0000][151028][gc,age      ] GC(634) Age table with threshold 15 (max threshold 15)
[2022-12-13T06:34:24.403+0000][151028][gc,age      ] GC(634) - age   1:    1079160 bytes,    1079160 total
[2022-12-13T06:34:24.403+0000][151028][gc,age      ] GC(634) - age   2:   27180872 bytes,   28260032 total
[2022-12-13T06:34:24.403+0000][151028][gc,heap     ] GC(634) Eden regions: 3->0(937)
[2022-12-13T06:34:24.403+0000][151028][gc,heap     ] GC(634) Survivor regions: 11->8(139)
[2022-12-13T06:34:24.403+0000][151028][gc,heap     ] GC(634) Old regions: 112->112
[2022-12-13T06:34:24.403+0000][151028][gc,heap     ] GC(634) Archive regions: 2->2
[2022-12-13T06:34:24.403+0000][151028][gc,heap     ] GC(634) Humongous regions: 11->11
[2022-12-13T06:34:24.403+0000][151028][gc,metaspace] GC(634) Metaspace: 177583K(182144K)->177583K(182144K) NonClass: 155840K(158336K)->155840K(158336K) Class: 21743K(23808K)->21743K(23808K)
[2022-12-13T06:34:24.403+0000][151028][gc          ] GC(634) Pause Young (Concurrent Start) (G1 Humongous Allocation) 546M->520M(7992M) 11.968ms
[2022-12-13T06:34:24.403+0000][151028][gc          ] GC(635) Concurrent Mark Cycle
[2022-12-13T06:34:24.403+0000][151028][gc,marking  ] GC(635) Concurrent Clear Claimed Marks
[2022-12-13T06:34:24.403+0000][151028][gc,cpu      ] GC(634) User=0.09s Sys=0.00s Real=0.01s
[2022-12-13T06:34:24.403+0000][151028][safepoint   ] Safepoint "G1TryInitiateConcMark", Time since last: 9286300 ns, Reaching safepoint: 294100 ns, At safepoint: 12329700 ns, Total: 12623800 ns
[2022-12-13T06:34:24.404+0000][151028][gc,marking  ] GC(635) Concurrent Clear Claimed Marks 0.432ms
[2022-12-13T06:34:24.404+0000][151028][gc,marking  ] GC(635) Concurrent Scan Root Regions
[2022-12-13T06:34:24.409+0000][151028][gc,marking  ] GC(635) Concurrent Scan Root Regions 4.867ms
[2022-12-13T06:34:24.409+0000][151028][gc,marking  ] GC(635) Concurrent Mark
[2022-12-13T06:34:24.409+0000][151028][gc,marking  ] GC(635) Concurrent Mark From Roots
[2022-12-13T06:34:24.409+0000][151028][gc,task     ] GC(635) Using 3 workers of 3 for marking
[2022-12-13T06:34:24.924+0000][151028][gc,marking  ] GC(635) Concurrent Mark From Roots 515.147ms
[2022-12-13T06:34:24.924+0000][151028][gc,marking  ] GC(635) Concurrent Preclean
[2022-12-13T06:34:24.925+0000][151028][gc,marking  ] GC(635) Concurrent Preclean 1.156ms
[2022-12-13T06:34:24.950+0000][151028][gc,start    ] GC(635) Pause Remark
[2022-12-13T06:34:24.966+0000][151028][gc          ] GC(635) Pause Remark 2428M->2428M(7992M) 16.024ms
[2022-12-13T06:34:24.966+0000][151028][gc,cpu      ] GC(635) User=0.14s Sys=0.01s Real=0.02s
[2022-12-13T06:34:24.966+0000][151028][safepoint   ] Safepoint "G1PauseRemark", Time since last: 521933100 ns, Reaching safepoint: 24262300 ns, At safepoint: 16300500 ns, Total: 40562800 ns
[2022-12-13T06:34:24.968+0000][151028][gc,marking  ] GC(635) Concurrent Mark 559.082ms
[2022-12-13T06:34:24.968+0000][151028][gc,marking  ] GC(635) Concurrent Rebuild Remembered Sets
[2022-12-13T06:34:25.126+0000][151028][gc,marking  ] GC(635) Concurrent Rebuild Remembered Sets 158.193ms
[2022-12-13T06:34:25.126+0000][151028][gc,start    ] GC(635) Pause Cleanup
[2022-12-13T06:34:25.127+0000][151028][gc          ] GC(635) Pause Cleanup 2596M->2596M(7992M) 0.489ms
[2022-12-13T06:34:25.127+0000][151028][gc,cpu      ] GC(635) User=0.00s Sys=0.00s Real=0.00s
[2022-12-13T06:34:25.127+0000][151028][safepoint   ] Safepoint "G1PauseCleanup", Time since last: 160202100 ns, Reaching safepoint: 274500 ns, At safepoint: 630400 ns, Total: 904900 ns
[2022-12-13T06:34:25.127+0000][151028][gc,marking  ] GC(635) Concurrent Cleanup for Next Mark
[2022-12-13T06:34:25.148+0000][151028][gc,marking  ] GC(635) Concurrent Cleanup for Next Mark 21.368ms
[2022-12-13T06:34:25.149+0000][151028][gc          ] GC(635) Concurrent Mark Cycle 745.404ms
[2022-12-13T06:34:26.789+0000][151028][safepoint   ] Safepoint "Cleanup", Time since last: 1661565700 ns, Reaching safepoint: 643500 ns, At safepoint: 25200 ns, Total: 668700 ns
[2022-12-13T06:34:27.790+0000][151028][safepoint   ] Safepoint "Cleanup", Time since last: 1000176600 ns, Reaching safepoint: 314600 ns, At safepoint: 40900 ns, Total: 355500 ns
[2022-12-13T06:34:28.790+0000][151028][safepoint   ] Safepoint "Cleanup", Time since last: 1000144300 ns, Reaching safepoint: 193400 ns, At safepoint: 12500 ns, Total: 205900 ns
[2022-12-13T06:34:28.853+0000][151028][gc,start    ] GC(636) Pause Young (Prepare Mixed) (G1 Preventive Collection)
[2022-12-13T06:34:28.853+0000][151028][gc,task     ] GC(636) Using 10 workers of 10 for evacuation
[2022-12-13T06:34:28.853+0000][151028][gc,age      ] GC(636) Desired survivor size 274726912 bytes, new threshold 15 (max threshold 15)
[2022-12-13T06:34:28.875+0000][151028][gc,phases   ] GC(636)   Pre Evacuate Collection Set: 0.4ms
[2022-12-13T06:34:28.875+0000][151028][gc,phases   ] GC(636)   Merge Heap Roots: 0.3ms
[2022-12-13T06:34:28.875+0000][151028][gc,phases   ] GC(636)   Evacuate Collection Set: 2.4ms
[2022-12-13T06:34:28.875+0000][151028][gc,phases   ] GC(636)   Post Evacuate Collection Set: 18.7ms
[2022-12-13T06:34:28.875+0000][151028][gc,phases   ] GC(636)   Other: 0.2ms
[2022-12-13T06:34:28.875+0000][151028][gc,age      ] GC(636) Age table with threshold 15 (max threshold 15)
[2022-12-13T06:34:28.875+0000][151028][gc,age      ] GC(636) - age   1:   35086528 bytes,   35086528 total
[2022-12-13T06:34:28.875+0000][151028][gc,age      ] GC(636) - age   2:         32 bytes,   35086560 total
[2022-12-13T06:34:28.875+0000][151028][gc,age      ] GC(636) - age   3:     289472 bytes,   35376032 total
[2022-12-13T06:34:28.875+0000][151028][gc,heap     ] GC(636) Eden regions: 248->0(90)
[2022-12-13T06:34:28.875+0000][151028][gc,heap     ] GC(636) Survivor regions: 8->9(65)
[2022-12-13T06:34:28.875+0000][151028][gc,heap     ] GC(636) Old regions: 112->112
[2022-12-13T06:34:28.875+0000][151028][gc,heap     ] GC(636) Archive regions: 2->2
[2022-12-13T06:34:28.875+0000][151028][gc,heap     ] GC(636) Humongous regions: 1563->2
[2022-12-13T06:34:28.875+0000][151028][gc,metaspace] GC(636) Metaspace: 177696K(182272K)->177696K(182272K) NonClass: 155940K(158464K)->155940K(158464K) Class: 21756K(23808K)->21756K(23808K)
[2022-12-13T06:34:28.875+0000][151028][gc          ] GC(636) Pause Young (Prepare Mixed) (G1 Preventive Collection) 7719M->490M(7992M) 22.325ms
[2022-12-13T06:34:28.875+0000][151028][gc,cpu      ] GC(636) User=0.12s Sys=0.02s Real=0.02s
[2022-12-13T06:34:28.875+0000][151028][safepoint   ] Safepoint "G1CollectForAllocation", Time since last: 62312400 ns, Reaching safepoint: 200500 ns, At safepoint: 22494300 ns, Total: 22694800 ns
[2022-12-13T06:34:29.885+0000][151028][safepoint   ] Safepoint "Cleanup", Time since last: 1000167400 ns, Reaching safepoint: 9975100 ns, At safepoint: 101400 ns, Total: 10076500 ns
[2022-12-13T06:34:30.085+0000][151028][gc,start    ] GC(637) Pause Young (Mixed) (G1 Evacuation Pause)
[2022-12-13T06:34:30.085+0000][151028][gc,task     ] GC(637) Using 10 workers of 10 for evacuation
[2022-12-13T06:34:30.085+0000][151028][gc,age      ] GC(637) Desired survivor size 27262976 bytes, new threshold 1 (max threshold 15)
[2022-12-13T06:34:30.106+0000][151028][gc,phases   ] GC(637)   Pre Evacuate Collection Set: 0.3ms
[2022-12-13T06:34:30.106+0000][151028][gc,phases   ] GC(637)   Merge Heap Roots: 0.3ms
[2022-12-13T06:34:30.106+0000][151028][gc,phases   ] GC(637)   Evacuate Collection Set: 9.3ms
[2022-12-13T06:34:30.106+0000][151028][gc,phases   ] GC(637)   Post Evacuate Collection Set: 10.7ms
[2022-12-13T06:34:30.106+0000][151028][gc,phases   ] GC(637)   Other: 0.2ms
[2022-12-13T06:34:30.106+0000][151028][gc,age      ] GC(637) Age table with threshold 1 (max threshold 15)
[2022-12-13T06:34:30.106+0000][151028][gc,age      ] GC(637) - age   1:   28433456 bytes,   28433456 total
[2022-12-13T06:34:30.106+0000][151028][gc,heap     ] GC(637) Eden regions: 90->0(1097)
[2022-12-13T06:34:30.106+0000][151028][gc,heap     ] GC(637) Survivor regions: 9->8(13)
[2022-12-13T06:34:30.106+0000][151028][gc,heap     ] GC(637) Old regions: 112->109
[2022-12-13T06:34:30.106+0000][151028][gc,heap     ] GC(637) Archive regions: 2->2
[2022-12-13T06:34:30.106+0000][151028][gc,heap     ] GC(637) Humongous regions: 432->2
[2022-12-13T06:34:30.106+0000][151028][gc,metaspace] GC(637) Metaspace: 177696K(182272K)->177696K(182272K) NonClass: 155940K(158464K)->155940K(158464K) Class: 21756K(23808K)->21756K(23808K)
[2022-12-13T06:34:30.106+0000][151028][gc          ] GC(637) Pause Young (Mixed) (G1 Evacuation Pause) 2570M->476M(7992M) 21.238ms
[2022-12-13T06:34:30.106+0000][151028][gc,cpu      ] GC(637) User=0.16s Sys=0.00s Real=0.02s
[2022-12-13T06:34:30.107+0000][151028][safepoint   ] Safepoint "G1CollectForAllocation", Time since last: 199544900 ns, Reaching safepoint: 197200 ns, At safepoint: 21444600 ns, Total: 21641800 ns
[2022-12-13T06:34:30.139+0000][151028][gc,start    ] GC(638) Pause Young (Concurrent Start) (G1 Humongous Allocation)
[2022-12-13T06:34:30.139+0000][151028][gc,task     ] GC(638) Using 10 workers of 10 for evacuation
[2022-12-13T06:34:30.139+0000][151028][gc,age      ] GC(638) Desired survivor size 291504128 bytes, new threshold 15 (max threshold 15)
[2022-12-13T06:34:30.145+0000][151028][gc,phases   ] GC(638)   Pre Evacuate Collection Set: 0.8ms
[2022-12-13T06:34:30.145+0000][151028][gc,phases   ] GC(638)   Merge Heap Roots: 0.3ms
[2022-12-13T06:34:30.145+0000][151028][gc,phases   ] GC(638)   Evacuate Collection Set: 2.5ms
[2022-12-13T06:34:30.145+0000][151028][gc,phases   ] GC(638)   Post Evacuate Collection Set: 2.3ms
[2022-12-13T06:34:30.145+0000][151028][gc,phases   ] GC(638)   Other: 0.1ms
[2022-12-13T06:34:30.145+0000][151028][gc,age      ] GC(638) Age table with threshold 15 (max threshold 15)
[2022-12-13T06:34:30.145+0000][151028][gc,age      ] GC(638) - age   1:    2375840 bytes,    2375840 total
[2022-12-13T06:34:30.146+0000][151028][gc,age      ] GC(638) - age   2:     546352 bytes,    2922192 total
[2022-12-13T06:34:30.146+0000][151028][gc,heap     ] GC(638) Eden regions: 7->0(1176)
[2022-12-13T06:34:30.146+0000][151028][gc,heap     ] GC(638) Survivor regions: 8->2(139)
[2022-12-13T06:34:30.146+0000][151028][gc,heap     ] GC(638) Old regions: 109->109
[2022-12-13T06:34:30.146+0000][151028][gc,heap     ] GC(638) Archive regions: 2->2
[2022-12-13T06:34:30.146+0000][151028][gc,heap     ] GC(638) Humongous regions: 2->2
[2022-12-13T06:34:30.146+0000][151028][gc,metaspace] GC(638) Metaspace: 177696K(182272K)->177696K(182272K) NonClass: 155940K(158464K)->155940K(158464K) Class: 21756K(23808K)->21756K(23808K)
[2022-12-13T06:34:30.146+0000][151028][gc          ] GC(638) Pause Young (Concurrent Start) (G1 Humongous Allocation) 504M->451M(7992M) 6.316ms
[2022-12-13T06:34:30.146+0000][151028][gc          ] GC(639) Concurrent Mark Cycle
[2022-12-13T06:34:30.146+0000][151028][gc,marking  ] GC(639) Concurrent Clear Claimed Marks
[2022-12-13T06:34:30.146+0000][151028][gc,cpu      ] GC(638) User=0.02s Sys=0.01s Real=0.00s
[2022-12-13T06:34:30.146+0000][151028][safepoint   ] Safepoint "G1TryInitiateConcMark", Time since last: 32516100 ns, Reaching safepoint: 186900 ns, At safepoint: 6638500 ns, Total: 6825400 ns
[2022-12-13T06:34:30.146+0000][151028][gc,marking  ] GC(639) Concurrent Clear Claimed Marks 0.339ms
[2022-12-13T06:34:30.146+0000][151028][gc,marking  ] GC(639) Concurrent Scan Root Regions
[2022-12-13T06:34:30.149+0000][151028][gc,marking  ] GC(639) Concurrent Scan Root Regions 3.314ms
[2022-12-13T06:34:30.150+0000][151028][gc,marking  ] GC(639) Concurrent Mark
[2022-12-13T06:34:30.150+0000][151028][gc,marking  ] GC(639) Concurrent Mark From Roots
[2022-12-13T06:34:30.150+0000][151028][gc,task     ] GC(639) Using 3 workers of 3 for marking
[2022-12-13T06:34:30.435+0000][151028][gc,marking  ] GC(639) Concurrent Mark From Roots 285.888ms
[2022-12-13T06:34:30.436+0000][151028][gc,marking  ] GC(639) Concurrent Preclean
[2022-12-13T06:34:30.437+0000][151028][gc,marking  ] GC(639) Concurrent Preclean 1.039ms
[2022-12-13T06:34:30.468+0000][151028][gc,start    ] GC(639) Pause Remark
[2022-12-13T06:34:30.482+0000][151028][gc          ] GC(639) Pause Remark 1490M->1490M(7992M) 13.588ms
[2022-12-13T06:34:30.482+0000][151028][gc,cpu      ] GC(639) User=0.11s Sys=0.00s Real=0.02s
[2022-12-13T06:34:30.482+0000][151028][safepoint   ] Safepoint "G1PauseRemark", Time since last: 290869800 ns, Reaching safepoint: 31095200 ns, At safepoint: 13936600 ns, Total: 45031800 ns
[2022-12-13T06:34:30.482+0000][151028][gc,marking  ] GC(639) Concurrent Mark 332.413ms
[2022-12-13T06:34:30.482+0000][151028][gc,marking  ] GC(639) Concurrent Rebuild Remembered Sets
[2022-12-13T06:34:30.634+0000][151028][gc,marking  ] GC(639) Concurrent Rebuild Remembered Sets 152.365ms
[2022-12-13T06:34:30.635+0000][151028][gc,start    ] GC(639) Pause Cleanup
[2022-12-13T06:34:30.635+0000][151028][gc          ] GC(639) Pause Cleanup 1774M->1774M(7992M) 0.489ms
[2022-12-13T06:34:30.635+0000][151028][gc,cpu      ] GC(639) User=0.00s Sys=0.00s Real=0.00s
[2022-12-13T06:34:30.635+0000][151028][safepoint   ] Safepoint "G1PauseCleanup", Time since last: 152698100 ns, Reaching safepoint: 318600 ns, At safepoint: 607500 ns, Total: 926100 ns
[2022-12-13T06:34:30.635+0000][151028][gc,marking  ] GC(639) Concurrent Cleanup for Next Mark
[2022-12-13T06:34:30.658+0000][151028][gc,marking  ] GC(639) Concurrent Cleanup for Next Mark 22.900ms
[2022-12-13T06:34:30.658+0000][151028][gc          ] GC(639) Concurrent Mark Cycle 512.764ms
[2022-12-13T06:34:31.636+0000][151028][safepoint   ] Safepoint "Cleanup", Time since last: 1000139500 ns, Reaching safepoint: 196100 ns, At safepoint: 26200 ns, Total: 222300 ns
[2022-12-13T06:34:32.636+0000][151028][safepoint   ] Safepoint "Cleanup", Time since last: 1000146800 ns, Reaching safepoint: 186900 ns, At safepoint: 11400 ns, Total: 198300 ns
[2022-12-13T06:34:33.648+0000][151028][safepoint   ] Safepoint "Cleanup", Time since last: 1000284400 ns, Reaching safepoint: 11120800 ns, At safepoint: 137500 ns, Total: 11258300 ns
[2022-12-13T06:34:33.795+0000][151028][gc,start    ] GC(640) Pause Young (Prepare Mixed) (G1 Preventive Collection)
[2022-12-13T06:34:33.795+0000][151028][gc,task     ] GC(640) Using 10 workers of 10 for evacuation
[2022-12-13T06:34:33.795+0000][151028][gc,age      ] GC(640) Desired survivor size 310378496 bytes, new threshold 15 (max threshold 15)
[2022-12-13T06:34:33.830+0000][151028][gc,phases   ] GC(640)   Pre Evacuate Collection Set: 0.4ms
[2022-12-13T06:34:33.830+0000][151028][gc,phases   ] GC(640)   Merge Heap Roots: 0.3ms
[2022-12-13T06:34:33.830+0000][151028][gc,phases   ] GC(640)   Evacuate Collection Set: 9.5ms
[2022-12-13T06:34:33.830+0000][151028][gc,phases   ] GC(640)   Post Evacuate Collection Set: 24.3ms
[2022-12-13T06:34:33.830+0000][151028][gc,phases   ] GC(640)   Other: 0.2ms
[2022-12-13T06:34:33.830+0000][151028][gc,age      ] GC(640) Age table with threshold 15 (max threshold 15)
[2022-12-13T06:34:33.830+0000][151028][gc,age      ] GC(640) - age   1:   89448480 bytes,   89448480 total
[2022-12-13T06:34:33.830+0000][151028][gc,age      ] GC(640) - age   2:        472 bytes,   89448952 total
[2022-12-13T06:34:33.830+0000][151028][gc,age      ] GC(640) - age   3:      31808 bytes,   89480760 total
[2022-12-13T06:34:33.830+0000][151028][gc,heap     ] GC(640) Eden regions: 351->0(76)
[2022-12-13T06:34:33.830+0000][151028][gc,heap     ] GC(640) Survivor regions: 2->23(58)
[2022-12-13T06:34:33.830+0000][151028][gc,heap     ] GC(640) Old regions: 109->109
[2022-12-13T06:34:33.830+0000][151028][gc,heap     ] GC(640) Archive regions: 2->2
[2022-12-13T06:34:33.830+0000][151028][gc,heap     ] GC(640) Humongous regions: 1476->10
[2022-12-13T06:34:33.830+0000][151028][gc,metaspace] GC(640) Metaspace: 177726K(182272K)->177726K(182272K) NonClass: 155969K(158464K)->155969K(158464K) Class: 21757K(23808K)->21757K(23808K)
[2022-12-13T06:34:33.830+0000][151028][gc          ] GC(640) Pause Young (Prepare Mixed) (G1 Preventive Collection) 7751M->567M(7992M) 35.021ms
[2022-12-13T06:34:33.830+0000][151028][gc,cpu      ] GC(640) User=0.24s Sys=0.00s Real=0.04s
[2022-12-13T06:34:33.830+0000][151028][safepoint   ] Safepoint "G1CollectForAllocation", Time since last: 147219000 ns, Reaching safepoint: 297900 ns, At safepoint: 35247800 ns, Total: 35545700 ns
[2022-12-13T06:34:34.657+0000][151028][gc,start    ] GC(641) Pause Young (Mixed) (G1 Evacuation Pause)
[2022-12-13T06:34:34.657+0000][151028][gc,task     ] GC(641) Using 10 workers of 10 for evacuation
[2022-12-13T06:34:34.657+0000][151028][gc,age      ] GC(641) Desired survivor size 27262976 bytes, new threshold 1 (max threshold 15)
[2022-12-13T06:34:34.680+0000][151028][gc,phases   ] GC(641)   Pre Evacuate Collection Set: 0.5ms
[2022-12-13T06:34:34.680+0000][151028][gc,phases   ] GC(641)   Merge Heap Roots: 0.3ms
[2022-12-13T06:34:34.680+0000][151028][gc,phases   ] GC(641)   Evacuate Collection Set: 10.3ms
[2022-12-13T06:34:34.680+0000][151028][gc,phases   ] GC(641)   Post Evacuate Collection Set: 11.1ms
[2022-12-13T06:34:34.680+0000][151028][gc,phases   ] GC(641)   Other: 0.2ms
[2022-12-13T06:34:34.680+0000][151028][gc,age      ] GC(641) Age table with threshold 1 (max threshold 15)
[2022-12-13T06:34:34.680+0000][151028][gc,age      ] GC(641) - age   1:   30145632 bytes,   30145632 total
[2022-12-13T06:34:34.680+0000][151028][gc,heap     ] GC(641) Eden regions: 76->0(1189)
[2022-12-13T06:34:34.680+0000][151028][gc,heap     ] GC(641) Survivor regions: 23->9(13)
[2022-12-13T06:34:34.680+0000][151028][gc,heap     ] GC(641) Old regions: 109->109
[2022-12-13T06:34:34.680+0000][151028][gc,heap     ] GC(641) Archive regions: 2->2
[2022-12-13T06:34:34.680+0000][151028][gc,heap     ] GC(641) Humongous regions: 376->35
[2022-12-13T06:34:34.680+0000][151028][gc,metaspace] GC(641) Metaspace: 177729K(182336K)->177729K(182336K) NonClass: 155972K(158528K)->155972K(158528K) Class: 21757K(23808K)->21757K(23808K)
[2022-12-13T06:34:34.680+0000][151028][gc          ] GC(641) Pause Young (Mixed) (G1 Evacuation Pause) 2335M->612M(7992M) 22.744ms
[2022-12-13T06:34:34.680+0000][151028][gc,cpu      ] GC(641) User=0.14s Sys=0.03s Real=0.03s
[2022-12-13T06:34:34.680+0000][151028][safepoint   ] Safepoint "G1CollectForAllocation", Time since last: 824275100 ns, Reaching safepoint: 2389900 ns, At safepoint: 23048000 ns, Total: 25437900 ns
[2022-12-13T06:34:34.689+0000][151028][gc,start    ] GC(642) Pause Young (Concurrent Start) (G1 Humongous Allocation)
[2022-12-13T06:34:34.689+0000][151028][gc,task     ] GC(642) Using 10 workers of 10 for evacuation
[2022-12-13T06:34:34.689+0000][151028][gc,age      ] GC(642) Desired survivor size 314572800 bytes, new threshold 15 (max threshold 15)
[2022-12-13T06:34:34.697+0000][151028][gc,phases   ] GC(642)   Pre Evacuate Collection Set: 1.1ms
[2022-12-13T06:34:34.697+0000][151028][gc,phases   ] GC(642)   Merge Heap Roots: 0.2ms
[2022-12-13T06:34:34.697+0000][151028][gc,phases   ] GC(642)   Evacuate Collection Set: 4.2ms
[2022-12-13T06:34:34.697+0000][151028][gc,phases   ] GC(642)   Post Evacuate Collection Set: 2.3ms
[2022-12-13T06:34:34.697+0000][151028][gc,phases   ] GC(642)   Other: 0.1ms
[2022-12-13T06:34:34.697+0000][151028][gc,age      ] GC(642) Age table with threshold 15 (max threshold 15)
[2022-12-13T06:34:34.697+0000][151028][gc,age      ] GC(642) - age   1:    4222688 bytes,    4222688 total
[2022-12-13T06:34:34.697+0000][151028][gc,age      ] GC(642) - age   2:    7526912 bytes,   11749600 total
[2022-12-13T06:34:34.697+0000][151028][gc,heap     ] GC(642) Eden regions: 5->0(1194)
[2022-12-13T06:34:34.697+0000][151028][gc,heap     ] GC(642) Survivor regions: 9->4(150)
[2022-12-13T06:34:34.697+0000][151028][gc,heap     ] GC(642) Old regions: 109->109
[2022-12-13T06:34:34.697+0000][151028][gc,heap     ] GC(642) Archive regions: 2->2
[2022-12-13T06:34:34.697+0000][151028][gc,heap     ] GC(642) Humongous regions: 35->2
[2022-12-13T06:34:34.697+0000][151028][gc,metaspace] GC(642) Metaspace: 177729K(182336K)->177729K(182336K) NonClass: 155972K(158528K)->155972K(158528K) Class: 21757K(23808K)->21757K(23808K)
[2022-12-13T06:34:34.697+0000][151028][gc          ] GC(642) Pause Young (Concurrent Start) (G1 Humongous Allocation) 628M->458M(7992M) 8.208ms
[2022-12-13T06:34:34.697+0000][151028][gc,cpu      ] GC(642) User=0.04s Sys=0.00s Real=0.01s
[2022-12-13T06:34:34.697+0000][151028][gc          ] GC(643) Concurrent Mark Cycle
[2022-12-13T06:34:34.697+0000][151028][gc,marking  ] GC(643) Concurrent Clear Claimed Marks
[2022-12-13T06:34:34.697+0000][151028][safepoint   ] Safepoint "G1TryInitiateConcMark", Time since last: 8606600 ns, Reaching safepoint: 264800 ns, At safepoint: 8454300 ns, Total: 8719100 ns
[2022-12-13T06:34:34.698+0000][151028][gc,marking  ] GC(643) Concurrent Clear Claimed Marks 0.413ms
[2022-12-13T06:34:34.698+0000][151028][gc,marking  ] GC(643) Concurrent Scan Root Regions
[2022-12-13T06:34:34.702+0000][151028][gc,marking  ] GC(643) Concurrent Scan Root Regions 4.236ms
[2022-12-13T06:34:34.702+0000][151028][gc,marking  ] GC(643) Concurrent Mark
[2022-12-13T06:34:34.702+0000][151028][gc,marking  ] GC(643) Concurrent Mark From Roots
[2022-12-13T06:34:34.702+0000][151028][gc,task     ] GC(643) Using 3 workers of 3 for marking
[2022-12-13T06:34:34.987+0000][151028][gc,marking  ] GC(643) Concurrent Mark From Roots 285.044ms
[2022-12-13T06:34:34.987+0000][151028][gc,marking  ] GC(643) Concurrent Preclean
[2022-12-13T06:34:34.989+0000][151028][gc,marking  ] GC(643) Concurrent Preclean 1.443ms
[2022-12-13T06:34:35.008+0000][151028][gc,start    ] GC(643) Pause Remark
[2022-12-13T06:34:35.023+0000][151028][gc          ] GC(643) Pause Remark 1214M->1214M(7992M) 14.419ms
[2022-12-13T06:34:35.023+0000][151028][gc,cpu      ] GC(643) User=0.10s Sys=0.01s Real=0.02s
[2022-12-13T06:34:35.023+0000][151028][safepoint   ] Safepoint "G1PauseRemark", Time since last: 292109400 ns, Reaching safepoint: 18443900 ns, At safepoint: 14734400 ns, Total: 33178300 ns
[2022-12-13T06:34:35.023+0000][151028][gc,marking  ] GC(643) Concurrent Mark 320.694ms
[2022-12-13T06:34:35.023+0000][151028][gc,marking  ] GC(643) Concurrent Rebuild Remembered Sets
[2022-12-13T06:34:35.215+0000][151028][gc,marking  ] GC(643) Concurrent Rebuild Remembered Sets 191.583ms
[2022-12-13T06:34:35.215+0000][151028][gc,start    ] GC(643) Pause Cleanup
[2022-12-13T06:34:35.216+0000][151028][gc          ] GC(643) Pause Cleanup 1826M->1826M(7992M) 0.465ms
[2022-12-13T06:34:35.216+0000][151028][gc,cpu      ] GC(643) User=0.00s Sys=0.00s Real=0.00s
[2022-12-13T06:34:35.216+0000][151028][safepoint   ] Safepoint "G1PauseCleanup", Time since last: 191839400 ns, Reaching safepoint: 637000 ns, At safepoint: 690000 ns, Total: 1327000 ns
[2022-12-13T06:34:35.216+0000][151028][gc,marking  ] GC(643) Concurrent Cleanup for Next Mark
[2022-12-13T06:34:35.242+0000][151028][gc,marking  ] GC(643) Concurrent Cleanup for Next Mark 26.148ms
[2022-12-13T06:34:35.242+0000][151028][gc          ] GC(643) Concurrent Mark Cycle 544.857ms
[2022-12-13T06:34:36.228+0000][151028][safepoint   ] Safepoint "Cleanup", Time since last: 1000200400 ns, Reaching safepoint: 12095600 ns, At safepoint: 101000 ns, Total: 12196600 ns
[2022-12-13T06:34:37.229+0000][151028][safepoint   ] Safepoint "Cleanup", Time since last: 1000189200 ns, Reaching safepoint: 219500 ns, At safepoint: 27100 ns, Total: 246600 ns
[2022-12-13T06:34:38.982+0000][151028][gc,start    ] GC(644) Pause Young (Prepare Mixed) (G1 Preventive Collection)
[2022-12-13T06:34:38.982+0000][151028][gc,task     ] GC(644) Using 10 workers of 10 for evacuation
[2022-12-13T06:34:38.982+0000][151028][gc,age      ] GC(644) Desired survivor size 314572800 bytes, new threshold 15 (max threshold 15)
[2022-12-13T06:34:39.025+0000][151028][gc,phases   ] GC(644)   Pre Evacuate Collection Set: 0.4ms
[2022-12-13T06:34:39.025+0000][151028][gc,phases   ] GC(644)   Merge Heap Roots: 0.3ms
[2022-12-13T06:34:39.025+0000][151028][gc,phases   ] GC(644)   Evacuate Collection Set: 8.3ms
[2022-12-13T06:34:39.025+0000][151028][gc,phases   ] GC(644)   Post Evacuate Collection Set: 33.0ms
[2022-12-13T06:34:39.025+0000][151028][gc,phases   ] GC(644)   Other: 0.2ms
[2022-12-13T06:34:39.025+0000][151028][gc,age      ] GC(644) Age table with threshold 15 (max threshold 15)
[2022-12-13T06:34:39.025+0000][151028][gc,age      ] GC(644) - age   1:  101780120 bytes,  101780120 total
[2022-12-13T06:34:39.025+0000][151028][gc,age      ] GC(644) - age   2:    1994432 bytes,  103774552 total
[2022-12-13T06:34:39.025+0000][151028][gc,age      ] GC(644) - age   3:    1765848 bytes,  105540400 total
[2022-12-13T06:34:39.025+0000][151028][gc,heap     ] GC(644) Eden regions: 419->0(69)
[2022-12-13T06:34:39.025+0000][151028][gc,heap     ] GC(644) Survivor regions: 4->30(64)
[2022-12-13T06:34:39.025+0000][151028][gc,heap     ] GC(644) Old regions: 109->109
[2022-12-13T06:34:39.025+0000][151028][gc,heap     ] GC(644) Archive regions: 2->2
[2022-12-13T06:34:39.025+0000][151028][gc,heap     ] GC(644) Humongous regions: 1400->2
[2022-12-13T06:34:39.025+0000][151028][gc,metaspace] GC(644) Metaspace: 177732K(182336K)->177732K(182336K) NonClass: 155974K(158528K)->155974K(158528K) Class: 21757K(23808K)->21757K(23808K)
[2022-12-13T06:34:39.025+0000][151028][gc          ] GC(644) Pause Young (Prepare Mixed) (G1 Preventive Collection) 7726M->563M(7992M) 42.662ms
[2022-12-13T06:34:39.025+0000][151028][gc,cpu      ] GC(644) User=0.36s Sys=0.00s Real=0.04s
[2022-12-13T06:34:39.025+0000][151028][safepoint   ] Safepoint "G1CollectForAllocation", Time since last: 1753057300 ns, Reaching safepoint: 317200 ns, At safepoint: 42889700 ns, Total: 43206900 ns
[2022-12-13T06:34:39.618+0000][151028][gc,start    ] GC(645) Pause Young (Mixed) (G1 Evacuation Pause)
[2022-12-13T06:34:39.618+0000][151028][gc,task     ] GC(645) Using 10 workers of 10 for evacuation
[2022-12-13T06:34:39.618+0000][151028][gc,age      ] GC(645) Desired survivor size 27262976 bytes, new threshold 1 (max threshold 15)
[2022-12-13T06:34:39.634+0000][151028][gc,phases   ] GC(645)   Pre Evacuate Collection Set: 0.4ms
[2022-12-13T06:34:39.634+0000][151028][gc,phases   ] GC(645)   Merge Heap Roots: 0.4ms
[2022-12-13T06:34:39.634+0000][151028][gc,phases   ] GC(645)   Evacuate Collection Set: 10.8ms
[2022-12-13T06:34:39.634+0000][151028][gc,phases   ] GC(645)   Post Evacuate Collection Set: 4.0ms
[2022-12-13T06:34:39.634+0000][151028][gc,phases   ] GC(645)   Other: 0.2ms
[2022-12-13T06:34:39.634+0000][151028][gc,age      ] GC(645) Age table with threshold 1 (max threshold 15)
[2022-12-13T06:34:39.634+0000][151028][gc,age      ] GC(645) - age   1:   15469288 bytes,   15469288 total
[2022-12-13T06:34:39.634+0000][151028][gc,heap     ] GC(645) Eden regions: 69->0(1193)
[2022-12-13T06:34:39.634+0000][151028][gc,heap     ] GC(645) Survivor regions: 30->5(13)
[2022-12-13T06:34:39.634+0000][151028][gc,heap     ] GC(645) Old regions: 109->108
[2022-12-13T06:34:39.634+0000][151028][gc,heap     ] GC(645) Archive regions: 2->2
[2022-12-13T06:34:39.634+0000][151028][gc,heap     ] GC(645) Humongous regions: 230->2
[2022-12-13T06:34:39.634+0000][151028][gc,metaspace] GC(645) Metaspace: 177735K(182336K)->177735K(182336K) NonClass: 155977K(158528K)->155977K(158528K) Class: 21757K(23808K)->21757K(23808K)
[2022-12-13T06:34:39.634+0000][151028][gc          ] GC(645) Pause Young (Mixed) (G1 Evacuation Pause) 1751M->460M(7992M) 16.108ms
[2022-12-13T06:34:39.634+0000][151028][gc,cpu      ] GC(645) User=0.11s Sys=0.01s Real=0.02s
[2022-12-13T06:34:39.634+0000][151028][safepoint   ] Safepoint "G1CollectForAllocation", Time since last: 592490700 ns, Reaching safepoint: 189700 ns, At safepoint: 16313600 ns, Total: 16503300 ns
[2022-12-13T06:34:39.636+0000][151028][gc,start    ] GC(646) Pause Young (Concurrent Start) (G1 Humongous Allocation)
[2022-12-13T06:34:39.636+0000][151028][gc,task     ] GC(646) Using 10 workers of 10 for evacuation
[2022-12-13T06:34:39.636+0000][151028][gc,age      ] GC(646) Desired survivor size 314572800 bytes, new threshold 15 (max threshold 15)
[2022-12-13T06:34:39.643+0000][151028][gc,phases   ] GC(646)   Pre Evacuate Collection Set: 0.9ms
[2022-12-13T06:34:39.643+0000][151028][gc,phases   ] GC(646)   Merge Heap Roots: 0.2ms
[2022-12-13T06:34:39.643+0000][151028][gc,phases   ] GC(646)   Evacuate Collection Set: 4.1ms
[2022-12-13T06:34:39.643+0000][151028][gc,phases   ] GC(646)   Post Evacuate Collection Set: 1.5ms
[2022-12-13T06:34:39.643+0000][151028][gc,phases   ] GC(646)   Other: 0.1ms
[2022-12-13T06:34:39.643+0000][151028][gc,age      ] GC(646) Age table with threshold 15 (max threshold 15)
[2022-12-13T06:34:39.643+0000][151028][gc,age      ] GC(646) - age   1:     316088 bytes,     316088 total
[2022-12-13T06:34:39.643+0000][151028][gc,age      ] GC(646) - age   2:    9999416 bytes,   10315504 total
[2022-12-13T06:34:39.643+0000][151028][gc,heap     ] GC(646) Eden regions: 2->0(1194)
[2022-12-13T06:34:39.643+0000][151028][gc,heap     ] GC(646) Survivor regions: 5->4(150)
[2022-12-13T06:34:39.643+0000][151028][gc,heap     ] GC(646) Old regions: 108->108
[2022-12-13T06:34:39.643+0000][151028][gc,heap     ] GC(646) Archive regions: 2->2
[2022-12-13T06:34:39.643+0000][151028][gc,heap     ] GC(646) Humongous regions: 2->2
[2022-12-13T06:34:39.643+0000][151028][gc,metaspace] GC(646) Metaspace: 177735K(182336K)->177735K(182336K) NonClass: 155977K(158528K)->155977K(158528K) Class: 21757K(23808K)->21757K(23808K)
[2022-12-13T06:34:39.643+0000][151028][gc          ] GC(646) Pause Young (Concurrent Start) (G1 Humongous Allocation) 466M->454M(7992M) 7.052ms
[2022-12-13T06:34:39.643+0000][151028][gc          ] GC(647) Concurrent Mark Cycle
[2022-12-13T06:34:39.643+0000][151028][gc,marking  ] GC(647) Concurrent Clear Claimed Marks
[2022-12-13T06:34:39.643+0000][151028][gc,cpu      ] GC(646) User=0.03s Sys=0.01s Real=0.01s
[2022-12-13T06:34:39.643+0000][151028][safepoint   ] Safepoint "G1TryInitiateConcMark", Time since last: 1476700 ns, Reaching safepoint: 573900 ns, At safepoint: 7314300 ns, Total: 7888200 ns
[2022-12-13T06:34:39.644+0000][151028][gc,marking  ] GC(647) Concurrent Clear Claimed Marks 0.256ms
[2022-12-13T06:34:39.644+0000][151028][gc,marking  ] GC(647) Concurrent Scan Root Regions
[2022-12-13T06:34:39.646+0000][151028][gc,marking  ] GC(647) Concurrent Scan Root Regions 2.228ms
[2022-12-13T06:34:39.646+0000][151028][gc,marking  ] GC(647) Concurrent Mark
[2022-12-13T06:34:39.646+0000][151028][gc,marking  ] GC(647) Concurrent Mark From Roots
[2022-12-13T06:34:39.646+0000][151028][gc,task     ] GC(647) Using 3 workers of 3 for marking
[2022-12-13T06:34:39.914+0000][151028][gc,marking  ] GC(647) Concurrent Mark From Roots 268.654ms
[2022-12-13T06:34:39.915+0000][151028][gc,marking  ] GC(647) Concurrent Preclean
[2022-12-13T06:34:39.915+0000][151028][gc,marking  ] GC(647) Concurrent Preclean 0.647ms
[2022-12-13T06:34:39.916+0000][151028][gc,start    ] GC(647) Pause Remark
[2022-12-13T06:34:39.929+0000][151028][gc          ] GC(647) Pause Remark 1026M->1026M(7992M) 12.905ms
[2022-12-13T06:34:39.929+0000][151028][gc,cpu      ] GC(647) User=0.11s Sys=0.00s Real=0.01s
[2022-12-13T06:34:39.929+0000][151028][safepoint   ] Safepoint "G1PauseRemark", Time since last: 271882300 ns, Reaching safepoint: 562200 ns, At safepoint: 13114300 ns, Total: 13676500 ns
[2022-12-13T06:34:39.929+0000][151028][gc,marking  ] GC(647) Concurrent Mark 283.248ms
[2022-12-13T06:34:39.929+0000][151028][gc,marking  ] GC(647) Concurrent Rebuild Remembered Sets
[2022-12-13T06:34:40.083+0000][151028][gc,marking  ] GC(647) Concurrent Rebuild Remembered Sets 153.967ms
[2022-12-13T06:34:40.083+0000][151028][gc,start    ] GC(647) Pause Cleanup
[2022-12-13T06:34:40.084+0000][151028][gc          ] GC(647) Pause Cleanup 1428M->1428M(7992M) 0.491ms
[2022-12-13T06:34:40.084+0000][151028][gc,cpu      ] GC(647) User=0.00s Sys=0.00s Real=0.00s
[2022-12-13T06:34:40.084+0000][151028][safepoint   ] Safepoint "G1PauseCleanup", Time since last: 154260400 ns, Reaching safepoint: 237900 ns, At safepoint: 604100 ns, Total: 842000 ns
[2022-12-13T06:34:40.084+0000][151028][gc,marking  ] GC(647) Concurrent Cleanup for Next Mark
[2022-12-13T06:34:40.108+0000][151028][gc,marking  ] GC(647) Concurrent Cleanup for Next Mark 24.117ms
[2022-12-13T06:34:40.108+0000][151028][gc          ] GC(647) Concurrent Mark Cycle 465.106ms
[2022-12-13T06:34:41.093+0000][151028][safepoint   ] Safepoint "Cleanup", Time since last: 1000178500 ns, Reaching safepoint: 8869700 ns, At safepoint: 107700 ns, Total: 8977400 ns
[2022-12-13T06:34:42.094+0000][151028][safepoint   ] Safepoint "Cleanup", Time since last: 1000320600 ns, Reaching safepoint: 292700 ns, At safepoint: 27500 ns, Total: 320200 ns
[2022-12-13T06:34:44.094+0000][151028][safepoint   ] Safepoint "Cleanup", Time since last: 2000260500 ns, Reaching safepoint: 213000 ns, At safepoint: 37900 ns, Total: 250900 ns
[2022-12-13T06:34:44.707+0000][151028][gc,start    ] GC(648) Pause Young (Prepare Mixed) (G1 Preventive Collection)
[2022-12-13T06:34:44.707+0000][151028][gc,task     ] GC(648) Using 10 workers of 10 for evacuation
[2022-12-13T06:34:44.707+0000][151028][gc,age      ] GC(648) Desired survivor size 314572800 bytes, new threshold 15 (max threshold 15)
[2022-12-13T06:34:44.753+0000][151028][gc,phases   ] GC(648)   Pre Evacuate Collection Set: 0.4ms
[2022-12-13T06:34:44.753+0000][151028][gc,phases   ] GC(648)   Merge Heap Roots: 0.3ms
[2022-12-13T06:34:44.753+0000][151028][gc,phases   ] GC(648)   Evacuate Collection Set: 4.0ms
[2022-12-13T06:34:44.753+0000][151028][gc,phases   ] GC(648)   Post Evacuate Collection Set: 40.5ms
[2022-12-13T06:34:44.753+0000][151028][gc,phases   ] GC(648)   Other: 0.2ms
[2022-12-13T06:34:44.753+0000][151028][gc,age      ] GC(648) Age table with threshold 15 (max threshold 15)
[2022-12-13T06:34:44.753+0000][151028][gc,age      ] GC(648) - age   1:  111615680 bytes,  111615680 total
[2022-12-13T06:34:44.753+0000][151028][gc,age      ] GC(648) - age   2:      41920 bytes,  111657600 total
[2022-12-13T06:34:44.753+0000][151028][gc,age      ] GC(648) - age   3:    3126104 bytes,  114783704 total
[2022-12-13T06:34:44.753+0000][151028][gc,heap     ] GC(648) Eden regions: 512->0(70)
[2022-12-13T06:34:44.753+0000][151028][gc,heap     ] GC(648) Survivor regions: 4->29(60)
[2022-12-13T06:34:44.753+0000][151028][gc,heap     ] GC(648) Old regions: 108->108
[2022-12-13T06:34:44.753+0000][151028][gc,heap     ] GC(648) Archive regions: 2->2
[2022-12-13T06:34:44.753+0000][151028][gc,heap     ] GC(648) Humongous regions: 1312->2
[2022-12-13T06:34:44.753+0000][151028][gc,metaspace] GC(648) Metaspace: 177759K(182336K)->177759K(182336K) NonClass: 156002K(158528K)->156002K(158528K) Class: 21757K(23808K)->21757K(23808K)
[2022-12-13T06:34:44.753+0000][151028][gc          ] GC(648) Pause Young (Prepare Mixed) (G1 Preventive Collection) 7740M->552M(7992M) 45.693ms
[2022-12-13T06:34:44.753+0000][151028][gc,cpu      ] GC(648) User=0.39s Sys=0.00s Real=0.05s
[2022-12-13T06:34:44.753+0000][151028][safepoint   ] Safepoint "G1CollectForAllocation", Time since last: 612756800 ns, Reaching safepoint: 188200 ns, At safepoint: 45867600 ns, Total: 46055800 ns
[2022-12-13T06:34:45.089+0000][151028][gc,start    ] GC(649) Pause Young (Mixed) (G1 Evacuation Pause)
[2022-12-13T06:34:45.089+0000][151028][gc,task     ] GC(649) Using 10 workers of 10 for evacuation
[2022-12-13T06:34:45.089+0000][151028][gc,age      ] GC(649) Desired survivor size 27262976 bytes, new threshold 1 (max threshold 15)
[2022-12-13T06:34:45.110+0000][151028][gc,phases   ] GC(649)   Pre Evacuate Collection Set: 0.4ms
[2022-12-13T06:34:45.110+0000][151028][gc,phases   ] GC(649)   Merge Heap Roots: 0.4ms
[2022-12-13T06:34:45.110+0000][151028][gc,phases   ] GC(649)   Evacuate Collection Set: 13.7ms
[2022-12-13T06:34:45.110+0000][151028][gc,phases   ] GC(649)   Post Evacuate Collection Set: 6.5ms
[2022-12-13T06:34:45.110+0000][151028][gc,phases   ] GC(649)   Other: 0.2ms
[2022-12-13T06:34:45.110+0000][151028][gc,age      ] GC(649) Age table with threshold 1 (max threshold 15)
[2022-12-13T06:34:45.110+0000][151028][gc,age      ] GC(649) - age   1:   37760680 bytes,   37760680 total
[2022-12-13T06:34:45.110+0000][151028][gc,heap     ] GC(649) Eden regions: 70->0(1187)
[2022-12-13T06:34:45.110+0000][151028][gc,heap     ] GC(649) Survivor regions: 29->11(13)
[2022-12-13T06:34:45.110+0000][151028][gc,heap     ] GC(649) Old regions: 108->106
[2022-12-13T06:34:45.110+0000][151028][gc,heap     ] GC(649) Archive regions: 2->2
[2022-12-13T06:34:45.110+0000][151028][gc,heap     ] GC(649) Humongous regions: 116->8
[2022-12-13T06:34:45.110+0000][151028][gc,metaspace] GC(649) Metaspace: 177763K(182336K)->177763K(182336K) NonClass: 156005K(158528K)->156005K(158528K) Class: 21757K(23808K)->21757K(23808K)
[2022-12-13T06:34:45.111+0000][151028][gc          ] GC(649) Pause Young (Mixed) (G1 Evacuation Pause) 1288M->500M(7992M) 21.602ms
[2022-12-13T06:34:45.111+0000][151028][gc,cpu      ] GC(649) User=0.17s Sys=0.01s Real=0.03s
[2022-12-13T06:34:45.111+0000][151028][safepoint   ] Safepoint "G1CollectForAllocation", Time since last: 335410100 ns, Reaching safepoint: 292600 ns, At safepoint: 21781500 ns, Total: 22074100 ns
[2022-12-13T06:34:45.350+0000][151028][gc,start    ] GC(650) Pause Young (Concurrent Start) (G1 Humongous Allocation)
[2022-12-13T06:34:45.350+0000][151028][gc,task     ] GC(650) Using 10 workers of 10 for evacuation
[2022-12-13T06:34:45.350+0000][151028][gc,age      ] GC(650) Desired survivor size 314572800 bytes, new threshold 15 (max threshold 15)
[2022-12-13T06:34:45.365+0000][151028][gc,phases   ] GC(650)   Pre Evacuate Collection Set: 0.8ms
[2022-12-13T06:34:45.365+0000][151028][gc,phases   ] GC(650)   Merge Heap Roots: 0.2ms
[2022-12-13T06:34:45.365+0000][151028][gc,phases   ] GC(650)   Evacuate Collection Set: 3.4ms
[2022-12-13T06:34:45.365+0000][151028][gc,phases   ] GC(650)   Post Evacuate Collection Set: 9.9ms
[2022-12-13T06:34:45.365+0000][151028][gc,phases   ] GC(650)   Other: 0.1ms
[2022-12-13T06:34:45.365+0000][151028][gc,age      ] GC(650) Age table with threshold 15 (max threshold 15)
[2022-12-13T06:34:45.365+0000][151028][gc,age      ] GC(650) - age   1:    3541920 bytes,    3541920 total
[2022-12-13T06:34:45.365+0000][151028][gc,age      ] GC(650) - age   2:   15513792 bytes,   19055712 total
[2022-12-13T06:34:45.365+0000][151028][gc,heap     ] GC(650) Eden regions: 24->0(1192)
[2022-12-13T06:34:45.365+0000][151028][gc,heap     ] GC(650) Survivor regions: 11->6(150)
[2022-12-13T06:34:45.365+0000][151028][gc,heap     ] GC(650) Old regions: 106->106
[2022-12-13T06:34:45.365+0000][151028][gc,heap     ] GC(650) Archive regions: 2->2
[2022-12-13T06:34:45.365+0000][151028][gc,heap     ] GC(650) Humongous regions: 8->2
[2022-12-13T06:34:45.365+0000][151028][gc,metaspace] GC(650) Metaspace: 177763K(182336K)->177763K(182336K) NonClass: 156005K(158528K)->156005K(158528K) Class: 21757K(23808K)->21757K(23808K)
[2022-12-13T06:34:45.365+0000][151028][gc          ] GC(650) Pause Young (Concurrent Start) (G1 Humongous Allocation) 594M->457M(7992M) 14.873ms
[2022-12-13T06:34:45.365+0000][151028][gc          ] GC(651) Concurrent Mark Cycle
[2022-12-13T06:34:45.365+0000][151028][gc,marking  ] GC(651) Concurrent Clear Claimed Marks
[2022-12-13T06:34:45.365+0000][151028][gc,cpu      ] GC(650) User=0.06s Sys=0.00s Real=0.01s
[2022-12-13T06:34:45.365+0000][151028][safepoint   ] Safepoint "G1TryInitiateConcMark", Time since last: 239115600 ns, Reaching safepoint: 211500 ns, At safepoint: 15211600 ns, Total: 15423100 ns
[2022-12-13T06:34:45.365+0000][151028][gc,marking  ] GC(651) Concurrent Clear Claimed Marks 0.442ms
[2022-12-13T06:34:45.365+0000][151028][gc,marking  ] GC(651) Concurrent Scan Root Regions
[2022-12-13T06:34:45.369+0000][151028][gc,marking  ] GC(651) Concurrent Scan Root Regions 3.604ms
[2022-12-13T06:34:45.369+0000][151028][gc,marking  ] GC(651) Concurrent Mark
[2022-12-13T06:34:45.369+0000][151028][gc,marking  ] GC(651) Concurrent Mark From Roots
[2022-12-13T06:34:45.369+0000][151028][gc,task     ] GC(651) Using 3 workers of 3 for marking
[2022-12-13T06:34:45.664+0000][151028][gc,marking  ] GC(651) Concurrent Mark From Roots 295.273ms
[2022-12-13T06:34:45.665+0000][151028][gc,marking  ] GC(651) Concurrent Preclean
[2022-12-13T06:34:45.665+0000][151028][gc,marking  ] GC(651) Concurrent Preclean 0.708ms
[2022-12-13T06:34:45.666+0000][151028][gc,start    ] GC(651) Pause Remark
[2022-12-13T06:34:45.681+0000][151028][gc          ] GC(651) Pause Remark 939M->939M(7992M) 15.751ms
[2022-12-13T06:34:45.682+0000][151028][gc,cpu      ] GC(651) User=0.12s Sys=0.00s Real=0.02s
[2022-12-13T06:34:45.682+0000][151028][safepoint   ] Safepoint "G1PauseRemark", Time since last: 300169100 ns, Reaching safepoint: 301200 ns, At safepoint: 15991900 ns, Total: 16293100 ns
[2022-12-13T06:34:45.682+0000][151028][gc,marking  ] GC(651) Concurrent Mark 312.558ms
[2022-12-13T06:34:45.682+0000][151028][gc,marking  ] GC(651) Concurrent Rebuild Remembered Sets
[2022-12-13T06:34:45.836+0000][151028][gc,marking  ] GC(651) Concurrent Rebuild Remembered Sets 154.172ms
[2022-12-13T06:34:45.836+0000][151028][gc,start    ] GC(651) Pause Cleanup
[2022-12-13T06:34:45.837+0000][151028][gc          ] GC(651) Pause Cleanup 1183M->1183M(7992M) 0.555ms
[2022-12-13T06:34:45.837+0000][151028][gc,cpu      ] GC(651) User=0.01s Sys=0.00s Real=0.00s
[2022-12-13T06:34:45.837+0000][151028][safepoint   ] Safepoint "G1PauseCleanup", Time since last: 154432100 ns, Reaching safepoint: 311400 ns, At safepoint: 684300 ns, Total: 995700 ns
[2022-12-13T06:34:45.837+0000][151028][gc,marking  ] GC(651) Concurrent Cleanup for Next Mark
[2022-12-13T06:34:45.859+0000][151028][gc,marking  ] GC(651) Concurrent Cleanup for Next Mark 21.920ms
[2022-12-13T06:34:45.859+0000][151028][gc          ] GC(651) Concurrent Mark Cycle 494.214ms
[2022-12-13T06:34:47.838+0000][151028][safepoint   ] Safepoint "Cleanup", Time since last: 2000228200 ns, Reaching safepoint: 212700 ns, At safepoint: 13100 ns, Total: 225800 ns
[2022-12-13T06:34:48.838+0000][151028][safepoint   ] Safepoint "Cleanup", Time since last: 1000149400 ns, Reaching safepoint: 270600 ns, At safepoint: 58900 ns, Total: 329500 ns
[2022-12-13T06:34:49.839+0000][151028][safepoint   ] Safepoint "Cleanup", Time since last: 1000149700 ns, Reaching safepoint: 1008600 ns, At safepoint: 49000 ns, Total: 1057600 ns
[2022-12-13T06:34:50.840+0000][151028][safepoint   ] Safepoint "Cleanup", Time since last: 1000154600 ns, Reaching safepoint: 180500 ns, At safepoint: 37700 ns, Total: 218200 ns
[2022-12-13T06:34:52.769+0000][151028][safepoint   ] Safepoint "Cleanup", Time since last: 1928942300 ns, Reaching safepoint: 310400 ns, At safepoint: 58500 ns, Total: 368900 ns
[2022-12-13T06:34:53.982+0000][151028][gc,start    ] GC(652) Pause Young (Prepare Mixed) (G1 Preventive Collection)
[2022-12-13T06:34:53.982+0000][151028][gc,task     ] GC(652) Using 10 workers of 10 for evacuation
[2022-12-13T06:34:53.982+0000][151028][gc,age      ] GC(652) Desired survivor size 314572800 bytes, new threshold 15 (max threshold 15)
[2022-12-13T06:34:54.096+0000][151028][gc,phases   ] GC(652)   Pre Evacuate Collection Set: 0.5ms
[2022-12-13T06:34:54.096+0000][151028][gc,phases   ] GC(652)   Merge Heap Roots: 0.6ms
[2022-12-13T06:34:54.096+0000][151028][gc,phases   ] GC(652)   Evacuate Collection Set: 5.8ms
[2022-12-13T06:34:54.096+0000][151028][gc,phases   ] GC(652)   Post Evacuate Collection Set: 107.3ms
[2022-12-13T06:34:54.096+0000][151028][gc,phases   ] GC(652)   Other: 0.2ms
[2022-12-13T06:34:54.096+0000][151028][gc,age      ] GC(652) Age table with threshold 15 (max threshold 15)
[2022-12-13T06:34:54.096+0000][151028][gc,age      ] GC(652) - age   1:  335742416 bytes,  335742416 total
[2022-12-13T06:34:54.096+0000][151028][gc,age      ] GC(652) - age   2:       1392 bytes,  335743808 total
[2022-12-13T06:34:54.096+0000][151028][gc,age      ] GC(652) - age   3:    1056928 bytes,  336800736 total
[2022-12-13T06:34:54.096+0000][151028][gc,heap     ] GC(652) Eden regions: 1021->0(16)
[2022-12-13T06:34:54.096+0000][151028][gc,heap     ] GC(652) Survivor regions: 6->83(126)
[2022-12-13T06:34:54.096+0000][151028][gc,heap     ] GC(652) Old regions: 106->106
[2022-12-13T06:34:54.096+0000][151028][gc,heap     ] GC(652) Archive regions: 2->2
[2022-12-13T06:34:54.096+0000][151028][gc,heap     ] GC(652) Humongous regions: 737->2
[2022-12-13T06:34:54.096+0000][151028][gc,metaspace] GC(652) Metaspace: 177852K(182400K)->177852K(182400K) NonClass: 156086K(158592K)->156086K(158592K) Class: 21766K(23808K)->21766K(23808K)
[2022-12-13T06:34:54.096+0000][151028][gc          ] GC(652) Pause Young (Prepare Mixed) (G1 Preventive Collection) 7481M->764M(7992M) 114.703ms
[2022-12-13T06:34:54.096+0000][151028][gc,cpu      ] GC(652) User=1.07s Sys=0.01s Real=0.11s
[2022-12-13T06:34:54.097+0000][151028][safepoint   ] Safepoint "G1CollectForAllocation", Time since last: 1212009400 ns, Reaching safepoint: 664000 ns, At safepoint: 114980000 ns, Total: 115644000 ns
[2022-12-13T06:34:54.130+0000][151028][gc,start    ] GC(653) Pause Young (Mixed) (G1 Evacuation Pause)
[2022-12-13T06:34:54.130+0000][151028][gc,task     ] GC(653) Using 10 workers of 10 for evacuation
[2022-12-13T06:34:54.130+0000][151028][gc,age      ] GC(653) Desired survivor size 27262976 bytes, new threshold 1 (max threshold 15)
[2022-12-13T06:34:54.145+0000][151028][gc,phases   ] GC(653)   Pre Evacuate Collection Set: 0.4ms
[2022-12-13T06:34:54.145+0000][151028][gc,phases   ] GC(653)   Merge Heap Roots: 0.3ms
[2022-12-13T06:34:54.145+0000][151028][gc,phases   ] GC(653)   Evacuate Collection Set: 10.8ms
[2022-12-13T06:34:54.145+0000][151028][gc,phases   ] GC(653)   Post Evacuate Collection Set: 2.8ms
[2022-12-13T06:34:54.145+0000][151028][gc,phases   ] GC(653)   Other: 0.2ms
[2022-12-13T06:34:54.145+0000][151028][gc,age      ] GC(653) Age table with threshold 1 (max threshold 15)
[2022-12-13T06:34:54.145+0000][151028][gc,age      ] GC(653) - age   1:    6154224 bytes,    6154224 total
[2022-12-13T06:34:54.145+0000][151028][gc,heap     ] GC(653) Eden regions: 16->0(1192)
[2022-12-13T06:34:54.145+0000][151028][gc,heap     ] GC(653) Survivor regions: 83->6(13)
[2022-12-13T06:34:54.145+0000][151028][gc,heap     ] GC(653) Old regions: 106->106
[2022-12-13T06:34:54.145+0000][151028][gc,heap     ] GC(653) Archive regions: 2->2
[2022-12-13T06:34:54.145+0000][151028][gc,heap     ] GC(653) Humongous regions: 2->2
[2022-12-13T06:34:54.145+0000][151028][gc,metaspace] GC(653) Metaspace: 177852K(182400K)->177852K(182400K) NonClass: 156086K(158592K)->156086K(158592K) Class: 21766K(23808K)->21766K(23808K)
[2022-12-13T06:34:54.145+0000][151028][gc          ] GC(653) Pause Young (Mixed) (G1 Evacuation Pause) 828M->453M(7992M) 14.769ms
[2022-12-13T06:34:54.145+0000][151028][gc,cpu      ] GC(653) User=0.12s Sys=0.00s Real=0.01s
[2022-12-13T06:34:54.145+0000][151028][safepoint   ] Safepoint "G1CollectForAllocation", Time since last: 33603500 ns, Reaching safepoint: 178000 ns, At safepoint: 14967000 ns, Total: 15145000 ns
[2022-12-13T06:34:54.152+0000][151028][gc,start    ] GC(654) Pause Young (Concurrent Start) (G1 Humongous Allocation)
[2022-12-13T06:34:54.152+0000][151028][gc,task     ] GC(654) Using 10 workers of 10 for evacuation
[2022-12-13T06:34:54.152+0000][151028][gc,age      ] GC(654) Desired survivor size 314572800 bytes, new threshold 15 (max threshold 15)
[2022-12-13T06:34:54.159+0000][151028][gc,phases   ] GC(654)   Pre Evacuate Collection Set: 0.8ms
[2022-12-13T06:34:54.159+0000][151028][gc,phases   ] GC(654)   Merge Heap Roots: 0.2ms
[2022-12-13T06:34:54.159+0000][151028][gc,phases   ] GC(654)   Evacuate Collection Set: 4.5ms
[2022-12-13T06:34:54.159+0000][151028][gc,phases   ] GC(654)   Post Evacuate Collection Set: 1.6ms
[2022-12-13T06:34:54.159+0000][151028][gc,phases   ] GC(654)   Other: 0.1ms
[2022-12-13T06:34:54.159+0000][151028][gc,age      ] GC(654) Age table with threshold 15 (max threshold 15)
[2022-12-13T06:34:54.159+0000][151028][gc,age      ] GC(654) - age   1:    1182976 bytes,    1182976 total
[2022-12-13T06:34:54.159+0000][151028][gc,age      ] GC(654) - age   2:    3554688 bytes,    4737664 total
[2022-12-13T06:34:54.159+0000][151028][gc,heap     ] GC(654) Eden regions: 1->0(589)
[2022-12-13T06:34:54.159+0000][151028][gc,heap     ] GC(654) Survivor regions: 6->6(150)
[2022-12-13T06:34:54.159+0000][151028][gc,heap     ] GC(654) Old regions: 106->106
[2022-12-13T06:34:54.159+0000][151028][gc,heap     ] GC(654) Archive regions: 2->2
[2022-12-13T06:34:54.159+0000][151028][gc,heap     ] GC(654) Humongous regions: 2->2
[2022-12-13T06:34:54.159+0000][151028][gc,metaspace] GC(654) Metaspace: 177852K(182400K)->177852K(182400K) NonClass: 156086K(158592K)->156086K(158592K) Class: 21766K(23808K)->21766K(23808K)
[2022-12-13T06:34:54.159+0000][151028][gc          ] GC(654) Pause Young (Concurrent Start) (G1 Humongous Allocation) 456M->455M(7992M) 7.500ms
[2022-12-13T06:34:54.159+0000][151028][gc          ] GC(655) Concurrent Mark Cycle
[2022-12-13T06:34:54.159+0000][151028][gc,cpu      ] GC(654) User=0.03s Sys=0.00s Real=0.01s
[2022-12-13T06:34:54.159+0000][151028][gc,marking  ] GC(655) Concurrent Clear Claimed Marks
[2022-12-13T06:34:54.159+0000][151028][safepoint   ] Safepoint "G1TryInitiateConcMark", Time since last: 6179100 ns, Reaching safepoint: 175900 ns, At safepoint: 7798900 ns, Total: 7974800 ns
[2022-12-13T06:34:54.160+0000][151028][gc,marking  ] GC(655) Concurrent Clear Claimed Marks 0.556ms
[2022-12-13T06:34:54.160+0000][151028][gc,marking  ] GC(655) Concurrent Scan Root Regions
[2022-12-13T06:34:54.162+0000][151028][gc,marking  ] GC(655) Concurrent Scan Root Regions 1.656ms
[2022-12-13T06:34:54.162+0000][151028][gc,marking  ] GC(655) Concurrent Mark
[2022-12-13T06:34:54.162+0000][151028][gc,marking  ] GC(655) Concurrent Mark From Roots
[2022-12-13T06:34:54.162+0000][151028][gc,task     ] GC(655) Using 3 workers of 3 for marking
[2022-12-13T06:34:54.423+0000][151028][gc,marking  ] GC(655) Concurrent Mark From Roots 260.853ms
[2022-12-13T06:34:54.423+0000][151028][gc,marking  ] GC(655) Concurrent Preclean
[2022-12-13T06:34:54.423+0000][151028][gc,marking  ] GC(655) Concurrent Preclean 0.617ms
[2022-12-13T06:34:54.424+0000][151028][gc,start    ] GC(655) Pause Remark
[2022-12-13T06:34:54.438+0000][151028][gc          ] GC(655) Pause Remark 616M->616M(7992M) 14.254ms
[2022-12-13T06:34:54.438+0000][151028][gc,cpu      ] GC(655) User=0.11s Sys=0.00s Real=0.02s
[2022-12-13T06:34:54.438+0000][151028][safepoint   ] Safepoint "G1PauseRemark", Time since last: 264263700 ns, Reaching safepoint: 283100 ns, At safepoint: 14445700 ns, Total: 14728800 ns
[2022-12-13T06:34:54.439+0000][151028][gc,marking  ] GC(655) Concurrent Mark 276.920ms
[2022-12-13T06:34:54.439+0000][151028][gc,marking  ] GC(655) Concurrent Rebuild Remembered Sets
[2022-12-13T06:34:54.587+0000][151028][gc,marking  ] GC(655) Concurrent Rebuild Remembered Sets 148.584ms
[2022-12-13T06:34:54.588+0000][151028][gc,start    ] GC(655) Pause Cleanup
[2022-12-13T06:34:54.588+0000][151028][gc          ] GC(655) Pause Cleanup 745M->745M(7992M) 0.530ms
[2022-12-13T06:34:54.588+0000][151028][gc,cpu      ] GC(655) User=0.01s Sys=0.00s Real=0.00s
[2022-12-13T06:34:54.588+0000][151028][safepoint   ] Safepoint "G1PauseCleanup", Time since last: 148856200 ns, Reaching safepoint: 262900 ns, At safepoint: 661300 ns, Total: 924200 ns
[2022-12-13T06:34:54.588+0000][151028][gc,marking  ] GC(655) Concurrent Cleanup for Next Mark
[2022-12-13T06:34:54.610+0000][151028][gc,marking  ] GC(655) Concurrent Cleanup for Next Mark 21.948ms
[2022-12-13T06:34:54.610+0000][151028][gc          ] GC(655) Concurrent Mark Cycle 451.057ms
[2022-12-13T06:34:57.589+0000][151028][safepoint   ] Safepoint "Cleanup", Time since last: 3000312200 ns, Reaching safepoint: 196400 ns, At safepoint: 11400 ns, Total: 207800 ns
[2022-12-13T06:34:59.589+0000][151028][safepoint   ] Safepoint "Cleanup", Time since last: 2000294000 ns, Reaching safepoint: 330300 ns, At safepoint: 55800 ns, Total: 386100 ns
[2022-12-13T06:35:00.143+0000][151028][gc,start    ] GC(656) Pause Young (Prepare Mixed) (G1 Evacuation Pause)
[2022-12-13T06:35:00.143+0000][151028][gc,task     ] GC(656) Using 10 workers of 10 for evacuation
[2022-12-13T06:35:00.143+0000][151028][gc,age      ] GC(656) Desired survivor size 171966464 bytes, new threshold 15 (max threshold 15)
[2022-12-13T06:35:00.214+0000][151028][gc,phases   ] GC(656)   Pre Evacuate Collection Set: 0.4ms
[2022-12-13T06:35:00.214+0000][151028][gc,phases   ] GC(656)   Merge Heap Roots: 0.3ms
[2022-12-13T06:35:00.214+0000][151028][gc,phases   ] GC(656)   Evacuate Collection Set: 7.9ms
[2022-12-13T06:35:00.214+0000][151028][gc,phases   ] GC(656)   Post Evacuate Collection Set: 62.3ms
[2022-12-13T06:35:00.214+0000][151028][gc,phases   ] GC(656)   Other: 0.2ms
[2022-12-13T06:35:00.214+0000][151028][gc,age      ] GC(656) Age table with threshold 15 (max threshold 15)
[2022-12-13T06:35:00.214+0000][151028][gc,age      ] GC(656) - age   1:  186498688 bytes,  186498688 total
[2022-12-13T06:35:00.214+0000][151028][gc,age      ] GC(656) - age   2:       7256 bytes,  186505944 total
[2022-12-13T06:35:00.214+0000][151028][gc,age      ] GC(656) - age   3:    3219312 bytes,  189725256 total
[2022-12-13T06:35:00.214+0000][151028][gc,heap     ] GC(656) Eden regions: 647->0(52)
[2022-12-13T06:35:00.214+0000][151028][gc,heap     ] GC(656) Survivor regions: 6->47(82)
[2022-12-13T06:35:00.214+0000][151028][gc,heap     ] GC(656) Old regions: 106->106
[2022-12-13T06:35:00.214+0000][151028][gc,heap     ] GC(656) Archive regions: 2->2
[2022-12-13T06:35:00.214+0000][151028][gc,heap     ] GC(656) Humongous regions: 168->8
[2022-12-13T06:35:00.214+0000][151028][gc,metaspace] GC(656) Metaspace: 177865K(182400K)->177865K(182400K) NonClass: 156099K(158592K)->156099K(158592K) Class: 21766K(23808K)->21766K(23808K)
[2022-12-13T06:35:00.214+0000][151028][gc          ] GC(656) Pause Young (Prepare Mixed) (G1 Evacuation Pause) 3707M->644M(7992M) 71.490ms
[2022-12-13T06:35:00.214+0000][151028][gc,cpu      ] GC(656) User=0.53s Sys=0.01s Real=0.07s
[2022-12-13T06:35:00.214+0000][151028][safepoint   ] Safepoint "G1CollectForAllocation", Time since last: 553056300 ns, Reaching safepoint: 200000 ns, At safepoint: 71682100 ns, Total: 71882100 ns
[2022-12-13T06:35:00.611+0000][151028][gc,start    ] GC(657) Pause Young (Mixed) (G1 Evacuation Pause)
[2022-12-13T06:35:00.611+0000][151028][gc,task     ] GC(657) Using 10 workers of 10 for evacuation
[2022-12-13T06:35:00.611+0000][151028][gc,age      ] GC(657) Desired survivor size 27262976 bytes, new threshold 1 (max threshold 15)
[2022-12-13T06:35:00.634+0000][151028][gc,phases   ] GC(657)   Pre Evacuate Collection Set: 0.5ms
[2022-12-13T06:35:00.634+0000][151028][gc,phases   ] GC(657)   Merge Heap Roots: 0.5ms
[2022-12-13T06:35:00.634+0000][151028][gc,phases   ] GC(657)   Evacuate Collection Set: 15.7ms
[2022-12-13T06:35:00.634+0000][151028][gc,phases   ] GC(657)   Post Evacuate Collection Set: 6.0ms
[2022-12-13T06:35:00.634+0000][151028][gc,phases   ] GC(657)   Other: 0.3ms
[2022-12-13T06:35:00.634+0000][151028][gc,age      ] GC(657) Age table with threshold 1 (max threshold 15)
[2022-12-13T06:35:00.634+0000][151028][gc,age      ] GC(657) - age   1:   10948112 bytes,   10948112 total
[2022-12-13T06:35:00.634+0000][151028][gc,heap     ] GC(657) Eden regions: 52->0(834)
[2022-12-13T06:35:00.634+0000][151028][gc,heap     ] GC(657) Survivor regions: 47->5(13)
[2022-12-13T06:35:00.634+0000][151028][gc,heap     ] GC(657) Old regions: 106->108
[2022-12-13T06:35:00.634+0000][151028][gc,heap     ] GC(657) Archive regions: 2->2
[2022-12-13T06:35:00.634+0000][151028][gc,heap     ] GC(657) Humongous regions: 8->8
[2022-12-13T06:35:00.634+0000][151028][gc,metaspace] GC(657) Metaspace: 177865K(182400K)->177865K(182400K) NonClass: 156099K(158592K)->156099K(158592K) Class: 21766K(23808K)->21766K(23808K)
[2022-12-13T06:35:00.634+0000][151028][gc          ] GC(657) Pause Young (Mixed) (G1 Evacuation Pause) 852M->485M(7992M) 23.384ms
[2022-12-13T06:35:00.635+0000][151028][gc,cpu      ] GC(657) User=0.16s Sys=0.02s Real=0.02s
[2022-12-13T06:35:00.635+0000][151028][safepoint   ] Safepoint "G1CollectForAllocation", Time since last: 396277800 ns, Reaching safepoint: 320800 ns, At safepoint: 23689900 ns, Total: 24010700 ns
[2022-12-13T06:35:00.778+0000][151028][gc,start    ] GC(658) Pause Young (Concurrent Start) (G1 Humongous Allocation)
[2022-12-13T06:35:00.778+0000][151028][gc,task     ] GC(658) Using 10 workers of 10 for evacuation
[2022-12-13T06:35:00.778+0000][151028][gc,age      ] GC(658) Desired survivor size 220200960 bytes, new threshold 15 (max threshold 15)
[2022-12-13T06:35:00.795+0000][151028][gc,phases   ] GC(658)   Pre Evacuate Collection Set: 1.0ms
[2022-12-13T06:35:00.795+0000][151028][gc,phases   ] GC(658)   Merge Heap Roots: 0.2ms
[2022-12-13T06:35:00.795+0000][151028][gc,phases   ] GC(658)   Evacuate Collection Set: 8.6ms
[2022-12-13T06:35:00.795+0000][151028][gc,phases   ] GC(658)   Post Evacuate Collection Set: 6.6ms
[2022-12-13T06:35:00.795+0000][151028][gc,phases   ] GC(658)   Other: 0.2ms
[2022-12-13T06:35:00.795+0000][151028][gc,age      ] GC(658) Age table with threshold 15 (max threshold 15)
[2022-12-13T06:35:00.795+0000][151028][gc,age      ] GC(658) - age   1:    4617528 bytes,    4617528 total
[2022-12-13T06:35:00.795+0000][151028][gc,age      ] GC(658) - age   2:    5378216 bytes,    9995744 total
[2022-12-13T06:35:00.795+0000][151028][gc,heap     ] GC(658) Eden regions: 9->0(787)
[2022-12-13T06:35:00.795+0000][151028][gc,heap     ] GC(658) Survivor regions: 5->4(105)
[2022-12-13T06:35:00.795+0000][151028][gc,heap     ] GC(658) Old regions: 108->108
[2022-12-13T06:35:00.795+0000][151028][gc,heap     ] GC(658) Archive regions: 2->2
[2022-12-13T06:35:00.795+0000][151028][gc,heap     ] GC(658) Humongous regions: 8->8
[2022-12-13T06:35:00.795+0000][151028][gc,metaspace] GC(658) Metaspace: 177865K(182400K)->177865K(182400K) NonClass: 156099K(158592K)->156099K(158592K) Class: 21766K(23808K)->21766K(23808K)
[2022-12-13T06:35:00.795+0000][151028][gc          ] GC(658) Pause Young (Concurrent Start) (G1 Humongous Allocation) 519M->480M(7992M) 17.063ms
[2022-12-13T06:35:00.795+0000][151028][gc          ] GC(659) Concurrent Mark Cycle
[2022-12-13T06:35:00.795+0000][151028][gc,marking  ] GC(659) Concurrent Clear Claimed Marks
[2022-12-13T06:35:00.795+0000][151028][gc,cpu      ] GC(658) User=0.04s Sys=0.01s Real=0.01s
[2022-12-13T06:35:00.796+0000][151028][safepoint   ] Safepoint "G1TryInitiateConcMark", Time since last: 143293400 ns, Reaching safepoint: 306100 ns, At safepoint: 17348500 ns, Total: 17654600 ns
[2022-12-13T06:35:00.796+0000][151028][gc,marking  ] GC(659) Concurrent Clear Claimed Marks 0.377ms
[2022-12-13T06:35:00.796+0000][151028][gc,marking  ] GC(659) Concurrent Scan Root Regions
[2022-12-13T06:35:00.799+0000][151028][gc,marking  ] GC(659) Concurrent Scan Root Regions 3.113ms
[2022-12-13T06:35:00.799+0000][151028][gc,marking  ] GC(659) Concurrent Mark
[2022-12-13T06:35:00.799+0000][151028][gc,marking  ] GC(659) Concurrent Mark From Roots
[2022-12-13T06:35:00.799+0000][151028][gc,task     ] GC(659) Using 3 workers of 3 for marking
[2022-12-13T06:35:01.122+0000][151028][gc,marking  ] GC(659) Concurrent Mark From Roots 323.052ms
[2022-12-13T06:35:01.122+0000][151028][gc,marking  ] GC(659) Concurrent Preclean
[2022-12-13T06:35:01.123+0000][151028][gc,marking  ] GC(659) Concurrent Preclean 0.783ms
[2022-12-13T06:35:01.123+0000][151028][gc,start    ] GC(659) Pause Remark
[2022-12-13T06:35:01.153+0000][151028][gc          ] GC(659) Pause Remark 736M->712M(7992M) 29.430ms
[2022-12-13T06:35:01.153+0000][151028][gc,cpu      ] GC(659) User=0.15s Sys=0.00s Real=0.03s
[2022-12-13T06:35:01.153+0000][151028][safepoint   ] Safepoint "G1PauseRemark", Time since last: 327510300 ns, Reaching safepoint: 319200 ns, At safepoint: 29739500 ns, Total: 30058700 ns
[2022-12-13T06:35:01.153+0000][151028][gc,marking  ] GC(659) Concurrent Mark 354.179ms
[2022-12-13T06:35:01.153+0000][151028][gc,marking  ] GC(659) Concurrent Rebuild Remembered Sets
[2022-12-13T06:35:01.361+0000][151028][gc,marking  ] GC(659) Concurrent Rebuild Remembered Sets 208.159ms
[2022-12-13T06:35:01.362+0000][151028][gc,start    ] GC(659) Pause Cleanup
[2022-12-13T06:35:01.363+0000][151028][gc          ] GC(659) Pause Cleanup 1038M->1038M(7992M) 0.758ms
[2022-12-13T06:35:01.363+0000][151028][gc,cpu      ] GC(659) User=0.01s Sys=0.00s Real=0.00s
[2022-12-13T06:35:01.363+0000][151028][safepoint   ] Safepoint "G1PauseCleanup", Time since last: 208424700 ns, Reaching safepoint: 265700 ns, At safepoint: 917900 ns, Total: 1183600 ns
[2022-12-13T06:35:01.363+0000][151028][gc,marking  ] GC(659) Concurrent Cleanup for Next Mark
[2022-12-13T06:35:01.391+0000][151028][gc,marking  ] GC(659) Concurrent Cleanup for Next Mark 28.122ms
[2022-12-13T06:35:01.391+0000][151028][gc          ] GC(659) Concurrent Mark Cycle 595.627ms
[2022-12-13T06:35:02.363+0000][151028][safepoint   ] Safepoint "Cleanup", Time since last: 1000139100 ns, Reaching safepoint: 325700 ns, At safepoint: 86000 ns, Total: 411700 ns
[2022-12-13T06:35:03.364+0000][151028][safepoint   ] Safepoint "Cleanup", Time since last: 1000144400 ns, Reaching safepoint: 296400 ns, At safepoint: 19000 ns, Total: 315400 ns
[2022-12-13T06:35:04.364+0000][151028][safepoint   ] Safepoint "Cleanup", Time since last: 1000238700 ns, Reaching safepoint: 219200 ns, At safepoint: 15000 ns, Total: 234200 ns
[2022-12-13T06:35:05.365+0000][151028][safepoint   ] Safepoint "Cleanup", Time since last: 1000156900 ns, Reaching safepoint: 227500 ns, At safepoint: 13200 ns, Total: 240700 ns
[2022-12-13T06:35:06.365+0000][151028][safepoint   ] Safepoint "Cleanup", Time since last: 1000163000 ns, Reaching safepoint: 220700 ns, At safepoint: 14000 ns, Total: 234700 ns
[2022-12-13T06:35:08.988+0000][151028][safepoint   ] Safepoint "Cleanup", Time since last: 2622400300 ns, Reaching safepoint: 284800 ns, At safepoint: 27500 ns, Total: 312300 ns
[2022-12-13T06:35:09.988+0000][151028][safepoint   ] Safepoint "Cleanup", Time since last: 1000140500 ns, Reaching safepoint: 203900 ns, At safepoint: 13700 ns, Total: 217600 ns
[2022-12-13T06:35:10.320+0000][151028][gc,start    ] GC(660) Pause Young (Prepare Mixed) (G1 Preventive Collection)
[2022-12-13T06:35:10.320+0000][151028][gc,task     ] GC(660) Using 10 workers of 10 for evacuation
[2022-12-13T06:35:10.320+0000][151028][gc,age      ] GC(660) Desired survivor size 230686720 bytes, new threshold 15 (max threshold 15)
[2022-12-13T06:35:10.405+0000][151028][gc,phases   ] GC(660)   Pre Evacuate Collection Set: 0.4ms
[2022-12-13T06:35:10.405+0000][151028][gc,phases   ] GC(660)   Merge Heap Roots: 0.3ms
[2022-12-13T06:35:10.405+0000][151028][gc,phases   ] GC(660)   Evacuate Collection Set: 6.4ms
[2022-12-13T06:35:10.405+0000][151028][gc,phases   ] GC(660)   Post Evacuate Collection Set: 78.0ms
[2022-12-13T06:35:10.405+0000][151028][gc,phases   ] GC(660)   Other: 0.2ms
[2022-12-13T06:35:10.405+0000][151028][gc,age      ] GC(660) Age table with threshold 15 (max threshold 15)
[2022-12-13T06:35:10.405+0000][151028][gc,age      ] GC(660) - age   1:  241589304 bytes,  241589304 total
[2022-12-13T06:35:10.405+0000][151028][gc,age      ] GC(660) - age   2:     829040 bytes,  242418344 total
[2022-12-13T06:35:10.405+0000][151028][gc,age      ] GC(660) - age   3:    5175152 bytes,  247593496 total
[2022-12-13T06:35:10.405+0000][151028][gc,heap     ] GC(660) Eden regions: 813->0(37)
[2022-12-13T06:35:10.405+0000][151028][gc,heap     ] GC(660) Survivor regions: 4->62(110)
[2022-12-13T06:35:10.405+0000][151028][gc,heap     ] GC(660) Old regions: 108->108
[2022-12-13T06:35:10.405+0000][151028][gc,heap     ] GC(660) Archive regions: 2->2
[2022-12-13T06:35:10.405+0000][151028][gc,heap     ] GC(660) Humongous regions: 887->2
[2022-12-13T06:35:10.405+0000][151028][gc,metaspace] GC(660) Metaspace: 177918K(182464K)->177918K(182464K) NonClass: 156151K(158656K)->156151K(158656K) Class: 21767K(23808K)->21767K(23808K)
[2022-12-13T06:35:10.405+0000][151028][gc          ] GC(660) Pause Young (Prepare Mixed) (G1 Preventive Collection) 7246M->686M(7992M) 85.817ms
[2022-12-13T06:35:10.405+0000][151028][gc,cpu      ] GC(660) User=0.81s Sys=0.01s Real=0.08s
[2022-12-13T06:35:10.406+0000][151028][safepoint   ] Safepoint "G1CollectForAllocation", Time since last: 331069600 ns, Reaching safepoint: 311200 ns, At safepoint: 86123300 ns, Total: 86434500 ns
[2022-12-13T06:35:10.885+0000][151028][gc,start    ] GC(661) Pause Young (Mixed) (G1 Evacuation Pause)
[2022-12-13T06:35:10.885+0000][151028][gc,task     ] GC(661) Using 10 workers of 10 for evacuation
[2022-12-13T06:35:10.885+0000][151028][gc,age      ] GC(661) Desired survivor size 27262976 bytes, new threshold 1 (max threshold 15)
[2022-12-13T06:35:10.904+0000][151028][gc,phases   ] GC(661)   Pre Evacuate Collection Set: 0.3ms
[2022-12-13T06:35:10.904+0000][151028][gc,phases   ] GC(661)   Merge Heap Roots: 0.2ms
[2022-12-13T06:35:10.904+0000][151028][gc,phases   ] GC(661)   Evacuate Collection Set: 14.9ms
[2022-12-13T06:35:10.904+0000][151028][gc,phases   ] GC(661)   Post Evacuate Collection Set: 3.9ms
[2022-12-13T06:35:10.904+0000][151028][gc,phases   ] GC(661)   Other: 0.2ms
[2022-12-13T06:35:10.904+0000][151028][gc,age      ] GC(661) Age table with threshold 1 (max threshold 15)
[2022-12-13T06:35:10.904+0000][151028][gc,age      ] GC(661) - age   1:   11324112 bytes,   11324112 total
[2022-12-13T06:35:10.904+0000][151028][gc,heap     ] GC(661) Eden regions: 37->0(1031)
[2022-12-13T06:35:10.904+0000][151028][gc,heap     ] GC(661) Survivor regions: 62->6(13)
[2022-12-13T06:35:10.904+0000][151028][gc,heap     ] GC(661) Old regions: 108->109
[2022-12-13T06:35:10.904+0000][151028][gc,heap     ] GC(661) Archive regions: 2->2
[2022-12-13T06:35:10.904+0000][151028][gc,heap     ] GC(661) Humongous regions: 101->2
[2022-12-13T06:35:10.904+0000][151028][gc,metaspace] GC(661) Metaspace: 177918K(182464K)->177918K(182464K) NonClass: 156151K(158656K)->156151K(158656K) Class: 21767K(23808K)->21767K(23808K)
[2022-12-13T06:35:10.904+0000][151028][gc          ] GC(661) Pause Young (Mixed) (G1 Evacuation Pause) 1230M->465M(7992M) 19.925ms
[2022-12-13T06:35:10.904+0000][151028][gc,cpu      ] GC(661) User=0.16s Sys=0.00s Real=0.02s
[2022-12-13T06:35:10.905+0000][151028][safepoint   ] Safepoint "G1CollectForAllocation", Time since last: 478607800 ns, Reaching safepoint: 222300 ns, At safepoint: 20101000 ns, Total: 20323300 ns
[2022-12-13T06:35:11.905+0000][151028][safepoint   ] Safepoint "Cleanup", Time since last: 1000153300 ns, Reaching safepoint: 189300 ns, At safepoint: 25300 ns, Total: 214600 ns
[2022-12-13T06:35:12.905+0000][151028][safepoint   ] Safepoint "Cleanup", Time since last: 1000167800 ns, Reaching safepoint: 217300 ns, At safepoint: 13700 ns, Total: 231000 ns
[2022-12-13T06:35:14.123+0000][151028][gc,start    ] GC(662) Pause Young (Concurrent Start) (G1 Humongous Allocation)
[2022-12-13T06:35:14.124+0000][151028][gc,task     ] GC(662) Using 10 workers of 10 for evacuation
[2022-12-13T06:35:14.124+0000][151028][gc,age      ] GC(662) Desired survivor size 272629760 bytes, new threshold 15 (max threshold 15)
[2022-12-13T06:35:14.154+0000][151028][gc,phases   ] GC(662)   Pre Evacuate Collection Set: 1.0ms
[2022-12-13T06:35:14.154+0000][151028][gc,phases   ] GC(662)   Merge Heap Roots: 0.3ms
[2022-12-13T06:35:14.154+0000][151028][gc,phases   ] GC(662)   Evacuate Collection Set: 6.1ms
[2022-12-13T06:35:14.154+0000][151028][gc,phases   ] GC(662)   Post Evacuate Collection Set: 23.0ms
[2022-12-13T06:35:14.154+0000][151028][gc,phases   ] GC(662)   Other: 0.2ms
[2022-12-13T06:35:14.154+0000][151028][gc,age      ] GC(662) Age table with threshold 15 (max threshold 15)
[2022-12-13T06:35:14.154+0000][151028][gc,age      ] GC(662) - age   1:   71526176 bytes,   71526176 total
[2022-12-13T06:35:14.154+0000][151028][gc,age      ] GC(662) - age   2:    3006568 bytes,   74532744 total
[2022-12-13T06:35:14.154+0000][151028][gc,heap     ] GC(662) Eden regions: 258->0(995)
[2022-12-13T06:35:14.154+0000][151028][gc,heap     ] GC(662) Survivor regions: 6->24(130)
[2022-12-13T06:35:14.154+0000][151028][gc,heap     ] GC(662) Old regions: 109->109
[2022-12-13T06:35:14.154+0000][151028][gc,heap     ] GC(662) Archive regions: 2->2
[2022-12-13T06:35:14.154+0000][151028][gc,heap     ] GC(662) Humongous regions: 68->8
[2022-12-13T06:35:14.154+0000][151028][gc,metaspace] GC(662) Metaspace: 177927K(182464K)->177927K(182464K) NonClass: 156160K(158656K)->156160K(158656K) Class: 21767K(23808K)->21767K(23808K)
[2022-12-13T06:35:14.154+0000][151028][gc          ] GC(662) Pause Young (Concurrent Start) (G1 Humongous Allocation) 1758M->562M(7992M) 30.793ms
[2022-12-13T06:35:14.154+0000][151028][gc          ] GC(663) Concurrent Undo Cycle
[2022-12-13T06:35:14.154+0000][151028][gc,cpu      ] GC(662) User=0.26s Sys=0.01s Real=0.03s
[2022-12-13T06:35:14.154+0000][151028][gc,marking  ] GC(663) Concurrent Cleanup for Next Mark
[2022-12-13T06:35:14.154+0000][151028][safepoint   ] Safepoint "G1TryInitiateConcMark", Time since last: 1217831000 ns, Reaching safepoint: 247100 ns, At safepoint: 31049200 ns, Total: 31296300 ns
[2022-12-13T06:35:14.155+0000][151028][gc,marking  ] GC(663) Concurrent Cleanup for Next Mark 1.001ms
[2022-12-13T06:35:14.155+0000][151028][gc          ] GC(663) Concurrent Undo Cycle 1.149ms
[2022-12-13T06:35:15.155+0000][151028][safepoint   ] Safepoint "Cleanup", Time since last: 1000220900 ns, Reaching safepoint: 233200 ns, At safepoint: 19500 ns, Total: 252700 ns
[2022-12-13T06:35:15.550+0000][151028][gc,start    ] GC(664) Pause Young (Concurrent Start) (G1 Humongous Allocation)
[2022-12-13T06:35:15.550+0000][151028][gc,task     ] GC(664) Using 10 workers of 10 for evacuation
[2022-12-13T06:35:15.550+0000][151028][gc,age      ] GC(664) Desired survivor size 268435456 bytes, new threshold 15 (max threshold 15)
[2022-12-13T06:35:15.564+0000][151028][gc,phases   ] GC(664)   Pre Evacuate Collection Set: 0.9ms
[2022-12-13T06:35:15.564+0000][151028][gc,phases   ] GC(664)   Merge Heap Roots: 0.2ms
[2022-12-13T06:35:15.564+0000][151028][gc,phases   ] GC(664)   Evacuate Collection Set: 6.6ms
[2022-12-13T06:35:15.564+0000][151028][gc,phases   ] GC(664)   Post Evacuate Collection Set: 6.0ms
[2022-12-13T06:35:15.564+0000][151028][gc,phases   ] GC(664)   Other: 0.1ms
[2022-12-13T06:35:15.564+0000][151028][gc,age      ] GC(664) Age table with threshold 15 (max threshold 15)
[2022-12-13T06:35:15.564+0000][151028][gc,age      ] GC(664) - age   1:   14238424 bytes,   14238424 total
[2022-12-13T06:35:15.564+0000][151028][gc,age      ] GC(664) - age   2:    6983280 bytes,   21221704 total
[2022-12-13T06:35:15.564+0000][151028][gc,age      ] GC(664) - age   3:    2322456 bytes,   23544160 total
[2022-12-13T06:35:15.564+0000][151028][gc,heap     ] GC(664) Eden regions: 54->0(1145)
[2022-12-13T06:35:15.564+0000][151028][gc,heap     ] GC(664) Survivor regions: 24->11(128)
[2022-12-13T06:35:15.564+0000][151028][gc,heap     ] GC(664) Old regions: 109->109
[2022-12-13T06:35:15.564+0000][151028][gc,heap     ] GC(664) Archive regions: 2->2
[2022-12-13T06:35:15.564+0000][151028][gc,heap     ] GC(664) Humongous regions: 10->2
[2022-12-13T06:35:15.564+0000][151028][gc,metaspace] GC(664) Metaspace: 177967K(182464K)->177967K(182464K) NonClass: 156195K(158656K)->156195K(158656K) Class: 21771K(23808K)->21771K(23808K)
[2022-12-13T06:35:15.564+0000][151028][gc          ] GC(664) Pause Young (Concurrent Start) (G1 Humongous Allocation) 783M->486M(7992M) 14.122ms
[2022-12-13T06:35:15.564+0000][151028][gc          ] GC(665) Concurrent Mark Cycle
[2022-12-13T06:35:15.564+0000][151028][gc,marking  ] GC(665) Concurrent Clear Claimed Marks
[2022-12-13T06:35:15.564+0000][151028][gc,cpu      ] GC(664) User=0.10s Sys=0.00s Real=0.02s
[2022-12-13T06:35:15.564+0000][151028][safepoint   ] Safepoint "G1TryInitiateConcMark", Time since last: 394560800 ns, Reaching safepoint: 278900 ns, At safepoint: 14436800 ns, Total: 14715700 ns
[2022-12-13T06:35:15.564+0000][151028][gc,marking  ] GC(665) Concurrent Clear Claimed Marks 0.386ms
[2022-12-13T06:35:15.564+0000][151028][gc,marking  ] GC(665) Concurrent Scan Root Regions
[2022-12-13T06:35:15.571+0000][151028][gc,marking  ] GC(665) Concurrent Scan Root Regions 6.432ms
[2022-12-13T06:35:15.571+0000][151028][gc,marking  ] GC(665) Concurrent Mark
[2022-12-13T06:35:15.571+0000][151028][gc,marking  ] GC(665) Concurrent Mark From Roots
[2022-12-13T06:35:15.571+0000][151028][gc,task     ] GC(665) Using 3 workers of 3 for marking
[2022-12-13T06:35:15.911+0000][151028][gc,marking  ] GC(665) Concurrent Mark From Roots 339.784ms
[2022-12-13T06:35:15.911+0000][151028][gc,marking  ] GC(665) Concurrent Preclean
[2022-12-13T06:35:15.912+0000][151028][gc,marking  ] GC(665) Concurrent Preclean 0.773ms
[2022-12-13T06:35:15.912+0000][151028][gc,start    ] GC(665) Pause Remark
[2022-12-13T06:35:15.927+0000][151028][gc          ] GC(665) Pause Remark 702M->702M(7992M) 14.727ms
[2022-12-13T06:35:15.927+0000][151028][gc,cpu      ] GC(665) User=0.12s Sys=0.00s Real=0.01s
[2022-12-13T06:35:15.927+0000][151028][safepoint   ] Safepoint "G1PauseRemark", Time since last: 347536900 ns, Reaching safepoint: 312900 ns, At safepoint: 14946300 ns, Total: 15259200 ns
[2022-12-13T06:35:15.927+0000][151028][gc,marking  ] GC(665) Concurrent Mark 356.156ms
[2022-12-13T06:35:15.927+0000][151028][gc,marking  ] GC(665) Concurrent Rebuild Remembered Sets
[2022-12-13T06:35:16.091+0000][151028][gc,marking  ] GC(665) Concurrent Rebuild Remembered Sets 163.294ms
[2022-12-13T06:35:16.091+0000][151028][gc,start    ] GC(665) Pause Cleanup
[2022-12-13T06:35:16.091+0000][151028][gc          ] GC(665) Pause Cleanup 742M->742M(7992M) 0.493ms
[2022-12-13T06:35:16.092+0000][151028][gc,cpu      ] GC(665) User=0.00s Sys=0.00s Real=0.00s
[2022-12-13T06:35:16.092+0000][151028][safepoint   ] Safepoint "G1PauseCleanup", Time since last: 163618800 ns, Reaching safepoint: 312300 ns, At safepoint: 612900 ns, Total: 925200 ns
[2022-12-13T06:35:16.092+0000][151028][gc,marking  ] GC(665) Concurrent Cleanup for Next Mark
[2022-12-13T06:35:16.115+0000][151028][gc,marking  ] GC(665) Concurrent Cleanup for Next Mark 23.495ms
[2022-12-13T06:35:16.115+0000][151028][gc          ] GC(665) Concurrent Mark Cycle 551.196ms
[2022-12-13T06:35:17.092+0000][151028][safepoint   ] Safepoint "Cleanup", Time since last: 1000139300 ns, Reaching safepoint: 205000 ns, At safepoint: 12600 ns, Total: 217600 ns
[2022-12-13T06:35:18.092+0000][151028][safepoint   ] Safepoint "Cleanup", Time since last: 1000161200 ns, Reaching safepoint: 301700 ns, At safepoint: 66500 ns, Total: 368200 ns
[2022-12-13T06:35:19.529+0000][151028][safepoint   ] Safepoint "Cleanup", Time since last: 1436403200 ns, Reaching safepoint: 200100 ns, At safepoint: 26400 ns, Total: 226500 ns
[2022-12-13T06:35:20.529+0000][151028][safepoint   ] Safepoint "Cleanup", Time since last: 1000159500 ns, Reaching safepoint: 232400 ns, At safepoint: 14400 ns, Total: 246800 ns
[2022-12-13T06:35:21.531+0000][151028][safepoint   ] Safepoint "Cleanup", Time since last: 1000800800 ns, Reaching safepoint: 274100 ns, At safepoint: 44100 ns, Total: 318200 ns
[2022-12-13T06:35:22.531+0000][151028][safepoint   ] Safepoint "Cleanup", Time since last: 1000142000 ns, Reaching safepoint: 275300 ns, At safepoint: 31800 ns, Total: 307100 ns
[2022-12-13T06:35:24.532+0000][151028][safepoint   ] Safepoint "Cleanup", Time since last: 2000306000 ns, Reaching safepoint: 208700 ns, At safepoint: 14000 ns, Total: 222700 ns
[2022-12-13T06:35:25.624+0000][151028][gc,start    ] GC(666) Pause Young (Prepare Mixed) (G1 Preventive Collection)
[2022-12-13T06:35:25.624+0000][151028][gc,task     ] GC(666) Using 10 workers of 10 for evacuation
[2022-12-13T06:35:25.624+0000][151028][gc,age      ] GC(666) Desired survivor size 312475648 bytes, new threshold 15 (max threshold 15)
[2022-12-13T06:35:25.722+0000][151028][gc,phases   ] GC(666)   Pre Evacuate Collection Set: 0.5ms
[2022-12-13T06:35:25.722+0000][151028][gc,phases   ] GC(666)   Merge Heap Roots: 0.3ms
[2022-12-13T06:35:25.722+0000][151028][gc,phases   ] GC(666)   Evacuate Collection Set: 6.6ms
[2022-12-13T06:35:25.722+0000][151028][gc,phases   ] GC(666)   Post Evacuate Collection Set: 90.3ms
[2022-12-13T06:35:25.722+0000][151028][gc,phases   ] GC(666)   Other: 0.2ms
[2022-12-13T06:35:25.722+0000][151028][gc,age      ] GC(666) Age table with threshold 15 (max threshold 15)
[2022-12-13T06:35:25.722+0000][151028][gc,age      ] GC(666) - age   1:  285560080 bytes,  285560080 total
[2022-12-13T06:35:25.722+0000][151028][gc,age      ] GC(666) - age   2:    1083768 bytes,  286643848 total
[2022-12-13T06:35:25.722+0000][151028][gc,age      ] GC(666) - age   3:     109808 bytes,  286753656 total
[2022-12-13T06:35:25.722+0000][151028][gc,age      ] GC(666) - age   4:      34880 bytes,  286788536 total
[2022-12-13T06:35:25.722+0000][151028][gc,heap     ] GC(666) Eden regions: 887->0(28)
[2022-12-13T06:35:25.722+0000][151028][gc,heap     ] GC(666) Survivor regions: 11->71(149)
[2022-12-13T06:35:25.722+0000][151028][gc,heap     ] GC(666) Old regions: 109->109
[2022-12-13T06:35:25.722+0000][151028][gc,heap     ] GC(666) Archive regions: 2->2
[2022-12-13T06:35:25.722+0000][151028][gc,heap     ] GC(666) Humongous regions: 836->2
[2022-12-13T06:35:25.722+0000][151028][gc,metaspace] GC(666) Metaspace: 178037K(182592K)->178037K(182592K) NonClass: 156263K(158784K)->156263K(158784K) Class: 21773K(23808K)->21773K(23808K)
[2022-12-13T06:35:25.722+0000][151028][gc          ] GC(666) Pause Young (Prepare Mixed) (G1 Preventive Collection) 7370M->725M(7992M) 98.357ms
[2022-12-13T06:35:25.722+0000][151028][gc,cpu      ] GC(666) User=0.90s Sys=0.03s Real=0.10s
[2022-12-13T06:35:25.722+0000][151028][safepoint   ] Safepoint "G1CollectForAllocation", Time since last: 1091893000 ns, Reaching safepoint: 278500 ns, At safepoint: 98665600 ns, Total: 98944100 ns
[2022-12-13T06:35:25.955+0000][151028][safepoint   ] Safepoint "G1CollectForAllocation", Time since last: 232179500 ns, Reaching safepoint: 186200 ns, At safepoint: 42100 ns, Total: 228300 ns
[2022-12-13T06:35:25.955+0000][151028][gc,start    ] GC(667) Pause Young (Mixed) (GCLocker Initiated GC)
[2022-12-13T06:35:25.955+0000][151028][gc,task     ] GC(667) Using 10 workers of 10 for evacuation
[2022-12-13T06:35:25.955+0000][151028][gc,age      ] GC(667) Desired survivor size 27262976 bytes, new threshold 1 (max threshold 15)
[2022-12-13T06:35:25.971+0000][151028][gc,phases   ] GC(667)   Pre Evacuate Collection Set: 0.5ms
[2022-12-13T06:35:25.971+0000][151028][gc,phases   ] GC(667)   Merge Heap Roots: 0.3ms
[2022-12-13T06:35:25.971+0000][151028][gc,phases   ] GC(667)   Evacuate Collection Set: 10.3ms
[2022-12-13T06:35:25.971+0000][151028][gc,phases   ] GC(667)   Post Evacuate Collection Set: 4.2ms
[2022-12-13T06:35:25.971+0000][151028][gc,phases   ] GC(667)   Other: 0.2ms
[2022-12-13T06:35:25.971+0000][151028][gc,age      ] GC(667) Age table with threshold 1 (max threshold 15)
[2022-12-13T06:35:25.971+0000][151028][gc,age      ] GC(667) - age   1:   17521496 bytes,   17521496 total
[2022-12-13T06:35:25.971+0000][151028][gc,heap     ] GC(667) Eden regions: 28->0(1191)
[2022-12-13T06:35:25.971+0000][151028][gc,heap     ] GC(667) Survivor regions: 71->7(13)
[2022-12-13T06:35:25.971+0000][151028][gc,heap     ] GC(667) Old regions: 109->106
[2022-12-13T06:35:25.971+0000][151028][gc,heap     ] GC(667) Archive regions: 2->2
[2022-12-13T06:35:25.971+0000][151028][gc,heap     ] GC(667) Humongous regions: 44->7
[2022-12-13T06:35:25.971+0000][151028][gc,metaspace] GC(667) Metaspace: 178037K(182592K)->178037K(182592K) NonClass: 156263K(158784K)->156263K(158784K) Class: 21773K(23808K)->21773K(23808K)
[2022-12-13T06:35:25.971+0000][151028][gc          ] GC(667) Pause Young (Mixed) (GCLocker Initiated GC) 1005M->480M(7992M) 15.754ms
[2022-12-13T06:35:25.971+0000][151028][gc,cpu      ] GC(667) User=0.12s Sys=0.01s Real=0.02s
[2022-12-13T06:35:25.971+0000][151028][safepoint   ] Safepoint "G1CollectForAllocation", Time since last: 162600 ns, Reaching safepoint: 171200 ns, At safepoint: 15920600 ns, Total: 16091800 ns
[2022-12-13T06:35:27.478+0000][151028][gc,start    ] GC(668) Pause Young (Concurrent Start) (G1 Humongous Allocation)
[2022-12-13T06:35:27.478+0000][151028][gc,task     ] GC(668) Using 10 workers of 10 for evacuation
[2022-12-13T06:35:27.478+0000][151028][gc,age      ] GC(668) Desired survivor size 314572800 bytes, new threshold 15 (max threshold 15)
[2022-12-13T06:35:27.505+0000][151028][gc,phases   ] GC(668)   Pre Evacuate Collection Set: 0.8ms
[2022-12-13T06:35:27.505+0000][151028][gc,phases   ] GC(668)   Merge Heap Roots: 0.4ms
[2022-12-13T06:35:27.505+0000][151028][gc,phases   ] GC(668)   Evacuate Collection Set: 3.1ms
[2022-12-13T06:35:27.505+0000][151028][gc,phases   ] GC(668)   Post Evacuate Collection Set: 22.3ms
[2022-12-13T06:35:27.505+0000][151028][gc,phases   ] GC(668)   Other: 0.2ms
[2022-12-13T06:35:27.505+0000][151028][gc,age      ] GC(668) Age table with threshold 15 (max threshold 15)
[2022-12-13T06:35:27.505+0000][151028][gc,age      ] GC(668) - age   1:   70231128 bytes,   70231128 total
[2022-12-13T06:35:27.505+0000][151028][gc,age      ] GC(668) - age   2:    6876816 bytes,   77107944 total
[2022-12-13T06:35:27.505+0000][151028][gc,heap     ] GC(668) Eden regions: 167->0(1139)
[2022-12-13T06:35:27.505+0000][151028][gc,heap     ] GC(668) Survivor regions: 7->20(150)
[2022-12-13T06:35:27.505+0000][151028][gc,heap     ] GC(668) Old regions: 106->106
[2022-12-13T06:35:27.505+0000][151028][gc,heap     ] GC(668) Archive regions: 2->2
[2022-12-13T06:35:27.505+0000][151028][gc,heap     ] GC(668) Humongous regions: 196->2
[2022-12-13T06:35:27.505+0000][151028][gc,metaspace] GC(668) Metaspace: 178037K(182592K)->178037K(182592K) NonClass: 156263K(158784K)->156263K(158784K) Class: 21773K(23808K)->21773K(23808K)
[2022-12-13T06:35:27.505+0000][151028][gc          ] GC(668) Pause Young (Concurrent Start) (G1 Humongous Allocation) 1904M->512M(7992M) 27.230ms
[2022-12-13T06:35:27.505+0000][151028][gc          ] GC(669) Concurrent Undo Cycle
[2022-12-13T06:35:27.505+0000][151028][gc,cpu      ] GC(668) User=0.22s Sys=0.02s Real=0.02s
[2022-12-13T06:35:27.505+0000][151028][gc,marking  ] GC(669) Concurrent Cleanup for Next Mark
[2022-12-13T06:35:27.505+0000][151028][safepoint   ] Safepoint "G1TryInitiateConcMark", Time since last: 1506446700 ns, Reaching safepoint: 416700 ns, At safepoint: 27492800 ns, Total: 27909500 ns
[2022-12-13T06:35:27.507+0000][151028][gc,marking  ] GC(669) Concurrent Cleanup for Next Mark 1.245ms
[2022-12-13T06:35:27.507+0000][151028][gc          ] GC(669) Concurrent Undo Cycle 1.391ms
[2022-12-13T06:35:27.531+0000][151028][gc,start    ] GC(670) Pause Young (Concurrent Start) (G1 Humongous Allocation)
[2022-12-13T06:35:27.531+0000][151028][gc,task     ] GC(670) Using 10 workers of 10 for evacuation
[2022-12-13T06:35:27.531+0000][151028][gc,age      ] GC(670) Desired survivor size 304087040 bytes, new threshold 15 (max threshold 15)
[2022-12-13T06:35:27.538+0000][151028][gc,phases   ] GC(670)   Pre Evacuate Collection Set: 0.8ms
[2022-12-13T06:35:27.538+0000][151028][gc,phases   ] GC(670)   Merge Heap Roots: 0.2ms
[2022-12-13T06:35:27.538+0000][151028][gc,phases   ] GC(670)   Evacuate Collection Set: 4.3ms
[2022-12-13T06:35:27.538+0000][151028][gc,phases   ] GC(670)   Post Evacuate Collection Set: 1.7ms
[2022-12-13T06:35:27.538+0000][151028][gc,phases   ] GC(670)   Other: 0.2ms
[2022-12-13T06:35:27.538+0000][151028][gc,age      ] GC(670) Age table with threshold 15 (max threshold 15)
[2022-12-13T06:35:27.538+0000][151028][gc,age      ] GC(670) - age   1:    2426000 bytes,    2426000 total
[2022-12-13T06:35:27.538+0000][151028][gc,age      ] GC(670) - age   2:    5841248 bytes,    8267248 total
[2022-12-13T06:35:27.538+0000][151028][gc,age      ] GC(670) - age   3:      84576 bytes,    8351824 total
[2022-12-13T06:35:27.538+0000][151028][gc,heap     ] GC(670) Eden regions: 3->0(837)
[2022-12-13T06:35:27.538+0000][151028][gc,heap     ] GC(670) Survivor regions: 20->4(145)
[2022-12-13T06:35:27.538+0000][151028][gc,heap     ] GC(670) Old regions: 106->106
[2022-12-13T06:35:27.538+0000][151028][gc,heap     ] GC(670) Archive regions: 2->2
[2022-12-13T06:35:27.538+0000][151028][gc,heap     ] GC(670) Humongous regions: 35->35
[2022-12-13T06:35:27.538+0000][151028][gc,metaspace] GC(670) Metaspace: 178037K(182592K)->178037K(182592K) NonClass: 156263K(158784K)->156263K(158784K) Class: 21773K(23808K)->21773K(23808K)
[2022-12-13T06:35:27.538+0000][151028][gc          ] GC(670) Pause Young (Concurrent Start) (G1 Humongous Allocation) 654M->579M(7992M) 7.638ms
[2022-12-13T06:35:27.538+0000][151028][gc          ] GC(671) Concurrent Mark Cycle
[2022-12-13T06:35:27.539+0000][151028][gc,marking  ] GC(671) Concurrent Clear Claimed Marks
[2022-12-13T06:35:27.539+0000][151028][gc,cpu      ] GC(670) User=0.04s Sys=0.00s Real=0.01s
[2022-12-13T06:35:27.539+0000][151028][safepoint   ] Safepoint "G1TryInitiateConcMark", Time since last: 6687100 ns, Reaching safepoint: 18622200 ns, At safepoint: 7972000 ns, Total: 26594200 ns
[2022-12-13T06:35:27.539+0000][151028][gc,marking  ] GC(671) Concurrent Clear Claimed Marks 0.360ms
[2022-12-13T06:35:27.539+0000][151028][gc,marking  ] GC(671) Concurrent Scan Root Regions
[2022-12-13T06:35:27.542+0000][151028][gc,marking  ] GC(671) Concurrent Scan Root Regions 3.428ms
[2022-12-13T06:35:27.543+0000][151028][gc,marking  ] GC(671) Concurrent Mark
[2022-12-13T06:35:27.543+0000][151028][gc,marking  ] GC(671) Concurrent Mark From Roots
[2022-12-13T06:35:27.543+0000][151028][gc,task     ] GC(671) Using 3 workers of 3 for marking
[2022-12-13T06:35:27.806+0000][151028][gc,marking  ] GC(671) Concurrent Mark From Roots 263.007ms
[2022-12-13T06:35:27.806+0000][151028][gc,marking  ] GC(671) Concurrent Preclean
[2022-12-13T06:35:27.806+0000][151028][gc,marking  ] GC(671) Concurrent Preclean 0.763ms
[2022-12-13T06:35:27.807+0000][151028][gc,start    ] GC(671) Pause Remark
[2022-12-13T06:35:27.820+0000][151028][gc          ] GC(671) Pause Remark 999M->999M(7992M) 12.699ms
[2022-12-13T06:35:27.820+0000][151028][gc,cpu      ] GC(671) User=0.11s Sys=0.00s Real=0.02s
[2022-12-13T06:35:27.820+0000][151028][safepoint   ] Safepoint "G1PauseRemark", Time since last: 267772400 ns, Reaching safepoint: 297600 ns, At safepoint: 12948900 ns, Total: 13246500 ns
[2022-12-13T06:35:27.820+0000][151028][gc,marking  ] GC(671) Concurrent Mark 277.355ms
[2022-12-13T06:35:27.820+0000][151028][gc,marking  ] GC(671) Concurrent Rebuild Remembered Sets
[2022-12-13T06:35:27.956+0000][151028][gc,marking  ] GC(671) Concurrent Rebuild Remembered Sets 135.657ms
[2022-12-13T06:35:27.956+0000][151028][gc,start    ] GC(671) Pause Cleanup
[2022-12-13T06:35:27.957+0000][151028][gc          ] GC(671) Pause Cleanup 1277M->1277M(7992M) 0.531ms
[2022-12-13T06:35:27.957+0000][151028][gc,cpu      ] GC(671) User=0.00s Sys=0.00s Real=0.00s
[2022-12-13T06:35:27.957+0000][151028][safepoint   ] Safepoint "G1PauseCleanup", Time since last: 135946200 ns, Reaching safepoint: 276100 ns, At safepoint: 647700 ns, Total: 923800 ns
[2022-12-13T06:35:27.957+0000][151028][gc,marking  ] GC(671) Concurrent Cleanup for Next Mark
[2022-12-13T06:35:27.979+0000][151028][gc,marking  ] GC(671) Concurrent Cleanup for Next Mark 22.531ms
[2022-12-13T06:35:27.979+0000][151028][gc          ] GC(671) Concurrent Mark Cycle 440.810ms
[2022-12-13T06:35:29.966+0000][151028][safepoint   ] Safepoint "Cleanup", Time since last: 2000330900 ns, Reaching safepoint: 8874200 ns, At safepoint: 86800 ns, Total: 8961000 ns
[2022-12-13T06:35:30.966+0000][151028][safepoint   ] Safepoint "Cleanup", Time since last: 1000188400 ns, Reaching safepoint: 196400 ns, At safepoint: 11600 ns, Total: 208000 ns
[2022-12-13T06:35:32.967+0000][151028][safepoint   ] Safepoint "Cleanup", Time since last: 2000230500 ns, Reaching safepoint: 195400 ns, At safepoint: 11800 ns, Total: 207200 ns
[2022-12-13T06:35:34.967+0000][151028][safepoint   ] Safepoint "Cleanup", Time since last: 2000232600 ns, Reaching safepoint: 192800 ns, At safepoint: 25000 ns, Total: 217800 ns
[2022-12-13T06:35:35.345+0000][151028][gc,start    ] GC(672) Pause Young (Prepare Mixed) (G1 Preventive Collection)
[2022-12-13T06:35:35.345+0000][151028][gc,task     ] GC(672) Using 10 workers of 10 for evacuation
[2022-12-13T06:35:35.345+0000][151028][gc,age      ] GC(672) Desired survivor size 243269632 bytes, new threshold 15 (max threshold 15)
[2022-12-13T06:35:35.414+0000][151028][gc,phases   ] GC(672)   Pre Evacuate Collection Set: 0.5ms
[2022-12-13T06:35:35.414+0000][151028][gc,phases   ] GC(672)   Merge Heap Roots: 0.3ms
[2022-12-13T06:35:35.414+0000][151028][gc,phases   ] GC(672)   Evacuate Collection Set: 5.8ms
[2022-12-13T06:35:35.414+0000][151028][gc,phases   ] GC(672)   Post Evacuate Collection Set: 62.4ms
[2022-12-13T06:35:35.414+0000][151028][gc,phases   ] GC(672)   Other: 0.2ms
[2022-12-13T06:35:35.414+0000][151028][gc,age      ] GC(672) Age table with threshold 15 (max threshold 15)
[2022-12-13T06:35:35.414+0000][151028][gc,age      ] GC(672) - age   1:  220643264 bytes,  220643264 total
[2022-12-13T06:35:35.414+0000][151028][gc,age      ] GC(672) - age   2:     455592 bytes,  221098856 total
[2022-12-13T06:35:35.414+0000][151028][gc,age      ] GC(672) - age   3:    2656424 bytes,  223755280 total
[2022-12-13T06:35:35.414+0000][151028][gc,age      ] GC(672) - age   4:      63376 bytes,  223818656 total
[2022-12-13T06:35:35.414+0000][151028][gc,heap     ] GC(672) Eden regions: 662->0(43)
[2022-12-13T06:35:35.414+0000][151028][gc,heap     ] GC(672) Survivor regions: 4->56(116)
[2022-12-13T06:35:35.414+0000][151028][gc,heap     ] GC(672) Old regions: 106->106
[2022-12-13T06:35:35.414+0000][151028][gc,heap     ] GC(672) Archive regions: 2->2
[2022-12-13T06:35:35.414+0000][151028][gc,heap     ] GC(672) Humongous regions: 1071->7
[2022-12-13T06:35:35.414+0000][151028][gc,metaspace] GC(672) Metaspace: 178204K(182784K)->178204K(182784K) NonClass: 156398K(158912K)->156398K(158912K) Class: 21806K(23872K)->21806K(23872K)
[2022-12-13T06:35:35.414+0000][151028][gc          ] GC(672) Pause Young (Prepare Mixed) (G1 Preventive Collection) 7371M->675M(7992M) 69.569ms
[2022-12-13T06:35:35.414+0000][151028][gc,cpu      ] GC(672) User=0.63s Sys=0.01s Real=0.07s
[2022-12-13T06:35:35.415+0000][151028][safepoint   ] Safepoint "G1CollectForAllocation", Time since last: 377280000 ns, Reaching safepoint: 291600 ns, At safepoint: 69755600 ns, Total: 70047200 ns
[2022-12-13T06:35:35.715+0000][151028][gc,start    ] GC(673) Pause Young (Mixed) (G1 Evacuation Pause)
[2022-12-13T06:35:35.716+0000][151028][gc,task     ] GC(673) Using 10 workers of 10 for evacuation
[2022-12-13T06:35:35.716+0000][151028][gc,age      ] GC(673) Desired survivor size 27262976 bytes, new threshold 1 (max threshold 15)
[2022-12-13T06:35:35.736+0000][151028][gc,phases   ] GC(673)   Pre Evacuate Collection Set: 0.3ms
[2022-12-13T06:35:35.736+0000][151028][gc,phases   ] GC(673)   Merge Heap Roots: 0.3ms
[2022-12-13T06:35:35.736+0000][151028][gc,phases   ] GC(673)   Evacuate Collection Set: 15.1ms
[2022-12-13T06:35:35.736+0000][151028][gc,phases   ] GC(673)   Post Evacuate Collection Set: 4.9ms
[2022-12-13T06:35:35.736+0000][151028][gc,phases   ] GC(673)   Other: 0.2ms
[2022-12-13T06:35:35.736+0000][151028][gc,age      ] GC(673) Age table with threshold 1 (max threshold 15)
[2022-12-13T06:35:35.736+0000][151028][gc,age      ] GC(673) - age   1:   19410808 bytes,   19410808 total
[2022-12-13T06:35:35.737+0000][151028][gc,heap     ] GC(673) Eden regions: 43->0(1030)
[2022-12-13T06:35:35.737+0000][151028][gc,heap     ] GC(673) Survivor regions: 56->7(13)
[2022-12-13T06:35:35.737+0000][151028][gc,heap     ] GC(673) Old regions: 106->106
[2022-12-13T06:35:35.737+0000][151028][gc,heap     ] GC(673) Archive regions: 2->2
[2022-12-13T06:35:35.737+0000][151028][gc,heap     ] GC(673) Humongous regions: 7->2
[2022-12-13T06:35:35.737+0000][151028][gc,metaspace] GC(673) Metaspace: 178204K(182784K)->178204K(182784K) NonClass: 156398K(158912K)->156398K(158912K) Class: 21806K(23872K)->21806K(23872K)
[2022-12-13T06:35:35.737+0000][151028][gc          ] GC(673) Pause Young (Mixed) (G1 Evacuation Pause) 847M->459M(7992M) 21.132ms
[2022-12-13T06:35:35.737+0000][151028][gc,cpu      ] GC(673) User=0.14s Sys=0.02s Real=0.02s
[2022-12-13T06:35:35.737+0000][151028][safepoint   ] Safepoint "G1CollectForAllocation", Time since last: 300575300 ns, Reaching safepoint: 343900 ns, At safepoint: 21354300 ns, Total: 21698200 ns
[2022-12-13T06:35:35.753+0000][151028][gc,start    ] GC(674) Pause Young (Concurrent Start) (G1 Humongous Allocation)
[2022-12-13T06:35:35.753+0000][151028][gc,task     ] GC(674) Using 10 workers of 10 for evacuation
[2022-12-13T06:35:35.753+0000][151028][gc,age      ] GC(674) Desired survivor size 272629760 bytes, new threshold 15 (max threshold 15)
[2022-12-13T06:35:35.761+0000][151028][gc,phases   ] GC(674)   Pre Evacuate Collection Set: 0.8ms
[2022-12-13T06:35:35.761+0000][151028][gc,phases   ] GC(674)   Merge Heap Roots: 0.2ms
[2022-12-13T06:35:35.761+0000][151028][gc,phases   ] GC(674)   Evacuate Collection Set: 4.1ms
[2022-12-13T06:35:35.761+0000][151028][gc,phases   ] GC(674)   Post Evacuate Collection Set: 2.4ms
[2022-12-13T06:35:35.761+0000][151028][gc,phases   ] GC(674)   Other: 0.2ms
[2022-12-13T06:35:35.761+0000][151028][gc,age      ] GC(674) Age table with threshold 15 (max threshold 15)
[2022-12-13T06:35:35.761+0000][151028][gc,age      ] GC(674) - age   1:    5409584 bytes,    5409584 total
[2022-12-13T06:35:35.761+0000][151028][gc,age      ] GC(674) - age   2:    5930856 bytes,   11340440 total
[2022-12-13T06:35:35.761+0000][151028][gc,heap     ] GC(674) Eden regions: 7->0(1018)
[2022-12-13T06:35:35.761+0000][151028][gc,heap     ] GC(674) Survivor regions: 7->4(130)
[2022-12-13T06:35:35.761+0000][151028][gc,heap     ] GC(674) Old regions: 106->106
[2022-12-13T06:35:35.761+0000][151028][gc,heap     ] GC(674) Archive regions: 2->2
[2022-12-13T06:35:35.761+0000][151028][gc,heap     ] GC(674) Humongous regions: 2->2
[2022-12-13T06:35:35.761+0000][151028][gc,metaspace] GC(674) Metaspace: 178204K(182784K)->178204K(182784K) NonClass: 156398K(158912K)->156398K(158912K) Class: 21806K(23872K)->21806K(23872K)
[2022-12-13T06:35:35.761+0000][151028][gc          ] GC(674) Pause Young (Concurrent Start) (G1 Humongous Allocation) 487M->447M(7992M) 8.095ms
[2022-12-13T06:35:35.761+0000][151028][gc          ] GC(675) Concurrent Mark Cycle
[2022-12-13T06:35:35.761+0000][151028][gc,marking  ] GC(675) Concurrent Clear Claimed Marks
[2022-12-13T06:35:35.761+0000][151028][gc,cpu      ] GC(674) User=0.03s Sys=0.01s Real=0.01s
[2022-12-13T06:35:35.761+0000][151028][safepoint   ] Safepoint "G1TryInitiateConcMark", Time since last: 15590700 ns, Reaching safepoint: 471300 ns, At safepoint: 8511700 ns, Total: 8983000 ns
[2022-12-13T06:35:35.761+0000][151028][gc,marking  ] GC(675) Concurrent Clear Claimed Marks 0.377ms
[2022-12-13T06:35:35.761+0000][151028][gc,marking  ] GC(675) Concurrent Scan Root Regions
[2022-12-13T06:35:35.765+0000][151028][gc,marking  ] GC(675) Concurrent Scan Root Regions 3.868ms
[2022-12-13T06:35:35.765+0000][151028][gc,marking  ] GC(675) Concurrent Mark
[2022-12-13T06:35:35.766+0000][151028][gc,marking  ] GC(675) Concurrent Mark From Roots
[2022-12-13T06:35:35.766+0000][151028][gc,task     ] GC(675) Using 3 workers of 3 for marking
[2022-12-13T06:35:36.029+0000][151028][gc,marking  ] GC(675) Concurrent Mark From Roots 263.317ms
[2022-12-13T06:35:36.029+0000][151028][gc,marking  ] GC(675) Concurrent Preclean
[2022-12-13T06:35:36.030+0000][151028][gc,marking  ] GC(675) Concurrent Preclean 0.624ms
[2022-12-13T06:35:36.030+0000][151028][gc,start    ] GC(675) Pause Remark
[2022-12-13T06:35:36.043+0000][151028][gc          ] GC(675) Pause Remark 788M->788M(7992M) 12.808ms
[2022-12-13T06:35:36.043+0000][151028][gc,cpu      ] GC(675) User=0.10s Sys=0.01s Real=0.02s
[2022-12-13T06:35:36.043+0000][151028][safepoint   ] Safepoint "G1PauseRemark", Time since last: 268235300 ns, Reaching safepoint: 281200 ns, At safepoint: 12989600 ns, Total: 13270800 ns
[2022-12-13T06:35:36.043+0000][151028][gc,marking  ] GC(675) Concurrent Mark 277.507ms
[2022-12-13T06:35:36.043+0000][151028][gc,marking  ] GC(675) Concurrent Rebuild Remembered Sets
[2022-12-13T06:35:36.175+0000][151028][gc,marking  ] GC(675) Concurrent Rebuild Remembered Sets 132.224ms
[2022-12-13T06:35:36.176+0000][151028][gc,start    ] GC(675) Pause Cleanup
[2022-12-13T06:35:36.176+0000][151028][gc          ] GC(675) Pause Cleanup 984M->984M(7992M) 0.468ms
[2022-12-13T06:35:36.176+0000][151028][gc,cpu      ] GC(675) User=0.01s Sys=0.00s Real=0.00s
[2022-12-13T06:35:36.176+0000][151028][safepoint   ] Safepoint "G1PauseCleanup", Time since last: 132467000 ns, Reaching safepoint: 284600 ns, At safepoint: 588900 ns, Total: 873500 ns
[2022-12-13T06:35:36.176+0000][151028][gc,marking  ] GC(675) Concurrent Cleanup for Next Mark
[2022-12-13T06:35:36.202+0000][151028][gc,marking  ] GC(675) Concurrent Cleanup for Next Mark 25.495ms
[2022-12-13T06:35:36.202+0000][151028][gc          ] GC(675) Concurrent Mark Cycle 440.839ms
[2022-12-13T06:35:38.177+0000][151028][safepoint   ] Safepoint "Cleanup", Time since last: 2000226500 ns, Reaching safepoint: 199100 ns, At safepoint: 25300 ns, Total: 224400 ns
[2022-12-13T06:35:42.178+0000][151028][safepoint   ] Safepoint "Cleanup", Time since last: 4000750600 ns, Reaching safepoint: 350400 ns, At safepoint: 97300 ns, Total: 447700 ns
[2022-12-13T06:35:42.366+0000][151028][gc,start    ] GC(676) Pause Young (Prepare Mixed) (G1 Preventive Collection)
[2022-12-13T06:35:42.366+0000][151028][gc,task     ] GC(676) Using 10 workers of 10 for evacuation
[2022-12-13T06:35:42.366+0000][151028][gc,age      ] GC(676) Desired survivor size 295698432 bytes, new threshold 15 (max threshold 15)
[2022-12-13T06:35:42.406+0000][151028][gc,phases   ] GC(676)   Pre Evacuate Collection Set: 0.4ms
[2022-12-13T06:35:42.407+0000][151028][gc,phases   ] GC(676)   Merge Heap Roots: 0.3ms
[2022-12-13T06:35:42.407+0000][151028][gc,phases   ] GC(676)   Evacuate Collection Set: 4.7ms
[2022-12-13T06:35:42.407+0000][151028][gc,phases   ] GC(676)   Post Evacuate Collection Set: 34.6ms
[2022-12-13T06:35:42.407+0000][151028][gc,phases   ] GC(676)   Other: 0.2ms
[2022-12-13T06:35:42.407+0000][151028][gc,age      ] GC(676) Age table with threshold 15 (max threshold 15)
[2022-12-13T06:35:42.407+0000][151028][gc,age      ] GC(676) - age   1:  107444488 bytes,  107444488 total
[2022-12-13T06:35:42.407+0000][151028][gc,age      ] GC(676) - age   2:     256000 bytes,  107700488 total
[2022-12-13T06:35:42.407+0000][151028][gc,age      ] GC(676) - age   3:    2583912 bytes,  110284400 total
[2022-12-13T06:35:42.407+0000][151028][gc,heap     ] GC(676) Eden regions: 456->0(71)
[2022-12-13T06:35:42.407+0000][151028][gc,heap     ] GC(676) Survivor regions: 4->28(108)
[2022-12-13T06:35:42.407+0000][151028][gc,heap     ] GC(676) Old regions: 106->106
[2022-12-13T06:35:42.407+0000][151028][gc,heap     ] GC(676) Archive regions: 2->2
[2022-12-13T06:35:42.407+0000][151028][gc,heap     ] GC(676) Humongous regions: 1322->2
[2022-12-13T06:35:42.407+0000][151028][gc,metaspace] GC(676) Metaspace: 178245K(182848K)->178245K(182848K) NonClass: 156439K(158976K)->156439K(158976K) Class: 21806K(23872K)->21806K(23872K)
[2022-12-13T06:35:42.407+0000][151028][gc          ] GC(676) Pause Young (Prepare Mixed) (G1 Preventive Collection) 7547M->541M(7992M) 40.573ms
[2022-12-13T06:35:42.407+0000][151028][gc,cpu      ] GC(676) User=0.33s Sys=0.01s Real=0.04s
[2022-12-13T06:35:42.407+0000][151028][safepoint   ] Safepoint "G1CollectForAllocation", Time since last: 187943000 ns, Reaching safepoint: 343700 ns, At safepoint: 40997600 ns, Total: 41341300 ns
[2022-12-13T06:35:43.432+0000][151028][safepoint   ] Safepoint "Cleanup", Time since last: 1000210800 ns, Reaching safepoint: 24266500 ns, At safepoint: 115100 ns, Total: 24381600 ns
[2022-12-13T06:35:43.471+0000][151028][gc,start    ] GC(677) Pause Young (Mixed) (G1 Evacuation Pause)
[2022-12-13T06:35:43.471+0000][151028][gc,task     ] GC(677) Using 10 workers of 10 for evacuation
[2022-12-13T06:35:43.471+0000][151028][gc,age      ] GC(677) Desired survivor size 27262976 bytes, new threshold 1 (max threshold 15)
[2022-12-13T06:35:43.491+0000][151028][gc,phases   ] GC(677)   Pre Evacuate Collection Set: 0.3ms
[2022-12-13T06:35:43.491+0000][151028][gc,phases   ] GC(677)   Merge Heap Roots: 0.3ms
[2022-12-13T06:35:43.491+0000][151028][gc,phases   ] GC(677)   Evacuate Collection Set: 14.9ms
[2022-12-13T06:35:43.491+0000][151028][gc,phases   ] GC(677)   Post Evacuate Collection Set: 4.1ms
[2022-12-13T06:35:43.491+0000][151028][gc,phases   ] GC(677)   Other: 0.2ms
[2022-12-13T06:35:43.491+0000][151028][gc,age      ] GC(677) Age table with threshold 1 (max threshold 15)
[2022-12-13T06:35:43.491+0000][151028][gc,age      ] GC(677) - age   1:   22033048 bytes,   22033048 total
[2022-12-13T06:35:43.491+0000][151028][gc,heap     ] GC(677) Eden regions: 71->0(1182)
[2022-12-13T06:35:43.491+0000][151028][gc,heap     ] GC(677) Survivor regions: 28->7(13)
[2022-12-13T06:35:43.491+0000][151028][gc,heap     ] GC(677) Old regions: 106->107
[2022-12-13T06:35:43.491+0000][151028][gc,heap     ] GC(677) Archive regions: 2->2
[2022-12-13T06:35:43.491+0000][151028][gc,heap     ] GC(677) Humongous regions: 275->5
[2022-12-13T06:35:43.491+0000][151028][gc,metaspace] GC(677) Metaspace: 178290K(182848K)->178290K(182848K) NonClass: 156480K(158976K)->156480K(158976K) Class: 21810K(23872K)->21810K(23872K)
[2022-12-13T06:35:43.491+0000][151028][gc          ] GC(677) Pause Young (Mixed) (G1 Evacuation Pause) 1917M->473M(7992M) 20.197ms
[2022-12-13T06:35:43.491+0000][151028][gc,cpu      ] GC(677) User=0.15s Sys=0.00s Real=0.02s
[2022-12-13T06:35:43.492+0000][151028][safepoint   ] Safepoint "G1CollectForAllocation", Time since last: 39099200 ns, Reaching safepoint: 305600 ns, At safepoint: 20450900 ns, Total: 20756500 ns
[2022-12-13T06:35:43.499+0000][151028][gc,start    ] GC(678) Pause Young (Concurrent Start) (G1 Humongous Allocation)
[2022-12-13T06:35:43.499+0000][151028][gc,task     ] GC(678) Using 10 workers of 10 for evacuation
[2022-12-13T06:35:43.499+0000][151028][gc,age      ] GC(678) Desired survivor size 312475648 bytes, new threshold 15 (max threshold 15)
[2022-12-13T06:35:43.510+0000][151028][gc,phases   ] GC(678)   Pre Evacuate Collection Set: 0.8ms
[2022-12-13T06:35:43.510+0000][151028][gc,phases   ] GC(678)   Merge Heap Roots: 0.2ms
[2022-12-13T06:35:43.510+0000][151028][gc,phases   ] GC(678)   Evacuate Collection Set: 7.6ms
[2022-12-13T06:35:43.510+0000][151028][gc,phases   ] GC(678)   Post Evacuate Collection Set: 1.8ms
[2022-12-13T06:35:43.510+0000][151028][gc,phases   ] GC(678)   Other: 0.1ms
[2022-12-13T06:35:43.510+0000][151028][gc,age      ] GC(678) Age table with threshold 15 (max threshold 15)
[2022-12-13T06:35:43.510+0000][151028][gc,age      ] GC(678) - age   1:    4223960 bytes,    4223960 total
[2022-12-13T06:35:43.510+0000][151028][gc,age      ] GC(678) - age   2:   16730424 bytes,   20954384 total
[2022-12-13T06:35:43.510+0000][151028][gc,heap     ] GC(678) Eden regions: 4->0(1133)
[2022-12-13T06:35:43.510+0000][151028][gc,heap     ] GC(678) Survivor regions: 7->6(149)
[2022-12-13T06:35:43.510+0000][151028][gc,heap     ] GC(678) Old regions: 107->107
[2022-12-13T06:35:43.510+0000][151028][gc,heap     ] GC(678) Archive regions: 2->2
[2022-12-13T06:35:43.510+0000][151028][gc,heap     ] GC(678) Humongous regions: 5->5
[2022-12-13T06:35:43.510+0000][151028][gc,metaspace] GC(678) Metaspace: 178291K(182848K)->178291K(182848K) NonClass: 156481K(158976K)->156481K(158976K) Class: 21810K(23872K)->21810K(23872K)
[2022-12-13T06:35:43.510+0000][151028][gc          ] GC(678) Pause Young (Concurrent Start) (G1 Humongous Allocation) 489M->471M(7992M) 10.825ms
[2022-12-13T06:35:43.510+0000][151028][gc          ] GC(679) Concurrent Mark Cycle
[2022-12-13T06:35:43.510+0000][151028][gc,cpu      ] GC(678) User=0.06s Sys=0.01s Real=0.00s
[2022-12-13T06:35:43.510+0000][151028][gc,marking  ] GC(679) Concurrent Clear Claimed Marks
[2022-12-13T06:35:43.510+0000][151028][safepoint   ] Safepoint "G1TryInitiateConcMark", Time since last: 7119800 ns, Reaching safepoint: 283000 ns, At safepoint: 11186200 ns, Total: 11469200 ns
[2022-12-13T06:35:43.510+0000][151028][gc,marking  ] GC(679) Concurrent Clear Claimed Marks 0.439ms
[2022-12-13T06:35:43.511+0000][151028][gc,marking  ] GC(679) Concurrent Scan Root Regions
[2022-12-13T06:35:43.515+0000][151028][gc,marking  ] GC(679) Concurrent Scan Root Regions 4.727ms
[2022-12-13T06:35:43.515+0000][151028][gc,marking  ] GC(679) Concurrent Mark
[2022-12-13T06:35:43.515+0000][151028][gc,marking  ] GC(679) Concurrent Mark From Roots
[2022-12-13T06:35:43.515+0000][151028][gc,task     ] GC(679) Using 3 workers of 3 for marking
[2022-12-13T06:35:43.867+0000][151028][gc,marking  ] GC(679) Concurrent Mark From Roots 351.937ms
[2022-12-13T06:35:43.867+0000][151028][gc,marking  ] GC(679) Concurrent Preclean
[2022-12-13T06:35:43.868+0000][151028][gc,marking  ] GC(679) Concurrent Preclean 0.607ms
[2022-12-13T06:35:43.868+0000][151028][gc,start    ] GC(679) Pause Remark
[2022-12-13T06:35:43.881+0000][151028][gc          ] GC(679) Pause Remark 1639M->1639M(7992M) 13.071ms
[2022-12-13T06:35:43.882+0000][151028][gc,cpu      ] GC(679) User=0.10s Sys=0.01s Real=0.02s
[2022-12-13T06:35:43.882+0000][151028][safepoint   ] Safepoint "G1PauseRemark", Time since last: 357886800 ns, Reaching safepoint: 295000 ns, At safepoint: 13319600 ns, Total: 13614600 ns
[2022-12-13T06:35:43.882+0000][151028][gc,marking  ] GC(679) Concurrent Mark 366.448ms
[2022-12-13T06:35:43.882+0000][151028][gc,marking  ] GC(679) Concurrent Rebuild Remembered Sets
[2022-12-13T06:35:44.035+0000][151028][gc,marking  ] GC(679) Concurrent Rebuild Remembered Sets 152.856ms
[2022-12-13T06:35:44.035+0000][151028][gc,start    ] GC(679) Pause Cleanup
[2022-12-13T06:35:44.036+0000][151028][gc          ] GC(679) Pause Cleanup 1827M->1827M(7992M) 0.497ms
[2022-12-13T06:35:44.036+0000][151028][gc,cpu      ] GC(679) User=0.01s Sys=0.00s Real=0.00s
[2022-12-13T06:35:44.036+0000][151028][safepoint   ] Safepoint "G1PauseCleanup", Time since last: 153106200 ns, Reaching safepoint: 315700 ns, At safepoint: 727800 ns, Total: 1043500 ns
[2022-12-13T06:35:44.036+0000][151028][gc,marking  ] GC(679) Concurrent Cleanup for Next Mark
[2022-12-13T06:35:44.056+0000][151028][gc,marking  ] GC(679) Concurrent Cleanup for Next Mark 20.012ms
[2022-12-13T06:35:44.056+0000][151028][gc          ] GC(679) Concurrent Mark Cycle 546.233ms
[2022-12-13T06:35:45.036+0000][151028][safepoint   ] Safepoint "Cleanup", Time since last: 1000336800 ns, Reaching safepoint: 295700 ns, At safepoint: 41400 ns, Total: 337100 ns
[2022-12-13T06:35:46.037+0000][151028][safepoint   ] Safepoint "Cleanup", Time since last: 1000153100 ns, Reaching safepoint: 303200 ns, At safepoint: 78700 ns, Total: 381900 ns
[2022-12-13T06:35:48.038+0000][151028][safepoint   ] Safepoint "Cleanup", Time since last: 2000249200 ns, Reaching safepoint: 340300 ns, At safepoint: 29900 ns, Total: 370200 ns
[2022-12-13T06:35:50.038+0000][151028][safepoint   ] Safepoint "Cleanup", Time since last: 2000230400 ns, Reaching safepoint: 260100 ns, At safepoint: 31000 ns, Total: 291100 ns
[2022-12-13T06:35:50.164+0000][151028][gc,start    ] GC(680) Pause Young (Prepare Mixed) (G1 Preventive Collection)
[2022-12-13T06:35:50.164+0000][151028][gc,task     ] GC(680) Using 10 workers of 10 for evacuation
[2022-12-13T06:35:50.164+0000][151028][gc,age      ] GC(680) Desired survivor size 312475648 bytes, new threshold 15 (max threshold 15)
[2022-12-13T06:35:50.220+0000][151028][gc,phases   ] GC(680)   Pre Evacuate Collection Set: 0.4ms
[2022-12-13T06:35:50.220+0000][151028][gc,phases   ] GC(680)   Merge Heap Roots: 0.3ms
[2022-12-13T06:35:50.220+0000][151028][gc,phases   ] GC(680)   Evacuate Collection Set: 7.8ms
[2022-12-13T06:35:50.220+0000][151028][gc,phases   ] GC(680)   Post Evacuate Collection Set: 47.0ms
[2022-12-13T06:35:50.220+0000][151028][gc,phases   ] GC(680)   Other: 0.3ms
[2022-12-13T06:35:50.220+0000][151028][gc,age      ] GC(680) Age table with threshold 15 (max threshold 15)
[2022-12-13T06:35:50.220+0000][151028][gc,age      ] GC(680) - age   1:  162776640 bytes,  162776640 total
[2022-12-13T06:35:50.220+0000][151028][gc,age      ] GC(680) - age   2:     734752 bytes,  163511392 total
[2022-12-13T06:35:50.220+0000][151028][gc,age      ] GC(680) - age   3:    1800552 bytes,  165311944 total
[2022-12-13T06:35:50.220+0000][151028][gc,heap     ] GC(680) Eden regions: 699->0(58)
[2022-12-13T06:35:50.220+0000][151028][gc,heap     ] GC(680) Survivor regions: 6->41(138)
[2022-12-13T06:35:50.220+0000][151028][gc,heap     ] GC(680) Old regions: 107->107
[2022-12-13T06:35:50.220+0000][151028][gc,heap     ] GC(680) Archive regions: 2->2
[2022-12-13T06:35:50.220+0000][151028][gc,heap     ] GC(680) Humongous regions: 1046->43
[2022-12-13T06:35:50.220+0000][151028][gc,metaspace] GC(680) Metaspace: 178323K(182912K)->178323K(182912K) NonClass: 156511K(159040K)->156511K(159040K) Class: 21812K(23872K)->21812K(23872K)
[2022-12-13T06:35:50.220+0000][151028][gc          ] GC(680) Pause Young (Prepare Mixed) (G1 Preventive Collection) 7429M->762M(7992M) 56.094ms
[2022-12-13T06:35:50.220+0000][151028][gc,cpu      ] GC(680) User=0.50s Sys=0.00s Real=0.06s
[2022-12-13T06:35:50.220+0000][151028][safepoint   ] Safepoint "G1CollectForAllocation", Time since last: 112322400 ns, Reaching safepoint: 13198300 ns, At safepoint: 56350800 ns, Total: 69549100 ns
[2022-12-13T06:35:50.898+0000][151028][gc,start    ] GC(681) Pause Young (Mixed) (G1 Evacuation Pause)
[2022-12-13T06:35:50.898+0000][151028][gc,task     ] GC(681) Using 10 workers of 10 for evacuation
[2022-12-13T06:35:50.898+0000][151028][gc,age      ] GC(681) Desired survivor size 27262976 bytes, new threshold 1 (max threshold 15)
[2022-12-13T06:35:50.915+0000][151028][gc,phases   ] GC(681)   Pre Evacuate Collection Set: 0.4ms
[2022-12-13T06:35:50.915+0000][151028][gc,phases   ] GC(681)   Merge Heap Roots: 0.3ms
[2022-12-13T06:35:50.915+0000][151028][gc,phases   ] GC(681)   Evacuate Collection Set: 10.6ms
[2022-12-13T06:35:50.915+0000][151028][gc,phases   ] GC(681)   Post Evacuate Collection Set: 5.4ms
[2022-12-13T06:35:50.915+0000][151028][gc,phases   ] GC(681)   Other: 0.2ms
[2022-12-13T06:35:50.915+0000][151028][gc,age      ] GC(681) Age table with threshold 1 (max threshold 15)
[2022-12-13T06:35:50.915+0000][151028][gc,age      ] GC(681) - age   1:    7477064 bytes,    7477064 total
[2022-12-13T06:35:50.915+0000][151028][gc,heap     ] GC(681) Eden regions: 58->0(1176)
[2022-12-13T06:35:50.915+0000][151028][gc,heap     ] GC(681) Survivor regions: 41->4(13)
[2022-12-13T06:35:50.915+0000][151028][gc,heap     ] GC(681) Old regions: 107->108
[2022-12-13T06:35:50.915+0000][151028][gc,heap     ] GC(681) Archive regions: 2->2
[2022-12-13T06:35:50.915+0000][151028][gc,heap     ] GC(681) Humongous regions: 146->2
[2022-12-13T06:35:50.915+0000][151028][gc,metaspace] GC(681) Metaspace: 178323K(182912K)->178323K(182912K) NonClass: 156511K(159040K)->156511K(159040K) Class: 21812K(23872K)->21812K(23872K)
[2022-12-13T06:35:50.915+0000][151028][gc          ] GC(681) Pause Young (Mixed) (G1 Evacuation Pause) 1406M->456M(7992M) 17.148ms
[2022-12-13T06:35:50.915+0000][151028][gc,cpu      ] GC(681) User=0.12s Sys=0.00s Real=0.01s
[2022-12-13T06:35:50.915+0000][151028][safepoint   ] Safepoint "G1CollectForAllocation", Time since last: 677628800 ns, Reaching safepoint: 270200 ns, At safepoint: 17338200 ns, Total: 17608400 ns
[2022-12-13T06:35:51.088+0000][151028][gc,start    ] GC(682) Pause Young (Concurrent Start) (G1 Humongous Allocation)
[2022-12-13T06:35:51.088+0000][151028][gc,task     ] GC(682) Using 10 workers of 10 for evacuation
[2022-12-13T06:35:51.088+0000][151028][gc,age      ] GC(682) Desired survivor size 310378496 bytes, new threshold 15 (max threshold 15)
[2022-12-13T06:35:51.094+0000][151028][gc,phases   ] GC(682)   Pre Evacuate Collection Set: 0.9ms
[2022-12-13T06:35:51.094+0000][151028][gc,phases   ] GC(682)   Merge Heap Roots: 0.2ms
[2022-12-13T06:35:51.094+0000][151028][gc,phases   ] GC(682)   Evacuate Collection Set: 2.5ms
[2022-12-13T06:35:51.094+0000][151028][gc,phases   ] GC(682)   Post Evacuate Collection Set: 2.4ms
[2022-12-13T06:35:51.094+0000][151028][gc,phases   ] GC(682)   Other: 0.1ms
[2022-12-13T06:35:51.094+0000][151028][gc,age      ] GC(682) Age table with threshold 15 (max threshold 15)
[2022-12-13T06:35:51.094+0000][151028][gc,age      ] GC(682) - age   1:    1448680 bytes,    1448680 total
[2022-12-13T06:35:51.094+0000][151028][gc,age      ] GC(682) - age   2:    2247400 bytes,    3696080 total
[2022-12-13T06:35:51.094+0000][151028][gc,heap     ] GC(682) Eden regions: 12->0(1196)
[2022-12-13T06:35:51.094+0000][151028][gc,heap     ] GC(682) Survivor regions: 4->2(148)
[2022-12-13T06:35:51.094+0000][151028][gc,heap     ] GC(682) Old regions: 108->108
[2022-12-13T06:35:51.094+0000][151028][gc,heap     ] GC(682) Archive regions: 2->2
[2022-12-13T06:35:51.094+0000][151028][gc,heap     ] GC(682) Humongous regions: 2->2
[2022-12-13T06:35:51.094+0000][151028][gc,metaspace] GC(682) Metaspace: 178323K(182912K)->178323K(182912K) NonClass: 156511K(159040K)->156511K(159040K) Class: 21812K(23872K)->21812K(23872K)
[2022-12-13T06:35:51.094+0000][151028][gc          ] GC(682) Pause Young (Concurrent Start) (G1 Humongous Allocation) 503M->447M(7992M) 6.509ms
[2022-12-13T06:35:51.094+0000][151028][gc          ] GC(683) Concurrent Mark Cycle
[2022-12-13T06:35:51.094+0000][151028][gc,marking  ] GC(683) Concurrent Clear Claimed Marks
[2022-12-13T06:35:51.094+0000][151028][gc,cpu      ] GC(682) User=0.02s Sys=0.00s Real=0.01s
[2022-12-13T06:35:51.094+0000][151028][safepoint   ] Safepoint "G1TryInitiateConcMark", Time since last: 172201400 ns, Reaching safepoint: 184300 ns, At safepoint: 6760000 ns, Total: 6944300 ns
[2022-12-13T06:35:51.095+0000][151028][gc,marking  ] GC(683) Concurrent Clear Claimed Marks 0.294ms
[2022-12-13T06:35:51.095+0000][151028][gc,marking  ] GC(683) Concurrent Scan Root Regions
[2022-12-13T06:35:51.097+0000][151028][gc,marking  ] GC(683) Concurrent Scan Root Regions 2.248ms
[2022-12-13T06:35:51.097+0000][151028][gc,marking  ] GC(683) Concurrent Mark
[2022-12-13T06:35:51.097+0000][151028][gc,marking  ] GC(683) Concurrent Mark From Roots
[2022-12-13T06:35:51.097+0000][151028][gc,task     ] GC(683) Using 3 workers of 3 for marking
[2022-12-13T06:35:51.358+0000][151028][gc,marking  ] GC(683) Concurrent Mark From Roots 260.722ms
[2022-12-13T06:35:51.358+0000][151028][gc,marking  ] GC(683) Concurrent Preclean
[2022-12-13T06:35:51.359+0000][151028][gc,marking  ] GC(683) Concurrent Preclean 1.068ms
[2022-12-13T06:35:51.359+0000][151028][gc,start    ] GC(683) Pause Remark
[2022-12-13T06:35:51.374+0000][151028][gc          ] GC(683) Pause Remark 803M->803M(7992M) 15.195ms
[2022-12-13T06:35:51.374+0000][151028][gc,cpu      ] GC(683) User=0.12s Sys=0.01s Real=0.01s
[2022-12-13T06:35:51.375+0000][151028][safepoint   ] Safepoint "G1PauseRemark", Time since last: 264504200 ns, Reaching safepoint: 187300 ns, At safepoint: 15385700 ns, Total: 15573000 ns
[2022-12-13T06:35:51.375+0000][151028][gc,marking  ] GC(683) Concurrent Mark 277.639ms
[2022-12-13T06:35:51.375+0000][151028][gc,marking  ] GC(683) Concurrent Rebuild Remembered Sets
[2022-12-13T06:35:51.512+0000][151028][gc,marking  ] GC(683) Concurrent Rebuild Remembered Sets 137.013ms
[2022-12-13T06:35:51.515+0000][151028][gc,start    ] GC(683) Pause Cleanup
[2022-12-13T06:35:51.516+0000][151028][gc          ] GC(683) Pause Cleanup 1059M->1059M(7992M) 0.557ms
[2022-12-13T06:35:51.516+0000][151028][gc,cpu      ] GC(683) User=0.01s Sys=0.00s Real=0.00s
[2022-12-13T06:35:51.516+0000][151028][safepoint   ] Safepoint "G1PauseCleanup", Time since last: 137297500 ns, Reaching safepoint: 3426200 ns, At safepoint: 712100 ns, Total: 4138300 ns
[2022-12-13T06:35:51.516+0000][151028][gc,marking  ] GC(683) Concurrent Cleanup for Next Mark
[2022-12-13T06:35:51.539+0000][151028][gc,marking  ] GC(683) Concurrent Cleanup for Next Mark 23.204ms
[2022-12-13T06:35:51.539+0000][151028][gc          ] GC(683) Concurrent Mark Cycle 444.987ms
[2022-12-13T06:35:52.516+0000][151028][safepoint   ] Safepoint "Cleanup", Time since last: 1000139900 ns, Reaching safepoint: 193300 ns, At safepoint: 11300 ns, Total: 204600 ns
[2022-12-13T06:35:54.517+0000][151028][safepoint   ] Safepoint "Cleanup", Time since last: 2000239000 ns, Reaching safepoint: 186600 ns, At safepoint: 11500 ns, Total: 198100 ns
[2022-12-13T06:35:55.517+0000][151028][safepoint   ] Safepoint "Cleanup", Time since last: 1000145300 ns, Reaching safepoint: 194500 ns, At safepoint: 37600 ns, Total: 232100 ns
[2022-12-13T06:35:56.517+0000][151028][safepoint   ] Safepoint "Cleanup", Time since last: 1000137500 ns, Reaching safepoint: 193900 ns, At safepoint: 12000 ns, Total: 205900 ns
[2022-12-13T06:35:57.518+0000][151028][safepoint   ] Safepoint "Cleanup", Time since last: 1000147000 ns, Reaching safepoint: 188500 ns, At safepoint: 11300 ns, Total: 199800 ns
[2022-12-13T06:35:57.964+0000][151028][gc,start    ] GC(684) Pause Young (Prepare Mixed) (G1 Preventive Collection)
[2022-12-13T06:35:57.964+0000][151028][gc,task     ] GC(684) Using 10 workers of 10 for evacuation
[2022-12-13T06:35:57.964+0000][151028][gc,age      ] GC(684) Desired survivor size 314572800 bytes, new threshold 15 (max threshold 15)
[2022-12-13T06:35:58.018+0000][151028][gc,phases   ] GC(684)   Pre Evacuate Collection Set: 0.4ms
[2022-12-13T06:35:58.018+0000][151028][gc,phases   ] GC(684)   Merge Heap Roots: 0.4ms
[2022-12-13T06:35:58.018+0000][151028][gc,phases   ] GC(684)   Evacuate Collection Set: 14.3ms
[2022-12-13T06:35:58.018+0000][151028][gc,phases   ] GC(684)   Post Evacuate Collection Set: 38.3ms
[2022-12-13T06:35:58.018+0000][151028][gc,phases   ] GC(684)   Other: 0.2ms
[2022-12-13T06:35:58.018+0000][151028][gc,age      ] GC(684) Age table with threshold 15 (max threshold 15)
[2022-12-13T06:35:58.018+0000][151028][gc,age      ] GC(684) - age   1:  144969352 bytes,  144969352 total
[2022-12-13T06:35:58.018+0000][151028][gc,age      ] GC(684) - age   2:      19032 bytes,  144988384 total
[2022-12-13T06:35:58.018+0000][151028][gc,age      ] GC(684) - age   3:     795560 bytes,  145783944 total
[2022-12-13T06:35:58.018+0000][151028][gc,heap     ] GC(684) Eden regions: 787->0(62)
[2022-12-13T06:35:58.018+0000][151028][gc,heap     ] GC(684) Survivor regions: 2->37(97)
[2022-12-13T06:35:58.018+0000][151028][gc,heap     ] GC(684) Old regions: 108->108
[2022-12-13T06:35:58.018+0000][151028][gc,heap     ] GC(684) Archive regions: 2->2
[2022-12-13T06:35:58.018+0000][151028][gc,heap     ] GC(684) Humongous regions: 1002->10
[2022-12-13T06:35:58.018+0000][151028][gc,metaspace] GC(684) Metaspace: 178393K(182976K)->178393K(182976K) NonClass: 156578K(159104K)->156578K(159104K) Class: 21814K(23872K)->21814K(23872K)
[2022-12-13T06:35:58.018+0000][151028][gc          ] GC(684) Pause Young (Prepare Mixed) (G1 Preventive Collection) 7595M->617M(7992M) 53.903ms
[2022-12-13T06:35:58.018+0000][151028][gc,cpu      ] GC(684) User=0.47s Sys=0.00s Real=0.06s
[2022-12-13T06:35:58.018+0000][151028][safepoint   ] Safepoint "G1CollectForAllocation", Time since last: 446198100 ns, Reaching safepoint: 192200 ns, At safepoint: 54094400 ns, Total: 54286600 ns
[2022-12-13T06:35:58.319+0000][151028][gc,start    ] GC(685) Pause Young (Mixed) (G1 Evacuation Pause)
[2022-12-13T06:35:58.319+0000][151028][gc,task     ] GC(685) Using 10 workers of 10 for evacuation
[2022-12-13T06:35:58.319+0000][151028][gc,age      ] GC(685) Desired survivor size 27262976 bytes, new threshold 1 (max threshold 15)
[2022-12-13T06:35:58.349+0000][151028][gc,phases   ] GC(685)   Pre Evacuate Collection Set: 0.4ms
[2022-12-13T06:35:58.349+0000][151028][gc,phases   ] GC(685)   Merge Heap Roots: 0.3ms
[2022-12-13T06:35:58.349+0000][151028][gc,phases   ] GC(685)   Evacuate Collection Set: 26.7ms
[2022-12-13T06:35:58.349+0000][151028][gc,phases   ] GC(685)   Post Evacuate Collection Set: 2.5ms
[2022-12-13T06:35:58.349+0000][151028][gc,phases   ] GC(685)   Other: 0.2ms
[2022-12-13T06:35:58.349+0000][151028][gc,age      ] GC(685) Age table with threshold 1 (max threshold 15)
[2022-12-13T06:35:58.349+0000][151028][gc,age      ] GC(685) - age   1:   35378176 bytes,   35378176 total
[2022-12-13T06:35:58.349+0000][151028][gc,heap     ] GC(685) Eden regions: 62->0(1187)
[2022-12-13T06:35:58.349+0000][151028][gc,heap     ] GC(685) Survivor regions: 37->11(13)
[2022-12-13T06:35:58.349+0000][151028][gc,heap     ] GC(685) Old regions: 108->112
[2022-12-13T06:35:58.349+0000][151028][gc,heap     ] GC(685) Archive regions: 2->2
[2022-12-13T06:35:58.349+0000][151028][gc,heap     ] GC(685) Humongous regions: 33->21
[2022-12-13T06:35:58.349+0000][151028][gc,metaspace] GC(685) Metaspace: 178393K(182976K)->178393K(182976K) NonClass: 156578K(159104K)->156578K(159104K) Class: 21814K(23872K)->21814K(23872K)
[2022-12-13T06:35:58.349+0000][151028][gc          ] GC(685) Pause Young (Mixed) (G1 Evacuation Pause) 957M->576M(7992M) 30.434ms
[2022-12-13T06:35:58.349+0000][151028][gc,cpu      ] GC(685) User=0.29s Sys=0.01s Real=0.02s
[2022-12-13T06:35:58.349+0000][151028][safepoint   ] Safepoint "G1CollectForAllocation", Time since last: 299940400 ns, Reaching safepoint: 314200 ns, At safepoint: 30639100 ns, Total: 30953300 ns
[2022-12-13T06:35:59.350+0000][151028][safepoint   ] Safepoint "Cleanup", Time since last: 1000147600 ns, Reaching safepoint: 287600 ns, At safepoint: 46900 ns, Total: 334500 ns
[2022-12-13T06:35:59.827+0000][151028][gc,start    ] GC(686) Pause Young (Concurrent Start) (G1 Humongous Allocation)
[2022-12-13T06:35:59.827+0000][151028][gc,task     ] GC(686) Using 10 workers of 10 for evacuation
[2022-12-13T06:35:59.827+0000][151028][gc,age      ] GC(686) Desired survivor size 314572800 bytes, new threshold 15 (max threshold 15)
[2022-12-13T06:35:59.847+0000][151028][gc,phases   ] GC(686)   Pre Evacuate Collection Set: 1.0ms
[2022-12-13T06:35:59.847+0000][151028][gc,phases   ] GC(686)   Merge Heap Roots: 0.3ms
[2022-12-13T06:35:59.847+0000][151028][gc,phases   ] GC(686)   Evacuate Collection Set: 4.3ms
[2022-12-13T06:35:59.847+0000][151028][gc,phases   ] GC(686)   Post Evacuate Collection Set: 14.2ms
[2022-12-13T06:35:59.847+0000][151028][gc,phases   ] GC(686)   Other: 0.2ms
[2022-12-13T06:35:59.847+0000][151028][gc,age      ] GC(686) Age table with threshold 15 (max threshold 15)
[2022-12-13T06:35:59.847+0000][151028][gc,age      ] GC(686) - age   1:   28904040 bytes,   28904040 total
[2022-12-13T06:35:59.847+0000][151028][gc,age      ] GC(686) - age   2:   20269144 bytes,   49173184 total
[2022-12-13T06:35:59.847+0000][151028][gc,heap     ] GC(686) Eden regions: 138->0(1184)
[2022-12-13T06:35:59.847+0000][151028][gc,heap     ] GC(686) Survivor regions: 11->14(150)
[2022-12-13T06:35:59.847+0000][151028][gc,heap     ] GC(686) Old regions: 112->112
[2022-12-13T06:35:59.847+0000][151028][gc,heap     ] GC(686) Archive regions: 2->2
[2022-12-13T06:35:59.847+0000][151028][gc,heap     ] GC(686) Humongous regions: 21->8
[2022-12-13T06:35:59.847+0000][151028][gc,metaspace] GC(686) Metaspace: 178393K(182976K)->178393K(182976K) NonClass: 156578K(159104K)->156578K(159104K) Class: 21814K(23872K)->21814K(23872K)
[2022-12-13T06:35:59.847+0000][151028][gc          ] GC(686) Pause Young (Concurrent Start) (G1 Humongous Allocation) 1125M->534M(7992M) 20.279ms
[2022-12-13T06:35:59.847+0000][151028][gc          ] GC(687) Concurrent Mark Cycle
[2022-12-13T06:35:59.847+0000][151028][gc,cpu      ] GC(686) User=0.15s Sys=0.00s Real=0.02s
[2022-12-13T06:35:59.847+0000][151028][gc,marking  ] GC(687) Concurrent Clear Claimed Marks
[2022-12-13T06:35:59.847+0000][151028][safepoint   ] Safepoint "G1TryInitiateConcMark", Time since last: 476683300 ns, Reaching safepoint: 233800 ns, At safepoint: 20575400 ns, Total: 20809200 ns
[2022-12-13T06:35:59.847+0000][151028][gc,marking  ] GC(687) Concurrent Clear Claimed Marks 0.460ms
[2022-12-13T06:35:59.848+0000][151028][gc,marking  ] GC(687) Concurrent Scan Root Regions
[2022-12-13T06:35:59.855+0000][151028][gc,marking  ] GC(687) Concurrent Scan Root Regions 7.563ms
[2022-12-13T06:35:59.855+0000][151028][gc,marking  ] GC(687) Concurrent Mark
[2022-12-13T06:35:59.855+0000][151028][gc,marking  ] GC(687) Concurrent Mark From Roots
[2022-12-13T06:35:59.855+0000][151028][gc,task     ] GC(687) Using 3 workers of 3 for marking
[2022-12-13T06:36:00.179+0000][151028][gc,marking  ] GC(687) Concurrent Mark From Roots 323.865ms
[2022-12-13T06:36:00.179+0000][151028][gc,marking  ] GC(687) Concurrent Preclean
[2022-12-13T06:36:00.180+0000][151028][gc,marking  ] GC(687) Concurrent Preclean 0.789ms
[2022-12-13T06:36:00.180+0000][151028][gc,start    ] GC(687) Pause Remark
[2022-12-13T06:36:00.196+0000][151028][gc          ] GC(687) Pause Remark 775M->751M(7992M) 15.248ms
[2022-12-13T06:36:00.196+0000][151028][gc,cpu      ] GC(687) User=0.14s Sys=0.00s Real=0.01s
[2022-12-13T06:36:00.196+0000][151028][safepoint   ] Safepoint "G1PauseRemark", Time since last: 332866700 ns, Reaching safepoint: 414700 ns, At safepoint: 15496100 ns, Total: 15910800 ns
[2022-12-13T06:36:00.196+0000][151028][gc,marking  ] GC(687) Concurrent Mark 340.888ms
[2022-12-13T06:36:00.196+0000][151028][gc,marking  ] GC(687) Concurrent Rebuild Remembered Sets
[2022-12-13T06:36:00.363+0000][151028][gc,marking  ] GC(687) Concurrent Rebuild Remembered Sets 166.948ms
[2022-12-13T06:36:00.363+0000][151028][gc,start    ] GC(687) Pause Cleanup
[2022-12-13T06:36:00.364+0000][151028][gc          ] GC(687) Pause Cleanup 918M->918M(7992M) 0.520ms
[2022-12-13T06:36:00.364+0000][151028][gc,cpu      ] GC(687) User=0.00s Sys=0.00s Real=0.00s
[2022-12-13T06:36:00.364+0000][151028][safepoint   ] Safepoint "G1PauseCleanup", Time since last: 167247200 ns, Reaching safepoint: 217900 ns, At safepoint: 655100 ns, Total: 873000 ns
[2022-12-13T06:36:00.364+0000][151028][gc,marking  ] GC(687) Concurrent Cleanup for Next Mark
[2022-12-13T06:36:00.390+0000][151028][gc,marking  ] GC(687) Concurrent Cleanup for Next Mark 25.438ms
[2022-12-13T06:36:00.390+0000][151028][gc          ] GC(687) Concurrent Mark Cycle 542.782ms
[2022-12-13T06:36:01.365+0000][151028][safepoint   ] Safepoint "Cleanup", Time since last: 1000160000 ns, Reaching safepoint: 312300 ns, At safepoint: 32200 ns, Total: 344500 ns
[2022-12-13T06:36:02.514+0000][151028][safepoint   ] Safepoint "Cleanup", Time since last: 1149206600 ns, Reaching safepoint: 335300 ns, At safepoint: 44000 ns, Total: 379300 ns
[2022-12-13T06:36:03.712+0000][151028][safepoint   ] Safepoint "Cleanup", Time since last: 1197230200 ns, Reaching safepoint: 323900 ns, At safepoint: 31400 ns, Total: 355300 ns
[2022-12-13T06:36:04.955+0000][151028][safepoint   ] Safepoint "Cleanup", Time since last: 1243204900 ns, Reaching safepoint: 195900 ns, At safepoint: 11600 ns, Total: 207500 ns
[2022-12-13T06:36:05.902+0000][151028][gc,start    ] GC(688) Pause Young (Prepare Mixed) (G1 Preventive Collection)
[2022-12-13T06:36:05.902+0000][151028][gc,task     ] GC(688) Using 10 workers of 10 for evacuation
[2022-12-13T06:36:05.902+0000][151028][gc,age      ] GC(688) Desired survivor size 314572800 bytes, new threshold 15 (max threshold 15)
[2022-12-13T06:36:05.949+0000][151028][gc,phases   ] GC(688)   Pre Evacuate Collection Set: 0.5ms
[2022-12-13T06:36:05.949+0000][151028][gc,phases   ] GC(688)   Merge Heap Roots: 0.4ms
[2022-12-13T06:36:05.949+0000][151028][gc,phases   ] GC(688)   Evacuate Collection Set: 8.8ms
[2022-12-13T06:36:05.949+0000][151028][gc,phases   ] GC(688)   Post Evacuate Collection Set: 36.9ms
[2022-12-13T06:36:05.949+0000][151028][gc,phases   ] GC(688)   Other: 0.3ms
[2022-12-13T06:36:05.949+0000][151028][gc,age      ] GC(688) Age table with threshold 15 (max threshold 15)
[2022-12-13T06:36:05.949+0000][151028][gc,age      ] GC(688) - age   1:   91220376 bytes,   91220376 total
[2022-12-13T06:36:05.949+0000][151028][gc,age      ] GC(688) - age   2:     352208 bytes,   91572584 total
[2022-12-13T06:36:05.949+0000][151028][gc,age      ] GC(688) - age   3:    6806272 bytes,   98378856 total
[2022-12-13T06:36:05.949+0000][151028][gc,heap     ] GC(688) Eden regions: 581->0(74)
[2022-12-13T06:36:05.949+0000][151028][gc,heap     ] GC(688) Survivor regions: 14->25(83)
[2022-12-13T06:36:05.949+0000][151028][gc,heap     ] GC(688) Old regions: 112->112
[2022-12-13T06:36:05.949+0000][151028][gc,heap     ] GC(688) Archive regions: 2->2
[2022-12-13T06:36:05.950+0000][151028][gc,heap     ] GC(688) Humongous regions: 1206->2
[2022-12-13T06:36:05.950+0000][151028][gc,metaspace] GC(688) Metaspace: 178443K(182976K)->178443K(182976K) NonClass: 156628K(159104K)->156628K(159104K) Class: 21815K(23872K)->21815K(23872K)
[2022-12-13T06:36:05.950+0000][151028][gc          ] GC(688) Pause Young (Prepare Mixed) (G1 Preventive Collection) 7648M->556M(7992M) 47.447ms
[2022-12-13T06:36:05.950+0000][151028][gc,cpu      ] GC(688) User=0.37s Sys=0.01s Real=0.04s
[2022-12-13T06:36:05.950+0000][151028][safepoint   ] Safepoint "G1CollectForAllocation", Time since last: 946717500 ns, Reaching safepoint: 261500 ns, At safepoint: 47726000 ns, Total: 47987500 ns
[2022-12-13T06:36:06.412+0000][151028][safepoint   ] Safepoint "G1CollectForAllocation", Time since last: 461402600 ns, Reaching safepoint: 228800 ns, At safepoint: 33000 ns, Total: 261800 ns
[2022-12-13T06:36:06.412+0000][151028][gc,start    ] GC(689) Pause Young (Mixed) (GCLocker Initiated GC)
[2022-12-13T06:36:06.412+0000][151028][gc,task     ] GC(689) Using 10 workers of 10 for evacuation
[2022-12-13T06:36:06.412+0000][151028][gc,age      ] GC(689) Desired survivor size 27262976 bytes, new threshold 1 (max threshold 15)
[2022-12-13T06:36:06.436+0000][151028][gc,phases   ] GC(689)   Pre Evacuate Collection Set: 0.4ms
[2022-12-13T06:36:06.436+0000][151028][gc,phases   ] GC(689)   Merge Heap Roots: 0.3ms
[2022-12-13T06:36:06.436+0000][151028][gc,phases   ] GC(689)   Evacuate Collection Set: 13.1ms
[2022-12-13T06:36:06.436+0000][151028][gc,phases   ] GC(689)   Post Evacuate Collection Set: 9.5ms
[2022-12-13T06:36:06.436+0000][151028][gc,phases   ] GC(689)   Other: 0.2ms
[2022-12-13T06:36:06.436+0000][151028][gc,age      ] GC(689) Age table with threshold 1 (max threshold 15)
[2022-12-13T06:36:06.436+0000][151028][gc,age      ] GC(689) - age   1:   25929232 bytes,   25929232 total
[2022-12-13T06:36:06.436+0000][151028][gc,heap     ] GC(689) Eden regions: 74->0(1190)
[2022-12-13T06:36:06.436+0000][151028][gc,heap     ] GC(689) Survivor regions: 25->8(13)
[2022-12-13T06:36:06.436+0000][151028][gc,heap     ] GC(689) Old regions: 112->112
[2022-12-13T06:36:06.436+0000][151028][gc,heap     ] GC(689) Archive regions: 2->2
[2022-12-13T06:36:06.436+0000][151028][gc,heap     ] GC(689) Humongous regions: 45->5
[2022-12-13T06:36:06.436+0000][151028][gc,metaspace] GC(689) Metaspace: 178443K(182976K)->178443K(182976K) NonClass: 156628K(159104K)->156628K(159104K) Class: 21815K(23872K)->21815K(23872K)
[2022-12-13T06:36:06.436+0000][151028][gc          ] GC(689) Pause Young (Mixed) (GCLocker Initiated GC) 1024M->502M(7992M) 23.812ms
[2022-12-13T06:36:06.436+0000][151028][gc,cpu      ] GC(689) User=0.19s Sys=0.00s Real=0.02s
[2022-12-13T06:36:06.436+0000][151028][safepoint   ] Safepoint "G1CollectForAllocation", Time since last: 164600 ns, Reaching safepoint: 294700 ns, At safepoint: 24087900 ns, Total: 24382600 ns
[2022-12-13T06:36:06.531+0000][151028][gc,start    ] GC(690) Pause Young (Concurrent Start) (G1 Humongous Allocation)
[2022-12-13T06:36:06.531+0000][151028][gc,task     ] GC(690) Using 10 workers of 10 for evacuation
[2022-12-13T06:36:06.531+0000][151028][gc,age      ] GC(690) Desired survivor size 314572800 bytes, new threshold 15 (max threshold 15)
[2022-12-13T06:36:06.540+0000][151028][gc,phases   ] GC(690)   Pre Evacuate Collection Set: 0.9ms
[2022-12-13T06:36:06.540+0000][151028][gc,phases   ] GC(690)   Merge Heap Roots: 0.2ms
[2022-12-13T06:36:06.540+0000][151028][gc,phases   ] GC(690)   Evacuate Collection Set: 5.2ms
[2022-12-13T06:36:06.540+0000][151028][gc,phases   ] GC(690)   Post Evacuate Collection Set: 1.9ms
[2022-12-13T06:36:06.540+0000][151028][gc,phases   ] GC(690)   Other: 0.1ms
[2022-12-13T06:36:06.540+0000][151028][gc,age      ] GC(690) Age table with threshold 15 (max threshold 15)
[2022-12-13T06:36:06.540+0000][151028][gc,age      ] GC(690) - age   1:    5947912 bytes,    5947912 total
[2022-12-13T06:36:06.540+0000][151028][gc,age      ] GC(690) - age   2:    8113544 bytes,   14061456 total
[2022-12-13T06:36:06.540+0000][151028][gc,heap     ] GC(690) Eden regions: 18->0(1193)
[2022-12-13T06:36:06.540+0000][151028][gc,heap     ] GC(690) Survivor regions: 8->5(150)
[2022-12-13T06:36:06.540+0000][151028][gc,heap     ] GC(690) Old regions: 112->112
[2022-12-13T06:36:06.540+0000][151028][gc,heap     ] GC(690) Archive regions: 2->2
[2022-12-13T06:36:06.540+0000][151028][gc,heap     ] GC(690) Humongous regions: 5->5
[2022-12-13T06:36:06.540+0000][151028][gc,metaspace] GC(690) Metaspace: 178443K(182976K)->178443K(182976K) NonClass: 156628K(159104K)->156628K(159104K) Class: 21815K(23872K)->21815K(23872K)
[2022-12-13T06:36:06.540+0000][151028][gc          ] GC(690) Pause Young (Concurrent Start) (G1 Humongous Allocation) 570M->488M(7992M) 8.674ms
[2022-12-13T06:36:06.540+0000][151028][gc          ] GC(691) Concurrent Mark Cycle
[2022-12-13T06:36:06.540+0000][151028][gc,marking  ] GC(691) Concurrent Clear Claimed Marks
[2022-12-13T06:36:06.540+0000][151028][gc,cpu      ] GC(690) User=0.05s Sys=0.00s Real=0.01s
[2022-12-13T06:36:06.540+0000][151028][safepoint   ] Safepoint "G1TryInitiateConcMark", Time since last: 94826600 ns, Reaching safepoint: 279400 ns, At safepoint: 9017500 ns, Total: 9296900 ns
[2022-12-13T06:36:06.540+0000][151028][gc,marking  ] GC(691) Concurrent Clear Claimed Marks 0.384ms
[2022-12-13T06:36:06.540+0000][151028][gc,marking  ] GC(691) Concurrent Scan Root Regions
[2022-12-13T06:36:06.545+0000][151028][gc,marking  ] GC(691) Concurrent Scan Root Regions 4.514ms
[2022-12-13T06:36:06.545+0000][151028][gc,marking  ] GC(691) Concurrent Mark
[2022-12-13T06:36:06.545+0000][151028][gc,marking  ] GC(691) Concurrent Mark From Roots
[2022-12-13T06:36:06.545+0000][151028][gc,task     ] GC(691) Using 3 workers of 3 for marking
[2022-12-13T06:36:06.860+0000][151028][gc,marking  ] GC(691) Concurrent Mark From Roots 315.256ms
[2022-12-13T06:36:06.860+0000][151028][gc,marking  ] GC(691) Concurrent Preclean
[2022-12-13T06:36:06.861+0000][151028][gc,marking  ] GC(691) Concurrent Preclean 0.945ms
[2022-12-13T06:36:06.862+0000][151028][gc,start    ] GC(691) Pause Remark
[2022-12-13T06:36:06.880+0000][151028][gc          ] GC(691) Pause Remark 870M->870M(7992M) 18.570ms
[2022-12-13T06:36:06.880+0000][151028][gc,cpu      ] GC(691) User=0.13s Sys=0.01s Real=0.02s
[2022-12-13T06:36:06.881+0000][151028][safepoint   ] Safepoint "G1PauseRemark", Time since last: 321250500 ns, Reaching safepoint: 288000 ns, At safepoint: 18800500 ns, Total: 19088500 ns
[2022-12-13T06:36:06.881+0000][151028][gc,marking  ] GC(691) Concurrent Mark 335.596ms
[2022-12-13T06:36:06.881+0000][151028][gc,marking  ] GC(691) Concurrent Rebuild Remembered Sets
[2022-12-13T06:36:07.084+0000][151028][gc,marking  ] GC(691) Concurrent Rebuild Remembered Sets 203.386ms
[2022-12-13T06:36:07.087+0000][151028][gc,start    ] GC(691) Pause Cleanup
[2022-12-13T06:36:07.087+0000][151028][gc          ] GC(691) Pause Cleanup 1304M->1304M(7992M) 0.512ms
[2022-12-13T06:36:07.087+0000][151028][gc,cpu      ] GC(691) User=0.01s Sys=0.00s Real=0.00s
[2022-12-13T06:36:07.087+0000][151028][safepoint   ] Safepoint "G1PauseCleanup", Time since last: 203779300 ns, Reaching safepoint: 2282200 ns, At safepoint: 692100 ns, Total: 2974300 ns
[2022-12-13T06:36:07.087+0000][151028][gc,marking  ] GC(691) Concurrent Cleanup for Next Mark
[2022-12-13T06:36:07.117+0000][151028][gc,marking  ] GC(691) Concurrent Cleanup for Next Mark 29.283ms
[2022-12-13T06:36:07.117+0000][151028][gc          ] GC(691) Concurrent Mark Cycle 576.801ms
[2022-12-13T06:36:08.088+0000][151028][safepoint   ] Safepoint "Cleanup", Time since last: 1000145600 ns, Reaching safepoint: 464900 ns, At safepoint: 18400 ns, Total: 483300 ns
[2022-12-13T06:36:09.088+0000][151028][safepoint   ] Safepoint "Cleanup", Time since last: 1000193100 ns, Reaching safepoint: 211300 ns, At safepoint: 29200 ns, Total: 240500 ns
[2022-12-13T06:36:09.907+0000][151028][safepoint   ] Safepoint "ICBufferFull", Time since last: 818366500 ns, Reaching safepoint: 519700 ns, At safepoint: 100200 ns, Total: 619900 ns
[2022-12-13T06:36:10.908+0000][151028][safepoint   ] Safepoint "Cleanup", Time since last: 1000185800 ns, Reaching safepoint: 231900 ns, At safepoint: 16300 ns, Total: 248200 ns
[2022-12-13T06:36:13.722+0000][151028][gc,start    ] GC(692) Pause Young (Prepare Mixed) (G1 Preventive Collection)
[2022-12-13T06:36:13.722+0000][151028][gc,task     ] GC(692) Using 10 workers of 10 for evacuation
[2022-12-13T06:36:13.722+0000][151028][gc,age      ] GC(692) Desired survivor size 314572800 bytes, new threshold 15 (max threshold 15)
[2022-12-13T06:36:13.775+0000][151028][gc,phases   ] GC(692)   Pre Evacuate Collection Set: 0.4ms
[2022-12-13T06:36:13.775+0000][151028][gc,phases   ] GC(692)   Merge Heap Roots: 0.4ms
[2022-12-13T06:36:13.775+0000][151028][gc,phases   ] GC(692)   Evacuate Collection Set: 5.0ms
[2022-12-13T06:36:13.775+0000][151028][gc,phases   ] GC(692)   Post Evacuate Collection Set: 47.3ms
[2022-12-13T06:36:13.775+0000][151028][gc,phases   ] GC(692)   Other: 0.2ms
[2022-12-13T06:36:13.775+0000][151028][gc,age      ] GC(692) Age table with threshold 15 (max threshold 15)
[2022-12-13T06:36:13.775+0000][151028][gc,age      ] GC(692) - age   1:  138499120 bytes,  138499120 total
[2022-12-13T06:36:13.775+0000][151028][gc,age      ] GC(692) - age   2:    1782768 bytes,  140281888 total
[2022-12-13T06:36:13.775+0000][151028][gc,age      ] GC(692) - age   3:    3789320 bytes,  144071208 total
[2022-12-13T06:36:13.775+0000][151028][gc,heap     ] GC(692) Eden regions: 852->0(62)
[2022-12-13T06:36:13.775+0000][151028][gc,heap     ] GC(692) Survivor regions: 5->37(115)
[2022-12-13T06:36:13.775+0000][151028][gc,heap     ] GC(692) Old regions: 112->112
[2022-12-13T06:36:13.775+0000][151028][gc,heap     ] GC(692) Archive regions: 2->2
[2022-12-13T06:36:13.775+0000][151028][gc,heap     ] GC(692) Humongous regions: 912->5
[2022-12-13T06:36:13.776+0000][151028][gc,metaspace] GC(692) Metaspace: 178528K(183104K)->178528K(183104K) NonClass: 156711K(159232K)->156711K(159232K) Class: 21816K(23872K)->21816K(23872K)
[2022-12-13T06:36:13.776+0000][151028][gc          ] GC(692) Pause Young (Prepare Mixed) (G1 Preventive Collection) 7524M->617M(7992M) 53.747ms
[2022-12-13T06:36:13.776+0000][151028][gc,cpu      ] GC(692) User=0.48s Sys=0.01s Real=0.05s
[2022-12-13T06:36:13.776+0000][151028][safepoint   ] Safepoint "G1CollectForAllocation", Time since last: 2813712600 ns, Reaching safepoint: 307300 ns, At safepoint: 53976900 ns, Total: 54284200 ns
[2022-12-13T06:36:14.233+0000][151028][gc,start    ] GC(693) Pause Young (Mixed) (G1 Evacuation Pause)
[2022-12-13T06:36:14.233+0000][151028][gc,task     ] GC(693) Using 10 workers of 10 for evacuation
[2022-12-13T06:36:14.233+0000][151028][gc,age      ] GC(693) Desired survivor size 27262976 bytes, new threshold 1 (max threshold 15)
[2022-12-13T06:36:14.267+0000][151028][gc,phases   ] GC(693)   Pre Evacuate Collection Set: 0.3ms
[2022-12-13T06:36:14.267+0000][151028][gc,phases   ] GC(693)   Merge Heap Roots: 0.2ms
[2022-12-13T06:36:14.267+0000][151028][gc,phases   ] GC(693)   Evacuate Collection Set: 29.0ms
[2022-12-13T06:36:14.267+0000][151028][gc,phases   ] GC(693)   Post Evacuate Collection Set: 4.5ms
[2022-12-13T06:36:14.267+0000][151028][gc,phases   ] GC(693)   Other: 0.2ms
[2022-12-13T06:36:14.267+0000][151028][gc,age      ] GC(693) Age table with threshold 1 (max threshold 15)
[2022-12-13T06:36:14.267+0000][151028][gc,age      ] GC(693) - age   1:   39726760 bytes,   39726760 total
[2022-12-13T06:36:14.267+0000][151028][gc,heap     ] GC(693) Eden regions: 62->0(1187)
[2022-12-13T06:36:14.267+0000][151028][gc,heap     ] GC(693) Survivor regions: 37->11(13)
[2022-12-13T06:36:14.267+0000][151028][gc,heap     ] GC(693) Old regions: 112->108
[2022-12-13T06:36:14.267+0000][151028][gc,heap     ] GC(693) Archive regions: 2->2
[2022-12-13T06:36:14.267+0000][151028][gc,heap     ] GC(693) Humongous regions: 45->6
[2022-12-13T06:36:14.267+0000][151028][gc,metaspace] GC(693) Metaspace: 178528K(183104K)->178528K(183104K) NonClass: 156712K(159232K)->156712K(159232K) Class: 21816K(23872K)->21816K(23872K)
[2022-12-13T06:36:14.267+0000][151028][gc          ] GC(693) Pause Young (Mixed) (G1 Evacuation Pause) 1025M->501M(7992M) 34.683ms
[2022-12-13T06:36:14.267+0000][151028][gc,cpu      ] GC(693) User=0.19s Sys=0.01s Real=0.03s
[2022-12-13T06:36:14.268+0000][151028][safepoint   ] Safepoint "G1CollectForAllocation", Time since last: 456502400 ns, Reaching safepoint: 291900 ns, At safepoint: 34966700 ns, Total: 35258600 ns
[2022-12-13T06:36:14.809+0000][151028][gc,start    ] GC(694) Pause Young (Concurrent Start) (G1 Humongous Allocation)
[2022-12-13T06:36:14.809+0000][151028][gc,task     ] GC(694) Using 10 workers of 10 for evacuation
[2022-12-13T06:36:14.809+0000][151028][gc,age      ] GC(694) Desired survivor size 314572800 bytes, new threshold 15 (max threshold 15)
[2022-12-13T06:36:14.815+0000][151028][gc,phases   ] GC(694)   Pre Evacuate Collection Set: 0.9ms
[2022-12-13T06:36:14.815+0000][151028][gc,phases   ] GC(694)   Merge Heap Roots: 0.2ms
[2022-12-13T06:36:14.815+0000][151028][gc,phases   ] GC(694)   Evacuate Collection Set: 3.7ms
[2022-12-13T06:36:14.815+0000][151028][gc,phases   ] GC(694)   Post Evacuate Collection Set: 1.2ms
[2022-12-13T06:36:14.815+0000][151028][gc,phases   ] GC(694)   Other: 0.1ms
[2022-12-13T06:36:14.815+0000][151028][gc,age      ] GC(694) Age table with threshold 15 (max threshold 15)
[2022-12-13T06:36:14.815+0000][151028][gc,age      ] GC(694) - age   1:    1580840 bytes,    1580840 total
[2022-12-13T06:36:14.815+0000][151028][gc,age      ] GC(694) - age   2:   10336648 bytes,   11917488 total
[2022-12-13T06:36:14.815+0000][151028][gc,heap     ] GC(694) Eden regions: 28->0(1194)
[2022-12-13T06:36:14.815+0000][151028][gc,heap     ] GC(694) Survivor regions: 11->4(150)
[2022-12-13T06:36:14.815+0000][151028][gc,heap     ] GC(694) Old regions: 108->108
[2022-12-13T06:36:14.815+0000][151028][gc,heap     ] GC(694) Archive regions: 2->2
[2022-12-13T06:36:14.815+0000][151028][gc,heap     ] GC(694) Humongous regions: 6->6
[2022-12-13T06:36:14.815+0000][151028][gc,metaspace] GC(694) Metaspace: 178528K(183104K)->178528K(183104K) NonClass: 156712K(159232K)->156712K(159232K) Class: 21816K(23872K)->21816K(23872K)
[2022-12-13T06:36:14.815+0000][151028][gc          ] GC(694) Pause Young (Concurrent Start) (G1 Humongous Allocation) 609M->472M(7992M) 6.495ms
[2022-12-13T06:36:14.815+0000][151028][gc          ] GC(695) Concurrent Mark Cycle
[2022-12-13T06:36:14.815+0000][151028][gc,marking  ] GC(695) Concurrent Clear Claimed Marks
[2022-12-13T06:36:14.815+0000][151028][gc,cpu      ] GC(694) User=0.03s Sys=0.01s Real=0.01s
[2022-12-13T06:36:14.816+0000][151028][safepoint   ] Safepoint "G1TryInitiateConcMark", Time since last: 541160700 ns, Reaching safepoint: 179000 ns, At safepoint: 6749900 ns, Total: 6928900 ns
[2022-12-13T06:36:14.816+0000][151028][gc,marking  ] GC(695) Concurrent Clear Claimed Marks 0.335ms
[2022-12-13T06:36:14.816+0000][151028][gc,marking  ] GC(695) Concurrent Scan Root Regions
[2022-12-13T06:36:14.818+0000][151028][gc,marking  ] GC(695) Concurrent Scan Root Regions 2.041ms
[2022-12-13T06:36:14.818+0000][151028][gc,marking  ] GC(695) Concurrent Mark
[2022-12-13T06:36:14.818+0000][151028][gc,marking  ] GC(695) Concurrent Mark From Roots
[2022-12-13T06:36:14.818+0000][151028][gc,task     ] GC(695) Using 3 workers of 3 for marking
[2022-12-13T06:36:15.105+0000][151028][gc,marking  ] GC(695) Concurrent Mark From Roots 286.554ms
[2022-12-13T06:36:15.105+0000][151028][gc,marking  ] GC(695) Concurrent Preclean
[2022-12-13T06:36:15.106+0000][151028][gc,marking  ] GC(695) Concurrent Preclean 0.822ms
[2022-12-13T06:36:15.108+0000][151028][gc,start    ] GC(695) Pause Remark
[2022-12-13T06:36:15.120+0000][151028][gc          ] GC(695) Pause Remark 816M->808M(7992M) 12.266ms
[2022-12-13T06:36:15.120+0000][151028][gc,cpu      ] GC(695) User=0.11s Sys=0.00s Real=0.02s
[2022-12-13T06:36:15.120+0000][151028][safepoint   ] Safepoint "G1PauseRemark", Time since last: 290013100 ns, Reaching safepoint: 2330400 ns, At safepoint: 12559600 ns, Total: 14890000 ns
[2022-12-13T06:36:15.121+0000][151028][gc,marking  ] GC(695) Concurrent Mark 302.650ms
[2022-12-13T06:36:15.121+0000][151028][gc,marking  ] GC(695) Concurrent Rebuild Remembered Sets
[2022-12-13T06:36:15.246+0000][151028][gc,marking  ] GC(695) Concurrent Rebuild Remembered Sets 125.447ms
[2022-12-13T06:36:15.247+0000][151028][gc,start    ] GC(695) Pause Cleanup
[2022-12-13T06:36:15.247+0000][151028][gc          ] GC(695) Pause Cleanup 868M->868M(7992M) 0.460ms
[2022-12-13T06:36:15.247+0000][151028][gc,cpu      ] GC(695) User=0.00s Sys=0.00s Real=0.00s
[2022-12-13T06:36:15.247+0000][151028][safepoint   ] Safepoint "G1PauseCleanup", Time since last: 125761700 ns, Reaching safepoint: 317200 ns, At safepoint: 606200 ns, Total: 923400 ns
[2022-12-13T06:36:15.247+0000][151028][gc,marking  ] GC(695) Concurrent Cleanup for Next Mark
[2022-12-13T06:36:15.268+0000][151028][gc,marking  ] GC(695) Concurrent Cleanup for Next Mark 20.866ms
[2022-12-13T06:36:15.268+0000][151028][gc          ] GC(695) Concurrent Mark Cycle 452.751ms
[2022-12-13T06:36:17.248+0000][151028][safepoint   ] Safepoint "Cleanup", Time since last: 2000250200 ns, Reaching safepoint: 215900 ns, At safepoint: 25800 ns, Total: 241700 ns
[2022-12-13T06:36:18.860+0000][151028][safepoint   ] Safepoint "Cleanup", Time since last: 1592038900 ns, Reaching safepoint: 19679100 ns, At safepoint: 106400 ns, Total: 19785500 ns
[2022-12-13T06:36:19.707+0000][151028][gc,start    ] GC(696) Pause Young (Prepare Mixed) (G1 Preventive Collection)
[2022-12-13T06:36:19.707+0000][151028][gc,task     ] GC(696) Using 10 workers of 10 for evacuation
[2022-12-13T06:36:19.707+0000][151028][gc,age      ] GC(696) Desired survivor size 314572800 bytes, new threshold 15 (max threshold 15)
[2022-12-13T06:36:19.769+0000][151028][gc,phases   ] GC(696)   Pre Evacuate Collection Set: 0.4ms
[2022-12-13T06:36:19.770+0000][151028][gc,phases   ] GC(696)   Merge Heap Roots: 0.3ms
[2022-12-13T06:36:19.770+0000][151028][gc,phases   ] GC(696)   Evacuate Collection Set: 32.2ms
[2022-12-13T06:36:19.770+0000][151028][gc,phases   ] GC(696)   Post Evacuate Collection Set: 28.8ms
[2022-12-13T06:36:19.770+0000][151028][gc,phases   ] GC(696)   Other: 0.2ms
[2022-12-13T06:36:19.770+0000][151028][gc,age      ] GC(696) Age table with threshold 15 (max threshold 15)
[2022-12-13T06:36:19.770+0000][151028][gc,age      ] GC(696) - age   1:  161414800 bytes,  161414800 total
[2022-12-13T06:36:19.770+0000][151028][gc,age      ] GC(696) - age   2:     252480 bytes,  161667280 total
[2022-12-13T06:36:19.770+0000][151028][gc,age      ] GC(696) - age   3:   10108112 bytes,  171775392 total
[2022-12-13T06:36:19.770+0000][151028][gc,heap     ] GC(696) Eden regions: 589->0(57)
[2022-12-13T06:36:19.770+0000][151028][gc,heap     ] GC(696) Survivor regions: 4->42(60)
[2022-12-13T06:36:19.770+0000][151028][gc,heap     ] GC(696) Old regions: 108->108
[2022-12-13T06:36:19.770+0000][151028][gc,heap     ] GC(696) Archive regions: 2->2
[2022-12-13T06:36:19.770+0000][151028][gc,heap     ] GC(696) Humongous regions: 1235->16
[2022-12-13T06:36:19.770+0000][151028][gc,metaspace] GC(696) Metaspace: 178557K(183104K)->178557K(183104K) NonClass: 156740K(159232K)->156740K(159232K) Class: 21817K(23872K)->21817K(23872K)
[2022-12-13T06:36:19.770+0000][151028][gc          ] GC(696) Pause Young (Prepare Mixed) (G1 Preventive Collection) 7742M->665M(7992M) 62.378ms
[2022-12-13T06:36:19.770+0000][151028][gc,cpu      ] GC(696) User=0.54s Sys=0.00s Real=0.06s
[2022-12-13T06:36:19.770+0000][151028][safepoint   ] Safepoint "G1CollectForAllocation", Time since last: 847515600 ns, Reaching safepoint: 309800 ns, At safepoint: 62631900 ns, Total: 62941700 ns
[2022-12-13T06:36:19.948+0000][151028][gc,start    ] GC(697) Pause Young (Mixed) (G1 Evacuation Pause)
[2022-12-13T06:36:19.948+0000][151028][gc,task     ] GC(697) Using 10 workers of 10 for evacuation
[2022-12-13T06:36:19.948+0000][151028][gc,age      ] GC(697) Desired survivor size 27262976 bytes, new threshold 1 (max threshold 15)
[2022-12-13T06:36:20.013+0000][151028][gc,phases   ] GC(697)   Pre Evacuate Collection Set: 0.4ms
[2022-12-13T06:36:20.013+0000][151028][gc,phases   ] GC(697)   Merge Heap Roots: 0.3ms
[2022-12-13T06:36:20.013+0000][151028][gc,phases   ] GC(697)   Evacuate Collection Set: 56.5ms
[2022-12-13T06:36:20.013+0000][151028][gc,phases   ] GC(697)   Post Evacuate Collection Set: 7.3ms
[2022-12-13T06:36:20.013+0000][151028][gc,phases   ] GC(697)   Other: 0.2ms
[2022-12-13T06:36:20.013+0000][151028][gc,age      ] GC(697) Age table with threshold 1 (max threshold 15)
[2022-12-13T06:36:20.013+0000][151028][gc,age      ] GC(697) - age   1:   45329568 bytes,   45329568 total
[2022-12-13T06:36:20.013+0000][151028][gc,heap     ] GC(697) Eden regions: 57->0(1185)
[2022-12-13T06:36:20.013+0000][151028][gc,heap     ] GC(697) Survivor regions: 42->13(13)
[2022-12-13T06:36:20.013+0000][151028][gc,heap     ] GC(697) Old regions: 108->130
[2022-12-13T06:36:20.013+0000][151028][gc,heap     ] GC(697) Archive regions: 2->2
[2022-12-13T06:36:20.013+0000][151028][gc,heap     ] GC(697) Humongous regions: 149->49
[2022-12-13T06:36:20.013+0000][151028][gc,metaspace] GC(697) Metaspace: 178558K(183104K)->178558K(183104K) NonClass: 156741K(159232K)->156741K(159232K) Class: 21817K(23872K)->21817K(23872K)
[2022-12-13T06:36:20.013+0000][151028][gc          ] GC(697) Pause Young (Mixed) (G1 Evacuation Pause) 1425M->771M(7992M) 65.028ms
[2022-12-13T06:36:20.013+0000][151028][gc,cpu      ] GC(697) User=0.56s Sys=0.02s Real=0.07s
[2022-12-13T06:36:20.013+0000][151028][safepoint   ] Safepoint "G1CollectForAllocation", Time since last: 163628400 ns, Reaching safepoint: 14514300 ns, At safepoint: 65355800 ns, Total: 79870100 ns
[2022-12-13T06:36:20.023+0000][151028][gc,start    ] GC(698) Pause Young (Concurrent Start) (G1 Humongous Allocation)
[2022-12-13T06:36:20.023+0000][151028][gc,task     ] GC(698) Using 10 workers of 10 for evacuation
[2022-12-13T06:36:20.023+0000][151028][gc,age      ] GC(698) Desired survivor size 314572800 bytes, new threshold 15 (max threshold 15)
[2022-12-13T06:36:20.045+0000][151028][gc,phases   ] GC(698)   Pre Evacuate Collection Set: 0.9ms
[2022-12-13T06:36:20.045+0000][151028][gc,phases   ] GC(698)   Merge Heap Roots: 0.2ms
[2022-12-13T06:36:20.045+0000][151028][gc,phases   ] GC(698)   Evacuate Collection Set: 18.4ms
[2022-12-13T06:36:20.045+0000][151028][gc,phases   ] GC(698)   Post Evacuate Collection Set: 2.7ms
[2022-12-13T06:36:20.045+0000][151028][gc,phases   ] GC(698)   Other: 0.1ms
[2022-12-13T06:36:20.046+0000][151028][gc,age      ] GC(698) Age table with threshold 15 (max threshold 15)
[2022-12-13T06:36:20.046+0000][151028][gc,age      ] GC(698) - age   1:     846552 bytes,     846552 total
[2022-12-13T06:36:20.046+0000][151028][gc,age      ] GC(698) - age   2:   44530096 bytes,   45376648 total
[2022-12-13T06:36:20.046+0000][151028][gc,heap     ] GC(698) Eden regions: 4->0(1185)
[2022-12-13T06:36:20.046+0000][151028][gc,heap     ] GC(698) Survivor regions: 13->13(150)
[2022-12-13T06:36:20.046+0000][151028][gc,heap     ] GC(698) Old regions: 130->130
[2022-12-13T06:36:20.046+0000][151028][gc,heap     ] GC(698) Archive regions: 2->2
[2022-12-13T06:36:20.046+0000][151028][gc,heap     ] GC(698) Humongous regions: 49->16
[2022-12-13T06:36:20.046+0000][151028][gc,metaspace] GC(698) Metaspace: 178558K(183104K)->178558K(183104K) NonClass: 156741K(159232K)->156741K(159232K) Class: 21817K(23872K)->21817K(23872K)
[2022-12-13T06:36:20.046+0000][151028][gc          ] GC(698) Pause Young (Concurrent Start) (G1 Humongous Allocation) 787M->636M(7992M) 22.646ms
[2022-12-13T06:36:20.046+0000][151028][gc          ] GC(699) Concurrent Mark Cycle
[2022-12-13T06:36:20.046+0000][151028][gc,marking  ] GC(699) Concurrent Clear Claimed Marks
[2022-12-13T06:36:20.046+0000][151028][gc,cpu      ] GC(698) User=0.18s Sys=0.00s Real=0.02s
[2022-12-13T06:36:20.046+0000][151028][safepoint   ] Safepoint "G1TryInitiateConcMark", Time since last: 9198500 ns, Reaching safepoint: 305700 ns, At safepoint: 22996400 ns, Total: 23302100 ns
[2022-12-13T06:36:20.046+0000][151028][gc,marking  ] GC(699) Concurrent Clear Claimed Marks 0.396ms
[2022-12-13T06:36:20.046+0000][151028][gc,marking  ] GC(699) Concurrent Scan Root Regions
[2022-12-13T06:36:20.065+0000][151028][gc,marking  ] GC(699) Concurrent Scan Root Regions 18.824ms
[2022-12-13T06:36:20.065+0000][151028][gc,marking  ] GC(699) Concurrent Mark
[2022-12-13T06:36:20.065+0000][151028][gc,marking  ] GC(699) Concurrent Mark From Roots
[2022-12-13T06:36:20.065+0000][151028][gc,task     ] GC(699) Using 3 workers of 3 for marking
[2022-12-13T06:36:20.487+0000][151028][gc,marking  ] GC(699) Concurrent Mark From Roots 422.277ms
[2022-12-13T06:36:20.487+0000][151028][gc,marking  ] GC(699) Concurrent Preclean
[2022-12-13T06:36:20.488+0000][151028][gc,marking  ] GC(699) Concurrent Preclean 0.814ms
[2022-12-13T06:36:20.489+0000][151028][gc,start    ] GC(699) Pause Remark
[2022-12-13T06:36:20.503+0000][151028][gc          ] GC(699) Pause Remark 1330M->1322M(7992M) 14.291ms
[2022-12-13T06:36:20.503+0000][151028][gc,cpu      ] GC(699) User=0.12s Sys=0.00s Real=0.02s
[2022-12-13T06:36:20.503+0000][151028][safepoint   ] Safepoint "G1PauseRemark", Time since last: 442554300 ns, Reaching safepoint: 362000 ns, At safepoint: 14515000 ns, Total: 14877000 ns
[2022-12-13T06:36:20.504+0000][151028][gc,marking  ] GC(699) Concurrent Mark 438.418ms
[2022-12-13T06:36:20.504+0000][151028][gc,marking  ] GC(699) Concurrent Rebuild Remembered Sets
[2022-12-13T06:36:20.659+0000][151028][gc,marking  ] GC(699) Concurrent Rebuild Remembered Sets 155.739ms
[2022-12-13T06:36:20.660+0000][151028][gc,start    ] GC(699) Pause Cleanup
[2022-12-13T06:36:20.660+0000][151028][gc          ] GC(699) Pause Cleanup 1410M->1410M(7992M) 0.463ms
[2022-12-13T06:36:20.660+0000][151028][gc,cpu      ] GC(699) User=0.01s Sys=0.00s Real=0.00s
[2022-12-13T06:36:20.660+0000][151028][safepoint   ] Safepoint "G1PauseCleanup", Time since last: 155987900 ns, Reaching safepoint: 301100 ns, At safepoint: 610500 ns, Total: 911600 ns
[2022-12-13T06:36:20.660+0000][151028][gc,marking  ] GC(699) Concurrent Cleanup for Next Mark
[2022-12-13T06:36:20.682+0000][151028][gc,marking  ] GC(699) Concurrent Cleanup for Next Mark 21.907ms
[2022-12-13T06:36:20.682+0000][151028][gc          ] GC(699) Concurrent Mark Cycle 636.624ms
[2022-12-13T06:36:22.661+0000][151028][safepoint   ] Safepoint "Cleanup", Time since last: 2000255500 ns, Reaching safepoint: 346900 ns, At safepoint: 47900 ns, Total: 394800 ns
[2022-12-13T06:36:24.662+0000][151028][safepoint   ] Safepoint "Cleanup", Time since last: 2000269500 ns, Reaching safepoint: 269700 ns, At safepoint: 39200 ns, Total: 308900 ns
[2022-12-13T06:36:25.662+0000][151028][safepoint   ] Safepoint "Cleanup", Time since last: 1000150200 ns, Reaching safepoint: 289800 ns, At safepoint: 33600 ns, Total: 323400 ns
[2022-12-13T06:36:26.241+0000][151028][gc,start    ] GC(700) Pause Young (Prepare Mixed) (G1 Evacuation Pause)
[2022-12-13T06:36:26.241+0000][151028][gc,task     ] GC(700) Using 10 workers of 10 for evacuation
[2022-12-13T06:36:26.241+0000][151028][gc,age      ] GC(700) Desired survivor size 314572800 bytes, new threshold 15 (max threshold 15)
[2022-12-13T06:36:26.306+0000][151028][gc,phases   ] GC(700)   Pre Evacuate Collection Set: 0.5ms
[2022-12-13T06:36:26.306+0000][151028][gc,phases   ] GC(700)   Merge Heap Roots: 0.4ms
[2022-12-13T06:36:26.306+0000][151028][gc,phases   ] GC(700)   Evacuate Collection Set: 13.0ms
[2022-12-13T06:36:26.306+0000][151028][gc,phases   ] GC(700)   Post Evacuate Collection Set: 50.4ms
[2022-12-13T06:36:26.306+0000][151028][gc,phases   ] GC(700)   Other: 0.3ms
[2022-12-13T06:36:26.306+0000][151028][gc,age      ] GC(700) Age table with threshold 15 (max threshold 15)
[2022-12-13T06:36:26.306+0000][151028][gc,age      ] GC(700) - age   1:  168478880 bytes,  168478880 total
[2022-12-13T06:36:26.306+0000][151028][gc,age      ] GC(700) - age   2:      45824 bytes,  168524704 total
[2022-12-13T06:36:26.306+0000][151028][gc,age      ] GC(700) - age   3:    3631408 bytes,  172156112 total
[2022-12-13T06:36:26.306+0000][151028][gc,heap     ] GC(700) Eden regions: 1185->0(56)
[2022-12-13T06:36:26.306+0000][151028][gc,heap     ] GC(700) Survivor regions: 13->43(150)
[2022-12-13T06:36:26.306+0000][151028][gc,heap     ] GC(700) Old regions: 130->130
[2022-12-13T06:36:26.306+0000][151028][gc,heap     ] GC(700) Archive regions: 2->2
[2022-12-13T06:36:26.306+0000][151028][gc,heap     ] GC(700) Humongous regions: 356->19
[2022-12-13T06:36:26.306+0000][151028][gc,metaspace] GC(700) Metaspace: 178575K(183104K)->178575K(183104K) NonClass: 156757K(159232K)->156757K(159232K) Class: 21818K(23872K)->21818K(23872K)
[2022-12-13T06:36:26.306+0000][151028][gc          ] GC(700) Pause Young (Prepare Mixed) (G1 Evacuation Pause) 6736M->768M(7992M) 65.004ms
[2022-12-13T06:36:26.306+0000][151028][gc,cpu      ] GC(700) User=0.60s Sys=0.01s Real=0.06s
[2022-12-13T06:36:26.306+0000][151028][safepoint   ] Safepoint "G1CollectForAllocation", Time since last: 578892400 ns, Reaching safepoint: 302600 ns, At safepoint: 65178500 ns, Total: 65481100 ns
[2022-12-13T06:36:27.307+0000][151028][safepoint   ] Safepoint "Cleanup", Time since last: 1000143400 ns, Reaching safepoint: 287700 ns, At safepoint: 92900 ns, Total: 380600 ns
[2022-12-13T06:36:27.347+0000][151028][gc,start    ] GC(701) Pause Young (Mixed) (G1 Evacuation Pause)
[2022-12-13T06:36:27.348+0000][151028][gc,task     ] GC(701) Using 10 workers of 10 for evacuation
[2022-12-13T06:36:27.348+0000][151028][gc,age      ] GC(701) Desired survivor size 27262976 bytes, new threshold 1 (max threshold 15)
[2022-12-13T06:36:27.367+0000][151028][gc,phases   ] GC(701)   Pre Evacuate Collection Set: 0.3ms
[2022-12-13T06:36:27.367+0000][151028][gc,phases   ] GC(701)   Merge Heap Roots: 0.3ms
[2022-12-13T06:36:27.367+0000][151028][gc,phases   ] GC(701)   Evacuate Collection Set: 15.9ms
[2022-12-13T06:36:27.367+0000][151028][gc,phases   ] GC(701)   Post Evacuate Collection Set: 2.6ms
[2022-12-13T06:36:27.367+0000][151028][gc,phases   ] GC(701)   Other: 0.2ms
[2022-12-13T06:36:27.367+0000][151028][gc,age      ] GC(701) Age table with threshold 1 (max threshold 15)
[2022-12-13T06:36:27.367+0000][151028][gc,age      ] GC(701) - age   1:   12321464 bytes,   12321464 total
[2022-12-13T06:36:27.367+0000][151028][gc,heap     ] GC(701) Eden regions: 56->0(1191)
[2022-12-13T06:36:27.367+0000][151028][gc,heap     ] GC(701) Survivor regions: 43->7(13)
[2022-12-13T06:36:27.367+0000][151028][gc,heap     ] GC(701) Old regions: 130->134
[2022-12-13T06:36:27.367+0000][151028][gc,heap     ] GC(701) Archive regions: 2->2
[2022-12-13T06:36:27.367+0000][151028][gc,heap     ] GC(701) Humongous regions: 34->14
[2022-12-13T06:36:27.367+0000][151028][gc,metaspace] GC(701) Metaspace: 178577K(183104K)->178577K(183104K) NonClass: 156759K(159232K)->156759K(159232K) Class: 21818K(23872K)->21818K(23872K)
[2022-12-13T06:36:27.367+0000][151028][gc          ] GC(701) Pause Young (Mixed) (G1 Evacuation Pause) 1052M->618M(7992M) 19.690ms
[2022-12-13T06:36:27.367+0000][151028][gc,cpu      ] GC(701) User=0.16s Sys=0.01s Real=0.02s
[2022-12-13T06:36:27.367+0000][151028][safepoint   ] Safepoint "G1CollectForAllocation", Time since last: 40339500 ns, Reaching safepoint: 216300 ns, At safepoint: 19904500 ns, Total: 20120800 ns
[2022-12-13T06:36:28.277+0000][151028][gc,start    ] GC(702) Pause Young (Concurrent Start) (G1 Humongous Allocation)
[2022-12-13T06:36:28.277+0000][151028][gc,task     ] GC(702) Using 10 workers of 10 for evacuation
[2022-12-13T06:36:28.277+0000][151028][gc,age      ] GC(702) Desired survivor size 314572800 bytes, new threshold 15 (max threshold 15)
[2022-12-13T06:36:28.288+0000][151028][gc,phases   ] GC(702)   Pre Evacuate Collection Set: 0.8ms
[2022-12-13T06:36:28.288+0000][151028][gc,phases   ] GC(702)   Merge Heap Roots: 0.2ms
[2022-12-13T06:36:28.288+0000][151028][gc,phases   ] GC(702)   Evacuate Collection Set: 5.5ms
[2022-12-13T06:36:28.288+0000][151028][gc,phases   ] GC(702)   Post Evacuate Collection Set: 4.5ms
[2022-12-13T06:36:28.288+0000][151028][gc,phases   ] GC(702)   Other: 0.1ms
[2022-12-13T06:36:28.288+0000][151028][gc,age      ] GC(702) Age table with threshold 15 (max threshold 15)
[2022-12-13T06:36:28.288+0000][151028][gc,age      ] GC(702) - age   1:   19572936 bytes,   19572936 total
[2022-12-13T06:36:28.288+0000][151028][gc,age      ] GC(702) - age   2:    3279752 bytes,   22852688 total
[2022-12-13T06:36:28.288+0000][151028][gc,heap     ] GC(702) Eden regions: 63->0(1190)
[2022-12-13T06:36:28.288+0000][151028][gc,heap     ] GC(702) Survivor regions: 7->8(150)
[2022-12-13T06:36:28.288+0000][151028][gc,heap     ] GC(702) Old regions: 134->134
[2022-12-13T06:36:28.288+0000][151028][gc,heap     ] GC(702) Archive regions: 2->2
[2022-12-13T06:36:28.288+0000][151028][gc,heap     ] GC(702) Humongous regions: 14->14
[2022-12-13T06:36:28.288+0000][151028][gc,metaspace] GC(702) Metaspace: 178577K(183104K)->178577K(183104K) NonClass: 156759K(159232K)->156759K(159232K) Class: 21818K(23872K)->21818K(23872K)
[2022-12-13T06:36:28.288+0000][151028][gc          ] GC(702) Pause Young (Concurrent Start) (G1 Humongous Allocation) 869M->621M(7992M) 11.402ms
[2022-12-13T06:36:28.288+0000][151028][gc          ] GC(703) Concurrent Mark Cycle
[2022-12-13T06:36:28.288+0000][151028][gc,marking  ] GC(703) Concurrent Clear Claimed Marks
[2022-12-13T06:36:28.288+0000][151028][gc,cpu      ] GC(702) User=0.08s Sys=0.01s Real=0.01s
[2022-12-13T06:36:28.288+0000][151028][safepoint   ] Safepoint "G1TryInitiateConcMark", Time since last: 908936500 ns, Reaching safepoint: 421800 ns, At safepoint: 11735000 ns, Total: 12156800 ns
[2022-12-13T06:36:28.289+0000][151028][gc,marking  ] GC(703) Concurrent Clear Claimed Marks 0.370ms
[2022-12-13T06:36:28.289+0000][151028][gc,marking  ] GC(703) Concurrent Scan Root Regions
[2022-12-13T06:36:28.292+0000][151028][gc,marking  ] GC(703) Concurrent Scan Root Regions 3.552ms
[2022-12-13T06:36:28.292+0000][151028][gc,marking  ] GC(703) Concurrent Mark
[2022-12-13T06:36:28.292+0000][151028][gc,marking  ] GC(703) Concurrent Mark From Roots
[2022-12-13T06:36:28.292+0000][151028][gc,task     ] GC(703) Using 3 workers of 3 for marking
[2022-12-13T06:36:28.606+0000][151028][gc,marking  ] GC(703) Concurrent Mark From Roots 313.481ms
[2022-12-13T06:36:28.606+0000][151028][gc,marking  ] GC(703) Concurrent Preclean
[2022-12-13T06:36:28.608+0000][151028][gc,marking  ] GC(703) Concurrent Preclean 2.159ms
[2022-12-13T06:36:28.624+0000][151028][gc,start    ] GC(703) Pause Remark
[2022-12-13T06:36:28.640+0000][151028][gc          ] GC(703) Pause Remark 1935M->1887M(7992M) 16.229ms
[2022-12-13T06:36:28.640+0000][151028][gc,cpu      ] GC(703) User=0.13s Sys=0.00s Real=0.02s
[2022-12-13T06:36:28.640+0000][151028][safepoint   ] Safepoint "G1PauseRemark", Time since last: 319930100 ns, Reaching safepoint: 15404800 ns, At safepoint: 16476300 ns, Total: 31881100 ns
[2022-12-13T06:36:28.640+0000][151028][gc,marking  ] GC(703) Concurrent Mark 347.982ms
[2022-12-13T06:36:28.640+0000][151028][gc,marking  ] GC(703) Concurrent Rebuild Remembered Sets
[2022-12-13T06:36:28.855+0000][151028][gc,marking  ] GC(703) Concurrent Rebuild Remembered Sets 214.322ms
[2022-12-13T06:36:28.878+0000][151028][gc,start    ] GC(703) Pause Cleanup
[2022-12-13T06:36:28.879+0000][151028][gc          ] GC(703) Pause Cleanup 2883M->2883M(7992M) 0.632ms
[2022-12-13T06:36:28.879+0000][151028][gc,cpu      ] GC(703) User=0.00s Sys=0.00s Real=0.00s
[2022-12-13T06:36:28.879+0000][151028][safepoint   ] Safepoint "G1PauseCleanup", Time since last: 214651000 ns, Reaching safepoint: 23089200 ns, At safepoint: 876600 ns, Total: 23965800 ns
[2022-12-13T06:36:28.879+0000][151028][gc,marking  ] GC(703) Concurrent Cleanup for Next Mark
[2022-12-13T06:36:28.913+0000][151028][gc,marking  ] GC(703) Concurrent Cleanup for Next Mark 33.133ms
[2022-12-13T06:36:28.913+0000][151028][gc          ] GC(703) Concurrent Mark Cycle 624.531ms
[2022-12-13T06:36:29.860+0000][151028][gc,start    ] GC(704) Pause Young (Prepare Mixed) (G1 Humongous Allocation)
[2022-12-13T06:36:29.860+0000][151028][gc,task     ] GC(704) Using 10 workers of 10 for evacuation
[2022-12-13T06:36:29.860+0000][151028][gc,age      ] GC(704) Desired survivor size 314572800 bytes, new threshold 15 (max threshold 15)
[2022-12-13T06:36:29.891+0000][151028][gc,phases   ] GC(704)   Pre Evacuate Collection Set: 0.3ms
[2022-12-13T06:36:29.891+0000][151028][gc,phases   ] GC(704)   Merge Heap Roots: 0.3ms
[2022-12-13T06:36:29.891+0000][151028][gc,phases   ] GC(704)   Evacuate Collection Set: 18.1ms
[2022-12-13T06:36:29.891+0000][151028][gc,phases   ] GC(704)   Post Evacuate Collection Set: 11.8ms
[2022-12-13T06:36:29.891+0000][151028][gc,phases   ] GC(704)   Other: 0.2ms
[2022-12-13T06:36:29.891+0000][151028][gc,age      ] GC(704) Age table with threshold 15 (max threshold 15)
[2022-12-13T06:36:29.891+0000][151028][gc,age      ] GC(704) - age   1:   76620792 bytes,   76620792 total
[2022-12-13T06:36:29.891+0000][151028][gc,age      ] GC(704) - age   2:    4740664 bytes,   81361456 total
[2022-12-13T06:36:29.891+0000][151028][gc,age      ] GC(704) - age   3:     479296 bytes,   81840752 total
[2022-12-13T06:36:29.891+0000][151028][gc,heap     ] GC(704) Eden regions: 293->0(78)
[2022-12-13T06:36:29.891+0000][151028][gc,heap     ] GC(704) Survivor regions: 8->21(80)
[2022-12-13T06:36:29.891+0000][151028][gc,heap     ] GC(704) Old regions: 134->134
[2022-12-13T06:36:29.891+0000][151028][gc,heap     ] GC(704) Archive regions: 2->2
[2022-12-13T06:36:29.891+0000][151028][gc,heap     ] GC(704) Humongous regions: 1481->13
[2022-12-13T06:36:29.891+0000][151028][gc,metaspace] GC(704) Metaspace: 178668K(183168K)->178668K(183168K) NonClass: 156842K(159296K)->156842K(159296K) Class: 21826K(23872K)->21826K(23872K)
[2022-12-13T06:36:29.891+0000][151028][gc          ] GC(704) Pause Young (Prepare Mixed) (G1 Humongous Allocation) 7661M->672M(7992M) 31.020ms
[2022-12-13T06:36:29.891+0000][151028][gc,cpu      ] GC(704) User=0.25s Sys=0.00s Real=0.03s
[2022-12-13T06:36:29.891+0000][151028][safepoint   ] Safepoint "G1CollectForAllocation", Time since last: 980550400 ns, Reaching safepoint: 294800 ns, At safepoint: 31325800 ns, Total: 31620600 ns
[2022-12-13T06:36:30.131+0000][151028][gc,start    ] GC(705) Pause Young (Mixed) (G1 Evacuation Pause)
[2022-12-13T06:36:30.131+0000][151028][gc,task     ] GC(705) Using 10 workers of 10 for evacuation
[2022-12-13T06:36:30.131+0000][151028][gc,age      ] GC(705) Desired survivor size 27262976 bytes, new threshold 1 (max threshold 15)
[2022-12-13T06:36:30.153+0000][151028][gc,phases   ] GC(705)   Pre Evacuate Collection Set: 0.3ms
[2022-12-13T06:36:30.153+0000][151028][gc,phases   ] GC(705)   Merge Heap Roots: 0.3ms
[2022-12-13T06:36:30.153+0000][151028][gc,phases   ] GC(705)   Evacuate Collection Set: 19.1ms
[2022-12-13T06:36:30.153+0000][151028][gc,phases   ] GC(705)   Post Evacuate Collection Set: 2.3ms
[2022-12-13T06:36:30.153+0000][151028][gc,phases   ] GC(705)   Other: 0.2ms
[2022-12-13T06:36:30.153+0000][151028][gc,age      ] GC(705) Age table with threshold 1 (max threshold 15)
[2022-12-13T06:36:30.153+0000][151028][gc,age      ] GC(705) - age   1:   28263296 bytes,   28263296 total
[2022-12-13T06:36:30.153+0000][151028][gc,heap     ] GC(705) Eden regions: 78->0(1190)
[2022-12-13T06:36:30.153+0000][151028][gc,heap     ] GC(705) Survivor regions: 21->8(13)
[2022-12-13T06:36:30.153+0000][151028][gc,heap     ] GC(705) Old regions: 134->132
[2022-12-13T06:36:30.154+0000][151028][gc,heap     ] GC(705) Archive regions: 2->2
[2022-12-13T06:36:30.154+0000][151028][gc,heap     ] GC(705) Humongous regions: 232->57
[2022-12-13T06:36:30.154+0000][151028][gc,metaspace] GC(705) Metaspace: 178668K(183168K)->178668K(183168K) NonClass: 156842K(159296K)->156842K(159296K) Class: 21826K(23872K)->21826K(23872K)
[2022-12-13T06:36:30.154+0000][151028][gc          ] GC(705) Pause Young (Mixed) (G1 Evacuation Pause) 1860M->791M(7992M) 22.561ms
[2022-12-13T06:36:30.154+0000][151028][gc,cpu      ] GC(705) User=0.20s Sys=0.00s Real=0.02s
[2022-12-13T06:36:30.154+0000][151028][safepoint   ] Safepoint "G1CollectForAllocation", Time since last: 220008300 ns, Reaching safepoint: 19917400 ns, At safepoint: 22806800 ns, Total: 42724200 ns
[2022-12-13T06:36:30.159+0000][151028][gc,start    ] GC(706) Pause Young (Concurrent Start) (G1 Humongous Allocation)
[2022-12-13T06:36:30.159+0000][151028][gc,task     ] GC(706) Using 10 workers of 10 for evacuation
[2022-12-13T06:36:30.159+0000][151028][gc,age      ] GC(706) Desired survivor size 314572800 bytes, new threshold 15 (max threshold 15)
[2022-12-13T06:36:30.171+0000][151028][gc,phases   ] GC(706)   Pre Evacuate Collection Set: 0.8ms
[2022-12-13T06:36:30.171+0000][151028][gc,phases   ] GC(706)   Merge Heap Roots: 0.2ms
[2022-12-13T06:36:30.171+0000][151028][gc,phases   ] GC(706)   Evacuate Collection Set: 9.1ms
[2022-12-13T06:36:30.171+0000][151028][gc,phases   ] GC(706)   Post Evacuate Collection Set: 1.8ms
[2022-12-13T06:36:30.171+0000][151028][gc,phases   ] GC(706)   Other: 0.1ms
[2022-12-13T06:36:30.171+0000][151028][gc,age      ] GC(706) Age table with threshold 15 (max threshold 15)
[2022-12-13T06:36:30.171+0000][151028][gc,age      ] GC(706) - age   1:    1199120 bytes,    1199120 total
[2022-12-13T06:36:30.171+0000][151028][gc,age      ] GC(706) - age   2:   26254952 bytes,   27454072 total
[2022-12-13T06:36:30.171+0000][151028][gc,heap     ] GC(706) Eden regions: 3->0(1190)
[2022-12-13T06:36:30.171+0000][151028][gc,heap     ] GC(706) Survivor regions: 8->8(150)
[2022-12-13T06:36:30.171+0000][151028][gc,heap     ] GC(706) Old regions: 132->132
[2022-12-13T06:36:30.171+0000][151028][gc,heap     ] GC(706) Archive regions: 2->2
[2022-12-13T06:36:30.171+0000][151028][gc,heap     ] GC(706) Humongous regions: 57->24
[2022-12-13T06:36:30.171+0000][151028][gc,metaspace] GC(706) Metaspace: 178668K(183168K)->178668K(183168K) NonClass: 156842K(159296K)->156842K(159296K) Class: 21826K(23872K)->21826K(23872K)
[2022-12-13T06:36:30.172+0000][151028][gc          ] GC(706) Pause Young (Concurrent Start) (G1 Humongous Allocation) 803M->657M(7992M) 12.357ms
[2022-12-13T06:36:30.172+0000][151028][gc          ] GC(707) Concurrent Undo Cycle
[2022-12-13T06:36:30.172+0000][151028][gc,cpu      ] GC(706) User=0.09s Sys=0.00s Real=0.01s
[2022-12-13T06:36:30.172+0000][151028][gc,marking  ] GC(707) Concurrent Cleanup for Next Mark
[2022-12-13T06:36:30.172+0000][151028][safepoint   ] Safepoint "G1TryInitiateConcMark", Time since last: 5064100 ns, Reaching safepoint: 277000 ns, At safepoint: 12757400 ns, Total: 13034400 ns
[2022-12-13T06:36:30.173+0000][151028][gc,marking  ] GC(707) Concurrent Cleanup for Next Mark 1.348ms
[2022-12-13T06:36:30.173+0000][151028][gc          ] GC(707) Concurrent Undo Cycle 1.507ms
[2022-12-13T06:36:30.206+0000][151028][gc,start    ] GC(708) Pause Young (Concurrent Start) (G1 Humongous Allocation)
[2022-12-13T06:36:30.206+0000][151028][gc,task     ] GC(708) Using 10 workers of 10 for evacuation
[2022-12-13T06:36:30.206+0000][151028][gc,age      ] GC(708) Desired survivor size 314572800 bytes, new threshold 15 (max threshold 15)
[2022-12-13T06:36:30.221+0000][151028][gc,phases   ] GC(708)   Pre Evacuate Collection Set: 0.8ms
[2022-12-13T06:36:30.221+0000][151028][gc,phases   ] GC(708)   Merge Heap Roots: 0.2ms
[2022-12-13T06:36:30.221+0000][151028][gc,phases   ] GC(708)   Evacuate Collection Set: 11.4ms
[2022-12-13T06:36:30.221+0000][151028][gc,phases   ] GC(708)   Post Evacuate Collection Set: 2.3ms
[2022-12-13T06:36:30.221+0000][151028][gc,phases   ] GC(708)   Other: 0.2ms
[2022-12-13T06:36:30.221+0000][151028][gc,age      ] GC(708) Age table with threshold 15 (max threshold 15)
[2022-12-13T06:36:30.221+0000][151028][gc,age      ] GC(708) - age   1:   11370168 bytes,   11370168 total
[2022-12-13T06:36:30.221+0000][151028][gc,age      ] GC(708) - age   2:     793120 bytes,   12163288 total
[2022-12-13T06:36:30.221+0000][151028][gc,age      ] GC(708) - age   3:   25987336 bytes,   38150624 total
[2022-12-13T06:36:30.221+0000][151028][gc,heap     ] GC(708) Eden regions: 13->0(1188)
[2022-12-13T06:36:30.221+0000][151028][gc,heap     ] GC(708) Survivor regions: 8->10(150)
[2022-12-13T06:36:30.221+0000][151028][gc,heap     ] GC(708) Old regions: 132->132
[2022-12-13T06:36:30.221+0000][151028][gc,heap     ] GC(708) Archive regions: 2->2
[2022-12-13T06:36:30.222+0000][151028][gc,heap     ] GC(708) Humongous regions: 57->57
[2022-12-13T06:36:30.222+0000][151028][gc,metaspace] GC(708) Metaspace: 178668K(183168K)->178668K(183168K) NonClass: 156842K(159296K)->156842K(159296K) Class: 21826K(23872K)->21826K(23872K)
[2022-12-13T06:36:30.222+0000][151028][gc          ] GC(708) Pause Young (Concurrent Start) (G1 Humongous Allocation) 840M->799M(7992M) 15.353ms
[2022-12-13T06:36:30.222+0000][151028][gc          ] GC(709) Concurrent Mark Cycle
[2022-12-13T06:36:30.222+0000][151028][gc,marking  ] GC(709) Concurrent Clear Claimed Marks
[2022-12-13T06:36:30.222+0000][151028][gc,cpu      ] GC(708) User=0.12s Sys=0.01s Real=0.02s
[2022-12-13T06:36:30.222+0000][151028][safepoint   ] Safepoint "G1TryInitiateConcMark", Time since last: 29723000 ns, Reaching safepoint: 4568800 ns, At safepoint: 15722300 ns, Total: 20291100 ns
[2022-12-13T06:36:30.222+0000][151028][gc,marking  ] GC(709) Concurrent Clear Claimed Marks 0.429ms
[2022-12-13T06:36:30.222+0000][151028][gc,marking  ] GC(709) Concurrent Scan Root Regions
[2022-12-13T06:36:30.228+0000][151028][gc,marking  ] GC(709) Concurrent Scan Root Regions 5.794ms
[2022-12-13T06:36:30.228+0000][151028][gc,marking  ] GC(709) Concurrent Mark
[2022-12-13T06:36:30.228+0000][151028][gc,marking  ] GC(709) Concurrent Mark From Roots
[2022-12-13T06:36:30.228+0000][151028][gc,task     ] GC(709) Using 3 workers of 3 for marking
[2022-12-13T06:36:30.652+0000][151028][gc,marking  ] GC(709) Concurrent Mark From Roots 424.284ms
[2022-12-13T06:36:30.652+0000][151028][gc,marking  ] GC(709) Concurrent Preclean
[2022-12-13T06:36:30.654+0000][151028][gc,marking  ] GC(709) Concurrent Preclean 1.283ms
[2022-12-13T06:36:30.654+0000][151028][gc,start    ] GC(709) Pause Remark
[2022-12-13T06:36:30.668+0000][151028][gc          ] GC(709) Pause Remark 2721M->2701M(7992M) 13.437ms
[2022-12-13T06:36:30.668+0000][151028][gc,cpu      ] GC(709) User=0.12s Sys=0.00s Real=0.01s
[2022-12-13T06:36:30.668+0000][151028][safepoint   ] Safepoint "G1PauseRemark", Time since last: 431911400 ns, Reaching safepoint: 366100 ns, At safepoint: 13698600 ns, Total: 14064700 ns
[2022-12-13T06:36:30.668+0000][151028][gc,marking  ] GC(709) Concurrent Mark 439.961ms
[2022-12-13T06:36:30.668+0000][151028][gc,marking  ] GC(709) Concurrent Rebuild Remembered Sets
[2022-12-13T06:36:30.867+0000][151028][gc,marking  ] GC(709) Concurrent Rebuild Remembered Sets 198.912ms
[2022-12-13T06:36:30.875+0000][151028][gc,start    ] GC(709) Pause Cleanup
[2022-12-13T06:36:30.876+0000][151028][gc          ] GC(709) Pause Cleanup 3540M->3540M(7992M) 0.827ms
[2022-12-13T06:36:30.876+0000][151028][gc,cpu      ] GC(709) User=0.00s Sys=0.00s Real=0.00s
[2022-12-13T06:36:30.876+0000][151028][safepoint   ] Safepoint "G1PauseCleanup", Time since last: 199240700 ns, Reaching safepoint: 7784700 ns, At safepoint: 1193100 ns, Total: 8977800 ns
[2022-12-13T06:36:30.877+0000][151028][gc,marking  ] GC(709) Concurrent Cleanup for Next Mark
[2022-12-13T06:36:30.910+0000][151028][gc,marking  ] GC(709) Concurrent Cleanup for Next Mark 33.433ms
[2022-12-13T06:36:30.910+0000][151028][gc          ] GC(709) Concurrent Mark Cycle 688.661ms
[2022-12-13T06:36:31.774+0000][151028][gc,start    ] GC(710) Pause Young (Prepare Mixed) (G1 Preventive Collection)
[2022-12-13T06:36:31.774+0000][151028][gc,task     ] GC(710) Using 10 workers of 10 for evacuation
[2022-12-13T06:36:31.774+0000][151028][gc,age      ] GC(710) Desired survivor size 314572800 bytes, new threshold 15 (max threshold 15)
[2022-12-13T06:36:31.808+0000][151028][gc,phases   ] GC(710)   Pre Evacuate Collection Set: 0.4ms
[2022-12-13T06:36:31.808+0000][151028][gc,phases   ] GC(710)   Merge Heap Roots: 0.3ms
[2022-12-13T06:36:31.808+0000][151028][gc,phases   ] GC(710)   Evacuate Collection Set: 8.0ms
[2022-12-13T06:36:31.808+0000][151028][gc,phases   ] GC(710)   Post Evacuate Collection Set: 24.9ms
[2022-12-13T06:36:31.808+0000][151028][gc,phases   ] GC(710)   Other: 0.2ms
[2022-12-13T06:36:31.808+0000][151028][gc,age      ] GC(710) Age table with threshold 15 (max threshold 15)
[2022-12-13T06:36:31.808+0000][151028][gc,age      ] GC(710) - age   1:   56648000 bytes,   56648000 total
[2022-12-13T06:36:31.808+0000][151028][gc,age      ] GC(710) - age   2:    1143544 bytes,   57791544 total
[2022-12-13T06:36:31.808+0000][151028][gc,age      ] GC(710) - age   3:     151656 bytes,   57943200 total
[2022-12-13T06:36:31.808+0000][151028][gc,age      ] GC(710) - age   4:   18935840 bytes,   76879040 total
[2022-12-13T06:36:31.808+0000][151028][gc,heap     ] GC(710) Eden regions: 334->0(80)
[2022-12-13T06:36:31.808+0000][151028][gc,heap     ] GC(710) Survivor regions: 10->19(49)
[2022-12-13T06:36:31.808+0000][151028][gc,heap     ] GC(710) Old regions: 127->127
[2022-12-13T06:36:31.808+0000][151028][gc,heap     ] GC(710) Archive regions: 2->2
[2022-12-13T06:36:31.808+0000][151028][gc,heap     ] GC(710) Humongous regions: 1476->47
[2022-12-13T06:36:31.808+0000][151028][gc,metaspace] GC(710) Metaspace: 178689K(183232K)->178689K(183232K) NonClass: 156860K(159360K)->156860K(159360K) Class: 21829K(23872K)->21829K(23872K)
[2022-12-13T06:36:31.808+0000][151028][gc          ] GC(710) Pause Young (Prepare Mixed) (G1 Preventive Collection) 7791M->775M(7992M) 34.185ms
[2022-12-13T06:36:31.808+0000][151028][gc,cpu      ] GC(710) User=0.30s Sys=0.00s Real=0.03s
[2022-12-13T06:36:31.808+0000][151028][safepoint   ] Safepoint "G1CollectForAllocation", Time since last: 876968200 ns, Reaching safepoint: 20874500 ns, At safepoint: 34384600 ns, Total: 55259100 ns
[2022-12-13T06:36:32.325+0000][151028][gc,start    ] GC(711) Pause Young (Mixed) (G1 Evacuation Pause)
[2022-12-13T06:36:32.325+0000][151028][gc,task     ] GC(711) Using 10 workers of 10 for evacuation
[2022-12-13T06:36:32.325+0000][151028][gc,age      ] GC(711) Desired survivor size 27262976 bytes, new threshold 1 (max threshold 15)
[2022-12-13T06:36:32.342+0000][151028][gc,phases   ] GC(711)   Pre Evacuate Collection Set: 0.3ms
[2022-12-13T06:36:32.342+0000][151028][gc,phases   ] GC(711)   Merge Heap Roots: 0.3ms
[2022-12-13T06:36:32.342+0000][151028][gc,phases   ] GC(711)   Evacuate Collection Set: 11.2ms
[2022-12-13T06:36:32.342+0000][151028][gc,phases   ] GC(711)   Post Evacuate Collection Set: 4.0ms
[2022-12-13T06:36:32.342+0000][151028][gc,phases   ] GC(711)   Other: 0.2ms
[2022-12-13T06:36:32.342+0000][151028][gc,age      ] GC(711) Age table with threshold 1 (max threshold 15)
[2022-12-13T06:36:32.342+0000][151028][gc,age      ] GC(711) - age   1:   23719488 bytes,   23719488 total
[2022-12-13T06:36:32.342+0000][151028][gc,heap     ] GC(711) Eden regions: 80->0(1190)
[2022-12-13T06:36:32.342+0000][151028][gc,heap     ] GC(711) Survivor regions: 19->8(13)
[2022-12-13T06:36:32.342+0000][151028][gc,heap     ] GC(711) Old regions: 127->122
[2022-12-13T06:36:32.342+0000][151028][gc,heap     ] GC(711) Archive regions: 2->2
[2022-12-13T06:36:32.342+0000][151028][gc,heap     ] GC(711) Humongous regions: 595->55
[2022-12-13T06:36:32.342+0000][151028][gc,metaspace] GC(711) Metaspace: 178691K(183232K)->178691K(183232K) NonClass: 156862K(159360K)->156862K(159360K) Class: 21829K(23872K)->21829K(23872K)
[2022-12-13T06:36:32.342+0000][151028][gc          ] GC(711) Pause Young (Mixed) (G1 Evacuation Pause) 3287M->738M(7992M) 16.413ms
[2022-12-13T06:36:32.342+0000][151028][gc,cpu      ] GC(711) User=0.13s Sys=0.00s Real=0.02s
[2022-12-13T06:36:32.342+0000][151028][safepoint   ] Safepoint "G1CollectForAllocation", Time since last: 504691100 ns, Reaching safepoint: 12332400 ns, At safepoint: 16698000 ns, Total: 29030400 ns
[2022-12-13T06:36:32.350+0000][151028][gc,start    ] GC(712) Pause Young (Concurrent Start) (G1 Humongous Allocation)
[2022-12-13T06:36:32.350+0000][151028][gc,task     ] GC(712) Using 10 workers of 10 for evacuation
[2022-12-13T06:36:32.350+0000][151028][gc,age      ] GC(712) Desired survivor size 314572800 bytes, new threshold 15 (max threshold 15)
[2022-12-13T06:36:32.363+0000][151028][gc,phases   ] GC(712)   Pre Evacuate Collection Set: 0.8ms
[2022-12-13T06:36:32.363+0000][151028][gc,phases   ] GC(712)   Merge Heap Roots: 0.3ms
[2022-12-13T06:36:32.363+0000][151028][gc,phases   ] GC(712)   Evacuate Collection Set: 8.8ms
[2022-12-13T06:36:32.363+0000][151028][gc,phases   ] GC(712)   Post Evacuate Collection Set: 2.4ms
[2022-12-13T06:36:32.363+0000][151028][gc,phases   ] GC(712)   Other: 0.1ms
[2022-12-13T06:36:32.363+0000][151028][gc,age      ] GC(712) Age table with threshold 15 (max threshold 15)
[2022-12-13T06:36:32.363+0000][151028][gc,age      ] GC(712) - age   1:    2826920 bytes,    2826920 total
[2022-12-13T06:36:32.363+0000][151028][gc,age      ] GC(712) - age   2:   20063864 bytes,   22890784 total
[2022-12-13T06:36:32.363+0000][151028][gc,heap     ] GC(712) Eden regions: 5->0(1190)
[2022-12-13T06:36:32.363+0000][151028][gc,heap     ] GC(712) Survivor regions: 8->8(150)
[2022-12-13T06:36:32.363+0000][151028][gc,heap     ] GC(712) Old regions: 122->122
[2022-12-13T06:36:32.363+0000][151028][gc,heap     ] GC(712) Archive regions: 2->2
[2022-12-13T06:36:32.363+0000][151028][gc,heap     ] GC(712) Humongous regions: 55->22
[2022-12-13T06:36:32.363+0000][151028][gc,metaspace] GC(712) Metaspace: 178691K(183232K)->178691K(183232K) NonClass: 156862K(159360K)->156862K(159360K) Class: 21829K(23872K)->21829K(23872K)
[2022-12-13T06:36:32.363+0000][151028][gc          ] GC(712) Pause Young (Concurrent Start) (G1 Humongous Allocation) 757M->609M(7992M) 12.743ms
[2022-12-13T06:36:32.363+0000][151028][gc          ] GC(713) Concurrent Mark Cycle
[2022-12-13T06:36:32.363+0000][151028][gc,marking  ] GC(713) Concurrent Clear Claimed Marks
[2022-12-13T06:36:32.363+0000][151028][gc,cpu      ] GC(712) User=0.08s Sys=0.01s Real=0.01s
[2022-12-13T06:36:32.363+0000][151028][safepoint   ] Safepoint "G1TryInitiateConcMark", Time since last: 7696200 ns, Reaching safepoint: 298400 ns, At safepoint: 13073100 ns, Total: 13371500 ns
[2022-12-13T06:36:32.363+0000][151028][gc,marking  ] GC(713) Concurrent Clear Claimed Marks 0.378ms
[2022-12-13T06:36:32.363+0000][151028][gc,marking  ] GC(713) Concurrent Scan Root Regions
[2022-12-13T06:36:32.368+0000][151028][gc,marking  ] GC(713) Concurrent Scan Root Regions 4.712ms
[2022-12-13T06:36:32.368+0000][151028][gc,marking  ] GC(713) Concurrent Mark
[2022-12-13T06:36:32.368+0000][151028][gc,marking  ] GC(713) Concurrent Mark From Roots
[2022-12-13T06:36:32.368+0000][151028][gc,task     ] GC(713) Using 3 workers of 3 for marking
[2022-12-13T06:36:32.751+0000][151028][gc,marking  ] GC(713) Concurrent Mark From Roots 383.185ms
[2022-12-13T06:36:32.752+0000][151028][gc,marking  ] GC(713) Concurrent Preclean
[2022-12-13T06:36:32.752+0000][151028][gc,marking  ] GC(713) Concurrent Preclean 0.843ms
[2022-12-13T06:36:32.756+0000][151028][gc,start    ] GC(713) Pause Remark
[2022-12-13T06:36:32.770+0000][151028][gc          ] GC(713) Pause Remark 2287M->2247M(7992M) 13.847ms
[2022-12-13T06:36:32.770+0000][151028][gc,cpu      ] GC(713) User=0.10s Sys=0.01s Real=0.01s
[2022-12-13T06:36:32.770+0000][151028][safepoint   ] Safepoint "G1PauseRemark", Time since last: 389384800 ns, Reaching safepoint: 3404400 ns, At safepoint: 14106200 ns, Total: 17510600 ns
[2022-12-13T06:36:32.770+0000][151028][gc,marking  ] GC(713) Concurrent Mark 401.889ms
[2022-12-13T06:36:32.770+0000][151028][gc,marking  ] GC(713) Concurrent Rebuild Remembered Sets
[2022-12-13T06:36:32.996+0000][151028][gc,marking  ] GC(713) Concurrent Rebuild Remembered Sets 226.086ms
[2022-12-13T06:36:33.007+0000][151028][gc,start    ] GC(713) Pause Cleanup
[2022-12-13T06:36:33.007+0000][151028][gc          ] GC(713) Pause Cleanup 3315M->3315M(7992M) 0.577ms
[2022-12-13T06:36:33.007+0000][151028][gc,cpu      ] GC(713) User=0.00s Sys=0.00s Real=0.00s
[2022-12-13T06:36:33.008+0000][151028][safepoint   ] Safepoint "G1PauseCleanup", Time since last: 226439100 ns, Reaching safepoint: 10281300 ns, At safepoint: 794900 ns, Total: 11076200 ns
[2022-12-13T06:36:33.008+0000][151028][gc,marking  ] GC(713) Concurrent Cleanup for Next Mark
[2022-12-13T06:36:33.035+0000][151028][gc,marking  ] GC(713) Concurrent Cleanup for Next Mark 27.096ms
[2022-12-13T06:36:33.035+0000][151028][gc          ] GC(713) Concurrent Mark Cycle 672.282ms
[2022-12-13T06:36:33.910+0000][151028][gc,start    ] GC(714) Pause Young (Prepare Mixed) (G1 Preventive Collection)
[2022-12-13T06:36:33.910+0000][151028][gc,task     ] GC(714) Using 10 workers of 10 for evacuation
[2022-12-13T06:36:33.910+0000][151028][gc,age      ] GC(714) Desired survivor size 314572800 bytes, new threshold 15 (max threshold 15)
[2022-12-13T06:36:33.959+0000][151028][gc,phases   ] GC(714)   Pre Evacuate Collection Set: 0.4ms
[2022-12-13T06:36:33.959+0000][151028][gc,phases   ] GC(714)   Merge Heap Roots: 0.2ms
[2022-12-13T06:36:33.959+0000][151028][gc,phases   ] GC(714)   Evacuate Collection Set: 15.5ms
[2022-12-13T06:36:33.959+0000][151028][gc,phases   ] GC(714)   Post Evacuate Collection Set: 32.9ms
[2022-12-13T06:36:33.959+0000][151028][gc,phases   ] GC(714)   Other: 0.2ms
[2022-12-13T06:36:33.959+0000][151028][gc,age      ] GC(714) Age table with threshold 15 (max threshold 15)
[2022-12-13T06:36:33.959+0000][151028][gc,age      ] GC(714) - age   1:   95909184 bytes,   95909184 total
[2022-12-13T06:36:33.959+0000][151028][gc,age      ] GC(714) - age   2:      52448 bytes,   95961632 total
[2022-12-13T06:36:33.959+0000][151028][gc,age      ] GC(714) - age   3:   11828112 bytes,  107789744 total
[2022-12-13T06:36:33.959+0000][151028][gc,heap     ] GC(714) Eden regions: 296->0(72)
[2022-12-13T06:36:33.959+0000][151028][gc,heap     ] GC(714) Survivor regions: 8->27(50)
[2022-12-13T06:36:33.959+0000][151028][gc,heap     ] GC(714) Old regions: 121->121
[2022-12-13T06:36:33.959+0000][151028][gc,heap     ] GC(714) Archive regions: 2->2
[2022-12-13T06:36:33.959+0000][151028][gc,heap     ] GC(714) Humongous regions: 1521->2
[2022-12-13T06:36:33.959+0000][151028][gc,metaspace] GC(714) Metaspace: 178738K(183232K)->178738K(183232K) NonClass: 156895K(159360K)->156895K(159360K) Class: 21843K(23872K)->21843K(23872K)
[2022-12-13T06:36:33.959+0000][151028][gc          ] GC(714) Pause Young (Prepare Mixed) (G1 Preventive Collection) 7783M->600M(7992M) 49.557ms
[2022-12-13T06:36:33.959+0000][151028][gc,cpu      ] GC(714) User=0.36s Sys=0.01s Real=0.06s
[2022-12-13T06:36:33.960+0000][151028][safepoint   ] Safepoint "G1CollectForAllocation", Time since last: 900002600 ns, Reaching safepoint: 2299300 ns, At safepoint: 49813500 ns, Total: 52112800 ns
[2022-12-13T06:36:34.585+0000][151028][gc,start    ] GC(715) Pause Young (Mixed) (G1 Evacuation Pause)
[2022-12-13T06:36:34.585+0000][151028][gc,task     ] GC(715) Using 10 workers of 10 for evacuation
[2022-12-13T06:36:34.585+0000][151028][gc,age      ] GC(715) Desired survivor size 27262976 bytes, new threshold 1 (max threshold 15)
[2022-12-13T06:36:34.598+0000][151028][gc,phases   ] GC(715)   Pre Evacuate Collection Set: 0.4ms
[2022-12-13T06:36:34.598+0000][151028][gc,phases   ] GC(715)   Merge Heap Roots: 0.3ms
[2022-12-13T06:36:34.598+0000][151028][gc,phases   ] GC(715)   Evacuate Collection Set: 7.7ms
[2022-12-13T06:36:34.598+0000][151028][gc,phases   ] GC(715)   Post Evacuate Collection Set: 4.2ms
[2022-12-13T06:36:34.598+0000][151028][gc,phases   ] GC(715)   Other: 0.2ms
[2022-12-13T06:36:34.598+0000][151028][gc,age      ] GC(715) Age table with threshold 1 (max threshold 15)
[2022-12-13T06:36:34.598+0000][151028][gc,age      ] GC(715) - age   1:    4697168 bytes,    4697168 total
[2022-12-13T06:36:34.598+0000][151028][gc,heap     ] GC(715) Eden regions: 72->0(1194)
[2022-12-13T06:36:34.598+0000][151028][gc,heap     ] GC(715) Survivor regions: 27->4(13)
[2022-12-13T06:36:34.598+0000][151028][gc,heap     ] GC(715) Old regions: 121->117
[2022-12-13T06:36:34.598+0000][151028][gc,heap     ] GC(715) Archive regions: 2->2
[2022-12-13T06:36:34.598+0000][151028][gc,heap     ] GC(715) Humongous regions: 695->35
[2022-12-13T06:36:34.598+0000][151028][gc,metaspace] GC(715) Metaspace: 178738K(183232K)->178738K(183232K) NonClass: 156895K(159360K)->156895K(159360K) Class: 21843K(23872K)->21843K(23872K)
[2022-12-13T06:36:34.598+0000][151028][gc          ] GC(715) Pause Young (Mixed) (G1 Evacuation Pause) 3660M->622M(7992M) 13.049ms
[2022-12-13T06:36:34.598+0000][151028][gc,cpu      ] GC(715) User=0.05s Sys=0.02s Real=0.01s
[2022-12-13T06:36:34.598+0000][151028][safepoint   ] Safepoint "G1CollectForAllocation", Time since last: 615008000 ns, Reaching safepoint: 10066700 ns, At safepoint: 13248900 ns, Total: 23315600 ns
[2022-12-13T06:36:34.603+0000][151028][gc,start    ] GC(716) Pause Young (Concurrent Start) (G1 Humongous Allocation)
[2022-12-13T06:36:34.603+0000][151028][gc,task     ] GC(716) Using 10 workers of 10 for evacuation
[2022-12-13T06:36:34.603+0000][151028][gc,age      ] GC(716) Desired survivor size 314572800 bytes, new threshold 15 (max threshold 15)
[2022-12-13T06:36:34.609+0000][151028][gc,phases   ] GC(716)   Pre Evacuate Collection Set: 0.8ms
[2022-12-13T06:36:34.609+0000][151028][gc,phases   ] GC(716)   Merge Heap Roots: 0.2ms
[2022-12-13T06:36:34.609+0000][151028][gc,phases   ] GC(716)   Evacuate Collection Set: 2.5ms
[2022-12-13T06:36:34.609+0000][151028][gc,phases   ] GC(716)   Post Evacuate Collection Set: 2.0ms
[2022-12-13T06:36:34.609+0000][151028][gc,phases   ] GC(716)   Other: 0.1ms
[2022-12-13T06:36:34.609+0000][151028][gc,age      ] GC(716) Age table with threshold 15 (max threshold 15)
[2022-12-13T06:36:34.609+0000][151028][gc,age      ] GC(716) - age   1:     398408 bytes,     398408 total
[2022-12-13T06:36:34.609+0000][151028][gc,age      ] GC(716) - age   2:    1724672 bytes,    2123080 total
[2022-12-13T06:36:34.609+0000][151028][gc,heap     ] GC(716) Eden regions: 2->0(1196)
[2022-12-13T06:36:34.609+0000][151028][gc,heap     ] GC(716) Survivor regions: 4->2(150)
[2022-12-13T06:36:34.609+0000][151028][gc,heap     ] GC(716) Old regions: 117->117
[2022-12-13T06:36:34.609+0000][151028][gc,heap     ] GC(716) Archive regions: 2->2
[2022-12-13T06:36:34.609+0000][151028][gc,heap     ] GC(716) Humongous regions: 35->2
[2022-12-13T06:36:34.609+0000][151028][gc,metaspace] GC(716) Metaspace: 178738K(183232K)->178738K(183232K) NonClass: 156895K(159360K)->156895K(159360K) Class: 21843K(23872K)->21843K(23872K)
[2022-12-13T06:36:34.609+0000][151028][gc          ] GC(716) Pause Young (Concurrent Start) (G1 Humongous Allocation) 630M->481M(7992M) 5.951ms
[2022-12-13T06:36:34.609+0000][151028][gc          ] GC(717) Concurrent Mark Cycle
[2022-12-13T06:36:34.609+0000][151028][gc,marking  ] GC(717) Concurrent Clear Claimed Marks
[2022-12-13T06:36:34.609+0000][151028][gc,cpu      ] GC(716) User=0.03s Sys=0.01s Real=0.00s
[2022-12-13T06:36:34.609+0000][151028][safepoint   ] Safepoint "G1TryInitiateConcMark", Time since last: 5007600 ns, Reaching safepoint: 197600 ns, At safepoint: 6211800 ns, Total: 6409400 ns
[2022-12-13T06:36:34.610+0000][151028][gc,marking  ] GC(717) Concurrent Clear Claimed Marks 0.303ms
[2022-12-13T06:36:34.610+0000][151028][gc,marking  ] GC(717) Concurrent Scan Root Regions
[2022-12-13T06:36:34.614+0000][151028][gc,marking  ] GC(717) Concurrent Scan Root Regions 4.135ms
[2022-12-13T06:36:34.614+0000][151028][gc,marking  ] GC(717) Concurrent Mark
[2022-12-13T06:36:34.614+0000][151028][gc,marking  ] GC(717) Concurrent Mark From Roots
[2022-12-13T06:36:34.614+0000][151028][gc,task     ] GC(717) Using 3 workers of 3 for marking
[2022-12-13T06:36:34.928+0000][151028][gc,marking  ] GC(717) Concurrent Mark From Roots 313.705ms
[2022-12-13T06:36:34.928+0000][151028][gc,marking  ] GC(717) Concurrent Preclean
[2022-12-13T06:36:34.928+0000][151028][gc,marking  ] GC(717) Concurrent Preclean 0.572ms
[2022-12-13T06:36:34.928+0000][151028][gc,start    ] GC(717) Pause Remark
[2022-12-13T06:36:34.943+0000][151028][gc          ] GC(717) Pause Remark 663M->663M(7992M) 14.146ms
[2022-12-13T06:36:34.943+0000][151028][gc,cpu      ] GC(717) User=0.09s Sys=0.00s Real=0.02s
[2022-12-13T06:36:34.943+0000][151028][safepoint   ] Safepoint "G1PauseRemark", Time since last: 318883900 ns, Reaching safepoint: 181200 ns, At safepoint: 14333800 ns, Total: 14515000 ns
[2022-12-13T06:36:34.943+0000][151028][gc,marking  ] GC(717) Concurrent Mark 329.071ms
[2022-12-13T06:36:34.943+0000][151028][gc,marking  ] GC(717) Concurrent Rebuild Remembered Sets
[2022-12-13T06:36:35.104+0000][151028][gc,marking  ] GC(717) Concurrent Rebuild Remembered Sets 160.609ms
[2022-12-13T06:36:35.104+0000][151028][gc,start    ] GC(717) Pause Cleanup
[2022-12-13T06:36:35.104+0000][151028][gc          ] GC(717) Pause Cleanup 683M->683M(7992M) 0.484ms
[2022-12-13T06:36:35.104+0000][151028][gc,cpu      ] GC(717) User=0.00s Sys=0.00s Real=0.00s
[2022-12-13T06:36:35.104+0000][151028][safepoint   ] Safepoint "G1PauseCleanup", Time since last: 160869100 ns, Reaching safepoint: 189000 ns, At safepoint: 598000 ns, Total: 787000 ns
[2022-12-13T06:36:35.104+0000][151028][gc,marking  ] GC(717) Concurrent Cleanup for Next Mark
[2022-12-13T06:36:35.126+0000][151028][gc,marking  ] GC(717) Concurrent Cleanup for Next Mark 21.233ms
[2022-12-13T06:36:35.126+0000][151028][gc          ] GC(717) Concurrent Mark Cycle 516.597ms
[2022-12-13T06:36:39.105+0000][151028][safepoint   ] Safepoint "Cleanup", Time since last: 4000406700 ns, Reaching safepoint: 279400 ns, At safepoint: 77700 ns, Total: 357100 ns
[2022-12-13T06:36:40.597+0000][151028][safepoint   ] Safepoint "Cleanup", Time since last: 1491925600 ns, Reaching safepoint: 310700 ns, At safepoint: 68600 ns, Total: 379300 ns
[2022-12-13T06:36:41.763+0000][151028][safepoint   ] Safepoint "Cleanup", Time since last: 1165254800 ns, Reaching safepoint: 221000 ns, At safepoint: 29000 ns, Total: 250000 ns
[2022-12-13T06:36:42.471+0000][151028][gc,start    ] GC(718) Pause Young (Prepare Mixed) (G1 Preventive Collection)
[2022-12-13T06:36:42.471+0000][151028][gc,task     ] GC(718) Using 10 workers of 10 for evacuation
[2022-12-13T06:36:42.471+0000][151028][gc,age      ] GC(718) Desired survivor size 314572800 bytes, new threshold 15 (max threshold 15)
[2022-12-13T06:36:42.564+0000][151028][gc,phases   ] GC(718)   Pre Evacuate Collection Set: 0.6ms
[2022-12-13T06:36:42.564+0000][151028][gc,phases   ] GC(718)   Merge Heap Roots: 0.4ms
[2022-12-13T06:36:42.564+0000][151028][gc,phases   ] GC(718)   Evacuate Collection Set: 7.3ms
[2022-12-13T06:36:42.564+0000][151028][gc,phases   ] GC(718)   Post Evacuate Collection Set: 84.6ms
[2022-12-13T06:36:42.564+0000][151028][gc,phases   ] GC(718)   Other: 0.3ms
[2022-12-13T06:36:42.564+0000][151028][gc,age      ] GC(718) Age table with threshold 15 (max threshold 15)
[2022-12-13T06:36:42.564+0000][151028][gc,age      ] GC(718) - age   1:  231367224 bytes,  231367224 total
[2022-12-13T06:36:42.564+0000][151028][gc,age      ] GC(718) - age   2:        488 bytes,  231367712 total
[2022-12-13T06:36:42.564+0000][151028][gc,age      ] GC(718) - age   3:     148280 bytes,  231515992 total
[2022-12-13T06:36:42.564+0000][151028][gc,heap     ] GC(718) Eden regions: 1174->0(42)
[2022-12-13T06:36:42.564+0000][151028][gc,heap     ] GC(718) Survivor regions: 2->57(119)
[2022-12-13T06:36:42.564+0000][151028][gc,heap     ] GC(718) Old regions: 117->117
[2022-12-13T06:36:42.564+0000][151028][gc,heap     ] GC(718) Archive regions: 2->2
[2022-12-13T06:36:42.564+0000][151028][gc,heap     ] GC(718) Humongous regions: 584->2
[2022-12-13T06:36:42.564+0000][151028][gc,metaspace] GC(718) Metaspace: 179011K(183552K)->179011K(183552K) NonClass: 157150K(159616K)->157150K(159616K) Class: 21860K(23936K)->21860K(23936K)
[2022-12-13T06:36:42.564+0000][151028][gc          ] GC(718) Pause Young (Prepare Mixed) (G1 Preventive Collection) 7505M->702M(7992M) 93.532ms
[2022-12-13T06:36:42.564+0000][151028][gc,cpu      ] GC(718) User=0.84s Sys=0.02s Real=0.09s
[2022-12-13T06:36:42.564+0000][151028][safepoint   ] Safepoint "G1CollectForAllocation", Time since last: 707298700 ns, Reaching safepoint: 211800 ns, At safepoint: 93790500 ns, Total: 94002300 ns
[2022-12-13T06:36:42.922+0000][151028][gc,start    ] GC(719) Pause Young (Mixed) (G1 Evacuation Pause)
[2022-12-13T06:36:42.922+0000][151028][gc,task     ] GC(719) Using 10 workers of 10 for evacuation
[2022-12-13T06:36:42.922+0000][151028][gc,age      ] GC(719) Desired survivor size 27262976 bytes, new threshold 1 (max threshold 15)
[2022-12-13T06:36:42.934+0000][151028][gc,phases   ] GC(719)   Pre Evacuate Collection Set: 0.4ms
[2022-12-13T06:36:42.934+0000][151028][gc,phases   ] GC(719)   Merge Heap Roots: 0.3ms
[2022-12-13T06:36:42.934+0000][151028][gc,phases   ] GC(719)   Evacuate Collection Set: 6.0ms
[2022-12-13T06:36:42.934+0000][151028][gc,phases   ] GC(719)   Post Evacuate Collection Set: 5.9ms
[2022-12-13T06:36:42.934+0000][151028][gc,phases   ] GC(719)   Other: 0.2ms
[2022-12-13T06:36:42.934+0000][151028][gc,age      ] GC(719) Age table with threshold 1 (max threshold 15)
[2022-12-13T06:36:42.934+0000][151028][gc,age      ] GC(719) - age   1:   17779752 bytes,   17779752 total
[2022-12-13T06:36:42.935+0000][151028][gc,heap     ] GC(719) Eden regions: 42->0(1192)
[2022-12-13T06:36:42.935+0000][151028][gc,heap     ] GC(719) Survivor regions: 57->6(13)
[2022-12-13T06:36:42.935+0000][151028][gc,heap     ] GC(719) Old regions: 117->111
[2022-12-13T06:36:42.935+0000][151028][gc,heap     ] GC(719) Archive regions: 2->2
[2022-12-13T06:36:42.935+0000][151028][gc,heap     ] GC(719) Humongous regions: 10->4
[2022-12-13T06:36:42.935+0000][151028][gc,metaspace] GC(719) Metaspace: 179019K(183552K)->179019K(183552K) NonClass: 157159K(159616K)->157159K(159616K) Class: 21860K(23936K)->21860K(23936K)
[2022-12-13T06:36:42.935+0000][151028][gc          ] GC(719) Pause Young (Mixed) (G1 Evacuation Pause) 902M->486M(7992M) 13.120ms
[2022-12-13T06:36:42.935+0000][151028][gc,cpu      ] GC(719) User=0.09s Sys=0.00s Real=0.01s
[2022-12-13T06:36:42.935+0000][151028][safepoint   ] Safepoint "G1CollectForAllocation", Time since last: 356869100 ns, Reaching safepoint: 295700 ns, At safepoint: 13304600 ns, Total: 13600300 ns
[2022-12-13T06:36:43.069+0000][151028][gc,start    ] GC(720) Pause Young (Concurrent Start) (G1 Humongous Allocation)
[2022-12-13T06:36:43.069+0000][151028][gc,task     ] GC(720) Using 10 workers of 10 for evacuation
[2022-12-13T06:36:43.069+0000][151028][gc,age      ] GC(720) Desired survivor size 314572800 bytes, new threshold 15 (max threshold 15)
[2022-12-13T06:36:43.074+0000][151028][gc,phases   ] GC(720)   Pre Evacuate Collection Set: 0.8ms
[2022-12-13T06:36:43.074+0000][151028][gc,phases   ] GC(720)   Merge Heap Roots: 0.2ms
[2022-12-13T06:36:43.074+0000][151028][gc,phases   ] GC(720)   Evacuate Collection Set: 2.6ms
[2022-12-13T06:36:43.074+0000][151028][gc,phases   ] GC(720)   Post Evacuate Collection Set: 1.2ms
[2022-12-13T06:36:43.074+0000][151028][gc,phases   ] GC(720)   Other: 0.1ms
[2022-12-13T06:36:43.074+0000][151028][gc,age      ] GC(720) Age table with threshold 15 (max threshold 15)
[2022-12-13T06:36:43.074+0000][151028][gc,age      ] GC(720) - age   1:     301496 bytes,     301496 total
[2022-12-13T06:36:43.074+0000][151028][gc,age      ] GC(720) - age   2:     891480 bytes,    1192976 total
[2022-12-13T06:36:43.074+0000][151028][gc,heap     ] GC(720) Eden regions: 6->0(1196)
[2022-12-13T06:36:43.074+0000][151028][gc,heap     ] GC(720) Survivor regions: 6->2(150)
[2022-12-13T06:36:43.074+0000][151028][gc,heap     ] GC(720) Old regions: 111->111
[2022-12-13T06:36:43.074+0000][151028][gc,heap     ] GC(720) Archive regions: 2->2
[2022-12-13T06:36:43.074+0000][151028][gc,heap     ] GC(720) Humongous regions: 4->2
[2022-12-13T06:36:43.074+0000][151028][gc,metaspace] GC(720) Metaspace: 179019K(183552K)->179019K(183552K) NonClass: 157159K(159616K)->157159K(159616K) Class: 21860K(23936K)->21860K(23936K)
[2022-12-13T06:36:43.074+0000][151028][gc          ] GC(720) Pause Young (Concurrent Start) (G1 Humongous Allocation) 508M->462M(7992M) 5.242ms
[2022-12-13T06:36:43.074+0000][151028][gc,cpu      ] GC(720) User=0.01s Sys=0.00s Real=0.01s
[2022-12-13T06:36:43.074+0000][151028][gc          ] GC(721) Concurrent Mark Cycle
[2022-12-13T06:36:43.074+0000][151028][safepoint   ] Safepoint "G1TryInitiateConcMark", Time since last: 133701800 ns, Reaching safepoint: 191600 ns, At safepoint: 5457900 ns, Total: 5649500 ns
[2022-12-13T06:36:43.074+0000][151028][gc,marking  ] GC(721) Concurrent Clear Claimed Marks
[2022-12-13T06:36:43.074+0000][151028][gc,marking  ] GC(721) Concurrent Clear Claimed Marks 0.216ms
[2022-12-13T06:36:43.074+0000][151028][gc,marking  ] GC(721) Concurrent Scan Root Regions
[2022-12-13T06:36:43.076+0000][151028][gc,marking  ] GC(721) Concurrent Scan Root Regions 2.087ms
[2022-12-13T06:36:43.076+0000][151028][gc,marking  ] GC(721) Concurrent Mark
[2022-12-13T06:36:43.076+0000][151028][gc,marking  ] GC(721) Concurrent Mark From Roots
[2022-12-13T06:36:43.077+0000][151028][gc,task     ] GC(721) Using 3 workers of 3 for marking
[2022-12-13T06:36:43.348+0000][151028][gc,marking  ] GC(721) Concurrent Mark From Roots 271.874ms
[2022-12-13T06:36:43.348+0000][151028][gc,marking  ] GC(721) Concurrent Preclean
[2022-12-13T06:36:43.349+0000][151028][gc,marking  ] GC(721) Concurrent Preclean 0.553ms
[2022-12-13T06:36:43.349+0000][151028][gc,start    ] GC(721) Pause Remark
[2022-12-13T06:36:43.364+0000][151028][gc          ] GC(721) Pause Remark 645M->645M(7992M) 14.526ms
[2022-12-13T06:36:43.364+0000][151028][gc,cpu      ] GC(721) User=0.11s Sys=0.00s Real=0.02s
[2022-12-13T06:36:43.364+0000][151028][safepoint   ] Safepoint "G1PauseRemark", Time since last: 274953800 ns, Reaching safepoint: 187600 ns, At safepoint: 14729100 ns, Total: 14916700 ns
[2022-12-13T06:36:43.364+0000][151028][gc,marking  ] GC(721) Concurrent Mark 287.765ms
[2022-12-13T06:36:43.364+0000][151028][gc,marking  ] GC(721) Concurrent Rebuild Remembered Sets
[2022-12-13T06:36:43.563+0000][151028][gc,marking  ] GC(721) Concurrent Rebuild Remembered Sets 198.263ms
[2022-12-13T06:36:43.563+0000][151028][gc,start    ] GC(721) Pause Cleanup
[2022-12-13T06:36:43.563+0000][151028][gc          ] GC(721) Pause Cleanup 884M->884M(7992M) 0.471ms
[2022-12-13T06:36:43.563+0000][151028][gc,cpu      ] GC(721) User=0.00s Sys=0.00s Real=0.00s
[2022-12-13T06:36:43.564+0000][151028][safepoint   ] Safepoint "G1PauseCleanup", Time since last: 198686700 ns, Reaching safepoint: 267600 ns, At safepoint: 609700 ns, Total: 877300 ns
[2022-12-13T06:36:43.564+0000][151028][gc,marking  ] GC(721) Concurrent Cleanup for Next Mark
[2022-12-13T06:36:43.588+0000][151028][gc,marking  ] GC(721) Concurrent Cleanup for Next Mark 24.796ms
[2022-12-13T06:36:43.589+0000][151028][gc          ] GC(721) Concurrent Mark Cycle 514.463ms
[2022-12-13T06:36:44.811+0000][151028][safepoint   ] Safepoint "Cleanup", Time since last: 1247720800 ns, Reaching safepoint: 179100 ns, At safepoint: 49600 ns, Total: 228700 ns
[2022-12-13T06:36:45.812+0000][151028][safepoint   ] Safepoint "Cleanup", Time since last: 1000147100 ns, Reaching safepoint: 191400 ns, At safepoint: 11400 ns, Total: 202800 ns
[2022-12-13T06:36:46.813+0000][151028][safepoint   ] Safepoint "Cleanup", Time since last: 1000153900 ns, Reaching safepoint: 520500 ns, At safepoint: 41400 ns, Total: 561900 ns
[2022-12-13T06:36:48.573+0000][151028][safepoint   ] Safepoint "Cleanup", Time since last: 1759623300 ns, Reaching safepoint: 283600 ns, At safepoint: 40900 ns, Total: 324500 ns
[2022-12-13T06:36:51.573+0000][151028][safepoint   ] Safepoint "Cleanup", Time since last: 3000309800 ns, Reaching safepoint: 173700 ns, At safepoint: 11300 ns, Total: 185000 ns
[2022-12-13T06:36:51.824+0000][151028][gc,start    ] GC(722) Pause Young (Prepare Mixed) (G1 Evacuation Pause)
[2022-12-13T06:36:51.824+0000][151028][gc,task     ] GC(722) Using 10 workers of 10 for evacuation
[2022-12-13T06:36:51.824+0000][151028][gc,age      ] GC(722) Desired survivor size 314572800 bytes, new threshold 15 (max threshold 15)
[2022-12-13T06:36:51.907+0000][151028][gc,phases   ] GC(722)   Pre Evacuate Collection Set: 0.5ms
[2022-12-13T06:36:51.907+0000][151028][gc,phases   ] GC(722)   Merge Heap Roots: 0.4ms
[2022-12-13T06:36:51.907+0000][151028][gc,phases   ] GC(722)   Evacuate Collection Set: 7.9ms
[2022-12-13T06:36:51.907+0000][151028][gc,phases   ] GC(722)   Post Evacuate Collection Set: 74.1ms
[2022-12-13T06:36:51.907+0000][151028][gc,phases   ] GC(722)   Other: 0.3ms
[2022-12-13T06:36:51.907+0000][151028][gc,age      ] GC(722) Age table with threshold 15 (max threshold 15)
[2022-12-13T06:36:51.907+0000][151028][gc,age      ] GC(722) - age   1:  229511280 bytes,  229511280 total
[2022-12-13T06:36:51.907+0000][151028][gc,age      ] GC(722) - age   3:     176704 bytes,  229687984 total
[2022-12-13T06:36:51.907+0000][151028][gc,heap     ] GC(722) Eden regions: 1196->0(43)
[2022-12-13T06:36:51.907+0000][151028][gc,heap     ] GC(722) Survivor regions: 2->56(150)
[2022-12-13T06:36:51.907+0000][151028][gc,heap     ] GC(722) Old regions: 111->111
[2022-12-13T06:36:51.907+0000][151028][gc,heap     ] GC(722) Archive regions: 2->2
[2022-12-13T06:36:51.907+0000][151028][gc,heap     ] GC(722) Humongous regions: 339->2
[2022-12-13T06:36:51.907+0000][151028][gc,metaspace] GC(722) Metaspace: 179042K(183616K)->179042K(183616K) NonClass: 157182K(159680K)->157182K(159680K) Class: 21860K(23936K)->21860K(23936K)
[2022-12-13T06:36:51.907+0000][151028][gc          ] GC(722) Pause Young (Prepare Mixed) (G1 Evacuation Pause) 6594M->678M(7992M) 83.566ms
[2022-12-13T06:36:51.907+0000][151028][gc,cpu      ] GC(722) User=0.75s Sys=0.01s Real=0.08s
[2022-12-13T06:36:51.907+0000][151028][safepoint   ] Safepoint "G1CollectForAllocation", Time since last: 250409100 ns, Reaching safepoint: 247900 ns, At safepoint: 83726500 ns, Total: 83974400 ns
[2022-12-13T06:36:52.475+0000][151028][safepoint   ] Safepoint "G1CollectForAllocation", Time since last: 567596900 ns, Reaching safepoint: 234000 ns, At safepoint: 33400 ns, Total: 267400 ns
[2022-12-13T06:36:52.476+0000][151028][gc,start    ] GC(723) Pause Young (Mixed) (GCLocker Initiated GC)
[2022-12-13T06:36:52.476+0000][151028][gc,task     ] GC(723) Using 10 workers of 10 for evacuation
[2022-12-13T06:36:52.476+0000][151028][gc,age      ] GC(723) Desired survivor size 27262976 bytes, new threshold 1 (max threshold 15)
[2022-12-13T06:36:52.491+0000][151028][gc,phases   ] GC(723)   Pre Evacuate Collection Set: 0.3ms
[2022-12-13T06:36:52.491+0000][151028][gc,phases   ] GC(723)   Merge Heap Roots: 0.3ms
[2022-12-13T06:36:52.491+0000][151028][gc,phases   ] GC(723)   Evacuate Collection Set: 11.4ms
[2022-12-13T06:36:52.491+0000][151028][gc,phases   ] GC(723)   Post Evacuate Collection Set: 3.1ms
[2022-12-13T06:36:52.491+0000][151028][gc,phases   ] GC(723)   Other: 0.2ms
[2022-12-13T06:36:52.491+0000][151028][gc,age      ] GC(723) Age table with threshold 1 (max threshold 15)
[2022-12-13T06:36:52.491+0000][151028][gc,age      ] GC(723) - age   1:   10677272 bytes,   10677272 total
[2022-12-13T06:36:52.491+0000][151028][gc,heap     ] GC(723) Eden regions: 43->0(1192)
[2022-12-13T06:36:52.491+0000][151028][gc,heap     ] GC(723) Survivor regions: 56->6(13)
[2022-12-13T06:36:52.491+0000][151028][gc,heap     ] GC(723) Old regions: 111->111
[2022-12-13T06:36:52.491+0000][151028][gc,heap     ] GC(723) Archive regions: 2->2
[2022-12-13T06:36:52.491+0000][151028][gc,heap     ] GC(723) Humongous regions: 6->2
[2022-12-13T06:36:52.491+0000][151028][gc,metaspace] GC(723) Metaspace: 179042K(183616K)->179042K(183616K) NonClass: 157182K(159680K)->157182K(159680K) Class: 21860K(23936K)->21860K(23936K)
[2022-12-13T06:36:52.491+0000][151028][gc          ] GC(723) Pause Young (Mixed) (GCLocker Initiated GC) 866M->477M(7992M) 15.728ms
[2022-12-13T06:36:52.491+0000][151028][gc,cpu      ] GC(723) User=0.13s Sys=0.01s Real=0.02s
[2022-12-13T06:36:52.491+0000][151028][safepoint   ] Safepoint "G1CollectForAllocation", Time since last: 153600 ns, Reaching safepoint: 163400 ns, At safepoint: 15878600 ns, Total: 16042000 ns
[2022-12-13T06:36:52.688+0000][151028][gc,start    ] GC(724) Pause Young (Concurrent Start) (G1 Humongous Allocation)
[2022-12-13T06:36:52.688+0000][151028][gc,task     ] GC(724) Using 10 workers of 10 for evacuation
[2022-12-13T06:36:52.688+0000][151028][gc,age      ] GC(724) Desired survivor size 314572800 bytes, new threshold 15 (max threshold 15)
[2022-12-13T06:36:52.695+0000][151028][gc,phases   ] GC(724)   Pre Evacuate Collection Set: 0.9ms
[2022-12-13T06:36:52.695+0000][151028][gc,phases   ] GC(724)   Merge Heap Roots: 0.2ms
[2022-12-13T06:36:52.695+0000][151028][gc,phases   ] GC(724)   Evacuate Collection Set: 2.9ms
[2022-12-13T06:36:52.695+0000][151028][gc,phases   ] GC(724)   Post Evacuate Collection Set: 2.9ms
[2022-12-13T06:36:52.695+0000][151028][gc,phases   ] GC(724)   Other: 0.1ms
[2022-12-13T06:36:52.695+0000][151028][gc,age      ] GC(724) Age table with threshold 15 (max threshold 15)
[2022-12-13T06:36:52.695+0000][151028][gc,age      ] GC(724) - age   1:    3334408 bytes,    3334408 total
[2022-12-13T06:36:52.695+0000][151028][gc,age      ] GC(724) - age   2:    3404464 bytes,    6738872 total
[2022-12-13T06:36:52.695+0000][151028][gc,heap     ] GC(724) Eden regions: 13->0(1195)
[2022-12-13T06:36:52.695+0000][151028][gc,heap     ] GC(724) Survivor regions: 6->3(150)
[2022-12-13T06:36:52.695+0000][151028][gc,heap     ] GC(724) Old regions: 111->111
[2022-12-13T06:36:52.695+0000][151028][gc,heap     ] GC(724) Archive regions: 2->2
[2022-12-13T06:36:52.695+0000][151028][gc,heap     ] GC(724) Humongous regions: 2->2
[2022-12-13T06:36:52.695+0000][151028][gc,metaspace] GC(724) Metaspace: 179042K(183616K)->179042K(183616K) NonClass: 157182K(159680K)->157182K(159680K) Class: 21860K(23936K)->21860K(23936K)
[2022-12-13T06:36:52.695+0000][151028][gc          ] GC(724) Pause Young (Concurrent Start) (G1 Humongous Allocation) 526M->464M(7992M) 7.279ms
[2022-12-13T06:36:52.695+0000][151028][gc          ] GC(725) Concurrent Mark Cycle
[2022-12-13T06:36:52.695+0000][151028][gc,marking  ] GC(725) Concurrent Clear Claimed Marks
[2022-12-13T06:36:52.695+0000][151028][gc,cpu      ] GC(724) User=0.04s Sys=0.00s Real=0.01s
[2022-12-13T06:36:52.695+0000][151028][safepoint   ] Safepoint "G1TryInitiateConcMark", Time since last: 195966100 ns, Reaching safepoint: 178900 ns, At safepoint: 7551100 ns, Total: 7730000 ns
[2022-12-13T06:36:52.695+0000][151028][gc,marking  ] GC(725) Concurrent Clear Claimed Marks 0.334ms
[2022-12-13T06:36:52.695+0000][151028][gc,marking  ] GC(725) Concurrent Scan Root Regions
[2022-12-13T06:36:52.698+0000][151028][gc,marking  ] GC(725) Concurrent Scan Root Regions 2.880ms
[2022-12-13T06:36:52.698+0000][151028][gc,marking  ] GC(725) Concurrent Mark
[2022-12-13T06:36:52.698+0000][151028][gc,marking  ] GC(725) Concurrent Mark From Roots
[2022-12-13T06:36:52.698+0000][151028][gc,task     ] GC(725) Using 3 workers of 3 for marking
[2022-12-13T06:36:52.945+0000][151028][gc,marking  ] GC(725) Concurrent Mark From Roots 246.700ms
[2022-12-13T06:36:52.945+0000][151028][gc,marking  ] GC(725) Concurrent Preclean
[2022-12-13T06:36:52.946+0000][151028][gc,marking  ] GC(725) Concurrent Preclean 0.588ms
[2022-12-13T06:36:52.946+0000][151028][gc,start    ] GC(725) Pause Remark
[2022-12-13T06:36:52.959+0000][151028][gc          ] GC(725) Pause Remark 546M->546M(7992M) 13.137ms
[2022-12-13T06:36:52.959+0000][151028][gc,cpu      ] GC(725) User=0.11s Sys=0.00s Real=0.02s
[2022-12-13T06:36:52.959+0000][151028][safepoint   ] Safepoint "G1PauseRemark", Time since last: 250651300 ns, Reaching safepoint: 340000 ns, At safepoint: 13319700 ns, Total: 13659700 ns
[2022-12-13T06:36:52.960+0000][151028][gc,marking  ] GC(725) Concurrent Mark 261.202ms
[2022-12-13T06:36:52.960+0000][151028][gc,marking  ] GC(725) Concurrent Rebuild Remembered Sets
[2022-12-13T06:36:53.096+0000][151028][gc,marking  ] GC(725) Concurrent Rebuild Remembered Sets 136.552ms
[2022-12-13T06:36:53.097+0000][151028][gc,start    ] GC(725) Pause Cleanup
[2022-12-13T06:36:53.097+0000][151028][gc          ] GC(725) Pause Cleanup 578M->578M(7992M) 0.491ms
[2022-12-13T06:36:53.097+0000][151028][gc,cpu      ] GC(725) User=0.00s Sys=0.00s Real=0.00s
[2022-12-13T06:36:53.097+0000][151028][safepoint   ] Safepoint "G1PauseCleanup", Time since last: 136788500 ns, Reaching safepoint: 276500 ns, At safepoint: 615800 ns, Total: 892300 ns
[2022-12-13T06:36:53.097+0000][151028][gc,marking  ] GC(725) Concurrent Cleanup for Next Mark
[2022-12-13T06:36:53.120+0000][151028][gc,marking  ] GC(725) Concurrent Cleanup for Next Mark 22.535ms
[2022-12-13T06:36:53.120+0000][151028][gc          ] GC(725) Concurrent Mark Cycle 424.843ms
[2022-12-13T06:36:55.105+0000][151028][safepoint   ] Safepoint "Cleanup", Time since last: 2000270200 ns, Reaching safepoint: 7831700 ns, At safepoint: 84300 ns, Total: 7916000 ns
[2022-12-13T06:37:00.106+0000][151028][safepoint   ] Safepoint "Cleanup", Time since last: 5000671300 ns, Reaching safepoint: 281500 ns, At safepoint: 28100 ns, Total: 309600 ns
[2022-12-13T06:37:00.679+0000][151028][gc,start    ] GC(726) Pause Young (Prepare Mixed) (G1 Preventive Collection)
[2022-12-13T06:37:00.679+0000][151028][gc,task     ] GC(726) Using 10 workers of 10 for evacuation
[2022-12-13T06:37:00.679+0000][151028][gc,age      ] GC(726) Desired survivor size 314572800 bytes, new threshold 15 (max threshold 15)
[2022-12-13T06:37:00.772+0000][151028][gc,phases   ] GC(726)   Pre Evacuate Collection Set: 0.4ms
[2022-12-13T06:37:00.772+0000][151028][gc,phases   ] GC(726)   Merge Heap Roots: 0.4ms
[2022-12-13T06:37:00.772+0000][151028][gc,phases   ] GC(726)   Evacuate Collection Set: 22.1ms
[2022-12-13T06:37:00.772+0000][151028][gc,phases   ] GC(726)   Post Evacuate Collection Set: 69.6ms
[2022-12-13T06:37:00.772+0000][151028][gc,phases   ] GC(726)   Other: 0.3ms
[2022-12-13T06:37:00.772+0000][151028][gc,age      ] GC(726) Age table with threshold 15 (max threshold 15)
[2022-12-13T06:37:00.772+0000][151028][gc,age      ] GC(726) - age   1:  238989048 bytes,  238989048 total
[2022-12-13T06:37:00.772+0000][151028][gc,age      ] GC(726) - age   2:       4000 bytes,  238993048 total
[2022-12-13T06:37:00.773+0000][151028][gc,age      ] GC(726) - age   3:    1179184 bytes,  240172232 total
[2022-12-13T06:37:00.773+0000][151028][gc,heap     ] GC(726) Eden regions: 1066->0(40)
[2022-12-13T06:37:00.773+0000][151028][gc,heap     ] GC(726) Survivor regions: 3->59(150)
[2022-12-13T06:37:00.773+0000][151028][gc,heap     ] GC(726) Old regions: 111->111
[2022-12-13T06:37:00.773+0000][151028][gc,heap     ] GC(726) Archive regions: 2->2
[2022-12-13T06:37:00.773+0000][151028][gc,heap     ] GC(726) Humongous regions: 659->8
[2022-12-13T06:37:00.773+0000][151028][gc,metaspace] GC(726) Metaspace: 179061K(183616K)->179061K(183616K) NonClass: 157200K(159680K)->157200K(159680K) Class: 21860K(23936K)->21860K(23936K)
[2022-12-13T06:37:00.773+0000][151028][gc          ] GC(726) Pause Young (Prepare Mixed) (G1 Preventive Collection) 7356M->713M(7992M) 93.255ms
[2022-12-13T06:37:00.773+0000][151028][gc,cpu      ] GC(726) User=0.87s Sys=0.02s Real=0.09s
[2022-12-13T06:37:00.773+0000][151028][safepoint   ] Safepoint "G1CollectForAllocation", Time since last: 572854000 ns, Reaching safepoint: 193400 ns, At safepoint: 93558000 ns, Total: 93751400 ns
[2022-12-13T06:37:00.877+0000][151028][gc,start    ] GC(727) Pause Young (Mixed) (G1 Evacuation Pause)
[2022-12-13T06:37:00.877+0000][151028][gc,task     ] GC(727) Using 10 workers of 10 for evacuation
[2022-12-13T06:37:00.877+0000][151028][gc,age      ] GC(727) Desired survivor size 27262976 bytes, new threshold 1 (max threshold 15)
[2022-12-13T06:37:00.907+0000][151028][gc,phases   ] GC(727)   Pre Evacuate Collection Set: 0.4ms
[2022-12-13T06:37:00.907+0000][151028][gc,phases   ] GC(727)   Merge Heap Roots: 0.4ms
[2022-12-13T06:37:00.907+0000][151028][gc,phases   ] GC(727)   Evacuate Collection Set: 27.2ms
[2022-12-13T06:37:00.907+0000][151028][gc,phases   ] GC(727)   Post Evacuate Collection Set: 2.3ms
[2022-12-13T06:37:00.907+0000][151028][gc,phases   ] GC(727)   Other: 0.2ms
[2022-12-13T06:37:00.907+0000][151028][gc,age      ] GC(727) Age table with threshold 1 (max threshold 15)
[2022-12-13T06:37:00.907+0000][151028][gc,age      ] GC(727) - age   1:   12185080 bytes,   12185080 total
[2022-12-13T06:37:00.908+0000][151028][gc,heap     ] GC(727) Eden regions: 40->0(1192)
[2022-12-13T06:37:00.908+0000][151028][gc,heap     ] GC(727) Survivor regions: 59->6(13)
[2022-12-13T06:37:00.908+0000][151028][gc,heap     ] GC(727) Old regions: 111->124
[2022-12-13T06:37:00.908+0000][151028][gc,heap     ] GC(727) Archive regions: 2->2
[2022-12-13T06:37:00.908+0000][151028][gc,heap     ] GC(727) Humongous regions: 8->8
[2022-12-13T06:37:00.908+0000][151028][gc,metaspace] GC(727) Metaspace: 179061K(183616K)->179061K(183616K) NonClass: 157201K(159680K)->157201K(159680K) Class: 21860K(23936K)->21860K(23936K)
[2022-12-13T06:37:00.908+0000][151028][gc          ] GC(727) Pause Young (Mixed) (G1 Evacuation Pause) 873M->553M(7992M) 30.685ms
[2022-12-13T06:37:00.908+0000][151028][gc,cpu      ] GC(727) User=0.25s Sys=0.01s Real=0.03s
[2022-12-13T06:37:00.908+0000][151028][safepoint   ] Safepoint "G1CollectForAllocation", Time since last: 103645400 ns, Reaching safepoint: 328900 ns, At safepoint: 30948300 ns, Total: 31277200 ns
[2022-12-13T06:37:01.580+0000][151028][gc,start    ] GC(728) Pause Young (Concurrent Start) (G1 Humongous Allocation)
[2022-12-13T06:37:01.580+0000][151028][gc,task     ] GC(728) Using 10 workers of 10 for evacuation
[2022-12-13T06:37:01.580+0000][151028][gc,age      ] GC(728) Desired survivor size 314572800 bytes, new threshold 15 (max threshold 15)
[2022-12-13T06:37:01.589+0000][151028][gc,phases   ] GC(728)   Pre Evacuate Collection Set: 0.9ms
[2022-12-13T06:37:01.589+0000][151028][gc,phases   ] GC(728)   Merge Heap Roots: 0.2ms
[2022-12-13T06:37:01.589+0000][151028][gc,phases   ] GC(728)   Evacuate Collection Set: 4.2ms
[2022-12-13T06:37:01.589+0000][151028][gc,phases   ] GC(728)   Post Evacuate Collection Set: 3.5ms
[2022-12-13T06:37:01.589+0000][151028][gc,phases   ] GC(728)   Other: 0.1ms
[2022-12-13T06:37:01.590+0000][151028][gc,age      ] GC(728) Age table with threshold 15 (max threshold 15)
[2022-12-13T06:37:01.590+0000][151028][gc,age      ] GC(728) - age   1:   10369264 bytes,   10369264 total
[2022-12-13T06:37:01.590+0000][151028][gc,age      ] GC(728) - age   2:    3087776 bytes,   13457040 total
[2022-12-13T06:37:01.590+0000][151028][gc,heap     ] GC(728) Eden regions: 168->0(1193)
[2022-12-13T06:37:01.590+0000][151028][gc,heap     ] GC(728) Survivor regions: 6->5(150)
[2022-12-13T06:37:01.590+0000][151028][gc,heap     ] GC(728) Old regions: 124->124
[2022-12-13T06:37:01.590+0000][151028][gc,heap     ] GC(728) Archive regions: 2->2
[2022-12-13T06:37:01.590+0000][151028][gc,heap     ] GC(728) Humongous regions: 8->8
[2022-12-13T06:37:01.590+0000][151028][gc,metaspace] GC(728) Metaspace: 179061K(183616K)->179061K(183616K) NonClass: 157201K(159680K)->157201K(159680K) Class: 21860K(23936K)->21860K(23936K)
[2022-12-13T06:37:01.590+0000][151028][gc          ] GC(728) Pause Young (Concurrent Start) (G1 Humongous Allocation) 1224M->547M(7992M) 9.314ms
[2022-12-13T06:37:01.590+0000][151028][gc          ] GC(729) Concurrent Mark Cycle
[2022-12-13T06:37:01.590+0000][151028][gc,marking  ] GC(729) Concurrent Clear Claimed Marks
[2022-12-13T06:37:01.590+0000][151028][gc,cpu      ] GC(728) User=0.06s Sys=0.00s Real=0.00s
[2022-12-13T06:37:01.590+0000][151028][safepoint   ] Safepoint "G1TryInitiateConcMark", Time since last: 672087500 ns, Reaching safepoint: 392200 ns, At safepoint: 9574100 ns, Total: 9966300 ns
[2022-12-13T06:37:01.590+0000][151028][gc,marking  ] GC(729) Concurrent Clear Claimed Marks 0.350ms
[2022-12-13T06:37:01.590+0000][151028][gc,marking  ] GC(729) Concurrent Scan Root Regions
[2022-12-13T06:37:01.594+0000][151028][gc,marking  ] GC(729) Concurrent Scan Root Regions 3.973ms
[2022-12-13T06:37:01.594+0000][151028][gc,marking  ] GC(729) Concurrent Mark
[2022-12-13T06:37:01.594+0000][151028][gc,marking  ] GC(729) Concurrent Mark From Roots
[2022-12-13T06:37:01.594+0000][151028][gc,task     ] GC(729) Using 3 workers of 3 for marking
[2022-12-13T06:37:01.895+0000][151028][gc,marking  ] GC(729) Concurrent Mark From Roots 300.662ms
[2022-12-13T06:37:01.895+0000][151028][gc,marking  ] GC(729) Concurrent Preclean
[2022-12-13T06:37:01.896+0000][151028][gc,marking  ] GC(729) Concurrent Preclean 0.694ms
[2022-12-13T06:37:01.896+0000][151028][gc,start    ] GC(729) Pause Remark
[2022-12-13T06:37:01.911+0000][151028][gc          ] GC(729) Pause Remark 777M->753M(7992M) 15.243ms
[2022-12-13T06:37:01.911+0000][151028][gc,cpu      ] GC(729) User=0.12s Sys=0.00s Real=0.02s
[2022-12-13T06:37:01.911+0000][151028][safepoint   ] Safepoint "G1PauseRemark", Time since last: 305816000 ns, Reaching safepoint: 200100 ns, At safepoint: 15514100 ns, Total: 15714200 ns
[2022-12-13T06:37:01.912+0000][151028][gc,marking  ] GC(729) Concurrent Mark 317.595ms
[2022-12-13T06:37:01.912+0000][151028][gc,marking  ] GC(729) Concurrent Rebuild Remembered Sets
[2022-12-13T06:37:02.099+0000][151028][gc,marking  ] GC(729) Concurrent Rebuild Remembered Sets 186.734ms
[2022-12-13T06:37:02.099+0000][151028][gc,start    ] GC(729) Pause Cleanup
[2022-12-13T06:37:02.100+0000][151028][gc          ] GC(729) Pause Cleanup 869M->869M(7992M) 0.504ms
[2022-12-13T06:37:02.100+0000][151028][gc,cpu      ] GC(729) User=0.01s Sys=0.00s Real=0.00s
[2022-12-13T06:37:02.100+0000][151028][safepoint   ] Safepoint "G1PauseCleanup", Time since last: 187276900 ns, Reaching safepoint: 280400 ns, At safepoint: 659400 ns, Total: 939800 ns
[2022-12-13T06:37:02.100+0000][151028][gc,marking  ] GC(729) Concurrent Cleanup for Next Mark
[2022-12-13T06:37:02.128+0000][151028][gc,marking  ] GC(729) Concurrent Cleanup for Next Mark 28.426ms
[2022-12-13T06:37:02.128+0000][151028][gc          ] GC(729) Concurrent Mark Cycle 538.487ms
[2022-12-13T06:37:03.100+0000][151028][safepoint   ] Safepoint "Cleanup", Time since last: 1000140800 ns, Reaching safepoint: 267400 ns, At safepoint: 14100 ns, Total: 281500 ns
[2022-12-13T06:37:04.100+0000][151028][safepoint   ] Safepoint "Cleanup", Time since last: 1000165900 ns, Reaching safepoint: 226600 ns, At safepoint: 39200 ns, Total: 265800 ns
[2022-12-13T06:37:05.391+0000][151028][safepoint   ] Safepoint "Cleanup", Time since last: 1290631700 ns, Reaching safepoint: 250100 ns, At safepoint: 80900 ns, Total: 331000 ns
[2022-12-13T06:37:06.392+0000][151028][safepoint   ] Safepoint "Cleanup", Time since last: 1000164700 ns, Reaching safepoint: 211400 ns, At safepoint: 78400 ns, Total: 289800 ns
[2022-12-13T06:37:07.662+0000][151028][gc,start    ] GC(730) Pause Young (Prepare Mixed) (G1 Evacuation Pause)
[2022-12-13T06:37:07.662+0000][151028][gc,task     ] GC(730) Using 10 workers of 10 for evacuation
[2022-12-13T06:37:07.662+0000][151028][gc,age      ] GC(730) Desired survivor size 314572800 bytes, new threshold 15 (max threshold 15)
[2022-12-13T06:37:07.744+0000][151028][gc,phases   ] GC(730)   Pre Evacuate Collection Set: 0.5ms
[2022-12-13T06:37:07.745+0000][151028][gc,phases   ] GC(730)   Merge Heap Roots: 0.4ms
[2022-12-13T06:37:07.745+0000][151028][gc,phases   ] GC(730)   Evacuate Collection Set: 6.1ms
[2022-12-13T06:37:07.745+0000][151028][gc,phases   ] GC(730)   Post Evacuate Collection Set: 74.9ms
[2022-12-13T06:37:07.745+0000][151028][gc,phases   ] GC(730)   Other: 0.2ms
[2022-12-13T06:37:07.745+0000][151028][gc,age      ] GC(730) Age table with threshold 15 (max threshold 15)
[2022-12-13T06:37:07.745+0000][151028][gc,age      ] GC(730) - age   1:  203884184 bytes,  203884184 total
[2022-12-13T06:37:07.745+0000][151028][gc,age      ] GC(730) - age   2:    2005672 bytes,  205889856 total
[2022-12-13T06:37:07.745+0000][151028][gc,age      ] GC(730) - age   3:     836632 bytes,  206726488 total
[2022-12-13T06:37:07.745+0000][151028][gc,heap     ] GC(730) Eden regions: 1193->0(48)
[2022-12-13T06:37:07.745+0000][151028][gc,heap     ] GC(730) Survivor regions: 5->51(150)
[2022-12-13T06:37:07.745+0000][151028][gc,heap     ] GC(730) Old regions: 124->124
[2022-12-13T06:37:07.745+0000][151028][gc,heap     ] GC(730) Archive regions: 2->2
[2022-12-13T06:37:07.745+0000][151028][gc,heap     ] GC(730) Humongous regions: 313->4
[2022-12-13T06:37:07.745+0000][151028][gc,metaspace] GC(730) Metaspace: 179291K(183808K)->179291K(183808K) NonClass: 157398K(159872K)->157398K(159872K) Class: 21892K(23936K)->21892K(23936K)
[2022-12-13T06:37:07.745+0000][151028][gc          ] GC(730) Pause Young (Prepare Mixed) (G1 Evacuation Pause) 6539M->715M(7992M) 82.537ms
[2022-12-13T06:37:07.745+0000][151028][gc,cpu      ] GC(730) User=0.72s Sys=0.01s Real=0.08s
[2022-12-13T06:37:07.745+0000][151028][safepoint   ] Safepoint "G1CollectForAllocation", Time since last: 1270128600 ns, Reaching safepoint: 190800 ns, At safepoint: 82723100 ns, Total: 82913900 ns
[2022-12-13T06:37:08.544+0000][151028][gc,start    ] GC(731) Pause Young (Mixed) (G1 Evacuation Pause)
[2022-12-13T06:37:08.544+0000][151028][gc,task     ] GC(731) Using 10 workers of 10 for evacuation
[2022-12-13T06:37:08.544+0000][151028][gc,age      ] GC(731) Desired survivor size 27262976 bytes, new threshold 1 (max threshold 15)
[2022-12-13T06:37:08.559+0000][151028][gc,phases   ] GC(731)   Pre Evacuate Collection Set: 0.4ms
[2022-12-13T06:37:08.559+0000][151028][gc,phases   ] GC(731)   Merge Heap Roots: 0.3ms
[2022-12-13T06:37:08.559+0000][151028][gc,phases   ] GC(731)   Evacuate Collection Set: 10.6ms
[2022-12-13T06:37:08.559+0000][151028][gc,phases   ] GC(731)   Post Evacuate Collection Set: 3.1ms
[2022-12-13T06:37:08.559+0000][151028][gc,phases   ] GC(731)   Other: 0.2ms
[2022-12-13T06:37:08.559+0000][151028][gc,age      ] GC(731) Age table with threshold 1 (max threshold 15)
[2022-12-13T06:37:08.559+0000][151028][gc,age      ] GC(731) - age   1:    8017000 bytes,    8017000 total
[2022-12-13T06:37:08.559+0000][151028][gc,heap     ] GC(731) Eden regions: 48->0(1193)
[2022-12-13T06:37:08.559+0000][151028][gc,heap     ] GC(731) Survivor regions: 51->5(13)
[2022-12-13T06:37:08.559+0000][151028][gc,heap     ] GC(731) Old regions: 124->120
[2022-12-13T06:37:08.559+0000][151028][gc,heap     ] GC(731) Archive regions: 2->2
[2022-12-13T06:37:08.559+0000][151028][gc,heap     ] GC(731) Humongous regions: 202->2
[2022-12-13T06:37:08.559+0000][151028][gc,metaspace] GC(731) Metaspace: 179291K(183808K)->179291K(183808K) NonClass: 157399K(159872K)->157399K(159872K) Class: 21892K(23936K)->21892K(23936K)
[2022-12-13T06:37:08.559+0000][151028][gc          ] GC(731) Pause Young (Mixed) (G1 Evacuation Pause) 1699M->508M(7992M) 14.918ms
[2022-12-13T06:37:08.559+0000][151028][gc,cpu      ] GC(731) User=0.08s Sys=0.00s Real=0.02s
[2022-12-13T06:37:08.559+0000][151028][safepoint   ] Safepoint "G1CollectForAllocation", Time since last: 798714200 ns, Reaching safepoint: 215000 ns, At safepoint: 15083700 ns, Total: 15298700 ns
[2022-12-13T06:37:08.815+0000][151028][gc,start    ] GC(732) Pause Young (Concurrent Start) (G1 Humongous Allocation)
[2022-12-13T06:37:08.815+0000][151028][gc,task     ] GC(732) Using 10 workers of 10 for evacuation
[2022-12-13T06:37:08.815+0000][151028][gc,age      ] GC(732) Desired survivor size 314572800 bytes, new threshold 15 (max threshold 15)
[2022-12-13T06:37:08.828+0000][151028][gc,phases   ] GC(732)   Pre Evacuate Collection Set: 1.0ms
[2022-12-13T06:37:08.828+0000][151028][gc,phases   ] GC(732)   Merge Heap Roots: 0.3ms
[2022-12-13T06:37:08.828+0000][151028][gc,phases   ] GC(732)   Evacuate Collection Set: 8.4ms
[2022-12-13T06:37:08.828+0000][151028][gc,phases   ] GC(732)   Post Evacuate Collection Set: 2.5ms
[2022-12-13T06:37:08.828+0000][151028][gc,phases   ] GC(732)   Other: 0.1ms
[2022-12-13T06:37:08.828+0000][151028][gc,age      ] GC(732) Age table with threshold 15 (max threshold 15)
[2022-12-13T06:37:08.828+0000][151028][gc,age      ] GC(732) - age   1:   12468512 bytes,   12468512 total
[2022-12-13T06:37:08.828+0000][151028][gc,age      ] GC(732) - age   2:    2019376 bytes,   14487888 total
[2022-12-13T06:37:08.828+0000][151028][gc,heap     ] GC(732) Eden regions: 34->0(809)
[2022-12-13T06:37:08.828+0000][151028][gc,heap     ] GC(732) Survivor regions: 5->5(150)
[2022-12-13T06:37:08.828+0000][151028][gc,heap     ] GC(732) Old regions: 120->120
[2022-12-13T06:37:08.828+0000][151028][gc,heap     ] GC(732) Archive regions: 2->2
[2022-12-13T06:37:08.828+0000][151028][gc,heap     ] GC(732) Humongous regions: 2->2
[2022-12-13T06:37:08.828+0000][151028][gc,metaspace] GC(732) Metaspace: 179291K(183808K)->179291K(183808K) NonClass: 157399K(159872K)->157399K(159872K) Class: 21892K(23936K)->21892K(23936K)
[2022-12-13T06:37:08.828+0000][151028][gc          ] GC(732) Pause Young (Concurrent Start) (G1 Humongous Allocation) 642M->507M(7992M) 12.567ms
[2022-12-13T06:37:08.828+0000][151028][gc          ] GC(733) Concurrent Undo Cycle
[2022-12-13T06:37:08.828+0000][151028][gc,cpu      ] GC(732) User=0.05s Sys=0.03s Real=0.01s
[2022-12-13T06:37:08.828+0000][151028][gc,marking  ] GC(733) Concurrent Cleanup for Next Mark
[2022-12-13T06:37:08.828+0000][151028][safepoint   ] Safepoint "G1TryInitiateConcMark", Time since last: 255929800 ns, Reaching safepoint: 429600 ns, At safepoint: 12778300 ns, Total: 13207900 ns
[2022-12-13T06:37:08.829+0000][151028][gc,marking  ] GC(733) Concurrent Cleanup for Next Mark 0.720ms
[2022-12-13T06:37:08.829+0000][151028][gc          ] GC(733) Concurrent Undo Cycle 0.857ms
[2022-12-13T06:37:08.942+0000][151028][gc,start    ] GC(734) Pause Young (Concurrent Start) (G1 Humongous Allocation)
[2022-12-13T06:37:08.942+0000][151028][gc,task     ] GC(734) Using 10 workers of 10 for evacuation
[2022-12-13T06:37:08.942+0000][151028][gc,age      ] GC(734) Desired survivor size 213909504 bytes, new threshold 15 (max threshold 15)
[2022-12-13T06:37:08.951+0000][151028][gc,phases   ] GC(734)   Pre Evacuate Collection Set: 1.0ms
[2022-12-13T06:37:08.951+0000][151028][gc,phases   ] GC(734)   Merge Heap Roots: 0.2ms
[2022-12-13T06:37:08.952+0000][151028][gc,phases   ] GC(734)   Evacuate Collection Set: 3.7ms
[2022-12-13T06:37:08.952+0000][151028][gc,phases   ] GC(734)   Post Evacuate Collection Set: 4.6ms
[2022-12-13T06:37:08.952+0000][151028][gc,phases   ] GC(734)   Other: 0.2ms
[2022-12-13T06:37:08.952+0000][151028][gc,age      ] GC(734) Age table with threshold 15 (max threshold 15)
[2022-12-13T06:37:08.952+0000][151028][gc,age      ] GC(734) - age   1:    7422080 bytes,    7422080 total
[2022-12-13T06:37:08.952+0000][151028][gc,age      ] GC(734) - age   2:    5874216 bytes,   13296296 total
[2022-12-13T06:37:08.952+0000][151028][gc,age      ] GC(734) - age   3:     366760 bytes,   13663056 total
[2022-12-13T06:37:08.952+0000][151028][gc,heap     ] GC(734) Eden regions: 13->0(1057)
[2022-12-13T06:37:08.952+0000][151028][gc,heap     ] GC(734) Survivor regions: 5->4(102)
[2022-12-13T06:37:08.952+0000][151028][gc,heap     ] GC(734) Old regions: 120->120
[2022-12-13T06:37:08.952+0000][151028][gc,heap     ] GC(734) Archive regions: 2->2
[2022-12-13T06:37:08.952+0000][151028][gc,heap     ] GC(734) Humongous regions: 35->2
[2022-12-13T06:37:08.952+0000][151028][gc,metaspace] GC(734) Metaspace: 179291K(183808K)->179291K(183808K) NonClass: 157399K(159872K)->157399K(159872K) Class: 21892K(23936K)->21892K(23936K)
[2022-12-13T06:37:08.952+0000][151028][gc          ] GC(734) Pause Young (Concurrent Start) (G1 Humongous Allocation) 691M->503M(7992M) 10.184ms
[2022-12-13T06:37:08.952+0000][151028][gc,cpu      ] GC(734) User=0.05s Sys=0.01s Real=0.01s
[2022-12-13T06:37:08.952+0000][151028][gc          ] GC(735) Concurrent Mark Cycle
[2022-12-13T06:37:08.952+0000][151028][gc,marking  ] GC(735) Concurrent Clear Claimed Marks
[2022-12-13T06:37:08.952+0000][151028][safepoint   ] Safepoint "G1TryInitiateConcMark", Time since last: 113159300 ns, Reaching safepoint: 264800 ns, At safepoint: 10431400 ns, Total: 10696200 ns
[2022-12-13T06:37:08.953+0000][151028][gc,marking  ] GC(735) Concurrent Clear Claimed Marks 0.625ms
[2022-12-13T06:37:08.953+0000][151028][gc,marking  ] GC(735) Concurrent Scan Root Regions
[2022-12-13T06:37:08.958+0000][151028][gc,marking  ] GC(735) Concurrent Scan Root Regions 5.218ms
[2022-12-13T06:37:08.958+0000][151028][gc,marking  ] GC(735) Concurrent Mark
[2022-12-13T06:37:08.958+0000][151028][gc,marking  ] GC(735) Concurrent Mark From Roots
[2022-12-13T06:37:08.958+0000][151028][gc,task     ] GC(735) Using 3 workers of 3 for marking
[2022-12-13T06:37:09.277+0000][151028][gc,marking  ] GC(735) Concurrent Mark From Roots 319.090ms
[2022-12-13T06:37:09.277+0000][151028][gc,marking  ] GC(735) Concurrent Preclean
[2022-12-13T06:37:09.278+0000][151028][gc,marking  ] GC(735) Concurrent Preclean 0.841ms
[2022-12-13T06:37:09.278+0000][151028][gc,start    ] GC(735) Pause Remark
[2022-12-13T06:37:09.293+0000][151028][gc          ] GC(735) Pause Remark 1033M->1033M(7992M) 14.485ms
[2022-12-13T06:37:09.293+0000][151028][gc,cpu      ] GC(735) User=0.12s Sys=0.00s Real=0.01s
[2022-12-13T06:37:09.293+0000][151028][safepoint   ] Safepoint "G1PauseRemark", Time since last: 326165800 ns, Reaching safepoint: 193700 ns, At safepoint: 14807900 ns, Total: 15001600 ns
[2022-12-13T06:37:09.301+0000][151028][gc,marking  ] GC(735) Concurrent Mark 343.403ms
[2022-12-13T06:37:09.301+0000][151028][gc,marking  ] GC(735) Concurrent Rebuild Remembered Sets
[2022-12-13T06:37:09.432+0000][151028][gc,marking  ] GC(735) Concurrent Rebuild Remembered Sets 130.639ms
[2022-12-13T06:37:09.432+0000][151028][gc,start    ] GC(735) Pause Cleanup
[2022-12-13T06:37:09.433+0000][151028][gc          ] GC(735) Pause Cleanup 1038M->1038M(7992M) 0.599ms
[2022-12-13T06:37:09.433+0000][151028][gc,cpu      ] GC(735) User=0.00s Sys=0.00s Real=0.00s
[2022-12-13T06:37:09.433+0000][151028][safepoint   ] Safepoint "G1PauseCleanup", Time since last: 139089600 ns, Reaching safepoint: 251800 ns, At safepoint: 700400 ns, Total: 952200 ns
[2022-12-13T06:37:09.433+0000][151028][gc,marking  ] GC(735) Concurrent Cleanup for Next Mark
[2022-12-13T06:37:09.455+0000][151028][gc,marking  ] GC(735) Concurrent Cleanup for Next Mark 21.567ms
[2022-12-13T06:37:09.455+0000][151028][gc          ] GC(735) Concurrent Mark Cycle 503.044ms
[2022-12-13T06:37:11.434+0000][151028][safepoint   ] Safepoint "Cleanup", Time since last: 2000291600 ns, Reaching safepoint: 282500 ns, At safepoint: 31600 ns, Total: 314100 ns
[2022-12-13T06:37:13.435+0000][151028][safepoint   ] Safepoint "Cleanup", Time since last: 2000284000 ns, Reaching safepoint: 417400 ns, At safepoint: 53700 ns, Total: 471100 ns
[2022-12-13T06:37:14.435+0000][151028][safepoint   ] Safepoint "Cleanup", Time since last: 1000153000 ns, Reaching safepoint: 188500 ns, At safepoint: 11300 ns, Total: 199800 ns
[2022-12-13T06:37:14.783+0000][151028][gc,start    ] GC(736) Pause Young (Prepare Mixed) (G1 Preventive Collection)
[2022-12-13T06:37:14.783+0000][151028][gc,task     ] GC(736) Using 10 workers of 10 for evacuation
[2022-12-13T06:37:14.783+0000][151028][gc,age      ] GC(736) Desired survivor size 304087040 bytes, new threshold 15 (max threshold 15)
[2022-12-13T06:37:14.817+0000][151028][gc,phases   ] GC(736)   Pre Evacuate Collection Set: 0.4ms
[2022-12-13T06:37:14.817+0000][151028][gc,phases   ] GC(736)   Merge Heap Roots: 0.3ms
[2022-12-13T06:37:14.817+0000][151028][gc,phases   ] GC(736)   Evacuate Collection Set: 3.3ms
[2022-12-13T06:37:14.817+0000][151028][gc,phases   ] GC(736)   Post Evacuate Collection Set: 29.9ms
[2022-12-13T06:37:14.817+0000][151028][gc,phases   ] GC(736)   Other: 0.2ms
[2022-12-13T06:37:14.817+0000][151028][gc,age      ] GC(736) Age table with threshold 15 (max threshold 15)
[2022-12-13T06:37:14.817+0000][151028][gc,age      ] GC(736) - age   1:   77403496 bytes,   77403496 total
[2022-12-13T06:37:14.817+0000][151028][gc,age      ] GC(736) - age   2:    1433768 bytes,   78837264 total
[2022-12-13T06:37:14.817+0000][151028][gc,age      ] GC(736) - age   3:       1648 bytes,   78838912 total
[2022-12-13T06:37:14.817+0000][151028][gc,age      ] GC(736) - age   4:     122312 bytes,   78961224 total
[2022-12-13T06:37:14.817+0000][151028][gc,heap     ] GC(736) Eden regions: 549->0(79)
[2022-12-13T06:37:14.817+0000][151028][gc,heap     ] GC(736) Survivor regions: 4->20(115)
[2022-12-13T06:37:14.817+0000][151028][gc,heap     ] GC(736) Old regions: 120->120
[2022-12-13T06:37:14.817+0000][151028][gc,heap     ] GC(736) Archive regions: 2->2
[2022-12-13T06:37:14.817+0000][151028][gc,heap     ] GC(736) Humongous regions: 1208->5
[2022-12-13T06:37:14.818+0000][151028][gc,metaspace] GC(736) Metaspace: 179295K(183808K)->179295K(183808K) NonClass: 157403K(159872K)->157403K(159872K) Class: 21892K(23936K)->21892K(23936K)
[2022-12-13T06:37:14.818+0000][151028][gc          ] GC(736) Pause Young (Prepare Mixed) (G1 Preventive Collection) 7519M->579M(7992M) 34.473ms
[2022-12-13T06:37:14.818+0000][151028][gc,cpu      ] GC(736) User=0.24s Sys=0.01s Real=0.03s
[2022-12-13T06:37:14.818+0000][151028][safepoint   ] Safepoint "G1CollectForAllocation", Time since last: 347928000 ns, Reaching safepoint: 230900 ns, At safepoint: 34715900 ns, Total: 34946800 ns
[2022-12-13T06:37:15.855+0000][151028][gc,start    ] GC(737) Pause Young (Mixed) (G1 Evacuation Pause)
[2022-12-13T06:37:15.855+0000][151028][gc,task     ] GC(737) Using 10 workers of 10 for evacuation
[2022-12-13T06:37:15.855+0000][151028][gc,age      ] GC(737) Desired survivor size 27262976 bytes, new threshold 1 (max threshold 15)
[2022-12-13T06:37:15.865+0000][151028][gc,phases   ] GC(737)   Pre Evacuate Collection Set: 0.3ms
[2022-12-13T06:37:15.865+0000][151028][gc,phases   ] GC(737)   Merge Heap Roots: 0.3ms
[2022-12-13T06:37:15.865+0000][151028][gc,phases   ] GC(737)   Evacuate Collection Set: 5.8ms
[2022-12-13T06:37:15.865+0000][151028][gc,phases   ] GC(737)   Post Evacuate Collection Set: 3.0ms
[2022-12-13T06:37:15.865+0000][151028][gc,phases   ] GC(737)   Other: 0.2ms
[2022-12-13T06:37:15.865+0000][151028][gc,age      ] GC(737) Age table with threshold 1 (max threshold 15)
[2022-12-13T06:37:15.865+0000][151028][gc,age      ] GC(737) - age   1:    9378680 bytes,    9378680 total
[2022-12-13T06:37:15.865+0000][151028][gc,heap     ] GC(737) Eden regions: 79->0(1194)
[2022-12-13T06:37:15.865+0000][151028][gc,heap     ] GC(737) Survivor regions: 20->4(13)
[2022-12-13T06:37:15.865+0000][151028][gc,heap     ] GC(737) Old regions: 120->114
[2022-12-13T06:37:15.865+0000][151028][gc,heap     ] GC(737) Archive regions: 2->2
[2022-12-13T06:37:15.865+0000][151028][gc,heap     ] GC(737) Humongous regions: 213->5
[2022-12-13T06:37:15.865+0000][151028][gc,metaspace] GC(737) Metaspace: 179297K(183808K)->179297K(183808K) NonClass: 157404K(159872K)->157404K(159872K) Class: 21892K(23936K)->21892K(23936K)
[2022-12-13T06:37:15.865+0000][151028][gc          ] GC(737) Pause Young (Mixed) (G1 Evacuation Pause) 1727M->494M(7992M) 10.050ms
[2022-12-13T06:37:15.865+0000][151028][gc,cpu      ] GC(737) User=0.06s Sys=0.00s Real=0.01s
[2022-12-13T06:37:15.865+0000][151028][safepoint   ] Safepoint "G1CollectForAllocation", Time since last: 1036629100 ns, Reaching safepoint: 282800 ns, At safepoint: 10208600 ns, Total: 10491400 ns
[2022-12-13T06:37:16.787+0000][151028][gc,start    ] GC(738) Pause Young (Concurrent Start) (G1 Humongous Allocation)
[2022-12-13T06:37:16.787+0000][151028][gc,task     ] GC(738) Using 10 workers of 10 for evacuation
[2022-12-13T06:37:16.787+0000][151028][gc,age      ] GC(738) Desired survivor size 314572800 bytes, new threshold 15 (max threshold 15)
[2022-12-13T06:37:16.804+0000][151028][gc,phases   ] GC(738)   Pre Evacuate Collection Set: 0.9ms
[2022-12-13T06:37:16.804+0000][151028][gc,phases   ] GC(738)   Merge Heap Roots: 0.2ms
[2022-12-13T06:37:16.804+0000][151028][gc,phases   ] GC(738)   Evacuate Collection Set: 11.6ms
[2022-12-13T06:37:16.804+0000][151028][gc,phases   ] GC(738)   Post Evacuate Collection Set: 4.2ms
[2022-12-13T06:37:16.804+0000][151028][gc,phases   ] GC(738)   Other: 0.1ms
[2022-12-13T06:37:16.804+0000][151028][gc,age      ] GC(738) Age table with threshold 15 (max threshold 15)
[2022-12-13T06:37:16.804+0000][151028][gc,age      ] GC(738) - age   1:   32931256 bytes,   32931256 total
[2022-12-13T06:37:16.804+0000][151028][gc,age      ] GC(738) - age   2:     324400 bytes,   33255656 total
[2022-12-13T06:37:16.804+0000][151028][gc,heap     ] GC(738) Eden regions: 136->0(1189)
[2022-12-13T06:37:16.804+0000][151028][gc,heap     ] GC(738) Survivor regions: 4->9(150)
[2022-12-13T06:37:16.804+0000][151028][gc,heap     ] GC(738) Old regions: 114->114
[2022-12-13T06:37:16.804+0000][151028][gc,heap     ] GC(738) Archive regions: 2->2
[2022-12-13T06:37:16.804+0000][151028][gc,heap     ] GC(738) Humongous regions: 151->44
[2022-12-13T06:37:16.804+0000][151028][gc,metaspace] GC(738) Metaspace: 179297K(183808K)->179297K(183808K) NonClass: 157404K(159872K)->157404K(159872K) Class: 21892K(23936K)->21892K(23936K)
[2022-12-13T06:37:16.804+0000][151028][gc          ] GC(738) Pause Young (Concurrent Start) (G1 Humongous Allocation) 1622M->667M(7992M) 17.360ms
[2022-12-13T06:37:16.804+0000][151028][gc,cpu      ] GC(738) User=0.13s Sys=0.01s Real=0.02s
[2022-12-13T06:37:16.804+0000][151028][gc          ] GC(739) Concurrent Undo Cycle
[2022-12-13T06:37:16.804+0000][151028][gc,marking  ] GC(739) Concurrent Cleanup for Next Mark
[2022-12-13T06:37:16.804+0000][151028][safepoint   ] Safepoint "G1TryInitiateConcMark", Time since last: 899155000 ns, Reaching safepoint: 22800900 ns, At safepoint: 17604400 ns, Total: 40405300 ns
[2022-12-13T06:37:16.806+0000][151028][gc,marking  ] GC(739) Concurrent Cleanup for Next Mark 1.301ms
[2022-12-13T06:37:16.806+0000][151028][gc          ] GC(739) Concurrent Undo Cycle 1.472ms
[2022-12-13T06:37:16.832+0000][151028][gc,start    ] GC(740) Pause Young (Concurrent Start) (G1 Humongous Allocation)
[2022-12-13T06:37:16.832+0000][151028][gc,task     ] GC(740) Using 10 workers of 10 for evacuation
[2022-12-13T06:37:16.832+0000][151028][gc,age      ] GC(740) Desired survivor size 314572800 bytes, new threshold 15 (max threshold 15)
[2022-12-13T06:37:16.845+0000][151028][gc,phases   ] GC(740)   Pre Evacuate Collection Set: 0.9ms
[2022-12-13T06:37:16.845+0000][151028][gc,phases   ] GC(740)   Merge Heap Roots: 0.4ms
[2022-12-13T06:37:16.845+0000][151028][gc,phases   ] GC(740)   Evacuate Collection Set: 9.7ms
[2022-12-13T06:37:16.845+0000][151028][gc,phases   ] GC(740)   Post Evacuate Collection Set: 2.2ms
[2022-12-13T06:37:16.845+0000][151028][gc,phases   ] GC(740)   Other: 0.2ms
[2022-12-13T06:37:16.845+0000][151028][gc,age      ] GC(740) Age table with threshold 15 (max threshold 15)
[2022-12-13T06:37:16.845+0000][151028][gc,age      ] GC(740) - age   1:    1775728 bytes,    1775728 total
[2022-12-13T06:37:16.845+0000][151028][gc,age      ] GC(740) - age   2:   25950592 bytes,   27726320 total
[2022-12-13T06:37:16.845+0000][151028][gc,age      ] GC(740) - age   3:     324296 bytes,   28050616 total
[2022-12-13T06:37:16.845+0000][151028][gc,heap     ] GC(740) Eden regions: 3->0(1190)
[2022-12-13T06:37:16.845+0000][151028][gc,heap     ] GC(740) Survivor regions: 9->8(150)
[2022-12-13T06:37:16.845+0000][151028][gc,heap     ] GC(740) Old regions: 114->114
[2022-12-13T06:37:16.845+0000][151028][gc,heap     ] GC(740) Archive regions: 2->2
[2022-12-13T06:37:16.845+0000][151028][gc,heap     ] GC(740) Humongous regions: 77->43
[2022-12-13T06:37:16.845+0000][151028][gc,metaspace] GC(740) Metaspace: 179297K(183808K)->179297K(183808K) NonClass: 157404K(159872K)->157404K(159872K) Class: 21892K(23936K)->21892K(23936K)
[2022-12-13T06:37:16.845+0000][151028][gc          ] GC(740) Pause Young (Concurrent Start) (G1 Humongous Allocation) 808M->660M(7992M) 13.726ms
[2022-12-13T06:37:16.845+0000][151028][gc,cpu      ] GC(740) User=0.11s Sys=0.00s Real=0.01s
[2022-12-13T06:37:16.845+0000][151028][gc          ] GC(741) Concurrent Mark Cycle
[2022-12-13T06:37:16.845+0000][151028][gc,marking  ] GC(741) Concurrent Clear Claimed Marks
[2022-12-13T06:37:16.846+0000][151028][safepoint   ] Safepoint "G1TryInitiateConcMark", Time since last: 7392600 ns, Reaching safepoint: 19728500 ns, At safepoint: 14092700 ns, Total: 33821200 ns
[2022-12-13T06:37:16.846+0000][151028][gc,marking  ] GC(741) Concurrent Clear Claimed Marks 0.357ms
[2022-12-13T06:37:16.846+0000][151028][gc,marking  ] GC(741) Concurrent Scan Root Regions
[2022-12-13T06:37:16.855+0000][151028][gc,marking  ] GC(741) Concurrent Scan Root Regions 9.089ms
[2022-12-13T06:37:16.855+0000][151028][gc,marking  ] GC(741) Concurrent Mark
[2022-12-13T06:37:16.855+0000][151028][gc,marking  ] GC(741) Concurrent Mark From Roots
[2022-12-13T06:37:16.855+0000][151028][gc,task     ] GC(741) Using 3 workers of 3 for marking
[2022-12-13T06:37:17.199+0000][151028][gc,marking  ] GC(741) Concurrent Mark From Roots 343.850ms
[2022-12-13T06:37:17.199+0000][151028][gc,marking  ] GC(741) Concurrent Preclean
[2022-12-13T06:37:17.200+0000][151028][gc,marking  ] GC(741) Concurrent Preclean 0.567ms
[2022-12-13T06:37:17.200+0000][151028][gc,start    ] GC(741) Pause Remark
[2022-12-13T06:37:17.213+0000][151028][gc          ] GC(741) Pause Remark 860M->860M(7992M) 13.414ms
[2022-12-13T06:37:17.213+0000][151028][gc,cpu      ] GC(741) User=0.11s Sys=0.00s Real=0.01s
[2022-12-13T06:37:17.213+0000][151028][safepoint   ] Safepoint "G1PauseRemark", Time since last: 353978700 ns, Reaching safepoint: 193400 ns, At safepoint: 13606000 ns, Total: 13799400 ns
[2022-12-13T06:37:17.214+0000][151028][gc,marking  ] GC(741) Concurrent Mark 358.515ms
[2022-12-13T06:37:17.214+0000][151028][gc,marking  ] GC(741) Concurrent Rebuild Remembered Sets
[2022-12-13T06:37:17.365+0000][151028][gc,marking  ] GC(741) Concurrent Rebuild Remembered Sets 151.126ms
[2022-12-13T06:37:17.365+0000][151028][gc,start    ] GC(741) Pause Cleanup
[2022-12-13T06:37:17.366+0000][151028][gc          ] GC(741) Pause Cleanup 1030M->1030M(7992M) 0.470ms
[2022-12-13T06:37:17.366+0000][151028][gc,cpu      ] GC(741) User=0.00s Sys=0.00s Real=0.00s
[2022-12-13T06:37:17.366+0000][151028][safepoint   ] Safepoint "G1PauseCleanup", Time since last: 151397600 ns, Reaching safepoint: 278400 ns, At safepoint: 598500 ns, Total: 876900 ns
[2022-12-13T06:37:17.366+0000][151028][gc,marking  ] GC(741) Concurrent Cleanup for Next Mark
[2022-12-13T06:37:17.389+0000][151028][gc,marking  ] GC(741) Concurrent Cleanup for Next Mark 23.176ms
[2022-12-13T06:37:17.389+0000][151028][gc          ] GC(741) Concurrent Mark Cycle 543.615ms
[2022-12-13T06:37:18.366+0000][151028][safepoint   ] Safepoint "Cleanup", Time since last: 1000131500 ns, Reaching safepoint: 213300 ns, At safepoint: 39400 ns, Total: 252700 ns
[2022-12-13T06:37:21.367+0000][151028][safepoint   ] Safepoint "Cleanup", Time since last: 3000356600 ns, Reaching safepoint: 202600 ns, At safepoint: 11400 ns, Total: 214000 ns
[2022-12-13T06:37:22.056+0000][151028][gc,start    ] GC(742) Pause Young (Prepare Mixed) (G1 Preventive Collection)
[2022-12-13T06:37:22.056+0000][151028][gc,task     ] GC(742) Using 10 workers of 10 for evacuation
[2022-12-13T06:37:22.056+0000][151028][gc,age      ] GC(742) Desired survivor size 314572800 bytes, new threshold 15 (max threshold 15)
[2022-12-13T06:37:22.078+0000][151028][gc,phases   ] GC(742)   Pre Evacuate Collection Set: 0.4ms
[2022-12-13T06:37:22.078+0000][151028][gc,phases   ] GC(742)   Merge Heap Roots: 0.3ms
[2022-12-13T06:37:22.078+0000][151028][gc,phases   ] GC(742)   Evacuate Collection Set: 2.9ms
[2022-12-13T06:37:22.079+0000][151028][gc,phases   ] GC(742)   Post Evacuate Collection Set: 18.8ms
[2022-12-13T06:37:22.079+0000][151028][gc,phases   ] GC(742)   Other: 0.2ms
[2022-12-13T06:37:22.079+0000][151028][gc,age      ] GC(742) Age table with threshold 15 (max threshold 15)
[2022-12-13T06:37:22.079+0000][151028][gc,age      ] GC(742) - age   1:   20574128 bytes,   20574128 total
[2022-12-13T06:37:22.079+0000][151028][gc,age      ] GC(742) - age   2:      58912 bytes,   20633040 total
[2022-12-13T06:37:22.079+0000][151028][gc,age      ] GC(742) - age   3:   17998176 bytes,   38631216 total
[2022-12-13T06:37:22.079+0000][151028][gc,age      ] GC(742) - age   4:     157376 bytes,   38788592 total
[2022-12-13T06:37:22.079+0000][151028][gc,heap     ] GC(742) Eden regions: 266->0(89)
[2022-12-13T06:37:22.079+0000][151028][gc,heap     ] GC(742) Survivor regions: 8->10(36)
[2022-12-13T06:37:22.079+0000][151028][gc,heap     ] GC(742) Old regions: 114->114
[2022-12-13T06:37:22.079+0000][151028][gc,heap     ] GC(742) Archive regions: 2->2
[2022-12-13T06:37:22.079+0000][151028][gc,heap     ] GC(742) Humongous regions: 1572->35
[2022-12-13T06:37:22.079+0000][151028][gc,metaspace] GC(742) Metaspace: 179298K(183808K)->179298K(183808K) NonClass: 157406K(159872K)->157406K(159872K) Class: 21892K(23936K)->21892K(23936K)
[2022-12-13T06:37:22.079+0000][151028][gc          ] GC(742) Pause Young (Prepare Mixed) (G1 Preventive Collection) 7836M->638M(7992M) 23.020ms
[2022-12-13T06:37:22.079+0000][151028][gc,cpu      ] GC(742) User=0.16s Sys=0.01s Real=0.03s
[2022-12-13T06:37:22.079+0000][151028][safepoint   ] Safepoint "G1CollectForAllocation", Time since last: 685587700 ns, Reaching safepoint: 3389400 ns, At safepoint: 23207100 ns, Total: 26596500 ns
[2022-12-13T06:37:23.106+0000][151028][safepoint   ] Safepoint "Cleanup", Time since last: 1000180700 ns, Reaching safepoint: 26841700 ns, At safepoint: 93900 ns, Total: 26935600 ns
[2022-12-13T06:37:24.016+0000][151028][gc,start    ] GC(743) Pause Young (Mixed) (G1 Evacuation Pause)
[2022-12-13T06:37:24.016+0000][151028][gc,task     ] GC(743) Using 10 workers of 10 for evacuation
[2022-12-13T06:37:24.016+0000][151028][gc,age      ] GC(743) Desired survivor size 27262976 bytes, new threshold 3 (max threshold 15)
[2022-12-13T06:37:24.033+0000][151028][gc,phases   ] GC(743)   Pre Evacuate Collection Set: 0.5ms
[2022-12-13T06:37:24.033+0000][151028][gc,phases   ] GC(743)   Merge Heap Roots: 0.3ms
[2022-12-13T06:37:24.033+0000][151028][gc,phases   ] GC(743)   Evacuate Collection Set: 6.8ms
[2022-12-13T06:37:24.033+0000][151028][gc,phases   ] GC(743)   Post Evacuate Collection Set: 9.1ms
[2022-12-13T06:37:24.033+0000][151028][gc,phases   ] GC(743)   Other: 0.2ms
[2022-12-13T06:37:24.033+0000][151028][gc,age      ] GC(743) Age table with threshold 3 (max threshold 15)
[2022-12-13T06:37:24.033+0000][151028][gc,age      ] GC(743) - age   1:   15488936 bytes,   15488936 total
[2022-12-13T06:37:24.033+0000][151028][gc,age      ] GC(743) - age   2:     450136 bytes,   15939072 total
[2022-12-13T06:37:24.033+0000][151028][gc,age      ] GC(743) - age   3:        912 bytes,   15939984 total
[2022-12-13T06:37:24.033+0000][151028][gc,heap     ] GC(743) Eden regions: 89->0(1193)
[2022-12-13T06:37:24.033+0000][151028][gc,heap     ] GC(743) Survivor regions: 10->5(13)
[2022-12-13T06:37:24.033+0000][151028][gc,heap     ] GC(743) Old regions: 114->109
[2022-12-13T06:37:24.033+0000][151028][gc,heap     ] GC(743) Archive regions: 2->2
[2022-12-13T06:37:24.033+0000][151028][gc,heap     ] GC(743) Humongous regions: 983->2
[2022-12-13T06:37:24.033+0000][151028][gc,metaspace] GC(743) Metaspace: 179318K(183872K)->179318K(183872K) NonClass: 157425K(159936K)->157425K(159936K) Class: 21892K(23936K)->21892K(23936K)
[2022-12-13T06:37:24.033+0000][151028][gc          ] GC(743) Pause Young (Mixed) (G1 Evacuation Pause) 4786M->466M(7992M) 17.296ms
[2022-12-13T06:37:24.033+0000][151028][gc,cpu      ] GC(743) User=0.10s Sys=0.00s Real=0.02s
[2022-12-13T06:37:24.033+0000][151028][safepoint   ] Safepoint "G1CollectForAllocation", Time since last: 909384900 ns, Reaching safepoint: 264300 ns, At safepoint: 17473400 ns, Total: 17737700 ns
[2022-12-13T06:37:24.454+0000][151028][gc,start    ] GC(744) Pause Young (Concurrent Start) (G1 Humongous Allocation)
[2022-12-13T06:37:24.454+0000][151028][gc,task     ] GC(744) Using 10 workers of 10 for evacuation
[2022-12-13T06:37:24.455+0000][151028][gc,age      ] GC(744) Desired survivor size 314572800 bytes, new threshold 15 (max threshold 15)
[2022-12-13T06:37:24.464+0000][151028][gc,phases   ] GC(744)   Pre Evacuate Collection Set: 0.9ms
[2022-12-13T06:37:24.464+0000][151028][gc,phases   ] GC(744)   Merge Heap Roots: 0.4ms
[2022-12-13T06:37:24.464+0000][151028][gc,phases   ] GC(744)   Evacuate Collection Set: 4.1ms
[2022-12-13T06:37:24.464+0000][151028][gc,phases   ] GC(744)   Post Evacuate Collection Set: 3.6ms
[2022-12-13T06:37:24.464+0000][151028][gc,phases   ] GC(744)   Other: 0.2ms
[2022-12-13T06:37:24.464+0000][151028][gc,age      ] GC(744) Age table with threshold 15 (max threshold 15)
[2022-12-13T06:37:24.464+0000][151028][gc,age      ] GC(744) - age   1:   11079912 bytes,   11079912 total
[2022-12-13T06:37:24.464+0000][151028][gc,age      ] GC(744) - age   2:     333832 bytes,   11413744 total
[2022-12-13T06:37:24.464+0000][151028][gc,age      ] GC(744) - age   3:     437816 bytes,   11851560 total
[2022-12-13T06:37:24.464+0000][151028][gc,age      ] GC(744) - age   4:        912 bytes,   11852472 total
[2022-12-13T06:37:24.464+0000][151028][gc,heap     ] GC(744) Eden regions: 25->0(1194)
[2022-12-13T06:37:24.464+0000][151028][gc,heap     ] GC(744) Survivor regions: 5->4(150)
[2022-12-13T06:37:24.464+0000][151028][gc,heap     ] GC(744) Old regions: 109->109
[2022-12-13T06:37:24.464+0000][151028][gc,heap     ] GC(744) Archive regions: 2->2
[2022-12-13T06:37:24.464+0000][151028][gc,heap     ] GC(744) Humongous regions: 273->4
[2022-12-13T06:37:24.464+0000][151028][gc,metaspace] GC(744) Metaspace: 179318K(183872K)->179318K(183872K) NonClass: 157425K(159936K)->157425K(159936K) Class: 21892K(23936K)->21892K(23936K)
[2022-12-13T06:37:24.464+0000][151028][gc          ] GC(744) Pause Young (Concurrent Start) (G1 Humongous Allocation) 1647M->469M(7992M) 9.539ms
[2022-12-13T06:37:24.464+0000][151028][gc          ] GC(745) Concurrent Undo Cycle
[2022-12-13T06:37:24.464+0000][151028][gc,marking  ] GC(745) Concurrent Cleanup for Next Mark
[2022-12-13T06:37:24.464+0000][151028][gc,cpu      ] GC(744) User=0.05s Sys=0.00s Real=0.01s
[2022-12-13T06:37:24.464+0000][151028][safepoint   ] Safepoint "G1TryInitiateConcMark", Time since last: 420682300 ns, Reaching safepoint: 620300 ns, At safepoint: 9940200 ns, Total: 10560500 ns
[2022-12-13T06:37:24.465+0000][151028][gc,marking  ] GC(745) Concurrent Cleanup for Next Mark 1.072ms
[2022-12-13T06:37:24.465+0000][151028][gc          ] GC(745) Concurrent Undo Cycle 1.225ms
[2022-12-13T06:37:24.492+0000][151028][gc,start    ] GC(746) Pause Young (Concurrent Start) (G1 Humongous Allocation)
[2022-12-13T06:37:24.492+0000][151028][gc,task     ] GC(746) Using 10 workers of 10 for evacuation
[2022-12-13T06:37:24.492+0000][151028][gc,age      ] GC(746) Desired survivor size 314572800 bytes, new threshold 15 (max threshold 15)
[2022-12-13T06:37:24.499+0000][151028][gc,phases   ] GC(746)   Pre Evacuate Collection Set: 1.1ms
[2022-12-13T06:37:24.499+0000][151028][gc,phases   ] GC(746)   Merge Heap Roots: 0.2ms
[2022-12-13T06:37:24.499+0000][151028][gc,phases   ] GC(746)   Evacuate Collection Set: 4.0ms
[2022-12-13T06:37:24.499+0000][151028][gc,phases   ] GC(746)   Post Evacuate Collection Set: 1.1ms
[2022-12-13T06:37:24.499+0000][151028][gc,phases   ] GC(746)   Other: 0.2ms
[2022-12-13T06:37:24.499+0000][151028][gc,age      ] GC(746) Age table with threshold 15 (max threshold 15)
[2022-12-13T06:37:24.499+0000][151028][gc,age      ] GC(746) - age   1:    1986032 bytes,    1986032 total
[2022-12-13T06:37:24.499+0000][151028][gc,age      ] GC(746) - age   2:    3601000 bytes,    5587032 total
[2022-12-13T06:37:24.499+0000][151028][gc,age      ] GC(746) - age   3:     333672 bytes,    5920704 total
[2022-12-13T06:37:24.499+0000][151028][gc,age      ] GC(746) - age   4:     437664 bytes,    6358368 total
[2022-12-13T06:37:24.499+0000][151028][gc,age      ] GC(746) - age   5:        912 bytes,    6359280 total
[2022-12-13T06:37:24.499+0000][151028][gc,heap     ] GC(746) Eden regions: 2->0(835)
[2022-12-13T06:37:24.499+0000][151028][gc,heap     ] GC(746) Survivor regions: 4->2(150)
[2022-12-13T06:37:24.499+0000][151028][gc,heap     ] GC(746) Old regions: 109->109
[2022-12-13T06:37:24.499+0000][151028][gc,heap     ] GC(746) Archive regions: 2->2
[2022-12-13T06:37:24.499+0000][151028][gc,heap     ] GC(746) Humongous regions: 38->37
[2022-12-13T06:37:24.499+0000][151028][gc,metaspace] GC(746) Metaspace: 179318K(183872K)->179318K(183872K) NonClass: 157425K(159936K)->157425K(159936K) Class: 21892K(23936K)->21892K(23936K)
[2022-12-13T06:37:24.499+0000][151028][gc          ] GC(746) Pause Young (Concurrent Start) (G1 Humongous Allocation) 613M->595M(7992M) 7.017ms
[2022-12-13T06:37:24.499+0000][151028][gc          ] GC(747) Concurrent Mark Cycle
[2022-12-13T06:37:24.499+0000][151028][gc,marking  ] GC(747) Concurrent Clear Claimed Marks
[2022-12-13T06:37:24.499+0000][151028][gc,cpu      ] GC(746) User=0.03s Sys=0.00s Real=0.01s
[2022-12-13T06:37:24.499+0000][151028][safepoint   ] Safepoint "G1TryInitiateConcMark", Time since last: 15251400 ns, Reaching safepoint: 12263400 ns, At safepoint: 7289100 ns, Total: 19552500 ns
[2022-12-13T06:37:24.499+0000][151028][gc,marking  ] GC(747) Concurrent Clear Claimed Marks 0.253ms
[2022-12-13T06:37:24.499+0000][151028][gc,marking  ] GC(747) Concurrent Scan Root Regions
[2022-12-13T06:37:24.503+0000][151028][gc,marking  ] GC(747) Concurrent Scan Root Regions 4.182ms
[2022-12-13T06:37:24.504+0000][151028][gc,marking  ] GC(747) Concurrent Mark
[2022-12-13T06:37:24.504+0000][151028][gc,marking  ] GC(747) Concurrent Mark From Roots
[2022-12-13T06:37:24.504+0000][151028][gc,task     ] GC(747) Using 3 workers of 3 for marking
[2022-12-13T06:37:24.832+0000][151028][gc,marking  ] GC(747) Concurrent Mark From Roots 328.284ms
[2022-12-13T06:37:24.832+0000][151028][gc,marking  ] GC(747) Concurrent Preclean
[2022-12-13T06:37:24.833+0000][151028][gc,marking  ] GC(747) Concurrent Preclean 0.764ms
[2022-12-13T06:37:24.833+0000][151028][gc,start    ] GC(747) Pause Remark
[2022-12-13T06:37:24.847+0000][151028][gc          ] GC(747) Pause Remark 1232M->1232M(7992M) 13.819ms
[2022-12-13T06:37:24.847+0000][151028][gc,cpu      ] GC(747) User=0.11s Sys=0.01s Real=0.01s
[2022-12-13T06:37:24.847+0000][151028][safepoint   ] Safepoint "G1PauseRemark", Time since last: 333654200 ns, Reaching safepoint: 213000 ns, At safepoint: 14010600 ns, Total: 14223600 ns
[2022-12-13T06:37:24.847+0000][151028][gc,marking  ] GC(747) Concurrent Mark 343.505ms
[2022-12-13T06:37:24.847+0000][151028][gc,marking  ] GC(747) Concurrent Rebuild Remembered Sets
[2022-12-13T06:37:25.024+0000][151028][gc,marking  ] GC(747) Concurrent Rebuild Remembered Sets 176.943ms
[2022-12-13T06:37:25.027+0000][151028][gc,start    ] GC(747) Pause Cleanup
[2022-12-13T06:37:25.030+0000][151028][gc          ] GC(747) Pause Cleanup 1571M->1571M(7992M) 3.563ms
[2022-12-13T06:37:25.030+0000][151028][gc,cpu      ] GC(747) User=0.01s Sys=0.00s Real=0.01s
[2022-12-13T06:37:25.030+0000][151028][safepoint   ] Safepoint "G1PauseCleanup", Time since last: 177102900 ns, Reaching safepoint: 2378100 ns, At safepoint: 3786300 ns, Total: 6164400 ns
[2022-12-13T06:37:25.030+0000][151028][gc,marking  ] GC(747) Concurrent Cleanup for Next Mark
[2022-12-13T06:37:25.059+0000][151028][gc,marking  ] GC(747) Concurrent Cleanup for Next Mark 28.321ms
[2022-12-13T06:37:25.059+0000][151028][gc          ] GC(747) Concurrent Mark Cycle 559.741ms
[2022-12-13T06:37:27.031+0000][151028][safepoint   ] Safepoint "Cleanup", Time since last: 2000271600 ns, Reaching safepoint: 198400 ns, At safepoint: 11200 ns, Total: 209600 ns
[2022-12-13T06:37:29.031+0000][151028][safepoint   ] Safepoint "Cleanup", Time since last: 2000264000 ns, Reaching safepoint: 223300 ns, At safepoint: 13500 ns, Total: 236800 ns
[2022-12-13T06:37:29.176+0000][151028][gc,start    ] GC(748) Pause Young (Prepare Mixed) (G1 Preventive Collection)
[2022-12-13T06:37:29.176+0000][151028][gc,task     ] GC(748) Using 10 workers of 10 for evacuation
[2022-12-13T06:37:29.176+0000][151028][gc,age      ] GC(748) Desired survivor size 241172480 bytes, new threshold 15 (max threshold 15)
[2022-12-13T06:37:29.195+0000][151028][gc,phases   ] GC(748)   Pre Evacuate Collection Set: 0.4ms
[2022-12-13T06:37:29.195+0000][151028][gc,phases   ] GC(748)   Merge Heap Roots: 0.3ms
[2022-12-13T06:37:29.195+0000][151028][gc,phases   ] GC(748)   Evacuate Collection Set: 2.6ms
[2022-12-13T06:37:29.195+0000][151028][gc,phases   ] GC(748)   Post Evacuate Collection Set: 15.6ms
[2022-12-13T06:37:29.195+0000][151028][gc,phases   ] GC(748)   Other: 0.2ms
[2022-12-13T06:37:29.195+0000][151028][gc,age      ] GC(748) Age table with threshold 15 (max threshold 15)
[2022-12-13T06:37:29.195+0000][151028][gc,age      ] GC(748) - age   1:   38245112 bytes,   38245112 total
[2022-12-13T06:37:29.195+0000][151028][gc,age      ] GC(748) - age   2:        152 bytes,   38245264 total
[2022-12-13T06:37:29.195+0000][151028][gc,age      ] GC(748) - age   3:      45296 bytes,   38290560 total
[2022-12-13T06:37:29.195+0000][151028][gc,age      ] GC(748) - age   4:      15136 bytes,   38305696 total
[2022-12-13T06:37:29.195+0000][151028][gc,age      ] GC(748) - age   5:     288184 bytes,   38593880 total
[2022-12-13T06:37:29.195+0000][151028][gc,age      ] GC(748) - age   6:        912 bytes,   38594792 total
[2022-12-13T06:37:29.195+0000][151028][gc,heap     ] GC(748) Eden regions: 327->0(89)
[2022-12-13T06:37:29.195+0000][151028][gc,heap     ] GC(748) Survivor regions: 2->10(115)
[2022-12-13T06:37:29.195+0000][151028][gc,heap     ] GC(748) Old regions: 109->109
[2022-12-13T06:37:29.195+0000][151028][gc,heap     ] GC(748) Archive regions: 2->2
[2022-12-13T06:37:29.195+0000][151028][gc,heap     ] GC(748) Humongous regions: 1428->2
[2022-12-13T06:37:29.195+0000][151028][gc,metaspace] GC(748) Metaspace: 179333K(183936K)->179333K(183936K) NonClass: 157440K(160000K)->157440K(160000K) Class: 21892K(23936K)->21892K(23936K)
[2022-12-13T06:37:29.195+0000][151028][gc          ] GC(748) Pause Young (Prepare Mixed) (G1 Preventive Collection) 7463M->486M(7992M) 19.442ms
[2022-12-13T06:37:29.195+0000][151028][gc,cpu      ] GC(748) User=0.13s Sys=0.00s Real=0.02s
[2022-12-13T06:37:29.196+0000][151028][safepoint   ] Safepoint "G1CollectForAllocation", Time since last: 144464100 ns, Reaching safepoint: 202800 ns, At safepoint: 19704600 ns, Total: 19907400 ns
[2022-12-13T06:37:30.207+0000][151028][safepoint   ] Safepoint "Cleanup", Time since last: 1000163500 ns, Reaching safepoint: 11223400 ns, At safepoint: 102200 ns, Total: 11325600 ns
[2022-12-13T06:37:30.608+0000][151028][gc,start    ] GC(749) Pause Young (Mixed) (G1 Evacuation Pause)
[2022-12-13T06:37:30.609+0000][151028][gc,task     ] GC(749) Using 10 workers of 10 for evacuation
[2022-12-13T06:37:30.609+0000][151028][gc,age      ] GC(749) Desired survivor size 27262976 bytes, new threshold 1 (max threshold 15)
[2022-12-13T06:37:30.628+0000][151028][gc,phases   ] GC(749)   Pre Evacuate Collection Set: 0.4ms
[2022-12-13T06:37:30.628+0000][151028][gc,phases   ] GC(749)   Merge Heap Roots: 0.4ms
[2022-12-13T06:37:30.628+0000][151028][gc,phases   ] GC(749)   Evacuate Collection Set: 13.2ms
[2022-12-13T06:37:30.628+0000][151028][gc,phases   ] GC(749)   Post Evacuate Collection Set: 5.1ms
[2022-12-13T06:37:30.628+0000][151028][gc,phases   ] GC(749)   Other: 0.2ms
[2022-12-13T06:37:30.628+0000][151028][gc,age      ] GC(749) Age table with threshold 1 (max threshold 15)
[2022-12-13T06:37:30.628+0000][151028][gc,age      ] GC(749) - age   1:   22793144 bytes,   22793144 total
[2022-12-13T06:37:30.628+0000][151028][gc,heap     ] GC(749) Eden regions: 89->0(1076)
[2022-12-13T06:37:30.628+0000][151028][gc,heap     ] GC(749) Survivor regions: 10->8(13)
[2022-12-13T06:37:30.628+0000][151028][gc,heap     ] GC(749) Old regions: 109->108
[2022-12-13T06:37:30.628+0000][151028][gc,heap     ] GC(749) Archive regions: 2->2
[2022-12-13T06:37:30.628+0000][151028][gc,heap     ] GC(749) Humongous regions: 761->2
[2022-12-13T06:37:30.628+0000][151028][gc,metaspace] GC(749) Metaspace: 179333K(183936K)->179333K(183936K) NonClass: 157441K(160000K)->157441K(160000K) Class: 21892K(23936K)->21892K(23936K)
[2022-12-13T06:37:30.628+0000][151028][gc          ] GC(749) Pause Young (Mixed) (G1 Evacuation Pause) 3878M->472M(7992M) 19.625ms
[2022-12-13T06:37:30.628+0000][151028][gc,cpu      ] GC(749) User=0.11s Sys=0.04s Real=0.02s
[2022-12-13T06:37:30.628+0000][151028][safepoint   ] Safepoint "G1CollectForAllocation", Time since last: 401102600 ns, Reaching safepoint: 177200 ns, At safepoint: 19811400 ns, Total: 19988600 ns
[2022-12-13T06:37:30.633+0000][151028][gc,start    ] GC(750) Pause Young (Concurrent Start) (G1 Humongous Allocation)
[2022-12-13T06:37:30.633+0000][151028][gc,task     ] GC(750) Using 10 workers of 10 for evacuation
[2022-12-13T06:37:30.633+0000][151028][gc,age      ] GC(750) Desired survivor size 285212672 bytes, new threshold 15 (max threshold 15)
[2022-12-13T06:37:30.644+0000][151028][gc,phases   ] GC(750)   Pre Evacuate Collection Set: 0.8ms
[2022-12-13T06:37:30.644+0000][151028][gc,phases   ] GC(750)   Merge Heap Roots: 0.3ms
[2022-12-13T06:37:30.644+0000][151028][gc,phases   ] GC(750)   Evacuate Collection Set: 8.0ms
[2022-12-13T06:37:30.644+0000][151028][gc,phases   ] GC(750)   Post Evacuate Collection Set: 1.8ms
[2022-12-13T06:37:30.644+0000][151028][gc,phases   ] GC(750)   Other: 0.1ms
[2022-12-13T06:37:30.644+0000][151028][gc,age      ] GC(750) Age table with threshold 15 (max threshold 15)
[2022-12-13T06:37:30.644+0000][151028][gc,age      ] GC(750) - age   1:     170136 bytes,     170136 total
[2022-12-13T06:37:30.644+0000][151028][gc,age      ] GC(750) - age   2:   19465704 bytes,   19635840 total
[2022-12-13T06:37:30.644+0000][151028][gc,heap     ] GC(750) Eden regions: 2->0(971)
[2022-12-13T06:37:30.644+0000][151028][gc,heap     ] GC(750) Survivor regions: 8->8(136)
[2022-12-13T06:37:30.644+0000][151028][gc,heap     ] GC(750) Old regions: 108->108
[2022-12-13T06:37:30.644+0000][151028][gc,heap     ] GC(750) Archive regions: 2->2
[2022-12-13T06:37:30.644+0000][151028][gc,heap     ] GC(750) Humongous regions: 2->2
[2022-12-13T06:37:30.644+0000][151028][gc,metaspace] GC(750) Metaspace: 179333K(183936K)->179333K(183936K) NonClass: 157441K(160000K)->157441K(160000K) Class: 21892K(23936K)->21892K(23936K)
[2022-12-13T06:37:30.644+0000][151028][gc          ] GC(750) Pause Young (Concurrent Start) (G1 Humongous Allocation) 478M->474M(7992M) 11.261ms
[2022-12-13T06:37:30.644+0000][151028][gc,cpu      ] GC(750) User=0.05s Sys=0.02s Real=0.01s
[2022-12-13T06:37:30.644+0000][151028][safepoint   ] Safepoint "G1TryInitiateConcMark", Time since last: 4406100 ns, Reaching safepoint: 284500 ns, At safepoint: 11485300 ns, Total: 11769800 ns
[2022-12-13T06:37:30.644+0000][151028][gc          ] GC(751) Concurrent Mark Cycle
[2022-12-13T06:37:30.644+0000][151028][gc,marking  ] GC(751) Concurrent Clear Claimed Marks
[2022-12-13T06:37:30.645+0000][151028][gc,marking  ] GC(751) Concurrent Clear Claimed Marks 0.449ms
[2022-12-13T06:37:30.645+0000][151028][gc,marking  ] GC(751) Concurrent Scan Root Regions
[2022-12-13T06:37:30.648+0000][151028][gc,marking  ] GC(751) Concurrent Scan Root Regions 3.184ms
[2022-12-13T06:37:30.648+0000][151028][gc,marking  ] GC(751) Concurrent Mark
[2022-12-13T06:37:30.648+0000][151028][gc,marking  ] GC(751) Concurrent Mark From Roots
[2022-12-13T06:37:30.648+0000][151028][gc,task     ] GC(751) Using 3 workers of 3 for marking
[2022-12-13T06:37:30.967+0000][151028][gc,marking  ] GC(751) Concurrent Mark From Roots 319.086ms
[2022-12-13T06:37:30.967+0000][151028][gc,marking  ] GC(751) Concurrent Preclean
[2022-12-13T06:37:30.968+0000][151028][gc,marking  ] GC(751) Concurrent Preclean 0.591ms
[2022-12-13T06:37:30.968+0000][151028][gc,start    ] GC(751) Pause Remark
[2022-12-13T06:37:30.980+0000][151028][gc          ] GC(751) Pause Remark 1144M->1144M(7992M) 11.628ms
[2022-12-13T06:37:30.980+0000][151028][gc,cpu      ] GC(751) User=0.10s Sys=0.00s Real=0.02s
[2022-12-13T06:37:30.980+0000][151028][safepoint   ] Safepoint "G1PauseRemark", Time since last: 323644800 ns, Reaching safepoint: 290200 ns, At safepoint: 11852600 ns, Total: 12142800 ns
[2022-12-13T06:37:30.980+0000][151028][gc,marking  ] GC(751) Concurrent Mark 332.001ms
[2022-12-13T06:37:30.980+0000][151028][gc,marking  ] GC(751) Concurrent Rebuild Remembered Sets
[2022-12-13T06:37:31.140+0000][151028][gc,marking  ] GC(751) Concurrent Rebuild Remembered Sets 159.727ms
[2022-12-13T06:37:31.140+0000][151028][gc,start    ] GC(751) Pause Cleanup
[2022-12-13T06:37:31.141+0000][151028][gc          ] GC(751) Pause Cleanup 1424M->1424M(7992M) 0.494ms
[2022-12-13T06:37:31.141+0000][151028][gc,cpu      ] GC(751) User=0.01s Sys=0.00s Real=0.00s
[2022-12-13T06:37:31.141+0000][151028][safepoint   ] Safepoint "G1PauseCleanup", Time since last: 159890300 ns, Reaching safepoint: 270300 ns, At safepoint: 594300 ns, Total: 864600 ns
[2022-12-13T06:37:31.141+0000][151028][gc,marking  ] GC(751) Concurrent Cleanup for Next Mark
[2022-12-13T06:37:31.165+0000][151028][gc,marking  ] GC(751) Concurrent Cleanup for Next Mark 24.513ms
[2022-12-13T06:37:31.166+0000][151028][gc          ] GC(751) Concurrent Mark Cycle 521.123ms
[2022-12-13T06:37:32.141+0000][151028][safepoint   ] Safepoint "Cleanup", Time since last: 1000108300 ns, Reaching safepoint: 203600 ns, At safepoint: 27600 ns, Total: 231200 ns
[2022-12-13T06:37:33.147+0000][151028][safepoint   ] Safepoint "Cleanup", Time since last: 1000185000 ns, Reaching safepoint: 5559700 ns, At safepoint: 65300 ns, Total: 5625000 ns
[2022-12-13T06:37:34.514+0000][151028][gc,start    ] GC(752) Pause Young (Prepare Mixed) (G1 Preventive Collection)
[2022-12-13T06:37:34.514+0000][151028][gc,task     ] GC(752) Using 10 workers of 10 for evacuation
[2022-12-13T06:37:34.514+0000][151028][gc,age      ] GC(752) Desired survivor size 283115520 bytes, new threshold 15 (max threshold 15)
[2022-12-13T06:37:34.532+0000][151028][gc,phases   ] GC(752)   Pre Evacuate Collection Set: 0.4ms
[2022-12-13T06:37:34.532+0000][151028][gc,phases   ] GC(752)   Merge Heap Roots: 0.2ms
[2022-12-13T06:37:34.532+0000][151028][gc,phases   ] GC(752)   Evacuate Collection Set: 4.1ms
[2022-12-13T06:37:34.532+0000][151028][gc,phases   ] GC(752)   Post Evacuate Collection Set: 12.7ms
[2022-12-13T06:37:34.532+0000][151028][gc,phases   ] GC(752)   Other: 0.2ms
[2022-12-13T06:37:34.532+0000][151028][gc,age      ] GC(752) Age table with threshold 15 (max threshold 15)
[2022-12-13T06:37:34.532+0000][151028][gc,age      ] GC(752) - age   1:   29724888 bytes,   29724888 total
[2022-12-13T06:37:34.532+0000][151028][gc,age      ] GC(752) - age   2:        160 bytes,   29725048 total
[2022-12-13T06:37:34.532+0000][151028][gc,age      ] GC(752) - age   3:    1993560 bytes,   31718608 total
[2022-12-13T06:37:34.532+0000][151028][gc,heap     ] GC(752) Eden regions: 222->0(90)
[2022-12-13T06:37:34.532+0000][151028][gc,heap     ] GC(752) Survivor regions: 8->9(47)
[2022-12-13T06:37:34.532+0000][151028][gc,heap     ] GC(752) Old regions: 108->108
[2022-12-13T06:37:34.532+0000][151028][gc,heap     ] GC(752) Archive regions: 2->2
[2022-12-13T06:37:34.532+0000][151028][gc,heap     ] GC(752) Humongous regions: 1611->18
[2022-12-13T06:37:34.532+0000][151028][gc,metaspace] GC(752) Metaspace: 179339K(183936K)->179339K(183936K) NonClass: 157446K(160000K)->157446K(160000K) Class: 21892K(23936K)->21892K(23936K)
[2022-12-13T06:37:34.532+0000][151028][gc          ] GC(752) Pause Young (Prepare Mixed) (G1 Preventive Collection) 7798M->540M(7992M) 18.051ms
[2022-12-13T06:37:34.532+0000][151028][gc,cpu      ] GC(752) User=0.11s Sys=0.00s Real=0.02s
[2022-12-13T06:37:34.532+0000][151028][safepoint   ] Safepoint "G1CollectForAllocation", Time since last: 1366783900 ns, Reaching safepoint: 287800 ns, At safepoint: 18265800 ns, Total: 18553600 ns
[2022-12-13T06:37:34.990+0000][151028][gc,start    ] GC(753) Pause Young (Mixed) (G1 Evacuation Pause)
[2022-12-13T06:37:34.990+0000][151028][gc,task     ] GC(753) Using 10 workers of 10 for evacuation
[2022-12-13T06:37:34.990+0000][151028][gc,age      ] GC(753) Desired survivor size 27262976 bytes, new threshold 1 (max threshold 15)
[2022-12-13T06:37:35.020+0000][151028][gc,phases   ] GC(753)   Pre Evacuate Collection Set: 0.5ms
[2022-12-13T06:37:35.020+0000][151028][gc,phases   ] GC(753)   Merge Heap Roots: 0.3ms
[2022-12-13T06:37:35.020+0000][151028][gc,phases   ] GC(753)   Evacuate Collection Set: 26.4ms
[2022-12-13T06:37:35.020+0000][151028][gc,phases   ] GC(753)   Post Evacuate Collection Set: 2.9ms
[2022-12-13T06:37:35.020+0000][151028][gc,phases   ] GC(753)   Other: 0.2ms
[2022-12-13T06:37:35.020+0000][151028][gc,age      ] GC(753) Age table with threshold 1 (max threshold 15)
[2022-12-13T06:37:35.020+0000][151028][gc,age      ] GC(753) - age   1:   52805992 bytes,   52805992 total
[2022-12-13T06:37:35.020+0000][151028][gc,heap     ] GC(753) Eden regions: 90->0(1111)
[2022-12-13T06:37:35.020+0000][151028][gc,heap     ] GC(753) Survivor regions: 9->13(13)
[2022-12-13T06:37:35.020+0000][151028][gc,heap     ] GC(753) Old regions: 108->112
[2022-12-13T06:37:35.020+0000][151028][gc,heap     ] GC(753) Archive regions: 2->2
[2022-12-13T06:37:35.020+0000][151028][gc,heap     ] GC(753) Humongous regions: 424->115
[2022-12-13T06:37:35.020+0000][151028][gc,metaspace] GC(753) Metaspace: 179343K(183936K)->179343K(183936K) NonClass: 157451K(160000K)->157451K(160000K) Class: 21892K(23936K)->21892K(23936K)
[2022-12-13T06:37:35.020+0000][151028][gc          ] GC(753) Pause Young (Mixed) (G1 Evacuation Pause) 2524M->960M(7992M) 30.546ms
[2022-12-13T06:37:35.020+0000][151028][gc,cpu      ] GC(753) User=0.24s Sys=0.01s Real=0.04s
[2022-12-13T06:37:35.021+0000][151028][safepoint   ] Safepoint "G1CollectForAllocation", Time since last: 419110300 ns, Reaching safepoint: 38185500 ns, At safepoint: 30808700 ns, Total: 68994200 ns
[2022-12-13T06:37:35.030+0000][151028][safepoint   ] Safepoint "G1TryInitiateConcMark", Time since last: 9098200 ns, Reaching safepoint: 266500 ns, At safepoint: 133900 ns, Total: 400400 ns
[2022-12-13T06:37:35.030+0000][151028][gc,start    ] GC(754) Pause Young (Concurrent Start) (G1 Humongous Allocation)
[2022-12-13T06:37:35.031+0000][151028][gc,task     ] GC(754) Using 10 workers of 10 for evacuation
[2022-12-13T06:37:35.031+0000][151028][gc,age      ] GC(754) Desired survivor size 295698432 bytes, new threshold 15 (max threshold 15)
[2022-12-13T06:37:35.050+0000][151028][gc,phases   ] GC(754)   Pre Evacuate Collection Set: 0.8ms
[2022-12-13T06:37:35.050+0000][151028][gc,phases   ] GC(754)   Merge Heap Roots: 0.3ms
[2022-12-13T06:37:35.050+0000][151028][gc,phases   ] GC(754)   Evacuate Collection Set: 15.6ms
[2022-12-13T06:37:35.050+0000][151028][gc,phases   ] GC(754)   Post Evacuate Collection Set: 2.2ms
[2022-12-13T06:37:35.050+0000][151028][gc,phases   ] GC(754)   Other: 0.2ms
[2022-12-13T06:37:35.050+0000][151028][gc,age      ] GC(754) Age table with threshold 15 (max threshold 15)
[2022-12-13T06:37:35.050+0000][151028][gc,age      ] GC(754) - age   1:    5326000 bytes,    5326000 total
[2022-12-13T06:37:35.050+0000][151028][gc,age      ] GC(754) - age   2:   52616688 bytes,   57942688 total
[2022-12-13T06:37:35.050+0000][151028][gc,heap     ] GC(754) Eden regions: 5->0(1183)
[2022-12-13T06:37:35.050+0000][151028][gc,heap     ] GC(754) Survivor regions: 13->15(141)
[2022-12-13T06:37:35.050+0000][151028][gc,heap     ] GC(754) Old regions: 112->112
[2022-12-13T06:37:35.050+0000][151028][gc,heap     ] GC(754) Archive regions: 2->2
[2022-12-13T06:37:35.050+0000][151028][gc,heap     ] GC(754) Humongous regions: 115->16
[2022-12-13T06:37:35.050+0000][151028][gc,metaspace] GC(754) Metaspace: 179343K(183936K)->179343K(183936K) NonClass: 157451K(160000K)->157451K(160000K) Class: 21892K(23936K)->21892K(23936K)
[2022-12-13T06:37:35.050+0000][151028][gc          ] GC(754) Pause Young (Concurrent Start) (G1 Humongous Allocation) 980M->570M(7992M) 19.361ms
[2022-12-13T06:37:35.050+0000][151028][gc          ] GC(755) Concurrent Mark Cycle
[2022-12-13T06:37:35.050+0000][151028][gc,marking  ] GC(755) Concurrent Clear Claimed Marks
[2022-12-13T06:37:35.050+0000][151028][gc,cpu      ] GC(754) User=0.16s Sys=0.00s Real=0.01s
[2022-12-13T06:37:35.050+0000][151028][safepoint   ] Safepoint "G1TryInitiateConcMark", Time since last: 182800 ns, Reaching safepoint: 251000 ns, At safepoint: 19700200 ns, Total: 19951200 ns
[2022-12-13T06:37:35.050+0000][151028][gc,marking  ] GC(755) Concurrent Clear Claimed Marks 0.414ms
[2022-12-13T06:37:35.050+0000][151028][gc,marking  ] GC(755) Concurrent Scan Root Regions
[2022-12-13T06:37:35.055+0000][151028][gc,marking  ] GC(755) Concurrent Scan Root Regions 4.757ms
[2022-12-13T06:37:35.055+0000][151028][gc,marking  ] GC(755) Concurrent Mark
[2022-12-13T06:37:35.055+0000][151028][gc,marking  ] GC(755) Concurrent Mark From Roots
[2022-12-13T06:37:35.055+0000][151028][gc,task     ] GC(755) Using 3 workers of 3 for marking
[2022-12-13T06:37:35.497+0000][151028][gc,marking  ] GC(755) Concurrent Mark From Roots 441.271ms
[2022-12-13T06:37:35.497+0000][151028][gc,marking  ] GC(755) Concurrent Preclean
[2022-12-13T06:37:35.498+0000][151028][gc,marking  ] GC(755) Concurrent Preclean 0.937ms
[2022-12-13T06:37:35.501+0000][151028][gc,start    ] GC(755) Pause Remark
[2022-12-13T06:37:35.516+0000][151028][gc          ] GC(755) Pause Remark 2760M->2760M(7992M) 14.876ms
[2022-12-13T06:37:35.516+0000][151028][gc,cpu      ] GC(755) User=0.10s Sys=0.00s Real=0.01s
[2022-12-13T06:37:35.516+0000][151028][safepoint   ] Safepoint "G1PauseRemark", Time since last: 448189700 ns, Reaching safepoint: 2366400 ns, At safepoint: 15149100 ns, Total: 17515500 ns
[2022-12-13T06:37:35.516+0000][151028][gc,marking  ] GC(755) Concurrent Mark 460.687ms
[2022-12-13T06:37:35.516+0000][151028][gc,marking  ] GC(755) Concurrent Rebuild Remembered Sets
[2022-12-13T06:37:35.748+0000][151028][gc,marking  ] GC(755) Concurrent Rebuild Remembered Sets 231.931ms
[2022-12-13T06:37:35.748+0000][151028][gc,start    ] GC(755) Pause Cleanup
[2022-12-13T06:37:35.749+0000][151028][gc          ] GC(755) Pause Cleanup 3710M->3710M(7992M) 0.542ms
[2022-12-13T06:37:35.749+0000][151028][gc,cpu      ] GC(755) User=0.00s Sys=0.00s Real=0.00s
[2022-12-13T06:37:35.749+0000][151028][safepoint   ] Safepoint "G1PauseCleanup", Time since last: 232199000 ns, Reaching safepoint: 293400 ns, At safepoint: 688400 ns, Total: 981800 ns
[2022-12-13T06:37:35.749+0000][151028][gc,marking  ] GC(755) Concurrent Cleanup for Next Mark
[2022-12-13T06:37:35.774+0000][151028][gc,marking  ] GC(755) Concurrent Cleanup for Next Mark 24.984ms
[2022-12-13T06:37:35.774+0000][151028][gc          ] GC(755) Concurrent Mark Cycle 724.280ms
[2022-12-13T06:37:36.607+0000][151028][gc,start    ] GC(756) Pause Young (Prepare Mixed) (G1 Preventive Collection)
[2022-12-13T06:37:36.607+0000][151028][gc,task     ] GC(756) Using 10 workers of 10 for evacuation
[2022-12-13T06:37:36.607+0000][151028][gc,age      ] GC(756) Desired survivor size 314572800 bytes, new threshold 15 (max threshold 15)
[2022-12-13T06:37:36.651+0000][151028][gc,phases   ] GC(756)   Pre Evacuate Collection Set: 0.7ms
[2022-12-13T06:37:36.651+0000][151028][gc,phases   ] GC(756)   Merge Heap Roots: 0.3ms
[2022-12-13T06:37:36.651+0000][151028][gc,phases   ] GC(756)   Evacuate Collection Set: 35.2ms
[2022-12-13T06:37:36.651+0000][151028][gc,phases   ] GC(756)   Post Evacuate Collection Set: 7.3ms
[2022-12-13T06:37:36.651+0000][151028][gc,phases   ] GC(756)   Other: 0.2ms
[2022-12-13T06:37:36.651+0000][151028][gc,age      ] GC(756) Age table with threshold 15 (max threshold 15)
[2022-12-13T06:37:36.651+0000][151028][gc,age      ] GC(756) - age   1:   75517992 bytes,   75517992 total
[2022-12-13T06:37:36.651+0000][151028][gc,age      ] GC(756) - age   2:    2104984 bytes,   77622976 total
[2022-12-13T06:37:36.651+0000][151028][gc,age      ] GC(756) - age   3:   47908872 bytes,  125531848 total
[2022-12-13T06:37:36.651+0000][151028][gc,heap     ] GC(756) Eden regions: 205->0(68)
[2022-12-13T06:37:36.651+0000][151028][gc,heap     ] GC(756) Survivor regions: 15->31(70)
[2022-12-13T06:37:36.651+0000][151028][gc,heap     ] GC(756) Old regions: 112->112
[2022-12-13T06:37:36.651+0000][151028][gc,heap     ] GC(756) Archive regions: 2->2
[2022-12-13T06:37:36.651+0000][151028][gc,heap     ] GC(756) Humongous regions: 1594->120
[2022-12-13T06:37:36.651+0000][151028][gc,metaspace] GC(756) Metaspace: 179369K(183936K)->179369K(183936K) NonClass: 157474K(160000K)->157474K(160000K) Class: 21895K(23936K)->21895K(23936K)
[2022-12-13T06:37:36.651+0000][151028][gc          ] GC(756) Pause Young (Prepare Mixed) (G1 Preventive Collection) 7702M->1050M(7992M) 44.030ms
[2022-12-13T06:37:36.651+0000][151028][gc,cpu      ] GC(756) User=0.33s Sys=0.01s Real=0.05s
[2022-12-13T06:37:36.651+0000][151028][safepoint   ] Safepoint "G1CollectForAllocation", Time since last: 821268300 ns, Reaching safepoint: 36774000 ns, At safepoint: 44379500 ns, Total: 81153500 ns
[2022-12-13T06:37:37.414+0000][151028][gc,start    ] GC(757) Pause Young (Mixed) (G1 Evacuation Pause)
[2022-12-13T06:37:37.414+0000][151028][gc,task     ] GC(757) Using 10 workers of 10 for evacuation
[2022-12-13T06:37:37.414+0000][151028][gc,age      ] GC(757) Desired survivor size 27262976 bytes, new threshold 1 (max threshold 15)
[2022-12-13T06:37:37.454+0000][151028][gc,phases   ] GC(757)   Pre Evacuate Collection Set: 0.4ms
[2022-12-13T06:37:37.454+0000][151028][gc,phases   ] GC(757)   Merge Heap Roots: 0.3ms
[2022-12-13T06:37:37.454+0000][151028][gc,phases   ] GC(757)   Evacuate Collection Set: 34.4ms
[2022-12-13T06:37:37.454+0000][151028][gc,phases   ] GC(757)   Post Evacuate Collection Set: 4.9ms
[2022-12-13T06:37:37.454+0000][151028][gc,phases   ] GC(757)   Other: 0.2ms
[2022-12-13T06:37:37.454+0000][151028][gc,age      ] GC(757) Age table with threshold 1 (max threshold 15)
[2022-12-13T06:37:37.454+0000][151028][gc,age      ] GC(757) - age   1:    7397720 bytes,    7397720 total
[2022-12-13T06:37:37.454+0000][151028][gc,heap     ] GC(757) Eden regions: 68->0(1195)
[2022-12-13T06:37:37.454+0000][151028][gc,heap     ] GC(757) Survivor regions: 31->3(13)
[2022-12-13T06:37:37.454+0000][151028][gc,heap     ] GC(757) Old regions: 112->135
[2022-12-13T06:37:37.454+0000][151028][gc,heap     ] GC(757) Archive regions: 2->2
[2022-12-13T06:37:37.454+0000][151028][gc,heap     ] GC(757) Humongous regions: 764->82
[2022-12-13T06:37:37.454+0000][151028][gc,metaspace] GC(757) Metaspace: 179374K(183936K)->179374K(183936K) NonClass: 157477K(160000K)->157477K(160000K) Class: 21896K(23936K)->21896K(23936K)
[2022-12-13T06:37:37.454+0000][151028][gc          ] GC(757) Pause Young (Mixed) (G1 Evacuation Pause) 3898M->880M(7992M) 40.496ms
[2022-12-13T06:37:37.454+0000][151028][gc,cpu      ] GC(757) User=0.35s Sys=0.01s Real=0.04s
[2022-12-13T06:37:37.454+0000][151028][safepoint   ] Safepoint "G1CollectForAllocation", Time since last: 732551800 ns, Reaching safepoint: 29656700 ns, At safepoint: 40756000 ns, Total: 70412700 ns
[2022-12-13T06:37:37.459+0000][151028][gc,start    ] GC(758) Pause Young (Concurrent Start) (G1 Humongous Allocation)
[2022-12-13T06:37:37.459+0000][151028][gc,task     ] GC(758) Using 10 workers of 10 for evacuation
[2022-12-13T06:37:37.459+0000][151028][gc,age      ] GC(758) Desired survivor size 314572800 bytes, new threshold 15 (max threshold 15)
[2022-12-13T06:37:37.465+0000][151028][gc,phases   ] GC(758)   Pre Evacuate Collection Set: 0.8ms
[2022-12-13T06:37:37.465+0000][151028][gc,phases   ] GC(758)   Merge Heap Roots: 0.2ms
[2022-12-13T06:37:37.465+0000][151028][gc,phases   ] GC(758)   Evacuate Collection Set: 3.3ms
[2022-12-13T06:37:37.465+0000][151028][gc,phases   ] GC(758)   Post Evacuate Collection Set: 1.1ms
[2022-12-13T06:37:37.465+0000][151028][gc,phases   ] GC(758)   Other: 0.1ms
[2022-12-13T06:37:37.465+0000][151028][gc,age      ] GC(758) Age table with threshold 15 (max threshold 15)
[2022-12-13T06:37:37.465+0000][151028][gc,age      ] GC(758) - age   1:     735488 bytes,     735488 total
[2022-12-13T06:37:37.465+0000][151028][gc,age      ] GC(758) - age   2:    6959752 bytes,    7695240 total
[2022-12-13T06:37:37.465+0000][151028][gc,heap     ] GC(758) Eden regions: 4->0(1195)
[2022-12-13T06:37:37.465+0000][151028][gc,heap     ] GC(758) Survivor regions: 3->3(150)
[2022-12-13T06:37:37.465+0000][151028][gc,heap     ] GC(758) Old regions: 135->135
[2022-12-13T06:37:37.465+0000][151028][gc,heap     ] GC(758) Archive regions: 2->2
[2022-12-13T06:37:37.465+0000][151028][gc,heap     ] GC(758) Humongous regions: 82->16
[2022-12-13T06:37:37.465+0000][151028][gc,metaspace] GC(758) Metaspace: 179374K(183936K)->179374K(183936K) NonClass: 157477K(160000K)->157477K(160000K) Class: 21896K(23936K)->21896K(23936K)
[2022-12-13T06:37:37.465+0000][151028][gc          ] GC(758) Pause Young (Concurrent Start) (G1 Humongous Allocation) 892M->615M(7992M) 5.907ms
[2022-12-13T06:37:37.465+0000][151028][gc          ] GC(759) Concurrent Mark Cycle
[2022-12-13T06:37:37.465+0000][151028][gc,marking  ] GC(759) Concurrent Clear Claimed Marks
[2022-12-13T06:37:37.465+0000][151028][gc,cpu      ] GC(758) User=0.03s Sys=0.00s Real=0.00s
[2022-12-13T06:37:37.466+0000][151028][safepoint   ] Safepoint "G1TryInitiateConcMark", Time since last: 4606700 ns, Reaching safepoint: 329800 ns, At safepoint: 6255000 ns, Total: 6584800 ns
[2022-12-13T06:37:37.466+0000][151028][gc,marking  ] GC(759) Concurrent Clear Claimed Marks 0.371ms
[2022-12-13T06:37:37.466+0000][151028][gc,marking  ] GC(759) Concurrent Scan Root Regions
[2022-12-13T06:37:37.470+0000][151028][gc,marking  ] GC(759) Concurrent Scan Root Regions 4.587ms
[2022-12-13T06:37:37.470+0000][151028][gc,marking  ] GC(759) Concurrent Mark
[2022-12-13T06:37:37.471+0000][151028][gc,marking  ] GC(759) Concurrent Mark From Roots
[2022-12-13T06:37:37.471+0000][151028][gc,task     ] GC(759) Using 3 workers of 3 for marking
[2022-12-13T06:37:37.754+0000][151028][gc,marking  ] GC(759) Concurrent Mark From Roots 282.998ms
[2022-12-13T06:37:37.754+0000][151028][gc,marking  ] GC(759) Concurrent Preclean
[2022-12-13T06:37:37.755+0000][151028][gc,marking  ] GC(759) Concurrent Preclean 0.920ms
[2022-12-13T06:37:37.755+0000][151028][gc,start    ] GC(759) Pause Remark
[2022-12-13T06:37:37.768+0000][151028][gc          ] GC(759) Pause Remark 1373M->1284M(7992M) 13.159ms
[2022-12-13T06:37:37.768+0000][151028][gc,cpu      ] GC(759) User=0.11s Sys=0.00s Real=0.01s
[2022-12-13T06:37:37.768+0000][151028][safepoint   ] Safepoint "G1PauseRemark", Time since last: 288984000 ns, Reaching safepoint: 205000 ns, At safepoint: 13353600 ns, Total: 13558600 ns
[2022-12-13T06:37:37.768+0000][151028][gc,marking  ] GC(759) Concurrent Mark 297.726ms
[2022-12-13T06:37:37.768+0000][151028][gc,marking  ] GC(759) Concurrent Rebuild Remembered Sets
[2022-12-13T06:37:37.900+0000][151028][gc,marking  ] GC(759) Concurrent Rebuild Remembered Sets 131.717ms
[2022-12-13T06:37:37.924+0000][151028][gc,start    ] GC(759) Pause Cleanup
[2022-12-13T06:37:37.926+0000][151028][gc          ] GC(759) Pause Cleanup 1691M->1691M(7992M) 1.220ms
[2022-12-13T06:37:37.926+0000][151028][gc,cpu      ] GC(759) User=0.00s Sys=0.00s Real=0.00s
[2022-12-13T06:37:37.926+0000][151028][safepoint   ] Safepoint "G1PauseCleanup", Time since last: 132042300 ns, Reaching safepoint: 23939200 ns, At safepoint: 1566300 ns, Total: 25505500 ns
[2022-12-13T06:37:37.926+0000][151028][gc,marking  ] GC(759) Concurrent Cleanup for Next Mark
[2022-12-13T06:37:37.952+0000][151028][gc,marking  ] GC(759) Concurrent Cleanup for Next Mark 26.593ms
[2022-12-13T06:37:37.952+0000][151028][gc          ] GC(759) Concurrent Mark Cycle 487.117ms
[2022-12-13T06:37:38.926+0000][151028][safepoint   ] Safepoint "Cleanup", Time since last: 1000140900 ns, Reaching safepoint: 303100 ns, At safepoint: 28900 ns, Total: 332000 ns
[2022-12-13T06:37:40.505+0000][151028][gc,start    ] GC(760) Pause Young (Prepare Mixed) (G1 Preventive Collection)
[2022-12-13T06:37:40.506+0000][151028][gc,task     ] GC(760) Using 10 workers of 10 for evacuation
[2022-12-13T06:37:40.506+0000][151028][gc,age      ] GC(760) Desired survivor size 314572800 bytes, new threshold 15 (max threshold 15)
[2022-12-13T06:37:40.526+0000][151028][gc,phases   ] GC(760)   Pre Evacuate Collection Set: 0.4ms
[2022-12-13T06:37:40.526+0000][151028][gc,phases   ] GC(760)   Merge Heap Roots: 0.3ms
[2022-12-13T06:37:40.526+0000][151028][gc,phases   ] GC(760)   Evacuate Collection Set: 11.1ms
[2022-12-13T06:37:40.526+0000][151028][gc,phases   ] GC(760)   Post Evacuate Collection Set: 7.3ms
[2022-12-13T06:37:40.526+0000][151028][gc,phases   ] GC(760)   Other: 0.9ms
[2022-12-13T06:37:40.526+0000][151028][gc,age      ] GC(760) Age table with threshold 15 (max threshold 15)
[2022-12-13T06:37:40.526+0000][151028][gc,age      ] GC(760) - age   1:   41451280 bytes,   41451280 total
[2022-12-13T06:37:40.526+0000][151028][gc,age      ] GC(760) - age   2:        864 bytes,   41452144 total
[2022-12-13T06:37:40.526+0000][151028][gc,age      ] GC(760) - age   3:     106328 bytes,   41558472 total
[2022-12-13T06:37:40.526+0000][151028][gc,heap     ] GC(760) Eden regions: 309->0(88)
[2022-12-13T06:37:40.526+0000][151028][gc,heap     ] GC(760) Survivor regions: 3->11(35)
[2022-12-13T06:37:40.526+0000][151028][gc,heap     ] GC(760) Old regions: 126->126
[2022-12-13T06:37:40.526+0000][151028][gc,heap     ] GC(760) Archive regions: 2->2
[2022-12-13T06:37:40.526+0000][151028][gc,heap     ] GC(760) Humongous regions: 1523->13
[2022-12-13T06:37:40.526+0000][151028][gc,metaspace] GC(760) Metaspace: 179380K(183936K)->179380K(183936K) NonClass: 157483K(160000K)->157483K(160000K) Class: 21896K(23936K)->21896K(23936K)
[2022-12-13T06:37:40.526+0000][151028][gc          ] GC(760) Pause Young (Prepare Mixed) (G1 Preventive Collection) 7845M->602M(7992M) 20.351ms
[2022-12-13T06:37:40.526+0000][151028][gc,cpu      ] GC(760) User=0.12s Sys=0.01s Real=0.02s
[2022-12-13T06:37:40.526+0000][151028][safepoint   ] Safepoint "G1CollectForAllocation", Time since last: 1578994200 ns, Reaching safepoint: 234900 ns, At safepoint: 20540000 ns, Total: 20774900 ns
[2022-12-13T06:37:42.013+0000][151028][safepoint   ] Safepoint "G1CollectForAllocation", Time since last: 1487201400 ns, Reaching safepoint: 266000 ns, At safepoint: 70100 ns, Total: 336100 ns
[2022-12-13T06:37:42.014+0000][151028][gc,start    ] GC(761) Pause Young (Mixed) (GCLocker Initiated GC)
[2022-12-13T06:37:42.014+0000][151028][gc,task     ] GC(761) Using 10 workers of 10 for evacuation
[2022-12-13T06:37:42.014+0000][151028][gc,age      ] GC(761) Desired survivor size 27262976 bytes, new threshold 1 (max threshold 15)
[2022-12-13T06:37:42.033+0000][151028][gc,phases   ] GC(761)   Pre Evacuate Collection Set: 0.4ms
[2022-12-13T06:37:42.033+0000][151028][gc,phases   ] GC(761)   Merge Heap Roots: 0.3ms
[2022-12-13T06:37:42.033+0000][151028][gc,phases   ] GC(761)   Evacuate Collection Set: 14.4ms
[2022-12-13T06:37:42.033+0000][151028][gc,phases   ] GC(761)   Post Evacuate Collection Set: 3.7ms
[2022-12-13T06:37:42.033+0000][151028][gc,phases   ] GC(761)   Other: 0.2ms
[2022-12-13T06:37:42.033+0000][151028][gc,age      ] GC(761) Age table with threshold 1 (max threshold 15)
[2022-12-13T06:37:42.033+0000][151028][gc,age      ] GC(761) - age   1:   14102328 bytes,   14102328 total
[2022-12-13T06:37:42.033+0000][151028][gc,heap     ] GC(761) Eden regions: 88->0(1193)
[2022-12-13T06:37:42.033+0000][151028][gc,heap     ] GC(761) Survivor regions: 11->5(13)
[2022-12-13T06:37:42.033+0000][151028][gc,heap     ] GC(761) Old regions: 126->127
[2022-12-13T06:37:42.033+0000][151028][gc,heap     ] GC(761) Archive regions: 2->2
[2022-12-13T06:37:42.033+0000][151028][gc,heap     ] GC(761) Humongous regions: 282->15
[2022-12-13T06:37:42.033+0000][151028][gc,metaspace] GC(761) Metaspace: 179387K(184000K)->179387K(184000K) NonClass: 157490K(160064K)->157490K(160064K) Class: 21896K(23936K)->21896K(23936K)
[2022-12-13T06:37:42.033+0000][151028][gc          ] GC(761) Pause Young (Mixed) (GCLocker Initiated GC) 2030M->586M(7992M) 19.241ms
[2022-12-13T06:37:42.033+0000][151028][gc,cpu      ] GC(761) User=0.14s Sys=0.00s Real=0.02s
[2022-12-13T06:37:42.033+0000][151028][safepoint   ] Safepoint "G1CollectForAllocation", Time since last: 184500 ns, Reaching safepoint: 346900 ns, At safepoint: 19462000 ns, Total: 19808900 ns
[2022-12-13T06:37:42.118+0000][151028][gc,start    ] GC(762) Pause Young (Concurrent Start) (G1 Humongous Allocation)
[2022-12-13T06:37:42.118+0000][151028][gc,task     ] GC(762) Using 10 workers of 10 for evacuation
[2022-12-13T06:37:42.118+0000][151028][gc,age      ] GC(762) Desired survivor size 314572800 bytes, new threshold 15 (max threshold 15)
[2022-12-13T06:37:42.125+0000][151028][gc,phases   ] GC(762)   Pre Evacuate Collection Set: 0.8ms
[2022-12-13T06:37:42.126+0000][151028][gc,phases   ] GC(762)   Merge Heap Roots: 0.2ms
[2022-12-13T06:37:42.126+0000][151028][gc,phases   ] GC(762)   Evacuate Collection Set: 2.7ms
[2022-12-13T06:37:42.126+0000][151028][gc,phases   ] GC(762)   Post Evacuate Collection Set: 3.4ms
[2022-12-13T06:37:42.126+0000][151028][gc,phases   ] GC(762)   Other: 0.1ms
[2022-12-13T06:37:42.126+0000][151028][gc,age      ] GC(762) Age table with threshold 15 (max threshold 15)
[2022-12-13T06:37:42.126+0000][151028][gc,age      ] GC(762) - age   1:    3052032 bytes,    3052032 total
[2022-12-13T06:37:42.126+0000][151028][gc,age      ] GC(762) - age   2:    3987192 bytes,    7039224 total
[2022-12-13T06:37:42.126+0000][151028][gc,heap     ] GC(762) Eden regions: 11->0(1196)
[2022-12-13T06:37:42.126+0000][151028][gc,heap     ] GC(762) Survivor regions: 5->2(150)
[2022-12-13T06:37:42.126+0000][151028][gc,heap     ] GC(762) Old regions: 127->127
[2022-12-13T06:37:42.126+0000][151028][gc,heap     ] GC(762) Archive regions: 2->2
[2022-12-13T06:37:42.126+0000][151028][gc,heap     ] GC(762) Humongous regions: 15->13
[2022-12-13T06:37:42.126+0000][151028][gc,metaspace] GC(762) Metaspace: 179387K(184000K)->179387K(184000K) NonClass: 157490K(160064K)->157490K(160064K) Class: 21896K(23936K)->21896K(23936K)
[2022-12-13T06:37:42.126+0000][151028][gc          ] GC(762) Pause Young (Concurrent Start) (G1 Humongous Allocation) 630M->570M(7992M) 7.505ms
[2022-12-13T06:37:42.126+0000][151028][gc,cpu      ] GC(762) User=0.04s Sys=0.00s Real=0.00s
[2022-12-13T06:37:42.126+0000][151028][gc          ] GC(763) Concurrent Mark Cycle
[2022-12-13T06:37:42.126+0000][151028][gc,marking  ] GC(763) Concurrent Clear Claimed Marks
[2022-12-13T06:37:42.126+0000][151028][safepoint   ] Safepoint "G1TryInitiateConcMark", Time since last: 84436100 ns, Reaching safepoint: 251400 ns, At safepoint: 7719100 ns, Total: 7970500 ns
[2022-12-13T06:37:42.126+0000][151028][gc,marking  ] GC(763) Concurrent Clear Claimed Marks 0.417ms
[2022-12-13T06:37:42.126+0000][151028][gc,marking  ] GC(763) Concurrent Scan Root Regions
[2022-12-13T06:37:42.131+0000][151028][gc,marking  ] GC(763) Concurrent Scan Root Regions 4.864ms
[2022-12-13T06:37:42.131+0000][151028][gc,marking  ] GC(763) Concurrent Mark
[2022-12-13T06:37:42.131+0000][151028][gc,marking  ] GC(763) Concurrent Mark From Roots
[2022-12-13T06:37:42.131+0000][151028][gc,task     ] GC(763) Using 3 workers of 3 for marking
[2022-12-13T06:37:42.479+0000][151028][gc,marking  ] GC(763) Concurrent Mark From Roots 348.009ms
[2022-12-13T06:37:42.479+0000][151028][gc,marking  ] GC(763) Concurrent Preclean
[2022-12-13T06:37:42.480+0000][151028][gc,marking  ] GC(763) Concurrent Preclean 0.856ms
[2022-12-13T06:37:42.481+0000][151028][gc,start    ] GC(763) Pause Remark
[2022-12-13T06:37:42.500+0000][151028][gc          ] GC(763) Pause Remark 1116M->1096M(7992M) 19.207ms
[2022-12-13T06:37:42.500+0000][151028][gc,cpu      ] GC(763) User=0.11s Sys=0.00s Real=0.02s
[2022-12-13T06:37:42.500+0000][151028][safepoint   ] Safepoint "G1PauseRemark", Time since last: 354412000 ns, Reaching safepoint: 192100 ns, At safepoint: 19442400 ns, Total: 19634500 ns
[2022-12-13T06:37:42.500+0000][151028][gc,marking  ] GC(763) Concurrent Mark 368.781ms
[2022-12-13T06:37:42.500+0000][151028][gc,marking  ] GC(763) Concurrent Rebuild Remembered Sets
[2022-12-13T06:37:42.647+0000][151028][gc,marking  ] GC(763) Concurrent Rebuild Remembered Sets 147.148ms
[2022-12-13T06:37:42.660+0000][151028][gc,start    ] GC(763) Pause Cleanup
[2022-12-13T06:37:42.660+0000][151028][gc          ] GC(763) Pause Cleanup 1558M->1558M(7992M) 0.582ms
[2022-12-13T06:37:42.660+0000][151028][gc,cpu      ] GC(763) User=0.01s Sys=0.00s Real=0.00s
[2022-12-13T06:37:42.660+0000][151028][safepoint   ] Safepoint "G1PauseCleanup", Time since last: 147497400 ns, Reaching safepoint: 12151500 ns, At safepoint: 822200 ns, Total: 12973700 ns
[2022-12-13T06:37:42.660+0000][151028][gc,marking  ] GC(763) Concurrent Cleanup for Next Mark
[2022-12-13T06:37:42.691+0000][151028][gc,marking  ] GC(763) Concurrent Cleanup for Next Mark 30.167ms
[2022-12-13T06:37:42.691+0000][151028][gc          ] GC(763) Concurrent Mark Cycle 564.965ms
[2022-12-13T06:37:44.683+0000][151028][safepoint   ] Safepoint "Cleanup", Time since last: 2000269600 ns, Reaching safepoint: 21908500 ns, At safepoint: 116400 ns, Total: 22024900 ns
[2022-12-13T06:37:46.683+0000][151028][safepoint   ] Safepoint "Cleanup", Time since last: 2000257600 ns, Reaching safepoint: 210900 ns, At safepoint: 39900 ns, Total: 250800 ns
[2022-12-13T06:37:47.109+0000][151028][safepoint   ] Safepoint "G1CollectForAllocation", Time since last: 408402300 ns, Reaching safepoint: 17358500 ns, At safepoint: 98300 ns, Total: 17456800 ns
[2022-12-13T06:37:47.110+0000][151028][gc,start    ] GC(764) Pause Young (Prepare Mixed) (GCLocker Initiated GC)
[2022-12-13T06:37:47.110+0000][151028][gc,task     ] GC(764) Using 10 workers of 10 for evacuation
[2022-12-13T06:37:47.110+0000][151028][gc,age      ] GC(764) Desired survivor size 314572800 bytes, new threshold 15 (max threshold 15)
[2022-12-13T06:37:47.174+0000][151028][gc,phases   ] GC(764)   Pre Evacuate Collection Set: 0.6ms
[2022-12-13T06:37:47.175+0000][151028][gc,phases   ] GC(764)   Merge Heap Roots: 0.3ms
[2022-12-13T06:37:47.175+0000][151028][gc,phases   ] GC(764)   Evacuate Collection Set: 13.3ms
[2022-12-13T06:37:47.175+0000][151028][gc,phases   ] GC(764)   Post Evacuate Collection Set: 50.4ms
[2022-12-13T06:37:47.175+0000][151028][gc,phases   ] GC(764)   Other: 0.2ms
[2022-12-13T06:37:47.175+0000][151028][gc,age      ] GC(764) Age table with threshold 15 (max threshold 15)
[2022-12-13T06:37:47.175+0000][151028][gc,age      ] GC(764) - age   1:  142958936 bytes,  142958936 total
[2022-12-13T06:37:47.175+0000][151028][gc,age      ] GC(764) - age   2:       6552 bytes,  142965488 total
[2022-12-13T06:37:47.175+0000][151028][gc,age      ] GC(764) - age   3:     352952 bytes,  143318440 total
[2022-12-13T06:37:47.175+0000][151028][gc,heap     ] GC(764) Eden regions: 806->0(64)
[2022-12-13T06:37:47.175+0000][151028][gc,heap     ] GC(764) Survivor regions: 2->35(77)
[2022-12-13T06:37:47.175+0000][151028][gc,heap     ] GC(764) Old regions: 122->122
[2022-12-13T06:37:47.175+0000][151028][gc,heap     ] GC(764) Archive regions: 2->2
[2022-12-13T06:37:47.175+0000][151028][gc,heap     ] GC(764) Humongous regions: 989->60
[2022-12-13T06:37:47.175+0000][151028][gc,metaspace] GC(764) Metaspace: 179388K(184000K)->179388K(184000K) NonClass: 157492K(160064K)->157492K(160064K) Class: 21896K(23936K)->21896K(23936K)
[2022-12-13T06:37:47.175+0000][151028][gc          ] GC(764) Pause Young (Prepare Mixed) (GCLocker Initiated GC) 7675M->869M(7992M) 65.179ms
[2022-12-13T06:37:47.175+0000][151028][gc,cpu      ] GC(764) User=0.57s Sys=0.01s Real=0.07s
[2022-12-13T06:37:47.175+0000][151028][safepoint   ] Safepoint "G1CollectForAllocation", Time since last: 218100 ns, Reaching safepoint: 274200 ns, At safepoint: 65402000 ns, Total: 65676200 ns
[2022-12-13T06:37:47.391+0000][151028][gc,start    ] GC(765) Pause Young (Mixed) (G1 Evacuation Pause)
[2022-12-13T06:37:47.391+0000][151028][gc,task     ] GC(765) Using 10 workers of 10 for evacuation
[2022-12-13T06:37:47.391+0000][151028][gc,age      ] GC(765) Desired survivor size 27262976 bytes, new threshold 1 (max threshold 15)
[2022-12-13T06:37:47.411+0000][151028][gc,phases   ] GC(765)   Pre Evacuate Collection Set: 0.3ms
[2022-12-13T06:37:47.411+0000][151028][gc,phases   ] GC(765)   Merge Heap Roots: 0.3ms
[2022-12-13T06:37:47.411+0000][151028][gc,phases   ] GC(765)   Evacuate Collection Set: 15.8ms
[2022-12-13T06:37:47.411+0000][151028][gc,phases   ] GC(765)   Post Evacuate Collection Set: 3.1ms
[2022-12-13T06:37:47.411+0000][151028][gc,phases   ] GC(765)   Other: 0.2ms
[2022-12-13T06:37:47.411+0000][151028][gc,age      ] GC(765) Age table with threshold 1 (max threshold 15)
[2022-12-13T06:37:47.411+0000][151028][gc,age      ] GC(765) - age   1:   33743800 bytes,   33743800 total
[2022-12-13T06:37:47.411+0000][151028][gc,heap     ] GC(765) Eden regions: 64->0(1188)
[2022-12-13T06:37:47.411+0000][151028][gc,heap     ] GC(765) Survivor regions: 35->10(13)
[2022-12-13T06:37:47.411+0000][151028][gc,heap     ] GC(765) Old regions: 122->120
[2022-12-13T06:37:47.411+0000][151028][gc,heap     ] GC(765) Archive regions: 2->2
[2022-12-13T06:37:47.411+0000][151028][gc,heap     ] GC(765) Humongous regions: 206->34
[2022-12-13T06:37:47.411+0000][151028][gc,metaspace] GC(765) Metaspace: 179388K(184000K)->179388K(184000K) NonClass: 157492K(160064K)->157492K(160064K) Class: 21896K(23936K)->21896K(23936K)
[2022-12-13T06:37:47.411+0000][151028][gc          ] GC(765) Pause Young (Mixed) (G1 Evacuation Pause) 1709M->657M(7992M) 20.008ms
[2022-12-13T06:37:47.411+0000][151028][gc,cpu      ] GC(765) User=0.17s Sys=0.00s Real=0.02s
[2022-12-13T06:37:47.411+0000][151028][safepoint   ] Safepoint "G1CollectForAllocation", Time since last: 215641000 ns, Reaching safepoint: 315900 ns, At safepoint: 20231900 ns, Total: 20547800 ns
[2022-12-13T06:37:47.626+0000][151028][gc,start    ] GC(766) Pause Young (Concurrent Start) (G1 Humongous Allocation)
[2022-12-13T06:37:47.626+0000][151028][gc,task     ] GC(766) Using 10 workers of 10 for evacuation
[2022-12-13T06:37:47.626+0000][151028][gc,age      ] GC(766) Desired survivor size 314572800 bytes, new threshold 15 (max threshold 15)
[2022-12-13T06:37:47.641+0000][151028][gc,phases   ] GC(766)   Pre Evacuate Collection Set: 0.8ms
[2022-12-13T06:37:47.641+0000][151028][gc,phases   ] GC(766)   Merge Heap Roots: 0.2ms
[2022-12-13T06:37:47.641+0000][151028][gc,phases   ] GC(766)   Evacuate Collection Set: 6.4ms
[2022-12-13T06:37:47.641+0000][151028][gc,phases   ] GC(766)   Post Evacuate Collection Set: 7.5ms
[2022-12-13T06:37:47.641+0000][151028][gc,phases   ] GC(766)   Other: 0.2ms
[2022-12-13T06:37:47.641+0000][151028][gc,age      ] GC(766) Age table with threshold 15 (max threshold 15)
[2022-12-13T06:37:47.641+0000][151028][gc,age      ] GC(766) - age   1:   11338936 bytes,   11338936 total
[2022-12-13T06:37:47.641+0000][151028][gc,age      ] GC(766) - age   2:   18162640 bytes,   29501576 total
[2022-12-13T06:37:47.641+0000][151028][gc,heap     ] GC(766) Eden regions: 66->0(1189)
[2022-12-13T06:37:47.641+0000][151028][gc,heap     ] GC(766) Survivor regions: 10->9(150)
[2022-12-13T06:37:47.641+0000][151028][gc,heap     ] GC(766) Old regions: 120->120
[2022-12-13T06:37:47.642+0000][151028][gc,heap     ] GC(766) Archive regions: 2->2
[2022-12-13T06:37:47.642+0000][151028][gc,heap     ] GC(766) Humongous regions: 34->29
[2022-12-13T06:37:47.642+0000][151028][gc,metaspace] GC(766) Metaspace: 179388K(184000K)->179388K(184000K) NonClass: 157492K(160064K)->157492K(160064K) Class: 21896K(23936K)->21896K(23936K)
[2022-12-13T06:37:47.642+0000][151028][gc          ] GC(766) Pause Young (Concurrent Start) (G1 Humongous Allocation) 917M->634M(7992M) 15.374ms
[2022-12-13T06:37:47.642+0000][151028][gc          ] GC(767) Concurrent Mark Cycle
[2022-12-13T06:37:47.642+0000][151028][gc,cpu      ] GC(766) User=0.10s Sys=0.01s Real=0.02s
[2022-12-13T06:37:47.642+0000][151028][gc,marking  ] GC(767) Concurrent Clear Claimed Marks
[2022-12-13T06:37:47.642+0000][151028][safepoint   ] Safepoint "G1TryInitiateConcMark", Time since last: 214719400 ns, Reaching safepoint: 298100 ns, At safepoint: 15665200 ns, Total: 15963300 ns
[2022-12-13T06:37:47.642+0000][151028][gc,marking  ] GC(767) Concurrent Clear Claimed Marks 0.614ms
[2022-12-13T06:37:47.642+0000][151028][gc,marking  ] GC(767) Concurrent Scan Root Regions
[2022-12-13T06:37:47.647+0000][151028][gc,marking  ] GC(767) Concurrent Scan Root Regions 4.781ms
[2022-12-13T06:37:47.647+0000][151028][gc,marking  ] GC(767) Concurrent Mark
[2022-12-13T06:37:47.647+0000][151028][gc,marking  ] GC(767) Concurrent Mark From Roots
[2022-12-13T06:37:47.647+0000][151028][gc,task     ] GC(767) Using 3 workers of 3 for marking
[2022-12-13T06:37:47.906+0000][151028][gc,marking  ] GC(767) Concurrent Mark From Roots 258.763ms
[2022-12-13T06:37:47.906+0000][151028][gc,marking  ] GC(767) Concurrent Preclean
[2022-12-13T06:37:47.907+0000][151028][gc,marking  ] GC(767) Concurrent Preclean 0.632ms
[2022-12-13T06:37:47.907+0000][151028][gc,start    ] GC(767) Pause Remark
[2022-12-13T06:37:47.922+0000][151028][gc          ] GC(767) Pause Remark 1056M->996M(7992M) 14.934ms
[2022-12-13T06:37:47.922+0000][151028][gc,cpu      ] GC(767) User=0.10s Sys=0.01s Real=0.02s
[2022-12-13T06:37:47.922+0000][151028][safepoint   ] Safepoint "G1PauseRemark", Time since last: 265078400 ns, Reaching safepoint: 195900 ns, At safepoint: 15096000 ns, Total: 15291900 ns
[2022-12-13T06:37:47.922+0000][151028][gc,marking  ] GC(767) Concurrent Mark 274.951ms
[2022-12-13T06:37:47.922+0000][151028][gc,marking  ] GC(767) Concurrent Rebuild Remembered Sets
[2022-12-13T06:37:48.092+0000][151028][gc,marking  ] GC(767) Concurrent Rebuild Remembered Sets 169.532ms
[2022-12-13T06:37:48.092+0000][151028][gc,start    ] GC(767) Pause Cleanup
[2022-12-13T06:37:48.093+0000][151028][gc          ] GC(767) Pause Cleanup 1013M->1013M(7992M) 0.500ms
[2022-12-13T06:37:48.093+0000][151028][gc,cpu      ] GC(767) User=0.00s Sys=0.00s Real=0.00s
[2022-12-13T06:37:48.093+0000][151028][safepoint   ] Safepoint "G1PauseCleanup", Time since last: 169757000 ns, Reaching safepoint: 274500 ns, At safepoint: 601500 ns, Total: 876000 ns
[2022-12-13T06:37:48.093+0000][151028][gc,marking  ] GC(767) Concurrent Cleanup for Next Mark
[2022-12-13T06:37:48.120+0000][151028][gc,marking  ] GC(767) Concurrent Cleanup for Next Mark 27.490ms
[2022-12-13T06:37:48.121+0000][151028][gc          ] GC(767) Concurrent Mark Cycle 478.889ms
[2022-12-13T06:37:49.113+0000][151028][safepoint   ] Safepoint "Cleanup", Time since last: 1000197800 ns, Reaching safepoint: 19674300 ns, At safepoint: 73200 ns, Total: 19747500 ns
[2022-12-13T06:37:50.114+0000][151028][safepoint   ] Safepoint "Cleanup", Time since last: 1000178800 ns, Reaching safepoint: 590100 ns, At safepoint: 61700 ns, Total: 651800 ns
[2022-12-13T06:37:51.114+0000][151028][safepoint   ] Safepoint "Cleanup", Time since last: 1000162600 ns, Reaching safepoint: 311100 ns, At safepoint: 23200 ns, Total: 334300 ns
[2022-12-13T06:37:52.579+0000][151028][gc,start    ] GC(768) Pause Young (Prepare Mixed) (G1 Preventive Collection)
[2022-12-13T06:37:52.579+0000][151028][gc,task     ] GC(768) Using 10 workers of 10 for evacuation
[2022-12-13T06:37:52.579+0000][151028][gc,age      ] GC(768) Desired survivor size 314572800 bytes, new threshold 15 (max threshold 15)
[2022-12-13T06:37:52.620+0000][151028][gc,phases   ] GC(768)   Pre Evacuate Collection Set: 0.4ms
[2022-12-13T06:37:52.621+0000][151028][gc,phases   ] GC(768)   Merge Heap Roots: 0.3ms
[2022-12-13T06:37:52.621+0000][151028][gc,phases   ] GC(768)   Evacuate Collection Set: 3.6ms
[2022-12-13T06:37:52.621+0000][151028][gc,phases   ] GC(768)   Post Evacuate Collection Set: 36.6ms
[2022-12-13T06:37:52.621+0000][151028][gc,phases   ] GC(768)   Other: 0.2ms
[2022-12-13T06:37:52.621+0000][151028][gc,age      ] GC(768) Age table with threshold 15 (max threshold 15)
[2022-12-13T06:37:52.621+0000][151028][gc,age      ] GC(768) - age   1:  108834368 bytes,  108834368 total
[2022-12-13T06:37:52.621+0000][151028][gc,age      ] GC(768) - age   2:     332072 bytes,  109166440 total
[2022-12-13T06:37:52.621+0000][151028][gc,age      ] GC(768) - age   3:    4317984 bytes,  113484424 total
[2022-12-13T06:37:52.621+0000][151028][gc,heap     ] GC(768) Eden regions: 519->0(70)
[2022-12-13T06:37:52.621+0000][151028][gc,heap     ] GC(768) Survivor regions: 9->29(46)
[2022-12-13T06:37:52.621+0000][151028][gc,heap     ] GC(768) Old regions: 119->119
[2022-12-13T06:37:52.621+0000][151028][gc,heap     ] GC(768) Archive regions: 2->2
[2022-12-13T06:37:52.621+0000][151028][gc,heap     ] GC(768) Humongous regions: 1303->13
[2022-12-13T06:37:52.621+0000][151028][gc,metaspace] GC(768) Metaspace: 179390K(184000K)->179390K(184000K) NonClass: 157494K(160064K)->157494K(160064K) Class: 21896K(23936K)->21896K(23936K)
[2022-12-13T06:37:52.621+0000][151028][gc          ] GC(768) Pause Young (Prepare Mixed) (G1 Preventive Collection) 7802M->644M(7992M) 41.489ms
[2022-12-13T06:37:52.621+0000][151028][gc,cpu      ] GC(768) User=0.33s Sys=0.01s Real=0.04s
[2022-12-13T06:37:52.621+0000][151028][safepoint   ] Safepoint "G1CollectForAllocation", Time since last: 1464977100 ns, Reaching safepoint: 188600 ns, At safepoint: 41731500 ns, Total: 41920100 ns
[2022-12-13T06:37:53.811+0000][151028][gc,start    ] GC(769) Pause Young (Mixed) (G1 Evacuation Pause)
[2022-12-13T06:37:53.811+0000][151028][gc,task     ] GC(769) Using 10 workers of 10 for evacuation
[2022-12-13T06:37:53.811+0000][151028][gc,age      ] GC(769) Desired survivor size 27262976 bytes, new threshold 1 (max threshold 15)
[2022-12-13T06:37:53.829+0000][151028][gc,phases   ] GC(769)   Pre Evacuate Collection Set: 0.4ms
[2022-12-13T06:37:53.829+0000][151028][gc,phases   ] GC(769)   Merge Heap Roots: 0.3ms
[2022-12-13T06:37:53.829+0000][151028][gc,phases   ] GC(769)   Evacuate Collection Set: 11.4ms
[2022-12-13T06:37:53.829+0000][151028][gc,phases   ] GC(769)   Post Evacuate Collection Set: 5.7ms
[2022-12-13T06:37:53.829+0000][151028][gc,phases   ] GC(769)   Other: 0.1ms
[2022-12-13T06:37:53.829+0000][151028][gc,age      ] GC(769) Age table with threshold 1 (max threshold 15)
[2022-12-13T06:37:53.829+0000][151028][gc,age      ] GC(769) - age   1:   30198208 bytes,   30198208 total
[2022-12-13T06:37:53.829+0000][151028][gc,heap     ] GC(769) Eden regions: 70->0(1189)
[2022-12-13T06:37:53.829+0000][151028][gc,heap     ] GC(769) Survivor regions: 29->9(13)
[2022-12-13T06:37:53.829+0000][151028][gc,heap     ] GC(769) Old regions: 119->116
[2022-12-13T06:37:53.829+0000][151028][gc,heap     ] GC(769) Archive regions: 2->2
[2022-12-13T06:37:53.829+0000][151028][gc,heap     ] GC(769) Humongous regions: 268->18
[2022-12-13T06:37:53.829+0000][151028][gc,metaspace] GC(769) Metaspace: 179390K(184000K)->179390K(184000K) NonClass: 157494K(160064K)->157494K(160064K) Class: 21896K(23936K)->21896K(23936K)
[2022-12-13T06:37:53.829+0000][151028][gc          ] GC(769) Pause Young (Mixed) (G1 Evacuation Pause) 1944M->573M(7992M) 18.130ms
[2022-12-13T06:37:53.829+0000][151028][gc,cpu      ] GC(769) User=0.14s Sys=0.00s Real=0.01s
[2022-12-13T06:37:53.829+0000][151028][safepoint   ] Safepoint "G1CollectForAllocation", Time since last: 1189602700 ns, Reaching safepoint: 225400 ns, At safepoint: 18335000 ns, Total: 18560400 ns
[2022-12-13T06:37:53.889+0000][151028][gc,start    ] GC(770) Pause Young (Concurrent Start) (G1 Humongous Allocation)
[2022-12-13T06:37:53.889+0000][151028][gc,task     ] GC(770) Using 10 workers of 10 for evacuation
[2022-12-13T06:37:53.889+0000][151028][gc,age      ] GC(770) Desired survivor size 314572800 bytes, new threshold 15 (max threshold 15)
[2022-12-13T06:37:53.898+0000][151028][gc,phases   ] GC(770)   Pre Evacuate Collection Set: 0.8ms
[2022-12-13T06:37:53.898+0000][151028][gc,phases   ] GC(770)   Merge Heap Roots: 0.2ms
[2022-12-13T06:37:53.898+0000][151028][gc,phases   ] GC(770)   Evacuate Collection Set: 2.8ms
[2022-12-13T06:37:53.898+0000][151028][gc,phases   ] GC(770)   Post Evacuate Collection Set: 4.6ms
[2022-12-13T06:37:53.898+0000][151028][gc,phases   ] GC(770)   Other: 0.1ms
[2022-12-13T06:37:53.898+0000][151028][gc,age      ] GC(770) Age table with threshold 15 (max threshold 15)
[2022-12-13T06:37:53.898+0000][151028][gc,age      ] GC(770) - age   1:    6572808 bytes,    6572808 total
[2022-12-13T06:37:53.898+0000][151028][gc,age      ] GC(770) - age   2:    9091912 bytes,   15664720 total
[2022-12-13T06:37:53.898+0000][151028][gc,heap     ] GC(770) Eden regions: 10->0(1193)
[2022-12-13T06:37:53.898+0000][151028][gc,heap     ] GC(770) Survivor regions: 9->5(150)
[2022-12-13T06:37:53.898+0000][151028][gc,heap     ] GC(770) Old regions: 116->116
[2022-12-13T06:37:53.898+0000][151028][gc,heap     ] GC(770) Archive regions: 2->2
[2022-12-13T06:37:53.898+0000][151028][gc,heap     ] GC(770) Humongous regions: 20->12
[2022-12-13T06:37:53.898+0000][151028][gc,metaspace] GC(770) Metaspace: 179390K(184000K)->179390K(184000K) NonClass: 157494K(160064K)->157494K(160064K) Class: 21896K(23936K)->21896K(23936K)
[2022-12-13T06:37:53.898+0000][151028][gc          ] GC(770) Pause Young (Concurrent Start) (G1 Humongous Allocation) 618M->532M(7992M) 8.861ms
[2022-12-13T06:37:53.898+0000][151028][gc,cpu      ] GC(770) User=0.05s Sys=0.00s Real=0.02s
[2022-12-13T06:37:53.898+0000][151028][gc          ] GC(771) Concurrent Undo Cycle
[2022-12-13T06:37:53.898+0000][151028][gc,marking  ] GC(771) Concurrent Cleanup for Next Mark
[2022-12-13T06:37:53.898+0000][151028][safepoint   ] Safepoint "G1TryInitiateConcMark", Time since last: 59721800 ns, Reaching safepoint: 256600 ns, At safepoint: 9083200 ns, Total: 9339800 ns
[2022-12-13T06:37:53.899+0000][151028][gc,marking  ] GC(771) Concurrent Cleanup for Next Mark 0.622ms
[2022-12-13T06:37:53.899+0000][151028][gc          ] GC(771) Concurrent Undo Cycle 0.802ms
[2022-12-13T06:37:53.929+0000][151028][gc,start    ] GC(772) Pause Young (Concurrent Start) (G1 Humongous Allocation)
[2022-12-13T06:37:53.930+0000][151028][gc,task     ] GC(772) Using 10 workers of 10 for evacuation
[2022-12-13T06:37:53.930+0000][151028][gc,age      ] GC(772) Desired survivor size 314572800 bytes, new threshold 15 (max threshold 15)
[2022-12-13T06:37:53.937+0000][151028][gc,phases   ] GC(772)   Pre Evacuate Collection Set: 0.8ms
[2022-12-13T06:37:53.937+0000][151028][gc,phases   ] GC(772)   Merge Heap Roots: 0.2ms
[2022-12-13T06:37:53.937+0000][151028][gc,phases   ] GC(772)   Evacuate Collection Set: 5.1ms
[2022-12-13T06:37:53.937+0000][151028][gc,phases   ] GC(772)   Post Evacuate Collection Set: 1.0ms
[2022-12-13T06:37:53.937+0000][151028][gc,phases   ] GC(772)   Other: 0.1ms
[2022-12-13T06:37:53.937+0000][151028][gc,age      ] GC(772) Age table with threshold 15 (max threshold 15)
[2022-12-13T06:37:53.937+0000][151028][gc,age      ] GC(772) - age   1:   10571216 bytes,   10571216 total
[2022-12-13T06:37:53.937+0000][151028][gc,age      ] GC(772) - age   2:    3785024 bytes,   14356240 total
[2022-12-13T06:37:53.937+0000][151028][gc,age      ] GC(772) - age   3:     362920 bytes,   14719160 total
[2022-12-13T06:37:53.937+0000][151028][gc,heap     ] GC(772) Eden regions: 4->0(725)
[2022-12-13T06:37:53.937+0000][151028][gc,heap     ] GC(772) Survivor regions: 5->4(150)
[2022-12-13T06:37:53.937+0000][151028][gc,heap     ] GC(772) Old regions: 116->116
[2022-12-13T06:37:53.937+0000][151028][gc,heap     ] GC(772) Archive regions: 2->2
[2022-12-13T06:37:53.937+0000][151028][gc,heap     ] GC(772) Humongous regions: 45->45
[2022-12-13T06:37:53.937+0000][151028][gc,metaspace] GC(772) Metaspace: 179390K(184000K)->179390K(184000K) NonClass: 157494K(160064K)->157494K(160064K) Class: 21896K(23936K)->21896K(23936K)
[2022-12-13T06:37:53.937+0000][151028][gc          ] GC(772) Pause Young (Concurrent Start) (G1 Humongous Allocation) 679M->662M(7992M) 7.563ms
[2022-12-13T06:37:53.937+0000][151028][gc          ] GC(773) Concurrent Mark Cycle
[2022-12-13T06:37:53.937+0000][151028][gc,marking  ] GC(773) Concurrent Clear Claimed Marks
[2022-12-13T06:37:53.937+0000][151028][gc,cpu      ] GC(772) User=0.05s Sys=0.01s Real=0.01s
[2022-12-13T06:37:53.937+0000][151028][safepoint   ] Safepoint "G1TryInitiateConcMark", Time since last: 13504100 ns, Reaching safepoint: 17691100 ns, At safepoint: 7867900 ns, Total: 25559000 ns
[2022-12-13T06:37:53.937+0000][151028][gc,marking  ] GC(773) Concurrent Clear Claimed Marks 0.352ms
[2022-12-13T06:37:53.938+0000][151028][gc,marking  ] GC(773) Concurrent Scan Root Regions
[2022-12-13T06:37:53.942+0000][151028][gc,marking  ] GC(773) Concurrent Scan Root Regions 4.144ms
[2022-12-13T06:37:53.942+0000][151028][gc,marking  ] GC(773) Concurrent Mark
[2022-12-13T06:37:53.942+0000][151028][gc,marking  ] GC(773) Concurrent Mark From Roots
[2022-12-13T06:37:53.942+0000][151028][gc,task     ] GC(773) Using 3 workers of 3 for marking
[2022-12-13T06:37:54.281+0000][151028][gc,marking  ] GC(773) Concurrent Mark From Roots 339.087ms
[2022-12-13T06:37:54.281+0000][151028][gc,marking  ] GC(773) Concurrent Preclean
[2022-12-13T06:37:54.281+0000][151028][gc,marking  ] GC(773) Concurrent Preclean 0.545ms
[2022-12-13T06:37:54.282+0000][151028][gc,start    ] GC(773) Pause Remark
[2022-12-13T06:37:54.296+0000][151028][gc          ] GC(773) Pause Remark 1166M->1134M(7992M) 13.875ms
[2022-12-13T06:37:54.296+0000][151028][gc,cpu      ] GC(773) User=0.12s Sys=0.01s Real=0.01s
[2022-12-13T06:37:54.296+0000][151028][safepoint   ] Safepoint "G1PauseRemark", Time since last: 344289900 ns, Reaching safepoint: 195900 ns, At safepoint: 14091200 ns, Total: 14287100 ns
[2022-12-13T06:37:54.296+0000][151028][gc,marking  ] GC(773) Concurrent Mark 354.158ms
[2022-12-13T06:37:54.296+0000][151028][gc,marking  ] GC(773) Concurrent Rebuild Remembered Sets
[2022-12-13T06:37:54.456+0000][151028][gc,marking  ] GC(773) Concurrent Rebuild Remembered Sets 160.127ms
[2022-12-13T06:37:54.456+0000][151028][gc,start    ] GC(773) Pause Cleanup
[2022-12-13T06:37:54.457+0000][151028][gc          ] GC(773) Pause Cleanup 1202M->1202M(7992M) 0.513ms
[2022-12-13T06:37:54.457+0000][151028][gc,cpu      ] GC(773) User=0.00s Sys=0.00s Real=0.00s
[2022-12-13T06:37:54.457+0000][151028][safepoint   ] Safepoint "G1PauseCleanup", Time since last: 160355000 ns, Reaching safepoint: 202800 ns, At safepoint: 635200 ns, Total: 838000 ns
[2022-12-13T06:37:54.457+0000][151028][gc,marking  ] GC(773) Concurrent Cleanup for Next Mark
[2022-12-13T06:37:54.481+0000][151028][gc,marking  ] GC(773) Concurrent Cleanup for Next Mark 24.194ms
[2022-12-13T06:37:54.481+0000][151028][gc          ] GC(773) Concurrent Mark Cycle 544.291ms
[2022-12-13T06:37:57.458+0000][151028][safepoint   ] Safepoint "Cleanup", Time since last: 3000326000 ns, Reaching safepoint: 212200 ns, At safepoint: 27500 ns, Total: 239700 ns
[2022-12-13T06:38:01.459+0000][151028][safepoint   ] Safepoint "Cleanup", Time since last: 4000514700 ns, Reaching safepoint: 321100 ns, At safepoint: 68200 ns, Total: 389300 ns
[2022-12-13T06:38:03.459+0000][151028][safepoint   ] Safepoint "Cleanup", Time since last: 2000272500 ns, Reaching safepoint: 198700 ns, At safepoint: 11600 ns, Total: 210300 ns
[2022-12-13T06:38:05.116+0000][151028][gc,start    ] GC(774) Pause Young (Prepare Mixed) (G1 Evacuation Pause)
[2022-12-13T06:38:05.116+0000][151028][gc,task     ] GC(774) Using 10 workers of 10 for evacuation
[2022-12-13T06:38:05.116+0000][151028][gc,age      ] GC(774) Desired survivor size 192937984 bytes, new threshold 15 (max threshold 15)
[2022-12-13T06:38:05.163+0000][151028][gc,phases   ] GC(774)   Pre Evacuate Collection Set: 0.4ms
[2022-12-13T06:38:05.163+0000][151028][gc,phases   ] GC(774)   Merge Heap Roots: 0.3ms
[2022-12-13T06:38:05.163+0000][151028][gc,phases   ] GC(774)   Evacuate Collection Set: 7.7ms
[2022-12-13T06:38:05.163+0000][151028][gc,phases   ] GC(774)   Post Evacuate Collection Set: 38.0ms
[2022-12-13T06:38:05.163+0000][151028][gc,phases   ] GC(774)   Other: 0.2ms
[2022-12-13T06:38:05.163+0000][151028][gc,age      ] GC(774) Age table with threshold 15 (max threshold 15)
[2022-12-13T06:38:05.163+0000][151028][gc,age      ] GC(774) - age   1:  125021328 bytes,  125021328 total
[2022-12-13T06:38:05.163+0000][151028][gc,age      ] GC(774) - age   3:       1472 bytes,  125022800 total
[2022-12-13T06:38:05.163+0000][151028][gc,age      ] GC(774) - age   4:       8768 bytes,  125031568 total
[2022-12-13T06:38:05.163+0000][151028][gc,heap     ] GC(774) Eden regions: 725->0(67)
[2022-12-13T06:38:05.163+0000][151028][gc,heap     ] GC(774) Survivor regions: 4->32(92)
[2022-12-13T06:38:05.163+0000][151028][gc,heap     ] GC(774) Old regions: 116->116
[2022-12-13T06:38:05.163+0000][151028][gc,heap     ] GC(774) Archive regions: 2->2
[2022-12-13T06:38:05.163+0000][151028][gc,heap     ] GC(774) Humongous regions: 719->2
[2022-12-13T06:38:05.163+0000][151028][gc,metaspace] GC(774) Metaspace: 179401K(184000K)->179401K(184000K) NonClass: 157505K(160064K)->157505K(160064K) Class: 21896K(23936K)->21896K(23936K)
[2022-12-13T06:38:05.163+0000][151028][gc          ] GC(774) Pause Young (Prepare Mixed) (G1 Evacuation Pause) 6258M->600M(7992M) 46.899ms
[2022-12-13T06:38:05.163+0000][151028][gc,cpu      ] GC(774) User=0.40s Sys=0.01s Real=0.05s
[2022-12-13T06:38:05.163+0000][151028][safepoint   ] Safepoint "G1CollectForAllocation", Time since last: 1656940400 ns, Reaching safepoint: 282900 ns, At safepoint: 47095500 ns, Total: 47378400 ns
[2022-12-13T06:38:06.049+0000][151028][gc,start    ] GC(775) Pause Young (Mixed) (G1 Evacuation Pause)
[2022-12-13T06:38:06.049+0000][151028][gc,task     ] GC(775) Using 10 workers of 10 for evacuation
[2022-12-13T06:38:06.049+0000][151028][gc,age      ] GC(775) Desired survivor size 27262976 bytes, new threshold 1 (max threshold 15)
[2022-12-13T06:38:06.068+0000][151028][gc,phases   ] GC(775)   Pre Evacuate Collection Set: 1.0ms
[2022-12-13T06:38:06.068+0000][151028][gc,phases   ] GC(775)   Merge Heap Roots: 0.8ms
[2022-12-13T06:38:06.068+0000][151028][gc,phases   ] GC(775)   Evacuate Collection Set: 11.7ms
[2022-12-13T06:38:06.068+0000][151028][gc,phases   ] GC(775)   Post Evacuate Collection Set: 5.2ms
[2022-12-13T06:38:06.068+0000][151028][gc,phases   ] GC(775)   Other: 0.2ms
[2022-12-13T06:38:06.068+0000][151028][gc,age      ] GC(775) Age table with threshold 1 (max threshold 15)
[2022-12-13T06:38:06.068+0000][151028][gc,age      ] GC(775) - age   1:   16220952 bytes,   16220952 total
[2022-12-13T06:38:06.068+0000][151028][gc,heap     ] GC(775) Eden regions: 67->0(801)
[2022-12-13T06:38:06.068+0000][151028][gc,heap     ] GC(775) Survivor regions: 32->6(13)
[2022-12-13T06:38:06.068+0000][151028][gc,heap     ] GC(775) Old regions: 116->113
[2022-12-13T06:38:06.068+0000][151028][gc,heap     ] GC(775) Archive regions: 2->2
[2022-12-13T06:38:06.068+0000][151028][gc,heap     ] GC(775) Humongous regions: 68->2
[2022-12-13T06:38:06.068+0000][151028][gc,metaspace] GC(775) Metaspace: 179403K(184000K)->179403K(184000K) NonClass: 157506K(160064K)->157506K(160064K) Class: 21896K(23936K)->21896K(23936K)
[2022-12-13T06:38:06.069+0000][151028][gc          ] GC(775) Pause Young (Mixed) (G1 Evacuation Pause) 1132M->481M(7992M) 19.225ms
[2022-12-13T06:38:06.069+0000][151028][gc,cpu      ] GC(775) User=0.11s Sys=0.01s Real=0.02s
[2022-12-13T06:38:06.069+0000][151028][safepoint   ] Safepoint "G1CollectForAllocation", Time since last: 885619100 ns, Reaching safepoint: 326400 ns, At safepoint: 19418100 ns, Total: 19744500 ns
[2022-12-13T06:38:06.485+0000][151028][gc,start    ] GC(776) Pause Young (Concurrent Start) (G1 Humongous Allocation)
[2022-12-13T06:38:06.485+0000][151028][gc,task     ] GC(776) Using 10 workers of 10 for evacuation
[2022-12-13T06:38:06.485+0000][151028][gc,age      ] GC(776) Desired survivor size 211812352 bytes, new threshold 15 (max threshold 15)
[2022-12-13T06:38:06.499+0000][151028][gc,phases   ] GC(776)   Pre Evacuate Collection Set: 0.8ms
[2022-12-13T06:38:06.499+0000][151028][gc,phases   ] GC(776)   Merge Heap Roots: 0.3ms
[2022-12-13T06:38:06.499+0000][151028][gc,phases   ] GC(776)   Evacuate Collection Set: 5.2ms
[2022-12-13T06:38:06.499+0000][151028][gc,phases   ] GC(776)   Post Evacuate Collection Set: 7.4ms
[2022-12-13T06:38:06.499+0000][151028][gc,phases   ] GC(776)   Other: 0.1ms
[2022-12-13T06:38:06.499+0000][151028][gc,age      ] GC(776) Age table with threshold 15 (max threshold 15)
[2022-12-13T06:38:06.499+0000][151028][gc,age      ] GC(776) - age   1:   12319864 bytes,   12319864 total
[2022-12-13T06:38:06.499+0000][151028][gc,age      ] GC(776) - age   2:    2414648 bytes,   14734512 total
[2022-12-13T06:38:06.499+0000][151028][gc,heap     ] GC(776) Eden regions: 41->0(844)
[2022-12-13T06:38:06.499+0000][151028][gc,heap     ] GC(776) Survivor regions: 6->5(101)
[2022-12-13T06:38:06.499+0000][151028][gc,heap     ] GC(776) Old regions: 113->113
[2022-12-13T06:38:06.499+0000][151028][gc,heap     ] GC(776) Archive regions: 2->2
[2022-12-13T06:38:06.499+0000][151028][gc,heap     ] GC(776) Humongous regions: 2->2
[2022-12-13T06:38:06.499+0000][151028][gc,metaspace] GC(776) Metaspace: 179403K(184000K)->179403K(184000K) NonClass: 157506K(160064K)->157506K(160064K) Class: 21896K(23936K)->21896K(23936K)
[2022-12-13T06:38:06.499+0000][151028][gc          ] GC(776) Pause Young (Concurrent Start) (G1 Humongous Allocation) 641M->480M(7992M) 14.178ms
[2022-12-13T06:38:06.499+0000][151028][gc,cpu      ] GC(776) User=0.05s Sys=0.01s Real=0.02s
[2022-12-13T06:38:06.499+0000][151028][gc          ] GC(777) Concurrent Mark Cycle
[2022-12-13T06:38:06.499+0000][151028][gc,marking  ] GC(777) Concurrent Clear Claimed Marks
[2022-12-13T06:38:06.499+0000][151028][safepoint   ] Safepoint "G1TryInitiateConcMark", Time since last: 416076600 ns, Reaching safepoint: 214800 ns, At safepoint: 14423600 ns, Total: 14638400 ns
[2022-12-13T06:38:06.500+0000][151028][gc,marking  ] GC(777) Concurrent Clear Claimed Marks 0.429ms
[2022-12-13T06:38:06.500+0000][151028][gc,marking  ] GC(777) Concurrent Scan Root Regions
[2022-12-13T06:38:06.503+0000][151028][gc,marking  ] GC(777) Concurrent Scan Root Regions 3.457ms
[2022-12-13T06:38:06.503+0000][151028][gc,marking  ] GC(777) Concurrent Mark
[2022-12-13T06:38:06.503+0000][151028][gc,marking  ] GC(777) Concurrent Mark From Roots
[2022-12-13T06:38:06.503+0000][151028][gc,task     ] GC(777) Using 3 workers of 3 for marking
[2022-12-13T06:38:06.804+0000][151028][gc,marking  ] GC(777) Concurrent Mark From Roots 300.647ms
[2022-12-13T06:38:06.804+0000][151028][gc,marking  ] GC(777) Concurrent Preclean
[2022-12-13T06:38:06.805+0000][151028][gc,marking  ] GC(777) Concurrent Preclean 0.565ms
[2022-12-13T06:38:06.805+0000][151028][gc,start    ] GC(777) Pause Remark
[2022-12-13T06:38:06.819+0000][151028][gc          ] GC(777) Pause Remark 704M->704M(7992M) 13.721ms
[2022-12-13T06:38:06.819+0000][151028][gc,cpu      ] GC(777) User=0.12s Sys=0.01s Real=0.02s
[2022-12-13T06:38:06.819+0000][151028][safepoint   ] Safepoint "G1PauseRemark", Time since last: 305365700 ns, Reaching safepoint: 289200 ns, At safepoint: 13914100 ns, Total: 14203300 ns
[2022-12-13T06:38:06.819+0000][151028][gc,marking  ] GC(777) Concurrent Mark 315.690ms
[2022-12-13T06:38:06.819+0000][151028][gc,marking  ] GC(777) Concurrent Rebuild Remembered Sets
[2022-12-13T06:38:06.964+0000][151028][gc,marking  ] GC(777) Concurrent Rebuild Remembered Sets 144.622ms
[2022-12-13T06:38:06.964+0000][151028][gc,start    ] GC(777) Pause Cleanup
[2022-12-13T06:38:06.965+0000][151028][gc          ] GC(777) Pause Cleanup 775M->775M(7992M) 0.492ms
[2022-12-13T06:38:06.965+0000][151028][gc,cpu      ] GC(777) User=0.00s Sys=0.00s Real=0.00s
[2022-12-13T06:38:06.965+0000][151028][safepoint   ] Safepoint "G1PauseCleanup", Time since last: 144874600 ns, Reaching safepoint: 308800 ns, At safepoint: 645400 ns, Total: 954200 ns
[2022-12-13T06:38:06.965+0000][151028][gc,marking  ] GC(777) Concurrent Cleanup for Next Mark
[2022-12-13T06:38:06.988+0000][151028][gc,marking  ] GC(777) Concurrent Cleanup for Next Mark 23.545ms
[2022-12-13T06:38:06.989+0000][151028][gc          ] GC(777) Concurrent Mark Cycle 489.231ms
[2022-12-13T06:38:07.965+0000][151028][safepoint   ] Safepoint "Cleanup", Time since last: 1000149000 ns, Reaching safepoint: 183000 ns, At safepoint: 12100 ns, Total: 195100 ns
[2022-12-13T06:38:12.626+0000][151028][safepoint   ] Safepoint "Cleanup", Time since last: 4651269600 ns, Reaching safepoint: 9939600 ns, At safepoint: 83700 ns, Total: 10023300 ns
[2022-12-13T06:38:13.335+0000][151028][gc,start    ] GC(778) Pause Young (Prepare Mixed) (G1 Preventive Collection)
[2022-12-13T06:38:13.335+0000][151028][gc,task     ] GC(778) Using 10 workers of 10 for evacuation
[2022-12-13T06:38:13.335+0000][151028][gc,age      ] GC(778) Desired survivor size 224395264 bytes, new threshold 15 (max threshold 15)
[2022-12-13T06:38:13.361+0000][151028][gc,phases   ] GC(778)   Pre Evacuate Collection Set: 0.4ms
[2022-12-13T06:38:13.361+0000][151028][gc,phases   ] GC(778)   Merge Heap Roots: 0.3ms
[2022-12-13T06:38:13.361+0000][151028][gc,phases   ] GC(778)   Evacuate Collection Set: 5.5ms
[2022-12-13T06:38:13.361+0000][151028][gc,phases   ] GC(778)   Post Evacuate Collection Set: 19.5ms
[2022-12-13T06:38:13.361+0000][151028][gc,phases   ] GC(778)   Other: 0.2ms
[2022-12-13T06:38:13.361+0000][151028][gc,age      ] GC(778) Age table with threshold 15 (max threshold 15)
[2022-12-13T06:38:13.361+0000][151028][gc,age      ] GC(778) - age   1:   47422536 bytes,   47422536 total
[2022-12-13T06:38:13.361+0000][151028][gc,age      ] GC(778) - age   2:      18512 bytes,   47441048 total
[2022-12-13T06:38:13.361+0000][151028][gc,age      ] GC(778) - age   3:     880920 bytes,   48321968 total
[2022-12-13T06:38:13.361+0000][151028][gc,heap     ] GC(778) Eden regions: 440->0(86)
[2022-12-13T06:38:13.361+0000][151028][gc,heap     ] GC(778) Survivor regions: 5->13(107)
[2022-12-13T06:38:13.361+0000][151028][gc,heap     ] GC(778) Old regions: 113->113
[2022-12-13T06:38:13.361+0000][151028][gc,heap     ] GC(778) Archive regions: 2->2
[2022-12-13T06:38:13.361+0000][151028][gc,heap     ] GC(778) Humongous regions: 1315->2
[2022-12-13T06:38:13.361+0000][151028][gc,metaspace] GC(778) Metaspace: 179415K(184000K)->179415K(184000K) NonClass: 157517K(160064K)->157517K(160064K) Class: 21897K(23936K)->21897K(23936K)
[2022-12-13T06:38:13.361+0000][151028][gc          ] GC(778) Pause Young (Prepare Mixed) (G1 Preventive Collection) 7488M->509M(7992M) 26.319ms
[2022-12-13T06:38:13.361+0000][151028][gc,cpu      ] GC(778) User=0.18s Sys=0.00s Real=0.03s
[2022-12-13T06:38:13.361+0000][151028][safepoint   ] Safepoint "G1CollectForAllocation", Time since last: 708192800 ns, Reaching safepoint: 203500 ns, At safepoint: 26600500 ns, Total: 26804000 ns
[2022-12-13T06:38:14.649+0000][151028][gc,start    ] GC(779) Pause Young (Mixed) (G1 Evacuation Pause)
[2022-12-13T06:38:14.649+0000][151028][gc,task     ] GC(779) Using 10 workers of 10 for evacuation
[2022-12-13T06:38:14.649+0000][151028][gc,age      ] GC(779) Desired survivor size 27262976 bytes, new threshold 1 (max threshold 15)
[2022-12-13T06:38:14.666+0000][151028][gc,phases   ] GC(779)   Pre Evacuate Collection Set: 0.4ms
[2022-12-13T06:38:14.666+0000][151028][gc,phases   ] GC(779)   Merge Heap Roots: 0.3ms
[2022-12-13T06:38:14.666+0000][151028][gc,phases   ] GC(779)   Evacuate Collection Set: 8.6ms
[2022-12-13T06:38:14.666+0000][151028][gc,phases   ] GC(779)   Post Evacuate Collection Set: 7.5ms
[2022-12-13T06:38:14.666+0000][151028][gc,phases   ] GC(779)   Other: 0.2ms
[2022-12-13T06:38:14.666+0000][151028][gc,age      ] GC(779) Age table with threshold 1 (max threshold 15)
[2022-12-13T06:38:14.666+0000][151028][gc,age      ] GC(779) - age   1:   23346680 bytes,   23346680 total
[2022-12-13T06:38:14.666+0000][151028][gc,heap     ] GC(779) Eden regions: 86->0(1127)
[2022-12-13T06:38:14.666+0000][151028][gc,heap     ] GC(779) Survivor regions: 13->7(13)
[2022-12-13T06:38:14.666+0000][151028][gc,heap     ] GC(779) Old regions: 113->110
[2022-12-13T06:38:14.666+0000][151028][gc,heap     ] GC(779) Archive regions: 2->2
[2022-12-13T06:38:14.666+0000][151028][gc,heap     ] GC(779) Humongous regions: 332->2
[2022-12-13T06:38:14.667+0000][151028][gc,metaspace] GC(779) Metaspace: 179415K(184000K)->179415K(184000K) NonClass: 157517K(160064K)->157517K(160064K) Class: 21897K(23936K)->21897K(23936K)
[2022-12-13T06:38:14.667+0000][151028][gc          ] GC(779) Pause Young (Mixed) (G1 Evacuation Pause) 2173M->473M(7992M) 17.212ms
[2022-12-13T06:38:14.667+0000][151028][gc,cpu      ] GC(779) User=0.12s Sys=0.00s Real=0.02s
[2022-12-13T06:38:14.667+0000][151028][safepoint   ] Safepoint "G1CollectForAllocation", Time since last: 1287680800 ns, Reaching safepoint: 180000 ns, At safepoint: 17363200 ns, Total: 17543200 ns
[2022-12-13T06:38:14.761+0000][151028][gc,start    ] GC(780) Pause Young (Concurrent Start) (G1 Humongous Allocation)
[2022-12-13T06:38:14.761+0000][151028][gc,task     ] GC(780) Using 10 workers of 10 for evacuation
[2022-12-13T06:38:14.761+0000][151028][gc,age      ] GC(780) Desired survivor size 297795584 bytes, new threshold 15 (max threshold 15)
[2022-12-13T06:38:14.771+0000][151028][gc,phases   ] GC(780)   Pre Evacuate Collection Set: 0.9ms
[2022-12-13T06:38:14.771+0000][151028][gc,phases   ] GC(780)   Merge Heap Roots: 0.2ms
[2022-12-13T06:38:14.771+0000][151028][gc,phases   ] GC(780)   Evacuate Collection Set: 5.1ms
[2022-12-13T06:38:14.771+0000][151028][gc,phases   ] GC(780)   Post Evacuate Collection Set: 3.6ms
[2022-12-13T06:38:14.771+0000][151028][gc,phases   ] GC(780)   Other: 0.1ms
[2022-12-13T06:38:14.771+0000][151028][gc,age      ] GC(780) Age table with threshold 15 (max threshold 15)
[2022-12-13T06:38:14.771+0000][151028][gc,age      ] GC(780) - age   1:    4425544 bytes,    4425544 total
[2022-12-13T06:38:14.771+0000][151028][gc,age      ] GC(780) - age   2:    8271216 bytes,   12696760 total
[2022-12-13T06:38:14.771+0000][151028][gc,heap     ] GC(780) Eden regions: 11->0(993)
[2022-12-13T06:38:14.771+0000][151028][gc,heap     ] GC(780) Survivor regions: 7->4(142)
[2022-12-13T06:38:14.771+0000][151028][gc,heap     ] GC(780) Old regions: 110->110
[2022-12-13T06:38:14.771+0000][151028][gc,heap     ] GC(780) Archive regions: 2->2
[2022-12-13T06:38:14.771+0000][151028][gc,heap     ] GC(780) Humongous regions: 2->2
[2022-12-13T06:38:14.771+0000][151028][gc,metaspace] GC(780) Metaspace: 179415K(184000K)->179415K(184000K) NonClass: 157517K(160064K)->157517K(160064K) Class: 21897K(23936K)->21897K(23936K)
[2022-12-13T06:38:14.771+0000][151028][gc          ] GC(780) Pause Young (Concurrent Start) (G1 Humongous Allocation) 517M->462M(7992M) 10.345ms
[2022-12-13T06:38:14.772+0000][151028][gc,cpu      ] GC(780) User=0.06s Sys=0.00s Real=0.01s
[2022-12-13T06:38:14.772+0000][151028][gc          ] GC(781) Concurrent Mark Cycle
[2022-12-13T06:38:14.772+0000][151028][gc,marking  ] GC(781) Concurrent Clear Claimed Marks
[2022-12-13T06:38:14.772+0000][151028][safepoint   ] Safepoint "G1TryInitiateConcMark", Time since last: 94013800 ns, Reaching safepoint: 381100 ns, At safepoint: 10555400 ns, Total: 10936500 ns
[2022-12-13T06:38:14.772+0000][151028][gc,marking  ] GC(781) Concurrent Clear Claimed Marks 0.388ms
[2022-12-13T06:38:14.772+0000][151028][gc,marking  ] GC(781) Concurrent Scan Root Regions
[2022-12-13T06:38:14.781+0000][151028][gc,marking  ] GC(781) Concurrent Scan Root Regions 8.784ms
[2022-12-13T06:38:14.781+0000][151028][gc,marking  ] GC(781) Concurrent Mark
[2022-12-13T06:38:14.781+0000][151028][gc,marking  ] GC(781) Concurrent Mark From Roots
[2022-12-13T06:38:14.781+0000][151028][gc,task     ] GC(781) Using 3 workers of 3 for marking
[2022-12-13T06:38:15.135+0000][151028][gc,marking  ] GC(781) Concurrent Mark From Roots 353.720ms
[2022-12-13T06:38:15.135+0000][151028][gc,marking  ] GC(781) Concurrent Preclean
[2022-12-13T06:38:15.135+0000][151028][gc,marking  ] GC(781) Concurrent Preclean 0.561ms
[2022-12-13T06:38:15.136+0000][151028][gc,start    ] GC(781) Pause Remark
[2022-12-13T06:38:15.150+0000][151028][gc          ] GC(781) Pause Remark 1113M->1113M(7992M) 14.536ms
[2022-12-13T06:38:15.150+0000][151028][gc,cpu      ] GC(781) User=0.10s Sys=0.00s Real=0.02s
[2022-12-13T06:38:15.150+0000][151028][safepoint   ] Safepoint "G1PauseRemark", Time since last: 363694500 ns, Reaching safepoint: 195700 ns, At safepoint: 14764300 ns, Total: 14960000 ns
[2022-12-13T06:38:15.150+0000][151028][gc,marking  ] GC(781) Concurrent Mark 369.510ms
[2022-12-13T06:38:15.150+0000][151028][gc,marking  ] GC(781) Concurrent Rebuild Remembered Sets
[2022-12-13T06:38:15.295+0000][151028][gc,marking  ] GC(781) Concurrent Rebuild Remembered Sets 144.962ms
[2022-12-13T06:38:15.296+0000][151028][gc,start    ] GC(781) Pause Cleanup
[2022-12-13T06:38:15.296+0000][151028][gc          ] GC(781) Pause Cleanup 1342M->1342M(7992M) 0.516ms
[2022-12-13T06:38:15.296+0000][151028][gc,cpu      ] GC(781) User=0.00s Sys=0.00s Real=0.00s
[2022-12-13T06:38:15.296+0000][151028][safepoint   ] Safepoint "G1PauseCleanup", Time since last: 145227400 ns, Reaching safepoint: 311000 ns, At safepoint: 678700 ns, Total: 989700 ns
[2022-12-13T06:38:15.297+0000][151028][gc,marking  ] GC(781) Concurrent Cleanup for Next Mark
[2022-12-13T06:38:15.323+0000][151028][gc,marking  ] GC(781) Concurrent Cleanup for Next Mark 26.171ms
[2022-12-13T06:38:15.323+0000][151028][gc          ] GC(781) Concurrent Mark Cycle 551.288ms
[2022-12-13T06:38:16.297+0000][151028][safepoint   ] Safepoint "Cleanup", Time since last: 1000129600 ns, Reaching safepoint: 332300 ns, At safepoint: 43600 ns, Total: 375900 ns
[2022-12-13T06:38:19.302+0000][151028][safepoint   ] Safepoint "Cleanup", Time since last: 3000346800 ns, Reaching safepoint: 4839400 ns, At safepoint: 117100 ns, Total: 4956500 ns
[2022-12-13T06:38:20.623+0000][151028][gc,start    ] GC(782) Pause Young (Prepare Mixed) (G1 Preventive Collection)
[2022-12-13T06:38:20.623+0000][151028][gc,task     ] GC(782) Using 10 workers of 10 for evacuation
[2022-12-13T06:38:20.623+0000][151028][gc,age      ] GC(782) Desired survivor size 289406976 bytes, new threshold 15 (max threshold 15)
[2022-12-13T06:38:20.644+0000][151028][gc,phases   ] GC(782)   Pre Evacuate Collection Set: 0.5ms
[2022-12-13T06:38:20.644+0000][151028][gc,phases   ] GC(782)   Merge Heap Roots: 0.3ms
[2022-12-13T06:38:20.644+0000][151028][gc,phases   ] GC(782)   Evacuate Collection Set: 4.3ms
[2022-12-13T06:38:20.644+0000][151028][gc,phases   ] GC(782)   Post Evacuate Collection Set: 15.8ms
[2022-12-13T06:38:20.644+0000][151028][gc,phases   ] GC(782)   Other: 0.3ms
[2022-12-13T06:38:20.645+0000][151028][gc,age      ] GC(782) Age table with threshold 15 (max threshold 15)
[2022-12-13T06:38:20.645+0000][151028][gc,age      ] GC(782) - age   1:   37439872 bytes,   37439872 total
[2022-12-13T06:38:20.645+0000][151028][gc,age      ] GC(782) - age   2:    1306232 bytes,   38746104 total
[2022-12-13T06:38:20.645+0000][151028][gc,age      ] GC(782) - age   3:    2681944 bytes,   41428048 total
[2022-12-13T06:38:20.645+0000][151028][gc,heap     ] GC(782) Eden regions: 418->0(87)
[2022-12-13T06:38:20.645+0000][151028][gc,heap     ] GC(782) Survivor regions: 4->12(110)
[2022-12-13T06:38:20.645+0000][151028][gc,heap     ] GC(782) Old regions: 110->110
[2022-12-13T06:38:20.645+0000][151028][gc,heap     ] GC(782) Archive regions: 2->2
[2022-12-13T06:38:20.645+0000][151028][gc,heap     ] GC(782) Humongous regions: 1354->2
[2022-12-13T06:38:20.645+0000][151028][gc,metaspace] GC(782) Metaspace: 179423K(184000K)->179423K(184000K) NonClass: 157525K(160064K)->157525K(160064K) Class: 21898K(23936K)->21898K(23936K)
[2022-12-13T06:38:20.645+0000][151028][gc          ] GC(782) Pause Young (Prepare Mixed) (G1 Preventive Collection) 7542M->494M(7992M) 21.636ms
[2022-12-13T06:38:20.645+0000][151028][gc,cpu      ] GC(782) User=0.14s Sys=0.00s Real=0.02s
[2022-12-13T06:38:20.645+0000][151028][safepoint   ] Safepoint "G1CollectForAllocation", Time since last: 1320557700 ns, Reaching safepoint: 246200 ns, At safepoint: 21883400 ns, Total: 22129600 ns
[2022-12-13T06:38:21.645+0000][151028][safepoint   ] Safepoint "Cleanup", Time since last: 1000134500 ns, Reaching safepoint: 326700 ns, At safepoint: 25900 ns, Total: 352600 ns
[2022-12-13T06:38:22.587+0000][151028][gc,start    ] GC(783) Pause Young (Mixed) (G1 Evacuation Pause)
[2022-12-13T06:38:22.588+0000][151028][gc,task     ] GC(783) Using 10 workers of 10 for evacuation
[2022-12-13T06:38:22.588+0000][151028][gc,age      ] GC(783) Desired survivor size 27262976 bytes, new threshold 1 (max threshold 15)
[2022-12-13T06:38:22.601+0000][151028][gc,phases   ] GC(783)   Pre Evacuate Collection Set: 0.4ms
[2022-12-13T06:38:22.601+0000][151028][gc,phases   ] GC(783)   Merge Heap Roots: 0.3ms
[2022-12-13T06:38:22.601+0000][151028][gc,phases   ] GC(783)   Evacuate Collection Set: 7.5ms
[2022-12-13T06:38:22.601+0000][151028][gc,phases   ] GC(783)   Post Evacuate Collection Set: 4.9ms
[2022-12-13T06:38:22.601+0000][151028][gc,phases   ] GC(783)   Other: 0.2ms
[2022-12-13T06:38:22.601+0000][151028][gc,age      ] GC(783) Age table with threshold 1 (max threshold 15)
[2022-12-13T06:38:22.601+0000][151028][gc,age      ] GC(783) - age   1:    6573752 bytes,    6573752 total
[2022-12-13T06:38:22.601+0000][151028][gc,heap     ] GC(783) Eden regions: 87->0(1188)
[2022-12-13T06:38:22.601+0000][151028][gc,heap     ] GC(783) Survivor regions: 12->3(13)
[2022-12-13T06:38:22.601+0000][151028][gc,heap     ] GC(783) Old regions: 110->108
[2022-12-13T06:38:22.601+0000][151028][gc,heap     ] GC(783) Archive regions: 2->2
[2022-12-13T06:38:22.601+0000][151028][gc,heap     ] GC(783) Humongous regions: 567->2
[2022-12-13T06:38:22.601+0000][151028][gc,metaspace] GC(783) Metaspace: 179424K(184000K)->179424K(184000K) NonClass: 157526K(160064K)->157526K(160064K) Class: 21898K(23936K)->21898K(23936K)
[2022-12-13T06:38:22.601+0000][151028][gc          ] GC(783) Pause Young (Mixed) (G1 Evacuation Pause) 3101M->449M(7992M) 13.642ms
[2022-12-13T06:38:22.601+0000][151028][gc,cpu      ] GC(783) User=0.08s Sys=0.02s Real=0.02s
[2022-12-13T06:38:22.601+0000][151028][safepoint   ] Safepoint "G1CollectForAllocation", Time since last: 941791400 ns, Reaching safepoint: 189500 ns, At safepoint: 13828500 ns, Total: 14018000 ns
[2022-12-13T06:38:22.687+0000][151028][gc,start    ] GC(784) Pause Young (Concurrent Start) (G1 Humongous Allocation)
[2022-12-13T06:38:22.687+0000][151028][gc,task     ] GC(784) Using 10 workers of 10 for evacuation
[2022-12-13T06:38:22.687+0000][151028][gc,age      ] GC(784) Desired survivor size 312475648 bytes, new threshold 15 (max threshold 15)
[2022-12-13T06:38:22.693+0000][151028][gc,phases   ] GC(784)   Pre Evacuate Collection Set: 0.9ms
[2022-12-13T06:38:22.693+0000][151028][gc,phases   ] GC(784)   Merge Heap Roots: 0.2ms
[2022-12-13T06:38:22.693+0000][151028][gc,phases   ] GC(784)   Evacuate Collection Set: 2.7ms
[2022-12-13T06:38:22.693+0000][151028][gc,phases   ] GC(784)   Post Evacuate Collection Set: 1.6ms
[2022-12-13T06:38:22.693+0000][151028][gc,phases   ] GC(784)   Other: 0.1ms
[2022-12-13T06:38:22.693+0000][151028][gc,age      ] GC(784) Age table with threshold 15 (max threshold 15)
[2022-12-13T06:38:22.693+0000][151028][gc,age      ] GC(784) - age   1:     501568 bytes,     501568 total
[2022-12-13T06:38:22.693+0000][151028][gc,age      ] GC(784) - age   2:     743736 bytes,    1245304 total
[2022-12-13T06:38:22.693+0000][151028][gc,heap     ] GC(784) Eden regions: 8->0(1197)
[2022-12-13T06:38:22.693+0000][151028][gc,heap     ] GC(784) Survivor regions: 3->1(149)
[2022-12-13T06:38:22.693+0000][151028][gc,heap     ] GC(784) Old regions: 108->108
[2022-12-13T06:38:22.693+0000][151028][gc,heap     ] GC(784) Archive regions: 2->2
[2022-12-13T06:38:22.693+0000][151028][gc,heap     ] GC(784) Humongous regions: 2->2
[2022-12-13T06:38:22.693+0000][151028][gc,metaspace] GC(784) Metaspace: 179424K(184000K)->179424K(184000K) NonClass: 157526K(160064K)->157526K(160064K) Class: 21898K(23936K)->21898K(23936K)
[2022-12-13T06:38:22.693+0000][151028][gc          ] GC(784) Pause Young (Concurrent Start) (G1 Humongous Allocation) 478M->443M(7992M) 5.873ms
[2022-12-13T06:38:22.693+0000][151028][gc          ] GC(785) Concurrent Mark Cycle
[2022-12-13T06:38:22.693+0000][151028][gc,marking  ] GC(785) Concurrent Clear Claimed Marks
[2022-12-13T06:38:22.693+0000][151028][gc,cpu      ] GC(784) User=0.02s Sys=0.01s Real=0.01s
[2022-12-13T06:38:22.693+0000][151028][safepoint   ] Safepoint "G1TryInitiateConcMark", Time since last: 85557400 ns, Reaching safepoint: 226000 ns, At safepoint: 6303100 ns, Total: 6529100 ns
[2022-12-13T06:38:22.693+0000][151028][gc,marking  ] GC(785) Concurrent Clear Claimed Marks 0.347ms
[2022-12-13T06:38:22.694+0000][151028][gc,marking  ] GC(785) Concurrent Scan Root Regions
[2022-12-13T06:38:22.706+0000][151028][gc,marking  ] GC(785) Concurrent Scan Root Regions 12.229ms
[2022-12-13T06:38:22.706+0000][151028][gc,marking  ] GC(785) Concurrent Mark
[2022-12-13T06:38:22.706+0000][151028][gc,marking  ] GC(785) Concurrent Mark From Roots
[2022-12-13T06:38:22.706+0000][151028][gc,task     ] GC(785) Using 3 workers of 3 for marking
[2022-12-13T06:38:23.026+0000][151028][gc,marking  ] GC(785) Concurrent Mark From Roots 319.752ms
[2022-12-13T06:38:23.026+0000][151028][gc,marking  ] GC(785) Concurrent Preclean
[2022-12-13T06:38:23.026+0000][151028][gc,marking  ] GC(785) Concurrent Preclean 0.592ms
[2022-12-13T06:38:23.027+0000][151028][gc,start    ] GC(785) Pause Remark
[2022-12-13T06:38:23.040+0000][151028][gc          ] GC(785) Pause Remark 987M->987M(7992M) 13.032ms
[2022-12-13T06:38:23.040+0000][151028][gc,cpu      ] GC(785) User=0.11s Sys=0.00s Real=0.02s
[2022-12-13T06:38:23.040+0000][151028][safepoint   ] Safepoint "G1PauseRemark", Time since last: 333063600 ns, Reaching safepoint: 211300 ns, At safepoint: 13211400 ns, Total: 13422700 ns
[2022-12-13T06:38:23.040+0000][151028][gc,marking  ] GC(785) Concurrent Mark 334.050ms
[2022-12-13T06:38:23.040+0000][151028][gc,marking  ] GC(785) Concurrent Rebuild Remembered Sets
[2022-12-13T06:38:23.186+0000][151028][gc,marking  ] GC(785) Concurrent Rebuild Remembered Sets 146.378ms
[2022-12-13T06:38:23.187+0000][151028][gc,start    ] GC(785) Pause Cleanup
[2022-12-13T06:38:23.187+0000][151028][gc          ] GC(785) Pause Cleanup 1147M->1147M(7992M) 0.479ms
[2022-12-13T06:38:23.187+0000][151028][gc,cpu      ] GC(785) User=0.00s Sys=0.01s Real=0.00s
[2022-12-13T06:38:23.188+0000][151028][safepoint   ] Safepoint "G1PauseCleanup", Time since last: 146622100 ns, Reaching safepoint: 435000 ns, At safepoint: 684800 ns, Total: 1119800 ns
[2022-12-13T06:38:23.188+0000][151028][gc,marking  ] GC(785) Concurrent Cleanup for Next Mark
[2022-12-13T06:38:23.215+0000][151028][gc,marking  ] GC(785) Concurrent Cleanup for Next Mark 27.077ms
[2022-12-13T06:38:23.215+0000][151028][gc          ] GC(785) Concurrent Mark Cycle 521.787ms
[2022-12-13T06:38:27.414+0000][151028][gc,start    ] GC(786) Pause Young (Prepare Mixed) (G1 Preventive Collection)
[2022-12-13T06:38:27.414+0000][151028][gc,task     ] GC(786) Using 10 workers of 10 for evacuation
[2022-12-13T06:38:27.414+0000][151028][gc,age      ] GC(786) Desired survivor size 314572800 bytes, new threshold 15 (max threshold 15)
[2022-12-13T06:38:27.436+0000][151028][gc,phases   ] GC(786)   Pre Evacuate Collection Set: 0.4ms
[2022-12-13T06:38:27.436+0000][151028][gc,phases   ] GC(786)   Merge Heap Roots: 0.2ms
[2022-12-13T06:38:27.436+0000][151028][gc,phases   ] GC(786)   Evacuate Collection Set: 2.5ms
[2022-12-13T06:38:27.436+0000][151028][gc,phases   ] GC(786)   Post Evacuate Collection Set: 18.7ms
[2022-12-13T06:38:27.436+0000][151028][gc,phases   ] GC(786)   Other: 0.2ms
[2022-12-13T06:38:27.436+0000][151028][gc,age      ] GC(786) Age table with threshold 15 (max threshold 15)
[2022-12-13T06:38:27.436+0000][151028][gc,age      ] GC(786) - age   1:   42311680 bytes,   42311680 total
[2022-12-13T06:38:27.436+0000][151028][gc,age      ] GC(786) - age   2:      17728 bytes,   42329408 total
[2022-12-13T06:38:27.436+0000][151028][gc,age      ] GC(786) - age   3:     132648 bytes,   42462056 total
[2022-12-13T06:38:27.436+0000][151028][gc,heap     ] GC(786) Eden regions: 225->0(88)
[2022-12-13T06:38:27.436+0000][151028][gc,heap     ] GC(786) Survivor regions: 1->11(30)
[2022-12-13T06:38:27.436+0000][151028][gc,heap     ] GC(786) Old regions: 108->108
[2022-12-13T06:38:27.436+0000][151028][gc,heap     ] GC(786) Archive regions: 2->2
[2022-12-13T06:38:27.436+0000][151028][gc,heap     ] GC(786) Humongous regions: 1632->2
[2022-12-13T06:38:27.436+0000][151028][gc,metaspace] GC(786) Metaspace: 179426K(184000K)->179426K(184000K) NonClass: 157527K(160064K)->157527K(160064K) Class: 21898K(23936K)->21898K(23936K)
[2022-12-13T06:38:27.436+0000][151028][gc          ] GC(786) Pause Young (Prepare Mixed) (G1 Preventive Collection) 7861M->483M(7992M) 22.366ms
[2022-12-13T06:38:27.436+0000][151028][gc,cpu      ] GC(786) User=0.16s Sys=0.00s Real=0.02s
[2022-12-13T06:38:27.436+0000][151028][safepoint   ] Safepoint "G1CollectForAllocation", Time since last: 4225872500 ns, Reaching safepoint: 219400 ns, At safepoint: 22546700 ns, Total: 22766100 ns
[2022-12-13T06:38:28.848+0000][151028][gc,start    ] GC(787) Pause Young (Mixed) (G1 Evacuation Pause)
[2022-12-13T06:38:28.848+0000][151028][gc,task     ] GC(787) Using 10 workers of 10 for evacuation
[2022-12-13T06:38:28.848+0000][151028][gc,age      ] GC(787) Desired survivor size 27262976 bytes, new threshold 1 (max threshold 15)
[2022-12-13T06:38:28.869+0000][151028][gc,phases   ] GC(787)   Pre Evacuate Collection Set: 0.4ms
[2022-12-13T06:38:28.869+0000][151028][gc,phases   ] GC(787)   Merge Heap Roots: 0.3ms
[2022-12-13T06:38:28.869+0000][151028][gc,phases   ] GC(787)   Evacuate Collection Set: 13.4ms
[2022-12-13T06:38:28.869+0000][151028][gc,phases   ] GC(787)   Post Evacuate Collection Set: 6.1ms
[2022-12-13T06:38:28.869+0000][151028][gc,phases   ] GC(787)   Other: 0.2ms
[2022-12-13T06:38:28.869+0000][151028][gc,age      ] GC(787) Age table with threshold 1 (max threshold 15)
[2022-12-13T06:38:28.869+0000][151028][gc,age      ] GC(787) - age   1:   23365848 bytes,   23365848 total
[2022-12-13T06:38:28.869+0000][151028][gc,heap     ] GC(787) Eden regions: 88->0(1192)
[2022-12-13T06:38:28.869+0000][151028][gc,heap     ] GC(787) Survivor regions: 11->6(13)
[2022-12-13T06:38:28.869+0000][151028][gc,heap     ] GC(787) Old regions: 108->108
[2022-12-13T06:38:28.869+0000][151028][gc,heap     ] GC(787) Archive regions: 2->2
[2022-12-13T06:38:28.869+0000][151028][gc,heap     ] GC(787) Humongous regions: 633->4
[2022-12-13T06:38:28.869+0000][151028][gc,metaspace] GC(787) Metaspace: 179426K(184000K)->179426K(184000K) NonClass: 157527K(160064K)->157527K(160064K) Class: 21898K(23936K)->21898K(23936K)
[2022-12-13T06:38:28.869+0000][151028][gc          ] GC(787) Pause Young (Mixed) (G1 Evacuation Pause) 3359M->473M(7992M) 20.805ms
[2022-12-13T06:38:28.869+0000][151028][gc,cpu      ] GC(787) User=0.14s Sys=0.02s Real=0.02s
[2022-12-13T06:38:28.869+0000][151028][safepoint   ] Safepoint "G1CollectForAllocation", Time since last: 1411805000 ns, Reaching safepoint: 201500 ns, At safepoint: 20969700 ns, Total: 21171200 ns
[2022-12-13T06:38:28.871+0000][151028][gc,start    ] GC(788) Pause Young (Concurrent Start) (G1 Humongous Allocation)
[2022-12-13T06:38:28.871+0000][151028][gc,task     ] GC(788) Using 10 workers of 10 for evacuation
[2022-12-13T06:38:28.871+0000][151028][gc,age      ] GC(788) Desired survivor size 314572800 bytes, new threshold 15 (max threshold 15)
[2022-12-13T06:38:28.877+0000][151028][gc,phases   ] GC(788)   Pre Evacuate Collection Set: 0.8ms
[2022-12-13T06:38:28.877+0000][151028][gc,phases   ] GC(788)   Merge Heap Roots: 0.2ms
[2022-12-13T06:38:28.877+0000][151028][gc,phases   ] GC(788)   Evacuate Collection Set: 3.9ms
[2022-12-13T06:38:28.877+0000][151028][gc,phases   ] GC(788)   Post Evacuate Collection Set: 1.1ms
[2022-12-13T06:38:28.877+0000][151028][gc,phases   ] GC(788)   Other: 0.1ms
[2022-12-13T06:38:28.877+0000][151028][gc,age      ] GC(788) Age table with threshold 15 (max threshold 15)
[2022-12-13T06:38:28.877+0000][151028][gc,age      ] GC(788) - age   1:     942144 bytes,     942144 total
[2022-12-13T06:38:28.877+0000][151028][gc,age      ] GC(788) - age   2:   12574704 bytes,   13516848 total
[2022-12-13T06:38:28.877+0000][151028][gc,heap     ] GC(788) Eden regions: 1->0(1164)
[2022-12-13T06:38:28.877+0000][151028][gc,heap     ] GC(788) Survivor regions: 6->4(150)
[2022-12-13T06:38:28.877+0000][151028][gc,heap     ] GC(788) Old regions: 108->108
[2022-12-13T06:38:28.877+0000][151028][gc,heap     ] GC(788) Archive regions: 2->2
[2022-12-13T06:38:28.877+0000][151028][gc,heap     ] GC(788) Humongous regions: 4->4
[2022-12-13T06:38:28.877+0000][151028][gc,metaspace] GC(788) Metaspace: 179426K(184000K)->179426K(184000K) NonClass: 157527K(160064K)->157527K(160064K) Class: 21898K(23936K)->21898K(23936K)
[2022-12-13T06:38:28.877+0000][151028][gc          ] GC(788) Pause Young (Concurrent Start) (G1 Humongous Allocation) 477M->463M(7992M) 6.421ms
[2022-12-13T06:38:28.877+0000][151028][gc          ] GC(789) Concurrent Mark Cycle
[2022-12-13T06:38:28.877+0000][151028][gc,marking  ] GC(789) Concurrent Clear Claimed Marks
[2022-12-13T06:38:28.877+0000][151028][gc,cpu      ] GC(788) User=0.05s Sys=0.00s Real=0.00s
[2022-12-13T06:38:28.877+0000][151028][safepoint   ] Safepoint "G1TryInitiateConcMark", Time since last: 1037900 ns, Reaching safepoint: 251100 ns, At safepoint: 6707600 ns, Total: 6958700 ns
[2022-12-13T06:38:28.877+0000][151028][gc,marking  ] GC(789) Concurrent Clear Claimed Marks 0.426ms
[2022-12-13T06:38:28.878+0000][151028][gc,marking  ] GC(789) Concurrent Scan Root Regions
[2022-12-13T06:38:28.881+0000][151028][gc,marking  ] GC(789) Concurrent Scan Root Regions 3.436ms
[2022-12-13T06:38:28.881+0000][151028][gc,marking  ] GC(789) Concurrent Mark
[2022-12-13T06:38:28.881+0000][151028][gc,marking  ] GC(789) Concurrent Mark From Roots
[2022-12-13T06:38:28.881+0000][151028][gc,task     ] GC(789) Using 3 workers of 3 for marking
[2022-12-13T06:38:29.161+0000][151028][gc,marking  ] GC(789) Concurrent Mark From Roots 279.595ms
[2022-12-13T06:38:29.161+0000][151028][gc,marking  ] GC(789) Concurrent Preclean
[2022-12-13T06:38:29.161+0000][151028][gc,marking  ] GC(789) Concurrent Preclean 0.592ms
[2022-12-13T06:38:29.162+0000][151028][gc,start    ] GC(789) Pause Remark
[2022-12-13T06:38:29.174+0000][151028][gc          ] GC(789) Pause Remark 859M->859M(7992M) 12.268ms
[2022-12-13T06:38:29.174+0000][151028][gc,cpu      ] GC(789) User=0.10s Sys=0.00s Real=0.01s
[2022-12-13T06:38:29.174+0000][151028][safepoint   ] Safepoint "G1PauseRemark", Time since last: 284153100 ns, Reaching safepoint: 281200 ns, At safepoint: 12534400 ns, Total: 12815600 ns
[2022-12-13T06:38:29.174+0000][151028][gc,marking  ] GC(789) Concurrent Mark 293.253ms
[2022-12-13T06:38:29.174+0000][151028][gc,marking  ] GC(789) Concurrent Rebuild Remembered Sets
[2022-12-13T06:38:29.312+0000][151028][gc,marking  ] GC(789) Concurrent Rebuild Remembered Sets 137.958ms
[2022-12-13T06:38:29.313+0000][151028][gc,start    ] GC(789) Pause Cleanup
[2022-12-13T06:38:29.313+0000][151028][gc          ] GC(789) Pause Cleanup 1163M->1163M(7992M) 0.460ms
[2022-12-13T06:38:29.313+0000][151028][gc,cpu      ] GC(789) User=0.00s Sys=0.00s Real=0.00s
[2022-12-13T06:38:29.313+0000][151028][safepoint   ] Safepoint "G1PauseCleanup", Time since last: 138199800 ns, Reaching safepoint: 189700 ns, At safepoint: 574900 ns, Total: 764600 ns
[2022-12-13T06:38:29.313+0000][151028][gc,marking  ] GC(789) Concurrent Cleanup for Next Mark
[2022-12-13T06:38:29.335+0000][151028][gc,marking  ] GC(789) Concurrent Cleanup for Next Mark 21.597ms
[2022-12-13T06:38:29.335+0000][151028][gc          ] GC(789) Concurrent Mark Cycle 457.856ms
[2022-12-13T06:38:30.924+0000][151028][safepoint   ] Safepoint "Cleanup", Time since last: 1598548700 ns, Reaching safepoint: 12190500 ns, At safepoint: 62000 ns, Total: 12252500 ns
[2022-12-13T06:38:31.924+0000][151028][safepoint   ] Safepoint "Cleanup", Time since last: 1000160700 ns, Reaching safepoint: 189100 ns, At safepoint: 11500 ns, Total: 200600 ns
[2022-12-13T06:38:32.712+0000][151028][gc,start    ] GC(790) Pause Young (Prepare Mixed) (G1 Preventive Collection)
[2022-12-13T06:38:32.712+0000][151028][gc,task     ] GC(790) Using 10 workers of 10 for evacuation
[2022-12-13T06:38:32.712+0000][151028][gc,age      ] GC(790) Desired survivor size 306184192 bytes, new threshold 15 (max threshold 15)
[2022-12-13T06:38:32.724+0000][151028][gc,phases   ] GC(790)   Pre Evacuate Collection Set: 0.4ms
[2022-12-13T06:38:32.724+0000][151028][gc,phases   ] GC(790)   Merge Heap Roots: 0.6ms
[2022-12-13T06:38:32.724+0000][151028][gc,phases   ] GC(790)   Evacuate Collection Set: 1.8ms
[2022-12-13T06:38:32.724+0000][151028][gc,phases   ] GC(790)   Post Evacuate Collection Set: 9.1ms
[2022-12-13T06:38:32.724+0000][151028][gc,phases   ] GC(790)   Other: 0.2ms
[2022-12-13T06:38:32.724+0000][151028][gc,age      ] GC(790) Age table with threshold 15 (max threshold 15)
[2022-12-13T06:38:32.724+0000][151028][gc,age      ] GC(790) - age   1:   13138816 bytes,   13138816 total
[2022-12-13T06:38:32.724+0000][151028][gc,age      ] GC(790) - age   2:         32 bytes,   13138848 total
[2022-12-13T06:38:32.724+0000][151028][gc,age      ] GC(790) - age   3:     224704 bytes,   13363552 total
[2022-12-13T06:38:32.724+0000][151028][gc,heap     ] GC(790) Eden regions: 158->0(95)
[2022-12-13T06:38:32.724+0000][151028][gc,heap     ] GC(790) Survivor regions: 4->4(31)
[2022-12-13T06:38:32.724+0000][151028][gc,heap     ] GC(790) Old regions: 108->108
[2022-12-13T06:38:32.724+0000][151028][gc,heap     ] GC(790) Archive regions: 2->2
[2022-12-13T06:38:32.724+0000][151028][gc,heap     ] GC(790) Humongous regions: 1695->2
[2022-12-13T06:38:32.724+0000][151028][gc,metaspace] GC(790) Metaspace: 179440K(184000K)->179440K(184000K) NonClass: 157539K(160064K)->157539K(160064K) Class: 21901K(23936K)->21901K(23936K)
[2022-12-13T06:38:32.725+0000][151028][gc          ] GC(790) Pause Young (Prepare Mixed) (G1 Preventive Collection) 7858M->454M(7992M) 12.590ms
[2022-12-13T06:38:32.725+0000][151028][gc,cpu      ] GC(790) User=0.06s Sys=0.00s Real=0.01s
[2022-12-13T06:38:32.725+0000][151028][safepoint   ] Safepoint "G1CollectForAllocation", Time since last: 787420800 ns, Reaching safepoint: 194900 ns, At safepoint: 12768300 ns, Total: 12963200 ns
[2022-12-13T06:38:33.761+0000][151028][safepoint   ] Safepoint "Cleanup", Time since last: 1000223000 ns, Reaching safepoint: 35817300 ns, At safepoint: 151100 ns, Total: 35968400 ns
[2022-12-13T06:38:35.215+0000][151028][gc,start    ] GC(791) Pause Young (Mixed) (G1 Evacuation Pause)
[2022-12-13T06:38:35.215+0000][151028][gc,task     ] GC(791) Using 10 workers of 10 for evacuation
[2022-12-13T06:38:35.215+0000][151028][gc,age      ] GC(791) Desired survivor size 27262976 bytes, new threshold 15 (max threshold 15)
[2022-12-13T06:38:35.234+0000][151028][gc,phases   ] GC(791)   Pre Evacuate Collection Set: 0.3ms
[2022-12-13T06:38:35.234+0000][151028][gc,phases   ] GC(791)   Merge Heap Roots: 0.3ms
[2022-12-13T06:38:35.234+0000][151028][gc,phases   ] GC(791)   Evacuate Collection Set: 9.8ms
[2022-12-13T06:38:35.234+0000][151028][gc,phases   ] GC(791)   Post Evacuate Collection Set: 7.8ms
[2022-12-13T06:38:35.234+0000][151028][gc,phases   ] GC(791)   Other: 0.2ms
[2022-12-13T06:38:35.234+0000][151028][gc,age      ] GC(791) Age table with threshold 15 (max threshold 15)
[2022-12-13T06:38:35.234+0000][151028][gc,age      ] GC(791) - age   1:   12198088 bytes,   12198088 total
[2022-12-13T06:38:35.234+0000][151028][gc,age      ] GC(791) - age   2:     197720 bytes,   12395808 total
[2022-12-13T06:38:35.234+0000][151028][gc,age      ] GC(791) - age   3:         32 bytes,   12395840 total
[2022-12-13T06:38:35.234+0000][151028][gc,age      ] GC(791) - age   4:     198896 bytes,   12594736 total
[2022-12-13T06:38:35.234+0000][151028][gc,heap     ] GC(791) Eden regions: 95->0(1194)
[2022-12-13T06:38:35.234+0000][151028][gc,heap     ] GC(791) Survivor regions: 4->4(13)
[2022-12-13T06:38:35.234+0000][151028][gc,heap     ] GC(791) Old regions: 108->107
[2022-12-13T06:38:35.234+0000][151028][gc,heap     ] GC(791) Archive regions: 2->2
[2022-12-13T06:38:35.234+0000][151028][gc,heap     ] GC(791) Humongous regions: 1191->2
[2022-12-13T06:38:35.234+0000][151028][gc,metaspace] GC(791) Metaspace: 179440K(184000K)->179440K(184000K) NonClass: 157539K(160064K)->157539K(160064K) Class: 21901K(23936K)->21901K(23936K)
[2022-12-13T06:38:35.234+0000][151028][gc          ] GC(791) Pause Young (Mixed) (G1 Evacuation Pause) 5590M->451M(7992M) 18.660ms
[2022-12-13T06:38:35.234+0000][151028][gc,cpu      ] GC(791) User=0.12s Sys=0.01s Real=0.02s
[2022-12-13T06:38:35.234+0000][151028][safepoint   ] Safepoint "G1CollectForAllocation", Time since last: 1454277100 ns, Reaching safepoint: 174300 ns, At safepoint: 18850500 ns, Total: 19024800 ns
[2022-12-13T06:38:35.324+0000][151028][gc,start    ] GC(792) Pause Young (Concurrent Start) (G1 Humongous Allocation)
[2022-12-13T06:38:35.324+0000][151028][gc,task     ] GC(792) Using 10 workers of 10 for evacuation
[2022-12-13T06:38:35.324+0000][151028][gc,age      ] GC(792) Desired survivor size 314572800 bytes, new threshold 15 (max threshold 15)
[2022-12-13T06:38:35.328+0000][151028][gc,phases   ] GC(792)   Pre Evacuate Collection Set: 0.8ms
[2022-12-13T06:38:35.328+0000][151028][gc,phases   ] GC(792)   Merge Heap Roots: 0.2ms
[2022-12-13T06:38:35.328+0000][151028][gc,phases   ] GC(792)   Evacuate Collection Set: 2.5ms
[2022-12-13T06:38:35.328+0000][151028][gc,phases   ] GC(792)   Post Evacuate Collection Set: 0.9ms
[2022-12-13T06:38:35.328+0000][151028][gc,phases   ] GC(792)   Other: 0.2ms
[2022-12-13T06:38:35.328+0000][151028][gc,age      ] GC(792) Age table with threshold 15 (max threshold 15)
[2022-12-13T06:38:35.328+0000][151028][gc,age      ] GC(792) - age   1:     297776 bytes,     297776 total
[2022-12-13T06:38:35.328+0000][151028][gc,age      ] GC(792) - age   2:     931896 bytes,    1229672 total
[2022-12-13T06:38:35.328+0000][151028][gc,age      ] GC(792) - age   3:     196560 bytes,    1426232 total
[2022-12-13T06:38:35.328+0000][151028][gc,age      ] GC(792) - age   5:     198656 bytes,    1624888 total
[2022-12-13T06:38:35.329+0000][151028][gc,heap     ] GC(792) Eden regions: 5->0(1197)
[2022-12-13T06:38:35.329+0000][151028][gc,heap     ] GC(792) Survivor regions: 4->1(150)
[2022-12-13T06:38:35.329+0000][151028][gc,heap     ] GC(792) Old regions: 107->107
[2022-12-13T06:38:35.329+0000][151028][gc,heap     ] GC(792) Archive regions: 2->2
[2022-12-13T06:38:35.329+0000][151028][gc,heap     ] GC(792) Humongous regions: 2->2
[2022-12-13T06:38:35.329+0000][151028][gc,metaspace] GC(792) Metaspace: 179440K(184000K)->179440K(184000K) NonClass: 157539K(160064K)->157539K(160064K) Class: 21901K(23936K)->21901K(23936K)
[2022-12-13T06:38:35.329+0000][151028][gc          ] GC(792) Pause Young (Concurrent Start) (G1 Humongous Allocation) 467M->440M(7992M) 4.996ms
[2022-12-13T06:38:35.329+0000][151028][gc,cpu      ] GC(792) User=0.02s Sys=0.00s Real=0.00s
[2022-12-13T06:38:35.329+0000][151028][gc          ] GC(793) Concurrent Mark Cycle
[2022-12-13T06:38:35.329+0000][151028][gc,marking  ] GC(793) Concurrent Clear Claimed Marks
[2022-12-13T06:38:35.329+0000][151028][safepoint   ] Safepoint "G1TryInitiateConcMark", Time since last: 89216700 ns, Reaching safepoint: 186300 ns, At safepoint: 5190600 ns, Total: 5376900 ns
[2022-12-13T06:38:35.329+0000][151028][gc,marking  ] GC(793) Concurrent Clear Claimed Marks 0.215ms
[2022-12-13T06:38:35.329+0000][151028][gc,marking  ] GC(793) Concurrent Scan Root Regions
[2022-12-13T06:38:35.337+0000][151028][gc,marking  ] GC(793) Concurrent Scan Root Regions 7.929ms
[2022-12-13T06:38:35.337+0000][151028][gc,marking  ] GC(793) Concurrent Mark
[2022-12-13T06:38:35.337+0000][151028][gc,marking  ] GC(793) Concurrent Mark From Roots
[2022-12-13T06:38:35.337+0000][151028][gc,task     ] GC(793) Using 3 workers of 3 for marking
[2022-12-13T06:38:35.620+0000][151028][gc,marking  ] GC(793) Concurrent Mark From Roots 283.070ms
[2022-12-13T06:38:35.620+0000][151028][gc,marking  ] GC(793) Concurrent Preclean
[2022-12-13T06:38:35.621+0000][151028][gc,marking  ] GC(793) Concurrent Preclean 0.529ms
[2022-12-13T06:38:35.621+0000][151028][gc,start    ] GC(793) Pause Remark
[2022-12-13T06:38:35.635+0000][151028][gc          ] GC(793) Pause Remark 1026M->1026M(7992M) 13.777ms
[2022-12-13T06:38:35.635+0000][151028][gc,cpu      ] GC(793) User=0.11s Sys=0.00s Real=0.01s
[2022-12-13T06:38:35.635+0000][151028][safepoint   ] Safepoint "G1PauseRemark", Time since last: 291983600 ns, Reaching safepoint: 193500 ns, At safepoint: 14008800 ns, Total: 14202300 ns
[2022-12-13T06:38:35.635+0000][151028][gc,marking  ] GC(793) Concurrent Mark 298.016ms
[2022-12-13T06:38:35.635+0000][151028][gc,marking  ] GC(793) Concurrent Rebuild Remembered Sets
[2022-12-13T06:38:35.757+0000][151028][gc,marking  ] GC(793) Concurrent Rebuild Remembered Sets 121.447ms
[2022-12-13T06:38:35.757+0000][151028][gc,start    ] GC(793) Pause Cleanup
[2022-12-13T06:38:35.757+0000][151028][gc          ] GC(793) Pause Cleanup 1029M->1029M(7992M) 0.518ms
[2022-12-13T06:38:35.757+0000][151028][gc,cpu      ] GC(793) User=0.00s Sys=0.00s Real=0.00s
[2022-12-13T06:38:35.757+0000][151028][safepoint   ] Safepoint "G1PauseCleanup", Time since last: 121683300 ns, Reaching safepoint: 205200 ns, At safepoint: 618900 ns, Total: 824100 ns
[2022-12-13T06:38:35.758+0000][151028][gc,marking  ] GC(793) Concurrent Cleanup for Next Mark
[2022-12-13T06:38:35.779+0000][151028][gc,marking  ] GC(793) Concurrent Cleanup for Next Mark 21.778ms
[2022-12-13T06:38:35.779+0000][151028][gc          ] GC(793) Concurrent Mark Cycle 450.747ms
[2022-12-13T06:38:37.758+0000][151028][safepoint   ] Safepoint "Cleanup", Time since last: 2000347200 ns, Reaching safepoint: 244400 ns, At safepoint: 28900 ns, Total: 273300 ns
[2022-12-13T06:38:38.758+0000][151028][safepoint   ] Safepoint "Cleanup", Time since last: 1000143300 ns, Reaching safepoint: 208700 ns, At safepoint: 13500 ns, Total: 222200 ns
[2022-12-13T06:38:39.531+0000][151028][gc,start    ] GC(794) Pause Young (Prepare Mixed) (G1 Preventive Collection)
[2022-12-13T06:38:39.532+0000][151028][gc,task     ] GC(794) Using 10 workers of 10 for evacuation
[2022-12-13T06:38:39.532+0000][151028][gc,age      ] GC(794) Desired survivor size 314572800 bytes, new threshold 15 (max threshold 15)
[2022-12-13T06:38:39.548+0000][151028][gc,phases   ] GC(794)   Pre Evacuate Collection Set: 0.4ms
[2022-12-13T06:38:39.549+0000][151028][gc,phases   ] GC(794)   Merge Heap Roots: 0.2ms
[2022-12-13T06:38:39.549+0000][151028][gc,phases   ] GC(794)   Evacuate Collection Set: 3.6ms
[2022-12-13T06:38:39.549+0000][151028][gc,phases   ] GC(794)   Post Evacuate Collection Set: 12.5ms
[2022-12-13T06:38:39.549+0000][151028][gc,phases   ] GC(794)   Other: 0.2ms
[2022-12-13T06:38:39.549+0000][151028][gc,age      ] GC(794) Age table with threshold 15 (max threshold 15)
[2022-12-13T06:38:39.549+0000][151028][gc,age      ] GC(794) - age   1:   26211320 bytes,   26211320 total
[2022-12-13T06:38:39.549+0000][151028][gc,age      ] GC(794) - age   2:        608 bytes,   26211928 total
[2022-12-13T06:38:39.549+0000][151028][gc,age      ] GC(794) - age   3:     117720 bytes,   26329648 total
[2022-12-13T06:38:39.549+0000][151028][gc,age      ] GC(794) - age   4:     149960 bytes,   26479608 total
[2022-12-13T06:38:39.549+0000][151028][gc,age      ] GC(794) - age   6:      47944 bytes,   26527552 total
[2022-12-13T06:38:39.549+0000][151028][gc,heap     ] GC(794) Eden regions: 169->0(89)
[2022-12-13T06:38:39.549+0000][151028][gc,heap     ] GC(794) Survivor regions: 1->10(20)
[2022-12-13T06:38:39.549+0000][151028][gc,heap     ] GC(794) Old regions: 107->107
[2022-12-13T06:38:39.549+0000][151028][gc,heap     ] GC(794) Archive regions: 2->2
[2022-12-13T06:38:39.549+0000][151028][gc,heap     ] GC(794) Humongous regions: 1699->2
[2022-12-13T06:38:39.549+0000][151028][gc,metaspace] GC(794) Metaspace: 179443K(184000K)->179443K(184000K) NonClass: 157542K(160064K)->157542K(160064K) Class: 21901K(23936K)->21901K(23936K)
[2022-12-13T06:38:39.549+0000][151028][gc          ] GC(794) Pause Young (Prepare Mixed) (G1 Preventive Collection) 7903M->475M(7992M) 17.255ms
[2022-12-13T06:38:39.549+0000][151028][gc,cpu      ] GC(794) User=0.12s Sys=0.00s Real=0.01s
[2022-12-13T06:38:39.549+0000][151028][safepoint   ] Safepoint "G1CollectForAllocation", Time since last: 772708300 ns, Reaching safepoint: 307300 ns, At safepoint: 17468400 ns, Total: 17775700 ns
[2022-12-13T06:38:41.638+0000][151028][gc,start    ] GC(795) Pause Young (Mixed) (G1 Evacuation Pause)
[2022-12-13T06:38:41.638+0000][151028][gc,task     ] GC(795) Using 10 workers of 10 for evacuation
[2022-12-13T06:38:41.638+0000][151028][gc,age      ] GC(795) Desired survivor size 27262976 bytes, new threshold 15 (max threshold 15)
[2022-12-13T06:38:41.655+0000][151028][gc,phases   ] GC(795)   Pre Evacuate Collection Set: 0.3ms
[2022-12-13T06:38:41.655+0000][151028][gc,phases   ] GC(795)   Merge Heap Roots: 0.3ms
[2022-12-13T06:38:41.655+0000][151028][gc,phases   ] GC(795)   Evacuate Collection Set: 10.0ms
[2022-12-13T06:38:41.655+0000][151028][gc,phases   ] GC(795)   Post Evacuate Collection Set: 6.7ms
[2022-12-13T06:38:41.655+0000][151028][gc,phases   ] GC(795)   Other: 0.2ms
[2022-12-13T06:38:41.655+0000][151028][gc,age      ] GC(795) Age table with threshold 15 (max threshold 15)
[2022-12-13T06:38:41.655+0000][151028][gc,age      ] GC(795) - age   1:   14345088 bytes,   14345088 total
[2022-12-13T06:38:41.655+0000][151028][gc,age      ] GC(795) - age   2:     371888 bytes,   14716976 total
[2022-12-13T06:38:41.655+0000][151028][gc,age      ] GC(795) - age   3:        368 bytes,   14717344 total
[2022-12-13T06:38:41.655+0000][151028][gc,age      ] GC(795) - age   4:     110656 bytes,   14828000 total
[2022-12-13T06:38:41.655+0000][151028][gc,age      ] GC(795) - age   5:     143088 bytes,   14971088 total
[2022-12-13T06:38:41.655+0000][151028][gc,age      ] GC(795) - age   7:      44904 bytes,   15015992 total
[2022-12-13T06:38:41.655+0000][151028][gc,heap     ] GC(795) Eden regions: 89->0(1194)
[2022-12-13T06:38:41.656+0000][151028][gc,heap     ] GC(795) Survivor regions: 10->4(13)
[2022-12-13T06:38:41.656+0000][151028][gc,heap     ] GC(795) Old regions: 107->109
[2022-12-13T06:38:41.656+0000][151028][gc,heap     ] GC(795) Archive regions: 2->2
[2022-12-13T06:38:41.656+0000][151028][gc,heap     ] GC(795) Humongous regions: 688->2
[2022-12-13T06:38:41.656+0000][151028][gc,metaspace] GC(795) Metaspace: 179443K(184000K)->179443K(184000K) NonClass: 157542K(160064K)->157542K(160064K) Class: 21901K(23936K)->21901K(23936K)
[2022-12-13T06:38:41.656+0000][151028][gc          ] GC(795) Pause Young (Mixed) (G1 Evacuation Pause) 3575M->459M(7992M) 17.805ms
[2022-12-13T06:38:41.656+0000][151028][gc,cpu      ] GC(795) User=0.11s Sys=0.02s Real=0.02s
[2022-12-13T06:38:41.656+0000][151028][safepoint   ] Safepoint "G1CollectForAllocation", Time since last: 2088542000 ns, Reaching safepoint: 281700 ns, At safepoint: 17998600 ns, Total: 18280300 ns
[2022-12-13T06:38:41.667+0000][151028][gc,start    ] GC(796) Pause Young (Concurrent Start) (G1 Humongous Allocation)
[2022-12-13T06:38:41.667+0000][151028][gc,task     ] GC(796) Using 10 workers of 10 for evacuation
[2022-12-13T06:38:41.667+0000][151028][gc,age      ] GC(796) Desired survivor size 314572800 bytes, new threshold 15 (max threshold 15)
[2022-12-13T06:38:41.675+0000][151028][gc,phases   ] GC(796)   Pre Evacuate Collection Set: 0.8ms
[2022-12-13T06:38:41.675+0000][151028][gc,phases   ] GC(796)   Merge Heap Roots: 0.2ms
[2022-12-13T06:38:41.675+0000][151028][gc,phases   ] GC(796)   Evacuate Collection Set: 5.2ms
[2022-12-13T06:38:41.675+0000][151028][gc,phases   ] GC(796)   Post Evacuate Collection Set: 1.3ms
[2022-12-13T06:38:41.675+0000][151028][gc,phases   ] GC(796)   Other: 0.2ms
[2022-12-13T06:38:41.675+0000][151028][gc,age      ] GC(796) Age table with threshold 15 (max threshold 15)
[2022-12-13T06:38:41.675+0000][151028][gc,age      ] GC(796) - age   1:    8924128 bytes,    8924128 total
[2022-12-13T06:38:41.675+0000][151028][gc,age      ] GC(796) - age   2:    2130760 bytes,   11054888 total
[2022-12-13T06:38:41.675+0000][151028][gc,age      ] GC(796) - age   3:     371248 bytes,   11426136 total
[2022-12-13T06:38:41.675+0000][151028][gc,age      ] GC(796) - age   4:        368 bytes,   11426504 total
[2022-12-13T06:38:41.675+0000][151028][gc,age      ] GC(796) - age   5:     110656 bytes,   11537160 total
[2022-12-13T06:38:41.675+0000][151028][gc,age      ] GC(796) - age   6:     142968 bytes,   11680128 total
[2022-12-13T06:38:41.675+0000][151028][gc,age      ] GC(796) - age   8:      44904 bytes,   11725032 total
[2022-12-13T06:38:41.675+0000][151028][gc,heap     ] GC(796) Eden regions: 5->0(1192)
[2022-12-13T06:38:41.675+0000][151028][gc,heap     ] GC(796) Survivor regions: 4->6(150)
[2022-12-13T06:38:41.675+0000][151028][gc,heap     ] GC(796) Old regions: 109->109
[2022-12-13T06:38:41.675+0000][151028][gc,heap     ] GC(796) Archive regions: 2->2
[2022-12-13T06:38:41.675+0000][151028][gc,heap     ] GC(796) Humongous regions: 2->2
[2022-12-13T06:38:41.675+0000][151028][gc,metaspace] GC(796) Metaspace: 179443K(184000K)->179443K(184000K) NonClass: 157542K(160064K)->157542K(160064K) Class: 21901K(23936K)->21901K(23936K)
[2022-12-13T06:38:41.675+0000][151028][gc          ] GC(796) Pause Young (Concurrent Start) (G1 Humongous Allocation) 478M->467M(7992M) 8.065ms
[2022-12-13T06:38:41.675+0000][151028][gc          ] GC(797) Concurrent Mark Cycle
[2022-12-13T06:38:41.675+0000][151028][gc,marking  ] GC(797) Concurrent Clear Claimed Marks
[2022-12-13T06:38:41.675+0000][151028][gc,cpu      ] GC(796) User=0.05s Sys=0.00s Real=0.01s
[2022-12-13T06:38:41.675+0000][151028][safepoint   ] Safepoint "G1TryInitiateConcMark", Time since last: 10928100 ns, Reaching safepoint: 256400 ns, At safepoint: 8456000 ns, Total: 8712400 ns
[2022-12-13T06:38:41.676+0000][151028][gc,marking  ] GC(797) Concurrent Clear Claimed Marks 0.372ms
[2022-12-13T06:38:41.676+0000][151028][gc,marking  ] GC(797) Concurrent Scan Root Regions
[2022-12-13T06:38:41.678+0000][151028][gc,marking  ] GC(797) Concurrent Scan Root Regions 2.733ms
[2022-12-13T06:38:41.678+0000][151028][gc,marking  ] GC(797) Concurrent Mark
[2022-12-13T06:38:41.678+0000][151028][gc,marking  ] GC(797) Concurrent Mark From Roots
[2022-12-13T06:38:41.678+0000][151028][gc,task     ] GC(797) Using 3 workers of 3 for marking
[2022-12-13T06:38:42.054+0000][151028][gc,marking  ] GC(797) Concurrent Mark From Roots 375.158ms
[2022-12-13T06:38:42.054+0000][151028][gc,marking  ] GC(797) Concurrent Preclean
[2022-12-13T06:38:42.054+0000][151028][gc,marking  ] GC(797) Concurrent Preclean 0.709ms
[2022-12-13T06:38:42.071+0000][151028][gc,start    ] GC(797) Pause Remark
[2022-12-13T06:38:42.084+0000][151028][gc          ] GC(797) Pause Remark 1824M->1824M(7992M) 13.014ms
[2022-12-13T06:38:42.084+0000][151028][gc,cpu      ] GC(797) User=0.11s Sys=0.00s Real=0.01s
[2022-12-13T06:38:42.084+0000][151028][safepoint   ] Safepoint "G1PauseRemark", Time since last: 379043900 ns, Reaching safepoint: 16642000 ns, At safepoint: 13323500 ns, Total: 29965500 ns
[2022-12-13T06:38:42.084+0000][151028][gc,marking  ] GC(797) Concurrent Mark 406.081ms
[2022-12-13T06:38:42.085+0000][151028][gc,marking  ] GC(797) Concurrent Rebuild Remembered Sets
[2022-12-13T06:38:42.268+0000][151028][gc,marking  ] GC(797) Concurrent Rebuild Remembered Sets 183.554ms
[2022-12-13T06:38:42.268+0000][151028][gc,start    ] GC(797) Pause Cleanup
[2022-12-13T06:38:42.269+0000][151028][gc          ] GC(797) Pause Cleanup 2067M->2067M(7992M) 0.634ms
[2022-12-13T06:38:42.269+0000][151028][gc,cpu      ] GC(797) User=0.01s Sys=0.00s Real=0.00s
[2022-12-13T06:38:42.269+0000][151028][safepoint   ] Safepoint "G1PauseCleanup", Time since last: 183793900 ns, Reaching safepoint: 187600 ns, At safepoint: 781100 ns, Total: 968700 ns
[2022-12-13T06:38:42.269+0000][151028][gc,marking  ] GC(797) Concurrent Cleanup for Next Mark
[2022-12-13T06:38:42.295+0000][151028][gc,marking  ] GC(797) Concurrent Cleanup for Next Mark 25.924ms
[2022-12-13T06:38:42.295+0000][151028][gc          ] GC(797) Concurrent Mark Cycle 620.162ms
[2022-12-13T06:38:43.789+0000][151028][safepoint   ] Safepoint "Cleanup", Time since last: 1519198100 ns, Reaching safepoint: 212700 ns, At safepoint: 13800 ns, Total: 226500 ns
[2022-12-13T06:38:45.716+0000][151028][gc,start    ] GC(798) Pause Young (Prepare Mixed) (G1 Preventive Collection)
[2022-12-13T06:38:45.716+0000][151028][gc,task     ] GC(798) Using 10 workers of 10 for evacuation
[2022-12-13T06:38:45.716+0000][151028][gc,age      ] GC(798) Desired survivor size 314572800 bytes, new threshold 15 (max threshold 15)
[2022-12-13T06:38:45.742+0000][151028][gc,phases   ] GC(798)   Pre Evacuate Collection Set: 0.4ms
[2022-12-13T06:38:45.742+0000][151028][gc,phases   ] GC(798)   Merge Heap Roots: 0.3ms
[2022-12-13T06:38:45.742+0000][151028][gc,phases   ] GC(798)   Evacuate Collection Set: 3.7ms
[2022-12-13T06:38:45.742+0000][151028][gc,phases   ] GC(798)   Post Evacuate Collection Set: 21.5ms
[2022-12-13T06:38:45.742+0000][151028][gc,phases   ] GC(798)   Other: 0.2ms
[2022-12-13T06:38:45.742+0000][151028][gc,age      ] GC(798) Age table with threshold 15 (max threshold 15)
[2022-12-13T06:38:45.742+0000][151028][gc,age      ] GC(798) - age   1:   55040224 bytes,   55040224 total
[2022-12-13T06:38:45.742+0000][151028][gc,age      ] GC(798) - age   2:        176 bytes,   55040400 total
[2022-12-13T06:38:45.743+0000][151028][gc,age      ] GC(798) - age   3:      19856 bytes,   55060256 total
[2022-12-13T06:38:45.743+0000][151028][gc,age      ] GC(798) - age   4:     176528 bytes,   55236784 total
[2022-12-13T06:38:45.743+0000][151028][gc,age      ] GC(798) - age   5:        128 bytes,   55236912 total
[2022-12-13T06:38:45.743+0000][151028][gc,age      ] GC(798) - age   6:     104768 bytes,   55341680 total
[2022-12-13T06:38:45.743+0000][151028][gc,age      ] GC(798) - age   7:      71312 bytes,   55412992 total
[2022-12-13T06:38:45.743+0000][151028][gc,age      ] GC(798) - age   9:      28192 bytes,   55441184 total
[2022-12-13T06:38:45.743+0000][151028][gc,heap     ] GC(798) Eden regions: 259->0(84)
[2022-12-13T06:38:45.743+0000][151028][gc,heap     ] GC(798) Survivor regions: 6->15(43)
[2022-12-13T06:38:45.743+0000][151028][gc,heap     ] GC(798) Old regions: 109->109
[2022-12-13T06:38:45.743+0000][151028][gc,heap     ] GC(798) Archive regions: 2->2
[2022-12-13T06:38:45.743+0000][151028][gc,heap     ] GC(798) Humongous regions: 1579->5
[2022-12-13T06:38:45.743+0000][151028][gc,metaspace] GC(798) Metaspace: 179456K(184000K)->179456K(184000K) NonClass: 157555K(160064K)->157555K(160064K) Class: 21901K(23936K)->21901K(23936K)
[2022-12-13T06:38:45.743+0000][151028][gc          ] GC(798) Pause Young (Prepare Mixed) (G1 Preventive Collection) 7809M->514M(7992M) 26.703ms
[2022-12-13T06:38:45.743+0000][151028][gc,cpu      ] GC(798) User=0.16s Sys=0.01s Real=0.03s
[2022-12-13T06:38:45.743+0000][151028][safepoint   ] Safepoint "G1CollectForAllocation", Time since last: 1927300100 ns, Reaching safepoint: 202300 ns, At safepoint: 26877300 ns, Total: 27079600 ns
[2022-12-13T06:38:46.939+0000][151028][gc,start    ] GC(799) Pause Young (Mixed) (G1 Evacuation Pause)
[2022-12-13T06:38:46.939+0000][151028][gc,task     ] GC(799) Using 10 workers of 10 for evacuation
[2022-12-13T06:38:46.939+0000][151028][gc,age      ] GC(799) Desired survivor size 27262976 bytes, new threshold 1 (max threshold 15)
[2022-12-13T06:38:46.954+0000][151028][gc,phases   ] GC(799)   Pre Evacuate Collection Set: 0.4ms
[2022-12-13T06:38:46.954+0000][151028][gc,phases   ] GC(799)   Merge Heap Roots: 0.2ms
[2022-12-13T06:38:46.954+0000][151028][gc,phases   ] GC(799)   Evacuate Collection Set: 8.0ms
[2022-12-13T06:38:46.954+0000][151028][gc,phases   ] GC(799)   Post Evacuate Collection Set: 6.4ms
[2022-12-13T06:38:46.954+0000][151028][gc,phases   ] GC(799)   Other: 0.2ms
[2022-12-13T06:38:46.954+0000][151028][gc,age      ] GC(799) Age table with threshold 1 (max threshold 15)
[2022-12-13T06:38:46.954+0000][151028][gc,age      ] GC(799) - age   1:   15598016 bytes,   15598016 total
[2022-12-13T06:38:46.954+0000][151028][gc,heap     ] GC(799) Eden regions: 84->0(1194)
[2022-12-13T06:38:46.954+0000][151028][gc,heap     ] GC(799) Survivor regions: 15->4(13)
[2022-12-13T06:38:46.954+0000][151028][gc,heap     ] GC(799) Old regions: 109->107
[2022-12-13T06:38:46.954+0000][151028][gc,heap     ] GC(799) Archive regions: 2->2
[2022-12-13T06:38:46.954+0000][151028][gc,heap     ] GC(799) Humongous regions: 553->2
[2022-12-13T06:38:46.954+0000][151028][gc,metaspace] GC(799) Metaspace: 179457K(184000K)->179457K(184000K) NonClass: 157556K(160064K)->157556K(160064K) Class: 21901K(23936K)->21901K(23936K)
[2022-12-13T06:38:46.954+0000][151028][gc          ] GC(799) Pause Young (Mixed) (G1 Evacuation Pause) 3042M->453M(7992M) 15.419ms
[2022-12-13T06:38:46.954+0000][151028][gc,cpu      ] GC(799) User=0.10s Sys=0.01s Real=0.01s
[2022-12-13T06:38:46.955+0000][151028][safepoint   ] Safepoint "G1CollectForAllocation", Time since last: 1195814400 ns, Reaching safepoint: 180000 ns, At safepoint: 15591100 ns, Total: 15771100 ns
[2022-12-13T06:38:47.479+0000][151028][gc,start    ] GC(800) Pause Young (Concurrent Start) (G1 Humongous Allocation)
[2022-12-13T06:38:47.479+0000][151028][gc,task     ] GC(800) Using 10 workers of 10 for evacuation
[2022-12-13T06:38:47.479+0000][151028][gc,age      ] GC(800) Desired survivor size 314572800 bytes, new threshold 15 (max threshold 15)
[2022-12-13T06:38:47.487+0000][151028][gc,phases   ] GC(800)   Pre Evacuate Collection Set: 0.9ms
[2022-12-13T06:38:47.487+0000][151028][gc,phases   ] GC(800)   Merge Heap Roots: 0.2ms
[2022-12-13T06:38:47.487+0000][151028][gc,phases   ] GC(800)   Evacuate Collection Set: 4.3ms
[2022-12-13T06:38:47.487+0000][151028][gc,phases   ] GC(800)   Post Evacuate Collection Set: 1.8ms
[2022-12-13T06:38:47.487+0000][151028][gc,phases   ] GC(800)   Other: 0.2ms
[2022-12-13T06:38:47.487+0000][151028][gc,age      ] GC(800) Age table with threshold 15 (max threshold 15)
[2022-12-13T06:38:47.487+0000][151028][gc,age      ] GC(800) - age   1:    5492176 bytes,    5492176 total
[2022-12-13T06:38:47.487+0000][151028][gc,age      ] GC(800) - age   2:     393776 bytes,    5885952 total
[2022-12-13T06:38:47.487+0000][151028][gc,heap     ] GC(800) Eden regions: 15->0(1193)
[2022-12-13T06:38:47.487+0000][151028][gc,heap     ] GC(800) Survivor regions: 4->5(150)
[2022-12-13T06:38:47.487+0000][151028][gc,heap     ] GC(800) Old regions: 107->107
[2022-12-13T06:38:47.487+0000][151028][gc,heap     ] GC(800) Archive regions: 2->2
[2022-12-13T06:38:47.487+0000][151028][gc,heap     ] GC(800) Humongous regions: 68->2
[2022-12-13T06:38:47.487+0000][151028][gc,metaspace] GC(800) Metaspace: 179457K(184000K)->179457K(184000K) NonClass: 157556K(160064K)->157556K(160064K) Class: 21901K(23936K)->21901K(23936K)
[2022-12-13T06:38:47.487+0000][151028][gc          ] GC(800) Pause Young (Concurrent Start) (G1 Humongous Allocation) 773M->457M(7992M) 7.885ms
[2022-12-13T06:38:47.487+0000][151028][gc          ] GC(801) Concurrent Undo Cycle
[2022-12-13T06:38:47.487+0000][151028][gc,cpu      ] GC(800) User=0.04s Sys=0.00s Real=0.00s
[2022-12-13T06:38:47.487+0000][151028][gc,marking  ] GC(801) Concurrent Cleanup for Next Mark
[2022-12-13T06:38:47.487+0000][151028][safepoint   ] Safepoint "G1TryInitiateConcMark", Time since last: 524261600 ns, Reaching safepoint: 257800 ns, At safepoint: 8191600 ns, Total: 8449400 ns
[2022-12-13T06:38:47.488+0000][151028][gc,marking  ] GC(801) Concurrent Cleanup for Next Mark 0.874ms
[2022-12-13T06:38:47.488+0000][151028][gc          ] GC(801) Concurrent Undo Cycle 1.012ms
[2022-12-13T06:38:47.520+0000][151028][gc,start    ] GC(802) Pause Young (Concurrent Start) (G1 Humongous Allocation)
[2022-12-13T06:38:47.520+0000][151028][gc,task     ] GC(802) Using 10 workers of 10 for evacuation
[2022-12-13T06:38:47.520+0000][151028][gc,age      ] GC(802) Desired survivor size 314572800 bytes, new threshold 15 (max threshold 15)
[2022-12-13T06:38:47.528+0000][151028][gc,phases   ] GC(802)   Pre Evacuate Collection Set: 0.9ms
[2022-12-13T06:38:47.528+0000][151028][gc,phases   ] GC(802)   Merge Heap Roots: 0.2ms
[2022-12-13T06:38:47.528+0000][151028][gc,phases   ] GC(802)   Evacuate Collection Set: 5.2ms
[2022-12-13T06:38:47.528+0000][151028][gc,phases   ] GC(802)   Post Evacuate Collection Set: 1.4ms
[2022-12-13T06:38:47.528+0000][151028][gc,phases   ] GC(802)   Other: 0.1ms
[2022-12-13T06:38:47.528+0000][151028][gc,age      ] GC(802) Age table with threshold 15 (max threshold 15)
[2022-12-13T06:38:47.528+0000][151028][gc,age      ] GC(802) - age   1:    2646416 bytes,    2646416 total
[2022-12-13T06:38:47.528+0000][151028][gc,age      ] GC(802) - age   2:    5268016 bytes,    7914432 total
[2022-12-13T06:38:47.528+0000][151028][gc,age      ] GC(802) - age   3:     261664 bytes,    8176096 total
[2022-12-13T06:38:47.528+0000][151028][gc,heap     ] GC(802) Eden regions: 4->0(707)
[2022-12-13T06:38:47.528+0000][151028][gc,heap     ] GC(802) Survivor regions: 5->5(150)
[2022-12-13T06:38:47.528+0000][151028][gc,heap     ] GC(802) Old regions: 107->107
[2022-12-13T06:38:47.528+0000][151028][gc,heap     ] GC(802) Archive regions: 2->2
[2022-12-13T06:38:47.528+0000][151028][gc,heap     ] GC(802) Humongous regions: 35->35
[2022-12-13T06:38:47.528+0000][151028][gc,metaspace] GC(802) Metaspace: 179457K(184000K)->179457K(184000K) NonClass: 157556K(160064K)->157556K(160064K) Class: 21901K(23936K)->21901K(23936K)
[2022-12-13T06:38:47.528+0000][151028][gc          ] GC(802) Pause Young (Concurrent Start) (G1 Humongous Allocation) 601M->589M(7992M) 8.199ms
[2022-12-13T06:38:47.528+0000][151028][gc,cpu      ] GC(802) User=0.05s Sys=0.00s Real=0.00s
[2022-12-13T06:38:47.528+0000][151028][gc          ] GC(803) Concurrent Mark Cycle
[2022-12-13T06:38:47.528+0000][151028][gc,marking  ] GC(803) Concurrent Clear Claimed Marks
[2022-12-13T06:38:47.528+0000][151028][safepoint   ] Safepoint "G1TryInitiateConcMark", Time since last: 21549400 ns, Reaching safepoint: 11122800 ns, At safepoint: 8475100 ns, Total: 19597900 ns
[2022-12-13T06:38:47.529+0000][151028][gc,marking  ] GC(803) Concurrent Clear Claimed Marks 0.559ms
[2022-12-13T06:38:47.529+0000][151028][gc,marking  ] GC(803) Concurrent Scan Root Regions
[2022-12-13T06:38:47.531+0000][151028][gc,marking  ] GC(803) Concurrent Scan Root Regions 2.100ms
[2022-12-13T06:38:47.531+0000][151028][gc,marking  ] GC(803) Concurrent Mark
[2022-12-13T06:38:47.531+0000][151028][gc,marking  ] GC(803) Concurrent Mark From Roots
[2022-12-13T06:38:47.531+0000][151028][gc,task     ] GC(803) Using 3 workers of 3 for marking
[2022-12-13T06:38:47.833+0000][151028][gc,marking  ] GC(803) Concurrent Mark From Roots 302.271ms
[2022-12-13T06:38:47.833+0000][151028][gc,marking  ] GC(803) Concurrent Preclean
[2022-12-13T06:38:47.835+0000][151028][gc,marking  ] GC(803) Concurrent Preclean 1.081ms
[2022-12-13T06:38:47.866+0000][151028][gc,start    ] GC(803) Pause Remark
[2022-12-13T06:38:47.878+0000][151028][gc          ] GC(803) Pause Remark 1694M->1694M(7992M) 12.036ms
[2022-12-13T06:38:47.878+0000][151028][gc,cpu      ] GC(803) User=0.08s Sys=0.03s Real=0.01s
[2022-12-13T06:38:47.878+0000][151028][safepoint   ] Safepoint "G1PauseRemark", Time since last: 306298000 ns, Reaching safepoint: 30891700 ns, At safepoint: 12315500 ns, Total: 43207200 ns
[2022-12-13T06:38:47.878+0000][151028][gc,marking  ] GC(803) Concurrent Mark 346.921ms
[2022-12-13T06:38:47.878+0000][151028][gc,marking  ] GC(803) Concurrent Rebuild Remembered Sets
[2022-12-13T06:38:48.008+0000][151028][gc,marking  ] GC(803) Concurrent Rebuild Remembered Sets 130.204ms
[2022-12-13T06:38:48.024+0000][151028][gc,start    ] GC(803) Pause Cleanup
[2022-12-13T06:38:48.025+0000][151028][gc          ] GC(803) Pause Cleanup 1860M->1860M(7992M) 0.558ms
[2022-12-13T06:38:48.025+0000][151028][gc,cpu      ] GC(803) User=0.00s Sys=0.00s Real=0.00s
[2022-12-13T06:38:48.025+0000][151028][safepoint   ] Safepoint "G1PauseCleanup", Time since last: 130531300 ns, Reaching safepoint: 15459000 ns, At safepoint: 721100 ns, Total: 16180100 ns
[2022-12-13T06:38:48.025+0000][151028][gc,marking  ] GC(803) Concurrent Cleanup for Next Mark
[2022-12-13T06:38:48.049+0000][151028][gc,marking  ] GC(803) Concurrent Cleanup for Next Mark 24.211ms
[2022-12-13T06:38:48.049+0000][151028][gc          ] GC(803) Concurrent Mark Cycle 520.687ms
[2022-12-13T06:38:50.025+0000][151028][safepoint   ] Safepoint "Cleanup", Time since last: 2000230500 ns, Reaching safepoint: 182500 ns, At safepoint: 12400 ns, Total: 194900 ns
[2022-12-13T06:38:51.938+0000][151028][gc,start    ] GC(804) Pause Young (Prepare Mixed) (G1 Preventive Collection)
[2022-12-13T06:38:51.938+0000][151028][gc,task     ] GC(804) Using 10 workers of 10 for evacuation
[2022-12-13T06:38:51.938+0000][151028][gc,age      ] GC(804) Desired survivor size 186646528 bytes, new threshold 15 (max threshold 15)
[2022-12-13T06:38:51.961+0000][151028][gc,phases   ] GC(804)   Pre Evacuate Collection Set: 0.4ms
[2022-12-13T06:38:51.961+0000][151028][gc,phases   ] GC(804)   Merge Heap Roots: 0.3ms
[2022-12-13T06:38:51.961+0000][151028][gc,phases   ] GC(804)   Evacuate Collection Set: 6.0ms
[2022-12-13T06:38:51.961+0000][151028][gc,phases   ] GC(804)   Post Evacuate Collection Set: 16.1ms
[2022-12-13T06:38:51.961+0000][151028][gc,phases   ] GC(804)   Other: 0.2ms
[2022-12-13T06:38:51.961+0000][151028][gc,age      ] GC(804) Age table with threshold 15 (max threshold 15)
[2022-12-13T06:38:51.961+0000][151028][gc,age      ] GC(804) - age   1:   55339840 bytes,   55339840 total
[2022-12-13T06:38:51.961+0000][151028][gc,age      ] GC(804) - age   2:      17144 bytes,   55356984 total
[2022-12-13T06:38:51.961+0000][151028][gc,age      ] GC(804) - age   3:        808 bytes,   55357792 total
[2022-12-13T06:38:51.961+0000][151028][gc,age      ] GC(804) - age   4:      30464 bytes,   55388256 total
[2022-12-13T06:38:51.961+0000][151028][gc,heap     ] GC(804) Eden regions: 311->0(85)
[2022-12-13T06:38:51.961+0000][151028][gc,heap     ] GC(804) Survivor regions: 5->14(64)
[2022-12-13T06:38:51.961+0000][151028][gc,heap     ] GC(804) Old regions: 107->107
[2022-12-13T06:38:51.961+0000][151028][gc,heap     ] GC(804) Archive regions: 2->2
[2022-12-13T06:38:51.962+0000][151028][gc,heap     ] GC(804) Humongous regions: 1509->103
[2022-12-13T06:38:51.962+0000][151028][gc,metaspace] GC(804) Metaspace: 179457K(184000K)->179457K(184000K) NonClass: 157556K(160064K)->157556K(160064K) Class: 21901K(23936K)->21901K(23936K)
[2022-12-13T06:38:51.962+0000][151028][gc          ] GC(804) Pause Young (Prepare Mixed) (G1 Preventive Collection) 7729M->896M(7992M) 23.306ms
[2022-12-13T06:38:51.962+0000][151028][gc,cpu      ] GC(804) User=0.18s Sys=0.00s Real=0.02s
[2022-12-13T06:38:51.962+0000][151028][safepoint   ] Safepoint "G1CollectForAllocation", Time since last: 1886409200 ns, Reaching safepoint: 26748700 ns, At safepoint: 23540400 ns, Total: 50289100 ns
[2022-12-13T06:38:53.962+0000][151028][safepoint   ] Safepoint "Cleanup", Time since last: 2000278600 ns, Reaching safepoint: 225800 ns, At safepoint: 12900 ns, Total: 238700 ns
[2022-12-13T06:38:54.989+0000][151028][safepoint   ] Safepoint "Cleanup", Time since last: 1000192000 ns, Reaching safepoint: 26368200 ns, At safepoint: 110600 ns, Total: 26478800 ns
[2022-12-13T06:38:55.253+0000][151028][gc,start    ] GC(805) Pause Young (Mixed) (G1 Evacuation Pause)
[2022-12-13T06:38:55.253+0000][151028][gc,task     ] GC(805) Using 10 workers of 10 for evacuation
[2022-12-13T06:38:55.254+0000][151028][gc,age      ] GC(805) Desired survivor size 27262976 bytes, new threshold 1 (max threshold 15)
[2022-12-13T06:38:55.273+0000][151028][gc,phases   ] GC(805)   Pre Evacuate Collection Set: 0.4ms
[2022-12-13T06:38:55.273+0000][151028][gc,phases   ] GC(805)   Merge Heap Roots: 0.4ms
[2022-12-13T06:38:55.273+0000][151028][gc,phases   ] GC(805)   Evacuate Collection Set: 14.0ms
[2022-12-13T06:38:55.273+0000][151028][gc,phases   ] GC(805)   Post Evacuate Collection Set: 4.5ms
[2022-12-13T06:38:55.273+0000][151028][gc,phases   ] GC(805)   Other: 0.2ms
[2022-12-13T06:38:55.273+0000][151028][gc,age      ] GC(805) Age table with threshold 1 (max threshold 15)
[2022-12-13T06:38:55.273+0000][151028][gc,age      ] GC(805) - age   1:    3620672 bytes,    3620672 total
[2022-12-13T06:38:55.273+0000][151028][gc,heap     ] GC(805) Eden regions: 85->0(1180)
[2022-12-13T06:38:55.273+0000][151028][gc,heap     ] GC(805) Survivor regions: 14->1(13)
[2022-12-13T06:38:55.273+0000][151028][gc,heap     ] GC(805) Old regions: 107->105
[2022-12-13T06:38:55.273+0000][151028][gc,heap     ] GC(805) Archive regions: 2->2
[2022-12-13T06:38:55.273+0000][151028][gc,heap     ] GC(805) Humongous regions: 844->3
[2022-12-13T06:38:55.273+0000][151028][gc,metaspace] GC(805) Metaspace: 179457K(184000K)->179457K(184000K) NonClass: 157556K(160064K)->157556K(160064K) Class: 21901K(23936K)->21901K(23936K)
[2022-12-13T06:38:55.273+0000][151028][gc          ] GC(805) Pause Young (Mixed) (G1 Evacuation Pause) 4200M->439M(7992M) 19.830ms
[2022-12-13T06:38:55.273+0000][151028][gc,cpu      ] GC(805) User=0.11s Sys=0.00s Real=0.02s
[2022-12-13T06:38:55.273+0000][151028][safepoint   ] Safepoint "G1CollectForAllocation", Time since last: 264165300 ns, Reaching safepoint: 270200 ns, At safepoint: 20006600 ns, Total: 20276800 ns
[2022-12-13T06:38:55.279+0000][151028][gc,start    ] GC(806) Pause Young (Concurrent Start) (G1 Humongous Allocation)
[2022-12-13T06:38:55.279+0000][151028][gc,task     ] GC(806) Using 10 workers of 10 for evacuation
[2022-12-13T06:38:55.279+0000][151028][gc,age      ] GC(806) Desired survivor size 310378496 bytes, new threshold 15 (max threshold 15)
[2022-12-13T06:38:55.285+0000][151028][gc,phases   ] GC(806)   Pre Evacuate Collection Set: 0.8ms
[2022-12-13T06:38:55.285+0000][151028][gc,phases   ] GC(806)   Merge Heap Roots: 0.2ms
[2022-12-13T06:38:55.285+0000][151028][gc,phases   ] GC(806)   Evacuate Collection Set: 3.4ms
[2022-12-13T06:38:55.285+0000][151028][gc,phases   ] GC(806)   Post Evacuate Collection Set: 1.1ms
[2022-12-13T06:38:55.285+0000][151028][gc,phases   ] GC(806)   Other: 0.2ms
[2022-12-13T06:38:55.285+0000][151028][gc,age      ] GC(806) Age table with threshold 15 (max threshold 15)
[2022-12-13T06:38:55.285+0000][151028][gc,age      ] GC(806) - age   1:    4697752 bytes,    4697752 total
[2022-12-13T06:38:55.285+0000][151028][gc,age      ] GC(806) - age   2:    1741672 bytes,    6439424 total
[2022-12-13T06:38:55.285+0000][151028][gc,heap     ] GC(806) Eden regions: 3->0(523)
[2022-12-13T06:38:55.285+0000][151028][gc,heap     ] GC(806) Survivor regions: 1->2(148)
[2022-12-13T06:38:55.285+0000][151028][gc,heap     ] GC(806) Old regions: 105->105
[2022-12-13T06:38:55.285+0000][151028][gc,heap     ] GC(806) Archive regions: 2->2
[2022-12-13T06:38:55.285+0000][151028][gc,heap     ] GC(806) Humongous regions: 3->3
[2022-12-13T06:38:55.285+0000][151028][gc,metaspace] GC(806) Metaspace: 179457K(184000K)->179457K(184000K) NonClass: 157556K(160064K)->157556K(160064K) Class: 21901K(23936K)->21901K(23936K)
[2022-12-13T06:38:55.285+0000][151028][gc          ] GC(806) Pause Young (Concurrent Start) (G1 Humongous Allocation) 450M->442M(7992M) 5.882ms
[2022-12-13T06:38:55.285+0000][151028][gc,cpu      ] GC(806) User=0.03s Sys=0.01s Real=0.00s
[2022-12-13T06:38:55.285+0000][151028][safepoint   ] Safepoint "G1TryInitiateConcMark", Time since last: 5427400 ns, Reaching safepoint: 276300 ns, At safepoint: 6073400 ns, Total: 6349700 ns
[2022-12-13T06:38:55.286+0000][151028][gc          ] GC(807) Concurrent Mark Cycle
[2022-12-13T06:38:55.286+0000][151028][gc,marking  ] GC(807) Concurrent Clear Claimed Marks
[2022-12-13T06:38:55.286+0000][151028][gc,marking  ] GC(807) Concurrent Clear Claimed Marks 0.321ms
[2022-12-13T06:38:55.286+0000][151028][gc,marking  ] GC(807) Concurrent Scan Root Regions
[2022-12-13T06:38:55.289+0000][151028][gc,marking  ] GC(807) Concurrent Scan Root Regions 3.463ms
[2022-12-13T06:38:55.290+0000][151028][gc,marking  ] GC(807) Concurrent Mark
[2022-12-13T06:38:55.290+0000][151028][gc,marking  ] GC(807) Concurrent Mark From Roots
[2022-12-13T06:38:55.290+0000][151028][gc,task     ] GC(807) Using 3 workers of 3 for marking
[2022-12-13T06:38:55.605+0000][151028][gc,marking  ] GC(807) Concurrent Mark From Roots 315.750ms
[2022-12-13T06:38:55.605+0000][151028][gc,marking  ] GC(807) Concurrent Preclean
[2022-12-13T06:38:55.607+0000][151028][gc,marking  ] GC(807) Concurrent Preclean 1.405ms
[2022-12-13T06:38:55.613+0000][151028][gc,start    ] GC(807) Pause Remark
[2022-12-13T06:38:55.625+0000][151028][gc          ] GC(807) Pause Remark 1238M->1238M(7992M) 12.072ms
[2022-12-13T06:38:55.625+0000][151028][gc,cpu      ] GC(807) User=0.10s Sys=0.01s Real=0.01s
[2022-12-13T06:38:55.625+0000][151028][safepoint   ] Safepoint "G1PauseRemark", Time since last: 321904600 ns, Reaching safepoint: 5598800 ns, At safepoint: 12333100 ns, Total: 17931900 ns
[2022-12-13T06:38:55.625+0000][151028][gc,marking  ] GC(807) Concurrent Mark 335.666ms
[2022-12-13T06:38:55.625+0000][151028][gc,marking  ] GC(807) Concurrent Rebuild Remembered Sets
[2022-12-13T06:38:55.799+0000][151028][gc,marking  ] GC(807) Concurrent Rebuild Remembered Sets 174.172ms
[2022-12-13T06:38:55.800+0000][151028][gc,start    ] GC(807) Pause Cleanup
[2022-12-13T06:38:55.800+0000][151028][gc          ] GC(807) Pause Cleanup 1696M->1696M(7992M) 0.475ms
[2022-12-13T06:38:55.800+0000][151028][gc,cpu      ] GC(807) User=0.01s Sys=0.00s Real=0.00s
[2022-12-13T06:38:55.800+0000][151028][safepoint   ] Safepoint "G1PauseCleanup", Time since last: 174549500 ns, Reaching safepoint: 191300 ns, At safepoint: 587900 ns, Total: 779200 ns
[2022-12-13T06:38:55.800+0000][151028][gc,marking  ] GC(807) Concurrent Cleanup for Next Mark
[2022-12-13T06:38:55.822+0000][151028][gc,marking  ] GC(807) Concurrent Cleanup for Next Mark 22.077ms
[2022-12-13T06:38:55.823+0000][151028][gc          ] GC(807) Concurrent Mark Cycle 537.041ms
[2022-12-13T06:38:59.941+0000][151028][gc,start    ] GC(808) Pause Young (Prepare Mixed) (G1 Evacuation Pause)
[2022-12-13T06:38:59.941+0000][151028][gc,task     ] GC(808) Using 10 workers of 10 for evacuation
[2022-12-13T06:38:59.941+0000][151028][gc,age      ] GC(808) Desired survivor size 138412032 bytes, new threshold 15 (max threshold 15)
[2022-12-13T06:38:59.970+0000][151028][gc,phases   ] GC(808)   Pre Evacuate Collection Set: 0.4ms
[2022-12-13T06:38:59.970+0000][151028][gc,phases   ] GC(808)   Merge Heap Roots: 0.4ms
[2022-12-13T06:38:59.970+0000][151028][gc,phases   ] GC(808)   Evacuate Collection Set: 15.6ms
[2022-12-13T06:38:59.970+0000][151028][gc,phases   ] GC(808)   Post Evacuate Collection Set: 11.7ms
[2022-12-13T06:38:59.970+0000][151028][gc,phases   ] GC(808)   Other: 0.2ms
[2022-12-13T06:38:59.970+0000][151028][gc,age      ] GC(808) Age table with threshold 15 (max threshold 15)
[2022-12-13T06:38:59.970+0000][151028][gc,age      ] GC(808) - age   1:   77270904 bytes,   77270904 total
[2022-12-13T06:38:59.970+0000][151028][gc,age      ] GC(808) - age   2:         72 bytes,   77270976 total
[2022-12-13T06:38:59.970+0000][151028][gc,age      ] GC(808) - age   3:     123056 bytes,   77394032 total
[2022-12-13T06:38:59.970+0000][151028][gc,heap     ] GC(808) Eden regions: 523->0(78)
[2022-12-13T06:38:59.970+0000][151028][gc,heap     ] GC(808) Survivor regions: 2->21(66)
[2022-12-13T06:38:59.970+0000][151028][gc,heap     ] GC(808) Old regions: 105->105
[2022-12-13T06:38:59.970+0000][151028][gc,heap     ] GC(808) Archive regions: 2->2
[2022-12-13T06:38:59.970+0000][151028][gc,heap     ] GC(808) Humongous regions: 1072->10
[2022-12-13T06:38:59.970+0000][151028][gc,metaspace] GC(808) Metaspace: 179458K(184000K)->179458K(184000K) NonClass: 157557K(160064K)->157557K(160064K) Class: 21901K(23936K)->21901K(23936K)
[2022-12-13T06:38:59.970+0000][151028][gc          ] GC(808) Pause Young (Prepare Mixed) (G1 Evacuation Pause) 6810M->545M(7992M) 28.680ms
[2022-12-13T06:38:59.970+0000][151028][gc,cpu      ] GC(808) User=0.23s Sys=0.01s Real=0.02s
[2022-12-13T06:38:59.970+0000][151028][safepoint   ] Safepoint "G1CollectForAllocation", Time since last: 4140645700 ns, Reaching safepoint: 219700 ns, At safepoint: 28867600 ns, Total: 29087300 ns
[2022-12-13T06:39:00.955+0000][151028][gc,start    ] GC(809) Pause Young (Mixed) (G1 Evacuation Pause)
[2022-12-13T06:39:00.955+0000][151028][gc,task     ] GC(809) Using 10 workers of 10 for evacuation
[2022-12-13T06:39:00.955+0000][151028][gc,age      ] GC(809) Desired survivor size 27262976 bytes, new threshold 1 (max threshold 15)
[2022-12-13T06:39:00.971+0000][151028][gc,phases   ] GC(809)   Pre Evacuate Collection Set: 0.4ms
[2022-12-13T06:39:00.971+0000][151028][gc,phases   ] GC(809)   Merge Heap Roots: 0.3ms
[2022-12-13T06:39:00.971+0000][151028][gc,phases   ] GC(809)   Evacuate Collection Set: 9.8ms
[2022-12-13T06:39:00.971+0000][151028][gc,phases   ] GC(809)   Post Evacuate Collection Set: 4.8ms
[2022-12-13T06:39:00.971+0000][151028][gc,phases   ] GC(809)   Other: 0.2ms
[2022-12-13T06:39:00.971+0000][151028][gc,age      ] GC(809) Age table with threshold 1 (max threshold 15)
[2022-12-13T06:39:00.971+0000][151028][gc,age      ] GC(809) - age   1:   12179384 bytes,   12179384 total
[2022-12-13T06:39:00.971+0000][151028][gc,heap     ] GC(809) Eden regions: 78->0(826)
[2022-12-13T06:39:00.971+0000][151028][gc,heap     ] GC(809) Survivor regions: 21->3(13)
[2022-12-13T06:39:00.971+0000][151028][gc,heap     ] GC(809) Old regions: 105->106
[2022-12-13T06:39:00.971+0000][151028][gc,heap     ] GC(809) Archive regions: 2->2
[2022-12-13T06:39:00.971+0000][151028][gc,heap     ] GC(809) Humongous regions: 142->2
[2022-12-13T06:39:00.971+0000][151028][gc,metaspace] GC(809) Metaspace: 179458K(184000K)->179458K(184000K) NonClass: 157557K(160064K)->157557K(160064K) Class: 21901K(23936K)->21901K(23936K)
[2022-12-13T06:39:00.971+0000][151028][gc          ] GC(809) Pause Young (Mixed) (G1 Evacuation Pause) 1385M->445M(7992M) 15.742ms
[2022-12-13T06:39:00.971+0000][151028][gc,cpu      ] GC(809) User=0.12s Sys=0.01s Real=0.02s
[2022-12-13T06:39:00.971+0000][151028][safepoint   ] Safepoint "G1CollectForAllocation", Time since last: 984732000 ns, Reaching safepoint: 191100 ns, At safepoint: 15886400 ns, Total: 16077500 ns
[2022-12-13T06:39:01.209+0000][151028][gc,start    ] GC(810) Pause Young (Concurrent Start) (G1 Humongous Allocation)
[2022-12-13T06:39:01.210+0000][151028][gc,task     ] GC(810) Using 10 workers of 10 for evacuation
[2022-12-13T06:39:01.210+0000][151028][gc,age      ] GC(810) Desired survivor size 218103808 bytes, new threshold 15 (max threshold 15)
[2022-12-13T06:39:01.219+0000][151028][gc,phases   ] GC(810)   Pre Evacuate Collection Set: 0.8ms
[2022-12-13T06:39:01.219+0000][151028][gc,phases   ] GC(810)   Merge Heap Roots: 0.3ms
[2022-12-13T06:39:01.219+0000][151028][gc,phases   ] GC(810)   Evacuate Collection Set: 4.1ms
[2022-12-13T06:39:01.219+0000][151028][gc,phases   ] GC(810)   Post Evacuate Collection Set: 4.2ms
[2022-12-13T06:39:01.219+0000][151028][gc,phases   ] GC(810)   Other: 0.1ms
[2022-12-13T06:39:01.219+0000][151028][gc,age      ] GC(810) Age table with threshold 15 (max threshold 15)
[2022-12-13T06:39:01.219+0000][151028][gc,age      ] GC(810) - age   1:   12143664 bytes,   12143664 total
[2022-12-13T06:39:01.219+0000][151028][gc,age      ] GC(810) - age   2:    1783200 bytes,   13926864 total
[2022-12-13T06:39:01.219+0000][151028][gc,heap     ] GC(810) Eden regions: 41->0(1066)
[2022-12-13T06:39:01.219+0000][151028][gc,heap     ] GC(810) Survivor regions: 3->4(104)
[2022-12-13T06:39:01.219+0000][151028][gc,heap     ] GC(810) Old regions: 106->106
[2022-12-13T06:39:01.219+0000][151028][gc,heap     ] GC(810) Archive regions: 2->2
[2022-12-13T06:39:01.219+0000][151028][gc,heap     ] GC(810) Humongous regions: 2->2
[2022-12-13T06:39:01.219+0000][151028][gc,metaspace] GC(810) Metaspace: 179458K(184000K)->179458K(184000K) NonClass: 157557K(160064K)->157557K(160064K) Class: 21901K(23936K)->21901K(23936K)
[2022-12-13T06:39:01.219+0000][151028][gc          ] GC(810) Pause Young (Concurrent Start) (G1 Humongous Allocation) 607M->447M(7992M) 9.971ms
[2022-12-13T06:39:01.219+0000][151028][gc          ] GC(811) Concurrent Mark Cycle
[2022-12-13T06:39:01.220+0000][151028][gc,marking  ] GC(811) Concurrent Clear Claimed Marks
[2022-12-13T06:39:01.219+0000][151028][gc,cpu      ] GC(810) User=0.04s Sys=0.01s Real=0.02s
[2022-12-13T06:39:01.220+0000][151028][safepoint   ] Safepoint "G1TryInitiateConcMark", Time since last: 230830700 ns, Reaching safepoint: 7706200 ns, At safepoint: 10356200 ns, Total: 18062400 ns
[2022-12-13T06:39:01.220+0000][151028][gc,marking  ] GC(811) Concurrent Clear Claimed Marks 0.344ms
[2022-12-13T06:39:01.220+0000][151028][gc,marking  ] GC(811) Concurrent Scan Root Regions
[2022-12-13T06:39:01.226+0000][151028][gc,marking  ] GC(811) Concurrent Scan Root Regions 5.896ms
[2022-12-13T06:39:01.226+0000][151028][gc,marking  ] GC(811) Concurrent Mark
[2022-12-13T06:39:01.226+0000][151028][gc,marking  ] GC(811) Concurrent Mark From Roots
[2022-12-13T06:39:01.226+0000][151028][gc,task     ] GC(811) Using 3 workers of 3 for marking
[2022-12-13T06:39:01.613+0000][151028][gc,marking  ] GC(811) Concurrent Mark From Roots 387.262ms
[2022-12-13T06:39:01.613+0000][151028][gc,marking  ] GC(811) Concurrent Preclean
[2022-12-13T06:39:01.614+0000][151028][gc,marking  ] GC(811) Concurrent Preclean 0.983ms
[2022-12-13T06:39:01.615+0000][151028][gc,start    ] GC(811) Pause Remark
[2022-12-13T06:39:01.628+0000][151028][gc          ] GC(811) Pause Remark 1019M->1019M(7992M) 12.870ms
[2022-12-13T06:39:01.628+0000][151028][gc,cpu      ] GC(811) User=0.12s Sys=0.00s Real=0.01s
[2022-12-13T06:39:01.628+0000][151028][safepoint   ] Safepoint "G1PauseRemark", Time since last: 394591100 ns, Reaching safepoint: 293600 ns, At safepoint: 13064200 ns, Total: 13357800 ns
[2022-12-13T06:39:01.628+0000][151028][gc,marking  ] GC(811) Concurrent Mark 401.913ms
[2022-12-13T06:39:01.628+0000][151028][gc,marking  ] GC(811) Concurrent Rebuild Remembered Sets
[2022-12-13T06:39:01.799+0000][151028][gc,marking  ] GC(811) Concurrent Rebuild Remembered Sets 170.889ms
[2022-12-13T06:39:01.799+0000][151028][gc,start    ] GC(811) Pause Cleanup
[2022-12-13T06:39:01.800+0000][151028][gc          ] GC(811) Pause Cleanup 1170M->1170M(7992M) 0.506ms
[2022-12-13T06:39:01.800+0000][151028][gc,cpu      ] GC(811) User=0.00s Sys=0.00s Real=0.00s
[2022-12-13T06:39:01.800+0000][151028][safepoint   ] Safepoint "G1PauseCleanup", Time since last: 171120400 ns, Reaching safepoint: 198400 ns, At safepoint: 622600 ns, Total: 821000 ns
[2022-12-13T06:39:01.800+0000][151028][gc,marking  ] GC(811) Concurrent Cleanup for Next Mark
[2022-12-13T06:39:01.824+0000][151028][gc,marking  ] GC(811) Concurrent Cleanup for Next Mark 24.037ms
[2022-12-13T06:39:01.824+0000][151028][gc          ] GC(811) Concurrent Mark Cycle 604.346ms
[2022-12-13T06:39:02.800+0000][151028][safepoint   ] Safepoint "Cleanup", Time since last: 1000145200 ns, Reaching safepoint: 279800 ns, At safepoint: 42800 ns, Total: 322600 ns
[2022-12-13T06:39:03.801+0000][151028][safepoint   ] Safepoint "Cleanup", Time since last: 1000164400 ns, Reaching safepoint: 237400 ns, At safepoint: 41400 ns, Total: 278800 ns
[2022-12-13T06:39:04.801+0000][151028][safepoint   ] Safepoint "Cleanup", Time since last: 1000165500 ns, Reaching safepoint: 199800 ns, At safepoint: 25800 ns, Total: 225600 ns
[2022-12-13T06:39:06.924+0000][151028][gc,start    ] GC(812) Pause Young (Prepare Mixed) (G1 Preventive Collection)
[2022-12-13T06:39:06.924+0000][151028][gc,task     ] GC(812) Using 10 workers of 10 for evacuation
[2022-12-13T06:39:06.924+0000][151028][gc,age      ] GC(812) Desired survivor size 281018368 bytes, new threshold 15 (max threshold 15)
[2022-12-13T06:39:06.980+0000][151028][gc,phases   ] GC(812)   Pre Evacuate Collection Set: 0.4ms
[2022-12-13T06:39:06.980+0000][151028][gc,phases   ] GC(812)   Merge Heap Roots: 0.3ms
[2022-12-13T06:39:06.980+0000][151028][gc,phases   ] GC(812)   Evacuate Collection Set: 9.1ms
[2022-12-13T06:39:06.980+0000][151028][gc,phases   ] GC(812)   Post Evacuate Collection Set: 45.2ms
[2022-12-13T06:39:06.980+0000][151028][gc,phases   ] GC(812)   Other: 0.2ms
[2022-12-13T06:39:06.980+0000][151028][gc,age      ] GC(812) Age table with threshold 15 (max threshold 15)
[2022-12-13T06:39:06.980+0000][151028][gc,age      ] GC(812) - age   1:  155037072 bytes,  155037072 total
[2022-12-13T06:39:06.980+0000][151028][gc,age      ] GC(812) - age   2:    2205784 bytes,  157242856 total
[2022-12-13T06:39:06.980+0000][151028][gc,age      ] GC(812) - age   3:     123208 bytes,  157366064 total
[2022-12-13T06:39:06.980+0000][151028][gc,heap     ] GC(812) Eden regions: 807->0(60)
[2022-12-13T06:39:06.980+0000][151028][gc,heap     ] GC(812) Survivor regions: 4->39(134)
[2022-12-13T06:39:06.980+0000][151028][gc,heap     ] GC(812) Old regions: 106->106
[2022-12-13T06:39:06.980+0000][151028][gc,heap     ] GC(812) Archive regions: 2->2
[2022-12-13T06:39:06.980+0000][151028][gc,heap     ] GC(812) Humongous regions: 891->7
[2022-12-13T06:39:06.980+0000][151028][gc,metaspace] GC(812) Metaspace: 179461K(184000K)->179461K(184000K) NonClass: 157560K(160064K)->157560K(160064K) Class: 21901K(23936K)->21901K(23936K)
[2022-12-13T06:39:06.980+0000][151028][gc          ] GC(812) Pause Young (Prepare Mixed) (G1 Preventive Collection) 7227M->606M(7992M) 55.584ms
[2022-12-13T06:39:06.980+0000][151028][gc,cpu      ] GC(812) User=0.41s Sys=0.02s Real=0.06s
[2022-12-13T06:39:06.980+0000][151028][safepoint   ] Safepoint "G1CollectForAllocation", Time since last: 2122887500 ns, Reaching safepoint: 307200 ns, At safepoint: 55878200 ns, Total: 56185400 ns
[2022-12-13T06:39:07.349+0000][151028][gc,start    ] GC(813) Pause Young (Mixed) (G1 Evacuation Pause)
[2022-12-13T06:39:07.350+0000][151028][gc,task     ] GC(813) Using 10 workers of 10 for evacuation
[2022-12-13T06:39:07.350+0000][151028][gc,age      ] GC(813) Desired survivor size 27262976 bytes, new threshold 1 (max threshold 15)
[2022-12-13T06:39:07.371+0000][151028][gc,phases   ] GC(813)   Pre Evacuate Collection Set: 0.4ms
[2022-12-13T06:39:07.371+0000][151028][gc,phases   ] GC(813)   Merge Heap Roots: 0.3ms
[2022-12-13T06:39:07.371+0000][151028][gc,phases   ] GC(813)   Evacuate Collection Set: 16.9ms
[2022-12-13T06:39:07.371+0000][151028][gc,phases   ] GC(813)   Post Evacuate Collection Set: 4.0ms
[2022-12-13T06:39:07.372+0000][151028][gc,phases   ] GC(813)   Other: 0.2ms
[2022-12-13T06:39:07.372+0000][151028][gc,age      ] GC(813) Age table with threshold 1 (max threshold 15)
[2022-12-13T06:39:07.372+0000][151028][gc,age      ] GC(813) - age   1:   16564144 bytes,   16564144 total
[2022-12-13T06:39:07.372+0000][151028][gc,heap     ] GC(813) Eden regions: 60->0(1174)
[2022-12-13T06:39:07.372+0000][151028][gc,heap     ] GC(813) Survivor regions: 39->5(13)
[2022-12-13T06:39:07.372+0000][151028][gc,heap     ] GC(813) Old regions: 106->108
[2022-12-13T06:39:07.372+0000][151028][gc,heap     ] GC(813) Archive regions: 2->2
[2022-12-13T06:39:07.372+0000][151028][gc,heap     ] GC(813) Humongous regions: 115->4
[2022-12-13T06:39:07.372+0000][151028][gc,metaspace] GC(813) Metaspace: 179461K(184000K)->179461K(184000K) NonClass: 157560K(160064K)->157560K(160064K) Class: 21901K(23936K)->21901K(23936K)
[2022-12-13T06:39:07.372+0000][151028][gc          ] GC(813) Pause Young (Mixed) (G1 Evacuation Pause) 1278M->469M(7992M) 22.156ms
[2022-12-13T06:39:07.372+0000][151028][gc,cpu      ] GC(813) User=0.11s Sys=0.02s Real=0.03s
[2022-12-13T06:39:07.372+0000][151028][safepoint   ] Safepoint "G1CollectForAllocation", Time since last: 369212000 ns, Reaching safepoint: 204600 ns, At safepoint: 22345700 ns, Total: 22550300 ns
[2022-12-13T06:39:07.704+0000][151028][gc,start    ] GC(814) Pause Young (Concurrent Start) (G1 Humongous Allocation)
[2022-12-13T06:39:07.704+0000][151028][gc,task     ] GC(814) Using 10 workers of 10 for evacuation
[2022-12-13T06:39:07.704+0000][151028][gc,age      ] GC(814) Desired survivor size 310378496 bytes, new threshold 15 (max threshold 15)
[2022-12-13T06:39:07.713+0000][151028][gc,phases   ] GC(814)   Pre Evacuate Collection Set: 1.1ms
[2022-12-13T06:39:07.713+0000][151028][gc,phases   ] GC(814)   Merge Heap Roots: 0.3ms
[2022-12-13T06:39:07.713+0000][151028][gc,phases   ] GC(814)   Evacuate Collection Set: 3.0ms
[2022-12-13T06:39:07.713+0000][151028][gc,phases   ] GC(814)   Post Evacuate Collection Set: 4.4ms
[2022-12-13T06:39:07.713+0000][151028][gc,phases   ] GC(814)   Other: 0.1ms
[2022-12-13T06:39:07.713+0000][151028][gc,age      ] GC(814) Age table with threshold 15 (max threshold 15)
[2022-12-13T06:39:07.713+0000][151028][gc,age      ] GC(814) - age   1:    3631512 bytes,    3631512 total
[2022-12-13T06:39:07.713+0000][151028][gc,age      ] GC(814) - age   2:    6900848 bytes,   10532360 total
[2022-12-13T06:39:07.713+0000][151028][gc,heap     ] GC(814) Eden regions: 11->0(1157)
[2022-12-13T06:39:07.713+0000][151028][gc,heap     ] GC(814) Survivor regions: 5->3(148)
[2022-12-13T06:39:07.713+0000][151028][gc,heap     ] GC(814) Old regions: 108->108
[2022-12-13T06:39:07.713+0000][151028][gc,heap     ] GC(814) Archive regions: 2->2
[2022-12-13T06:39:07.713+0000][151028][gc,heap     ] GC(814) Humongous regions: 4->2
[2022-12-13T06:39:07.713+0000][151028][gc,metaspace] GC(814) Metaspace: 179461K(184000K)->179461K(184000K) NonClass: 157560K(160064K)->157560K(160064K) Class: 21901K(23936K)->21901K(23936K)
[2022-12-13T06:39:07.713+0000][151028][gc          ] GC(814) Pause Young (Concurrent Start) (G1 Humongous Allocation) 511M->454M(7992M) 9.241ms
[2022-12-13T06:39:07.713+0000][151028][gc          ] GC(815) Concurrent Mark Cycle
[2022-12-13T06:39:07.713+0000][151028][gc,marking  ] GC(815) Concurrent Clear Claimed Marks
[2022-12-13T06:39:07.713+0000][151028][gc,cpu      ] GC(814) User=0.04s Sys=0.00s Real=0.01s
[2022-12-13T06:39:07.713+0000][151028][safepoint   ] Safepoint "G1TryInitiateConcMark", Time since last: 331456200 ns, Reaching safepoint: 227900 ns, At safepoint: 9530200 ns, Total: 9758100 ns
[2022-12-13T06:39:07.713+0000][151028][gc,marking  ] GC(815) Concurrent Clear Claimed Marks 0.374ms
[2022-12-13T06:39:07.713+0000][151028][gc,marking  ] GC(815) Concurrent Scan Root Regions
[2022-12-13T06:39:07.719+0000][151028][gc,marking  ] GC(815) Concurrent Scan Root Regions 6.129ms
[2022-12-13T06:39:07.720+0000][151028][gc,marking  ] GC(815) Concurrent Mark
[2022-12-13T06:39:07.720+0000][151028][gc,marking  ] GC(815) Concurrent Mark From Roots
[2022-12-13T06:39:07.720+0000][151028][gc,task     ] GC(815) Using 3 workers of 3 for marking
[2022-12-13T06:39:08.072+0000][151028][gc,marking  ] GC(815) Concurrent Mark From Roots 352.802ms
[2022-12-13T06:39:08.072+0000][151028][gc,marking  ] GC(815) Concurrent Preclean
[2022-12-13T06:39:08.073+0000][151028][gc,marking  ] GC(815) Concurrent Preclean 0.999ms
[2022-12-13T06:39:08.074+0000][151028][gc,start    ] GC(815) Pause Remark
[2022-12-13T06:39:08.089+0000][151028][gc          ] GC(815) Pause Remark 1010M->1010M(7992M) 15.605ms
[2022-12-13T06:39:08.090+0000][151028][gc,cpu      ] GC(815) User=0.11s Sys=0.00s Real=0.01s
[2022-12-13T06:39:08.090+0000][151028][safepoint   ] Safepoint "G1PauseRemark", Time since last: 360497400 ns, Reaching safepoint: 295200 ns, At safepoint: 15881900 ns, Total: 16177100 ns
[2022-12-13T06:39:08.090+0000][151028][gc,marking  ] GC(815) Concurrent Mark 370.512ms
[2022-12-13T06:39:08.090+0000][151028][gc,marking  ] GC(815) Concurrent Rebuild Remembered Sets
[2022-12-13T06:39:08.239+0000][151028][gc,marking  ] GC(815) Concurrent Rebuild Remembered Sets 148.753ms
[2022-12-13T06:39:08.239+0000][151028][gc,start    ] GC(815) Pause Cleanup
[2022-12-13T06:39:08.240+0000][151028][gc          ] GC(815) Pause Cleanup 1226M->1226M(7992M) 0.525ms
[2022-12-13T06:39:08.240+0000][151028][gc,cpu      ] GC(815) User=0.01s Sys=0.00s Real=0.00s
[2022-12-13T06:39:08.240+0000][151028][safepoint   ] Safepoint "G1PauseCleanup", Time since last: 149254500 ns, Reaching safepoint: 319300 ns, At safepoint: 642400 ns, Total: 961700 ns
[2022-12-13T06:39:08.240+0000][151028][gc,marking  ] GC(815) Concurrent Cleanup for Next Mark
[2022-12-13T06:39:08.264+0000][151028][gc,marking  ] GC(815) Concurrent Cleanup for Next Mark 23.711ms
[2022-12-13T06:39:08.264+0000][151028][gc          ] GC(815) Concurrent Mark Cycle 550.946ms
[2022-12-13T06:39:10.240+0000][151028][safepoint   ] Safepoint "Cleanup", Time since last: 2000246700 ns, Reaching safepoint: 222300 ns, At safepoint: 28900 ns, Total: 251200 ns
[2022-12-13T06:39:11.262+0000][151028][safepoint   ] Safepoint "Cleanup", Time since last: 1000197100 ns, Reaching safepoint: 20941300 ns, At safepoint: 79400 ns, Total: 21020700 ns
[2022-12-13T06:39:12.262+0000][151028][safepoint   ] Safepoint "Cleanup", Time since last: 1000176400 ns, Reaching safepoint: 239600 ns, At safepoint: 34000 ns, Total: 273600 ns
[2022-12-13T06:39:13.154+0000][151028][gc,start    ] GC(816) Pause Young (Prepare Mixed) (G1 Preventive Collection)
[2022-12-13T06:39:13.154+0000][151028][gc,task     ] GC(816) Using 10 workers of 10 for evacuation
[2022-12-13T06:39:13.154+0000][151028][gc,age      ] GC(816) Desired survivor size 304087040 bytes, new threshold 15 (max threshold 15)
[2022-12-13T06:39:13.198+0000][151028][gc,phases   ] GC(816)   Pre Evacuate Collection Set: 0.5ms
[2022-12-13T06:39:13.198+0000][151028][gc,phases   ] GC(816)   Merge Heap Roots: 0.4ms
[2022-12-13T06:39:13.198+0000][151028][gc,phases   ] GC(816)   Evacuate Collection Set: 8.3ms
[2022-12-13T06:39:13.198+0000][151028][gc,phases   ] GC(816)   Post Evacuate Collection Set: 34.1ms
[2022-12-13T06:39:13.198+0000][151028][gc,phases   ] GC(816)   Other: 0.3ms
[2022-12-13T06:39:13.198+0000][151028][gc,age      ] GC(816) Age table with threshold 15 (max threshold 15)
[2022-12-13T06:39:13.198+0000][151028][gc,age      ] GC(816) - age   1:   59650728 bytes,   59650728 total
[2022-12-13T06:39:13.198+0000][151028][gc,age      ] GC(816) - age   2:     781248 bytes,   60431976 total
[2022-12-13T06:39:13.198+0000][151028][gc,age      ] GC(816) - age   3:     122640 bytes,   60554616 total
[2022-12-13T06:39:13.198+0000][151028][gc,heap     ] GC(816) Eden regions: 394->0(83)
[2022-12-13T06:39:13.198+0000][151028][gc,heap     ] GC(816) Survivor regions: 3->16(97)
[2022-12-13T06:39:13.198+0000][151028][gc,heap     ] GC(816) Old regions: 108->108
[2022-12-13T06:39:13.198+0000][151028][gc,heap     ] GC(816) Archive regions: 2->2
[2022-12-13T06:39:13.198+0000][151028][gc,heap     ] GC(816) Humongous regions: 1394->35
[2022-12-13T06:39:13.198+0000][151028][gc,metaspace] GC(816) Metaspace: 179466K(184000K)->179466K(184000K) NonClass: 157565K(160064K)->157565K(160064K) Class: 21901K(23936K)->21901K(23936K)
[2022-12-13T06:39:13.198+0000][151028][gc          ] GC(816) Pause Young (Prepare Mixed) (G1 Preventive Collection) 7598M->635M(7992M) 43.942ms
[2022-12-13T06:39:13.198+0000][151028][gc,cpu      ] GC(816) User=0.23s Sys=0.00s Real=0.04s
[2022-12-13T06:39:13.198+0000][151028][safepoint   ] Safepoint "G1CollectForAllocation", Time since last: 873120000 ns, Reaching safepoint: 18633600 ns, At safepoint: 44213200 ns, Total: 62846800 ns
[2022-12-13T06:39:14.381+0000][151028][gc,start    ] GC(817) Pause Young (Mixed) (G1 Evacuation Pause)
[2022-12-13T06:39:14.381+0000][151028][gc,task     ] GC(817) Using 10 workers of 10 for evacuation
[2022-12-13T06:39:14.381+0000][151028][gc,age      ] GC(817) Desired survivor size 27262976 bytes, new threshold 1 (max threshold 15)
[2022-12-13T06:39:14.403+0000][151028][gc,phases   ] GC(817)   Pre Evacuate Collection Set: 0.3ms
[2022-12-13T06:39:14.403+0000][151028][gc,phases   ] GC(817)   Merge Heap Roots: 0.2ms
[2022-12-13T06:39:14.403+0000][151028][gc,phases   ] GC(817)   Evacuate Collection Set: 7.9ms
[2022-12-13T06:39:14.403+0000][151028][gc,phases   ] GC(817)   Post Evacuate Collection Set: 13.2ms
[2022-12-13T06:39:14.403+0000][151028][gc,phases   ] GC(817)   Other: 0.2ms
[2022-12-13T06:39:14.403+0000][151028][gc,age      ] GC(817) Age table with threshold 1 (max threshold 15)
[2022-12-13T06:39:14.403+0000][151028][gc,age      ] GC(817) - age   1:   11133456 bytes,   11133456 total
[2022-12-13T06:39:14.403+0000][151028][gc,heap     ] GC(817) Eden regions: 83->0(1195)
[2022-12-13T06:39:14.403+0000][151028][gc,heap     ] GC(817) Survivor regions: 16->3(13)
[2022-12-13T06:39:14.403+0000][151028][gc,heap     ] GC(817) Old regions: 108->110
[2022-12-13T06:39:14.403+0000][151028][gc,heap     ] GC(817) Archive regions: 2->2
[2022-12-13T06:39:14.403+0000][151028][gc,heap     ] GC(817) Humongous regions: 608->5
[2022-12-13T06:39:14.403+0000][151028][gc,metaspace] GC(817) Metaspace: 179466K(184000K)->179466K(184000K) NonClass: 157565K(160064K)->157565K(160064K) Class: 21901K(23936K)->21901K(23936K)
[2022-12-13T06:39:14.403+0000][151028][gc          ] GC(817) Pause Young (Mixed) (G1 Evacuation Pause) 3258M->472M(7992M) 22.109ms
[2022-12-13T06:39:14.403+0000][151028][gc,cpu      ] GC(817) User=0.11s Sys=0.01s Real=0.02s
[2022-12-13T06:39:14.403+0000][151028][safepoint   ] Safepoint "G1CollectForAllocation", Time since last: 1182521000 ns, Reaching safepoint: 198400 ns, At safepoint: 22279600 ns, Total: 22478000 ns
[2022-12-13T06:39:14.450+0000][151028][gc,start    ] GC(818) Pause Young (Concurrent Start) (G1 Humongous Allocation)
[2022-12-13T06:39:14.451+0000][151028][gc,task     ] GC(818) Using 10 workers of 10 for evacuation
[2022-12-13T06:39:14.451+0000][151028][gc,age      ] GC(818) Desired survivor size 314572800 bytes, new threshold 15 (max threshold 15)
[2022-12-13T06:39:14.456+0000][151028][gc,phases   ] GC(818)   Pre Evacuate Collection Set: 0.9ms
[2022-12-13T06:39:14.457+0000][151028][gc,phases   ] GC(818)   Merge Heap Roots: 0.2ms
[2022-12-13T06:39:14.457+0000][151028][gc,phases   ] GC(818)   Evacuate Collection Set: 2.7ms
[2022-12-13T06:39:14.457+0000][151028][gc,phases   ] GC(818)   Post Evacuate Collection Set: 2.2ms
[2022-12-13T06:39:14.457+0000][151028][gc,phases   ] GC(818)   Other: 0.1ms
[2022-12-13T06:39:14.457+0000][151028][gc,age      ] GC(818) Age table with threshold 15 (max threshold 15)
[2022-12-13T06:39:14.457+0000][151028][gc,age      ] GC(818) - age   1:     623312 bytes,     623312 total
[2022-12-13T06:39:14.457+0000][151028][gc,age      ] GC(818) - age   2:    1594368 bytes,    2217680 total
[2022-12-13T06:39:14.457+0000][151028][gc,heap     ] GC(818) Eden regions: 4->0(1197)
[2022-12-13T06:39:14.457+0000][151028][gc,heap     ] GC(818) Survivor regions: 3->1(150)
[2022-12-13T06:39:14.457+0000][151028][gc,heap     ] GC(818) Old regions: 110->110
[2022-12-13T06:39:14.457+0000][151028][gc,heap     ] GC(818) Archive regions: 2->2
[2022-12-13T06:39:14.457+0000][151028][gc,heap     ] GC(818) Humongous regions: 5->2
[2022-12-13T06:39:14.457+0000][151028][gc,metaspace] GC(818) Metaspace: 179466K(184000K)->179466K(184000K) NonClass: 157565K(160064K)->157565K(160064K) Class: 21901K(23936K)->21901K(23936K)
[2022-12-13T06:39:14.457+0000][151028][gc          ] GC(818) Pause Young (Concurrent Start) (G1 Humongous Allocation) 486M->451M(7992M) 6.328ms
[2022-12-13T06:39:14.457+0000][151028][gc,cpu      ] GC(818) User=0.02s Sys=0.00s Real=0.00s
[2022-12-13T06:39:14.457+0000][151028][gc          ] GC(819) Concurrent Mark Cycle
[2022-12-13T06:39:14.457+0000][151028][safepoint   ] Safepoint "G1TryInitiateConcMark", Time since last: 47187900 ns, Reaching safepoint: 188500 ns, At safepoint: 6520500 ns, Total: 6709000 ns
[2022-12-13T06:39:14.457+0000][151028][gc,marking  ] GC(819) Concurrent Clear Claimed Marks
[2022-12-13T06:39:14.458+0000][151028][gc,marking  ] GC(819) Concurrent Clear Claimed Marks 0.780ms
[2022-12-13T06:39:14.458+0000][151028][gc,marking  ] GC(819) Concurrent Scan Root Regions
[2022-12-13T06:39:14.463+0000][151028][gc,marking  ] GC(819) Concurrent Scan Root Regions 5.002ms
[2022-12-13T06:39:14.463+0000][151028][gc,marking  ] GC(819) Concurrent Mark
[2022-12-13T06:39:14.463+0000][151028][gc,marking  ] GC(819) Concurrent Mark From Roots
[2022-12-13T06:39:14.463+0000][151028][gc,task     ] GC(819) Using 3 workers of 3 for marking
[2022-12-13T06:39:14.793+0000][151028][gc,marking  ] GC(819) Concurrent Mark From Roots 329.981ms
[2022-12-13T06:39:14.793+0000][151028][gc,marking  ] GC(819) Concurrent Preclean
[2022-12-13T06:39:14.794+0000][151028][gc,marking  ] GC(819) Concurrent Preclean 0.614ms
[2022-12-13T06:39:14.794+0000][151028][gc,start    ] GC(819) Pause Remark
[2022-12-13T06:39:14.809+0000][151028][gc          ] GC(819) Pause Remark 1205M->1205M(7992M) 14.900ms
[2022-12-13T06:39:14.809+0000][151028][gc,cpu      ] GC(819) User=0.12s Sys=0.00s Real=0.01s
[2022-12-13T06:39:14.809+0000][151028][safepoint   ] Safepoint "G1PauseRemark", Time since last: 336846000 ns, Reaching safepoint: 295800 ns, At safepoint: 15118200 ns, Total: 15414000 ns
[2022-12-13T06:39:14.812+0000][151028][gc,marking  ] GC(819) Concurrent Mark 348.555ms
[2022-12-13T06:39:14.812+0000][151028][gc,marking  ] GC(819) Concurrent Rebuild Remembered Sets
[2022-12-13T06:39:14.958+0000][151028][gc,marking  ] GC(819) Concurrent Rebuild Remembered Sets 146.365ms
[2022-12-13T06:39:14.958+0000][151028][gc,start    ] GC(819) Pause Cleanup
[2022-12-13T06:39:14.959+0000][151028][gc          ] GC(819) Pause Cleanup 1418M->1418M(7992M) 0.468ms
[2022-12-13T06:39:14.959+0000][151028][gc,cpu      ] GC(819) User=0.00s Sys=0.00s Real=0.00s
[2022-12-13T06:39:14.959+0000][151028][safepoint   ] Safepoint "G1PauseCleanup", Time since last: 148909000 ns, Reaching safepoint: 211800 ns, At safepoint: 583500 ns, Total: 795300 ns
[2022-12-13T06:39:14.959+0000][151028][gc,marking  ] GC(819) Concurrent Cleanup for Next Mark
[2022-12-13T06:39:14.980+0000][151028][gc,marking  ] GC(819) Concurrent Cleanup for Next Mark 20.909ms
[2022-12-13T06:39:14.980+0000][151028][gc          ] GC(819) Concurrent Mark Cycle 522.992ms
[2022-12-13T06:39:15.959+0000][151028][safepoint   ] Safepoint "Cleanup", Time since last: 1000137900 ns, Reaching safepoint: 177900 ns, At safepoint: 11800 ns, Total: 189700 ns
[2022-12-13T06:39:16.960+0000][151028][safepoint   ] Safepoint "Cleanup", Time since last: 1000155500 ns, Reaching safepoint: 178300 ns, At safepoint: 25000 ns, Total: 203300 ns
[2022-12-13T06:39:19.960+0000][151028][safepoint   ] Safepoint "Cleanup", Time since last: 3000356700 ns, Reaching safepoint: 292900 ns, At safepoint: 28500 ns, Total: 321400 ns
[2022-12-13T06:39:20.523+0000][151028][gc,start    ] GC(820) Pause Young (Prepare Mixed) (G1 Preventive Collection)
[2022-12-13T06:39:20.523+0000][151028][gc,task     ] GC(820) Using 10 workers of 10 for evacuation
[2022-12-13T06:39:20.523+0000][151028][gc,age      ] GC(820) Desired survivor size 314572800 bytes, new threshold 15 (max threshold 15)
[2022-12-13T06:39:20.540+0000][151028][gc,phases   ] GC(820)   Pre Evacuate Collection Set: 0.5ms
[2022-12-13T06:39:20.540+0000][151028][gc,phases   ] GC(820)   Merge Heap Roots: 0.3ms
[2022-12-13T06:39:20.540+0000][151028][gc,phases   ] GC(820)   Evacuate Collection Set: 2.4ms
[2022-12-13T06:39:20.540+0000][151028][gc,phases   ] GC(820)   Post Evacuate Collection Set: 13.8ms
[2022-12-13T06:39:20.540+0000][151028][gc,phases   ] GC(820)   Other: 0.2ms
[2022-12-13T06:39:20.540+0000][151028][gc,age      ] GC(820) Age table with threshold 15 (max threshold 15)
[2022-12-13T06:39:20.540+0000][151028][gc,age      ] GC(820) - age   1:   28127032 bytes,   28127032 total
[2022-12-13T06:39:20.540+0000][151028][gc,age      ] GC(820) - age   2:        232 bytes,   28127264 total
[2022-12-13T06:39:20.540+0000][151028][gc,age      ] GC(820) - age   3:      65264 bytes,   28192528 total
[2022-12-13T06:39:20.540+0000][151028][gc,heap     ] GC(820) Eden regions: 288->0(91)
[2022-12-13T06:39:20.540+0000][151028][gc,heap     ] GC(820) Survivor regions: 1->8(37)
[2022-12-13T06:39:20.540+0000][151028][gc,heap     ] GC(820) Old regions: 110->110
[2022-12-13T06:39:20.540+0000][151028][gc,heap     ] GC(820) Archive regions: 2->2
[2022-12-13T06:39:20.540+0000][151028][gc,heap     ] GC(820) Humongous regions: 1560->2
[2022-12-13T06:39:20.540+0000][151028][gc,metaspace] GC(820) Metaspace: 179473K(184064K)->179473K(184064K) NonClass: 157570K(160128K)->157570K(160128K) Class: 21902K(23936K)->21902K(23936K)
[2022-12-13T06:39:20.540+0000][151028][gc          ] GC(820) Pause Young (Prepare Mixed) (G1 Preventive Collection) 7831M->476M(7992M) 17.560ms
[2022-12-13T06:39:20.540+0000][151028][gc,cpu      ] GC(820) User=0.10s Sys=0.02s Real=0.02s
[2022-12-13T06:39:20.540+0000][151028][safepoint   ] Safepoint "G1CollectForAllocation", Time since last: 562104900 ns, Reaching safepoint: 205800 ns, At safepoint: 17739700 ns, Total: 17945500 ns
[2022-12-13T06:39:22.282+0000][151028][gc,start    ] GC(821) Pause Young (Mixed) (G1 Evacuation Pause)
[2022-12-13T06:39:22.282+0000][151028][gc,task     ] GC(821) Using 10 workers of 10 for evacuation
[2022-12-13T06:39:22.282+0000][151028][gc,age      ] GC(821) Desired survivor size 27262976 bytes, new threshold 1 (max threshold 15)
[2022-12-13T06:39:22.295+0000][151028][gc,phases   ] GC(821)   Pre Evacuate Collection Set: 0.4ms
[2022-12-13T06:39:22.295+0000][151028][gc,phases   ] GC(821)   Merge Heap Roots: 0.3ms
[2022-12-13T06:39:22.295+0000][151028][gc,phases   ] GC(821)   Evacuate Collection Set: 4.4ms
[2022-12-13T06:39:22.295+0000][151028][gc,phases   ] GC(821)   Post Evacuate Collection Set: 7.1ms
[2022-12-13T06:39:22.295+0000][151028][gc,phases   ] GC(821)   Other: 0.2ms
[2022-12-13T06:39:22.295+0000][151028][gc,age      ] GC(821) Age table with threshold 1 (max threshold 15)
[2022-12-13T06:39:22.295+0000][151028][gc,age      ] GC(821) - age   1:   11912648 bytes,   11912648 total
[2022-12-13T06:39:22.295+0000][151028][gc,heap     ] GC(821) Eden regions: 91->0(1194)
[2022-12-13T06:39:22.295+0000][151028][gc,heap     ] GC(821) Survivor regions: 8->4(13)
[2022-12-13T06:39:22.295+0000][151028][gc,heap     ] GC(821) Old regions: 110->106
[2022-12-13T06:39:22.295+0000][151028][gc,heap     ] GC(821) Archive regions: 2->2
[2022-12-13T06:39:22.295+0000][151028][gc,heap     ] GC(821) Humongous regions: 541->2
[2022-12-13T06:39:22.295+0000][151028][gc,metaspace] GC(821) Metaspace: 179478K(184064K)->179478K(184064K) NonClass: 157576K(160128K)->157576K(160128K) Class: 21902K(23936K)->21902K(23936K)
[2022-12-13T06:39:22.295+0000][151028][gc          ] GC(821) Pause Young (Mixed) (G1 Evacuation Pause) 2996M->446M(7992M) 12.764ms
[2022-12-13T06:39:22.295+0000][151028][gc,cpu      ] GC(821) User=0.08s Sys=0.00s Real=0.01s
[2022-12-13T06:39:22.295+0000][151028][safepoint   ] Safepoint "G1CollectForAllocation", Time since last: 1741617800 ns, Reaching safepoint: 236800 ns, At safepoint: 12941000 ns, Total: 13177800 ns
[2022-12-13T06:39:22.389+0000][151028][gc,start    ] GC(822) Pause Young (Concurrent Start) (G1 Humongous Allocation)
[2022-12-13T06:39:22.389+0000][151028][gc,task     ] GC(822) Using 10 workers of 10 for evacuation
[2022-12-13T06:39:22.389+0000][151028][gc,age      ] GC(822) Desired survivor size 314572800 bytes, new threshold 15 (max threshold 15)
[2022-12-13T06:39:22.400+0000][151028][gc,phases   ] GC(822)   Pre Evacuate Collection Set: 0.9ms
[2022-12-13T06:39:22.400+0000][151028][gc,phases   ] GC(822)   Merge Heap Roots: 0.2ms
[2022-12-13T06:39:22.400+0000][151028][gc,phases   ] GC(822)   Evacuate Collection Set: 8.1ms
[2022-12-13T06:39:22.400+0000][151028][gc,phases   ] GC(822)   Post Evacuate Collection Set: 1.2ms
[2022-12-13T06:39:22.400+0000][151028][gc,phases   ] GC(822)   Other: 0.1ms
[2022-12-13T06:39:22.400+0000][151028][gc,age      ] GC(822) Age table with threshold 15 (max threshold 15)
[2022-12-13T06:39:22.400+0000][151028][gc,age      ] GC(822) - age   1:     192392 bytes,     192392 total
[2022-12-13T06:39:22.400+0000][151028][gc,age      ] GC(822) - age   2:    1220440 bytes,    1412832 total
[2022-12-13T06:39:22.400+0000][151028][gc,heap     ] GC(822) Eden regions: 1->0(1197)
[2022-12-13T06:39:22.400+0000][151028][gc,heap     ] GC(822) Survivor regions: 4->1(150)
[2022-12-13T06:39:22.400+0000][151028][gc,heap     ] GC(822) Old regions: 106->106
[2022-12-13T06:39:22.400+0000][151028][gc,heap     ] GC(822) Archive regions: 2->2
[2022-12-13T06:39:22.400+0000][151028][gc,heap     ] GC(822) Humongous regions: 2->2
[2022-12-13T06:39:22.400+0000][151028][gc,metaspace] GC(822) Metaspace: 179478K(184064K)->179478K(184064K) NonClass: 157576K(160128K)->157576K(160128K) Class: 21902K(23936K)->21902K(23936K)
[2022-12-13T06:39:22.400+0000][151028][gc          ] GC(822) Pause Young (Concurrent Start) (G1 Humongous Allocation) 449M->435M(7992M) 11.099ms
[2022-12-13T06:39:22.400+0000][151028][gc          ] GC(823) Concurrent Mark Cycle
[2022-12-13T06:39:22.400+0000][151028][gc,marking  ] GC(823) Concurrent Clear Claimed Marks
[2022-12-13T06:39:22.400+0000][151028][gc,cpu      ] GC(822) User=0.01s Sys=0.01s Real=0.02s
[2022-12-13T06:39:22.400+0000][151028][safepoint   ] Safepoint "G1TryInitiateConcMark", Time since last: 93443200 ns, Reaching safepoint: 286200 ns, At safepoint: 11427500 ns, Total: 11713700 ns
[2022-12-13T06:39:22.400+0000][151028][gc,marking  ] GC(823) Concurrent Clear Claimed Marks 0.307ms
[2022-12-13T06:39:22.400+0000][151028][gc,marking  ] GC(823) Concurrent Scan Root Regions
[2022-12-13T06:39:22.407+0000][151028][gc,marking  ] GC(823) Concurrent Scan Root Regions 6.096ms
[2022-12-13T06:39:22.407+0000][151028][gc,marking  ] GC(823) Concurrent Mark
[2022-12-13T06:39:22.407+0000][151028][gc,marking  ] GC(823) Concurrent Mark From Roots
[2022-12-13T06:39:22.407+0000][151028][gc,task     ] GC(823) Using 3 workers of 3 for marking
[2022-12-13T06:39:22.738+0000][151028][gc,marking  ] GC(823) Concurrent Mark From Roots 331.455ms
[2022-12-13T06:39:22.738+0000][151028][gc,marking  ] GC(823) Concurrent Preclean
[2022-12-13T06:39:22.739+0000][151028][gc,marking  ] GC(823) Concurrent Preclean 0.559ms
[2022-12-13T06:39:22.739+0000][151028][gc,start    ] GC(823) Pause Remark
[2022-12-13T06:39:22.755+0000][151028][gc          ] GC(823) Pause Remark 1187M->1187M(7992M) 15.729ms
[2022-12-13T06:39:22.755+0000][151028][gc,cpu      ] GC(823) User=0.12s Sys=0.00s Real=0.01s
[2022-12-13T06:39:22.755+0000][151028][safepoint   ] Safepoint "G1PauseRemark", Time since last: 338532400 ns, Reaching safepoint: 195200 ns, At safepoint: 15920000 ns, Total: 16115200 ns
[2022-12-13T06:39:22.755+0000][151028][gc,marking  ] GC(823) Concurrent Mark 348.348ms
[2022-12-13T06:39:22.755+0000][151028][gc,marking  ] GC(823) Concurrent Rebuild Remembered Sets
[2022-12-13T06:39:22.924+0000][151028][gc,marking  ] GC(823) Concurrent Rebuild Remembered Sets 168.722ms
[2022-12-13T06:39:22.924+0000][151028][gc,start    ] GC(823) Pause Cleanup
[2022-12-13T06:39:22.925+0000][151028][gc          ] GC(823) Pause Cleanup 1195M->1195M(7992M) 0.505ms
[2022-12-13T06:39:22.925+0000][151028][gc,cpu      ] GC(823) User=0.01s Sys=0.00s Real=0.00s
[2022-12-13T06:39:22.925+0000][151028][safepoint   ] Safepoint "G1PauseCleanup", Time since last: 168972000 ns, Reaching safepoint: 221300 ns, At safepoint: 608300 ns, Total: 829600 ns
[2022-12-13T06:39:22.925+0000][151028][gc,marking  ] GC(823) Concurrent Cleanup for Next Mark
[2022-12-13T06:39:22.947+0000][151028][gc,marking  ] GC(823) Concurrent Cleanup for Next Mark 22.203ms
[2022-12-13T06:39:22.947+0000][151028][gc          ] GC(823) Concurrent Mark Cycle 547.041ms
[2022-12-13T06:39:26.902+0000][151028][gc,start    ] GC(824) Pause Young (Prepare Mixed) (G1 Preventive Collection)
[2022-12-13T06:39:26.902+0000][151028][gc,task     ] GC(824) Using 10 workers of 10 for evacuation
[2022-12-13T06:39:26.902+0000][151028][gc,age      ] GC(824) Desired survivor size 314572800 bytes, new threshold 15 (max threshold 15)
[2022-12-13T06:39:26.922+0000][151028][gc,phases   ] GC(824)   Pre Evacuate Collection Set: 0.4ms
[2022-12-13T06:39:26.922+0000][151028][gc,phases   ] GC(824)   Merge Heap Roots: 0.2ms
[2022-12-13T06:39:26.922+0000][151028][gc,phases   ] GC(824)   Evacuate Collection Set: 2.3ms
[2022-12-13T06:39:26.922+0000][151028][gc,phases   ] GC(824)   Post Evacuate Collection Set: 17.5ms
[2022-12-13T06:39:26.922+0000][151028][gc,phases   ] GC(824)   Other: 0.2ms
[2022-12-13T06:39:26.922+0000][151028][gc,age      ] GC(824) Age table with threshold 15 (max threshold 15)
[2022-12-13T06:39:26.922+0000][151028][gc,age      ] GC(824) - age   1:   42263176 bytes,   42263176 total
[2022-12-13T06:39:26.922+0000][151028][gc,age      ] GC(824) - age   2:       1272 bytes,   42264448 total
[2022-12-13T06:39:26.922+0000][151028][gc,age      ] GC(824) - age   3:      79784 bytes,   42344232 total
[2022-12-13T06:39:26.922+0000][151028][gc,heap     ] GC(824) Eden regions: 231->0(88)
[2022-12-13T06:39:26.922+0000][151028][gc,heap     ] GC(824) Survivor regions: 1->11(23)
[2022-12-13T06:39:26.922+0000][151028][gc,heap     ] GC(824) Old regions: 106->106
[2022-12-13T06:39:26.922+0000][151028][gc,heap     ] GC(824) Archive regions: 2->2
[2022-12-13T06:39:26.922+0000][151028][gc,heap     ] GC(824) Humongous regions: 1635->2
[2022-12-13T06:39:26.922+0000][151028][gc,metaspace] GC(824) Metaspace: 179478K(184064K)->179478K(184064K) NonClass: 157576K(160128K)->157576K(160128K) Class: 21902K(23936K)->21902K(23936K)
[2022-12-13T06:39:26.922+0000][151028][gc          ] GC(824) Pause Young (Prepare Mixed) (G1 Preventive Collection) 7891M->476M(7992M) 20.991ms
[2022-12-13T06:39:26.923+0000][151028][gc,cpu      ] GC(824) User=0.15s Sys=0.00s Real=0.02s
[2022-12-13T06:39:26.923+0000][151028][safepoint   ] Safepoint "G1CollectForAllocation", Time since last: 3976548900 ns, Reaching safepoint: 214700 ns, At safepoint: 21163800 ns, Total: 21378500 ns
[2022-12-13T06:39:27.942+0000][151028][safepoint   ] Safepoint "Cleanup", Time since last: 1000935600 ns, Reaching safepoint: 18238900 ns, At safepoint: 117600 ns, Total: 18356500 ns
[2022-12-13T06:39:28.258+0000][151028][gc,start    ] GC(825) Pause Young (Mixed) (G1 Evacuation Pause)
[2022-12-13T06:39:28.258+0000][151028][gc,task     ] GC(825) Using 10 workers of 10 for evacuation
[2022-12-13T06:39:28.258+0000][151028][gc,age      ] GC(825) Desired survivor size 27262976 bytes, new threshold 1 (max threshold 15)
[2022-12-13T06:39:28.274+0000][151028][gc,phases   ] GC(825)   Pre Evacuate Collection Set: 0.3ms
[2022-12-13T06:39:28.274+0000][151028][gc,phases   ] GC(825)   Merge Heap Roots: 0.3ms
[2022-12-13T06:39:28.274+0000][151028][gc,phases   ] GC(825)   Evacuate Collection Set: 7.4ms
[2022-12-13T06:39:28.274+0000][151028][gc,phases   ] GC(825)   Post Evacuate Collection Set: 7.7ms
[2022-12-13T06:39:28.274+0000][151028][gc,phases   ] GC(825)   Other: 0.2ms
[2022-12-13T06:39:28.274+0000][151028][gc,age      ] GC(825) Age table with threshold 1 (max threshold 15)
[2022-12-13T06:39:28.274+0000][151028][gc,age      ] GC(825) - age   1:   14605776 bytes,   14605776 total
[2022-12-13T06:39:28.274+0000][151028][gc,heap     ] GC(825) Eden regions: 88->0(1193)
[2022-12-13T06:39:28.274+0000][151028][gc,heap     ] GC(825) Survivor regions: 11->5(13)
[2022-12-13T06:39:28.274+0000][151028][gc,heap     ] GC(825) Old regions: 106->106
[2022-12-13T06:39:28.274+0000][151028][gc,heap     ] GC(825) Archive regions: 2->2
[2022-12-13T06:39:28.274+0000][151028][gc,heap     ] GC(825) Humongous regions: 766->2
[2022-12-13T06:39:28.274+0000][151028][gc,metaspace] GC(825) Metaspace: 179478K(184064K)->179478K(184064K) NonClass: 157576K(160128K)->157576K(160128K) Class: 21902K(23936K)->21902K(23936K)
[2022-12-13T06:39:28.274+0000][151028][gc          ] GC(825) Pause Young (Mixed) (G1 Evacuation Pause) 3884M->451M(7992M) 16.169ms
[2022-12-13T06:39:28.274+0000][151028][gc,cpu      ] GC(825) User=0.11s Sys=0.00s Real=0.02s
[2022-12-13T06:39:28.274+0000][151028][safepoint   ] Safepoint "G1CollectForAllocation", Time since last: 315462800 ns, Reaching safepoint: 180400 ns, At safepoint: 16315500 ns, Total: 16495900 ns
[2022-12-13T06:39:28.931+0000][151028][gc,start    ] GC(826) Pause Young (Concurrent Start) (G1 Humongous Allocation)
[2022-12-13T06:39:28.931+0000][151028][gc,task     ] GC(826) Using 10 workers of 10 for evacuation
[2022-12-13T06:39:28.931+0000][151028][gc,age      ] GC(826) Desired survivor size 314572800 bytes, new threshold 15 (max threshold 15)
[2022-12-13T06:39:28.938+0000][151028][gc,phases   ] GC(826)   Pre Evacuate Collection Set: 1.0ms
[2022-12-13T06:39:28.938+0000][151028][gc,phases   ] GC(826)   Merge Heap Roots: 0.2ms
[2022-12-13T06:39:28.938+0000][151028][gc,phases   ] GC(826)   Evacuate Collection Set: 2.9ms
[2022-12-13T06:39:28.938+0000][151028][gc,phases   ] GC(826)   Post Evacuate Collection Set: 2.8ms
[2022-12-13T06:39:28.938+0000][151028][gc,phases   ] GC(826)   Other: 0.1ms
[2022-12-13T06:39:28.938+0000][151028][gc,age      ] GC(826) Age table with threshold 15 (max threshold 15)
[2022-12-13T06:39:28.938+0000][151028][gc,age      ] GC(826) - age   1:     649744 bytes,     649744 total
[2022-12-13T06:39:28.938+0000][151028][gc,age      ] GC(826) - age   2:     686456 bytes,    1336200 total
[2022-12-13T06:39:28.938+0000][151028][gc,heap     ] GC(826) Eden regions: 11->0(1197)
[2022-12-13T06:39:28.938+0000][151028][gc,heap     ] GC(826) Survivor regions: 5->1(150)
[2022-12-13T06:39:28.938+0000][151028][gc,heap     ] GC(826) Old regions: 106->106
[2022-12-13T06:39:28.938+0000][151028][gc,heap     ] GC(826) Archive regions: 2->2
[2022-12-13T06:39:28.938+0000][151028][gc,heap     ] GC(826) Humongous regions: 101->35
[2022-12-13T06:39:28.938+0000][151028][gc,metaspace] GC(826) Metaspace: 179478K(184064K)->179478K(184064K) NonClass: 157576K(160128K)->157576K(160128K) Class: 21902K(23936K)->21902K(23936K)
[2022-12-13T06:39:28.938+0000][151028][gc          ] GC(826) Pause Young (Concurrent Start) (G1 Humongous Allocation) 888M->568M(7992M) 7.330ms
[2022-12-13T06:39:28.938+0000][151028][gc,cpu      ] GC(826) User=0.03s Sys=0.00s Real=0.01s
[2022-12-13T06:39:28.938+0000][151028][gc          ] GC(827) Concurrent Undo Cycle
[2022-12-13T06:39:28.938+0000][151028][safepoint   ] Safepoint "G1TryInitiateConcMark", Time since last: 639218900 ns, Reaching safepoint: 17633600 ns, At safepoint: 7510400 ns, Total: 25144000 ns
[2022-12-13T06:39:28.938+0000][151028][gc,marking  ] GC(827) Concurrent Cleanup for Next Mark
[2022-12-13T06:39:28.939+0000][151028][gc,marking  ] GC(827) Concurrent Cleanup for Next Mark 0.599ms
[2022-12-13T06:39:28.939+0000][151028][gc          ] GC(827) Concurrent Undo Cycle 0.731ms
[2022-12-13T06:39:29.078+0000][151028][gc,start    ] GC(828) Pause Young (Concurrent Start) (G1 Humongous Allocation)
[2022-12-13T06:39:29.078+0000][151028][gc,task     ] GC(828) Using 10 workers of 10 for evacuation
[2022-12-13T06:39:29.078+0000][151028][gc,age      ] GC(828) Desired survivor size 314572800 bytes, new threshold 15 (max threshold 15)
[2022-12-13T06:39:29.085+0000][151028][gc,phases   ] GC(828)   Pre Evacuate Collection Set: 0.9ms
[2022-12-13T06:39:29.085+0000][151028][gc,phases   ] GC(828)   Merge Heap Roots: 0.2ms
[2022-12-13T06:39:29.085+0000][151028][gc,phases   ] GC(828)   Evacuate Collection Set: 2.9ms
[2022-12-13T06:39:29.085+0000][151028][gc,phases   ] GC(828)   Post Evacuate Collection Set: 2.2ms
[2022-12-13T06:39:29.085+0000][151028][gc,phases   ] GC(828)   Other: 0.2ms
[2022-12-13T06:39:29.085+0000][151028][gc,age      ] GC(828) Age table with threshold 15 (max threshold 15)
[2022-12-13T06:39:29.085+0000][151028][gc,age      ] GC(828) - age   1:    5205192 bytes,    5205192 total
[2022-12-13T06:39:29.085+0000][151028][gc,age      ] GC(828) - age   2:     197928 bytes,    5403120 total
[2022-12-13T06:39:29.085+0000][151028][gc,age      ] GC(828) - age   3:     420368 bytes,    5823488 total
[2022-12-13T06:39:29.085+0000][151028][gc,heap     ] GC(828) Eden regions: 10->0(1196)
[2022-12-13T06:39:29.085+0000][151028][gc,heap     ] GC(828) Survivor regions: 1->2(150)
[2022-12-13T06:39:29.085+0000][151028][gc,heap     ] GC(828) Old regions: 106->106
[2022-12-13T06:39:29.085+0000][151028][gc,heap     ] GC(828) Archive regions: 2->2
[2022-12-13T06:39:29.085+0000][151028][gc,heap     ] GC(828) Humongous regions: 68->2
[2022-12-13T06:39:29.085+0000][151028][gc,metaspace] GC(828) Metaspace: 179478K(184064K)->179478K(184064K) NonClass: 157576K(160128K)->157576K(160128K) Class: 21902K(23936K)->21902K(23936K)
[2022-12-13T06:39:29.085+0000][151028][gc          ] GC(828) Pause Young (Concurrent Start) (G1 Humongous Allocation) 739M->440M(7992M) 6.822ms
[2022-12-13T06:39:29.085+0000][151028][gc          ] GC(829) Concurrent Mark Cycle
[2022-12-13T06:39:29.085+0000][151028][gc,marking  ] GC(829) Concurrent Clear Claimed Marks
[2022-12-13T06:39:29.085+0000][151028][gc,cpu      ] GC(828) User=0.02s Sys=0.00s Real=0.00s
[2022-12-13T06:39:29.085+0000][151028][safepoint   ] Safepoint "G1TryInitiateConcMark", Time since last: 139666300 ns, Reaching safepoint: 248000 ns, At safepoint: 7104800 ns, Total: 7352800 ns
[2022-12-13T06:39:29.086+0000][151028][gc,marking  ] GC(829) Concurrent Clear Claimed Marks 0.364ms
[2022-12-13T06:39:29.086+0000][151028][gc,marking  ] GC(829) Concurrent Scan Root Regions
[2022-12-13T06:39:29.089+0000][151028][gc,marking  ] GC(829) Concurrent Scan Root Regions 3.760ms
[2022-12-13T06:39:29.089+0000][151028][gc,marking  ] GC(829) Concurrent Mark
[2022-12-13T06:39:29.089+0000][151028][gc,marking  ] GC(829) Concurrent Mark From Roots
[2022-12-13T06:39:29.089+0000][151028][gc,task     ] GC(829) Using 3 workers of 3 for marking
[2022-12-13T06:39:29.357+0000][151028][gc,marking  ] GC(829) Concurrent Mark From Roots 267.541ms
[2022-12-13T06:39:29.357+0000][151028][gc,marking  ] GC(829) Concurrent Preclean
[2022-12-13T06:39:29.358+0000][151028][gc,marking  ] GC(829) Concurrent Preclean 0.535ms
[2022-12-13T06:39:29.358+0000][151028][gc,start    ] GC(829) Pause Remark
[2022-12-13T06:39:29.370+0000][151028][gc          ] GC(829) Pause Remark 614M->614M(7992M) 12.006ms
[2022-12-13T06:39:29.370+0000][151028][gc,cpu      ] GC(829) User=0.10s Sys=0.00s Real=0.01s
[2022-12-13T06:39:29.370+0000][151028][safepoint   ] Safepoint "G1PauseRemark", Time since last: 272593900 ns, Reaching safepoint: 247800 ns, At safepoint: 12182300 ns, Total: 12430100 ns
[2022-12-13T06:39:29.370+0000][151028][gc,marking  ] GC(829) Concurrent Mark 281.000ms
[2022-12-13T06:39:29.370+0000][151028][gc,marking  ] GC(829) Concurrent Rebuild Remembered Sets
[2022-12-13T06:39:29.498+0000][151028][gc,marking  ] GC(829) Concurrent Rebuild Remembered Sets 127.449ms
[2022-12-13T06:39:29.498+0000][151028][gc,start    ] GC(829) Pause Cleanup
[2022-12-13T06:39:29.499+0000][151028][gc          ] GC(829) Pause Cleanup 621M->621M(7992M) 0.438ms
[2022-12-13T06:39:29.499+0000][151028][gc,cpu      ] GC(829) User=0.00s Sys=0.00s Real=0.00s
[2022-12-13T06:39:29.499+0000][151028][safepoint   ] Safepoint "G1PauseCleanup", Time since last: 127673900 ns, Reaching safepoint: 201200 ns, At safepoint: 558100 ns, Total: 759300 ns
[2022-12-13T06:39:29.499+0000][151028][gc,marking  ] GC(829) Concurrent Cleanup for Next Mark
[2022-12-13T06:39:29.519+0000][151028][gc,marking  ] GC(829) Concurrent Cleanup for Next Mark 20.586ms
[2022-12-13T06:39:29.519+0000][151028][gc          ] GC(829) Concurrent Mark Cycle 434.367ms
[2022-12-13T06:39:33.163+0000][151028][gc,start    ] GC(830) Pause Young (Prepare Mixed) (G1 Preventive Collection)
[2022-12-13T06:39:33.163+0000][151028][gc,task     ] GC(830) Using 10 workers of 10 for evacuation
[2022-12-13T06:39:33.163+0000][151028][gc,age      ] GC(830) Desired survivor size 314572800 bytes, new threshold 15 (max threshold 15)
[2022-12-13T06:39:33.180+0000][151028][gc,phases   ] GC(830)   Pre Evacuate Collection Set: 0.8ms
[2022-12-13T06:39:33.180+0000][151028][gc,phases   ] GC(830)   Merge Heap Roots: 0.3ms
[2022-12-13T06:39:33.180+0000][151028][gc,phases   ] GC(830)   Evacuate Collection Set: 2.3ms
[2022-12-13T06:39:33.180+0000][151028][gc,phases   ] GC(830)   Post Evacuate Collection Set: 13.3ms
[2022-12-13T06:39:33.180+0000][151028][gc,phases   ] GC(830)   Other: 0.2ms
[2022-12-13T06:39:33.180+0000][151028][gc,age      ] GC(830) Age table with threshold 15 (max threshold 15)
[2022-12-13T06:39:33.180+0000][151028][gc,age      ] GC(830) - age   1:   26436952 bytes,   26436952 total
[2022-12-13T06:39:33.180+0000][151028][gc,age      ] GC(830) - age   2:     944568 bytes,   27381520 total
[2022-12-13T06:39:33.180+0000][151028][gc,age      ] GC(830) - age   3:      24080 bytes,   27405600 total
[2022-12-13T06:39:33.180+0000][151028][gc,age      ] GC(830) - age   4:     310512 bytes,   27716112 total
[2022-12-13T06:39:33.180+0000][151028][gc,heap     ] GC(830) Eden regions: 174->0(92)
[2022-12-13T06:39:33.180+0000][151028][gc,heap     ] GC(830) Survivor regions: 2->7(13)
[2022-12-13T06:39:33.180+0000][151028][gc,heap     ] GC(830) Old regions: 106->106
[2022-12-13T06:39:33.180+0000][151028][gc,heap     ] GC(830) Archive regions: 2->2
[2022-12-13T06:39:33.180+0000][151028][gc,heap     ] GC(830) Humongous regions: 1701->2
[2022-12-13T06:39:33.180+0000][151028][gc,metaspace] GC(830) Metaspace: 179478K(184064K)->179478K(184064K) NonClass: 157576K(160128K)->157576K(160128K) Class: 21902K(23936K)->21902K(23936K)
[2022-12-13T06:39:33.180+0000][151028][gc          ] GC(830) Pause Young (Prepare Mixed) (G1 Preventive Collection) 7932M->462M(7992M) 17.248ms
[2022-12-13T06:39:33.180+0000][151028][gc,cpu      ] GC(830) User=0.10s Sys=0.01s Real=0.02s
[2022-12-13T06:39:33.180+0000][151028][safepoint   ] Safepoint "G1CollectForAllocation", Time since last: 3663801000 ns, Reaching safepoint: 199000 ns, At safepoint: 17434300 ns, Total: 17633300 ns
[2022-12-13T06:39:34.802+0000][151028][gc,start    ] GC(831) Pause Young (Mixed) (G1 Evacuation Pause)
[2022-12-13T06:39:34.802+0000][151028][gc,task     ] GC(831) Using 10 workers of 10 for evacuation
[2022-12-13T06:39:34.802+0000][151028][gc,age      ] GC(831) Desired survivor size 27262976 bytes, new threshold 2 (max threshold 15)
[2022-12-13T06:39:34.818+0000][151028][gc,phases   ] GC(831)   Pre Evacuate Collection Set: 0.4ms
[2022-12-13T06:39:34.818+0000][151028][gc,phases   ] GC(831)   Merge Heap Roots: 0.2ms
[2022-12-13T06:39:34.818+0000][151028][gc,phases   ] GC(831)   Evacuate Collection Set: 8.8ms
[2022-12-13T06:39:34.818+0000][151028][gc,phases   ] GC(831)   Post Evacuate Collection Set: 6.1ms
[2022-12-13T06:39:34.818+0000][151028][gc,phases   ] GC(831)   Other: 0.2ms
[2022-12-13T06:39:34.818+0000][151028][gc,age      ] GC(831) Age table with threshold 2 (max threshold 15)
[2022-12-13T06:39:34.818+0000][151028][gc,age      ] GC(831) - age   1:   16181992 bytes,   16181992 total
[2022-12-13T06:39:34.818+0000][151028][gc,age      ] GC(831) - age   2:     173640 bytes,   16355632 total
[2022-12-13T06:39:34.818+0000][151028][gc,heap     ] GC(831) Eden regions: 92->0(1193)
[2022-12-13T06:39:34.818+0000][151028][gc,heap     ] GC(831) Survivor regions: 7->5(13)
[2022-12-13T06:39:34.818+0000][151028][gc,heap     ] GC(831) Old regions: 106->105
[2022-12-13T06:39:34.818+0000][151028][gc,heap     ] GC(831) Archive regions: 2->2
[2022-12-13T06:39:34.818+0000][151028][gc,heap     ] GC(831) Humongous regions: 912->68
[2022-12-13T06:39:34.818+0000][151028][gc,metaspace] GC(831) Metaspace: 179478K(184064K)->179478K(184064K) NonClass: 157576K(160128K)->157576K(160128K) Class: 21902K(23936K)->21902K(23936K)
[2022-12-13T06:39:34.818+0000][151028][gc          ] GC(831) Pause Young (Mixed) (G1 Evacuation Pause) 4470M->712M(7992M) 16.171ms
[2022-12-13T06:39:34.818+0000][151028][gc,cpu      ] GC(831) User=0.11s Sys=0.00s Real=0.02s
[2022-12-13T06:39:34.819+0000][151028][safepoint   ] Safepoint "G1CollectForAllocation", Time since last: 1596440100 ns, Reaching safepoint: 25513000 ns, At safepoint: 16463900 ns, Total: 41976900 ns
[2022-12-13T06:39:35.320+0000][151028][gc,start    ] GC(832) Pause Young (Concurrent Start) (G1 Humongous Allocation)
[2022-12-13T06:39:35.320+0000][151028][gc,task     ] GC(832) Using 10 workers of 10 for evacuation
[2022-12-13T06:39:35.320+0000][151028][gc,age      ] GC(832) Desired survivor size 314572800 bytes, new threshold 15 (max threshold 15)
[2022-12-13T06:39:35.328+0000][151028][gc,phases   ] GC(832)   Pre Evacuate Collection Set: 0.8ms
[2022-12-13T06:39:35.328+0000][151028][gc,phases   ] GC(832)   Merge Heap Roots: 0.2ms
[2022-12-13T06:39:35.328+0000][151028][gc,phases   ] GC(832)   Evacuate Collection Set: 2.4ms
[2022-12-13T06:39:35.328+0000][151028][gc,phases   ] GC(832)   Post Evacuate Collection Set: 4.0ms
[2022-12-13T06:39:35.328+0000][151028][gc,phases   ] GC(832)   Other: 0.2ms
[2022-12-13T06:39:35.328+0000][151028][gc,age      ] GC(832) Age table with threshold 15 (max threshold 15)
[2022-12-13T06:39:35.328+0000][151028][gc,age      ] GC(832) - age   1:    5836760 bytes,    5836760 total
[2022-12-13T06:39:35.328+0000][151028][gc,age      ] GC(832) - age   2:     412856 bytes,    6249616 total
[2022-12-13T06:39:35.328+0000][151028][gc,age      ] GC(832) - age   3:     164528 bytes,    6414144 total
[2022-12-13T06:39:35.328+0000][151028][gc,heap     ] GC(832) Eden regions: 71->0(1196)
[2022-12-13T06:39:35.328+0000][151028][gc,heap     ] GC(832) Survivor regions: 5->2(150)
[2022-12-13T06:39:35.328+0000][151028][gc,heap     ] GC(832) Old regions: 105->105
[2022-12-13T06:39:35.328+0000][151028][gc,heap     ] GC(832) Archive regions: 2->2
[2022-12-13T06:39:35.328+0000][151028][gc,heap     ] GC(832) Humongous regions: 233->2
[2022-12-13T06:39:35.328+0000][151028][gc,metaspace] GC(832) Metaspace: 179478K(184064K)->179478K(184064K) NonClass: 157576K(160128K)->157576K(160128K) Class: 21902K(23936K)->21902K(23936K)
[2022-12-13T06:39:35.328+0000][151028][gc          ] GC(832) Pause Young (Concurrent Start) (G1 Humongous Allocation) 1654M->438M(7992M) 7.986ms
[2022-12-13T06:39:35.328+0000][151028][gc          ] GC(833) Concurrent Undo Cycle
[2022-12-13T06:39:35.328+0000][151028][gc,cpu      ] GC(832) User=0.03s Sys=0.01s Real=0.00s
[2022-12-13T06:39:35.328+0000][151028][gc,marking  ] GC(833) Concurrent Cleanup for Next Mark
[2022-12-13T06:39:35.328+0000][151028][safepoint   ] Safepoint "G1TryInitiateConcMark", Time since last: 501364600 ns, Reaching safepoint: 227500 ns, At safepoint: 8237900 ns, Total: 8465400 ns
[2022-12-13T06:39:35.329+0000][151028][gc,marking  ] GC(833) Concurrent Cleanup for Next Mark 0.717ms
[2022-12-13T06:39:35.329+0000][151028][gc          ] GC(833) Concurrent Undo Cycle 0.874ms
[2022-12-13T06:39:35.352+0000][151028][gc,start    ] GC(834) Pause Young (Concurrent Start) (G1 Humongous Allocation)
[2022-12-13T06:39:35.353+0000][151028][gc,task     ] GC(834) Using 10 workers of 10 for evacuation
[2022-12-13T06:39:35.353+0000][151028][gc,age      ] GC(834) Desired survivor size 314572800 bytes, new threshold 15 (max threshold 15)
[2022-12-13T06:39:35.357+0000][151028][gc,phases   ] GC(834)   Pre Evacuate Collection Set: 0.8ms
[2022-12-13T06:39:35.357+0000][151028][gc,phases   ] GC(834)   Merge Heap Roots: 0.2ms
[2022-12-13T06:39:35.357+0000][151028][gc,phases   ] GC(834)   Evacuate Collection Set: 2.6ms
[2022-12-13T06:39:35.357+0000][151028][gc,phases   ] GC(834)   Post Evacuate Collection Set: 1.1ms
[2022-12-13T06:39:35.357+0000][151028][gc,phases   ] GC(834)   Other: 0.2ms
[2022-12-13T06:39:35.357+0000][151028][gc,age      ] GC(834) Age table with threshold 15 (max threshold 15)
[2022-12-13T06:39:35.358+0000][151028][gc,age      ] GC(834) - age   1:     655120 bytes,     655120 total
[2022-12-13T06:39:35.358+0000][151028][gc,age      ] GC(834) - age   2:     589200 bytes,    1244320 total
[2022-12-13T06:39:35.358+0000][151028][gc,age      ] GC(834) - age   3:     281632 bytes,    1525952 total
[2022-12-13T06:39:35.358+0000][151028][gc,age      ] GC(834) - age   4:     164048 bytes,    1690000 total
[2022-12-13T06:39:35.358+0000][151028][gc,heap     ] GC(834) Eden regions: 3->0(1197)
[2022-12-13T06:39:35.358+0000][151028][gc,heap     ] GC(834) Survivor regions: 2->1(150)
[2022-12-13T06:39:35.358+0000][151028][gc,heap     ] GC(834) Old regions: 105->105
[2022-12-13T06:39:35.358+0000][151028][gc,heap     ] GC(834) Archive regions: 2->2
[2022-12-13T06:39:35.358+0000][151028][gc,heap     ] GC(834) Humongous regions: 35->35
[2022-12-13T06:39:35.358+0000][151028][gc,metaspace] GC(834) Metaspace: 179478K(184064K)->179478K(184064K) NonClass: 157576K(160128K)->157576K(160128K) Class: 21902K(23936K)->21902K(23936K)
[2022-12-13T06:39:35.358+0000][151028][gc          ] GC(834) Pause Young (Concurrent Start) (G1 Humongous Allocation) 578M->565M(7992M) 5.202ms
[2022-12-13T06:39:35.358+0000][151028][gc,cpu      ] GC(834) User=0.01s Sys=0.01s Real=0.00s
[2022-12-13T06:39:35.358+0000][151028][gc          ] GC(835) Concurrent Mark Cycle
[2022-12-13T06:39:35.358+0000][151028][gc,marking  ] GC(835) Concurrent Clear Claimed Marks
[2022-12-13T06:39:35.358+0000][151028][safepoint   ] Safepoint "G1TryInitiateConcMark", Time since last: 11803600 ns, Reaching safepoint: 12186500 ns, At safepoint: 5450400 ns, Total: 17636900 ns
[2022-12-13T06:39:35.358+0000][151028][gc,marking  ] GC(835) Concurrent Clear Claimed Marks 0.165ms
[2022-12-13T06:39:35.358+0000][151028][gc,marking  ] GC(835) Concurrent Scan Root Regions
[2022-12-13T06:39:35.363+0000][151028][gc,marking  ] GC(835) Concurrent Scan Root Regions 5.184ms
[2022-12-13T06:39:35.363+0000][151028][gc,marking  ] GC(835) Concurrent Mark
[2022-12-13T06:39:35.363+0000][151028][gc,marking  ] GC(835) Concurrent Mark From Roots
[2022-12-13T06:39:35.363+0000][151028][gc,task     ] GC(835) Using 3 workers of 3 for marking
[2022-12-13T06:39:35.700+0000][151028][gc,marking  ] GC(835) Concurrent Mark From Roots 336.590ms
[2022-12-13T06:39:35.700+0000][151028][gc,marking  ] GC(835) Concurrent Preclean
[2022-12-13T06:39:35.700+0000][151028][gc,marking  ] GC(835) Concurrent Preclean 0.591ms
[2022-12-13T06:39:35.701+0000][151028][gc,start    ] GC(835) Pause Remark
[2022-12-13T06:39:35.715+0000][151028][gc          ] GC(835) Pause Remark 1579M->1579M(7992M) 13.927ms
[2022-12-13T06:39:35.715+0000][151028][gc,cpu      ] GC(835) User=0.11s Sys=0.00s Real=0.01s
[2022-12-13T06:39:35.715+0000][151028][safepoint   ] Safepoint "G1PauseRemark", Time since last: 342721400 ns, Reaching safepoint: 232600 ns, At safepoint: 14225800 ns, Total: 14458400 ns
[2022-12-13T06:39:35.715+0000][151028][gc,marking  ] GC(835) Concurrent Mark 351.873ms
[2022-12-13T06:39:35.715+0000][151028][gc,marking  ] GC(835) Concurrent Rebuild Remembered Sets
[2022-12-13T06:39:35.857+0000][151028][gc,marking  ] GC(835) Concurrent Rebuild Remembered Sets 141.361ms
[2022-12-13T06:39:35.857+0000][151028][gc,start    ] GC(835) Pause Cleanup
[2022-12-13T06:39:35.857+0000][151028][gc          ] GC(835) Pause Cleanup 2017M->2017M(7992M) 0.444ms
[2022-12-13T06:39:35.857+0000][151028][gc,cpu      ] GC(835) User=0.00s Sys=0.00s Real=0.00s
[2022-12-13T06:39:35.857+0000][151028][safepoint   ] Safepoint "G1PauseCleanup", Time since last: 141640100 ns, Reaching safepoint: 238500 ns, At safepoint: 562400 ns, Total: 800900 ns
[2022-12-13T06:39:35.858+0000][151028][gc,marking  ] GC(835) Concurrent Cleanup for Next Mark
[2022-12-13T06:39:35.884+0000][151028][gc,marking  ] GC(835) Concurrent Cleanup for Next Mark 26.757ms
[2022-12-13T06:39:35.884+0000][151028][gc          ] GC(835) Concurrent Mark Cycle 526.703ms
[2022-12-13T06:39:36.872+0000][151028][safepoint   ] Safepoint "Cleanup", Time since last: 1000196600 ns, Reaching safepoint: 14263900 ns, At safepoint: 67700 ns, Total: 14331600 ns
[2022-12-13T06:39:38.467+0000][151028][gc,start    ] GC(836) Pause Young (Prepare Mixed) (G1 Preventive Collection)
[2022-12-13T06:39:38.467+0000][151028][gc,task     ] GC(836) Using 10 workers of 10 for evacuation
[2022-12-13T06:39:38.467+0000][151028][gc,age      ] GC(836) Desired survivor size 314572800 bytes, new threshold 15 (max threshold 15)
[2022-12-13T06:39:38.484+0000][151028][gc,phases   ] GC(836)   Pre Evacuate Collection Set: 0.4ms
[2022-12-13T06:39:38.484+0000][151028][gc,phases   ] GC(836)   Merge Heap Roots: 0.3ms
[2022-12-13T06:39:38.484+0000][151028][gc,phases   ] GC(836)   Evacuate Collection Set: 2.6ms
[2022-12-13T06:39:38.484+0000][151028][gc,phases   ] GC(836)   Post Evacuate Collection Set: 13.0ms
[2022-12-13T06:39:38.484+0000][151028][gc,phases   ] GC(836)   Other: 0.2ms
[2022-12-13T06:39:38.484+0000][151028][gc,age      ] GC(836) Age table with threshold 15 (max threshold 15)
[2022-12-13T06:39:38.484+0000][151028][gc,age      ] GC(836) - age   1:   28136096 bytes,   28136096 total
[2022-12-13T06:39:38.484+0000][151028][gc,age      ] GC(836) - age   2:        600 bytes,   28136696 total
[2022-12-13T06:39:38.484+0000][151028][gc,age      ] GC(836) - age   3:      49096 bytes,   28185792 total
[2022-12-13T06:39:38.484+0000][151028][gc,age      ] GC(836) - age   4:     110656 bytes,   28296448 total
[2022-12-13T06:39:38.484+0000][151028][gc,age      ] GC(836) - age   5:     129344 bytes,   28425792 total
[2022-12-13T06:39:38.484+0000][151028][gc,heap     ] GC(836) Eden regions: 126->0(92)
[2022-12-13T06:39:38.484+0000][151028][gc,heap     ] GC(836) Survivor regions: 1->7(14)
[2022-12-13T06:39:38.484+0000][151028][gc,heap     ] GC(836) Old regions: 105->105
[2022-12-13T06:39:38.484+0000][151028][gc,heap     ] GC(836) Archive regions: 2->2
[2022-12-13T06:39:38.484+0000][151028][gc,heap     ] GC(836) Humongous regions: 1750->2
[2022-12-13T06:39:38.484+0000][151028][gc,metaspace] GC(836) Metaspace: 179479K(184064K)->179479K(184064K) NonClass: 157576K(160128K)->157576K(160128K) Class: 21902K(23936K)->21902K(23936K)
[2022-12-13T06:39:38.484+0000][151028][gc          ] GC(836) Pause Young (Prepare Mixed) (G1 Preventive Collection) 7927M->459M(7992M) 16.860ms
[2022-12-13T06:39:38.484+0000][151028][gc,cpu      ] GC(836) User=0.07s Sys=0.04s Real=0.02s
[2022-12-13T06:39:38.484+0000][151028][safepoint   ] Safepoint "G1CollectForAllocation", Time since last: 1594693400 ns, Reaching safepoint: 352700 ns, At safepoint: 17044800 ns, Total: 17397500 ns
[2022-12-13T06:39:40.645+0000][151028][gc,start    ] GC(837) Pause Young (Mixed) (G1 Evacuation Pause)
[2022-12-13T06:39:40.645+0000][151028][gc,task     ] GC(837) Using 10 workers of 10 for evacuation
[2022-12-13T06:39:40.645+0000][151028][gc,age      ] GC(837) Desired survivor size 27262976 bytes, new threshold 1 (max threshold 15)
[2022-12-13T06:39:40.667+0000][151028][gc,phases   ] GC(837)   Pre Evacuate Collection Set: 0.4ms
[2022-12-13T06:39:40.667+0000][151028][gc,phases   ] GC(837)   Merge Heap Roots: 0.2ms
[2022-12-13T06:39:40.667+0000][151028][gc,phases   ] GC(837)   Evacuate Collection Set: 7.3ms
[2022-12-13T06:39:40.667+0000][151028][gc,phases   ] GC(837)   Post Evacuate Collection Set: 13.6ms
[2022-12-13T06:39:40.667+0000][151028][gc,phases   ] GC(837)   Other: 0.2ms
[2022-12-13T06:39:40.667+0000][151028][gc,age      ] GC(837) Age table with threshold 1 (max threshold 15)
[2022-12-13T06:39:40.667+0000][151028][gc,age      ] GC(837) - age   1:   37842024 bytes,   37842024 total
[2022-12-13T06:39:40.667+0000][151028][gc,heap     ] GC(837) Eden regions: 92->0(1188)
[2022-12-13T06:39:40.667+0000][151028][gc,heap     ] GC(837) Survivor regions: 7->10(13)
[2022-12-13T06:39:40.667+0000][151028][gc,heap     ] GC(837) Old regions: 105->105
[2022-12-13T06:39:40.667+0000][151028][gc,heap     ] GC(837) Archive regions: 2->2
[2022-12-13T06:39:40.667+0000][151028][gc,heap     ] GC(837) Humongous regions: 894->2
[2022-12-13T06:39:40.667+0000][151028][gc,metaspace] GC(837) Metaspace: 179479K(184064K)->179479K(184064K) NonClass: 157576K(160128K)->157576K(160128K) Class: 21902K(23936K)->21902K(23936K)
[2022-12-13T06:39:40.667+0000][151028][gc          ] GC(837) Pause Young (Mixed) (G1 Evacuation Pause) 4395M->466M(7992M) 22.055ms
[2022-12-13T06:39:40.667+0000][151028][gc,cpu      ] GC(837) User=0.16s Sys=0.01s Real=0.02s
[2022-12-13T06:39:40.667+0000][151028][safepoint   ] Safepoint "G1CollectForAllocation", Time since last: 2160703800 ns, Reaching safepoint: 190900 ns, At safepoint: 22314800 ns, Total: 22505700 ns
[2022-12-13T06:39:40.772+0000][151028][gc,start    ] GC(838) Pause Young (Concurrent Start) (G1 Humongous Allocation)
[2022-12-13T06:39:40.772+0000][151028][gc,task     ] GC(838) Using 10 workers of 10 for evacuation
[2022-12-13T06:39:40.772+0000][151028][gc,age      ] GC(838) Desired survivor size 314572800 bytes, new threshold 15 (max threshold 15)
[2022-12-13T06:39:40.778+0000][151028][gc,phases   ] GC(838)   Pre Evacuate Collection Set: 0.8ms
[2022-12-13T06:39:40.778+0000][151028][gc,phases   ] GC(838)   Merge Heap Roots: 0.3ms
[2022-12-13T06:39:40.779+0000][151028][gc,phases   ] GC(838)   Evacuate Collection Set: 2.9ms
[2022-12-13T06:39:40.779+0000][151028][gc,phases   ] GC(838)   Post Evacuate Collection Set: 2.1ms
[2022-12-13T06:39:40.779+0000][151028][gc,phases   ] GC(838)   Other: 0.1ms
[2022-12-13T06:39:40.779+0000][151028][gc,age      ] GC(838) Age table with threshold 15 (max threshold 15)
[2022-12-13T06:39:40.779+0000][151028][gc,age      ] GC(838) - age   1:     408920 bytes,     408920 total
[2022-12-13T06:39:40.779+0000][151028][gc,age      ] GC(838) - age   2:    1510904 bytes,    1919824 total
[2022-12-13T06:39:40.779+0000][151028][gc,heap     ] GC(838) Eden regions: 3->0(1197)
[2022-12-13T06:39:40.779+0000][151028][gc,heap     ] GC(838) Survivor regions: 10->1(150)
[2022-12-13T06:39:40.779+0000][151028][gc,heap     ] GC(838) Old regions: 105->105
[2022-12-13T06:39:40.779+0000][151028][gc,heap     ] GC(838) Archive regions: 2->2
[2022-12-13T06:39:40.779+0000][151028][gc,heap     ] GC(838) Humongous regions: 2->2
[2022-12-13T06:39:40.779+0000][151028][gc,metaspace] GC(838) Metaspace: 179479K(184064K)->179479K(184064K) NonClass: 157576K(160128K)->157576K(160128K) Class: 21902K(23936K)->21902K(23936K)
[2022-12-13T06:39:40.779+0000][151028][gc          ] GC(838) Pause Young (Concurrent Start) (G1 Humongous Allocation) 477M->431M(7992M) 6.443ms
[2022-12-13T06:39:40.779+0000][151028][gc          ] GC(839) Concurrent Mark Cycle
[2022-12-13T06:39:40.779+0000][151028][gc,marking  ] GC(839) Concurrent Clear Claimed Marks
[2022-12-13T06:39:40.779+0000][151028][gc,cpu      ] GC(838) User=0.02s Sys=0.00s Real=0.01s
[2022-12-13T06:39:40.779+0000][151028][safepoint   ] Safepoint "G1TryInitiateConcMark", Time since last: 104718100 ns, Reaching safepoint: 187000 ns, At safepoint: 6708700 ns, Total: 6895700 ns
[2022-12-13T06:39:40.779+0000][151028][gc,marking  ] GC(839) Concurrent Clear Claimed Marks 0.268ms
[2022-12-13T06:39:40.779+0000][151028][gc,marking  ] GC(839) Concurrent Scan Root Regions
[2022-12-13T06:39:40.783+0000][151028][gc,marking  ] GC(839) Concurrent Scan Root Regions 3.971ms
[2022-12-13T06:39:40.783+0000][151028][gc,marking  ] GC(839) Concurrent Mark
[2022-12-13T06:39:40.783+0000][151028][gc,marking  ] GC(839) Concurrent Mark From Roots
[2022-12-13T06:39:40.783+0000][151028][gc,task     ] GC(839) Using 3 workers of 3 for marking
[2022-12-13T06:39:41.060+0000][151028][gc,marking  ] GC(839) Concurrent Mark From Roots 276.754ms
[2022-12-13T06:39:41.060+0000][151028][gc,marking  ] GC(839) Concurrent Preclean
[2022-12-13T06:39:41.061+0000][151028][gc,marking  ] GC(839) Concurrent Preclean 0.832ms
[2022-12-13T06:39:41.061+0000][151028][gc,start    ] GC(839) Pause Remark
[2022-12-13T06:39:41.077+0000][151028][gc          ] GC(839) Pause Remark 1129M->1129M(7992M) 16.283ms
[2022-12-13T06:39:41.078+0000][151028][gc,cpu      ] GC(839) User=0.11s Sys=0.01s Real=0.01s
[2022-12-13T06:39:41.078+0000][151028][safepoint   ] Safepoint "G1PauseRemark", Time since last: 282025700 ns, Reaching safepoint: 211700 ns, At safepoint: 16451300 ns, Total: 16663000 ns
[2022-12-13T06:39:41.078+0000][151028][gc,marking  ] GC(839) Concurrent Mark 294.574ms
[2022-12-13T06:39:41.078+0000][151028][gc,marking  ] GC(839) Concurrent Rebuild Remembered Sets
[2022-12-13T06:39:41.203+0000][151028][gc,marking  ] GC(839) Concurrent Rebuild Remembered Sets 124.953ms
[2022-12-13T06:39:41.203+0000][151028][gc,start    ] GC(839) Pause Cleanup
[2022-12-13T06:39:41.203+0000][151028][gc          ] GC(839) Pause Cleanup 1269M->1269M(7992M) 0.434ms
[2022-12-13T06:39:41.203+0000][151028][gc,cpu      ] GC(839) User=0.01s Sys=0.00s Real=0.00s
[2022-12-13T06:39:41.204+0000][151028][safepoint   ] Safepoint "G1PauseCleanup", Time since last: 125210600 ns, Reaching safepoint: 188400 ns, At safepoint: 530600 ns, Total: 719000 ns
[2022-12-13T06:39:41.204+0000][151028][gc,marking  ] GC(839) Concurrent Cleanup for Next Mark
[2022-12-13T06:39:41.224+0000][151028][gc,marking  ] GC(839) Concurrent Cleanup for Next Mark 20.231ms
[2022-12-13T06:39:41.224+0000][151028][gc          ] GC(839) Concurrent Mark Cycle 445.153ms
[2022-12-13T06:39:42.204+0000][151028][safepoint   ] Safepoint "Cleanup", Time since last: 1000130500 ns, Reaching safepoint: 236100 ns, At safepoint: 30000 ns, Total: 266100 ns
[2022-12-13T06:39:43.224+0000][151028][safepoint   ] Safepoint "Cleanup", Time since last: 1000168000 ns, Reaching safepoint: 19696600 ns, At safepoint: 87500 ns, Total: 19784100 ns
[2022-12-13T06:39:44.225+0000][151028][safepoint   ] Safepoint "Cleanup", Time since last: 1000199000 ns, Reaching safepoint: 1232000 ns, At safepoint: 22600 ns, Total: 1254600 ns
[2022-12-13T06:39:45.227+0000][151028][safepoint   ] Safepoint "Cleanup", Time since last: 1000165200 ns, Reaching safepoint: 959100 ns, At safepoint: 82700 ns, Total: 1041800 ns
[2022-12-13T06:39:45.891+0000][151028][gc,start    ] GC(840) Pause Young (Prepare Mixed) (G1 Preventive Collection)
[2022-12-13T06:39:45.891+0000][151028][gc,task     ] GC(840) Using 10 workers of 10 for evacuation
[2022-12-13T06:39:45.891+0000][151028][gc,age      ] GC(840) Desired survivor size 314572800 bytes, new threshold 15 (max threshold 15)
[2022-12-13T06:39:45.931+0000][151028][gc,phases   ] GC(840)   Pre Evacuate Collection Set: 0.4ms
[2022-12-13T06:39:45.931+0000][151028][gc,phases   ] GC(840)   Merge Heap Roots: 0.3ms
[2022-12-13T06:39:45.931+0000][151028][gc,phases   ] GC(840)   Evacuate Collection Set: 3.3ms
[2022-12-13T06:39:45.931+0000][151028][gc,phases   ] GC(840)   Post Evacuate Collection Set: 35.4ms
[2022-12-13T06:39:45.931+0000][151028][gc,phases   ] GC(840)   Other: 0.2ms
[2022-12-13T06:39:45.931+0000][151028][gc,age      ] GC(840) Age table with threshold 15 (max threshold 15)
[2022-12-13T06:39:45.931+0000][151028][gc,age      ] GC(840) - age   1:   98731248 bytes,   98731248 total
[2022-12-13T06:39:45.931+0000][151028][gc,age      ] GC(840) - age   2:        376 bytes,   98731624 total
[2022-12-13T06:39:45.931+0000][151028][gc,age      ] GC(840) - age   3:      46440 bytes,   98778064 total
[2022-12-13T06:39:45.931+0000][151028][gc,heap     ] GC(840) Eden regions: 308->0(74)
[2022-12-13T06:39:45.931+0000][151028][gc,heap     ] GC(840) Survivor regions: 1->25(30)
[2022-12-13T06:39:45.931+0000][151028][gc,heap     ] GC(840) Old regions: 105->105
[2022-12-13T06:39:45.931+0000][151028][gc,heap     ] GC(840) Archive regions: 2->2
[2022-12-13T06:39:45.931+0000][151028][gc,heap     ] GC(840) Humongous regions: 1552->8
[2022-12-13T06:39:45.931+0000][151028][gc,metaspace] GC(840) Metaspace: 179489K(184064K)->179489K(184064K) NonClass: 157587K(160128K)->157587K(160128K) Class: 21902K(23936K)->21902K(23936K)
[2022-12-13T06:39:45.931+0000][151028][gc          ] GC(840) Pause Young (Prepare Mixed) (G1 Preventive Collection) 7863M->549M(7992M) 40.022ms
[2022-12-13T06:39:45.931+0000][151028][gc,cpu      ] GC(840) User=0.34s Sys=0.01s Real=0.04s
[2022-12-13T06:39:45.931+0000][151028][safepoint   ] Safepoint "G1CollectForAllocation", Time since last: 663942700 ns, Reaching safepoint: 278300 ns, At safepoint: 40221000 ns, Total: 40499300 ns
[2022-12-13T06:39:46.187+0000][151028][safepoint   ] Safepoint "G1CollectForAllocation", Time since last: 256021400 ns, Reaching safepoint: 246300 ns, At safepoint: 78300 ns, Total: 324600 ns
[2022-12-13T06:39:46.190+0000][151028][gc,start    ] GC(841) Pause Young (Mixed) (GCLocker Initiated GC)
[2022-12-13T06:39:46.190+0000][151028][gc,task     ] GC(841) Using 10 workers of 10 for evacuation
[2022-12-13T06:39:46.190+0000][151028][gc,age      ] GC(841) Desired survivor size 27262976 bytes, new threshold 1 (max threshold 15)
[2022-12-13T06:39:46.212+0000][151028][gc,phases   ] GC(841)   Pre Evacuate Collection Set: 0.4ms
[2022-12-13T06:39:46.212+0000][151028][gc,phases   ] GC(841)   Merge Heap Roots: 0.3ms
[2022-12-13T06:39:46.212+0000][151028][gc,phases   ] GC(841)   Evacuate Collection Set: 13.1ms
[2022-12-13T06:39:46.212+0000][151028][gc,phases   ] GC(841)   Post Evacuate Collection Set: 8.4ms
[2022-12-13T06:39:46.212+0000][151028][gc,phases   ] GC(841)   Other: 0.2ms
[2022-12-13T06:39:46.212+0000][151028][gc,age      ] GC(841) Age table with threshold 1 (max threshold 15)
[2022-12-13T06:39:46.212+0000][151028][gc,age      ] GC(841) - age   1:   42479832 bytes,   42479832 total
[2022-12-13T06:39:46.212+0000][151028][gc,heap     ] GC(841) Eden regions: 74->0(1186)
[2022-12-13T06:39:46.212+0000][151028][gc,heap     ] GC(841) Survivor regions: 25->12(13)
[2022-12-13T06:39:46.212+0000][151028][gc,heap     ] GC(841) Old regions: 105->106
[2022-12-13T06:39:46.212+0000][151028][gc,heap     ] GC(841) Archive regions: 2->2
[2022-12-13T06:39:46.212+0000][151028][gc,heap     ] GC(841) Humongous regions: 108->16
[2022-12-13T06:39:46.212+0000][151028][gc,metaspace] GC(841) Metaspace: 179489K(184064K)->179489K(184064K) NonClass: 157587K(160128K)->157587K(160128K) Class: 21902K(23936K)->21902K(23936K)
[2022-12-13T06:39:46.212+0000][151028][gc          ] GC(841) Pause Young (Mixed) (GCLocker Initiated GC) 1245M->533M(7992M) 22.549ms
[2022-12-13T06:39:46.212+0000][151028][gc,cpu      ] GC(841) User=0.18s Sys=0.00s Real=0.03s
[2022-12-13T06:39:46.213+0000][151028][safepoint   ] Safepoint "G1CollectForAllocation", Time since last: 194800 ns, Reaching safepoint: 2344600 ns, At safepoint: 22740100 ns, Total: 25084700 ns
[2022-12-13T06:39:46.288+0000][151028][gc,start    ] GC(842) Pause Young (Concurrent Start) (G1 Humongous Allocation)
[2022-12-13T06:39:46.288+0000][151028][gc,task     ] GC(842) Using 10 workers of 10 for evacuation
[2022-12-13T06:39:46.288+0000][151028][gc,age      ] GC(842) Desired survivor size 314572800 bytes, new threshold 15 (max threshold 15)
[2022-12-13T06:39:46.299+0000][151028][gc,phases   ] GC(842)   Pre Evacuate Collection Set: 0.9ms
[2022-12-13T06:39:46.299+0000][151028][gc,phases   ] GC(842)   Merge Heap Roots: 0.3ms
[2022-12-13T06:39:46.299+0000][151028][gc,phases   ] GC(842)   Evacuate Collection Set: 3.0ms
[2022-12-13T06:39:46.299+0000][151028][gc,phases   ] GC(842)   Post Evacuate Collection Set: 6.2ms
[2022-12-13T06:39:46.299+0000][151028][gc,phases   ] GC(842)   Other: 0.1ms
[2022-12-13T06:39:46.299+0000][151028][gc,age      ] GC(842) Age table with threshold 15 (max threshold 15)
[2022-12-13T06:39:46.299+0000][151028][gc,age      ] GC(842) - age   1:    6496272 bytes,    6496272 total
[2022-12-13T06:39:46.299+0000][151028][gc,age      ] GC(842) - age   2:   13612040 bytes,   20108312 total
[2022-12-13T06:39:46.299+0000][151028][gc,heap     ] GC(842) Eden regions: 20->0(1192)
[2022-12-13T06:39:46.299+0000][151028][gc,heap     ] GC(842) Survivor regions: 12->6(150)
[2022-12-13T06:39:46.299+0000][151028][gc,heap     ] GC(842) Old regions: 106->106
[2022-12-13T06:39:46.299+0000][151028][gc,heap     ] GC(842) Archive regions: 2->2
[2022-12-13T06:39:46.299+0000][151028][gc,heap     ] GC(842) Humongous regions: 16->8
[2022-12-13T06:39:46.299+0000][151028][gc,metaspace] GC(842) Metaspace: 179489K(184064K)->179489K(184064K) NonClass: 157587K(160128K)->157587K(160128K) Class: 21902K(23936K)->21902K(23936K)
[2022-12-13T06:39:46.299+0000][151028][gc          ] GC(842) Pause Young (Concurrent Start) (G1 Humongous Allocation) 609M->479M(7992M) 10.806ms
[2022-12-13T06:39:46.299+0000][151028][gc          ] GC(843) Concurrent Mark Cycle
[2022-12-13T06:39:46.299+0000][151028][gc,marking  ] GC(843) Concurrent Clear Claimed Marks
[2022-12-13T06:39:46.299+0000][151028][gc,cpu      ] GC(842) User=0.05s Sys=0.00s Real=0.02s
[2022-12-13T06:39:46.299+0000][151028][safepoint   ] Safepoint "G1TryInitiateConcMark", Time since last: 75221900 ns, Reaching safepoint: 179400 ns, At safepoint: 11074200 ns, Total: 11253600 ns
[2022-12-13T06:39:46.299+0000][151028][gc,marking  ] GC(843) Concurrent Clear Claimed Marks 0.427ms
[2022-12-13T06:39:46.299+0000][151028][gc,marking  ] GC(843) Concurrent Scan Root Regions
[2022-12-13T06:39:46.302+0000][151028][gc,marking  ] GC(843) Concurrent Scan Root Regions 2.784ms
[2022-12-13T06:39:46.302+0000][151028][gc,marking  ] GC(843) Concurrent Mark
[2022-12-13T06:39:46.302+0000][151028][gc,marking  ] GC(843) Concurrent Mark From Roots
[2022-12-13T06:39:46.302+0000][151028][gc,task     ] GC(843) Using 3 workers of 3 for marking
[2022-12-13T06:39:46.572+0000][151028][gc,marking  ] GC(843) Concurrent Mark From Roots 270.026ms
[2022-12-13T06:39:46.572+0000][151028][gc,marking  ] GC(843) Concurrent Preclean
[2022-12-13T06:39:46.573+0000][151028][gc,marking  ] GC(843) Concurrent Preclean 0.689ms
[2022-12-13T06:39:46.574+0000][151028][gc,start    ] GC(843) Pause Remark
[2022-12-13T06:39:46.588+0000][151028][gc          ] GC(843) Pause Remark 764M->764M(7992M) 14.214ms
[2022-12-13T06:39:46.588+0000][151028][gc,cpu      ] GC(843) User=0.10s Sys=0.01s Real=0.01s
[2022-12-13T06:39:46.588+0000][151028][safepoint   ] Safepoint "G1PauseRemark", Time since last: 274133500 ns, Reaching safepoint: 293200 ns, At safepoint: 14404400 ns, Total: 14697600 ns
[2022-12-13T06:39:46.588+0000][151028][gc,marking  ] GC(843) Concurrent Mark 285.685ms
[2022-12-13T06:39:46.588+0000][151028][gc,marking  ] GC(843) Concurrent Rebuild Remembered Sets
[2022-12-13T06:39:46.749+0000][151028][gc,marking  ] GC(843) Concurrent Rebuild Remembered Sets 161.036ms
[2022-12-13T06:39:46.749+0000][151028][gc,start    ] GC(843) Pause Cleanup
[2022-12-13T06:39:46.750+0000][151028][gc          ] GC(843) Pause Cleanup 874M->874M(7992M) 0.443ms
[2022-12-13T06:39:46.750+0000][151028][gc,cpu      ] GC(843) User=0.00s Sys=0.00s Real=0.01s
[2022-12-13T06:39:46.750+0000][151028][safepoint   ] Safepoint "G1PauseCleanup", Time since last: 161260200 ns, Reaching safepoint: 293500 ns, At safepoint: 591900 ns, Total: 885400 ns
[2022-12-13T06:39:46.750+0000][151028][gc,marking  ] GC(843) Concurrent Cleanup for Next Mark
[2022-12-13T06:39:46.776+0000][151028][gc,marking  ] GC(843) Concurrent Cleanup for Next Mark 25.469ms
[2022-12-13T06:39:46.776+0000][151028][gc          ] GC(843) Concurrent Mark Cycle 476.752ms
[2022-12-13T06:39:49.751+0000][151028][safepoint   ] Safepoint "Cleanup", Time since last: 3000311400 ns, Reaching safepoint: 330900 ns, At safepoint: 18700 ns, Total: 349600 ns
[2022-12-13T06:39:53.916+0000][151028][gc,start    ] GC(844) Pause Young (Prepare Mixed) (G1 Preventive Collection)
[2022-12-13T06:39:53.916+0000][151028][gc,task     ] GC(844) Using 10 workers of 10 for evacuation
[2022-12-13T06:39:53.916+0000][151028][gc,age      ] GC(844) Desired survivor size 314572800 bytes, new threshold 15 (max threshold 15)
[2022-12-13T06:39:54.013+0000][151028][gc,phases   ] GC(844)   Pre Evacuate Collection Set: 0.5ms
[2022-12-13T06:39:54.013+0000][151028][gc,phases   ] GC(844)   Merge Heap Roots: 0.4ms
[2022-12-13T06:39:54.013+0000][151028][gc,phases   ] GC(844)   Evacuate Collection Set: 4.9ms
[2022-12-13T06:39:54.013+0000][151028][gc,phases   ] GC(844)   Post Evacuate Collection Set: 91.2ms
[2022-12-13T06:39:54.013+0000][151028][gc,phases   ] GC(844)   Other: 0.2ms
[2022-12-13T06:39:54.013+0000][151028][gc,age      ] GC(844) Age table with threshold 15 (max threshold 15)
[2022-12-13T06:39:54.013+0000][151028][gc,age      ] GC(844) - age   1:  313421912 bytes,  313421912 total
[2022-12-13T06:39:54.013+0000][151028][gc,age      ] GC(844) - age   2:     870128 bytes,  314292040 total
[2022-12-13T06:39:54.013+0000][151028][gc,age      ] GC(844) - age   3:      45136 bytes,  314337176 total
[2022-12-13T06:39:54.013+0000][151028][gc,heap     ] GC(844) Eden regions: 880->0(21)
[2022-12-13T06:39:54.013+0000][151028][gc,heap     ] GC(844) Survivor regions: 6->78(150)
[2022-12-13T06:39:54.013+0000][151028][gc,heap     ] GC(844) Old regions: 106->106
[2022-12-13T06:39:54.013+0000][151028][gc,heap     ] GC(844) Archive regions: 2->2
[2022-12-13T06:39:54.013+0000][151028][gc,heap     ] GC(844) Humongous regions: 849->8
[2022-12-13T06:39:54.013+0000][151028][gc,metaspace] GC(844) Metaspace: 179489K(184064K)->179489K(184064K) NonClass: 157587K(160128K)->157587K(160128K) Class: 21902K(23936K)->21902K(23936K)
[2022-12-13T06:39:54.013+0000][151028][gc          ] GC(844) Pause Young (Prepare Mixed) (G1 Preventive Collection) 7362M->766M(7992M) 97.543ms
[2022-12-13T06:39:54.013+0000][151028][gc,cpu      ] GC(844) User=0.91s Sys=0.01s Real=0.10s
[2022-12-13T06:39:54.013+0000][151028][safepoint   ] Safepoint "G1CollectForAllocation", Time since last: 4164762400 ns, Reaching safepoint: 196400 ns, At safepoint: 97782500 ns, Total: 97978900 ns
[2022-12-13T06:39:54.103+0000][151028][gc,start    ] GC(845) Pause Young (Mixed) (G1 Evacuation Pause)
[2022-12-13T06:39:54.103+0000][151028][gc,task     ] GC(845) Using 10 workers of 10 for evacuation
[2022-12-13T06:39:54.103+0000][151028][gc,age      ] GC(845) Desired survivor size 27262976 bytes, new threshold 1 (max threshold 15)
[2022-12-13T06:39:54.117+0000][151028][gc,phases   ] GC(845)   Pre Evacuate Collection Set: 0.3ms
[2022-12-13T06:39:54.117+0000][151028][gc,phases   ] GC(845)   Merge Heap Roots: 0.2ms
[2022-12-13T06:39:54.117+0000][151028][gc,phases   ] GC(845)   Evacuate Collection Set: 9.8ms
[2022-12-13T06:39:54.117+0000][151028][gc,phases   ] GC(845)   Post Evacuate Collection Set: 3.1ms
[2022-12-13T06:39:54.117+0000][151028][gc,phases   ] GC(845)   Other: 0.1ms
[2022-12-13T06:39:54.117+0000][151028][gc,age      ] GC(845) Age table with threshold 1 (max threshold 15)
[2022-12-13T06:39:54.117+0000][151028][gc,age      ] GC(845) - age   1:   11395680 bytes,   11395680 total
[2022-12-13T06:39:54.117+0000][151028][gc,heap     ] GC(845) Eden regions: 21->0(1193)
[2022-12-13T06:39:54.117+0000][151028][gc,heap     ] GC(845) Survivor regions: 78->5(13)
[2022-12-13T06:39:54.117+0000][151028][gc,heap     ] GC(845) Old regions: 106->107
[2022-12-13T06:39:54.117+0000][151028][gc,heap     ] GC(845) Archive regions: 2->2
[2022-12-13T06:39:54.117+0000][151028][gc,heap     ] GC(845) Humongous regions: 107->6
[2022-12-13T06:39:54.117+0000][151028][gc,metaspace] GC(845) Metaspace: 179489K(184064K)->179489K(184064K) NonClass: 157587K(160128K)->157587K(160128K) Class: 21902K(23936K)->21902K(23936K)
[2022-12-13T06:39:54.117+0000][151028][gc          ] GC(845) Pause Young (Mixed) (G1 Evacuation Pause) 1246M->475M(7992M) 13.972ms
[2022-12-13T06:39:54.117+0000][151028][gc,cpu      ] GC(845) User=0.10s Sys=0.01s Real=0.01s
[2022-12-13T06:39:54.117+0000][151028][safepoint   ] Safepoint "G1CollectForAllocation", Time since last: 89284900 ns, Reaching safepoint: 283500 ns, At safepoint: 14170000 ns, Total: 14453500 ns
[2022-12-13T06:39:54.272+0000][151028][gc,start    ] GC(846) Pause Young (Concurrent Start) (G1 Humongous Allocation)
[2022-12-13T06:39:54.273+0000][151028][gc,task     ] GC(846) Using 10 workers of 10 for evacuation
[2022-12-13T06:39:54.273+0000][151028][gc,age      ] GC(846) Desired survivor size 314572800 bytes, new threshold 15 (max threshold 15)
[2022-12-13T06:39:54.279+0000][151028][gc,phases   ] GC(846)   Pre Evacuate Collection Set: 0.8ms
[2022-12-13T06:39:54.280+0000][151028][gc,phases   ] GC(846)   Merge Heap Roots: 0.2ms
[2022-12-13T06:39:54.280+0000][151028][gc,phases   ] GC(846)   Evacuate Collection Set: 2.6ms
[2022-12-13T06:39:54.280+0000][151028][gc,phases   ] GC(846)   Post Evacuate Collection Set: 3.1ms
[2022-12-13T06:39:54.280+0000][151028][gc,phases   ] GC(846)   Other: 0.1ms
[2022-12-13T06:39:54.280+0000][151028][gc,age      ] GC(846) Age table with threshold 15 (max threshold 15)
[2022-12-13T06:39:54.280+0000][151028][gc,age      ] GC(846) - age   1:    3940416 bytes,    3940416 total
[2022-12-13T06:39:54.280+0000][151028][gc,age      ] GC(846) - age   2:    4046752 bytes,    7987168 total
[2022-12-13T06:39:54.280+0000][151028][gc,heap     ] GC(846) Eden regions: 11->0(1195)
[2022-12-13T06:39:54.280+0000][151028][gc,heap     ] GC(846) Survivor regions: 5->3(150)
[2022-12-13T06:39:54.280+0000][151028][gc,heap     ] GC(846) Old regions: 107->107
[2022-12-13T06:39:54.280+0000][151028][gc,heap     ] GC(846) Archive regions: 2->2
[2022-12-13T06:39:54.280+0000][151028][gc,heap     ] GC(846) Humongous regions: 6->6
[2022-12-13T06:39:54.280+0000][151028][gc,metaspace] GC(846) Metaspace: 179493K(184064K)->179493K(184064K) NonClass: 157590K(160128K)->157590K(160128K) Class: 21902K(23936K)->21902K(23936K)
[2022-12-13T06:39:54.280+0000][151028][gc          ] GC(846) Pause Young (Concurrent Start) (G1 Humongous Allocation) 517M->466M(7992M) 7.384ms
[2022-12-13T06:39:54.280+0000][151028][gc          ] GC(847) Concurrent Mark Cycle
[2022-12-13T06:39:54.280+0000][151028][gc,marking  ] GC(847) Concurrent Clear Claimed Marks
[2022-12-13T06:39:54.280+0000][151028][gc,cpu      ] GC(846) User=0.04s Sys=0.00s Real=0.01s
[2022-12-13T06:39:54.280+0000][151028][safepoint   ] Safepoint "G1TryInitiateConcMark", Time since last: 155011400 ns, Reaching safepoint: 203700 ns, At safepoint: 7659500 ns, Total: 7863200 ns
[2022-12-13T06:39:54.280+0000][151028][gc,marking  ] GC(847) Concurrent Clear Claimed Marks 0.371ms
[2022-12-13T06:39:54.280+0000][151028][gc,marking  ] GC(847) Concurrent Scan Root Regions
[2022-12-13T06:39:54.283+0000][151028][gc,marking  ] GC(847) Concurrent Scan Root Regions 2.814ms
[2022-12-13T06:39:54.283+0000][151028][gc,marking  ] GC(847) Concurrent Mark
[2022-12-13T06:39:54.283+0000][151028][gc,marking  ] GC(847) Concurrent Mark From Roots
[2022-12-13T06:39:54.283+0000][151028][gc,task     ] GC(847) Using 3 workers of 3 for marking
[2022-12-13T06:39:54.564+0000][151028][gc,marking  ] GC(847) Concurrent Mark From Roots 280.853ms
[2022-12-13T06:39:54.564+0000][151028][gc,marking  ] GC(847) Concurrent Preclean
[2022-12-13T06:39:54.565+0000][151028][gc,marking  ] GC(847) Concurrent Preclean 0.555ms
[2022-12-13T06:39:54.565+0000][151028][gc,start    ] GC(847) Pause Remark
[2022-12-13T06:39:54.578+0000][151028][gc          ] GC(847) Pause Remark 988M->972M(7992M) 13.240ms
[2022-12-13T06:39:54.578+0000][151028][gc,cpu      ] GC(847) User=0.10s Sys=0.01s Real=0.02s
[2022-12-13T06:39:54.578+0000][151028][safepoint   ] Safepoint "G1PauseRemark", Time since last: 284742500 ns, Reaching safepoint: 189800 ns, At safepoint: 13417700 ns, Total: 13607500 ns
[2022-12-13T06:39:54.579+0000][151028][gc,marking  ] GC(847) Concurrent Mark 295.271ms
[2022-12-13T06:39:54.579+0000][151028][gc,marking  ] GC(847) Concurrent Rebuild Remembered Sets
[2022-12-13T06:39:54.735+0000][151028][gc,marking  ] GC(847) Concurrent Rebuild Remembered Sets 156.918ms
[2022-12-13T06:39:54.736+0000][151028][gc,start    ] GC(847) Pause Cleanup
[2022-12-13T06:39:54.736+0000][151028][gc          ] GC(847) Pause Cleanup 977M->977M(7992M) 0.592ms
[2022-12-13T06:39:54.736+0000][151028][gc,cpu      ] GC(847) User=0.00s Sys=0.00s Real=0.00s
[2022-12-13T06:39:54.737+0000][151028][safepoint   ] Safepoint "G1PauseCleanup", Time since last: 157173700 ns, Reaching safepoint: 188900 ns, At safepoint: 734700 ns, Total: 923600 ns
[2022-12-13T06:39:54.737+0000][151028][gc,marking  ] GC(847) Concurrent Cleanup for Next Mark
[2022-12-13T06:39:54.758+0000][151028][gc,marking  ] GC(847) Concurrent Cleanup for Next Mark 20.902ms
[2022-12-13T06:39:54.758+0000][151028][gc          ] GC(847) Concurrent Mark Cycle 477.779ms
[2022-12-13T06:39:56.737+0000][151028][safepoint   ] Safepoint "Cleanup", Time since last: 2000227900 ns, Reaching safepoint: 197200 ns, At safepoint: 39000 ns, Total: 236200 ns
[2022-12-13T06:39:57.375+0000][151028][gc,start    ] GC(848) Pause Young (Prepare Mixed) (G1 Preventive Collection)
[2022-12-13T06:39:57.375+0000][151028][gc,task     ] GC(848) Using 10 workers of 10 for evacuation
[2022-12-13T06:39:57.375+0000][151028][gc,age      ] GC(848) Desired survivor size 314572800 bytes, new threshold 15 (max threshold 15)
[2022-12-13T06:39:57.437+0000][151028][gc,phases   ] GC(848)   Pre Evacuate Collection Set: 0.4ms
[2022-12-13T06:39:57.437+0000][151028][gc,phases   ] GC(848)   Merge Heap Roots: 0.3ms
[2022-12-13T06:39:57.437+0000][151028][gc,phases   ] GC(848)   Evacuate Collection Set: 19.0ms
[2022-12-13T06:39:57.437+0000][151028][gc,phases   ] GC(848)   Post Evacuate Collection Set: 42.2ms
[2022-12-13T06:39:57.437+0000][151028][gc,phases   ] GC(848)   Other: 0.2ms
[2022-12-13T06:39:57.437+0000][151028][gc,age      ] GC(848) Age table with threshold 15 (max threshold 15)
[2022-12-13T06:39:57.437+0000][151028][gc,age      ] GC(848) - age   1:  180805880 bytes,  180805880 total
[2022-12-13T06:39:57.437+0000][151028][gc,age      ] GC(848) - age   2:      12152 bytes,  180818032 total
[2022-12-13T06:39:57.437+0000][151028][gc,age      ] GC(848) - age   3:       7672 bytes,  180825704 total
[2022-12-13T06:39:57.437+0000][151028][gc,heap     ] GC(848) Eden regions: 645->0(55)
[2022-12-13T06:39:57.437+0000][151028][gc,heap     ] GC(848) Survivor regions: 3->44(100)
[2022-12-13T06:39:57.437+0000][151028][gc,heap     ] GC(848) Old regions: 107->107
[2022-12-13T06:39:57.437+0000][151028][gc,heap     ] GC(848) Archive regions: 2->2
[2022-12-13T06:39:57.437+0000][151028][gc,heap     ] GC(848) Humongous regions: 1141->19
[2022-12-13T06:39:57.437+0000][151028][gc,metaspace] GC(848) Metaspace: 179494K(184064K)->179494K(184064K) NonClass: 157591K(160128K)->157591K(160128K) Class: 21902K(23936K)->21902K(23936K)
[2022-12-13T06:39:57.437+0000][151028][gc          ] GC(848) Pause Young (Prepare Mixed) (G1 Preventive Collection) 7586M->683M(7992M) 62.349ms
[2022-12-13T06:39:57.437+0000][151028][gc,cpu      ] GC(848) User=0.55s Sys=0.00s Real=0.06s
[2022-12-13T06:39:57.438+0000][151028][safepoint   ] Safepoint "G1CollectForAllocation", Time since last: 637769500 ns, Reaching safepoint: 283500 ns, At safepoint: 62586100 ns, Total: 62869600 ns
[2022-12-13T06:39:57.682+0000][151028][gc,start    ] GC(849) Pause Young (Mixed) (G1 Evacuation Pause)
[2022-12-13T06:39:57.682+0000][151028][gc,task     ] GC(849) Using 10 workers of 10 for evacuation
[2022-12-13T06:39:57.682+0000][151028][gc,age      ] GC(849) Desired survivor size 27262976 bytes, new threshold 1 (max threshold 15)
[2022-12-13T06:39:57.702+0000][151028][gc,phases   ] GC(849)   Pre Evacuate Collection Set: 0.3ms
[2022-12-13T06:39:57.703+0000][151028][gc,phases   ] GC(849)   Merge Heap Roots: 0.3ms
[2022-12-13T06:39:57.703+0000][151028][gc,phases   ] GC(849)   Evacuate Collection Set: 17.9ms
[2022-12-13T06:39:57.703+0000][151028][gc,phases   ] GC(849)   Post Evacuate Collection Set: 2.1ms
[2022-12-13T06:39:57.703+0000][151028][gc,phases   ] GC(849)   Other: 0.2ms
[2022-12-13T06:39:57.703+0000][151028][gc,age      ] GC(849) Age table with threshold 1 (max threshold 15)
[2022-12-13T06:39:57.703+0000][151028][gc,age      ] GC(849) - age   1:   12136664 bytes,   12136664 total
[2022-12-13T06:39:57.703+0000][151028][gc,heap     ] GC(849) Eden regions: 55->0(1191)
[2022-12-13T06:39:57.703+0000][151028][gc,heap     ] GC(849) Survivor regions: 44->7(13)
[2022-12-13T06:39:57.703+0000][151028][gc,heap     ] GC(849) Old regions: 107->116
[2022-12-13T06:39:57.703+0000][151028][gc,heap     ] GC(849) Archive regions: 2->2
[2022-12-13T06:39:57.703+0000][151028][gc,heap     ] GC(849) Humongous regions: 52->8
[2022-12-13T06:39:57.703+0000][151028][gc,metaspace] GC(849) Metaspace: 179494K(184064K)->179494K(184064K) NonClass: 157591K(160128K)->157591K(160128K) Class: 21902K(23936K)->21902K(23936K)
[2022-12-13T06:39:57.703+0000][151028][gc          ] GC(849) Pause Young (Mixed) (G1 Evacuation Pause) 1035M->524M(7992M) 21.086ms
[2022-12-13T06:39:57.703+0000][151028][gc,cpu      ] GC(849) User=0.17s Sys=0.00s Real=0.02s
[2022-12-13T06:39:57.703+0000][151028][safepoint   ] Safepoint "G1CollectForAllocation", Time since last: 243820400 ns, Reaching safepoint: 187500 ns, At safepoint: 21257600 ns, Total: 21445100 ns
[2022-12-13T06:39:57.705+0000][151028][gc,start    ] GC(850) Pause Young (Concurrent Start) (G1 Humongous Allocation)
[2022-12-13T06:39:57.705+0000][151028][gc,task     ] GC(850) Using 10 workers of 10 for evacuation
[2022-12-13T06:39:57.705+0000][151028][gc,age      ] GC(850) Desired survivor size 314572800 bytes, new threshold 15 (max threshold 15)
[2022-12-13T06:39:57.712+0000][151028][gc,phases   ] GC(850)   Pre Evacuate Collection Set: 0.7ms
[2022-12-13T06:39:57.712+0000][151028][gc,phases   ] GC(850)   Merge Heap Roots: 0.2ms
[2022-12-13T06:39:57.712+0000][151028][gc,phases   ] GC(850)   Evacuate Collection Set: 4.2ms
[2022-12-13T06:39:57.712+0000][151028][gc,phases   ] GC(850)   Post Evacuate Collection Set: 1.5ms
[2022-12-13T06:39:57.712+0000][151028][gc,phases   ] GC(850)   Other: 0.1ms
[2022-12-13T06:39:57.712+0000][151028][gc,age      ] GC(850) Age table with threshold 15 (max threshold 15)
[2022-12-13T06:39:57.712+0000][151028][gc,age      ] GC(850) - age   1:     743072 bytes,     743072 total
[2022-12-13T06:39:57.712+0000][151028][gc,age      ] GC(850) - age   2:    8487088 bytes,    9230160 total
[2022-12-13T06:39:57.712+0000][151028][gc,heap     ] GC(850) Eden regions: 2->0(1194)
[2022-12-13T06:39:57.712+0000][151028][gc,heap     ] GC(850) Survivor regions: 7->4(150)
[2022-12-13T06:39:57.712+0000][151028][gc,heap     ] GC(850) Old regions: 116->116
[2022-12-13T06:39:57.712+0000][151028][gc,heap     ] GC(850) Archive regions: 2->2
[2022-12-13T06:39:57.712+0000][151028][gc,heap     ] GC(850) Humongous regions: 8->8
[2022-12-13T06:39:57.712+0000][151028][gc,metaspace] GC(850) Metaspace: 179494K(184064K)->179494K(184064K) NonClass: 157591K(160128K)->157591K(160128K) Class: 21902K(23936K)->21902K(23936K)
[2022-12-13T06:39:57.712+0000][151028][gc          ] GC(850) Pause Young (Concurrent Start) (G1 Humongous Allocation) 530M->511M(7992M) 7.076ms
[2022-12-13T06:39:57.712+0000][151028][gc          ] GC(851) Concurrent Mark Cycle
[2022-12-13T06:39:57.712+0000][151028][gc,marking  ] GC(851) Concurrent Clear Claimed Marks
[2022-12-13T06:39:57.713+0000][151028][gc,marking  ] GC(851) Concurrent Clear Claimed Marks 0.274ms
[2022-12-13T06:39:57.713+0000][151028][gc,marking  ] GC(851) Concurrent Scan Root Regions
[2022-12-13T06:39:57.714+0000][151028][gc,cpu      ] GC(850) User=0.03s Sys=0.00s Real=0.01s
[2022-12-13T06:39:57.714+0000][151028][safepoint   ] Safepoint "G1TryInitiateConcMark", Time since last: 2111200 ns, Reaching safepoint: 176700 ns, At safepoint: 9041500 ns, Total: 9218200 ns
[2022-12-13T06:39:57.715+0000][151028][gc,marking  ] GC(851) Concurrent Scan Root Regions 2.577ms
[2022-12-13T06:39:57.715+0000][151028][gc,marking  ] GC(851) Concurrent Mark
[2022-12-13T06:39:57.715+0000][151028][gc,marking  ] GC(851) Concurrent Mark From Roots
[2022-12-13T06:39:57.715+0000][151028][gc,task     ] GC(851) Using 3 workers of 3 for marking
[2022-12-13T06:39:57.971+0000][151028][gc,marking  ] GC(851) Concurrent Mark From Roots 255.563ms
[2022-12-13T06:39:57.971+0000][151028][gc,marking  ] GC(851) Concurrent Preclean
[2022-12-13T06:39:57.972+0000][151028][gc,marking  ] GC(851) Concurrent Preclean 0.964ms
[2022-12-13T06:39:57.972+0000][151028][gc,start    ] GC(851) Pause Remark
[2022-12-13T06:39:57.986+0000][151028][gc          ] GC(851) Pause Remark 1139M->1139M(7992M) 13.454ms
[2022-12-13T06:39:57.986+0000][151028][gc,cpu      ] GC(851) User=0.09s Sys=0.00s Real=0.01s
[2022-12-13T06:39:57.986+0000][151028][safepoint   ] Safepoint "G1PauseRemark", Time since last: 257796200 ns, Reaching safepoint: 332900 ns, At safepoint: 13668900 ns, Total: 14001800 ns
[2022-12-13T06:39:57.986+0000][151028][gc,marking  ] GC(851) Concurrent Mark 270.855ms
[2022-12-13T06:39:57.986+0000][151028][gc,marking  ] GC(851) Concurrent Rebuild Remembered Sets
[2022-12-13T06:39:58.141+0000][151028][gc,marking  ] GC(851) Concurrent Rebuild Remembered Sets 155.260ms
[2022-12-13T06:39:58.142+0000][151028][gc,start    ] GC(851) Pause Cleanup
[2022-12-13T06:39:58.142+0000][151028][gc          ] GC(851) Pause Cleanup 1585M->1585M(7992M) 0.645ms
[2022-12-13T06:39:58.143+0000][151028][gc,cpu      ] GC(851) User=0.00s Sys=0.00s Real=0.00s
[2022-12-13T06:39:58.143+0000][151028][safepoint   ] Safepoint "G1PauseCleanup", Time since last: 155508900 ns, Reaching safepoint: 257300 ns, At safepoint: 867400 ns, Total: 1124700 ns
[2022-12-13T06:39:58.143+0000][151028][gc,marking  ] GC(851) Concurrent Cleanup for Next Mark
[2022-12-13T06:39:58.173+0000][151028][gc,marking  ] GC(851) Concurrent Cleanup for Next Mark 29.837ms
[2022-12-13T06:39:58.173+0000][151028][gc          ] GC(851) Concurrent Mark Cycle 460.327ms
[2022-12-13T06:40:00.999+0000][151028][gc,start    ] GC(852) Pause Young (Prepare Mixed) (G1 Preventive Collection)
[2022-12-13T06:40:00.999+0000][151028][gc,task     ] GC(852) Using 10 workers of 10 for evacuation
[2022-12-13T06:40:00.999+0000][151028][gc,age      ] GC(852) Desired survivor size 314572800 bytes, new threshold 15 (max threshold 15)
[2022-12-13T06:40:01.022+0000][151028][gc,phases   ] GC(852)   Pre Evacuate Collection Set: 0.4ms
[2022-12-13T06:40:01.022+0000][151028][gc,phases   ] GC(852)   Merge Heap Roots: 0.3ms
[2022-12-13T06:40:01.022+0000][151028][gc,phases   ] GC(852)   Evacuate Collection Set: 4.5ms
[2022-12-13T06:40:01.022+0000][151028][gc,phases   ] GC(852)   Post Evacuate Collection Set: 17.1ms
[2022-12-13T06:40:01.022+0000][151028][gc,phases   ] GC(852)   Other: 0.2ms
[2022-12-13T06:40:01.022+0000][151028][gc,age      ] GC(852) Age table with threshold 15 (max threshold 15)
[2022-12-13T06:40:01.022+0000][151028][gc,age      ] GC(852) - age   1:   42862160 bytes,   42862160 total
[2022-12-13T06:40:01.022+0000][151028][gc,age      ] GC(852) - age   2:      33920 bytes,   42896080 total
[2022-12-13T06:40:01.022+0000][151028][gc,age      ] GC(852) - age   3:    1971560 bytes,   44867640 total
[2022-12-13T06:40:01.022+0000][151028][gc,heap     ] GC(852) Eden regions: 282->0(87)
[2022-12-13T06:40:01.022+0000][151028][gc,heap     ] GC(852) Survivor regions: 4->12(32)
[2022-12-13T06:40:01.022+0000][151028][gc,heap     ] GC(852) Old regions: 116->116
[2022-12-13T06:40:01.022+0000][151028][gc,heap     ] GC(852) Archive regions: 2->2
[2022-12-13T06:40:01.022+0000][151028][gc,heap     ] GC(852) Humongous regions: 1562->41
[2022-12-13T06:40:01.022+0000][151028][gc,metaspace] GC(852) Metaspace: 179494K(184064K)->179494K(184064K) NonClass: 157591K(160128K)->157591K(160128K) Class: 21902K(23936K)->21902K(23936K)
[2022-12-13T06:40:01.022+0000][151028][gc          ] GC(852) Pause Young (Prepare Mixed) (G1 Preventive Collection) 7855M->675M(7992M) 22.823ms
[2022-12-13T06:40:01.022+0000][151028][gc,cpu      ] GC(852) User=0.17s Sys=0.00s Real=0.02s
[2022-12-13T06:40:01.022+0000][151028][safepoint   ] Safepoint "G1CollectForAllocation", Time since last: 2856029500 ns, Reaching safepoint: 249700 ns, At safepoint: 23009500 ns, Total: 23259200 ns
[2022-12-13T06:40:02.191+0000][151028][gc,start    ] GC(853) Pause Young (Mixed) (G1 Evacuation Pause)
[2022-12-13T06:40:02.191+0000][151028][gc,task     ] GC(853) Using 10 workers of 10 for evacuation
[2022-12-13T06:40:02.191+0000][151028][gc,age      ] GC(853) Desired survivor size 27262976 bytes, new threshold 1 (max threshold 15)
[2022-12-13T06:40:02.209+0000][151028][gc,phases   ] GC(853)   Pre Evacuate Collection Set: 0.4ms
[2022-12-13T06:40:02.209+0000][151028][gc,phases   ] GC(853)   Merge Heap Roots: 0.3ms
[2022-12-13T06:40:02.209+0000][151028][gc,phases   ] GC(853)   Evacuate Collection Set: 8.1ms
[2022-12-13T06:40:02.209+0000][151028][gc,phases   ] GC(853)   Post Evacuate Collection Set: 9.1ms
[2022-12-13T06:40:02.209+0000][151028][gc,phases   ] GC(853)   Other: 0.2ms
[2022-12-13T06:40:02.209+0000][151028][gc,age      ] GC(853) Age table with threshold 1 (max threshold 15)
[2022-12-13T06:40:02.209+0000][151028][gc,age      ] GC(853) - age   1:    7216944 bytes,    7216944 total
[2022-12-13T06:40:02.209+0000][151028][gc,heap     ] GC(853) Eden regions: 87->0(1195)
[2022-12-13T06:40:02.209+0000][151028][gc,heap     ] GC(853) Survivor regions: 12->3(13)
[2022-12-13T06:40:02.210+0000][151028][gc,heap     ] GC(853) Old regions: 116->116
[2022-12-13T06:40:02.210+0000][151028][gc,heap     ] GC(853) Archive regions: 2->2
[2022-12-13T06:40:02.210+0000][151028][gc,heap     ] GC(853) Humongous regions: 669->4
[2022-12-13T06:40:02.210+0000][151028][gc,metaspace] GC(853) Metaspace: 179494K(184064K)->179494K(184064K) NonClass: 157591K(160128K)->157591K(160128K) Class: 21902K(23936K)->21902K(23936K)
[2022-12-13T06:40:02.210+0000][151028][gc          ] GC(853) Pause Young (Mixed) (G1 Evacuation Pause) 3535M->490M(7992M) 18.339ms
[2022-12-13T06:40:02.210+0000][151028][gc,cpu      ] GC(853) User=0.08s Sys=0.01s Real=0.01s
[2022-12-13T06:40:02.210+0000][151028][safepoint   ] Safepoint "G1CollectForAllocation", Time since last: 1169056200 ns, Reaching safepoint: 215200 ns, At safepoint: 18531100 ns, Total: 18746300 ns
[2022-12-13T06:40:02.216+0000][151028][gc,start    ] GC(854) Pause Young (Concurrent Start) (G1 Humongous Allocation)
[2022-12-13T06:40:02.216+0000][151028][gc,task     ] GC(854) Using 10 workers of 10 for evacuation
[2022-12-13T06:40:02.216+0000][151028][gc,age      ] GC(854) Desired survivor size 314572800 bytes, new threshold 15 (max threshold 15)
[2022-12-13T06:40:02.221+0000][151028][gc,phases   ] GC(854)   Pre Evacuate Collection Set: 0.8ms
[2022-12-13T06:40:02.221+0000][151028][gc,phases   ] GC(854)   Merge Heap Roots: 0.3ms
[2022-12-13T06:40:02.221+0000][151028][gc,phases   ] GC(854)   Evacuate Collection Set: 2.9ms
[2022-12-13T06:40:02.221+0000][151028][gc,phases   ] GC(854)   Post Evacuate Collection Set: 1.1ms
[2022-12-13T06:40:02.221+0000][151028][gc,phases   ] GC(854)   Other: 0.1ms
[2022-12-13T06:40:02.221+0000][151028][gc,age      ] GC(854) Age table with threshold 15 (max threshold 15)
[2022-12-13T06:40:02.221+0000][151028][gc,age      ] GC(854) - age   1:    1462192 bytes,    1462192 total
[2022-12-13T06:40:02.221+0000][151028][gc,age      ] GC(854) - age   2:    1675832 bytes,    3138024 total
[2022-12-13T06:40:02.221+0000][151028][gc,heap     ] GC(854) Eden regions: 2->0(1196)
[2022-12-13T06:40:02.221+0000][151028][gc,heap     ] GC(854) Survivor regions: 3->2(150)
[2022-12-13T06:40:02.221+0000][151028][gc,heap     ] GC(854) Old regions: 116->116
[2022-12-13T06:40:02.221+0000][151028][gc,heap     ] GC(854) Archive regions: 2->2
[2022-12-13T06:40:02.221+0000][151028][gc,heap     ] GC(854) Humongous regions: 4->4
[2022-12-13T06:40:02.221+0000][151028][gc,metaspace] GC(854) Metaspace: 179494K(184064K)->179494K(184064K) NonClass: 157591K(160128K)->157591K(160128K) Class: 21902K(23936K)->21902K(23936K)
[2022-12-13T06:40:02.221+0000][151028][gc          ] GC(854) Pause Young (Concurrent Start) (G1 Humongous Allocation) 495M->484M(7992M) 5.519ms
[2022-12-13T06:40:02.221+0000][151028][gc          ] GC(855) Concurrent Mark Cycle
[2022-12-13T06:40:02.221+0000][151028][gc,marking  ] GC(855) Concurrent Clear Claimed Marks
[2022-12-13T06:40:02.222+0000][151028][gc,marking  ] GC(855) Concurrent Clear Claimed Marks 0.243ms
[2022-12-13T06:40:02.222+0000][151028][gc,marking  ] GC(855) Concurrent Scan Root Regions
[2022-12-13T06:40:02.222+0000][151028][gc,cpu      ] GC(854) User=0.02s Sys=0.00s Real=0.01s
[2022-12-13T06:40:02.222+0000][151028][safepoint   ] Safepoint "G1TryInitiateConcMark", Time since last: 5805000 ns, Reaching safepoint: 195700 ns, At safepoint: 6049300 ns, Total: 6245000 ns
[2022-12-13T06:40:02.226+0000][151028][gc,marking  ] GC(855) Concurrent Scan Root Regions 4.170ms
[2022-12-13T06:40:02.226+0000][151028][gc,marking  ] GC(855) Concurrent Mark
[2022-12-13T06:40:02.226+0000][151028][gc,marking  ] GC(855) Concurrent Mark From Roots
[2022-12-13T06:40:02.226+0000][151028][gc,task     ] GC(855) Using 3 workers of 3 for marking
[2022-12-13T06:40:02.498+0000][151028][gc,marking  ] GC(855) Concurrent Mark From Roots 272.544ms
[2022-12-13T06:40:02.498+0000][151028][gc,marking  ] GC(855) Concurrent Preclean
[2022-12-13T06:40:02.499+0000][151028][gc,marking  ] GC(855) Concurrent Preclean 0.653ms
[2022-12-13T06:40:02.499+0000][151028][gc,start    ] GC(855) Pause Remark
[2022-12-13T06:40:02.521+0000][151028][gc          ] GC(855) Pause Remark 928M->920M(7992M) 21.466ms
[2022-12-13T06:40:02.521+0000][151028][gc,cpu      ] GC(855) User=0.14s Sys=0.01s Real=0.02s
[2022-12-13T06:40:02.521+0000][151028][safepoint   ] Safepoint "G1PauseRemark", Time since last: 277413400 ns, Reaching safepoint: 243600 ns, At safepoint: 21655900 ns, Total: 21899500 ns
[2022-12-13T06:40:02.521+0000][151028][gc,marking  ] GC(855) Concurrent Mark 295.284ms
[2022-12-13T06:40:02.521+0000][151028][gc,marking  ] GC(855) Concurrent Rebuild Remembered Sets
[2022-12-13T06:40:02.674+0000][151028][gc,marking  ] GC(855) Concurrent Rebuild Remembered Sets 153.205ms
[2022-12-13T06:40:02.675+0000][151028][gc,start    ] GC(855) Pause Cleanup
[2022-12-13T06:40:02.675+0000][151028][gc          ] GC(855) Pause Cleanup 926M->926M(7992M) 0.456ms
[2022-12-13T06:40:02.675+0000][151028][gc,cpu      ] GC(855) User=0.00s Sys=0.00s Real=0.00s
[2022-12-13T06:40:02.675+0000][151028][safepoint   ] Safepoint "G1PauseCleanup", Time since last: 153380300 ns, Reaching safepoint: 191700 ns, At safepoint: 552300 ns, Total: 744000 ns
[2022-12-13T06:40:02.675+0000][151028][gc,marking  ] GC(855) Concurrent Cleanup for Next Mark
[2022-12-13T06:40:02.696+0000][151028][gc,marking  ] GC(855) Concurrent Cleanup for Next Mark 20.796ms
[2022-12-13T06:40:02.696+0000][151028][gc          ] GC(855) Concurrent Mark Cycle 474.790ms
[2022-12-13T06:40:06.257+0000][151028][gc,start    ] GC(856) Pause Young (Prepare Mixed) (G1 Preventive Collection)
[2022-12-13T06:40:06.257+0000][151028][gc,task     ] GC(856) Using 10 workers of 10 for evacuation
[2022-12-13T06:40:06.257+0000][151028][gc,age      ] GC(856) Desired survivor size 314572800 bytes, new threshold 15 (max threshold 15)
[2022-12-13T06:40:06.283+0000][151028][gc,phases   ] GC(856)   Pre Evacuate Collection Set: 0.4ms
[2022-12-13T06:40:06.283+0000][151028][gc,phases   ] GC(856)   Merge Heap Roots: 0.2ms
[2022-12-13T06:40:06.283+0000][151028][gc,phases   ] GC(856)   Evacuate Collection Set: 13.9ms
[2022-12-13T06:40:06.283+0000][151028][gc,phases   ] GC(856)   Post Evacuate Collection Set: 10.5ms
[2022-12-13T06:40:06.283+0000][151028][gc,phases   ] GC(856)   Other: 0.2ms
[2022-12-13T06:40:06.283+0000][151028][gc,age      ] GC(856) Age table with threshold 15 (max threshold 15)
[2022-12-13T06:40:06.283+0000][151028][gc,age      ] GC(856) - age   1:   52069848 bytes,   52069848 total
[2022-12-13T06:40:06.283+0000][151028][gc,age      ] GC(856) - age   2:        328 bytes,   52070176 total
[2022-12-13T06:40:06.283+0000][151028][gc,age      ] GC(856) - age   3:     111768 bytes,   52181944 total
[2022-12-13T06:40:06.283+0000][151028][gc,heap     ] GC(856) Eden regions: 253->0(86)
[2022-12-13T06:40:06.283+0000][151028][gc,heap     ] GC(856) Survivor regions: 2->13(43)
[2022-12-13T06:40:06.283+0000][151028][gc,heap     ] GC(856) Old regions: 116->116
[2022-12-13T06:40:06.283+0000][151028][gc,heap     ] GC(856) Archive regions: 2->2
[2022-12-13T06:40:06.283+0000][151028][gc,heap     ] GC(856) Humongous regions: 1582->76
[2022-12-13T06:40:06.283+0000][151028][gc,metaspace] GC(856) Metaspace: 179496K(184064K)->179496K(184064K) NonClass: 157593K(160128K)->157593K(160128K) Class: 21902K(23936K)->21902K(23936K)
[2022-12-13T06:40:06.283+0000][151028][gc          ] GC(856) Pause Young (Prepare Mixed) (G1 Preventive Collection) 7808M->819M(7992M) 25.519ms
[2022-12-13T06:40:06.283+0000][151028][gc,cpu      ] GC(856) User=0.18s Sys=0.00s Real=0.03s
[2022-12-13T06:40:06.283+0000][151028][safepoint   ] Safepoint "G1CollectForAllocation", Time since last: 3579706200 ns, Reaching safepoint: 2354600 ns, At safepoint: 25732500 ns, Total: 28087100 ns
[2022-12-13T06:40:06.697+0000][151028][gc,start    ] GC(857) Pause Young (Mixed) (G1 Evacuation Pause)
[2022-12-13T06:40:06.697+0000][151028][gc,task     ] GC(857) Using 10 workers of 10 for evacuation
[2022-12-13T06:40:06.697+0000][151028][gc,age      ] GC(857) Desired survivor size 27262976 bytes, new threshold 1 (max threshold 15)
[2022-12-13T06:40:06.718+0000][151028][gc,phases   ] GC(857)   Pre Evacuate Collection Set: 0.3ms
[2022-12-13T06:40:06.718+0000][151028][gc,phases   ] GC(857)   Merge Heap Roots: 0.3ms
[2022-12-13T06:40:06.718+0000][151028][gc,phases   ] GC(857)   Evacuate Collection Set: 17.0ms
[2022-12-13T06:40:06.718+0000][151028][gc,phases   ] GC(857)   Post Evacuate Collection Set: 3.3ms
[2022-12-13T06:40:06.719+0000][151028][gc,phases   ] GC(857)   Other: 0.2ms
[2022-12-13T06:40:06.719+0000][151028][gc,age      ] GC(857) Age table with threshold 1 (max threshold 15)
[2022-12-13T06:40:06.719+0000][151028][gc,age      ] GC(857) - age   1:   19820040 bytes,   19820040 total
[2022-12-13T06:40:06.719+0000][151028][gc,heap     ] GC(857) Eden regions: 86->0(1192)
[2022-12-13T06:40:06.719+0000][151028][gc,heap     ] GC(857) Survivor regions: 13->6(13)
[2022-12-13T06:40:06.719+0000][151028][gc,heap     ] GC(857) Old regions: 116->117
[2022-12-13T06:40:06.719+0000][151028][gc,heap     ] GC(857) Archive regions: 2->2
[2022-12-13T06:40:06.719+0000][151028][gc,heap     ] GC(857) Humongous regions: 242->10
[2022-12-13T06:40:06.719+0000][151028][gc,metaspace] GC(857) Metaspace: 179496K(184064K)->179496K(184064K) NonClass: 157593K(160128K)->157593K(160128K) Class: 21902K(23936K)->21902K(23936K)
[2022-12-13T06:40:06.719+0000][151028][gc          ] GC(857) Pause Young (Mixed) (G1 Evacuation Pause) 1827M->533M(7992M) 21.430ms
[2022-12-13T06:40:06.719+0000][151028][gc,cpu      ] GC(857) User=0.16s Sys=0.00s Real=0.03s
[2022-12-13T06:40:06.719+0000][151028][safepoint   ] Safepoint "G1CollectForAllocation", Time since last: 413892800 ns, Reaching safepoint: 275300 ns, At safepoint: 21589200 ns, Total: 21864500 ns
[2022-12-13T06:40:06.841+0000][151028][gc,start    ] GC(858) Pause Young (Concurrent Start) (G1 Humongous Allocation)
[2022-12-13T06:40:06.841+0000][151028][gc,task     ] GC(858) Using 10 workers of 10 for evacuation
[2022-12-13T06:40:06.841+0000][151028][gc,age      ] GC(858) Desired survivor size 314572800 bytes, new threshold 15 (max threshold 15)
[2022-12-13T06:40:06.851+0000][151028][gc,phases   ] GC(858)   Pre Evacuate Collection Set: 0.8ms
[2022-12-13T06:40:06.851+0000][151028][gc,phases   ] GC(858)   Merge Heap Roots: 0.2ms
[2022-12-13T06:40:06.851+0000][151028][gc,phases   ] GC(858)   Evacuate Collection Set: 6.1ms
[2022-12-13T06:40:06.851+0000][151028][gc,phases   ] GC(858)   Post Evacuate Collection Set: 2.7ms
[2022-12-13T06:40:06.851+0000][151028][gc,phases   ] GC(858)   Other: 0.1ms
[2022-12-13T06:40:06.851+0000][151028][gc,age      ] GC(858) Age table with threshold 15 (max threshold 15)
[2022-12-13T06:40:06.851+0000][151028][gc,age      ] GC(858) - age   1:    5988336 bytes,    5988336 total
[2022-12-13T06:40:06.851+0000][151028][gc,age      ] GC(858) - age   2:   11991056 bytes,   17979392 total
[2022-12-13T06:40:06.851+0000][151028][gc,heap     ] GC(858) Eden regions: 22->0(1193)
[2022-12-13T06:40:06.851+0000][151028][gc,heap     ] GC(858) Survivor regions: 6->5(150)
[2022-12-13T06:40:06.851+0000][151028][gc,heap     ] GC(858) Old regions: 117->117
[2022-12-13T06:40:06.851+0000][151028][gc,heap     ] GC(858) Archive regions: 2->2
[2022-12-13T06:40:06.851+0000][151028][gc,heap     ] GC(858) Humongous regions: 10->10
[2022-12-13T06:40:06.851+0000][151028][gc,metaspace] GC(858) Metaspace: 179496K(184064K)->179496K(184064K) NonClass: 157593K(160128K)->157593K(160128K) Class: 21902K(23936K)->21902K(23936K)
[2022-12-13T06:40:06.851+0000][151028][gc          ] GC(858) Pause Young (Concurrent Start) (G1 Humongous Allocation) 619M->530M(7992M) 10.172ms
[2022-12-13T06:40:06.851+0000][151028][gc          ] GC(859) Concurrent Mark Cycle
[2022-12-13T06:40:06.851+0000][151028][gc,marking  ] GC(859) Concurrent Clear Claimed Marks
[2022-12-13T06:40:06.851+0000][151028][gc,marking  ] GC(859) Concurrent Clear Claimed Marks 0.315ms
[2022-12-13T06:40:06.851+0000][151028][gc,marking  ] GC(859) Concurrent Scan Root Regions
[2022-12-13T06:40:06.852+0000][151028][gc,cpu      ] GC(858) User=0.06s Sys=0.00s Real=0.01s
[2022-12-13T06:40:06.852+0000][151028][safepoint   ] Safepoint "G1TryInitiateConcMark", Time since last: 121876900 ns, Reaching safepoint: 191400 ns, At safepoint: 10831300 ns, Total: 11022700 ns
[2022-12-13T06:40:06.857+0000][151028][gc,marking  ] GC(859) Concurrent Scan Root Regions 5.870ms
[2022-12-13T06:40:06.857+0000][151028][gc,marking  ] GC(859) Concurrent Mark
[2022-12-13T06:40:06.857+0000][151028][gc,marking  ] GC(859) Concurrent Mark From Roots
[2022-12-13T06:40:06.857+0000][151028][gc,task     ] GC(859) Using 3 workers of 3 for marking
[2022-12-13T06:40:07.222+0000][151028][gc,marking  ] GC(859) Concurrent Mark From Roots 364.665ms
[2022-12-13T06:40:07.222+0000][151028][gc,marking  ] GC(859) Concurrent Preclean
[2022-12-13T06:40:07.223+0000][151028][gc,marking  ] GC(859) Concurrent Preclean 0.618ms
[2022-12-13T06:40:07.223+0000][151028][gc,start    ] GC(859) Pause Remark
[2022-12-13T06:40:07.240+0000][151028][gc          ] GC(859) Pause Remark 1428M->1424M(7992M) 17.322ms
[2022-12-13T06:40:07.241+0000][151028][gc,cpu      ] GC(859) User=0.13s Sys=0.00s Real=0.02s
[2022-12-13T06:40:07.241+0000][151028][safepoint   ] Safepoint "G1PauseRemark", Time since last: 371171900 ns, Reaching safepoint: 265000 ns, At safepoint: 17589500 ns, Total: 17854500 ns
[2022-12-13T06:40:07.241+0000][151028][gc,marking  ] GC(859) Concurrent Mark 383.334ms
[2022-12-13T06:40:07.241+0000][151028][gc,marking  ] GC(859) Concurrent Rebuild Remembered Sets
[2022-12-13T06:40:07.396+0000][151028][gc,marking  ] GC(859) Concurrent Rebuild Remembered Sets 155.227ms
[2022-12-13T06:40:07.420+0000][151028][gc,start    ] GC(859) Pause Cleanup
[2022-12-13T06:40:07.421+0000][151028][gc          ] GC(859) Pause Cleanup 1744M->1744M(7992M) 0.554ms
[2022-12-13T06:40:07.421+0000][151028][gc,cpu      ] GC(859) User=0.00s Sys=0.00s Real=0.00s
[2022-12-13T06:40:07.421+0000][151028][safepoint   ] Safepoint "G1PauseCleanup", Time since last: 155452600 ns, Reaching safepoint: 24156200 ns, At safepoint: 730500 ns, Total: 24886700 ns
[2022-12-13T06:40:07.421+0000][151028][gc,marking  ] GC(859) Concurrent Cleanup for Next Mark
[2022-12-13T06:40:07.448+0000][151028][gc,marking  ] GC(859) Concurrent Cleanup for Next Mark 27.069ms
[2022-12-13T06:40:07.448+0000][151028][gc          ] GC(859) Concurrent Mark Cycle 597.198ms
[2022-12-13T06:40:11.314+0000][151028][gc,start    ] GC(860) Pause Young (Prepare Mixed) (G1 Preventive Collection)
[2022-12-13T06:40:11.314+0000][151028][gc,task     ] GC(860) Using 10 workers of 10 for evacuation
[2022-12-13T06:40:11.314+0000][151028][gc,age      ] GC(860) Desired survivor size 314572800 bytes, new threshold 15 (max threshold 15)
[2022-12-13T06:40:11.338+0000][151028][gc,phases   ] GC(860)   Pre Evacuate Collection Set: 0.6ms
[2022-12-13T06:40:11.338+0000][151028][gc,phases   ] GC(860)   Merge Heap Roots: 0.4ms
[2022-12-13T06:40:11.338+0000][151028][gc,phases   ] GC(860)   Evacuate Collection Set: 5.7ms
[2022-12-13T06:40:11.338+0000][151028][gc,phases   ] GC(860)   Post Evacuate Collection Set: 16.5ms
[2022-12-13T06:40:11.338+0000][151028][gc,phases   ] GC(860)   Other: 0.2ms
[2022-12-13T06:40:11.338+0000][151028][gc,age      ] GC(860) Age table with threshold 15 (max threshold 15)
[2022-12-13T06:40:11.338+0000][151028][gc,age      ] GC(860) - age   1:   36776304 bytes,   36776304 total
[2022-12-13T06:40:11.338+0000][151028][gc,age      ] GC(860) - age   2:     814928 bytes,   37591232 total
[2022-12-13T06:40:11.338+0000][151028][gc,age      ] GC(860) - age   3:    8622136 bytes,   46213368 total
[2022-12-13T06:40:11.338+0000][151028][gc,heap     ] GC(860) Eden regions: 293->0(87)
[2022-12-13T06:40:11.338+0000][151028][gc,heap     ] GC(860) Survivor regions: 5->12(40)
[2022-12-13T06:40:11.338+0000][151028][gc,heap     ] GC(860) Old regions: 116->116
[2022-12-13T06:40:11.338+0000][151028][gc,heap     ] GC(860) Archive regions: 2->2
[2022-12-13T06:40:11.338+0000][151028][gc,heap     ] GC(860) Humongous regions: 1542->10
[2022-12-13T06:40:11.338+0000][151028][gc,metaspace] GC(860) Metaspace: 179509K(184064K)->179509K(184064K) NonClass: 157606K(160128K)->157606K(160128K) Class: 21902K(23936K)->21902K(23936K)
[2022-12-13T06:40:11.338+0000][151028][gc          ] GC(860) Pause Young (Prepare Mixed) (G1 Preventive Collection) 7825M->553M(7992M) 23.733ms
[2022-12-13T06:40:11.338+0000][151028][gc,cpu      ] GC(860) User=0.16s Sys=0.01s Real=0.03s
[2022-12-13T06:40:11.338+0000][151028][safepoint   ] Safepoint "G1CollectForAllocation", Time since last: 3892883500 ns, Reaching safepoint: 233200 ns, At safepoint: 23917700 ns, Total: 24150900 ns
[2022-12-13T06:40:12.551+0000][151028][gc,start    ] GC(861) Pause Young (Mixed) (G1 Evacuation Pause)
[2022-12-13T06:40:12.551+0000][151028][gc,task     ] GC(861) Using 10 workers of 10 for evacuation
[2022-12-13T06:40:12.551+0000][151028][gc,age      ] GC(861) Desired survivor size 27262976 bytes, new threshold 1 (max threshold 15)
[2022-12-13T06:40:12.565+0000][151028][gc,phases   ] GC(861)   Pre Evacuate Collection Set: 0.3ms
[2022-12-13T06:40:12.565+0000][151028][gc,phases   ] GC(861)   Merge Heap Roots: 0.2ms
[2022-12-13T06:40:12.565+0000][151028][gc,phases   ] GC(861)   Evacuate Collection Set: 9.8ms
[2022-12-13T06:40:12.565+0000][151028][gc,phases   ] GC(861)   Post Evacuate Collection Set: 3.9ms
[2022-12-13T06:40:12.565+0000][151028][gc,phases   ] GC(861)   Other: 0.2ms
[2022-12-13T06:40:12.565+0000][151028][gc,age      ] GC(861) Age table with threshold 1 (max threshold 15)
[2022-12-13T06:40:12.565+0000][151028][gc,age      ] GC(861) - age   1:   13028352 bytes,   13028352 total
[2022-12-13T06:40:12.565+0000][151028][gc,heap     ] GC(861) Eden regions: 87->0(1194)
[2022-12-13T06:40:12.565+0000][151028][gc,heap     ] GC(861) Survivor regions: 12->4(13)
[2022-12-13T06:40:12.565+0000][151028][gc,heap     ] GC(861) Old regions: 116->116
[2022-12-13T06:40:12.565+0000][151028][gc,heap     ] GC(861) Archive regions: 2->2
[2022-12-13T06:40:12.565+0000][151028][gc,heap     ] GC(861) Humongous regions: 308->10
[2022-12-13T06:40:12.565+0000][151028][gc,metaspace] GC(861) Metaspace: 179509K(184064K)->179509K(184064K) NonClass: 157606K(160128K)->157606K(160128K) Class: 21902K(23936K)->21902K(23936K)
[2022-12-13T06:40:12.566+0000][151028][gc          ] GC(861) Pause Young (Mixed) (G1 Evacuation Pause) 2093M->519M(7992M) 14.759ms
[2022-12-13T06:40:12.566+0000][151028][gc,cpu      ] GC(861) User=0.11s Sys=0.01s Real=0.01s
[2022-12-13T06:40:12.566+0000][151028][safepoint   ] Safepoint "G1CollectForAllocation", Time since last: 1212467100 ns, Reaching safepoint: 187000 ns, At safepoint: 14902600 ns, Total: 15089600 ns
[2022-12-13T06:40:12.965+0000][151028][gc,start    ] GC(862) Pause Young (Concurrent Start) (G1 Humongous Allocation)
[2022-12-13T06:40:12.965+0000][151028][gc,task     ] GC(862) Using 10 workers of 10 for evacuation
[2022-12-13T06:40:12.965+0000][151028][gc,age      ] GC(862) Desired survivor size 314572800 bytes, new threshold 15 (max threshold 15)
[2022-12-13T06:40:12.973+0000][151028][gc,phases   ] GC(862)   Pre Evacuate Collection Set: 0.9ms
[2022-12-13T06:40:12.973+0000][151028][gc,phases   ] GC(862)   Merge Heap Roots: 0.2ms
[2022-12-13T06:40:12.973+0000][151028][gc,phases   ] GC(862)   Evacuate Collection Set: 3.8ms
[2022-12-13T06:40:12.973+0000][151028][gc,phases   ] GC(862)   Post Evacuate Collection Set: 2.3ms
[2022-12-13T06:40:12.973+0000][151028][gc,phases   ] GC(862)   Other: 0.1ms
[2022-12-13T06:40:12.973+0000][151028][gc,age      ] GC(862) Age table with threshold 15 (max threshold 15)
[2022-12-13T06:40:12.973+0000][151028][gc,age      ] GC(862) - age   1:    6652064 bytes,    6652064 total
[2022-12-13T06:40:12.973+0000][151028][gc,age      ] GC(862) - age   2:     347656 bytes,    6999720 total
[2022-12-13T06:40:12.973+0000][151028][gc,heap     ] GC(862) Eden regions: 11->0(1195)
[2022-12-13T06:40:12.973+0000][151028][gc,heap     ] GC(862) Survivor regions: 4->3(150)
[2022-12-13T06:40:12.973+0000][151028][gc,heap     ] GC(862) Old regions: 116->116
[2022-12-13T06:40:12.973+0000][151028][gc,heap     ] GC(862) Archive regions: 2->2
[2022-12-13T06:40:12.973+0000][151028][gc,heap     ] GC(862) Humongous regions: 76->43
[2022-12-13T06:40:12.973+0000][151028][gc,metaspace] GC(862) Metaspace: 179509K(184064K)->179509K(184064K) NonClass: 157606K(160128K)->157606K(160128K) Class: 21902K(23936K)->21902K(23936K)
[2022-12-13T06:40:12.973+0000][151028][gc          ] GC(862) Pause Young (Concurrent Start) (G1 Humongous Allocation) 824M->646M(7992M) 7.659ms
[2022-12-13T06:40:12.973+0000][151028][gc,cpu      ] GC(862) User=0.03s Sys=0.01s Real=0.01s
[2022-12-13T06:40:12.973+0000][151028][safepoint   ] Safepoint "G1TryInitiateConcMark", Time since last: 388181500 ns, Reaching safepoint: 11308500 ns, At safepoint: 7854200 ns, Total: 19162700 ns
[2022-12-13T06:40:12.973+0000][151028][gc          ] GC(863) Concurrent Undo Cycle
[2022-12-13T06:40:12.973+0000][151028][gc,marking  ] GC(863) Concurrent Cleanup for Next Mark
[2022-12-13T06:40:12.974+0000][151028][gc,marking  ] GC(863) Concurrent Cleanup for Next Mark 0.635ms
[2022-12-13T06:40:12.974+0000][151028][gc          ] GC(863) Concurrent Undo Cycle 0.727ms
[2022-12-13T06:40:13.250+0000][151028][gc,start    ] GC(864) Pause Young (Concurrent Start) (G1 Humongous Allocation)
[2022-12-13T06:40:13.250+0000][151028][gc,task     ] GC(864) Using 10 workers of 10 for evacuation
[2022-12-13T06:40:13.250+0000][151028][gc,age      ] GC(864) Desired survivor size 314572800 bytes, new threshold 15 (max threshold 15)
[2022-12-13T06:40:13.255+0000][151028][gc,phases   ] GC(864)   Pre Evacuate Collection Set: 0.8ms
[2022-12-13T06:40:13.255+0000][151028][gc,phases   ] GC(864)   Merge Heap Roots: 0.2ms
[2022-12-13T06:40:13.256+0000][151028][gc,phases   ] GC(864)   Evacuate Collection Set: 2.7ms
[2022-12-13T06:40:13.256+0000][151028][gc,phases   ] GC(864)   Post Evacuate Collection Set: 1.2ms
[2022-12-13T06:40:13.256+0000][151028][gc,phases   ] GC(864)   Other: 0.1ms
[2022-12-13T06:40:13.256+0000][151028][gc,age      ] GC(864) Age table with threshold 15 (max threshold 15)
[2022-12-13T06:40:13.256+0000][151028][gc,age      ] GC(864) - age   1:    1364576 bytes,    1364576 total
[2022-12-13T06:40:13.256+0000][151028][gc,age      ] GC(864) - age   2:     472232 bytes,    1836808 total
[2022-12-13T06:40:13.256+0000][151028][gc,age      ] GC(864) - age   3:     213336 bytes,    2050144 total
[2022-12-13T06:40:13.256+0000][151028][gc,heap     ] GC(864) Eden regions: 21->0(1197)
[2022-12-13T06:40:13.256+0000][151028][gc,heap     ] GC(864) Survivor regions: 3->1(150)
[2022-12-13T06:40:13.256+0000][151028][gc,heap     ] GC(864) Old regions: 116->116
[2022-12-13T06:40:13.256+0000][151028][gc,heap     ] GC(864) Archive regions: 2->2
[2022-12-13T06:40:13.256+0000][151028][gc,heap     ] GC(864) Humongous regions: 76->10
[2022-12-13T06:40:13.256+0000][151028][gc,metaspace] GC(864) Metaspace: 179509K(184064K)->179509K(184064K) NonClass: 157606K(160128K)->157606K(160128K) Class: 21902K(23936K)->21902K(23936K)
[2022-12-13T06:40:13.256+0000][151028][gc          ] GC(864) Pause Young (Concurrent Start) (G1 Humongous Allocation) 858M->507M(7992M) 5.328ms
[2022-12-13T06:40:13.256+0000][151028][gc,cpu      ] GC(864) User=0.01s Sys=0.01s Real=0.00s
[2022-12-13T06:40:13.256+0000][151028][safepoint   ] Safepoint "G1TryInitiateConcMark", Time since last: 277169800 ns, Reaching safepoint: 191700 ns, At safepoint: 5486400 ns, Total: 5678100 ns
[2022-12-13T06:40:13.256+0000][151028][gc          ] GC(865) Concurrent Mark Cycle
[2022-12-13T06:40:13.256+0000][151028][gc,marking  ] GC(865) Concurrent Clear Claimed Marks
[2022-12-13T06:40:13.256+0000][151028][gc,marking  ] GC(865) Concurrent Clear Claimed Marks 0.281ms
[2022-12-13T06:40:13.256+0000][151028][gc,marking  ] GC(865) Concurrent Scan Root Regions
[2022-12-13T06:40:13.259+0000][151028][gc,marking  ] GC(865) Concurrent Scan Root Regions 3.236ms
[2022-12-13T06:40:13.260+0000][151028][gc,marking  ] GC(865) Concurrent Mark
[2022-12-13T06:40:13.260+0000][151028][gc,marking  ] GC(865) Concurrent Mark From Roots
[2022-12-13T06:40:13.260+0000][151028][gc,task     ] GC(865) Using 3 workers of 3 for marking
[2022-12-13T06:40:13.557+0000][151028][gc,marking  ] GC(865) Concurrent Mark From Roots 297.884ms
[2022-12-13T06:40:13.558+0000][151028][gc,marking  ] GC(865) Concurrent Preclean
[2022-12-13T06:40:13.559+0000][151028][gc,marking  ] GC(865) Concurrent Preclean 1.107ms
[2022-12-13T06:40:13.577+0000][151028][gc,start    ] GC(865) Pause Remark
[2022-12-13T06:40:13.597+0000][151028][gc          ] GC(865) Pause Remark 1117M->1085M(7992M) 19.908ms
[2022-12-13T06:40:13.597+0000][151028][gc,cpu      ] GC(865) User=0.16s Sys=0.01s Real=0.02s
[2022-12-13T06:40:13.598+0000][151028][safepoint   ] Safepoint "G1PauseRemark", Time since last: 302979700 ns, Reaching safepoint: 18608200 ns, At safepoint: 20131400 ns, Total: 38739600 ns
[2022-12-13T06:40:13.598+0000][151028][gc,marking  ] GC(865) Concurrent Mark 338.357ms
[2022-12-13T06:40:13.598+0000][151028][gc,marking  ] GC(865) Concurrent Rebuild Remembered Sets
[2022-12-13T06:40:13.749+0000][151028][gc,marking  ] GC(865) Concurrent Rebuild Remembered Sets 151.157ms
[2022-12-13T06:40:13.749+0000][151028][gc,start    ] GC(865) Pause Cleanup
[2022-12-13T06:40:13.750+0000][151028][gc          ] GC(865) Pause Cleanup 1418M->1418M(7992M) 0.458ms
[2022-12-13T06:40:13.750+0000][151028][gc,cpu      ] GC(865) User=0.01s Sys=0.00s Real=0.00s
[2022-12-13T06:40:13.750+0000][151028][safepoint   ] Safepoint "G1PauseCleanup", Time since last: 151691600 ns, Reaching safepoint: 195200 ns, At safepoint: 593300 ns, Total: 788500 ns
[2022-12-13T06:40:13.750+0000][151028][gc,marking  ] GC(865) Concurrent Cleanup for Next Mark
[2022-12-13T06:40:13.773+0000][151028][gc,marking  ] GC(865) Concurrent Cleanup for Next Mark 22.526ms
[2022-12-13T06:40:13.773+0000][151028][gc          ] GC(865) Concurrent Mark Cycle 516.843ms
[2022-12-13T06:40:16.751+0000][151028][safepoint   ] Safepoint "Cleanup", Time since last: 3000313600 ns, Reaching safepoint: 207600 ns, At safepoint: 17000 ns, Total: 224600 ns
[2022-12-13T06:40:16.864+0000][151028][gc,start    ] GC(866) Pause Young (Prepare Mixed) (G1 Humongous Allocation)
[2022-12-13T06:40:16.864+0000][151028][gc,task     ] GC(866) Using 10 workers of 10 for evacuation
[2022-12-13T06:40:16.864+0000][151028][gc,age      ] GC(866) Desired survivor size 314572800 bytes, new threshold 15 (max threshold 15)
[2022-12-13T06:40:16.880+0000][151028][gc,phases   ] GC(866)   Pre Evacuate Collection Set: 0.4ms
[2022-12-13T06:40:16.880+0000][151028][gc,phases   ] GC(866)   Merge Heap Roots: 0.3ms
[2022-12-13T06:40:16.880+0000][151028][gc,phases   ] GC(866)   Evacuate Collection Set: 2.4ms
[2022-12-13T06:40:16.880+0000][151028][gc,phases   ] GC(866)   Post Evacuate Collection Set: 12.3ms
[2022-12-13T06:40:16.880+0000][151028][gc,phases   ] GC(866)   Other: 0.2ms
[2022-12-13T06:40:16.880+0000][151028][gc,age      ] GC(866) Age table with threshold 15 (max threshold 15)
[2022-12-13T06:40:16.880+0000][151028][gc,age      ] GC(866) - age   1:   30046320 bytes,   30046320 total
[2022-12-13T06:40:16.880+0000][151028][gc,age      ] GC(866) - age   2:      17960 bytes,   30064280 total
[2022-12-13T06:40:16.880+0000][151028][gc,age      ] GC(866) - age   3:      33336 bytes,   30097616 total
[2022-12-13T06:40:16.880+0000][151028][gc,age      ] GC(866) - age   4:       8784 bytes,   30106400 total
[2022-12-13T06:40:16.880+0000][151028][gc,heap     ] GC(866) Eden regions: 378->0(91)
[2022-12-13T06:40:16.880+0000][151028][gc,heap     ] GC(866) Survivor regions: 1->8(77)
[2022-12-13T06:40:16.880+0000][151028][gc,heap     ] GC(866) Old regions: 116->116
[2022-12-13T06:40:16.880+0000][151028][gc,heap     ] GC(866) Archive regions: 2->2
[2022-12-13T06:40:16.880+0000][151028][gc,heap     ] GC(866) Humongous regions: 1424->36
[2022-12-13T06:40:16.880+0000][151028][gc,metaspace] GC(866) Metaspace: 179510K(184064K)->179510K(184064K) NonClass: 157607K(160128K)->157607K(160128K) Class: 21902K(23936K)->21902K(23936K)
[2022-12-13T06:40:16.880+0000][151028][gc          ] GC(866) Pause Young (Prepare Mixed) (G1 Humongous Allocation) 7675M->638M(7992M) 15.964ms
[2022-12-13T06:40:16.880+0000][151028][gc,cpu      ] GC(866) User=0.10s Sys=0.01s Real=0.02s
[2022-12-13T06:40:16.880+0000][151028][safepoint   ] Safepoint "G1CollectForAllocation", Time since last: 91537800 ns, Reaching safepoint: 22032000 ns, At safepoint: 16250000 ns, Total: 38282000 ns
[2022-12-13T06:40:18.241+0000][151028][gc,start    ] GC(867) Pause Young (Mixed) (G1 Evacuation Pause)
[2022-12-13T06:40:18.241+0000][151028][gc,task     ] GC(867) Using 10 workers of 10 for evacuation
[2022-12-13T06:40:18.241+0000][151028][gc,age      ] GC(867) Desired survivor size 27262976 bytes, new threshold 1 (max threshold 15)
[2022-12-13T06:40:18.254+0000][151028][gc,phases   ] GC(867)   Pre Evacuate Collection Set: 0.3ms
[2022-12-13T06:40:18.254+0000][151028][gc,phases   ] GC(867)   Merge Heap Roots: 0.3ms
[2022-12-13T06:40:18.254+0000][151028][gc,phases   ] GC(867)   Evacuate Collection Set: 7.4ms
[2022-12-13T06:40:18.254+0000][151028][gc,phases   ] GC(867)   Post Evacuate Collection Set: 4.9ms
[2022-12-13T06:40:18.254+0000][151028][gc,phases   ] GC(867)   Other: 0.2ms
[2022-12-13T06:40:18.254+0000][151028][gc,age      ] GC(867) Age table with threshold 1 (max threshold 15)
[2022-12-13T06:40:18.254+0000][151028][gc,age      ] GC(867) - age   1:   13163304 bytes,   13163304 total
[2022-12-13T06:40:18.254+0000][151028][gc,heap     ] GC(867) Eden regions: 91->0(1194)
[2022-12-13T06:40:18.254+0000][151028][gc,heap     ] GC(867) Survivor regions: 8->4(13)
[2022-12-13T06:40:18.254+0000][151028][gc,heap     ] GC(867) Old regions: 116->115
[2022-12-13T06:40:18.254+0000][151028][gc,heap     ] GC(867) Archive regions: 2->2
[2022-12-13T06:40:18.254+0000][151028][gc,heap     ] GC(867) Humongous regions: 432->35
[2022-12-13T06:40:18.255+0000][151028][gc,metaspace] GC(867) Metaspace: 179510K(184064K)->179510K(184064K) NonClass: 157607K(160128K)->157607K(160128K) Class: 21902K(23936K)->21902K(23936K)
[2022-12-13T06:40:18.255+0000][151028][gc          ] GC(867) Pause Young (Mixed) (G1 Evacuation Pause) 2586M->614M(7992M) 13.423ms
[2022-12-13T06:40:18.255+0000][151028][gc,cpu      ] GC(867) User=0.09s Sys=0.01s Real=0.01s
[2022-12-13T06:40:18.255+0000][151028][safepoint   ] Safepoint "G1CollectForAllocation", Time since last: 1347400800 ns, Reaching safepoint: 13293300 ns, At safepoint: 13617300 ns, Total: 26910600 ns
[2022-12-13T06:40:19.256+0000][151028][gc,start    ] GC(868) Pause Young (Concurrent Start) (G1 Humongous Allocation)
[2022-12-13T06:40:19.256+0000][151028][gc,task     ] GC(868) Using 10 workers of 10 for evacuation
[2022-12-13T06:40:19.256+0000][151028][gc,age      ] GC(868) Desired survivor size 314572800 bytes, new threshold 15 (max threshold 15)
[2022-12-13T06:40:19.264+0000][151028][gc,phases   ] GC(868)   Pre Evacuate Collection Set: 0.8ms
[2022-12-13T06:40:19.264+0000][151028][gc,phases   ] GC(868)   Merge Heap Roots: 0.2ms
[2022-12-13T06:40:19.264+0000][151028][gc,phases   ] GC(868)   Evacuate Collection Set: 5.3ms
[2022-12-13T06:40:19.264+0000][151028][gc,phases   ] GC(868)   Post Evacuate Collection Set: 1.7ms
[2022-12-13T06:40:19.264+0000][151028][gc,phases   ] GC(868)   Other: 0.1ms
[2022-12-13T06:40:19.264+0000][151028][gc,age      ] GC(868) Age table with threshold 15 (max threshold 15)
[2022-12-13T06:40:19.264+0000][151028][gc,age      ] GC(868) - age   1:   14415760 bytes,   14415760 total
[2022-12-13T06:40:19.264+0000][151028][gc,age      ] GC(868) - age   2:     106120 bytes,   14521880 total
[2022-12-13T06:40:19.264+0000][151028][gc,heap     ] GC(868) Eden regions: 90->0(1194)
[2022-12-13T06:40:19.264+0000][151028][gc,heap     ] GC(868) Survivor regions: 4->4(150)
[2022-12-13T06:40:19.264+0000][151028][gc,heap     ] GC(868) Old regions: 115->115
[2022-12-13T06:40:19.264+0000][151028][gc,heap     ] GC(868) Archive regions: 2->2
[2022-12-13T06:40:19.264+0000][151028][gc,heap     ] GC(868) Humongous regions: 200->2
[2022-12-13T06:40:19.264+0000][151028][gc,metaspace] GC(868) Metaspace: 179510K(184064K)->179510K(184064K) NonClass: 157607K(160128K)->157607K(160128K) Class: 21902K(23936K)->21902K(23936K)
[2022-12-13T06:40:19.265+0000][151028][gc          ] GC(868) Pause Young (Concurrent Start) (G1 Humongous Allocation) 1632M->483M(7992M) 8.513ms
[2022-12-13T06:40:19.265+0000][151028][gc          ] GC(869) Concurrent Undo Cycle
[2022-12-13T06:40:19.265+0000][151028][gc,cpu      ] GC(868) User=0.04s Sys=0.02s Real=0.01s
[2022-12-13T06:40:19.265+0000][151028][gc,marking  ] GC(869) Concurrent Cleanup for Next Mark
[2022-12-13T06:40:19.265+0000][151028][safepoint   ] Safepoint "G1TryInitiateConcMark", Time since last: 1001100700 ns, Reaching safepoint: 190100 ns, At safepoint: 8770000 ns, Total: 8960100 ns
[2022-12-13T06:40:19.266+0000][151028][gc,marking  ] GC(869) Concurrent Cleanup for Next Mark 0.803ms
[2022-12-13T06:40:19.266+0000][151028][gc          ] GC(869) Concurrent Undo Cycle 0.962ms
[2022-12-13T06:40:19.455+0000][151028][gc,start    ] GC(870) Pause Young (Concurrent Start) (G1 Humongous Allocation)
[2022-12-13T06:40:19.455+0000][151028][gc,task     ] GC(870) Using 10 workers of 10 for evacuation
[2022-12-13T06:40:19.455+0000][151028][gc,age      ] GC(870) Desired survivor size 314572800 bytes, new threshold 15 (max threshold 15)
[2022-12-13T06:40:19.460+0000][151028][gc,phases   ] GC(870)   Pre Evacuate Collection Set: 0.8ms
[2022-12-13T06:40:19.460+0000][151028][gc,phases   ] GC(870)   Merge Heap Roots: 0.2ms
[2022-12-13T06:40:19.460+0000][151028][gc,phases   ] GC(870)   Evacuate Collection Set: 2.7ms
[2022-12-13T06:40:19.460+0000][151028][gc,phases   ] GC(870)   Post Evacuate Collection Set: 1.3ms
[2022-12-13T06:40:19.460+0000][151028][gc,phases   ] GC(870)   Other: 0.1ms
[2022-12-13T06:40:19.460+0000][151028][gc,age      ] GC(870) Age table with threshold 15 (max threshold 15)
[2022-12-13T06:40:19.460+0000][151028][gc,age      ] GC(870) - age   1:    1116336 bytes,    1116336 total
[2022-12-13T06:40:19.460+0000][151028][gc,age      ] GC(870) - age   2:    1054992 bytes,    2171328 total
[2022-12-13T06:40:19.460+0000][151028][gc,age      ] GC(870) - age   3:     105464 bytes,    2276792 total
[2022-12-13T06:40:19.460+0000][151028][gc,heap     ] GC(870) Eden regions: 11->0(1197)
[2022-12-13T06:40:19.460+0000][151028][gc,heap     ] GC(870) Survivor regions: 4->1(150)
[2022-12-13T06:40:19.460+0000][151028][gc,heap     ] GC(870) Old regions: 115->115
[2022-12-13T06:40:19.460+0000][151028][gc,heap     ] GC(870) Archive regions: 2->2
[2022-12-13T06:40:19.460+0000][151028][gc,heap     ] GC(870) Humongous regions: 35->2
[2022-12-13T06:40:19.460+0000][151028][gc,metaspace] GC(870) Metaspace: 179510K(184064K)->179510K(184064K) NonClass: 157607K(160128K)->157607K(160128K) Class: 21902K(23936K)->21902K(23936K)
[2022-12-13T06:40:19.460+0000][151028][gc          ] GC(870) Pause Young (Concurrent Start) (G1 Humongous Allocation) 657M->471M(7992M) 5.420ms
[2022-12-13T06:40:19.460+0000][151028][gc          ] GC(871) Concurrent Mark Cycle
[2022-12-13T06:40:19.460+0000][151028][gc,marking  ] GC(871) Concurrent Clear Claimed Marks
[2022-12-13T06:40:19.460+0000][151028][gc,cpu      ] GC(870) User=0.02s Sys=0.00s Real=0.01s
[2022-12-13T06:40:19.461+0000][151028][safepoint   ] Safepoint "G1TryInitiateConcMark", Time since last: 189905900 ns, Reaching safepoint: 186000 ns, At safepoint: 5702600 ns, Total: 5888600 ns
[2022-12-13T06:40:19.461+0000][151028][gc,marking  ] GC(871) Concurrent Clear Claimed Marks 0.249ms
[2022-12-13T06:40:19.461+0000][151028][gc,marking  ] GC(871) Concurrent Scan Root Regions
[2022-12-13T06:40:19.466+0000][151028][gc,marking  ] GC(871) Concurrent Scan Root Regions 5.513ms
[2022-12-13T06:40:19.466+0000][151028][gc,marking  ] GC(871) Concurrent Mark
[2022-12-13T06:40:19.466+0000][151028][gc,marking  ] GC(871) Concurrent Mark From Roots
[2022-12-13T06:40:19.466+0000][151028][gc,task     ] GC(871) Using 3 workers of 3 for marking
[2022-12-13T06:40:19.741+0000][151028][gc,marking  ] GC(871) Concurrent Mark From Roots 274.597ms
[2022-12-13T06:40:19.741+0000][151028][gc,marking  ] GC(871) Concurrent Preclean
[2022-12-13T06:40:19.742+0000][151028][gc,marking  ] GC(871) Concurrent Preclean 0.584ms
[2022-12-13T06:40:19.742+0000][151028][gc,start    ] GC(871) Pause Remark
[2022-12-13T06:40:19.755+0000][151028][gc          ] GC(871) Pause Remark 654M->650M(7992M) 12.467ms
[2022-12-13T06:40:19.755+0000][151028][gc,cpu      ] GC(871) User=0.11s Sys=0.00s Real=0.01s
[2022-12-13T06:40:19.755+0000][151028][safepoint   ] Safepoint "G1PauseRemark", Time since last: 281162900 ns, Reaching safepoint: 319600 ns, At safepoint: 12653900 ns, Total: 12973500 ns
[2022-12-13T06:40:19.755+0000][151028][gc,marking  ] GC(871) Concurrent Mark 288.427ms
[2022-12-13T06:40:19.755+0000][151028][gc,marking  ] GC(871) Concurrent Rebuild Remembered Sets
[2022-12-13T06:40:19.914+0000][151028][gc,marking  ] GC(871) Concurrent Rebuild Remembered Sets 158.824ms
[2022-12-13T06:40:19.914+0000][151028][gc,start    ] GC(871) Pause Cleanup
[2022-12-13T06:40:19.915+0000][151028][gc          ] GC(871) Pause Cleanup 739M->739M(7992M) 0.557ms
[2022-12-13T06:40:19.915+0000][151028][gc,cpu      ] GC(871) User=0.00s Sys=0.00s Real=0.00s
[2022-12-13T06:40:19.915+0000][151028][safepoint   ] Safepoint "G1PauseCleanup", Time since last: 159082400 ns, Reaching safepoint: 315200 ns, At safepoint: 702600 ns, Total: 1017800 ns
[2022-12-13T06:40:19.915+0000][151028][gc,marking  ] GC(871) Concurrent Cleanup for Next Mark
[2022-12-13T06:40:19.939+0000][151028][gc,marking  ] GC(871) Concurrent Cleanup for Next Mark 23.851ms
[2022-12-13T06:40:19.939+0000][151028][gc          ] GC(871) Concurrent Mark Cycle 478.443ms
[2022-12-13T06:40:20.915+0000][151028][safepoint   ] Safepoint "Cleanup", Time since last: 1000140700 ns, Reaching safepoint: 191000 ns, At safepoint: 11300 ns, Total: 202300 ns
[2022-12-13T06:40:21.916+0000][151028][safepoint   ] Safepoint "Cleanup", Time since last: 1000165200 ns, Reaching safepoint: 228700 ns, At safepoint: 49400 ns, Total: 278100 ns
[2022-12-13T06:40:29.523+0000][151028][gc,start    ] GC(872) Pause Young (Prepare Mixed) (G1 Preventive Collection)
[2022-12-13T06:40:29.524+0000][151028][gc,task     ] GC(872) Using 10 workers of 10 for evacuation
[2022-12-13T06:40:29.524+0000][151028][gc,age      ] GC(872) Desired survivor size 314572800 bytes, new threshold 15 (max threshold 15)
[2022-12-13T06:40:29.532+0000][151028][gc,phases   ] GC(872)   Pre Evacuate Collection Set: 0.4ms
[2022-12-13T06:40:29.532+0000][151028][gc,phases   ] GC(872)   Merge Heap Roots: 0.3ms
[2022-12-13T06:40:29.532+0000][151028][gc,phases   ] GC(872)   Evacuate Collection Set: 2.6ms
[2022-12-13T06:40:29.532+0000][151028][gc,phases   ] GC(872)   Post Evacuate Collection Set: 5.0ms
[2022-12-13T06:40:29.532+0000][151028][gc,phases   ] GC(872)   Other: 0.2ms
[2022-12-13T06:40:29.532+0000][151028][gc,age      ] GC(872) Age table with threshold 15 (max threshold 15)
[2022-12-13T06:40:29.532+0000][151028][gc,age      ] GC(872) - age   1:    3206480 bytes,    3206480 total
[2022-12-13T06:40:29.532+0000][151028][gc,age      ] GC(872) - age   2:       1504 bytes,    3207984 total
[2022-12-13T06:40:29.532+0000][151028][gc,age      ] GC(872) - age   3:       2064 bytes,    3210048 total
[2022-12-13T06:40:29.532+0000][151028][gc,age      ] GC(872) - age   4:      38648 bytes,    3248696 total
[2022-12-13T06:40:29.532+0000][151028][gc,heap     ] GC(872) Eden regions: 711->0(98)
[2022-12-13T06:40:29.532+0000][151028][gc,heap     ] GC(872) Survivor regions: 1->1(26)
[2022-12-13T06:40:29.532+0000][151028][gc,heap     ] GC(872) Old regions: 114->114
[2022-12-13T06:40:29.532+0000][151028][gc,heap     ] GC(872) Archive regions: 2->2
[2022-12-13T06:40:29.532+0000][151028][gc,heap     ] GC(872) Humongous regions: 1144->2
[2022-12-13T06:40:29.532+0000][151028][gc,metaspace] GC(872) Metaspace: 179516K(184064K)->179516K(184064K) NonClass: 157613K(160128K)->157613K(160128K) Class: 21903K(23936K)->21903K(23936K)
[2022-12-13T06:40:29.532+0000][151028][gc          ] GC(872) Pause Young (Prepare Mixed) (G1 Preventive Collection) 7879M->468M(7992M) 8.966ms
[2022-12-13T06:40:29.533+0000][151028][gc,cpu      ] GC(872) User=0.04s Sys=0.00s Real=0.01s
[2022-12-13T06:40:29.533+0000][151028][safepoint   ] Safepoint "G1CollectForAllocation", Time since last: 7607670000 ns, Reaching safepoint: 192500 ns, At safepoint: 9157200 ns, Total: 9349700 ns
[2022-12-13T06:40:31.096+0000][151028][gc,start    ] GC(873) Pause Young (Mixed) (G1 Evacuation Pause)
[2022-12-13T06:40:31.096+0000][151028][gc,task     ] GC(873) Using 10 workers of 10 for evacuation
[2022-12-13T06:40:31.096+0000][151028][gc,age      ] GC(873) Desired survivor size 27262976 bytes, new threshold 15 (max threshold 15)
[2022-12-13T06:40:31.103+0000][151028][gc,phases   ] GC(873)   Pre Evacuate Collection Set: 0.5ms
[2022-12-13T06:40:31.103+0000][151028][gc,phases   ] GC(873)   Merge Heap Roots: 0.3ms
[2022-12-13T06:40:31.103+0000][151028][gc,phases   ] GC(873)   Evacuate Collection Set: 3.5ms
[2022-12-13T06:40:31.103+0000][151028][gc,phases   ] GC(873)   Post Evacuate Collection Set: 1.9ms
[2022-12-13T06:40:31.103+0000][151028][gc,phases   ] GC(873)   Other: 0.2ms
[2022-12-13T06:40:31.103+0000][151028][gc,age      ] GC(873) Age table with threshold 15 (max threshold 15)
[2022-12-13T06:40:31.103+0000][151028][gc,age      ] GC(873) - age   1:    6609848 bytes,    6609848 total
[2022-12-13T06:40:31.103+0000][151028][gc,age      ] GC(873) - age   2:     410424 bytes,    7020272 total
[2022-12-13T06:40:31.103+0000][151028][gc,age      ] GC(873) - age   3:       1472 bytes,    7021744 total
[2022-12-13T06:40:31.103+0000][151028][gc,age      ] GC(873) - age   4:       2064 bytes,    7023808 total
[2022-12-13T06:40:31.103+0000][151028][gc,age      ] GC(873) - age   5:      38608 bytes,    7062416 total
[2022-12-13T06:40:31.103+0000][151028][gc,heap     ] GC(873) Eden regions: 98->0(1196)
[2022-12-13T06:40:31.103+0000][151028][gc,heap     ] GC(873) Survivor regions: 1->2(13)
[2022-12-13T06:40:31.103+0000][151028][gc,heap     ] GC(873) Old regions: 114->109
[2022-12-13T06:40:31.103+0000][151028][gc,heap     ] GC(873) Archive regions: 2->2
[2022-12-13T06:40:31.103+0000][151028][gc,heap     ] GC(873) Humongous regions: 201->2
[2022-12-13T06:40:31.103+0000][151028][gc,metaspace] GC(873) Metaspace: 179516K(184064K)->179516K(184064K) NonClass: 157613K(160128K)->157613K(160128K) Class: 21903K(23936K)->21903K(23936K)
[2022-12-13T06:40:31.103+0000][151028][gc          ] GC(873) Pause Young (Mixed) (G1 Evacuation Pause) 1656M->453M(7992M) 6.667ms
[2022-12-13T06:40:31.103+0000][151028][gc,cpu      ] GC(873) User=0.03s Sys=0.00s Real=0.01s
[2022-12-13T06:40:31.103+0000][151028][safepoint   ] Safepoint "G1CollectForAllocation", Time since last: 1563288000 ns, Reaching safepoint: 245800 ns, At safepoint: 6791500 ns, Total: 7037300 ns
[2022-12-13T06:40:33.103+0000][151028][safepoint   ] Safepoint "Cleanup", Time since last: 2000221600 ns, Reaching safepoint: 277400 ns, At safepoint: 27700 ns, Total: 305100 ns
[2022-12-13T06:40:35.151+0000][151028][gc,start    ] GC(874) Pause Young (Concurrent Start) (G1 Humongous Allocation)
[2022-12-13T06:40:35.151+0000][151028][gc,task     ] GC(874) Using 10 workers of 10 for evacuation
[2022-12-13T06:40:35.151+0000][151028][gc,age      ] GC(874) Desired survivor size 314572800 bytes, new threshold 15 (max threshold 15)
[2022-12-13T06:40:35.159+0000][151028][gc,phases   ] GC(874)   Pre Evacuate Collection Set: 1.0ms
[2022-12-13T06:40:35.159+0000][151028][gc,phases   ] GC(874)   Merge Heap Roots: 0.3ms
[2022-12-13T06:40:35.159+0000][151028][gc,phases   ] GC(874)   Evacuate Collection Set: 3.5ms
[2022-12-13T06:40:35.159+0000][151028][gc,phases   ] GC(874)   Post Evacuate Collection Set: 3.7ms
[2022-12-13T06:40:35.159+0000][151028][gc,phases   ] GC(874)   Other: 0.1ms
[2022-12-13T06:40:35.159+0000][151028][gc,age      ] GC(874) Age table with threshold 15 (max threshold 15)
[2022-12-13T06:40:35.159+0000][151028][gc,age      ] GC(874) - age   1:    5906312 bytes,    5906312 total
[2022-12-13T06:40:35.159+0000][151028][gc,age      ] GC(874) - age   2:      57024 bytes,    5963336 total
[2022-12-13T06:40:35.159+0000][151028][gc,age      ] GC(874) - age   3:     171400 bytes,    6134736 total
[2022-12-13T06:40:35.159+0000][151028][gc,age      ] GC(874) - age   4:       1472 bytes,    6136208 total
[2022-12-13T06:40:35.159+0000][151028][gc,age      ] GC(874) - age   5:       1976 bytes,    6138184 total
[2022-12-13T06:40:35.159+0000][151028][gc,age      ] GC(874) - age   6:      38528 bytes,    6176712 total
[2022-12-13T06:40:35.159+0000][151028][gc,heap     ] GC(874) Eden regions: 203->0(1196)
[2022-12-13T06:40:35.159+0000][151028][gc,heap     ] GC(874) Survivor regions: 2->2(150)
[2022-12-13T06:40:35.159+0000][151028][gc,heap     ] GC(874) Old regions: 109->109
[2022-12-13T06:40:35.159+0000][151028][gc,heap     ] GC(874) Archive regions: 2->2
[2022-12-13T06:40:35.159+0000][151028][gc,heap     ] GC(874) Humongous regions: 266->2
[2022-12-13T06:40:35.159+0000][151028][gc,metaspace] GC(874) Metaspace: 179529K(184064K)->179529K(184064K) NonClass: 157626K(160128K)->157626K(160128K) Class: 21903K(23936K)->21903K(23936K)
[2022-12-13T06:40:35.160+0000][151028][gc          ] GC(874) Pause Young (Concurrent Start) (G1 Humongous Allocation) 2317M->451M(7992M) 8.904ms
[2022-12-13T06:40:35.160+0000][151028][gc          ] GC(875) Concurrent Undo Cycle
[2022-12-13T06:40:35.160+0000][151028][gc,cpu      ] GC(874) User=0.03s Sys=0.00s Real=0.01s
[2022-12-13T06:40:35.160+0000][151028][gc,marking  ] GC(875) Concurrent Cleanup for Next Mark
[2022-12-13T06:40:35.160+0000][151028][safepoint   ] Safepoint "G1TryInitiateConcMark", Time since last: 2046895000 ns, Reaching safepoint: 234600 ns, At safepoint: 9145100 ns, Total: 9379700 ns
[2022-12-13T06:40:35.160+0000][151028][gc,marking  ] GC(875) Concurrent Cleanup for Next Mark 0.819ms
[2022-12-13T06:40:35.161+0000][151028][gc          ] GC(875) Concurrent Undo Cycle 0.984ms
[2022-12-13T06:40:35.248+0000][151028][gc,start    ] GC(876) Pause Young (Concurrent Start) (G1 Humongous Allocation)
[2022-12-13T06:40:35.248+0000][151028][gc,task     ] GC(876) Using 10 workers of 10 for evacuation
[2022-12-13T06:40:35.248+0000][151028][gc,age      ] GC(876) Desired survivor size 314572800 bytes, new threshold 15 (max threshold 15)
[2022-12-13T06:40:35.255+0000][151028][gc,phases   ] GC(876)   Pre Evacuate Collection Set: 1.2ms
[2022-12-13T06:40:35.255+0000][151028][gc,phases   ] GC(876)   Merge Heap Roots: 0.2ms
[2022-12-13T06:40:35.255+0000][151028][gc,phases   ] GC(876)   Evacuate Collection Set: 3.8ms
[2022-12-13T06:40:35.255+0000][151028][gc,phases   ] GC(876)   Post Evacuate Collection Set: 1.3ms
[2022-12-13T06:40:35.255+0000][151028][gc,phases   ] GC(876)   Other: -0.1ms
[2022-12-13T06:40:35.255+0000][151028][gc,age      ] GC(876) Age table with threshold 15 (max threshold 15)
[2022-12-13T06:40:35.255+0000][151028][gc,age      ] GC(876) - age   1:    1024032 bytes,    1024032 total
[2022-12-13T06:40:35.255+0000][151028][gc,age      ] GC(876) - age   2:    1330272 bytes,    2354304 total
[2022-12-13T06:40:35.255+0000][151028][gc,age      ] GC(876) - age   3:      56080 bytes,    2410384 total
[2022-12-13T06:40:35.255+0000][151028][gc,age      ] GC(876) - age   4:     171360 bytes,    2581744 total
[2022-12-13T06:40:35.255+0000][151028][gc,age      ] GC(876) - age   5:       1472 bytes,    2583216 total
[2022-12-13T06:40:35.255+0000][151028][gc,age      ] GC(876) - age   6:       1976 bytes,    2585192 total
[2022-12-13T06:40:35.255+0000][151028][gc,age      ] GC(876) - age   7:      38528 bytes,    2623720 total
[2022-12-13T06:40:35.255+0000][151028][gc,heap     ] GC(876) Eden regions: 5->0(1197)
[2022-12-13T06:40:35.255+0000][151028][gc,heap     ] GC(876) Survivor regions: 2->1(150)
[2022-12-13T06:40:35.255+0000][151028][gc,heap     ] GC(876) Old regions: 109->109
[2022-12-13T06:40:35.255+0000][151028][gc,heap     ] GC(876) Archive regions: 2->2
[2022-12-13T06:40:35.255+0000][151028][gc,heap     ] GC(876) Humongous regions: 35->2
[2022-12-13T06:40:35.255+0000][151028][gc,metaspace] GC(876) Metaspace: 179529K(184064K)->179529K(184064K) NonClass: 157626K(160128K)->157626K(160128K) Class: 21903K(23936K)->21903K(23936K)
[2022-12-13T06:40:35.255+0000][151028][gc          ] GC(876) Pause Young (Concurrent Start) (G1 Humongous Allocation) 601M->447M(7992M) 7.030ms
[2022-12-13T06:40:35.255+0000][151028][gc,cpu      ] GC(876) User=0.03s Sys=0.00s Real=0.01s
[2022-12-13T06:40:35.255+0000][151028][safepoint   ] Safepoint "G1TryInitiateConcMark", Time since last: 88217000 ns, Reaching safepoint: 246800 ns, At safepoint: 7213900 ns, Total: 7460700 ns
[2022-12-13T06:40:35.255+0000][151028][gc          ] GC(877) Concurrent Mark Cycle
[2022-12-13T06:40:35.256+0000][151028][gc,marking  ] GC(877) Concurrent Clear Claimed Marks
[2022-12-13T06:40:35.256+0000][151028][gc,marking  ] GC(877) Concurrent Clear Claimed Marks 0.238ms
[2022-12-13T06:40:35.256+0000][151028][gc,marking  ] GC(877) Concurrent Scan Root Regions
[2022-12-13T06:40:35.261+0000][151028][gc,marking  ] GC(877) Concurrent Scan Root Regions 5.078ms
[2022-12-13T06:40:35.263+0000][151028][gc,marking  ] GC(877) Concurrent Mark
[2022-12-13T06:40:35.263+0000][151028][gc,marking  ] GC(877) Concurrent Mark From Roots
[2022-12-13T06:40:35.263+0000][151028][gc,task     ] GC(877) Using 3 workers of 3 for marking
[2022-12-13T06:40:35.557+0000][151028][gc,marking  ] GC(877) Concurrent Mark From Roots 293.655ms
[2022-12-13T06:40:35.557+0000][151028][gc,marking  ] GC(877) Concurrent Preclean
[2022-12-13T06:40:35.558+0000][151028][gc,marking  ] GC(877) Concurrent Preclean 0.584ms
[2022-12-13T06:40:35.558+0000][151028][gc,start    ] GC(877) Pause Remark
[2022-12-13T06:40:35.570+0000][151028][gc          ] GC(877) Pause Remark 778M->778M(7992M) 12.316ms
[2022-12-13T06:40:35.570+0000][151028][gc,cpu      ] GC(877) User=0.10s Sys=0.00s Real=0.02s
[2022-12-13T06:40:35.570+0000][151028][safepoint   ] Safepoint "G1PauseRemark", Time since last: 302228200 ns, Reaching safepoint: 191800 ns, At safepoint: 12513800 ns, Total: 12705600 ns
[2022-12-13T06:40:35.570+0000][151028][gc,marking  ] GC(877) Concurrent Mark 307.157ms
[2022-12-13T06:40:35.570+0000][151028][gc,marking  ] GC(877) Concurrent Rebuild Remembered Sets
[2022-12-13T06:40:35.697+0000][151028][gc,marking  ] GC(877) Concurrent Rebuild Remembered Sets 126.470ms
[2022-12-13T06:40:35.697+0000][151028][gc,start    ] GC(877) Pause Cleanup
[2022-12-13T06:40:35.698+0000][151028][gc          ] GC(877) Pause Cleanup 961M->961M(7992M) 0.468ms
[2022-12-13T06:40:35.698+0000][151028][gc,cpu      ] GC(877) User=0.00s Sys=0.00s Real=0.00s
[2022-12-13T06:40:35.698+0000][151028][safepoint   ] Safepoint "G1PauseCleanup", Time since last: 126614300 ns, Reaching safepoint: 280100 ns, At safepoint: 580400 ns, Total: 860500 ns
[2022-12-13T06:40:35.698+0000][151028][gc,marking  ] GC(877) Concurrent Cleanup for Next Mark
[2022-12-13T06:40:35.719+0000][151028][gc,marking  ] GC(877) Concurrent Cleanup for Next Mark 20.682ms
[2022-12-13T06:40:35.719+0000][151028][gc          ] GC(877) Concurrent Mark Cycle 463.119ms
[2022-12-13T06:40:41.699+0000][151028][safepoint   ] Safepoint "Cleanup", Time since last: 6000738600 ns, Reaching safepoint: 243800 ns, At safepoint: 27600 ns, Total: 271400 ns
[2022-12-13T06:40:48.700+0000][151028][safepoint   ] Safepoint "Cleanup", Time since last: 7000697300 ns, Reaching safepoint: 195200 ns, At safepoint: 25100 ns, Total: 220300 ns
[2022-12-13T06:40:52.540+0000][151028][gc,start    ] GC(878) Pause Young (Prepare Mixed) (G1 Preventive Collection)
[2022-12-13T06:40:52.540+0000][151028][gc,task     ] GC(878) Using 10 workers of 10 for evacuation
[2022-12-13T06:40:52.540+0000][151028][gc,age      ] GC(878) Desired survivor size 314572800 bytes, new threshold 15 (max threshold 15)
[2022-12-13T06:40:52.555+0000][151028][gc,phases   ] GC(878)   Pre Evacuate Collection Set: 0.5ms
[2022-12-13T06:40:52.555+0000][151028][gc,phases   ] GC(878)   Merge Heap Roots: 0.4ms
[2022-12-13T06:40:52.555+0000][151028][gc,phases   ] GC(878)   Evacuate Collection Set: 2.7ms
[2022-12-13T06:40:52.555+0000][151028][gc,phases   ] GC(878)   Post Evacuate Collection Set: 11.4ms
[2022-12-13T06:40:52.555+0000][151028][gc,phases   ] GC(878)   Other: 0.2ms
[2022-12-13T06:40:52.556+0000][151028][gc,age      ] GC(878) Age table with threshold 15 (max threshold 15)
[2022-12-13T06:40:52.556+0000][151028][gc,age      ] GC(878) - age   1:   25323344 bytes,   25323344 total
[2022-12-13T06:40:52.556+0000][151028][gc,age      ] GC(878) - age   2:         72 bytes,   25323416 total
[2022-12-13T06:40:52.556+0000][151028][gc,age      ] GC(878) - age   3:      42376 bytes,   25365792 total
[2022-12-13T06:40:52.556+0000][151028][gc,age      ] GC(878) - age   4:       6976 bytes,   25372768 total
[2022-12-13T06:40:52.556+0000][151028][gc,age      ] GC(878) - age   5:     121184 bytes,   25493952 total
[2022-12-13T06:40:52.556+0000][151028][gc,age      ] GC(878) - age   7:        328 bytes,   25494280 total
[2022-12-13T06:40:52.556+0000][151028][gc,age      ] GC(878) - age   8:      34336 bytes,   25528616 total
[2022-12-13T06:40:52.556+0000][151028][gc,heap     ] GC(878) Eden regions: 662->0(92)
[2022-12-13T06:40:52.556+0000][151028][gc,heap     ] GC(878) Survivor regions: 1->7(13)
[2022-12-13T06:40:52.556+0000][151028][gc,heap     ] GC(878) Old regions: 109->109
[2022-12-13T06:40:52.556+0000][151028][gc,heap     ] GC(878) Archive regions: 2->2
[2022-12-13T06:40:52.556+0000][151028][gc,heap     ] GC(878) Humongous regions: 1211->2
[2022-12-13T06:40:52.556+0000][151028][gc,metaspace] GC(878) Metaspace: 179535K(184064K)->179535K(184064K) NonClass: 157632K(160128K)->157632K(160128K) Class: 21903K(23936K)->21903K(23936K)
[2022-12-13T06:40:52.556+0000][151028][gc          ] GC(878) Pause Young (Prepare Mixed) (G1 Preventive Collection) 7929M->470M(7992M) 15.705ms
[2022-12-13T06:40:52.556+0000][151028][gc,cpu      ] GC(878) User=0.09s Sys=0.02s Real=0.01s
[2022-12-13T06:40:52.556+0000][151028][safepoint   ] Safepoint "G1CollectForAllocation", Time since last: 3840015100 ns, Reaching safepoint: 247800 ns, At safepoint: 15879700 ns, Total: 16127500 ns
[2022-12-13T06:40:53.556+0000][151028][safepoint   ] Safepoint "Cleanup", Time since last: 1000141500 ns, Reaching safepoint: 192100 ns, At safepoint: 25700 ns, Total: 217800 ns
[2022-12-13T06:40:55.103+0000][151028][gc,start    ] GC(879) Pause Young (Mixed) (G1 Evacuation Pause)
[2022-12-13T06:40:55.103+0000][151028][gc,task     ] GC(879) Using 10 workers of 10 for evacuation
[2022-12-13T06:40:55.103+0000][151028][gc,age      ] GC(879) Desired survivor size 27262976 bytes, new threshold 15 (max threshold 15)
[2022-12-13T06:40:55.112+0000][151028][gc,phases   ] GC(879)   Pre Evacuate Collection Set: 0.4ms
[2022-12-13T06:40:55.112+0000][151028][gc,phases   ] GC(879)   Merge Heap Roots: 0.3ms
[2022-12-13T06:40:55.112+0000][151028][gc,phases   ] GC(879)   Evacuate Collection Set: 6.5ms
[2022-12-13T06:40:55.112+0000][151028][gc,phases   ] GC(879)   Post Evacuate Collection Set: 1.7ms
[2022-12-13T06:40:55.112+0000][151028][gc,phases   ] GC(879)   Other: 0.2ms
[2022-12-13T06:40:55.112+0000][151028][gc,age      ] GC(879) Age table with threshold 15 (max threshold 15)
[2022-12-13T06:40:55.112+0000][151028][gc,age      ] GC(879) - age   1:    4481976 bytes,    4481976 total
[2022-12-13T06:40:55.112+0000][151028][gc,age      ] GC(879) - age   2:     706536 bytes,    5188512 total
[2022-12-13T06:40:55.112+0000][151028][gc,age      ] GC(879) - age   3:         32 bytes,    5188544 total
[2022-12-13T06:40:55.112+0000][151028][gc,age      ] GC(879) - age   4:      25944 bytes,    5214488 total
[2022-12-13T06:40:55.112+0000][151028][gc,age      ] GC(879) - age   5:       6880 bytes,    5221368 total
[2022-12-13T06:40:55.113+0000][151028][gc,age      ] GC(879) - age   6:     109152 bytes,    5330520 total
[2022-12-13T06:40:55.113+0000][151028][gc,age      ] GC(879) - age   8:        232 bytes,    5330752 total
[2022-12-13T06:40:55.113+0000][151028][gc,age      ] GC(879) - age   9:      34296 bytes,    5365048 total
[2022-12-13T06:40:55.113+0000][151028][gc,heap     ] GC(879) Eden regions: 92->0(1196)
[2022-12-13T06:40:55.113+0000][151028][gc,heap     ] GC(879) Survivor regions: 7->2(13)
[2022-12-13T06:40:55.113+0000][151028][gc,heap     ] GC(879) Old regions: 109->108
[2022-12-13T06:40:55.113+0000][151028][gc,heap     ] GC(879) Archive regions: 2->2
[2022-12-13T06:40:55.113+0000][151028][gc,heap     ] GC(879) Humongous regions: 140->2
[2022-12-13T06:40:55.113+0000][151028][gc,metaspace] GC(879) Metaspace: 179535K(184064K)->179535K(184064K) NonClass: 157632K(160128K)->157632K(160128K) Class: 21903K(23936K)->21903K(23936K)
[2022-12-13T06:40:55.113+0000][151028][gc          ] GC(879) Pause Young (Mixed) (G1 Evacuation Pause) 1390M->447M(7992M) 9.543ms
[2022-12-13T06:40:55.113+0000][151028][gc,cpu      ] GC(879) User=0.07s Sys=0.00s Real=0.01s
[2022-12-13T06:40:55.113+0000][151028][safepoint   ] Safepoint "G1CollectForAllocation", Time since last: 1546655300 ns, Reaching safepoint: 189900 ns, At safepoint: 9685800 ns, Total: 9875700 ns
[2022-12-13T06:40:56.077+0000][151028][gc,start    ] GC(880) Pause Young (Concurrent Start) (G1 Humongous Allocation)
[2022-12-13T06:40:56.077+0000][151028][gc,task     ] GC(880) Using 10 workers of 10 for evacuation
[2022-12-13T06:40:56.077+0000][151028][gc,age      ] GC(880) Desired survivor size 314572800 bytes, new threshold 15 (max threshold 15)
[2022-12-13T06:40:56.085+0000][151028][gc,phases   ] GC(880)   Pre Evacuate Collection Set: 0.8ms
[2022-12-13T06:40:56.085+0000][151028][gc,phases   ] GC(880)   Merge Heap Roots: 0.2ms
[2022-12-13T06:40:56.085+0000][151028][gc,phases   ] GC(880)   Evacuate Collection Set: 3.6ms
[2022-12-13T06:40:56.085+0000][151028][gc,phases   ] GC(880)   Post Evacuate Collection Set: 3.5ms
[2022-12-13T06:40:56.085+0000][151028][gc,phases   ] GC(880)   Other: 0.1ms
[2022-12-13T06:40:56.085+0000][151028][gc,age      ] GC(880) Age table with threshold 15 (max threshold 15)
[2022-12-13T06:40:56.085+0000][151028][gc,age      ] GC(880) - age   1:    6254192 bytes,    6254192 total
[2022-12-13T06:40:56.085+0000][151028][gc,age      ] GC(880) - age   2:     594176 bytes,    6848368 total
[2022-12-13T06:40:56.085+0000][151028][gc,age      ] GC(880) - age   3:     613096 bytes,    7461464 total
[2022-12-13T06:40:56.085+0000][151028][gc,age      ] GC(880) - age   5:      25944 bytes,    7487408 total
[2022-12-13T06:40:56.085+0000][151028][gc,age      ] GC(880) - age   6:       6880 bytes,    7494288 total
[2022-12-13T06:40:56.085+0000][151028][gc,age      ] GC(880) - age   7:     104736 bytes,    7599024 total
[2022-12-13T06:40:56.085+0000][151028][gc,age      ] GC(880) - age   9:        232 bytes,    7599256 total
[2022-12-13T06:40:56.085+0000][151028][gc,age      ] GC(880) - age  10:      34296 bytes,    7633552 total
[2022-12-13T06:40:56.085+0000][151028][gc,heap     ] GC(880) Eden regions: 40->0(1196)
[2022-12-13T06:40:56.085+0000][151028][gc,heap     ] GC(880) Survivor regions: 2->2(150)
[2022-12-13T06:40:56.085+0000][151028][gc,heap     ] GC(880) Old regions: 108->108
[2022-12-13T06:40:56.085+0000][151028][gc,heap     ] GC(880) Archive regions: 2->2
[2022-12-13T06:40:56.085+0000][151028][gc,heap     ] GC(880) Humongous regions: 200->2
[2022-12-13T06:40:56.085+0000][151028][gc,metaspace] GC(880) Metaspace: 179535K(184064K)->179535K(184064K) NonClass: 157632K(160128K)->157632K(160128K) Class: 21903K(23936K)->21903K(23936K)
[2022-12-13T06:40:56.085+0000][151028][gc          ] GC(880) Pause Young (Concurrent Start) (G1 Humongous Allocation) 1399M->450M(7992M) 8.566ms
[2022-12-13T06:40:56.085+0000][151028][gc          ] GC(881) Concurrent Undo Cycle
[2022-12-13T06:40:56.085+0000][151028][gc,marking  ] GC(881) Concurrent Cleanup for Next Mark
[2022-12-13T06:40:56.085+0000][151028][gc,cpu      ] GC(880) User=0.05s Sys=0.00s Real=0.01s
[2022-12-13T06:40:56.086+0000][151028][safepoint   ] Safepoint "G1TryInitiateConcMark", Time since last: 963630300 ns, Reaching safepoint: 231700 ns, At safepoint: 8941100 ns, Total: 9172800 ns
[2022-12-13T06:40:56.086+0000][151028][gc,marking  ] GC(881) Concurrent Cleanup for Next Mark 0.816ms
[2022-12-13T06:40:56.086+0000][151028][gc          ] GC(881) Concurrent Undo Cycle 0.902ms
[2022-12-13T06:40:56.237+0000][151028][gc,start    ] GC(882) Pause Young (Concurrent Start) (G1 Humongous Allocation)
[2022-12-13T06:40:56.237+0000][151028][gc,task     ] GC(882) Using 10 workers of 10 for evacuation
[2022-12-13T06:40:56.237+0000][151028][gc,age      ] GC(882) Desired survivor size 314572800 bytes, new threshold 15 (max threshold 15)
[2022-12-13T06:40:56.243+0000][151028][gc,phases   ] GC(882)   Pre Evacuate Collection Set: 0.9ms
[2022-12-13T06:40:56.243+0000][151028][gc,phases   ] GC(882)   Merge Heap Roots: 0.2ms
[2022-12-13T06:40:56.243+0000][151028][gc,phases   ] GC(882)   Evacuate Collection Set: 3.2ms
[2022-12-13T06:40:56.243+0000][151028][gc,phases   ] GC(882)   Post Evacuate Collection Set: 1.3ms
[2022-12-13T06:40:56.243+0000][151028][gc,phases   ] GC(882)   Other: 0.1ms
[2022-12-13T06:40:56.243+0000][151028][gc,age      ] GC(882) Age table with threshold 15 (max threshold 15)
[2022-12-13T06:40:56.243+0000][151028][gc,age      ] GC(882) - age   1:    1398616 bytes,    1398616 total
[2022-12-13T06:40:56.243+0000][151028][gc,age      ] GC(882) - age   2:     684112 bytes,    2082728 total
[2022-12-13T06:40:56.243+0000][151028][gc,age      ] GC(882) - age   3:     575144 bytes,    2657872 total
[2022-12-13T06:40:56.243+0000][151028][gc,age      ] GC(882) - age   4:     611536 bytes,    3269408 total
[2022-12-13T06:40:56.243+0000][151028][gc,age      ] GC(882) - age   6:      25944 bytes,    3295352 total
[2022-12-13T06:40:56.243+0000][151028][gc,age      ] GC(882) - age   7:       6880 bytes,    3302232 total
[2022-12-13T06:40:56.243+0000][151028][gc,age      ] GC(882) - age   8:     103264 bytes,    3405496 total
[2022-12-13T06:40:56.243+0000][151028][gc,age      ] GC(882) - age  10:        232 bytes,    3405728 total
[2022-12-13T06:40:56.243+0000][151028][gc,age      ] GC(882) - age  11:      34296 bytes,    3440024 total
[2022-12-13T06:40:56.243+0000][151028][gc,heap     ] GC(882) Eden regions: 9->0(1197)
[2022-12-13T06:40:56.243+0000][151028][gc,heap     ] GC(882) Survivor regions: 2->1(150)
[2022-12-13T06:40:56.243+0000][151028][gc,heap     ] GC(882) Old regions: 108->108
[2022-12-13T06:40:56.243+0000][151028][gc,heap     ] GC(882) Archive regions: 2->2
[2022-12-13T06:40:56.243+0000][151028][gc,heap     ] GC(882) Humongous regions: 35->2
[2022-12-13T06:40:56.243+0000][151028][gc,metaspace] GC(882) Metaspace: 179535K(184064K)->179535K(184064K) NonClass: 157632K(160128K)->157632K(160128K) Class: 21903K(23936K)->21903K(23936K)
[2022-12-13T06:40:56.243+0000][151028][gc          ] GC(882) Pause Young (Concurrent Start) (G1 Humongous Allocation) 616M->446M(7992M) 6.274ms
[2022-12-13T06:40:56.243+0000][151028][gc          ] GC(883) Concurrent Mark Cycle
[2022-12-13T06:40:56.243+0000][151028][gc,marking  ] GC(883) Concurrent Clear Claimed Marks
[2022-12-13T06:40:56.243+0000][151028][gc,marking  ] GC(883) Concurrent Clear Claimed Marks 0.188ms
[2022-12-13T06:40:56.243+0000][151028][gc,marking  ] GC(883) Concurrent Scan Root Regions
[2022-12-13T06:40:56.246+0000][151028][gc,cpu      ] GC(882) User=0.02s Sys=0.01s Real=0.01s
[2022-12-13T06:40:56.246+0000][151028][safepoint   ] Safepoint "G1TryInitiateConcMark", Time since last: 150730000 ns, Reaching safepoint: 251300 ns, At safepoint: 9593700 ns, Total: 9845000 ns
[2022-12-13T06:40:56.247+0000][151028][gc,marking  ] GC(883) Concurrent Scan Root Regions 3.709ms
[2022-12-13T06:40:56.247+0000][151028][gc,marking  ] GC(883) Concurrent Mark
[2022-12-13T06:40:56.247+0000][151028][gc,marking  ] GC(883) Concurrent Mark From Roots
[2022-12-13T06:40:56.247+0000][151028][gc,task     ] GC(883) Using 3 workers of 3 for marking
[2022-12-13T06:40:56.532+0000][151028][gc,marking  ] GC(883) Concurrent Mark From Roots 284.570ms
[2022-12-13T06:40:56.532+0000][151028][gc,marking  ] GC(883) Concurrent Preclean
[2022-12-13T06:40:56.533+0000][151028][gc,marking  ] GC(883) Concurrent Preclean 1.009ms
[2022-12-13T06:40:56.539+0000][151028][gc,start    ] GC(883) Pause Remark
[2022-12-13T06:40:56.552+0000][151028][gc          ] GC(883) Pause Remark 928M->928M(7992M) 12.590ms
[2022-12-13T06:40:56.552+0000][151028][gc,cpu      ] GC(883) User=0.11s Sys=0.00s Real=0.01s
[2022-12-13T06:40:56.552+0000][151028][safepoint   ] Safepoint "G1PauseRemark", Time since last: 286601600 ns, Reaching safepoint: 6672500 ns, At safepoint: 12833000 ns, Total: 19505500 ns
[2022-12-13T06:40:56.552+0000][151028][gc,marking  ] GC(883) Concurrent Mark 305.498ms
[2022-12-13T06:40:56.552+0000][151028][gc,marking  ] GC(883) Concurrent Rebuild Remembered Sets
[2022-12-13T06:40:56.718+0000][151028][gc,marking  ] GC(883) Concurrent Rebuild Remembered Sets 165.163ms
[2022-12-13T06:40:56.718+0000][151028][gc,start    ] GC(883) Pause Cleanup
[2022-12-13T06:40:56.718+0000][151028][gc          ] GC(883) Pause Cleanup 1130M->1130M(7992M) 0.501ms
[2022-12-13T06:40:56.718+0000][151028][gc,cpu      ] GC(883) User=0.01s Sys=0.00s Real=0.01s
[2022-12-13T06:40:56.719+0000][151028][safepoint   ] Safepoint "G1PauseCleanup", Time since last: 165481200 ns, Reaching safepoint: 179200 ns, At safepoint: 617000 ns, Total: 796200 ns
[2022-12-13T06:40:56.719+0000][151028][gc,marking  ] GC(883) Concurrent Cleanup for Next Mark
[2022-12-13T06:40:56.739+0000][151028][gc,marking  ] GC(883) Concurrent Cleanup for Next Mark 20.797ms
[2022-12-13T06:40:56.739+0000][151028][gc          ] GC(883) Concurrent Mark Cycle 496.561ms
[2022-12-13T06:40:57.957+0000][151028][safepoint   ] Safepoint "Cleanup", Time since last: 1237995900 ns, Reaching safepoint: 250700 ns, At safepoint: 21100 ns, Total: 271800 ns
[2022-12-13T06:40:58.957+0000][151028][safepoint   ] Safepoint "Cleanup", Time since last: 1000163800 ns, Reaching safepoint: 382300 ns, At safepoint: 29900 ns, Total: 412200 ns
[2022-12-13T06:41:00.960+0000][151028][safepoint   ] Safepoint "Cleanup", Time since last: 2000417000 ns, Reaching safepoint: 2312400 ns, At safepoint: 67900 ns, Total: 2380300 ns
[2022-12-13T06:41:02.961+0000][151028][safepoint   ] Safepoint "Cleanup", Time since last: 2000239800 ns, Reaching safepoint: 218700 ns, At safepoint: 13100 ns, Total: 231800 ns
[2022-12-13T06:41:03.985+0000][151028][gc,start    ] GC(884) Pause Young (Prepare Mixed) (G1 Preventive Collection)
[2022-12-13T06:41:03.985+0000][151028][gc,task     ] GC(884) Using 10 workers of 10 for evacuation
[2022-12-13T06:41:03.985+0000][151028][gc,age      ] GC(884) Desired survivor size 314572800 bytes, new threshold 15 (max threshold 15)
[2022-12-13T06:41:04.039+0000][151028][gc,phases   ] GC(884)   Pre Evacuate Collection Set: 0.4ms
[2022-12-13T06:41:04.039+0000][151028][gc,phases   ] GC(884)   Merge Heap Roots: 0.3ms
[2022-12-13T06:41:04.039+0000][151028][gc,phases   ] GC(884)   Evacuate Collection Set: 4.0ms
[2022-12-13T06:41:04.039+0000][151028][gc,phases   ] GC(884)   Post Evacuate Collection Set: 48.8ms
[2022-12-13T06:41:04.039+0000][151028][gc,phases   ] GC(884)   Other: 0.2ms
[2022-12-13T06:41:04.039+0000][151028][gc,age      ] GC(884) Age table with threshold 15 (max threshold 15)
[2022-12-13T06:41:04.039+0000][151028][gc,age      ] GC(884) - age   1:   31469384 bytes,   31469384 total
[2022-12-13T06:41:04.039+0000][151028][gc,age      ] GC(884) - age   2:       1656 bytes,   31471040 total
[2022-12-13T06:41:04.039+0000][151028][gc,age      ] GC(884) - age   3:      28968 bytes,   31500008 total
[2022-12-13T06:41:04.039+0000][151028][gc,age      ] GC(884) - age   4:     228176 bytes,   31728184 total
[2022-12-13T06:41:04.039+0000][151028][gc,age      ] GC(884) - age   5:     464312 bytes,   32192496 total
[2022-12-13T06:41:04.039+0000][151028][gc,age      ] GC(884) - age   7:      18544 bytes,   32211040 total
[2022-12-13T06:41:04.039+0000][151028][gc,age      ] GC(884) - age   8:        936 bytes,   32211976 total
[2022-12-13T06:41:04.039+0000][151028][gc,age      ] GC(884) - age   9:      89808 bytes,   32301784 total
[2022-12-13T06:41:04.039+0000][151028][gc,age      ] GC(884) - age  11:        232 bytes,   32302016 total
[2022-12-13T06:41:04.039+0000][151028][gc,age      ] GC(884) - age  12:      17896 bytes,   32319912 total
[2022-12-13T06:41:04.039+0000][151028][gc,heap     ] GC(884) Eden regions: 517->0(91)
[2022-12-13T06:41:04.039+0000][151028][gc,heap     ] GC(884) Survivor regions: 1->8(8)
[2022-12-13T06:41:04.039+0000][151028][gc,heap     ] GC(884) Old regions: 108->378
[2022-12-13T06:41:04.039+0000][151028][gc,heap     ] GC(884) Archive regions: 2->2
[2022-12-13T06:41:04.039+0000][151028][gc,heap     ] GC(884) Humongous regions: 1362->2
[2022-12-13T06:41:04.039+0000][151028][gc,metaspace] GC(884) Metaspace: 179836K(184448K)->179836K(184448K) NonClass: 157916K(160448K)->157916K(160448K) Class: 21919K(24000K)->21919K(24000K)
[2022-12-13T06:41:04.039+0000][151028][gc          ] GC(884) Pause Young (Prepare Mixed) (G1 Preventive Collection) (Evacuation Failure) 7952M->1555M(7992M) 54.243ms
[2022-12-13T06:41:04.039+0000][151028][gc,cpu      ] GC(884) User=0.36s Sys=0.02s Real=0.06s
[2022-12-13T06:41:04.039+0000][151028][safepoint   ] Safepoint "G1CollectForAllocation", Time since last: 1024034900 ns, Reaching safepoint: 210400 ns, At safepoint: 54420300 ns, Total: 54630700 ns
[2022-12-13T06:41:05.780+0000][151028][gc,start    ] GC(885) Pause Young (Mixed) (G1 Evacuation Pause)
[2022-12-13T06:41:05.780+0000][151028][gc,task     ] GC(885) Using 10 workers of 10 for evacuation
[2022-12-13T06:41:05.780+0000][151028][gc,age      ] GC(885) Desired survivor size 27262976 bytes, new threshold 1 (max threshold 15)
[2022-12-13T06:41:05.797+0000][151028][gc,phases   ] GC(885)   Pre Evacuate Collection Set: 0.4ms
[2022-12-13T06:41:05.797+0000][151028][gc,phases   ] GC(885)   Merge Heap Roots: 0.3ms
[2022-12-13T06:41:05.797+0000][151028][gc,phases   ] GC(885)   Evacuate Collection Set: 10.4ms
[2022-12-13T06:41:05.797+0000][151028][gc,phases   ] GC(885)   Post Evacuate Collection Set: 6.1ms
[2022-12-13T06:41:05.797+0000][151028][gc,phases   ] GC(885)   Other: 0.2ms
[2022-12-13T06:41:05.797+0000][151028][gc,age      ] GC(885) Age table with threshold 1 (max threshold 15)
[2022-12-13T06:41:05.797+0000][151028][gc,age      ] GC(885) - age   1:   11165696 bytes,   11165696 total
[2022-12-13T06:41:05.797+0000][151028][gc,heap     ] GC(885) Eden regions: 91->0(1195)
[2022-12-13T06:41:05.797+0000][151028][gc,heap     ] GC(885) Survivor regions: 8->3(13)
[2022-12-13T06:41:05.797+0000][151028][gc,heap     ] GC(885) Old regions: 378->379
[2022-12-13T06:41:05.797+0000][151028][gc,heap     ] GC(885) Archive regions: 2->2
[2022-12-13T06:41:05.797+0000][151028][gc,heap     ] GC(885) Humongous regions: 399->2
[2022-12-13T06:41:05.798+0000][151028][gc,metaspace] GC(885) Metaspace: 179836K(184448K)->179836K(184448K) NonClass: 157916K(160448K)->157916K(160448K) Class: 21919K(24000K)->21919K(24000K)
[2022-12-13T06:41:05.798+0000][151028][gc          ] GC(885) Pause Young (Mixed) (G1 Evacuation Pause) 3507M->1538M(7992M) 18.045ms
[2022-12-13T06:41:05.798+0000][151028][gc,cpu      ] GC(885) User=0.13s Sys=0.00s Real=0.01s
[2022-12-13T06:41:05.798+0000][151028][safepoint   ] Safepoint "G1CollectForAllocation", Time since last: 1739986900 ns, Reaching safepoint: 235600 ns, At safepoint: 18312600 ns, Total: 18548200 ns
[2022-12-13T06:41:05.830+0000][151028][gc,start    ] GC(886) Pause Young (Concurrent Start) (G1 Humongous Allocation)
[2022-12-13T06:41:05.830+0000][151028][gc,task     ] GC(886) Using 10 workers of 10 for evacuation
[2022-12-13T06:41:05.830+0000][151028][gc,age      ] GC(886) Desired survivor size 314572800 bytes, new threshold 15 (max threshold 15)
[2022-12-13T06:41:05.837+0000][151028][gc,phases   ] GC(886)   Pre Evacuate Collection Set: 0.9ms
[2022-12-13T06:41:05.837+0000][151028][gc,phases   ] GC(886)   Merge Heap Roots: 0.3ms
[2022-12-13T06:41:05.837+0000][151028][gc,phases   ] GC(886)   Evacuate Collection Set: 4.0ms
[2022-12-13T06:41:05.837+0000][151028][gc,phases   ] GC(886)   Post Evacuate Collection Set: 1.7ms
[2022-12-13T06:41:05.837+0000][151028][gc,phases   ] GC(886)   Other: 0.2ms
[2022-12-13T06:41:05.837+0000][151028][gc,age      ] GC(886) Age table with threshold 15 (max threshold 15)
[2022-12-13T06:41:05.837+0000][151028][gc,age      ] GC(886) - age   1:    6217224 bytes,    6217224 total
[2022-12-13T06:41:05.837+0000][151028][gc,age      ] GC(886) - age   2:     572664 bytes,    6789888 total
[2022-12-13T06:41:05.837+0000][151028][gc,heap     ] GC(886) Eden regions: 6->0(879)
[2022-12-13T06:41:05.838+0000][151028][gc,heap     ] GC(886) Survivor regions: 3->2(150)
[2022-12-13T06:41:05.838+0000][151028][gc,heap     ] GC(886) Old regions: 379->379
[2022-12-13T06:41:05.838+0000][151028][gc,heap     ] GC(886) Archive regions: 2->2
[2022-12-13T06:41:05.838+0000][151028][gc,heap     ] GC(886) Humongous regions: 2->2
[2022-12-13T06:41:05.838+0000][151028][gc,metaspace] GC(886) Metaspace: 179836K(184448K)->179836K(184448K) NonClass: 157916K(160448K)->157916K(160448K) Class: 21919K(24000K)->21919K(24000K)
[2022-12-13T06:41:05.838+0000][151028][gc          ] GC(886) Pause Young (Concurrent Start) (G1 Humongous Allocation) 1560M->1535M(7992M) 7.401ms
[2022-12-13T06:41:05.838+0000][151028][gc          ] GC(887) Concurrent Undo Cycle
[2022-12-13T06:41:05.838+0000][151028][gc,cpu      ] GC(886) User=0.03s Sys=0.00s Real=0.00s
[2022-12-13T06:41:05.838+0000][151028][gc,marking  ] GC(887) Concurrent Cleanup for Next Mark
[2022-12-13T06:41:05.838+0000][151028][safepoint   ] Safepoint "G1TryInitiateConcMark", Time since last: 31881800 ns, Reaching safepoint: 415400 ns, At safepoint: 7762000 ns, Total: 8177400 ns
[2022-12-13T06:41:05.839+0000][151028][gc,marking  ] GC(887) Concurrent Cleanup for Next Mark 1.023ms
[2022-12-13T06:41:05.839+0000][151028][gc          ] GC(887) Concurrent Undo Cycle 1.230ms
[2022-12-13T06:41:05.865+0000][151028][gc,start    ] GC(888) Pause Young (Concurrent Start) (G1 Humongous Allocation)
[2022-12-13T06:41:05.865+0000][151028][gc,task     ] GC(888) Using 10 workers of 10 for evacuation
[2022-12-13T06:41:05.865+0000][151028][gc,age      ] GC(888) Desired survivor size 232783872 bytes, new threshold 15 (max threshold 15)
[2022-12-13T06:41:05.872+0000][151028][gc,phases   ] GC(888)   Pre Evacuate Collection Set: 1.1ms
[2022-12-13T06:41:05.872+0000][151028][gc,phases   ] GC(888)   Merge Heap Roots: 0.2ms
[2022-12-13T06:41:05.872+0000][151028][gc,phases   ] GC(888)   Evacuate Collection Set: 3.8ms
[2022-12-13T06:41:05.872+0000][151028][gc,phases   ] GC(888)   Post Evacuate Collection Set: 1.6ms
[2022-12-13T06:41:05.872+0000][151028][gc,phases   ] GC(888)   Other: 0.3ms
[2022-12-13T06:41:05.872+0000][151028][gc,age      ] GC(888) Age table with threshold 15 (max threshold 15)
[2022-12-13T06:41:05.872+0000][151028][gc,age      ] GC(888) - age   1:    1042552 bytes,    1042552 total
[2022-12-13T06:41:05.872+0000][151028][gc,age      ] GC(888) - age   2:    5161512 bytes,    6204064 total
[2022-12-13T06:41:05.872+0000][151028][gc,age      ] GC(888) - age   3:     440416 bytes,    6644480 total
[2022-12-13T06:41:05.872+0000][151028][gc,heap     ] GC(888) Eden regions: 3->0(898)
[2022-12-13T06:41:05.872+0000][151028][gc,heap     ] GC(888) Survivor regions: 2->2(111)
[2022-12-13T06:41:05.872+0000][151028][gc,heap     ] GC(888) Old regions: 379->379
[2022-12-13T06:41:05.872+0000][151028][gc,heap     ] GC(888) Archive regions: 2->2
[2022-12-13T06:41:05.872+0000][151028][gc,heap     ] GC(888) Humongous regions: 35->35
[2022-12-13T06:41:05.872+0000][151028][gc,metaspace] GC(888) Metaspace: 179836K(184448K)->179836K(184448K) NonClass: 157916K(160448K)->157916K(160448K) Class: 21919K(24000K)->21919K(24000K)
[2022-12-13T06:41:05.872+0000][151028][gc          ] GC(888) Pause Young (Concurrent Start) (G1 Humongous Allocation) 1677M->1666M(7992M) 7.203ms
[2022-12-13T06:41:05.872+0000][151028][gc          ] GC(889) Concurrent Mark Cycle
[2022-12-13T06:41:05.872+0000][151028][gc,marking  ] GC(889) Concurrent Clear Claimed Marks
[2022-12-13T06:41:05.872+0000][151028][gc,cpu      ] GC(888) User=0.02s Sys=0.01s Real=0.01s
[2022-12-13T06:41:05.873+0000][151028][safepoint   ] Safepoint "G1TryInitiateConcMark", Time since last: 6023900 ns, Reaching safepoint: 21048400 ns, At safepoint: 7579500 ns, Total: 28627900 ns
[2022-12-13T06:41:05.873+0000][151028][gc,marking  ] GC(889) Concurrent Clear Claimed Marks 0.358ms
[2022-12-13T06:41:05.873+0000][151028][gc,marking  ] GC(889) Concurrent Scan Root Regions
[2022-12-13T06:41:05.878+0000][151028][gc,marking  ] GC(889) Concurrent Scan Root Regions 5.563ms
[2022-12-13T06:41:05.878+0000][151028][gc,marking  ] GC(889) Concurrent Mark
[2022-12-13T06:41:05.878+0000][151028][gc,marking  ] GC(889) Concurrent Mark From Roots
[2022-12-13T06:41:05.878+0000][151028][gc,task     ] GC(889) Using 3 workers of 3 for marking
[2022-12-13T06:41:06.168+0000][151028][gc,marking  ] GC(889) Concurrent Mark From Roots 289.733ms
[2022-12-13T06:41:06.168+0000][151028][gc,marking  ] GC(889) Concurrent Preclean
[2022-12-13T06:41:06.170+0000][151028][gc,marking  ] GC(889) Concurrent Preclean 1.597ms
[2022-12-13T06:41:06.191+0000][151028][gc,start    ] GC(889) Pause Remark
[2022-12-13T06:41:06.205+0000][151028][gc          ] GC(889) Pause Remark 2082M->1002M(7992M) 13.678ms
[2022-12-13T06:41:06.205+0000][151028][gc,cpu      ] GC(889) User=0.12s Sys=0.00s Real=0.01s
[2022-12-13T06:41:06.205+0000][151028][safepoint   ] Safepoint "G1PauseRemark", Time since last: 297596400 ns, Reaching safepoint: 20902600 ns, At safepoint: 13993700 ns, Total: 34896300 ns
[2022-12-13T06:41:06.205+0000][151028][gc,marking  ] GC(889) Concurrent Mark 326.782ms
[2022-12-13T06:41:06.205+0000][151028][gc,marking  ] GC(889) Concurrent Rebuild Remembered Sets
[2022-12-13T06:41:06.372+0000][151028][gc,marking  ] GC(889) Concurrent Rebuild Remembered Sets 166.372ms
[2022-12-13T06:41:06.372+0000][151028][gc,start    ] GC(889) Pause Cleanup
[2022-12-13T06:41:06.373+0000][151028][gc          ] GC(889) Pause Cleanup 1236M->1236M(7992M) 0.477ms
[2022-12-13T06:41:06.373+0000][151028][gc,cpu      ] GC(889) User=0.00s Sys=0.00s Real=0.00s
[2022-12-13T06:41:06.373+0000][151028][safepoint   ] Safepoint "G1PauseCleanup", Time since last: 166709500 ns, Reaching safepoint: 278600 ns, At safepoint: 650900 ns, Total: 929500 ns
[2022-12-13T06:41:06.373+0000][151028][gc,marking  ] GC(889) Concurrent Cleanup for Next Mark
[2022-12-13T06:41:06.400+0000][151028][gc,marking  ] GC(889) Concurrent Cleanup for Next Mark 27.066ms
[2022-12-13T06:41:06.400+0000][151028][gc          ] GC(889) Concurrent Mark Cycle 527.610ms
[2022-12-13T06:41:07.386+0000][151028][safepoint   ] Safepoint "Cleanup", Time since last: 1000190100 ns, Reaching safepoint: 13313100 ns, At safepoint: 94900 ns, Total: 13408000 ns
[2022-12-13T06:41:08.659+0000][151028][safepoint   ] Safepoint "Cleanup", Time since last: 1272120400 ns, Reaching safepoint: 341200 ns, At safepoint: 41200 ns, Total: 382400 ns
[2022-12-13T06:41:09.659+0000][151028][safepoint   ] Safepoint "Cleanup", Time since last: 1000140200 ns, Reaching safepoint: 216500 ns, At safepoint: 12800 ns, Total: 229300 ns
[2022-12-13T06:41:10.160+0000][151028][gc,start    ] GC(890) Pause Young (Prepare Mixed) (G1 Preventive Collection)
[2022-12-13T06:41:10.160+0000][151028][gc,task     ] GC(890) Using 10 workers of 10 for evacuation
[2022-12-13T06:41:10.160+0000][151028][gc,age      ] GC(890) Desired survivor size 236978176 bytes, new threshold 15 (max threshold 15)
[2022-12-13T06:41:10.185+0000][151028][gc,phases   ] GC(890)   Pre Evacuate Collection Set: 0.4ms
[2022-12-13T06:41:10.185+0000][151028][gc,phases   ] GC(890)   Merge Heap Roots: 0.3ms
[2022-12-13T06:41:10.185+0000][151028][gc,phases   ] GC(890)   Evacuate Collection Set: 2.3ms
[2022-12-13T06:41:10.185+0000][151028][gc,phases   ] GC(890)   Post Evacuate Collection Set: 21.9ms
[2022-12-13T06:41:10.185+0000][151028][gc,phases   ] GC(890)   Other: 0.2ms
[2022-12-13T06:41:10.185+0000][151028][gc,age      ] GC(890) Age table with threshold 15 (max threshold 15)
[2022-12-13T06:41:10.185+0000][151028][gc,age      ] GC(890) - age   1:   55022200 bytes,   55022200 total
[2022-12-13T06:41:10.185+0000][151028][gc,age      ] GC(890) - age   2:         40 bytes,   55022240 total
[2022-12-13T06:41:10.185+0000][151028][gc,age      ] GC(890) - age   3:    1808704 bytes,   56830944 total
[2022-12-13T06:41:10.185+0000][151028][gc,age      ] GC(890) - age   4:      32296 bytes,   56863240 total
[2022-12-13T06:41:10.185+0000][151028][gc,heap     ] GC(890) Eden regions: 389->0(84)
[2022-12-13T06:41:10.185+0000][151028][gc,heap     ] GC(890) Survivor regions: 2->15(84)
[2022-12-13T06:41:10.185+0000][151028][gc,heap     ] GC(890) Old regions: 109->109
[2022-12-13T06:41:10.185+0000][151028][gc,heap     ] GC(890) Archive regions: 2->2
[2022-12-13T06:41:10.185+0000][151028][gc,heap     ] GC(890) Humongous regions: 1412->43
[2022-12-13T06:41:10.185+0000][151028][gc,metaspace] GC(890) Metaspace: 179840K(184448K)->179840K(184448K) NonClass: 157920K(160448K)->157920K(160448K) Class: 21919K(24000K)->21919K(24000K)
[2022-12-13T06:41:10.185+0000][151028][gc          ] GC(890) Pause Young (Prepare Mixed) (G1 Preventive Collection) 7648M->668M(7992M) 25.457ms
[2022-12-13T06:41:10.185+0000][151028][gc,cpu      ] GC(890) User=0.19s Sys=0.00s Real=0.02s
[2022-12-13T06:41:10.185+0000][151028][safepoint   ] Safepoint "G1CollectForAllocation", Time since last: 481927300 ns, Reaching safepoint: 18644000 ns, At safepoint: 25681600 ns, Total: 44325600 ns
[2022-12-13T06:41:11.109+0000][151028][gc,start    ] GC(891) Pause Young (Mixed) (G1 Evacuation Pause)
[2022-12-13T06:41:11.109+0000][151028][gc,task     ] GC(891) Using 10 workers of 10 for evacuation
[2022-12-13T06:41:11.109+0000][151028][gc,age      ] GC(891) Desired survivor size 27262976 bytes, new threshold 1 (max threshold 15)
[2022-12-13T06:41:11.120+0000][151028][gc,phases   ] GC(891)   Pre Evacuate Collection Set: 0.4ms
[2022-12-13T06:41:11.120+0000][151028][gc,phases   ] GC(891)   Merge Heap Roots: 0.3ms
[2022-12-13T06:41:11.120+0000][151028][gc,phases   ] GC(891)   Evacuate Collection Set: 5.9ms
[2022-12-13T06:41:11.120+0000][151028][gc,phases   ] GC(891)   Post Evacuate Collection Set: 4.3ms
[2022-12-13T06:41:11.120+0000][151028][gc,phases   ] GC(891)   Other: 0.2ms
[2022-12-13T06:41:11.120+0000][151028][gc,age      ] GC(891) Age table with threshold 1 (max threshold 15)
[2022-12-13T06:41:11.120+0000][151028][gc,age      ] GC(891) - age   1:    9579608 bytes,    9579608 total
[2022-12-13T06:41:11.120+0000][151028][gc,heap     ] GC(891) Eden regions: 84->0(1137)
[2022-12-13T06:41:11.120+0000][151028][gc,heap     ] GC(891) Survivor regions: 15->3(13)
[2022-12-13T06:41:11.120+0000][151028][gc,heap     ] GC(891) Old regions: 109->106
[2022-12-13T06:41:11.120+0000][151028][gc,heap     ] GC(891) Archive regions: 2->2
[2022-12-13T06:41:11.120+0000][151028][gc,heap     ] GC(891) Humongous regions: 508->68
[2022-12-13T06:41:11.120+0000][151028][gc,metaspace] GC(891) Metaspace: 179840K(184448K)->179840K(184448K) NonClass: 157920K(160448K)->157920K(160448K) Class: 21919K(24000K)->21919K(24000K)
[2022-12-13T06:41:11.120+0000][151028][gc          ] GC(891) Pause Young (Mixed) (G1 Evacuation Pause) 2864M->711M(7992M) 11.270ms
[2022-12-13T06:41:11.120+0000][151028][gc,cpu      ] GC(891) User=0.05s Sys=0.02s Real=0.02s
[2022-12-13T06:41:11.120+0000][151028][safepoint   ] Safepoint "G1CollectForAllocation", Time since last: 897130400 ns, Reaching safepoint: 25999700 ns, At safepoint: 11600300 ns, Total: 37600000 ns
[2022-12-13T06:41:11.136+0000][151028][gc,start    ] GC(892) Pause Young (Concurrent Start) (G1 Humongous Allocation)
[2022-12-13T06:41:11.136+0000][151028][gc,task     ] GC(892) Using 10 workers of 10 for evacuation
[2022-12-13T06:41:11.136+0000][151028][gc,age      ] GC(892) Desired survivor size 299892736 bytes, new threshold 15 (max threshold 15)
[2022-12-13T06:41:11.143+0000][151028][gc,phases   ] GC(892)   Pre Evacuate Collection Set: 0.8ms
[2022-12-13T06:41:11.143+0000][151028][gc,phases   ] GC(892)   Merge Heap Roots: 0.3ms
[2022-12-13T06:41:11.143+0000][151028][gc,phases   ] GC(892)   Evacuate Collection Set: 3.6ms
[2022-12-13T06:41:11.143+0000][151028][gc,phases   ] GC(892)   Post Evacuate Collection Set: 1.4ms
[2022-12-13T06:41:11.143+0000][151028][gc,phases   ] GC(892)   Other: 0.1ms
[2022-12-13T06:41:11.143+0000][151028][gc,age      ] GC(892) Age table with threshold 15 (max threshold 15)
[2022-12-13T06:41:11.143+0000][151028][gc,age      ] GC(892) - age   1:    3182312 bytes,    3182312 total
[2022-12-13T06:41:11.143+0000][151028][gc,age      ] GC(892) - age   2:    2460904 bytes,    5643216 total
[2022-12-13T06:41:11.143+0000][151028][gc,heap     ] GC(892) Eden regions: 6->0(1159)
[2022-12-13T06:41:11.143+0000][151028][gc,heap     ] GC(892) Survivor regions: 3->2(143)
[2022-12-13T06:41:11.143+0000][151028][gc,heap     ] GC(892) Old regions: 106->106
[2022-12-13T06:41:11.143+0000][151028][gc,heap     ] GC(892) Archive regions: 2->2
[2022-12-13T06:41:11.143+0000][151028][gc,heap     ] GC(892) Humongous regions: 68->2
[2022-12-13T06:41:11.143+0000][151028][gc,metaspace] GC(892) Metaspace: 179840K(184448K)->179840K(184448K) NonClass: 157920K(160448K)->157920K(160448K) Class: 21919K(24000K)->21919K(24000K)
[2022-12-13T06:41:11.143+0000][151028][gc          ] GC(892) Pause Young (Concurrent Start) (G1 Humongous Allocation) 733M->442M(7992M) 6.572ms
[2022-12-13T06:41:11.143+0000][151028][gc          ] GC(893) Concurrent Mark Cycle
[2022-12-13T06:41:11.143+0000][151028][gc,marking  ] GC(893) Concurrent Clear Claimed Marks
[2022-12-13T06:41:11.143+0000][151028][gc,marking  ] GC(893) Concurrent Clear Claimed Marks 0.278ms
[2022-12-13T06:41:11.143+0000][151028][gc,marking  ] GC(893) Concurrent Scan Root Regions
[2022-12-13T06:41:11.145+0000][151028][gc,cpu      ] GC(892) User=0.02s Sys=0.01s Real=0.01s
[2022-12-13T06:41:11.145+0000][151028][safepoint   ] Safepoint "G1TryInitiateConcMark", Time since last: 15802300 ns, Reaching safepoint: 292100 ns, At safepoint: 8715800 ns, Total: 9007900 ns
[2022-12-13T06:41:11.147+0000][151028][gc,marking  ] GC(893) Concurrent Scan Root Regions 3.998ms
[2022-12-13T06:41:11.147+0000][151028][gc,marking  ] GC(893) Concurrent Mark
[2022-12-13T06:41:11.147+0000][151028][gc,marking  ] GC(893) Concurrent Mark From Roots
[2022-12-13T06:41:11.147+0000][151028][gc,task     ] GC(893) Using 3 workers of 3 for marking
[2022-12-13T06:41:11.433+0000][151028][gc,marking  ] GC(893) Concurrent Mark From Roots 285.565ms
[2022-12-13T06:41:11.433+0000][151028][gc,marking  ] GC(893) Concurrent Preclean
[2022-12-13T06:41:11.434+0000][151028][gc,marking  ] GC(893) Concurrent Preclean 0.568ms
[2022-12-13T06:41:11.434+0000][151028][gc,start    ] GC(893) Pause Remark
[2022-12-13T06:41:11.447+0000][151028][gc          ] GC(893) Pause Remark 980M->980M(7992M) 12.823ms
[2022-12-13T06:41:11.447+0000][151028][gc,cpu      ] GC(893) User=0.11s Sys=0.01s Real=0.01s
[2022-12-13T06:41:11.447+0000][151028][safepoint   ] Safepoint "G1PauseRemark", Time since last: 288652000 ns, Reaching safepoint: 199800 ns, At safepoint: 13034000 ns, Total: 13233800 ns
[2022-12-13T06:41:11.447+0000][151028][gc,marking  ] GC(893) Concurrent Mark 299.609ms
[2022-12-13T06:41:11.447+0000][151028][gc,marking  ] GC(893) Concurrent Rebuild Remembered Sets
[2022-12-13T06:41:11.570+0000][151028][gc,marking  ] GC(893) Concurrent Rebuild Remembered Sets 123.063ms
[2022-12-13T06:41:11.570+0000][151028][gc,start    ] GC(893) Pause Cleanup
[2022-12-13T06:41:11.571+0000][151028][gc          ] GC(893) Pause Cleanup 982M->982M(7992M) 0.493ms
[2022-12-13T06:41:11.571+0000][151028][gc,cpu      ] GC(893) User=0.01s Sys=0.00s Real=0.00s
[2022-12-13T06:41:11.571+0000][151028][safepoint   ] Safepoint "G1PauseCleanup", Time since last: 123278100 ns, Reaching safepoint: 185000 ns, At safepoint: 610000 ns, Total: 795000 ns
[2022-12-13T06:41:11.571+0000][151028][gc,marking  ] GC(893) Concurrent Cleanup for Next Mark
[2022-12-13T06:41:11.592+0000][151028][gc,marking  ] GC(893) Concurrent Cleanup for Next Mark 20.826ms
[2022-12-13T06:41:11.592+0000][151028][gc          ] GC(893) Concurrent Mark Cycle 448.988ms
[2022-12-13T06:41:12.571+0000][151028][safepoint   ] Safepoint "Cleanup", Time since last: 1000157600 ns, Reaching safepoint: 206700 ns, At safepoint: 12800 ns, Total: 219500 ns
[2022-12-13T06:41:14.386+0000][151028][gc,start    ] GC(894) Pause Young (Prepare Mixed) (G1 Preventive Collection)
[2022-12-13T06:41:14.387+0000][151028][gc,task     ] GC(894) Using 10 workers of 10 for evacuation
[2022-12-13T06:41:14.387+0000][151028][gc,age      ] GC(894) Desired survivor size 306184192 bytes, new threshold 15 (max threshold 15)
[2022-12-13T06:41:14.398+0000][151028][gc,phases   ] GC(894)   Pre Evacuate Collection Set: 0.4ms
[2022-12-13T06:41:14.398+0000][151028][gc,phases   ] GC(894)   Merge Heap Roots: 0.2ms
[2022-12-13T06:41:14.398+0000][151028][gc,phases   ] GC(894)   Evacuate Collection Set: 1.9ms
[2022-12-13T06:41:14.398+0000][151028][gc,phases   ] GC(894)   Post Evacuate Collection Set: 8.5ms
[2022-12-13T06:41:14.398+0000][151028][gc,phases   ] GC(894)   Other: 0.2ms
[2022-12-13T06:41:14.398+0000][151028][gc,age      ] GC(894) Age table with threshold 15 (max threshold 15)
[2022-12-13T06:41:14.398+0000][151028][gc,age      ] GC(894) - age   1:   11173784 bytes,   11173784 total
[2022-12-13T06:41:14.398+0000][151028][gc,age      ] GC(894) - age   2:      17920 bytes,   11191704 total
[2022-12-13T06:41:14.398+0000][151028][gc,age      ] GC(894) - age   3:      71840 bytes,   11263544 total
[2022-12-13T06:41:14.398+0000][151028][gc,heap     ] GC(894) Eden regions: 222->0(96)
[2022-12-13T06:41:14.398+0000][151028][gc,heap     ] GC(894) Survivor regions: 2->3(42)
[2022-12-13T06:41:14.398+0000][151028][gc,heap     ] GC(894) Old regions: 106->106
[2022-12-13T06:41:14.398+0000][151028][gc,heap     ] GC(894) Archive regions: 2->2
[2022-12-13T06:41:14.398+0000][151028][gc,heap     ] GC(894) Humongous regions: 1624->14
[2022-12-13T06:41:14.398+0000][151028][gc,metaspace] GC(894) Metaspace: 179847K(184448K)->179847K(184448K) NonClass: 157927K(160448K)->157927K(160448K) Class: 21919K(24000K)->21919K(24000K)
[2022-12-13T06:41:14.398+0000][151028][gc          ] GC(894) Pause Young (Prepare Mixed) (G1 Preventive Collection) 7816M->495M(7992M) 11.513ms
[2022-12-13T06:41:14.398+0000][151028][gc,cpu      ] GC(894) User=0.05s Sys=0.00s Real=0.02s
[2022-12-13T06:41:14.398+0000][151028][safepoint   ] Safepoint "G1CollectForAllocation", Time since last: 1814910300 ns, Reaching safepoint: 198900 ns, At safepoint: 11718400 ns, Total: 11917300 ns
[2022-12-13T06:41:15.399+0000][151028][safepoint   ] Safepoint "Cleanup", Time since last: 1000152200 ns, Reaching safepoint: 280600 ns, At safepoint: 27000 ns, Total: 307600 ns
[2022-12-13T06:41:15.464+0000][151028][gc,start    ] GC(895) Pause Young (Mixed) (G1 Evacuation Pause)
[2022-12-13T06:41:15.464+0000][151028][gc,task     ] GC(895) Using 10 workers of 10 for evacuation
[2022-12-13T06:41:15.464+0000][151028][gc,age      ] GC(895) Desired survivor size 27262976 bytes, new threshold 15 (max threshold 15)
[2022-12-13T06:41:15.477+0000][151028][gc,phases   ] GC(895)   Pre Evacuate Collection Set: 0.4ms
[2022-12-13T06:41:15.477+0000][151028][gc,phases   ] GC(895)   Merge Heap Roots: 0.3ms
[2022-12-13T06:41:15.477+0000][151028][gc,phases   ] GC(895)   Evacuate Collection Set: 7.4ms
[2022-12-13T06:41:15.477+0000][151028][gc,phases   ] GC(895)   Post Evacuate Collection Set: 5.1ms
[2022-12-13T06:41:15.477+0000][151028][gc,phases   ] GC(895)   Other: 0.2ms
[2022-12-13T06:41:15.477+0000][151028][gc,age      ] GC(895) Age table with threshold 15 (max threshold 15)
[2022-12-13T06:41:15.477+0000][151028][gc,age      ] GC(895) - age   1:    8282352 bytes,    8282352 total
[2022-12-13T06:41:15.477+0000][151028][gc,age      ] GC(895) - age   2:     320512 bytes,    8602864 total
[2022-12-13T06:41:15.477+0000][151028][gc,age      ] GC(895) - age   3:      17728 bytes,    8620592 total
[2022-12-13T06:41:15.477+0000][151028][gc,age      ] GC(895) - age   4:      67304 bytes,    8687896 total
[2022-12-13T06:41:15.477+0000][151028][gc,heap     ] GC(895) Eden regions: 96->0(1195)
[2022-12-13T06:41:15.477+0000][151028][gc,heap     ] GC(895) Survivor regions: 3->3(13)
[2022-12-13T06:41:15.477+0000][151028][gc,heap     ] GC(895) Old regions: 106->106
[2022-12-13T06:41:15.477+0000][151028][gc,heap     ] GC(895) Archive regions: 2->2
[2022-12-13T06:41:15.477+0000][151028][gc,heap     ] GC(895) Humongous regions: 566->43
[2022-12-13T06:41:15.478+0000][151028][gc,metaspace] GC(895) Metaspace: 179847K(184448K)->179847K(184448K) NonClass: 157927K(160448K)->157927K(160448K) Class: 21919K(24000K)->21919K(24000K)
[2022-12-13T06:41:15.478+0000][151028][gc          ] GC(895) Pause Young (Mixed) (G1 Evacuation Pause) 3087M->605M(7992M) 13.740ms
[2022-12-13T06:41:15.478+0000][151028][gc,cpu      ] GC(895) User=0.09s Sys=0.00s Real=0.01s
[2022-12-13T06:41:15.478+0000][151028][safepoint   ] Safepoint "G1CollectForAllocation", Time since last: 48669900 ns, Reaching safepoint: 16519300 ns, At safepoint: 13979400 ns, Total: 30498700 ns
[2022-12-13T06:41:15.499+0000][151028][gc,start    ] GC(896) Pause Young (Concurrent Start) (G1 Humongous Allocation)
[2022-12-13T06:41:15.499+0000][151028][gc,task     ] GC(896) Using 10 workers of 10 for evacuation
[2022-12-13T06:41:15.499+0000][151028][gc,age      ] GC(896) Desired survivor size 314572800 bytes, new threshold 15 (max threshold 15)
[2022-12-13T06:41:15.506+0000][151028][gc,phases   ] GC(896)   Pre Evacuate Collection Set: 0.8ms
[2022-12-13T06:41:15.506+0000][151028][gc,phases   ] GC(896)   Merge Heap Roots: 0.4ms
[2022-12-13T06:41:15.506+0000][151028][gc,phases   ] GC(896)   Evacuate Collection Set: 3.3ms
[2022-12-13T06:41:15.506+0000][151028][gc,phases   ] GC(896)   Post Evacuate Collection Set: 1.8ms
[2022-12-13T06:41:15.506+0000][151028][gc,phases   ] GC(896)   Other: 0.2ms
[2022-12-13T06:41:15.506+0000][151028][gc,age      ] GC(896) Age table with threshold 15 (max threshold 15)
[2022-12-13T06:41:15.506+0000][151028][gc,age      ] GC(896) - age   1:    2750248 bytes,    2750248 total
[2022-12-13T06:41:15.506+0000][151028][gc,age      ] GC(896) - age   2:    2453104 bytes,    5203352 total
[2022-12-13T06:41:15.506+0000][151028][gc,age      ] GC(896) - age   3:     319992 bytes,    5523344 total
[2022-12-13T06:41:15.506+0000][151028][gc,age      ] GC(896) - age   4:      17696 bytes,    5541040 total
[2022-12-13T06:41:15.506+0000][151028][gc,age      ] GC(896) - age   5:      66904 bytes,    5607944 total
[2022-12-13T06:41:15.506+0000][151028][gc,heap     ] GC(896) Eden regions: 7->0(1196)
[2022-12-13T06:41:15.506+0000][151028][gc,heap     ] GC(896) Survivor regions: 3->2(150)
[2022-12-13T06:41:15.506+0000][151028][gc,heap     ] GC(896) Old regions: 106->106
[2022-12-13T06:41:15.506+0000][151028][gc,heap     ] GC(896) Archive regions: 2->2
[2022-12-13T06:41:15.506+0000][151028][gc,heap     ] GC(896) Humongous regions: 43->10
[2022-12-13T06:41:15.506+0000][151028][gc,metaspace] GC(896) Metaspace: 179847K(184448K)->179847K(184448K) NonClass: 157927K(160448K)->157927K(160448K) Class: 21919K(24000K)->21919K(24000K)
[2022-12-13T06:41:15.506+0000][151028][gc          ] GC(896) Pause Young (Concurrent Start) (G1 Humongous Allocation) 629M->470M(7992M) 6.862ms
[2022-12-13T06:41:15.506+0000][151028][gc,cpu      ] GC(896) User=0.03s Sys=0.00s Real=0.00s
[2022-12-13T06:41:15.506+0000][151028][gc          ] GC(897) Concurrent Mark Cycle
[2022-12-13T06:41:15.506+0000][151028][gc,marking  ] GC(897) Concurrent Clear Claimed Marks
[2022-12-13T06:41:15.506+0000][151028][safepoint   ] Safepoint "G1TryInitiateConcMark", Time since last: 20872400 ns, Reaching safepoint: 341300 ns, At safepoint: 7131400 ns, Total: 7472700 ns
[2022-12-13T06:41:15.506+0000][151028][gc,marking  ] GC(897) Concurrent Clear Claimed Marks 0.361ms
[2022-12-13T06:41:15.506+0000][151028][gc,marking  ] GC(897) Concurrent Scan Root Regions
[2022-12-13T06:41:15.512+0000][151028][gc,marking  ] GC(897) Concurrent Scan Root Regions 5.215ms
[2022-12-13T06:41:15.512+0000][151028][gc,marking  ] GC(897) Concurrent Mark
[2022-12-13T06:41:15.512+0000][151028][gc,marking  ] GC(897) Concurrent Mark From Roots
[2022-12-13T06:41:15.512+0000][151028][gc,task     ] GC(897) Using 3 workers of 3 for marking
[2022-12-13T06:41:15.893+0000][151028][gc,marking  ] GC(897) Concurrent Mark From Roots 381.168ms
[2022-12-13T06:41:15.893+0000][151028][gc,marking  ] GC(897) Concurrent Preclean
[2022-12-13T06:41:15.894+0000][151028][gc,marking  ] GC(897) Concurrent Preclean 0.601ms
[2022-12-13T06:41:15.894+0000][151028][gc,start    ] GC(897) Pause Remark
[2022-12-13T06:41:15.907+0000][151028][gc          ] GC(897) Pause Remark 1866M->1866M(7992M) 12.916ms
[2022-12-13T06:41:15.907+0000][151028][gc,cpu      ] GC(897) User=0.10s Sys=0.00s Real=0.01s
[2022-12-13T06:41:15.907+0000][151028][safepoint   ] Safepoint "G1PauseRemark", Time since last: 387575500 ns, Reaching safepoint: 178400 ns, At safepoint: 13154900 ns, Total: 13333300 ns
[2022-12-13T06:41:15.907+0000][151028][gc,marking  ] GC(897) Concurrent Mark 395.338ms
[2022-12-13T06:41:15.907+0000][151028][gc,marking  ] GC(897) Concurrent Rebuild Remembered Sets
[2022-12-13T06:41:16.113+0000][151028][gc,marking  ] GC(897) Concurrent Rebuild Remembered Sets 206.351ms
[2022-12-13T06:41:16.114+0000][151028][gc,start    ] GC(897) Pause Cleanup
[2022-12-13T06:41:16.114+0000][151028][gc          ] GC(897) Pause Cleanup 2486M->2486M(7992M) 0.481ms
[2022-12-13T06:41:16.115+0000][151028][gc,cpu      ] GC(897) User=0.00s Sys=0.00s Real=0.00s
[2022-12-13T06:41:16.115+0000][151028][safepoint   ] Safepoint "G1PauseCleanup", Time since last: 206613300 ns, Reaching safepoint: 347700 ns, At safepoint: 654200 ns, Total: 1001900 ns
[2022-12-13T06:41:16.115+0000][151028][gc,marking  ] GC(897) Concurrent Cleanup for Next Mark
[2022-12-13T06:41:16.142+0000][151028][gc,marking  ] GC(897) Concurrent Cleanup for Next Mark 27.277ms
[2022-12-13T06:41:16.142+0000][151028][gc          ] GC(897) Concurrent Mark Cycle 636.156ms
[2022-12-13T06:41:18.128+0000][151028][gc,start    ] GC(898) Pause Young (Prepare Mixed) (G1 Preventive Collection)
[2022-12-13T06:41:18.128+0000][151028][gc,task     ] GC(898) Using 10 workers of 10 for evacuation
[2022-12-13T06:41:18.128+0000][151028][gc,age      ] GC(898) Desired survivor size 314572800 bytes, new threshold 15 (max threshold 15)
[2022-12-13T06:41:18.159+0000][151028][gc,phases   ] GC(898)   Pre Evacuate Collection Set: 0.4ms
[2022-12-13T06:41:18.159+0000][151028][gc,phases   ] GC(898)   Merge Heap Roots: 0.3ms
[2022-12-13T06:41:18.159+0000][151028][gc,phases   ] GC(898)   Evacuate Collection Set: 10.4ms
[2022-12-13T06:41:18.159+0000][151028][gc,phases   ] GC(898)   Post Evacuate Collection Set: 19.4ms
[2022-12-13T06:41:18.159+0000][151028][gc,phases   ] GC(898)   Other: 0.2ms
[2022-12-13T06:41:18.159+0000][151028][gc,age      ] GC(898) Age table with threshold 15 (max threshold 15)
[2022-12-13T06:41:18.159+0000][151028][gc,age      ] GC(898) - age   1:   74671440 bytes,   74671440 total
[2022-12-13T06:41:18.159+0000][151028][gc,age      ] GC(898) - age   2:    1379864 bytes,   76051304 total
[2022-12-13T06:41:18.159+0000][151028][gc,age      ] GC(898) - age   3:    1675912 bytes,   77727216 total
[2022-12-13T06:41:18.159+0000][151028][gc,age      ] GC(898) - age   4:     192464 bytes,   77919680 total
[2022-12-13T06:41:18.159+0000][151028][gc,age      ] GC(898) - age   5:        536 bytes,   77920216 total
[2022-12-13T06:41:18.159+0000][151028][gc,age      ] GC(898) - age   6:      38016 bytes,   77958232 total
[2022-12-13T06:41:18.159+0000][151028][gc,heap     ] GC(898) Eden regions: 597->0(79)
[2022-12-13T06:41:18.159+0000][151028][gc,heap     ] GC(898) Survivor regions: 2->20(79)
[2022-12-13T06:41:18.159+0000][151028][gc,heap     ] GC(898) Old regions: 106->106
[2022-12-13T06:41:18.159+0000][151028][gc,heap     ] GC(898) Archive regions: 2->2
[2022-12-13T06:41:18.159+0000][151028][gc,heap     ] GC(898) Humongous regions: 1212->7
[2022-12-13T06:41:18.159+0000][151028][gc,metaspace] GC(898) Metaspace: 179851K(184448K)->179851K(184448K) NonClass: 157931K(160448K)->157931K(160448K) Class: 21919K(24000K)->21919K(24000K)
[2022-12-13T06:41:18.159+0000][151028][gc          ] GC(898) Pause Young (Prepare Mixed) (G1 Preventive Collection) 7664M->531M(7992M) 31.097ms
[2022-12-13T06:41:18.159+0000][151028][gc,cpu      ] GC(898) User=0.23s Sys=0.01s Real=0.04s
[2022-12-13T06:41:18.159+0000][151028][safepoint   ] Safepoint "G1CollectForAllocation", Time since last: 2013265900 ns, Reaching safepoint: 202600 ns, At safepoint: 31257300 ns, Total: 31459900 ns
[2022-12-13T06:41:18.457+0000][151028][gc,start    ] GC(899) Pause Young (Mixed) (G1 Evacuation Pause)
[2022-12-13T06:41:18.457+0000][151028][gc,task     ] GC(899) Using 10 workers of 10 for evacuation
[2022-12-13T06:41:18.457+0000][151028][gc,age      ] GC(899) Desired survivor size 27262976 bytes, new threshold 1 (max threshold 15)
[2022-12-13T06:41:18.473+0000][151028][gc,phases   ] GC(899)   Pre Evacuate Collection Set: 0.5ms
[2022-12-13T06:41:18.473+0000][151028][gc,phases   ] GC(899)   Merge Heap Roots: 0.2ms
[2022-12-13T06:41:18.473+0000][151028][gc,phases   ] GC(899)   Evacuate Collection Set: 11.7ms
[2022-12-13T06:41:18.473+0000][151028][gc,phases   ] GC(899)   Post Evacuate Collection Set: 3.5ms
[2022-12-13T06:41:18.473+0000][151028][gc,phases   ] GC(899)   Other: 0.2ms
[2022-12-13T06:41:18.473+0000][151028][gc,age      ] GC(899) Age table with threshold 1 (max threshold 15)
[2022-12-13T06:41:18.473+0000][151028][gc,age      ] GC(899) - age   1:   15794576 bytes,   15794576 total
[2022-12-13T06:41:18.473+0000][151028][gc,heap     ] GC(899) Eden regions: 79->0(1193)
[2022-12-13T06:41:18.473+0000][151028][gc,heap     ] GC(899) Survivor regions: 20->5(13)
[2022-12-13T06:41:18.473+0000][151028][gc,heap     ] GC(899) Old regions: 106->107
[2022-12-13T06:41:18.473+0000][151028][gc,heap     ] GC(899) Archive regions: 2->2
[2022-12-13T06:41:18.473+0000][151028][gc,heap     ] GC(899) Humongous regions: 74->7
[2022-12-13T06:41:18.473+0000][151028][gc,metaspace] GC(899) Metaspace: 179851K(184448K)->179851K(184448K) NonClass: 157931K(160448K)->157931K(160448K) Class: 21919K(24000K)->21919K(24000K)
[2022-12-13T06:41:18.473+0000][151028][gc          ] GC(899) Pause Young (Mixed) (G1 Evacuation Pause) 1115M->477M(7992M) 16.355ms
[2022-12-13T06:41:18.473+0000][151028][gc,cpu      ] GC(899) User=0.13s Sys=0.00s Real=0.02s
[2022-12-13T06:41:18.473+0000][151028][safepoint   ] Safepoint "G1CollectForAllocation", Time since last: 296917500 ns, Reaching safepoint: 213300 ns, At safepoint: 16538200 ns, Total: 16751500 ns
[2022-12-13T06:41:18.660+0000][151028][gc,start    ] GC(900) Pause Young (Concurrent Start) (G1 Humongous Allocation)
[2022-12-13T06:41:18.660+0000][151028][gc,task     ] GC(900) Using 10 workers of 10 for evacuation
[2022-12-13T06:41:18.660+0000][151028][gc,age      ] GC(900) Desired survivor size 314572800 bytes, new threshold 15 (max threshold 15)
[2022-12-13T06:41:18.668+0000][151028][gc,phases   ] GC(900)   Pre Evacuate Collection Set: 0.9ms
[2022-12-13T06:41:18.668+0000][151028][gc,phases   ] GC(900)   Merge Heap Roots: 0.2ms
[2022-12-13T06:41:18.668+0000][151028][gc,phases   ] GC(900)   Evacuate Collection Set: 3.3ms
[2022-12-13T06:41:18.668+0000][151028][gc,phases   ] GC(900)   Post Evacuate Collection Set: 3.1ms
[2022-12-13T06:41:18.668+0000][151028][gc,phases   ] GC(900)   Other: 0.1ms
[2022-12-13T06:41:18.668+0000][151028][gc,age      ] GC(900) Age table with threshold 15 (max threshold 15)
[2022-12-13T06:41:18.668+0000][151028][gc,age      ] GC(900) - age   1:    3286792 bytes,    3286792 total
[2022-12-13T06:41:18.668+0000][151028][gc,age      ] GC(900) - age   2:    5600352 bytes,    8887144 total
[2022-12-13T06:41:18.668+0000][151028][gc,heap     ] GC(900) Eden regions: 28->0(1195)
[2022-12-13T06:41:18.668+0000][151028][gc,heap     ] GC(900) Survivor regions: 5->3(150)
[2022-12-13T06:41:18.668+0000][151028][gc,heap     ] GC(900) Old regions: 107->107
[2022-12-13T06:41:18.668+0000][151028][gc,heap     ] GC(900) Archive regions: 2->2
[2022-12-13T06:41:18.668+0000][151028][gc,heap     ] GC(900) Humongous regions: 7->7
[2022-12-13T06:41:18.668+0000][151028][gc,metaspace] GC(900) Metaspace: 179851K(184448K)->179851K(184448K) NonClass: 157931K(160448K)->157931K(160448K) Class: 21919K(24000K)->21919K(24000K)
[2022-12-13T06:41:18.668+0000][151028][gc          ] GC(900) Pause Young (Concurrent Start) (G1 Humongous Allocation) 588M->469M(7992M) 7.860ms
[2022-12-13T06:41:18.668+0000][151028][gc          ] GC(901) Concurrent Mark Cycle
[2022-12-13T06:41:18.668+0000][151028][gc,marking  ] GC(901) Concurrent Clear Claimed Marks
[2022-12-13T06:41:18.668+0000][151028][gc,cpu      ] GC(900) User=0.04s Sys=0.00s Real=0.00s
[2022-12-13T06:41:18.668+0000][151028][safepoint   ] Safepoint "G1TryInitiateConcMark", Time since last: 186945300 ns, Reaching safepoint: 196600 ns, At safepoint: 8227300 ns, Total: 8423900 ns
[2022-12-13T06:41:18.669+0000][151028][gc,marking  ] GC(901) Concurrent Clear Claimed Marks 0.360ms
[2022-12-13T06:41:18.669+0000][151028][gc,marking  ] GC(901) Concurrent Scan Root Regions
[2022-12-13T06:41:18.673+0000][151028][gc,marking  ] GC(901) Concurrent Scan Root Regions 4.848ms
[2022-12-13T06:41:18.673+0000][151028][gc,marking  ] GC(901) Concurrent Mark
[2022-12-13T06:41:18.673+0000][151028][gc,marking  ] GC(901) Concurrent Mark From Roots
[2022-12-13T06:41:18.673+0000][151028][gc,task     ] GC(901) Using 3 workers of 3 for marking
[2022-12-13T06:41:18.956+0000][151028][gc,marking  ] GC(901) Concurrent Mark From Roots 282.087ms
[2022-12-13T06:41:18.956+0000][151028][gc,marking  ] GC(901) Concurrent Preclean
[2022-12-13T06:41:18.956+0000][151028][gc,marking  ] GC(901) Concurrent Preclean 0.671ms
[2022-12-13T06:41:18.957+0000][151028][gc,start    ] GC(901) Pause Remark
[2022-12-13T06:41:18.970+0000][151028][gc          ] GC(901) Pause Remark 975M->975M(7992M) 13.207ms
[2022-12-13T06:41:18.970+0000][151028][gc,cpu      ] GC(901) User=0.11s Sys=0.01s Real=0.01s
[2022-12-13T06:41:18.970+0000][151028][safepoint   ] Safepoint "G1PauseRemark", Time since last: 287989500 ns, Reaching safepoint: 216200 ns, At safepoint: 13435200 ns, Total: 13651400 ns
[2022-12-13T06:41:18.970+0000][151028][gc,marking  ] GC(901) Concurrent Mark 296.655ms
[2022-12-13T06:41:18.970+0000][151028][gc,marking  ] GC(901) Concurrent Rebuild Remembered Sets
[2022-12-13T06:41:19.115+0000][151028][gc,marking  ] GC(901) Concurrent Rebuild Remembered Sets 145.243ms
[2022-12-13T06:41:19.116+0000][151028][gc,start    ] GC(901) Pause Cleanup
[2022-12-13T06:41:19.116+0000][151028][gc          ] GC(901) Pause Cleanup 1181M->1181M(7992M) 0.470ms
[2022-12-13T06:41:19.116+0000][151028][gc,cpu      ] GC(901) User=0.00s Sys=0.00s Real=0.00s
[2022-12-13T06:41:19.116+0000][151028][safepoint   ] Safepoint "G1PauseCleanup", Time since last: 145532600 ns, Reaching safepoint: 320800 ns, At safepoint: 608900 ns, Total: 929700 ns
[2022-12-13T06:41:19.117+0000][151028][gc,marking  ] GC(901) Concurrent Cleanup for Next Mark
[2022-12-13T06:41:19.143+0000][151028][gc,marking  ] GC(901) Concurrent Cleanup for Next Mark 26.303ms
[2022-12-13T06:41:19.143+0000][151028][gc          ] GC(901) Concurrent Mark Cycle 474.803ms
[2022-12-13T06:41:20.117+0000][151028][safepoint   ] Safepoint "Cleanup", Time since last: 1000128900 ns, Reaching safepoint: 275600 ns, At safepoint: 75600 ns, Total: 351200 ns
[2022-12-13T06:41:24.880+0000][151028][gc,start    ] GC(902) Pause Young (Prepare Mixed) (G1 Preventive Collection)
[2022-12-13T06:41:24.880+0000][151028][gc,task     ] GC(902) Using 10 workers of 10 for evacuation
[2022-12-13T06:41:24.880+0000][151028][gc,age      ] GC(902) Desired survivor size 314572800 bytes, new threshold 15 (max threshold 15)
[2022-12-13T06:41:24.956+0000][151028][gc,phases   ] GC(902)   Pre Evacuate Collection Set: 0.5ms
[2022-12-13T06:41:24.956+0000][151028][gc,phases   ] GC(902)   Merge Heap Roots: 0.4ms
[2022-12-13T06:41:24.956+0000][151028][gc,phases   ] GC(902)   Evacuate Collection Set: 5.8ms
[2022-12-13T06:41:24.956+0000][151028][gc,phases   ] GC(902)   Post Evacuate Collection Set: 69.3ms
[2022-12-13T06:41:24.956+0000][151028][gc,phases   ] GC(902)   Other: 0.2ms
[2022-12-13T06:41:24.956+0000][151028][gc,age      ] GC(902) Age table with threshold 15 (max threshold 15)
[2022-12-13T06:41:24.956+0000][151028][gc,age      ] GC(902) - age   1:  223810160 bytes,  223810160 total
[2022-12-13T06:41:24.956+0000][151028][gc,age      ] GC(902) - age   2:     735496 bytes,  224545656 total
[2022-12-13T06:41:24.956+0000][151028][gc,age      ] GC(902) - age   3:       6568 bytes,  224552224 total
[2022-12-13T06:41:24.956+0000][151028][gc,heap     ] GC(902) Eden regions: 824->0(43)
[2022-12-13T06:41:24.956+0000][151028][gc,heap     ] GC(902) Survivor regions: 3->56(74)
[2022-12-13T06:41:24.956+0000][151028][gc,heap     ] GC(902) Old regions: 107->107
[2022-12-13T06:41:24.956+0000][151028][gc,heap     ] GC(902) Archive regions: 2->2
[2022-12-13T06:41:24.956+0000][151028][gc,heap     ] GC(902) Humongous regions: 988->7
[2022-12-13T06:41:24.956+0000][151028][gc,metaspace] GC(902) Metaspace: 179854K(184448K)->179854K(184448K) NonClass: 157934K(160448K)->157934K(160448K) Class: 21919K(24000K)->21919K(24000K)
[2022-12-13T06:41:24.956+0000][151028][gc          ] GC(902) Pause Young (Prepare Mixed) (G1 Preventive Collection) 7688M->682M(7992M) 76.663ms
[2022-12-13T06:41:24.956+0000][151028][gc,cpu      ] GC(902) User=0.69s Sys=0.02s Real=0.07s
[2022-12-13T06:41:24.957+0000][151028][safepoint   ] Safepoint "G1CollectForAllocation", Time since last: 4762361600 ns, Reaching safepoint: 231400 ns, At safepoint: 76983400 ns, Total: 77214800 ns
[2022-12-13T06:41:25.183+0000][151028][gc,start    ] GC(903) Pause Young (Mixed) (G1 Evacuation Pause)
[2022-12-13T06:41:25.183+0000][151028][gc,task     ] GC(903) Using 10 workers of 10 for evacuation
[2022-12-13T06:41:25.183+0000][151028][gc,age      ] GC(903) Desired survivor size 27262976 bytes, new threshold 1 (max threshold 15)
[2022-12-13T06:41:25.201+0000][151028][gc,phases   ] GC(903)   Pre Evacuate Collection Set: 0.4ms
[2022-12-13T06:41:25.201+0000][151028][gc,phases   ] GC(903)   Merge Heap Roots: 0.3ms
[2022-12-13T06:41:25.201+0000][151028][gc,phases   ] GC(903)   Evacuate Collection Set: 11.8ms
[2022-12-13T06:41:25.201+0000][151028][gc,phases   ] GC(903)   Post Evacuate Collection Set: 5.3ms
[2022-12-13T06:41:25.201+0000][151028][gc,phases   ] GC(903)   Other: 0.2ms
[2022-12-13T06:41:25.201+0000][151028][gc,age      ] GC(903) Age table with threshold 1 (max threshold 15)
[2022-12-13T06:41:25.201+0000][151028][gc,age      ] GC(903) - age   1:   12785704 bytes,   12785704 total
[2022-12-13T06:41:25.201+0000][151028][gc,heap     ] GC(903) Eden regions: 43->0(1193)
[2022-12-13T06:41:25.201+0000][151028][gc,heap     ] GC(903) Survivor regions: 56->5(13)
[2022-12-13T06:41:25.201+0000][151028][gc,heap     ] GC(903) Old regions: 107->108
[2022-12-13T06:41:25.201+0000][151028][gc,heap     ] GC(903) Archive regions: 2->2
[2022-12-13T06:41:25.202+0000][151028][gc,heap     ] GC(903) Humongous regions: 41->7
[2022-12-13T06:41:25.202+0000][151028][gc,metaspace] GC(903) Metaspace: 179854K(184448K)->179854K(184448K) NonClass: 157934K(160448K)->157934K(160448K) Class: 21919K(24000K)->21919K(24000K)
[2022-12-13T06:41:25.202+0000][151028][gc          ] GC(903) Pause Young (Mixed) (G1 Evacuation Pause) 990M->482M(7992M) 18.261ms
[2022-12-13T06:41:25.202+0000][151028][gc,cpu      ] GC(903) User=0.14s Sys=0.00s Real=0.02s
[2022-12-13T06:41:25.202+0000][151028][safepoint   ] Safepoint "G1CollectForAllocation", Time since last: 226461600 ns, Reaching safepoint: 268900 ns, At safepoint: 18427100 ns, Total: 18696000 ns
[2022-12-13T06:41:25.275+0000][151028][gc,start    ] GC(904) Pause Young (Concurrent Start) (G1 Humongous Allocation)
[2022-12-13T06:41:25.275+0000][151028][gc,task     ] GC(904) Using 10 workers of 10 for evacuation
[2022-12-13T06:41:25.275+0000][151028][gc,age      ] GC(904) Desired survivor size 314572800 bytes, new threshold 15 (max threshold 15)
[2022-12-13T06:41:25.283+0000][151028][gc,phases   ] GC(904)   Pre Evacuate Collection Set: 0.8ms
[2022-12-13T06:41:25.283+0000][151028][gc,phases   ] GC(904)   Merge Heap Roots: 0.2ms
[2022-12-13T06:41:25.283+0000][151028][gc,phases   ] GC(904)   Evacuate Collection Set: 4.3ms
[2022-12-13T06:41:25.283+0000][151028][gc,phases   ] GC(904)   Post Evacuate Collection Set: 2.7ms
[2022-12-13T06:41:25.283+0000][151028][gc,phases   ] GC(904)   Other: 0.1ms
[2022-12-13T06:41:25.283+0000][151028][gc,age      ] GC(904) Age table with threshold 15 (max threshold 15)
[2022-12-13T06:41:25.283+0000][151028][gc,age      ] GC(904) - age   1:    8739176 bytes,    8739176 total
[2022-12-13T06:41:25.283+0000][151028][gc,age      ] GC(904) - age   2:     997688 bytes,    9736864 total
[2022-12-13T06:41:25.283+0000][151028][gc,heap     ] GC(904) Eden regions: 10->0(1195)
[2022-12-13T06:41:25.283+0000][151028][gc,heap     ] GC(904) Survivor regions: 5->3(150)
[2022-12-13T06:41:25.283+0000][151028][gc,heap     ] GC(904) Old regions: 108->108
[2022-12-13T06:41:25.283+0000][151028][gc,heap     ] GC(904) Archive regions: 2->2
[2022-12-13T06:41:25.283+0000][151028][gc,heap     ] GC(904) Humongous regions: 7->7
[2022-12-13T06:41:25.283+0000][151028][gc,metaspace] GC(904) Metaspace: 179854K(184448K)->179854K(184448K) NonClass: 157934K(160448K)->157934K(160448K) Class: 21919K(24000K)->21919K(24000K)
[2022-12-13T06:41:25.283+0000][151028][gc          ] GC(904) Pause Young (Concurrent Start) (G1 Humongous Allocation) 521M->475M(7992M) 8.480ms
[2022-12-13T06:41:25.283+0000][151028][gc,cpu      ] GC(904) User=0.04s Sys=0.00s Real=0.01s
[2022-12-13T06:41:25.283+0000][151028][gc          ] GC(905) Concurrent Mark Cycle
[2022-12-13T06:41:25.283+0000][151028][gc,marking  ] GC(905) Concurrent Clear Claimed Marks
[2022-12-13T06:41:25.283+0000][151028][safepoint   ] Safepoint "G1TryInitiateConcMark", Time since last: 72824600 ns, Reaching safepoint: 192400 ns, At safepoint: 8725700 ns, Total: 8918100 ns
[2022-12-13T06:41:25.284+0000][151028][gc,marking  ] GC(905) Concurrent Clear Claimed Marks 0.344ms
[2022-12-13T06:41:25.284+0000][151028][gc,marking  ] GC(905) Concurrent Scan Root Regions
[2022-12-13T06:41:25.287+0000][151028][gc,marking  ] GC(905) Concurrent Scan Root Regions 3.510ms
[2022-12-13T06:41:25.287+0000][151028][gc,marking  ] GC(905) Concurrent Mark
[2022-12-13T06:41:25.287+0000][151028][gc,marking  ] GC(905) Concurrent Mark From Roots
[2022-12-13T06:41:25.287+0000][151028][gc,task     ] GC(905) Using 3 workers of 3 for marking
[2022-12-13T06:41:25.629+0000][151028][gc,marking  ] GC(905) Concurrent Mark From Roots 341.452ms
[2022-12-13T06:41:25.629+0000][151028][gc,marking  ] GC(905) Concurrent Preclean
[2022-12-13T06:41:25.629+0000][151028][gc,marking  ] GC(905) Concurrent Preclean 0.589ms
[2022-12-13T06:41:25.630+0000][151028][gc,start    ] GC(905) Pause Remark
[2022-12-13T06:41:25.644+0000][151028][gc          ] GC(905) Pause Remark 887M->867M(7992M) 14.299ms
[2022-12-13T06:41:25.644+0000][151028][gc,cpu      ] GC(905) User=0.11s Sys=0.01s Real=0.02s
[2022-12-13T06:41:25.644+0000][151028][safepoint   ] Safepoint "G1PauseRemark", Time since last: 346154900 ns, Reaching safepoint: 250600 ns, At safepoint: 14522600 ns, Total: 14773200 ns
[2022-12-13T06:41:25.644+0000][151028][gc,marking  ] GC(905) Concurrent Mark 357.085ms
[2022-12-13T06:41:25.644+0000][151028][gc,marking  ] GC(905) Concurrent Rebuild Remembered Sets
[2022-12-13T06:41:25.797+0000][151028][gc,marking  ] GC(905) Concurrent Rebuild Remembered Sets 152.190ms
[2022-12-13T06:41:25.797+0000][151028][gc,start    ] GC(905) Pause Cleanup
[2022-12-13T06:41:25.798+0000][151028][gc          ] GC(905) Pause Cleanup 893M->893M(7992M) 1.273ms
[2022-12-13T06:41:25.798+0000][151028][gc,cpu      ] GC(905) User=0.00s Sys=0.00s Real=0.01s
[2022-12-13T06:41:25.799+0000][151028][safepoint   ] Safepoint "G1PauseCleanup", Time since last: 152493400 ns, Reaching safepoint: 265300 ns, At safepoint: 1406100 ns, Total: 1671400 ns
[2022-12-13T06:41:25.799+0000][151028][gc,marking  ] GC(905) Concurrent Cleanup for Next Mark
[2022-12-13T06:41:25.820+0000][151028][gc,marking  ] GC(905) Concurrent Cleanup for Next Mark 21.738ms
[2022-12-13T06:41:25.820+0000][151028][gc          ] GC(905) Concurrent Mark Cycle 537.096ms
[2022-12-13T06:41:27.799+0000][151028][safepoint   ] Safepoint "Cleanup", Time since last: 2000251900 ns, Reaching safepoint: 188600 ns, At safepoint: 10900 ns, Total: 199500 ns
[2022-12-13T06:41:29.800+0000][151028][safepoint   ] Safepoint "Cleanup", Time since last: 2000241700 ns, Reaching safepoint: 288200 ns, At safepoint: 82500 ns, Total: 370700 ns
[2022-12-13T06:41:31.307+0000][151028][gc,start    ] GC(906) Pause Young (Prepare Mixed) (G1 Preventive Collection)
[2022-12-13T06:41:31.307+0000][151028][gc,task     ] GC(906) Using 10 workers of 10 for evacuation
[2022-12-13T06:41:31.307+0000][151028][gc,age      ] GC(906) Desired survivor size 314572800 bytes, new threshold 15 (max threshold 15)
[2022-12-13T06:41:31.373+0000][151028][gc,phases   ] GC(906)   Pre Evacuate Collection Set: 0.4ms
[2022-12-13T06:41:31.373+0000][151028][gc,phases   ] GC(906)   Merge Heap Roots: 0.3ms
[2022-12-13T06:41:31.373+0000][151028][gc,phases   ] GC(906)   Evacuate Collection Set: 10.7ms
[2022-12-13T06:41:31.373+0000][151028][gc,phases   ] GC(906)   Post Evacuate Collection Set: 54.8ms
[2022-12-13T06:41:31.373+0000][151028][gc,phases   ] GC(906)   Other: 0.2ms
[2022-12-13T06:41:31.373+0000][151028][gc,age      ] GC(906) Age table with threshold 15 (max threshold 15)
[2022-12-13T06:41:31.373+0000][151028][gc,age      ] GC(906) - age   1:  187306248 bytes,  187306248 total
[2022-12-13T06:41:31.373+0000][151028][gc,age      ] GC(906) - age   2:       2224 bytes,  187308472 total
[2022-12-13T06:41:31.373+0000][151028][gc,age      ] GC(906) - age   3:       2880 bytes,  187311352 total
[2022-12-13T06:41:31.373+0000][151028][gc,heap     ] GC(906) Eden regions: 770->0(52)
[2022-12-13T06:41:31.373+0000][151028][gc,heap     ] GC(906) Survivor regions: 3->47(65)
[2022-12-13T06:41:31.373+0000][151028][gc,heap     ] GC(906) Old regions: 108->108
[2022-12-13T06:41:31.373+0000][151028][gc,heap     ] GC(906) Archive regions: 2->2
[2022-12-13T06:41:31.373+0000][151028][gc,heap     ] GC(906) Humongous regions: 1050->10
[2022-12-13T06:41:31.373+0000][151028][gc,metaspace] GC(906) Metaspace: 179854K(184448K)->179854K(184448K) NonClass: 157934K(160448K)->157934K(160448K) Class: 21919K(24000K)->21919K(24000K)
[2022-12-13T06:41:31.374+0000][151028][gc          ] GC(906) Pause Young (Prepare Mixed) (G1 Preventive Collection) 7727M->660M(7992M) 66.980ms
[2022-12-13T06:41:31.374+0000][151028][gc,cpu      ] GC(906) User=0.58s Sys=0.01s Real=0.07s
[2022-12-13T06:41:31.374+0000][151028][safepoint   ] Safepoint "G1CollectForAllocation", Time since last: 1506736400 ns, Reaching safepoint: 195100 ns, At safepoint: 67236100 ns, Total: 67431200 ns
[2022-12-13T06:41:31.549+0000][151028][gc,start    ] GC(907) Pause Young (Mixed) (G1 Evacuation Pause)
[2022-12-13T06:41:31.550+0000][151028][gc,task     ] GC(907) Using 10 workers of 10 for evacuation
[2022-12-13T06:41:31.550+0000][151028][gc,age      ] GC(907) Desired survivor size 27262976 bytes, new threshold 1 (max threshold 15)
[2022-12-13T06:41:31.568+0000][151028][gc,phases   ] GC(907)   Pre Evacuate Collection Set: 0.3ms
[2022-12-13T06:41:31.568+0000][151028][gc,phases   ] GC(907)   Merge Heap Roots: 0.2ms
[2022-12-13T06:41:31.568+0000][151028][gc,phases   ] GC(907)   Evacuate Collection Set: 13.5ms
[2022-12-13T06:41:31.568+0000][151028][gc,phases   ] GC(907)   Post Evacuate Collection Set: 3.8ms
[2022-12-13T06:41:31.568+0000][151028][gc,phases   ] GC(907)   Other: 0.2ms
[2022-12-13T06:41:31.568+0000][151028][gc,age      ] GC(907) Age table with threshold 1 (max threshold 15)
[2022-12-13T06:41:31.568+0000][151028][gc,age      ] GC(907) - age   1:   15983856 bytes,   15983856 total
[2022-12-13T06:41:31.568+0000][151028][gc,heap     ] GC(907) Eden regions: 52->0(1191)
[2022-12-13T06:41:31.568+0000][151028][gc,heap     ] GC(907) Survivor regions: 47->7(13)
[2022-12-13T06:41:31.568+0000][151028][gc,heap     ] GC(907) Old regions: 108->112
[2022-12-13T06:41:31.568+0000][151028][gc,heap     ] GC(907) Archive regions: 2->2
[2022-12-13T06:41:31.568+0000][151028][gc,heap     ] GC(907) Humongous regions: 11->10
[2022-12-13T06:41:31.568+0000][151028][gc,metaspace] GC(907) Metaspace: 179854K(184448K)->179854K(184448K) NonClass: 157934K(160448K)->157934K(160448K) Class: 21919K(24000K)->21919K(24000K)
[2022-12-13T06:41:31.568+0000][151028][gc          ] GC(907) Pause Young (Mixed) (G1 Evacuation Pause) 872M->517M(7992M) 18.431ms
[2022-12-13T06:41:31.568+0000][151028][gc,cpu      ] GC(907) User=0.15s Sys=0.01s Real=0.02s
[2022-12-13T06:41:31.568+0000][151028][safepoint   ] Safepoint "G1CollectForAllocation", Time since last: 175427200 ns, Reaching safepoint: 280600 ns, At safepoint: 18642400 ns, Total: 18923000 ns
[2022-12-13T06:41:31.588+0000][151028][gc,start    ] GC(908) Pause Young (Concurrent Start) (G1 Humongous Allocation)
[2022-12-13T06:41:31.588+0000][151028][gc,task     ] GC(908) Using 10 workers of 10 for evacuation
[2022-12-13T06:41:31.588+0000][151028][gc,age      ] GC(908) Desired survivor size 314572800 bytes, new threshold 15 (max threshold 15)
[2022-12-13T06:41:31.596+0000][151028][gc,phases   ] GC(908)   Pre Evacuate Collection Set: 0.8ms
[2022-12-13T06:41:31.596+0000][151028][gc,phases   ] GC(908)   Merge Heap Roots: 0.2ms
[2022-12-13T06:41:31.596+0000][151028][gc,phases   ] GC(908)   Evacuate Collection Set: 4.0ms
[2022-12-13T06:41:31.596+0000][151028][gc,phases   ] GC(908)   Post Evacuate Collection Set: 3.1ms
[2022-12-13T06:41:31.596+0000][151028][gc,phases   ] GC(908)   Other: 0.2ms
[2022-12-13T06:41:31.596+0000][151028][gc,age      ] GC(908) Age table with threshold 15 (max threshold 15)
[2022-12-13T06:41:31.596+0000][151028][gc,age      ] GC(908) - age   1:    1139248 bytes,    1139248 total
[2022-12-13T06:41:31.596+0000][151028][gc,age      ] GC(908) - age   2:    8941080 bytes,   10080328 total
[2022-12-13T06:41:31.596+0000][151028][gc,heap     ] GC(908) Eden regions: 6->0(1194)
[2022-12-13T06:41:31.596+0000][151028][gc,heap     ] GC(908) Survivor regions: 7->4(150)
[2022-12-13T06:41:31.597+0000][151028][gc,heap     ] GC(908) Old regions: 112->112
[2022-12-13T06:41:31.597+0000][151028][gc,heap     ] GC(908) Archive regions: 2->2
[2022-12-13T06:41:31.597+0000][151028][gc,heap     ] GC(908) Humongous regions: 10->10
[2022-12-13T06:41:31.597+0000][151028][gc,metaspace] GC(908) Metaspace: 179854K(184448K)->179854K(184448K) NonClass: 157934K(160448K)->157934K(160448K) Class: 21919K(24000K)->21919K(24000K)
[2022-12-13T06:41:31.597+0000][151028][gc          ] GC(908) Pause Young (Concurrent Start) (G1 Humongous Allocation) 541M->503M(7992M) 8.614ms
[2022-12-13T06:41:31.597+0000][151028][gc,cpu      ] GC(908) User=0.04s Sys=0.00s Real=0.01s
[2022-12-13T06:41:31.597+0000][151028][gc          ] GC(909) Concurrent Mark Cycle
[2022-12-13T06:41:31.597+0000][151028][gc,marking  ] GC(909) Concurrent Clear Claimed Marks
[2022-12-13T06:41:31.597+0000][151028][safepoint   ] Safepoint "G1TryInitiateConcMark", Time since last: 19543700 ns, Reaching safepoint: 275900 ns, At safepoint: 8889600 ns, Total: 9165500 ns
[2022-12-13T06:41:31.597+0000][151028][gc,marking  ] GC(909) Concurrent Clear Claimed Marks 0.334ms
[2022-12-13T06:41:31.597+0000][151028][gc,marking  ] GC(909) Concurrent Scan Root Regions
[2022-12-13T06:41:31.602+0000][151028][gc,marking  ] GC(909) Concurrent Scan Root Regions 4.676ms
[2022-12-13T06:41:31.602+0000][151028][gc,marking  ] GC(909) Concurrent Mark
[2022-12-13T06:41:31.602+0000][151028][gc,marking  ] GC(909) Concurrent Mark From Roots
[2022-12-13T06:41:31.602+0000][151028][gc,task     ] GC(909) Using 3 workers of 3 for marking
[2022-12-13T06:41:31.924+0000][151028][gc,marking  ] GC(909) Concurrent Mark From Roots 322.400ms
[2022-12-13T06:41:31.924+0000][151028][gc,marking  ] GC(909) Concurrent Preclean
[2022-12-13T06:41:31.925+0000][151028][gc,marking  ] GC(909) Concurrent Preclean 1.000ms
[2022-12-13T06:41:31.926+0000][151028][gc,start    ] GC(909) Pause Remark
[2022-12-13T06:41:31.940+0000][151028][gc          ] GC(909) Pause Remark 1059M->1059M(7992M) 14.497ms
[2022-12-13T06:41:31.940+0000][151028][gc,cpu      ] GC(909) User=0.11s Sys=0.01s Real=0.02s
[2022-12-13T06:41:31.940+0000][151028][safepoint   ] Safepoint "G1PauseRemark", Time since last: 328632400 ns, Reaching safepoint: 216300 ns, At safepoint: 14739000 ns, Total: 14955300 ns
[2022-12-13T06:41:31.940+0000][151028][gc,marking  ] GC(909) Concurrent Mark 338.658ms
[2022-12-13T06:41:31.941+0000][151028][gc,marking  ] GC(909) Concurrent Rebuild Remembered Sets
[2022-12-13T06:41:32.134+0000][151028][gc,marking  ] GC(909) Concurrent Rebuild Remembered Sets 193.426ms
[2022-12-13T06:41:32.148+0000][151028][gc,start    ] GC(909) Pause Cleanup
[2022-12-13T06:41:32.148+0000][151028][gc          ] GC(909) Pause Cleanup 1455M->1455M(7992M) 0.577ms
[2022-12-13T06:41:32.148+0000][151028][gc,cpu      ] GC(909) User=0.00s Sys=0.00s Real=0.00s
[2022-12-13T06:41:32.148+0000][151028][safepoint   ] Safepoint "G1PauseCleanup", Time since last: 193752700 ns, Reaching safepoint: 13311200 ns, At safepoint: 744700 ns, Total: 14055900 ns
[2022-12-13T06:41:32.148+0000][151028][gc,marking  ] GC(909) Concurrent Cleanup for Next Mark
[2022-12-13T06:41:32.179+0000][151028][gc,marking  ] GC(909) Concurrent Cleanup for Next Mark 30.257ms
[2022-12-13T06:41:32.179+0000][151028][gc          ] GC(909) Concurrent Mark Cycle 582.061ms
[2022-12-13T06:41:33.149+0000][151028][safepoint   ] Safepoint "Cleanup", Time since last: 1000217600 ns, Reaching safepoint: 232400 ns, At safepoint: 53300 ns, Total: 285700 ns
[2022-12-13T06:41:36.387+0000][151028][gc,start    ] GC(910) Pause Young (Prepare Mixed) (G1 Preventive Collection)
[2022-12-13T06:41:36.387+0000][151028][gc,task     ] GC(910) Using 10 workers of 10 for evacuation
[2022-12-13T06:41:36.387+0000][151028][gc,age      ] GC(910) Desired survivor size 314572800 bytes, new threshold 15 (max threshold 15)
[2022-12-13T06:41:36.432+0000][151028][gc,phases   ] GC(910)   Pre Evacuate Collection Set: 0.6ms
[2022-12-13T06:41:36.432+0000][151028][gc,phases   ] GC(910)   Merge Heap Roots: 0.4ms
[2022-12-13T06:41:36.432+0000][151028][gc,phases   ] GC(910)   Evacuate Collection Set: 2.8ms
[2022-12-13T06:41:36.432+0000][151028][gc,phases   ] GC(910)   Post Evacuate Collection Set: 41.6ms
[2022-12-13T06:41:36.432+0000][151028][gc,phases   ] GC(910)   Other: 0.2ms
[2022-12-13T06:41:36.432+0000][151028][gc,age      ] GC(910) Age table with threshold 15 (max threshold 15)
[2022-12-13T06:41:36.432+0000][151028][gc,age      ] GC(910) - age   1:  114227992 bytes,  114227992 total
[2022-12-13T06:41:36.432+0000][151028][gc,age      ] GC(910) - age   2:      25144 bytes,  114253136 total
[2022-12-13T06:41:36.432+0000][151028][gc,age      ] GC(910) - age   3:    2140576 bytes,  116393712 total
[2022-12-13T06:41:36.432+0000][151028][gc,heap     ] GC(910) Eden regions: 572->0(70)
[2022-12-13T06:41:36.432+0000][151028][gc,heap     ] GC(910) Survivor regions: 4->29(42)
[2022-12-13T06:41:36.432+0000][151028][gc,heap     ] GC(910) Old regions: 112->112
[2022-12-13T06:41:36.432+0000][151028][gc,heap     ] GC(910) Archive regions: 2->2
[2022-12-13T06:41:36.432+0000][151028][gc,heap     ] GC(910) Humongous regions: 1266->10
[2022-12-13T06:41:36.432+0000][151028][gc,metaspace] GC(910) Metaspace: 179871K(184448K)->179871K(184448K) NonClass: 157951K(160448K)->157951K(160448K) Class: 21919K(24000K)->21919K(24000K)
[2022-12-13T06:41:36.432+0000][151028][gc          ] GC(910) Pause Young (Prepare Mixed) (G1 Preventive Collection) 7812M->605M(7992M) 45.928ms
[2022-12-13T06:41:36.433+0000][151028][gc,cpu      ] GC(910) User=0.39s Sys=0.00s Real=0.05s
[2022-12-13T06:41:36.433+0000][151028][safepoint   ] Safepoint "G1CollectForAllocation", Time since last: 3237531500 ns, Reaching safepoint: 264400 ns, At safepoint: 46164600 ns, Total: 46429000 ns
[2022-12-13T06:41:37.009+0000][151028][gc,start    ] GC(911) Pause Young (Mixed) (G1 Evacuation Pause)
[2022-12-13T06:41:37.009+0000][151028][gc,task     ] GC(911) Using 10 workers of 10 for evacuation
[2022-12-13T06:41:37.009+0000][151028][gc,age      ] GC(911) Desired survivor size 27262976 bytes, new threshold 1 (max threshold 15)
[2022-12-13T06:41:37.025+0000][151028][gc,phases   ] GC(911)   Pre Evacuate Collection Set: 0.4ms
[2022-12-13T06:41:37.025+0000][151028][gc,phases   ] GC(911)   Merge Heap Roots: 0.2ms
[2022-12-13T06:41:37.025+0000][151028][gc,phases   ] GC(911)   Evacuate Collection Set: 9.2ms
[2022-12-13T06:41:37.025+0000][151028][gc,phases   ] GC(911)   Post Evacuate Collection Set: 6.3ms
[2022-12-13T06:41:37.025+0000][151028][gc,phases   ] GC(911)   Other: 0.2ms
[2022-12-13T06:41:37.025+0000][151028][gc,age      ] GC(911) Age table with threshold 1 (max threshold 15)
[2022-12-13T06:41:37.025+0000][151028][gc,age      ] GC(911) - age   1:   24579248 bytes,   24579248 total
[2022-12-13T06:41:37.025+0000][151028][gc,heap     ] GC(911) Eden regions: 70->0(1190)
[2022-12-13T06:41:37.025+0000][151028][gc,heap     ] GC(911) Survivor regions: 29->8(13)
[2022-12-13T06:41:37.025+0000][151028][gc,heap     ] GC(911) Old regions: 112->111
[2022-12-13T06:41:37.025+0000][151028][gc,heap     ] GC(911) Archive regions: 2->2
[2022-12-13T06:41:37.025+0000][151028][gc,heap     ] GC(911) Humongous regions: 216->43
[2022-12-13T06:41:37.025+0000][151028][gc,metaspace] GC(911) Metaspace: 179871K(184448K)->179871K(184448K) NonClass: 157951K(160448K)->157951K(160448K) Class: 21919K(24000K)->21919K(24000K)
[2022-12-13T06:41:37.025+0000][151028][gc          ] GC(911) Pause Young (Mixed) (G1 Evacuation Pause) 1709M->650M(7992M) 16.726ms
[2022-12-13T06:41:37.025+0000][151028][gc,cpu      ] GC(911) User=0.12s Sys=0.01s Real=0.02s
[2022-12-13T06:41:37.026+0000][151028][safepoint   ] Safepoint "G1CollectForAllocation", Time since last: 563836600 ns, Reaching safepoint: 12127100 ns, At safepoint: 16922500 ns, Total: 29049600 ns
[2022-12-13T06:41:37.421+0000][151028][gc,start    ] GC(912) Pause Young (Concurrent Start) (G1 Humongous Allocation)
[2022-12-13T06:41:37.421+0000][151028][gc,task     ] GC(912) Using 10 workers of 10 for evacuation
[2022-12-13T06:41:37.421+0000][151028][gc,age      ] GC(912) Desired survivor size 314572800 bytes, new threshold 15 (max threshold 15)
[2022-12-13T06:41:37.431+0000][151028][gc,phases   ] GC(912)   Pre Evacuate Collection Set: 0.9ms
[2022-12-13T06:41:37.432+0000][151028][gc,phases   ] GC(912)   Merge Heap Roots: 0.2ms
[2022-12-13T06:41:37.432+0000][151028][gc,phases   ] GC(912)   Evacuate Collection Set: 2.9ms
[2022-12-13T06:41:37.432+0000][151028][gc,phases   ] GC(912)   Post Evacuate Collection Set: 6.7ms
[2022-12-13T06:41:37.432+0000][151028][gc,phases   ] GC(912)   Other: 0.2ms
[2022-12-13T06:41:37.432+0000][151028][gc,age      ] GC(912) Age table with threshold 15 (max threshold 15)
[2022-12-13T06:41:37.432+0000][151028][gc,age      ] GC(912) - age   1:   10301504 bytes,   10301504 total
[2022-12-13T06:41:37.432+0000][151028][gc,age      ] GC(912) - age   2:    5964016 bytes,   16265520 total
[2022-12-13T06:41:37.432+0000][151028][gc,heap     ] GC(912) Eden regions: 55->0(1193)
[2022-12-13T06:41:37.432+0000][151028][gc,heap     ] GC(912) Survivor regions: 8->5(150)
[2022-12-13T06:41:37.432+0000][151028][gc,heap     ] GC(912) Old regions: 111->111
[2022-12-13T06:41:37.432+0000][151028][gc,heap     ] GC(912) Archive regions: 2->2
[2022-12-13T06:41:37.432+0000][151028][gc,heap     ] GC(912) Humongous regions: 43->4
[2022-12-13T06:41:37.432+0000][151028][gc,metaspace] GC(912) Metaspace: 179871K(184448K)->179871K(184448K) NonClass: 157951K(160448K)->157951K(160448K) Class: 21919K(24000K)->21919K(24000K)
[2022-12-13T06:41:37.432+0000][151028][gc          ] GC(912) Pause Young (Concurrent Start) (G1 Humongous Allocation) 867M->483M(7992M) 11.179ms
[2022-12-13T06:41:37.432+0000][151028][gc,cpu      ] GC(912) User=0.06s Sys=0.00s Real=0.01s
[2022-12-13T06:41:37.432+0000][151028][gc          ] GC(913) Concurrent Undo Cycle
[2022-12-13T06:41:37.432+0000][151028][safepoint   ] Safepoint "G1TryInitiateConcMark", Time since last: 394779600 ns, Reaching safepoint: 204900 ns, At safepoint: 11364400 ns, Total: 11569300 ns
[2022-12-13T06:41:37.432+0000][151028][gc,marking  ] GC(913) Concurrent Cleanup for Next Mark
[2022-12-13T06:41:37.433+0000][151028][gc,marking  ] GC(913) Concurrent Cleanup for Next Mark 0.988ms
[2022-12-13T06:41:37.433+0000][151028][gc          ] GC(913) Concurrent Undo Cycle 1.295ms
[2022-12-13T06:41:37.477+0000][151028][gc,start    ] GC(914) Pause Young (Concurrent Start) (G1 Humongous Allocation)
[2022-12-13T06:41:37.477+0000][151028][gc,task     ] GC(914) Using 10 workers of 10 for evacuation
[2022-12-13T06:41:37.477+0000][151028][gc,age      ] GC(914) Desired survivor size 314572800 bytes, new threshold 15 (max threshold 15)
[2022-12-13T06:41:37.485+0000][151028][gc,phases   ] GC(914)   Pre Evacuate Collection Set: 1.0ms
[2022-12-13T06:41:37.485+0000][151028][gc,phases   ] GC(914)   Merge Heap Roots: 0.3ms
[2022-12-13T06:41:37.485+0000][151028][gc,phases   ] GC(914)   Evacuate Collection Set: 4.9ms
[2022-12-13T06:41:37.485+0000][151028][gc,phases   ] GC(914)   Post Evacuate Collection Set: 1.9ms
[2022-12-13T06:41:37.485+0000][151028][gc,phases   ] GC(914)   Other: 0.2ms
[2022-12-13T06:41:37.485+0000][151028][gc,age      ] GC(914) Age table with threshold 15 (max threshold 15)
[2022-12-13T06:41:37.485+0000][151028][gc,age      ] GC(914) - age   1:    6563768 bytes,    6563768 total
[2022-12-13T06:41:37.485+0000][151028][gc,age      ] GC(914) - age   2:    3107032 bytes,    9670800 total
[2022-12-13T06:41:37.485+0000][151028][gc,age      ] GC(914) - age   3:     201832 bytes,    9872632 total
[2022-12-13T06:41:37.485+0000][151028][gc,heap     ] GC(914) Eden regions: 9->0(822)
[2022-12-13T06:41:37.485+0000][151028][gc,heap     ] GC(914) Survivor regions: 5->4(150)
[2022-12-13T06:41:37.485+0000][151028][gc,heap     ] GC(914) Old regions: 111->111
[2022-12-13T06:41:37.485+0000][151028][gc,heap     ] GC(914) Archive regions: 2->2
[2022-12-13T06:41:37.485+0000][151028][gc,heap     ] GC(914) Humongous regions: 37->4
[2022-12-13T06:41:37.485+0000][151028][gc,metaspace] GC(914) Metaspace: 179871K(184448K)->179871K(184448K) NonClass: 157951K(160448K)->157951K(160448K) Class: 21919K(24000K)->21919K(24000K)
[2022-12-13T06:41:37.485+0000][151028][gc          ] GC(914) Pause Young (Concurrent Start) (G1 Humongous Allocation) 650M->476M(7992M) 8.552ms
[2022-12-13T06:41:37.485+0000][151028][gc          ] GC(915) Concurrent Mark Cycle
[2022-12-13T06:41:37.485+0000][151028][gc,cpu      ] GC(914) User=0.04s Sys=0.00s Real=0.01s
[2022-12-13T06:41:37.486+0000][151028][gc,marking  ] GC(915) Concurrent Clear Claimed Marks
[2022-12-13T06:41:37.486+0000][151028][safepoint   ] Safepoint "G1TryInitiateConcMark", Time since last: 44487000 ns, Reaching safepoint: 420300 ns, At safepoint: 8841300 ns, Total: 9261600 ns
[2022-12-13T06:41:37.486+0000][151028][gc,marking  ] GC(915) Concurrent Clear Claimed Marks 0.328ms
[2022-12-13T06:41:37.486+0000][151028][gc,marking  ] GC(915) Concurrent Scan Root Regions
[2022-12-13T06:41:37.489+0000][151028][gc,marking  ] GC(915) Concurrent Scan Root Regions 2.830ms
[2022-12-13T06:41:37.489+0000][151028][gc,marking  ] GC(915) Concurrent Mark
[2022-12-13T06:41:37.489+0000][151028][gc,marking  ] GC(915) Concurrent Mark From Roots
[2022-12-13T06:41:37.489+0000][151028][gc,task     ] GC(915) Using 3 workers of 3 for marking
[2022-12-13T06:41:37.784+0000][151028][gc,marking  ] GC(915) Concurrent Mark From Roots 295.266ms
[2022-12-13T06:41:37.784+0000][151028][gc,marking  ] GC(915) Concurrent Preclean
[2022-12-13T06:41:37.785+0000][151028][gc,marking  ] GC(915) Concurrent Preclean 0.682ms
[2022-12-13T06:41:37.785+0000][151028][gc,start    ] GC(915) Pause Remark
[2022-12-13T06:41:37.802+0000][151028][gc          ] GC(915) Pause Remark 816M->804M(7992M) 16.730ms
[2022-12-13T06:41:37.802+0000][151028][gc,cpu      ] GC(915) User=0.13s Sys=0.01s Real=0.02s
[2022-12-13T06:41:37.802+0000][151028][safepoint   ] Safepoint "G1PauseRemark", Time since last: 299322000 ns, Reaching safepoint: 306000 ns, At safepoint: 17126100 ns, Total: 17432100 ns
[2022-12-13T06:41:37.803+0000][151028][gc,marking  ] GC(915) Concurrent Mark 313.715ms
[2022-12-13T06:41:37.803+0000][151028][gc,marking  ] GC(915) Concurrent Rebuild Remembered Sets
[2022-12-13T06:41:37.938+0000][151028][gc,marking  ] GC(915) Concurrent Rebuild Remembered Sets 135.115ms
[2022-12-13T06:41:37.938+0000][151028][gc,start    ] GC(915) Pause Cleanup
[2022-12-13T06:41:37.939+0000][151028][gc          ] GC(915) Pause Cleanup 894M->894M(7992M) 0.661ms
[2022-12-13T06:41:37.939+0000][151028][gc,cpu      ] GC(915) User=0.00s Sys=0.00s Real=0.00s
[2022-12-13T06:41:37.939+0000][151028][safepoint   ] Safepoint "G1PauseCleanup", Time since last: 135372800 ns, Reaching safepoint: 315200 ns, At safepoint: 876300 ns, Total: 1191500 ns
[2022-12-13T06:41:37.939+0000][151028][gc,marking  ] GC(915) Concurrent Cleanup for Next Mark
[2022-12-13T06:41:37.962+0000][151028][gc,marking  ] GC(915) Concurrent Cleanup for Next Mark 22.841ms
[2022-12-13T06:41:37.962+0000][151028][gc          ] GC(915) Concurrent Mark Cycle 476.481ms
[2022-12-13T06:41:41.940+0000][151028][safepoint   ] Safepoint "Cleanup", Time since last: 4000427800 ns, Reaching safepoint: 194600 ns, At safepoint: 11700 ns, Total: 206300 ns
[2022-12-13T06:41:44.940+0000][151028][safepoint   ] Safepoint "Cleanup", Time since last: 3000357600 ns, Reaching safepoint: 381900 ns, At safepoint: 56000 ns, Total: 437900 ns
[2022-12-13T06:41:45.810+0000][151028][gc,start    ] GC(916) Pause Young (Prepare Mixed) (G1 Preventive Collection)
[2022-12-13T06:41:45.810+0000][151028][gc,task     ] GC(916) Using 10 workers of 10 for evacuation
[2022-12-13T06:41:45.810+0000][151028][gc,age      ] GC(916) Desired survivor size 239075328 bytes, new threshold 15 (max threshold 15)
[2022-12-13T06:41:45.878+0000][151028][gc,phases   ] GC(916)   Pre Evacuate Collection Set: 0.5ms
[2022-12-13T06:41:45.878+0000][151028][gc,phases   ] GC(916)   Merge Heap Roots: 0.3ms
[2022-12-13T06:41:45.878+0000][151028][gc,phases   ] GC(916)   Evacuate Collection Set: 9.0ms
[2022-12-13T06:41:45.878+0000][151028][gc,phases   ] GC(916)   Post Evacuate Collection Set: 58.2ms
[2022-12-13T06:41:45.878+0000][151028][gc,phases   ] GC(916)   Other: 0.2ms
[2022-12-13T06:41:45.878+0000][151028][gc,age      ] GC(916) Age table with threshold 15 (max threshold 15)
[2022-12-13T06:41:45.878+0000][151028][gc,age      ] GC(916) - age   1:  204784792 bytes,  204784792 total
[2022-12-13T06:41:45.878+0000][151028][gc,age      ] GC(916) - age   2:     967080 bytes,  205751872 total
[2022-12-13T06:41:45.878+0000][151028][gc,age      ] GC(916) - age   3:       1248 bytes,  205753120 total
[2022-12-13T06:41:45.878+0000][151028][gc,age      ] GC(916) - age   4:       5424 bytes,  205758544 total
[2022-12-13T06:41:45.878+0000][151028][gc,heap     ] GC(916) Eden regions: 793->0(47)
[2022-12-13T06:41:45.878+0000][151028][gc,heap     ] GC(916) Survivor regions: 4->52(114)
[2022-12-13T06:41:45.879+0000][151028][gc,heap     ] GC(916) Old regions: 110->110
[2022-12-13T06:41:45.879+0000][151028][gc,heap     ] GC(916) Archive regions: 2->2
[2022-12-13T06:41:45.879+0000][151028][gc,heap     ] GC(916) Humongous regions: 851->5
[2022-12-13T06:41:45.879+0000][151028][gc,metaspace] GC(916) Metaspace: 179879K(184448K)->179879K(184448K) NonClass: 157959K(160448K)->157959K(160448K) Class: 21919K(24000K)->21919K(24000K)
[2022-12-13T06:41:45.879+0000][151028][gc          ] GC(916) Pause Young (Prepare Mixed) (G1 Preventive Collection) 7032M->667M(7992M) 68.496ms
[2022-12-13T06:41:45.879+0000][151028][gc,cpu      ] GC(916) User=0.63s Sys=0.01s Real=0.07s
[2022-12-13T06:41:45.879+0000][151028][safepoint   ] Safepoint "G1CollectForAllocation", Time since last: 869408700 ns, Reaching safepoint: 230400 ns, At safepoint: 68755200 ns, Total: 68985600 ns
[2022-12-13T06:41:46.408+0000][151028][safepoint   ] Safepoint "G1CollectForAllocation", Time since last: 528436800 ns, Reaching safepoint: 238700 ns, At safepoint: 42500 ns, Total: 281200 ns
[2022-12-13T06:41:46.408+0000][151028][gc,start    ] GC(917) Pause Young (Mixed) (GCLocker Initiated GC)
[2022-12-13T06:41:46.408+0000][151028][gc,task     ] GC(917) Using 10 workers of 10 for evacuation
[2022-12-13T06:41:46.408+0000][151028][gc,age      ] GC(917) Desired survivor size 27262976 bytes, new threshold 1 (max threshold 15)
[2022-12-13T06:41:46.422+0000][151028][gc,phases   ] GC(917)   Pre Evacuate Collection Set: 0.4ms
[2022-12-13T06:41:46.422+0000][151028][gc,phases   ] GC(917)   Merge Heap Roots: 0.2ms
[2022-12-13T06:41:46.422+0000][151028][gc,phases   ] GC(917)   Evacuate Collection Set: 5.7ms
[2022-12-13T06:41:46.422+0000][151028][gc,phases   ] GC(917)   Post Evacuate Collection Set: 7.5ms
[2022-12-13T06:41:46.422+0000][151028][gc,phases   ] GC(917)   Other: 0.2ms
[2022-12-13T06:41:46.422+0000][151028][gc,age      ] GC(917) Age table with threshold 1 (max threshold 15)
[2022-12-13T06:41:46.422+0000][151028][gc,age      ] GC(917) - age   1:   14442720 bytes,   14442720 total
[2022-12-13T06:41:46.422+0000][151028][gc,heap     ] GC(917) Eden regions: 47->0(1061)
[2022-12-13T06:41:46.422+0000][151028][gc,heap     ] GC(917) Survivor regions: 52->5(13)
[2022-12-13T06:41:46.422+0000][151028][gc,heap     ] GC(917) Old regions: 110->109
[2022-12-13T06:41:46.422+0000][151028][gc,heap     ] GC(917) Archive regions: 2->2
[2022-12-13T06:41:46.422+0000][151028][gc,heap     ] GC(917) Humongous regions: 104->2
[2022-12-13T06:41:46.422+0000][151028][gc,metaspace] GC(917) Metaspace: 179879K(184448K)->179879K(184448K) NonClass: 157959K(160448K)->157959K(160448K) Class: 21919K(24000K)->21919K(24000K)
[2022-12-13T06:41:46.422+0000][151028][gc          ] GC(917) Pause Young (Mixed) (GCLocker Initiated GC) 1251M->466M(7992M) 14.291ms
[2022-12-13T06:41:46.422+0000][151028][gc,cpu      ] GC(917) User=0.08s Sys=0.00s Real=0.02s
[2022-12-13T06:41:46.422+0000][151028][safepoint   ] Safepoint "G1CollectForAllocation", Time since last: 165700 ns, Reaching safepoint: 176400 ns, At safepoint: 14460200 ns, Total: 14636600 ns
[2022-12-13T06:41:47.377+0000][151028][gc,start    ] GC(918) Pause Young (Concurrent Start) (G1 Humongous Allocation)
[2022-12-13T06:41:47.377+0000][151028][gc,task     ] GC(918) Using 10 workers of 10 for evacuation
[2022-12-13T06:41:47.377+0000][151028][gc,age      ] GC(918) Desired survivor size 281018368 bytes, new threshold 15 (max threshold 15)
[2022-12-13T06:41:47.396+0000][151028][gc,phases   ] GC(918)   Pre Evacuate Collection Set: 0.9ms
[2022-12-13T06:41:47.396+0000][151028][gc,phases   ] GC(918)   Merge Heap Roots: 0.2ms
[2022-12-13T06:41:47.396+0000][151028][gc,phases   ] GC(918)   Evacuate Collection Set: 3.5ms
[2022-12-13T06:41:47.396+0000][151028][gc,phases   ] GC(918)   Post Evacuate Collection Set: 13.9ms
[2022-12-13T06:41:47.396+0000][151028][gc,phases   ] GC(918)   Other: 0.1ms
[2022-12-13T06:41:47.396+0000][151028][gc,age      ] GC(918) Age table with threshold 15 (max threshold 15)
[2022-12-13T06:41:47.396+0000][151028][gc,age      ] GC(918) - age   1:   38741352 bytes,   38741352 total
[2022-12-13T06:41:47.396+0000][151028][gc,age      ] GC(918) - age   2:     936120 bytes,   39677472 total
[2022-12-13T06:41:47.396+0000][151028][gc,heap     ] GC(918) Eden regions: 107->0(1079)
[2022-12-13T06:41:47.396+0000][151028][gc,heap     ] GC(918) Survivor regions: 5->11(134)
[2022-12-13T06:41:47.396+0000][151028][gc,heap     ] GC(918) Old regions: 109->109
[2022-12-13T06:41:47.396+0000][151028][gc,heap     ] GC(918) Archive regions: 2->2
[2022-12-13T06:41:47.396+0000][151028][gc,heap     ] GC(918) Humongous regions: 148->35
[2022-12-13T06:41:47.396+0000][151028][gc,metaspace] GC(918) Metaspace: 179879K(184448K)->179879K(184448K) NonClass: 157959K(160448K)->157959K(160448K) Class: 21919K(24000K)->21919K(24000K)
[2022-12-13T06:41:47.396+0000][151028][gc          ] GC(918) Pause Young (Concurrent Start) (G1 Humongous Allocation) 1474M->619M(7992M) 19.060ms
[2022-12-13T06:41:47.396+0000][151028][gc,cpu      ] GC(918) User=0.14s Sys=0.01s Real=0.02s
[2022-12-13T06:41:47.396+0000][151028][gc          ] GC(919) Concurrent Undo Cycle
[2022-12-13T06:41:47.396+0000][151028][safepoint   ] Safepoint "G1TryInitiateConcMark", Time since last: 928218000 ns, Reaching safepoint: 26460200 ns, At safepoint: 19324900 ns, Total: 45785100 ns
[2022-12-13T06:41:47.396+0000][151028][gc,marking  ] GC(919) Concurrent Cleanup for Next Mark
[2022-12-13T06:41:47.397+0000][151028][gc,marking  ] GC(919) Concurrent Cleanup for Next Mark 0.845ms
[2022-12-13T06:41:47.397+0000][151028][gc          ] GC(919) Concurrent Undo Cycle 1.179ms
[2022-12-13T06:41:47.472+0000][151028][gc,start    ] GC(920) Pause Young (Concurrent Start) (G1 Humongous Allocation)
[2022-12-13T06:41:47.472+0000][151028][gc,task     ] GC(920) Using 10 workers of 10 for evacuation
[2022-12-13T06:41:47.472+0000][151028][gc,age      ] GC(920) Desired survivor size 287309824 bytes, new threshold 15 (max threshold 15)
[2022-12-13T06:41:47.478+0000][151028][gc,phases   ] GC(920)   Pre Evacuate Collection Set: 0.8ms
[2022-12-13T06:41:47.478+0000][151028][gc,phases   ] GC(920)   Merge Heap Roots: 0.2ms
[2022-12-13T06:41:47.478+0000][151028][gc,phases   ] GC(920)   Evacuate Collection Set: 2.4ms
[2022-12-13T06:41:47.478+0000][151028][gc,phases   ] GC(920)   Post Evacuate Collection Set: 3.0ms
[2022-12-13T06:41:47.478+0000][151028][gc,phases   ] GC(920)   Other: 0.1ms
[2022-12-13T06:41:47.479+0000][151028][gc,age      ] GC(920) Age table with threshold 15 (max threshold 15)
[2022-12-13T06:41:47.479+0000][151028][gc,age      ] GC(920) - age   1:    4700272 bytes,    4700272 total
[2022-12-13T06:41:47.479+0000][151028][gc,age      ] GC(920) - age   2:     622688 bytes,    5322960 total
[2022-12-13T06:41:47.479+0000][151028][gc,age      ] GC(920) - age   3:     271152 bytes,    5594112 total
[2022-12-13T06:41:47.479+0000][151028][gc,heap     ] GC(920) Eden regions: 18->0(1186)
[2022-12-13T06:41:47.479+0000][151028][gc,heap     ] GC(920) Survivor regions: 11->2(137)
[2022-12-13T06:41:47.479+0000][151028][gc,heap     ] GC(920) Old regions: 109->109
[2022-12-13T06:41:47.479+0000][151028][gc,heap     ] GC(920) Archive regions: 2->2
[2022-12-13T06:41:47.479+0000][151028][gc,heap     ] GC(920) Humongous regions: 68->2
[2022-12-13T06:41:47.479+0000][151028][gc,metaspace] GC(920) Metaspace: 179879K(184448K)->179879K(184448K) NonClass: 157959K(160448K)->157959K(160448K) Class: 21919K(24000K)->21919K(24000K)
[2022-12-13T06:41:47.479+0000][151028][gc          ] GC(920) Pause Young (Concurrent Start) (G1 Humongous Allocation) 821M->453M(7992M) 6.947ms
[2022-12-13T06:41:47.479+0000][151028][gc          ] GC(921) Concurrent Mark Cycle
[2022-12-13T06:41:47.479+0000][151028][gc,cpu      ] GC(920) User=0.03s Sys=0.00s Real=0.01s
[2022-12-13T06:41:47.479+0000][151028][gc,marking  ] GC(921) Concurrent Clear Claimed Marks
[2022-12-13T06:41:47.479+0000][151028][safepoint   ] Safepoint "G1TryInitiateConcMark", Time since last: 75102300 ns, Reaching safepoint: 256900 ns, At safepoint: 7213200 ns, Total: 7470100 ns
[2022-12-13T06:41:47.479+0000][151028][gc,marking  ] GC(921) Concurrent Clear Claimed Marks 0.436ms
[2022-12-13T06:41:47.479+0000][151028][gc,marking  ] GC(921) Concurrent Scan Root Regions
[2022-12-13T06:41:47.483+0000][151028][gc,marking  ] GC(921) Concurrent Scan Root Regions 3.705ms
[2022-12-13T06:41:47.483+0000][151028][gc,marking  ] GC(921) Concurrent Mark
[2022-12-13T06:41:47.483+0000][151028][gc,marking  ] GC(921) Concurrent Mark From Roots
[2022-12-13T06:41:47.483+0000][151028][gc,task     ] GC(921) Using 3 workers of 3 for marking
[2022-12-13T06:41:47.737+0000][151028][gc,marking  ] GC(921) Concurrent Mark From Roots 254.056ms
[2022-12-13T06:41:47.737+0000][151028][gc,marking  ] GC(921) Concurrent Preclean
[2022-12-13T06:41:47.738+0000][151028][gc,marking  ] GC(921) Concurrent Preclean 0.547ms
[2022-12-13T06:41:47.738+0000][151028][gc,start    ] GC(921) Pause Remark
[2022-12-13T06:41:47.751+0000][151028][gc          ] GC(921) Pause Remark 811M->809M(7992M) 13.393ms
[2022-12-13T06:41:47.752+0000][151028][gc,cpu      ] GC(921) User=0.11s Sys=0.00s Real=0.01s
[2022-12-13T06:41:47.752+0000][151028][safepoint   ] Safepoint "G1PauseRemark", Time since last: 258917500 ns, Reaching safepoint: 220000 ns, At safepoint: 13572600 ns, Total: 13792600 ns
[2022-12-13T06:41:47.752+0000][151028][gc,marking  ] GC(921) Concurrent Mark 268.644ms
[2022-12-13T06:41:47.752+0000][151028][gc,marking  ] GC(921) Concurrent Rebuild Remembered Sets
[2022-12-13T06:41:47.873+0000][151028][gc,marking  ] GC(921) Concurrent Rebuild Remembered Sets 121.306ms
[2022-12-13T06:41:47.873+0000][151028][gc,start    ] GC(921) Pause Cleanup
[2022-12-13T06:41:47.874+0000][151028][gc          ] GC(921) Pause Cleanup 960M->960M(7992M) 0.449ms
[2022-12-13T06:41:47.874+0000][151028][gc,cpu      ] GC(921) User=0.01s Sys=0.00s Real=0.00s
[2022-12-13T06:41:47.874+0000][151028][safepoint   ] Safepoint "G1PauseCleanup", Time since last: 121533500 ns, Reaching safepoint: 215200 ns, At safepoint: 566000 ns, Total: 781200 ns
[2022-12-13T06:41:47.874+0000][151028][gc,marking  ] GC(921) Concurrent Cleanup for Next Mark
[2022-12-13T06:41:47.898+0000][151028][gc,marking  ] GC(921) Concurrent Cleanup for Next Mark 24.417ms
[2022-12-13T06:41:47.898+0000][151028][gc          ] GC(921) Concurrent Mark Cycle 419.753ms
[2022-12-13T06:41:49.874+0000][151028][safepoint   ] Safepoint "Cleanup", Time since last: 2000245400 ns, Reaching safepoint: 288400 ns, At safepoint: 41600 ns, Total: 330000 ns
[2022-12-13T06:41:50.876+0000][151028][safepoint   ] Safepoint "Cleanup", Time since last: 1000497700 ns, Reaching safepoint: 507200 ns, At safepoint: 29400 ns, Total: 536600 ns
[2022-12-13T06:41:52.876+0000][151028][safepoint   ] Safepoint "Cleanup", Time since last: 2000257400 ns, Reaching safepoint: 277700 ns, At safepoint: 52100 ns, Total: 329800 ns
[2022-12-13T06:41:54.877+0000][151028][safepoint   ] Safepoint "Cleanup", Time since last: 2000245200 ns, Reaching safepoint: 199400 ns, At safepoint: 14400 ns, Total: 213800 ns
[2022-12-13T06:41:55.937+0000][151028][gc,start    ] GC(922) Pause Young (Prepare Mixed) (G1 Preventive Collection)
[2022-12-13T06:41:55.937+0000][151028][gc,task     ] GC(922) Using 10 workers of 10 for evacuation
[2022-12-13T06:41:55.937+0000][151028][gc,age      ] GC(922) Desired survivor size 312475648 bytes, new threshold 15 (max threshold 15)
[2022-12-13T06:41:56.002+0000][151028][gc,phases   ] GC(922)   Pre Evacuate Collection Set: 0.5ms
[2022-12-13T06:41:56.002+0000][151028][gc,phases   ] GC(922)   Merge Heap Roots: 0.3ms
[2022-12-13T06:41:56.002+0000][151028][gc,phases   ] GC(922)   Evacuate Collection Set: 8.7ms
[2022-12-13T06:41:56.002+0000][151028][gc,phases   ] GC(922)   Post Evacuate Collection Set: 55.4ms
[2022-12-13T06:41:56.002+0000][151028][gc,phases   ] GC(922)   Other: 0.3ms
[2022-12-13T06:41:56.002+0000][151028][gc,age      ] GC(922) Age table with threshold 15 (max threshold 15)
[2022-12-13T06:41:56.002+0000][151028][gc,age      ] GC(922) - age   1:  194991568 bytes,  194991568 total
[2022-12-13T06:41:56.002+0000][151028][gc,age      ] GC(922) - age   2:        544 bytes,  194992112 total
[2022-12-13T06:41:56.002+0000][151028][gc,age      ] GC(922) - age   3:     134944 bytes,  195127056 total
[2022-12-13T06:41:56.002+0000][151028][gc,age      ] GC(922) - age   4:      37000 bytes,  195164056 total
[2022-12-13T06:41:56.002+0000][151028][gc,heap     ] GC(922) Eden regions: 1034->0(51)
[2022-12-13T06:41:56.002+0000][151028][gc,heap     ] GC(922) Survivor regions: 2->48(149)
[2022-12-13T06:41:56.002+0000][151028][gc,heap     ] GC(922) Old regions: 108->108
[2022-12-13T06:41:56.002+0000][151028][gc,heap     ] GC(922) Archive regions: 2->2
[2022-12-13T06:41:56.002+0000][151028][gc,heap     ] GC(922) Humongous regions: 677->5
[2022-12-13T06:41:56.002+0000][151028][gc,metaspace] GC(922) Metaspace: 179883K(184448K)->179883K(184448K) NonClass: 157963K(160448K)->157963K(160448K) Class: 21919K(24000K)->21919K(24000K)
[2022-12-13T06:41:56.002+0000][151028][gc          ] GC(922) Pause Young (Prepare Mixed) (G1 Preventive Collection) 7287M->647M(7992M) 65.491ms
[2022-12-13T06:41:56.002+0000][151028][gc,cpu      ] GC(922) User=0.59s Sys=0.02s Real=0.07s
[2022-12-13T06:41:56.002+0000][151028][safepoint   ] Safepoint "G1CollectForAllocation", Time since last: 1060041800 ns, Reaching safepoint: 190000 ns, At safepoint: 65690400 ns, Total: 65880400 ns
[2022-12-13T06:41:56.576+0000][151028][gc,start    ] GC(923) Pause Young (Mixed) (G1 Evacuation Pause)
[2022-12-13T06:41:56.576+0000][151028][gc,task     ] GC(923) Using 10 workers of 10 for evacuation
[2022-12-13T06:41:56.576+0000][151028][gc,age      ] GC(923) Desired survivor size 27262976 bytes, new threshold 1 (max threshold 15)
[2022-12-13T06:41:56.589+0000][151028][gc,phases   ] GC(923)   Pre Evacuate Collection Set: 0.5ms
[2022-12-13T06:41:56.589+0000][151028][gc,phases   ] GC(923)   Merge Heap Roots: 0.3ms
[2022-12-13T06:41:56.589+0000][151028][gc,phases   ] GC(923)   Evacuate Collection Set: 7.9ms
[2022-12-13T06:41:56.589+0000][151028][gc,phases   ] GC(923)   Post Evacuate Collection Set: 4.6ms
[2022-12-13T06:41:56.590+0000][151028][gc,phases   ] GC(923)   Other: 0.2ms
[2022-12-13T06:41:56.590+0000][151028][gc,age      ] GC(923) Age table with threshold 1 (max threshold 15)
[2022-12-13T06:41:56.590+0000][151028][gc,age      ] GC(923) - age   1:   13036736 bytes,   13036736 total
[2022-12-13T06:41:56.590+0000][151028][gc,heap     ] GC(923) Eden regions: 51->0(1192)
[2022-12-13T06:41:56.590+0000][151028][gc,heap     ] GC(923) Survivor regions: 48->6(13)
[2022-12-13T06:41:56.590+0000][151028][gc,heap     ] GC(923) Old regions: 108->108
[2022-12-13T06:41:56.590+0000][151028][gc,heap     ] GC(923) Archive regions: 2->2
[2022-12-13T06:41:56.590+0000][151028][gc,heap     ] GC(923) Humongous regions: 5->2
[2022-12-13T06:41:56.590+0000][151028][gc,metaspace] GC(923) Metaspace: 179885K(184512K)->179885K(184512K) NonClass: 157965K(160512K)->157965K(160512K) Class: 21919K(24000K)->21919K(24000K)
[2022-12-13T06:41:56.590+0000][151028][gc          ] GC(923) Pause Young (Mixed) (G1 Evacuation Pause) 851M->466M(7992M) 13.866ms
[2022-12-13T06:41:56.590+0000][151028][gc,cpu      ] GC(923) User=0.09s Sys=0.01s Real=0.01s
[2022-12-13T06:41:56.590+0000][151028][safepoint   ] Safepoint "G1CollectForAllocation", Time since last: 572985900 ns, Reaching safepoint: 285800 ns, At safepoint: 14072500 ns, Total: 14358300 ns
[2022-12-13T06:42:01.297+0000][151028][safepoint   ] Safepoint "G1TryInitiateConcMark", Time since last: 4706550400 ns, Reaching safepoint: 294700 ns, At safepoint: 71000 ns, Total: 365700 ns
[2022-12-13T06:42:01.297+0000][151028][gc,start    ] GC(924) Pause Young (Concurrent Start) (G1 Humongous Allocation)
[2022-12-13T06:42:01.297+0000][151028][gc,task     ] GC(924) Using 10 workers of 10 for evacuation
[2022-12-13T06:42:01.297+0000][151028][gc,age      ] GC(924) Desired survivor size 314572800 bytes, new threshold 15 (max threshold 15)
[2022-12-13T06:42:01.319+0000][151028][gc,phases   ] GC(924)   Pre Evacuate Collection Set: 0.8ms
[2022-12-13T06:42:01.319+0000][151028][gc,phases   ] GC(924)   Merge Heap Roots: 0.2ms
[2022-12-13T06:42:01.319+0000][151028][gc,phases   ] GC(924)   Evacuate Collection Set: 4.8ms
[2022-12-13T06:42:01.319+0000][151028][gc,phases   ] GC(924)   Post Evacuate Collection Set: 15.5ms
[2022-12-13T06:42:01.319+0000][151028][gc,phases   ] GC(924)   Other: 0.2ms
[2022-12-13T06:42:01.319+0000][151028][gc,age      ] GC(924) Age table with threshold 15 (max threshold 15)
[2022-12-13T06:42:01.319+0000][151028][gc,age      ] GC(924) - age   1:   56487304 bytes,   56487304 total
[2022-12-13T06:42:01.319+0000][151028][gc,age      ] GC(924) - age   2:     498360 bytes,   56985664 total
[2022-12-13T06:42:01.319+0000][151028][gc,heap     ] GC(924) Eden regions: 278->0(1182)
[2022-12-13T06:42:01.319+0000][151028][gc,heap     ] GC(924) Survivor regions: 6->16(150)
[2022-12-13T06:42:01.319+0000][151028][gc,heap     ] GC(924) Old regions: 108->108
[2022-12-13T06:42:01.319+0000][151028][gc,heap     ] GC(924) Archive regions: 2->2
[2022-12-13T06:42:01.319+0000][151028][gc,heap     ] GC(924) Humongous regions: 255->4
[2022-12-13T06:42:01.319+0000][151028][gc,metaspace] GC(924) Metaspace: 179885K(184512K)->179885K(184512K) NonClass: 157965K(160512K)->157965K(160512K) Class: 21919K(24000K)->21919K(24000K)
[2022-12-13T06:42:01.319+0000][151028][gc          ] GC(924) Pause Young (Concurrent Start) (G1 Humongous Allocation) 2589M->512M(7992M) 21.802ms
[2022-12-13T06:42:01.319+0000][151028][gc          ] GC(925) Concurrent Undo Cycle
[2022-12-13T06:42:01.319+0000][151028][gc,cpu      ] GC(924) User=0.17s Sys=0.00s Real=0.03s
[2022-12-13T06:42:01.319+0000][151028][gc,marking  ] GC(925) Concurrent Cleanup for Next Mark
[2022-12-13T06:42:01.319+0000][151028][safepoint   ] Safepoint "G1TryInitiateConcMark", Time since last: 151700 ns, Reaching safepoint: 249600 ns, At safepoint: 22096300 ns, Total: 22345900 ns
[2022-12-13T06:42:01.320+0000][151028][gc,marking  ] GC(925) Concurrent Cleanup for Next Mark 1.025ms
[2022-12-13T06:42:01.320+0000][151028][gc          ] GC(925) Concurrent Undo Cycle 1.186ms
[2022-12-13T06:42:01.595+0000][151028][gc,start    ] GC(926) Pause Young (Concurrent Start) (G1 Humongous Allocation)
[2022-12-13T06:42:01.595+0000][151028][gc,task     ] GC(926) Using 10 workers of 10 for evacuation
[2022-12-13T06:42:01.595+0000][151028][gc,age      ] GC(926) Desired survivor size 314572800 bytes, new threshold 15 (max threshold 15)
[2022-12-13T06:42:01.608+0000][151028][gc,phases   ] GC(926)   Pre Evacuate Collection Set: 0.9ms
[2022-12-13T06:42:01.608+0000][151028][gc,phases   ] GC(926)   Merge Heap Roots: 0.2ms
[2022-12-13T06:42:01.608+0000][151028][gc,phases   ] GC(926)   Evacuate Collection Set: 3.5ms
[2022-12-13T06:42:01.608+0000][151028][gc,phases   ] GC(926)   Post Evacuate Collection Set: 8.2ms
[2022-12-13T06:42:01.608+0000][151028][gc,phases   ] GC(926)   Other: 0.2ms
[2022-12-13T06:42:01.608+0000][151028][gc,age      ] GC(926) Age table with threshold 15 (max threshold 15)
[2022-12-13T06:42:01.608+0000][151028][gc,age      ] GC(926) - age   1:    6547480 bytes,    6547480 total
[2022-12-13T06:42:01.608+0000][151028][gc,age      ] GC(926) - age   2:     860664 bytes,    7408144 total
[2022-12-13T06:42:01.608+0000][151028][gc,age      ] GC(926) - age   3:     497896 bytes,    7906040 total
[2022-12-13T06:42:01.608+0000][151028][gc,heap     ] GC(926) Eden regions: 30->0(1195)
[2022-12-13T06:42:01.608+0000][151028][gc,heap     ] GC(926) Survivor regions: 16->3(150)
[2022-12-13T06:42:01.608+0000][151028][gc,heap     ] GC(926) Old regions: 108->108
[2022-12-13T06:42:01.608+0000][151028][gc,heap     ] GC(926) Archive regions: 2->2
[2022-12-13T06:42:01.608+0000][151028][gc,heap     ] GC(926) Humongous regions: 37->2
[2022-12-13T06:42:01.608+0000][151028][gc,metaspace] GC(926) Metaspace: 179885K(184512K)->179885K(184512K) NonClass: 157965K(160512K)->157965K(160512K) Class: 21919K(24000K)->21919K(24000K)
[2022-12-13T06:42:01.608+0000][151028][gc          ] GC(926) Pause Young (Concurrent Start) (G1 Humongous Allocation) 763M->452M(7992M) 13.349ms
[2022-12-13T06:42:01.609+0000][151028][gc          ] GC(927) Concurrent Mark Cycle
[2022-12-13T06:42:01.609+0000][151028][gc,cpu      ] GC(926) User=0.05s Sys=0.00s Real=0.01s
[2022-12-13T06:42:01.609+0000][151028][gc,marking  ] GC(927) Concurrent Clear Claimed Marks
[2022-12-13T06:42:01.609+0000][151028][safepoint   ] Safepoint "G1TryInitiateConcMark", Time since last: 275519100 ns, Reaching safepoint: 318000 ns, At safepoint: 13640500 ns, Total: 13958500 ns
[2022-12-13T06:42:01.609+0000][151028][gc,marking  ] GC(927) Concurrent Clear Claimed Marks 0.603ms
[2022-12-13T06:42:01.609+0000][151028][gc,marking  ] GC(927) Concurrent Scan Root Regions
[2022-12-13T06:42:01.614+0000][151028][gc,marking  ] GC(927) Concurrent Scan Root Regions 4.631ms
[2022-12-13T06:42:01.614+0000][151028][gc,marking  ] GC(927) Concurrent Mark
[2022-12-13T06:42:01.614+0000][151028][gc,marking  ] GC(927) Concurrent Mark From Roots
[2022-12-13T06:42:01.614+0000][151028][gc,task     ] GC(927) Using 3 workers of 3 for marking
[2022-12-13T06:42:01.929+0000][151028][gc,marking  ] GC(927) Concurrent Mark From Roots 314.673ms
[2022-12-13T06:42:01.929+0000][151028][gc,marking  ] GC(927) Concurrent Preclean
[2022-12-13T06:42:01.930+0000][151028][gc,marking  ] GC(927) Concurrent Preclean 0.713ms
[2022-12-13T06:42:01.930+0000][151028][gc,start    ] GC(927) Pause Remark
[2022-12-13T06:42:01.944+0000][151028][gc          ] GC(927) Pause Remark 834M->834M(7992M) 14.027ms
[2022-12-13T06:42:01.944+0000][151028][gc,cpu      ] GC(927) User=0.12s Sys=0.00s Real=0.02s
[2022-12-13T06:42:01.944+0000][151028][safepoint   ] Safepoint "G1PauseRemark", Time since last: 320847700 ns, Reaching safepoint: 344500 ns, At safepoint: 14232100 ns, Total: 14576600 ns
[2022-12-13T06:42:01.944+0000][151028][gc,marking  ] GC(927) Concurrent Mark 330.231ms
[2022-12-13T06:42:01.944+0000][151028][gc,marking  ] GC(927) Concurrent Rebuild Remembered Sets
[2022-12-13T06:42:02.087+0000][151028][gc,marking  ] GC(927) Concurrent Rebuild Remembered Sets 142.218ms
[2022-12-13T06:42:02.087+0000][151028][gc,start    ] GC(927) Pause Cleanup
[2022-12-13T06:42:02.087+0000][151028][gc          ] GC(927) Pause Cleanup 870M->870M(7992M) 0.431ms
[2022-12-13T06:42:02.087+0000][151028][gc,cpu      ] GC(927) User=0.00s Sys=0.00s Real=0.00s
[2022-12-13T06:42:02.087+0000][151028][safepoint   ] Safepoint "G1PauseCleanup", Time since last: 142467500 ns, Reaching safepoint: 212000 ns, At safepoint: 526900 ns, Total: 738900 ns
[2022-12-13T06:42:02.087+0000][151028][gc,marking  ] GC(927) Concurrent Cleanup for Next Mark
[2022-12-13T06:42:02.107+0000][151028][gc,marking  ] GC(927) Concurrent Cleanup for Next Mark 19.406ms
[2022-12-13T06:42:02.107+0000][151028][gc          ] GC(927) Concurrent Mark Cycle 498.377ms
[2022-12-13T06:42:03.088+0000][151028][safepoint   ] Safepoint "Cleanup", Time since last: 1000184300 ns, Reaching safepoint: 197800 ns, At safepoint: 64800 ns, Total: 262600 ns
[2022-12-13T06:42:08.089+0000][151028][safepoint   ] Safepoint "Cleanup", Time since last: 5000595300 ns, Reaching safepoint: 194400 ns, At safepoint: 24900 ns, Total: 219300 ns
[2022-12-13T06:42:13.310+0000][151028][gc,start    ] GC(928) Pause Young (Prepare Mixed) (G1 Preventive Collection)
[2022-12-13T06:42:13.310+0000][151028][gc,task     ] GC(928) Using 10 workers of 10 for evacuation
[2022-12-13T06:42:13.310+0000][151028][gc,age      ] GC(928) Desired survivor size 314572800 bytes, new threshold 15 (max threshold 15)
[2022-12-13T06:42:13.394+0000][151028][gc,phases   ] GC(928)   Pre Evacuate Collection Set: 0.6ms
[2022-12-13T06:42:13.394+0000][151028][gc,phases   ] GC(928)   Merge Heap Roots: 0.3ms
[2022-12-13T06:42:13.394+0000][151028][gc,phases   ] GC(928)   Evacuate Collection Set: 7.0ms
[2022-12-13T06:42:13.394+0000][151028][gc,phases   ] GC(928)   Post Evacuate Collection Set: 75.5ms
[2022-12-13T06:42:13.394+0000][151028][gc,phases   ] GC(928)   Other: 0.2ms
[2022-12-13T06:42:13.394+0000][151028][gc,age      ] GC(928) Age table with threshold 15 (max threshold 15)
[2022-12-13T06:42:13.394+0000][151028][gc,age      ] GC(928) - age   1:  238075752 bytes,  238075752 total
[2022-12-13T06:42:13.394+0000][151028][gc,age      ] GC(928) - age   2:     758840 bytes,  238834592 total
[2022-12-13T06:42:13.394+0000][151028][gc,age      ] GC(928) - age   3:     151280 bytes,  238985872 total
[2022-12-13T06:42:13.394+0000][151028][gc,age      ] GC(928) - age   4:     477992 bytes,  239463864 total
[2022-12-13T06:42:13.394+0000][151028][gc,heap     ] GC(928) Eden regions: 1096->0(40)
[2022-12-13T06:42:13.394+0000][151028][gc,heap     ] GC(928) Survivor regions: 3->59(150)
[2022-12-13T06:42:13.394+0000][151028][gc,heap     ] GC(928) Old regions: 108->108
[2022-12-13T06:42:13.394+0000][151028][gc,heap     ] GC(928) Archive regions: 2->2
[2022-12-13T06:42:13.394+0000][151028][gc,heap     ] GC(928) Humongous regions: 627->2
[2022-12-13T06:42:13.394+0000][151028][gc,metaspace] GC(928) Metaspace: 179889K(184512K)->179889K(184512K) NonClass: 157969K(160512K)->157969K(160512K) Class: 21919K(24000K)->21919K(24000K)
[2022-12-13T06:42:13.394+0000][151028][gc          ] GC(928) Pause Young (Prepare Mixed) (G1 Preventive Collection) 7336M->678M(7992M) 83.987ms
[2022-12-13T06:42:13.394+0000][151028][gc,cpu      ] GC(928) User=0.76s Sys=0.02s Real=0.08s
[2022-12-13T06:42:13.394+0000][151028][safepoint   ] Safepoint "G1CollectForAllocation", Time since last: 5221392100 ns, Reaching safepoint: 243600 ns, At safepoint: 84201200 ns, Total: 84444800 ns
[2022-12-13T06:42:13.800+0000][151028][gc,start    ] GC(929) Pause Young (Mixed) (G1 Evacuation Pause)
[2022-12-13T06:42:13.800+0000][151028][gc,task     ] GC(929) Using 10 workers of 10 for evacuation
[2022-12-13T06:42:13.800+0000][151028][gc,age      ] GC(929) Desired survivor size 27262976 bytes, new threshold 1 (max threshold 15)
[2022-12-13T06:42:13.813+0000][151028][gc,phases   ] GC(929)   Pre Evacuate Collection Set: 0.5ms
[2022-12-13T06:42:13.813+0000][151028][gc,phases   ] GC(929)   Merge Heap Roots: 0.3ms
[2022-12-13T06:42:13.813+0000][151028][gc,phases   ] GC(929)   Evacuate Collection Set: 9.2ms
[2022-12-13T06:42:13.813+0000][151028][gc,phases   ] GC(929)   Post Evacuate Collection Set: 3.0ms
[2022-12-13T06:42:13.813+0000][151028][gc,phases   ] GC(929)   Other: 0.2ms
[2022-12-13T06:42:13.813+0000][151028][gc,age      ] GC(929) Age table with threshold 1 (max threshold 15)
[2022-12-13T06:42:13.813+0000][151028][gc,age      ] GC(929) - age   1:   16493720 bytes,   16493720 total
[2022-12-13T06:42:13.813+0000][151028][gc,heap     ] GC(929) Eden regions: 40->0(1191)
[2022-12-13T06:42:13.813+0000][151028][gc,heap     ] GC(929) Survivor regions: 59->7(13)
[2022-12-13T06:42:13.813+0000][151028][gc,heap     ] GC(929) Old regions: 108->108
[2022-12-13T06:42:13.813+0000][151028][gc,heap     ] GC(929) Archive regions: 2->2
[2022-12-13T06:42:13.813+0000][151028][gc,heap     ] GC(929) Humongous regions: 68->2
[2022-12-13T06:42:13.813+0000][151028][gc,metaspace] GC(929) Metaspace: 179889K(184512K)->179889K(184512K) NonClass: 157969K(160512K)->157969K(160512K) Class: 21919K(24000K)->21919K(24000K)
[2022-12-13T06:42:13.813+0000][151028][gc          ] GC(929) Pause Young (Mixed) (G1 Evacuation Pause) 1102M->468M(7992M) 13.521ms
[2022-12-13T06:42:13.814+0000][151028][gc,cpu      ] GC(929) User=0.10s Sys=0.00s Real=0.01s
[2022-12-13T06:42:13.814+0000][151028][safepoint   ] Safepoint "G1CollectForAllocation", Time since last: 405091400 ns, Reaching safepoint: 346900 ns, At safepoint: 13687200 ns, Total: 14034100 ns
[2022-12-13T06:42:14.814+0000][151028][safepoint   ] Safepoint "Cleanup", Time since last: 1000145000 ns, Reaching safepoint: 196400 ns, At safepoint: 11600 ns, Total: 208000 ns
[2022-12-13T06:42:16.388+0000][151028][gc,start    ] GC(930) Pause Young (Concurrent Start) (G1 Humongous Allocation)
[2022-12-13T06:42:16.388+0000][151028][gc,task     ] GC(930) Using 10 workers of 10 for evacuation
[2022-12-13T06:42:16.388+0000][151028][gc,age      ] GC(930) Desired survivor size 314572800 bytes, new threshold 15 (max threshold 15)
[2022-12-13T06:42:16.426+0000][151028][gc,phases   ] GC(930)   Pre Evacuate Collection Set: 6.0ms
[2022-12-13T06:42:16.426+0000][151028][gc,phases   ] GC(930)   Merge Heap Roots: 0.3ms
[2022-12-13T06:42:16.426+0000][151028][gc,phases   ] GC(930)   Evacuate Collection Set: 8.0ms
[2022-12-13T06:42:16.426+0000][151028][gc,phases   ] GC(930)   Post Evacuate Collection Set: 23.7ms
[2022-12-13T06:42:16.426+0000][151028][gc,phases   ] GC(930)   Other: 0.1ms
[2022-12-13T06:42:16.426+0000][151028][gc,age      ] GC(930) Age table with threshold 15 (max threshold 15)
[2022-12-13T06:42:16.426+0000][151028][gc,age      ] GC(930) - age   1:   54886776 bytes,   54886776 total
[2022-12-13T06:42:16.427+0000][151028][gc,age      ] GC(930) - age   2:    1439000 bytes,   56325776 total
[2022-12-13T06:42:16.427+0000][151028][gc,heap     ] GC(930) Eden regions: 360->0(1183)
[2022-12-13T06:42:16.427+0000][151028][gc,heap     ] GC(930) Survivor regions: 7->15(150)
[2022-12-13T06:42:16.427+0000][151028][gc,heap     ] GC(930) Old regions: 108->108
[2022-12-13T06:42:16.427+0000][151028][gc,heap     ] GC(930) Archive regions: 2->2
[2022-12-13T06:42:16.427+0000][151028][gc,heap     ] GC(930) Humongous regions: 316->2
[2022-12-13T06:42:16.427+0000][151028][gc,metaspace] GC(930) Metaspace: 179891K(184512K)->179891K(184512K) NonClass: 157971K(160512K)->157971K(160512K) Class: 21919K(24000K)->21919K(24000K)
[2022-12-13T06:42:16.427+0000][151028][gc          ] GC(930) Pause Young (Concurrent Start) (G1 Humongous Allocation) 3162M->498M(7992M) 38.459ms
[2022-12-13T06:42:16.427+0000][151028][gc          ] GC(931) Concurrent Undo Cycle
[2022-12-13T06:42:16.427+0000][151028][gc,cpu      ] GC(930) User=0.23s Sys=0.00s Real=0.04s
[2022-12-13T06:42:16.427+0000][151028][gc,marking  ] GC(931) Concurrent Cleanup for Next Mark
[2022-12-13T06:42:16.427+0000][151028][safepoint   ] Safepoint "G1TryInitiateConcMark", Time since last: 1573896100 ns, Reaching safepoint: 298200 ns, At safepoint: 38792700 ns, Total: 39090900 ns
[2022-12-13T06:42:16.428+0000][151028][gc,marking  ] GC(931) Concurrent Cleanup for Next Mark 1.006ms
[2022-12-13T06:42:16.428+0000][151028][gc          ] GC(931) Concurrent Undo Cycle 1.137ms
[2022-12-13T06:42:17.032+0000][151028][gc,start    ] GC(932) Pause Young (Concurrent Start) (G1 Humongous Allocation)
[2022-12-13T06:42:17.032+0000][151028][gc,task     ] GC(932) Using 10 workers of 10 for evacuation
[2022-12-13T06:42:17.032+0000][151028][gc,age      ] GC(932) Desired survivor size 314572800 bytes, new threshold 15 (max threshold 15)
[2022-12-13T06:42:17.043+0000][151028][gc,phases   ] GC(932)   Pre Evacuate Collection Set: 0.8ms
[2022-12-13T06:42:17.043+0000][151028][gc,phases   ] GC(932)   Merge Heap Roots: 0.2ms
[2022-12-13T06:42:17.043+0000][151028][gc,phases   ] GC(932)   Evacuate Collection Set: 3.8ms
[2022-12-13T06:42:17.043+0000][151028][gc,phases   ] GC(932)   Post Evacuate Collection Set: 5.2ms
[2022-12-13T06:42:17.043+0000][151028][gc,phases   ] GC(932)   Other: 0.1ms
[2022-12-13T06:42:17.043+0000][151028][gc,age      ] GC(932) Age table with threshold 15 (max threshold 15)
[2022-12-13T06:42:17.043+0000][151028][gc,age      ] GC(932) - age   1:   14571440 bytes,   14571440 total
[2022-12-13T06:42:17.043+0000][151028][gc,age      ] GC(932) - age   2:    1366496 bytes,   15937936 total
[2022-12-13T06:42:17.043+0000][151028][gc,age      ] GC(932) - age   3:      22536 bytes,   15960472 total
[2022-12-13T06:42:17.043+0000][151028][gc,heap     ] GC(932) Eden regions: 75->0(1192)
[2022-12-13T06:42:17.043+0000][151028][gc,heap     ] GC(932) Survivor regions: 15->6(150)
[2022-12-13T06:42:17.043+0000][151028][gc,heap     ] GC(932) Old regions: 108->108
[2022-12-13T06:42:17.043+0000][151028][gc,heap     ] GC(932) Archive regions: 2->2
[2022-12-13T06:42:17.043+0000][151028][gc,heap     ] GC(932) Humongous regions: 35->2
[2022-12-13T06:42:17.043+0000][151028][gc,metaspace] GC(932) Metaspace: 179891K(184512K)->179891K(184512K) NonClass: 157971K(160512K)->157971K(160512K) Class: 21919K(24000K)->21919K(24000K)
[2022-12-13T06:42:17.043+0000][151028][gc          ] GC(932) Pause Young (Concurrent Start) (G1 Humongous Allocation) 928M->462M(7992M) 10.545ms
[2022-12-13T06:42:17.043+0000][151028][gc,cpu      ] GC(932) User=0.06s Sys=0.01s Real=0.01s
[2022-12-13T06:42:17.043+0000][151028][gc          ] GC(933) Concurrent Mark Cycle
[2022-12-13T06:42:17.043+0000][151028][gc,marking  ] GC(933) Concurrent Clear Claimed Marks
[2022-12-13T06:42:17.043+0000][151028][safepoint   ] Safepoint "G1TryInitiateConcMark", Time since last: 605136800 ns, Reaching safepoint: 191900 ns, At safepoint: 10736100 ns, Total: 10928000 ns
[2022-12-13T06:42:17.043+0000][151028][gc,marking  ] GC(933) Concurrent Clear Claimed Marks 0.457ms
[2022-12-13T06:42:17.043+0000][151028][gc,marking  ] GC(933) Concurrent Scan Root Regions
[2022-12-13T06:42:17.049+0000][151028][gc,marking  ] GC(933) Concurrent Scan Root Regions 5.665ms
[2022-12-13T06:42:17.049+0000][151028][gc,marking  ] GC(933) Concurrent Mark
[2022-12-13T06:42:17.049+0000][151028][gc,marking  ] GC(933) Concurrent Mark From Roots
[2022-12-13T06:42:17.049+0000][151028][gc,task     ] GC(933) Using 3 workers of 3 for marking
[2022-12-13T06:42:17.398+0000][151028][gc,marking  ] GC(933) Concurrent Mark From Roots 349.152ms
[2022-12-13T06:42:17.399+0000][151028][gc,marking  ] GC(933) Concurrent Preclean
[2022-12-13T06:42:17.400+0000][151028][gc,marking  ] GC(933) Concurrent Preclean 1.332ms
[2022-12-13T06:42:17.405+0000][151028][gc,start    ] GC(933) Pause Remark
[2022-12-13T06:42:17.419+0000][151028][gc          ] GC(933) Pause Remark 1220M->1220M(7992M) 13.990ms
[2022-12-13T06:42:17.419+0000][151028][gc,cpu      ] GC(933) User=0.11s Sys=0.01s Real=0.02s
[2022-12-13T06:42:17.419+0000][151028][safepoint   ] Safepoint "G1PauseRemark", Time since last: 357009500 ns, Reaching safepoint: 4528500 ns, At safepoint: 14205100 ns, Total: 18733600 ns
[2022-12-13T06:42:17.419+0000][151028][gc,marking  ] GC(933) Concurrent Mark 369.594ms
[2022-12-13T06:42:17.419+0000][151028][gc,marking  ] GC(933) Concurrent Rebuild Remembered Sets
[2022-12-13T06:42:17.560+0000][151028][gc,marking  ] GC(933) Concurrent Rebuild Remembered Sets 141.524ms
[2022-12-13T06:42:17.561+0000][151028][gc,start    ] GC(933) Pause Cleanup
[2022-12-13T06:42:17.561+0000][151028][gc          ] GC(933) Pause Cleanup 1474M->1474M(7992M) 0.445ms
[2022-12-13T06:42:17.561+0000][151028][gc,cpu      ] GC(933) User=0.00s Sys=0.00s Real=0.00s
[2022-12-13T06:42:17.561+0000][151028][safepoint   ] Safepoint "G1PauseCleanup", Time since last: 141751100 ns, Reaching safepoint: 291600 ns, At safepoint: 543200 ns, Total: 834800 ns
[2022-12-13T06:42:17.561+0000][151028][gc,marking  ] GC(933) Concurrent Cleanup for Next Mark
[2022-12-13T06:42:17.588+0000][151028][gc,marking  ] GC(933) Concurrent Cleanup for Next Mark 26.904ms
[2022-12-13T06:42:17.588+0000][151028][gc          ] GC(933) Concurrent Mark Cycle 545.500ms
[2022-12-13T06:42:19.562+0000][151028][safepoint   ] Safepoint "Cleanup", Time since last: 2000251000 ns, Reaching safepoint: 199900 ns, At safepoint: 38300 ns, Total: 238200 ns
[2022-12-13T06:42:22.563+0000][151028][safepoint   ] Safepoint "Cleanup", Time since last: 3000452200 ns, Reaching safepoint: 308900 ns, At safepoint: 32200 ns, Total: 341100 ns
[2022-12-13T06:42:23.563+0000][151028][safepoint   ] Safepoint "Cleanup", Time since last: 1000168400 ns, Reaching safepoint: 259900 ns, At safepoint: 30500 ns, Total: 290400 ns
[2022-12-13T06:42:24.576+0000][151028][safepoint   ] Safepoint "Cleanup", Time since last: 1000188700 ns, Reaching safepoint: 12215500 ns, At safepoint: 89600 ns, Total: 12305100 ns
[2022-12-13T06:42:24.754+0000][151028][gc,start    ] GC(934) Pause Young (Prepare Mixed) (G1 Preventive Collection)
[2022-12-13T06:42:24.754+0000][151028][gc,task     ] GC(934) Using 10 workers of 10 for evacuation
[2022-12-13T06:42:24.754+0000][151028][gc,age      ] GC(934) Desired survivor size 314572800 bytes, new threshold 15 (max threshold 15)
[2022-12-13T06:42:24.807+0000][151028][gc,phases   ] GC(934)   Pre Evacuate Collection Set: 0.5ms
[2022-12-13T06:42:24.807+0000][151028][gc,phases   ] GC(934)   Merge Heap Roots: 0.4ms
[2022-12-13T06:42:24.807+0000][151028][gc,phases   ] GC(934)   Evacuate Collection Set: 4.8ms
[2022-12-13T06:42:24.807+0000][151028][gc,phases   ] GC(934)   Post Evacuate Collection Set: 47.4ms
[2022-12-13T06:42:24.807+0000][151028][gc,phases   ] GC(934)   Other: 0.2ms
[2022-12-13T06:42:24.807+0000][151028][gc,age      ] GC(934) Age table with threshold 15 (max threshold 15)
[2022-12-13T06:42:24.807+0000][151028][gc,age      ] GC(934) - age   1:  141140400 bytes,  141140400 total
[2022-12-13T06:42:24.807+0000][151028][gc,age      ] GC(934) - age   2:    2139056 bytes,  143279456 total
[2022-12-13T06:42:24.807+0000][151028][gc,age      ] GC(934) - age   3:     110328 bytes,  143389784 total
[2022-12-13T06:42:24.807+0000][151028][gc,age      ] GC(934) - age   4:       2240 bytes,  143392024 total
[2022-12-13T06:42:24.807+0000][151028][gc,heap     ] GC(934) Eden regions: 596->0(63)
[2022-12-13T06:42:24.807+0000][151028][gc,heap     ] GC(934) Survivor regions: 6->36(55)
[2022-12-13T06:42:24.807+0000][151028][gc,heap     ] GC(934) Old regions: 108->108
[2022-12-13T06:42:24.807+0000][151028][gc,heap     ] GC(934) Archive regions: 2->2
[2022-12-13T06:42:24.807+0000][151028][gc,heap     ] GC(934) Humongous regions: 1231->4
[2022-12-13T06:42:24.807+0000][151028][gc,metaspace] GC(934) Metaspace: 179928K(184512K)->179928K(184512K) NonClass: 158004K(160512K)->158004K(160512K) Class: 21924K(24000K)->21924K(24000K)
[2022-12-13T06:42:24.807+0000][151028][gc          ] GC(934) Pause Young (Prepare Mixed) (G1 Preventive Collection) 7762M->591M(7992M) 53.617ms
[2022-12-13T06:42:24.807+0000][151028][gc,cpu      ] GC(934) User=0.45s Sys=0.02s Real=0.05s
[2022-12-13T06:42:24.807+0000][151028][safepoint   ] Safepoint "G1CollectForAllocation", Time since last: 177654700 ns, Reaching safepoint: 319100 ns, At safepoint: 53830700 ns, Total: 54149800 ns
[2022-12-13T06:42:25.526+0000][151028][gc,start    ] GC(935) Pause Young (Mixed) (G1 Evacuation Pause)
[2022-12-13T06:42:25.526+0000][151028][gc,task     ] GC(935) Using 10 workers of 10 for evacuation
[2022-12-13T06:42:25.526+0000][151028][gc,age      ] GC(935) Desired survivor size 27262976 bytes, new threshold 1 (max threshold 15)
[2022-12-13T06:42:25.537+0000][151028][gc,phases   ] GC(935)   Pre Evacuate Collection Set: 0.4ms
[2022-12-13T06:42:25.537+0000][151028][gc,phases   ] GC(935)   Merge Heap Roots: 0.3ms
[2022-12-13T06:42:25.537+0000][151028][gc,phases   ] GC(935)   Evacuate Collection Set: 6.2ms
[2022-12-13T06:42:25.537+0000][151028][gc,phases   ] GC(935)   Post Evacuate Collection Set: 3.5ms
[2022-12-13T06:42:25.537+0000][151028][gc,phases   ] GC(935)   Other: 0.2ms
[2022-12-13T06:42:25.537+0000][151028][gc,age      ] GC(935) Age table with threshold 1 (max threshold 15)
[2022-12-13T06:42:25.537+0000][151028][gc,age      ] GC(935) - age   1:    7613248 bytes,    7613248 total
[2022-12-13T06:42:25.537+0000][151028][gc,heap     ] GC(935) Eden regions: 63->0(1194)
[2022-12-13T06:42:25.537+0000][151028][gc,heap     ] GC(935) Survivor regions: 36->4(13)
[2022-12-13T06:42:25.537+0000][151028][gc,heap     ] GC(935) Old regions: 108->106
[2022-12-13T06:42:25.537+0000][151028][gc,heap     ] GC(935) Archive regions: 2->2
[2022-12-13T06:42:25.537+0000][151028][gc,heap     ] GC(935) Humongous regions: 250->2
[2022-12-13T06:42:25.537+0000][151028][gc,metaspace] GC(935) Metaspace: 179928K(184512K)->179928K(184512K) NonClass: 158004K(160512K)->158004K(160512K) Class: 21924K(24000K)->21924K(24000K)
[2022-12-13T06:42:25.537+0000][151028][gc          ] GC(935) Pause Young (Mixed) (G1 Evacuation Pause) 1827M->447M(7992M) 10.913ms
[2022-12-13T06:42:25.537+0000][151028][gc,cpu      ] GC(935) User=0.07s Sys=0.00s Real=0.01s
[2022-12-13T06:42:25.537+0000][151028][safepoint   ] Safepoint "G1CollectForAllocation", Time since last: 718658400 ns, Reaching safepoint: 288500 ns, At safepoint: 11145100 ns, Total: 11433600 ns
[2022-12-13T06:42:26.538+0000][151028][safepoint   ] Safepoint "Cleanup", Time since last: 1000166700 ns, Reaching safepoint: 271000 ns, At safepoint: 40000 ns, Total: 311000 ns
[2022-12-13T06:42:27.049+0000][151028][gc,start    ] GC(936) Pause Young (Concurrent Start) (G1 Humongous Allocation)
[2022-12-13T06:42:27.049+0000][151028][gc,task     ] GC(936) Using 10 workers of 10 for evacuation
[2022-12-13T06:42:27.049+0000][151028][gc,age      ] GC(936) Desired survivor size 314572800 bytes, new threshold 15 (max threshold 15)
[2022-12-13T06:42:27.060+0000][151028][gc,phases   ] GC(936)   Pre Evacuate Collection Set: 0.8ms
[2022-12-13T06:42:27.060+0000][151028][gc,phases   ] GC(936)   Merge Heap Roots: 0.4ms
[2022-12-13T06:42:27.060+0000][151028][gc,phases   ] GC(936)   Evacuate Collection Set: 2.9ms
[2022-12-13T06:42:27.060+0000][151028][gc,phases   ] GC(936)   Post Evacuate Collection Set: 6.6ms
[2022-12-13T06:42:27.060+0000][151028][gc,phases   ] GC(936)   Other: 0.1ms
[2022-12-13T06:42:27.060+0000][151028][gc,age      ] GC(936) Age table with threshold 15 (max threshold 15)
[2022-12-13T06:42:27.060+0000][151028][gc,age      ] GC(936) - age   1:   13728688 bytes,   13728688 total
[2022-12-13T06:42:27.060+0000][151028][gc,age      ] GC(936) - age   2:    2212840 bytes,   15941528 total
[2022-12-13T06:42:27.060+0000][151028][gc,heap     ] GC(936) Eden regions: 93->0(1193)
[2022-12-13T06:42:27.060+0000][151028][gc,heap     ] GC(936) Survivor regions: 4->5(150)
[2022-12-13T06:42:27.060+0000][151028][gc,heap     ] GC(936) Old regions: 106->106
[2022-12-13T06:42:27.060+0000][151028][gc,heap     ] GC(936) Archive regions: 2->2
[2022-12-13T06:42:27.060+0000][151028][gc,heap     ] GC(936) Humongous regions: 412->2
[2022-12-13T06:42:27.060+0000][151028][gc,metaspace] GC(936) Metaspace: 179929K(184512K)->179929K(184512K) NonClass: 158005K(160512K)->158005K(160512K) Class: 21924K(24000K)->21924K(24000K)
[2022-12-13T06:42:27.060+0000][151028][gc          ] GC(936) Pause Young (Concurrent Start) (G1 Humongous Allocation) 2455M->451M(7992M) 11.226ms
[2022-12-13T06:42:27.060+0000][151028][gc          ] GC(937) Concurrent Undo Cycle
[2022-12-13T06:42:27.060+0000][151028][gc,cpu      ] GC(936) User=0.06s Sys=0.00s Real=0.02s
[2022-12-13T06:42:27.060+0000][151028][gc,marking  ] GC(937) Concurrent Cleanup for Next Mark
[2022-12-13T06:42:27.061+0000][151028][safepoint   ] Safepoint "G1TryInitiateConcMark", Time since last: 510872300 ns, Reaching safepoint: 273500 ns, At safepoint: 11470100 ns, Total: 11743600 ns
[2022-12-13T06:42:27.061+0000][151028][gc,marking  ] GC(937) Concurrent Cleanup for Next Mark 0.818ms
[2022-12-13T06:42:27.061+0000][151028][gc          ] GC(937) Concurrent Undo Cycle 0.991ms
[2022-12-13T06:42:27.187+0000][151028][gc,start    ] GC(938) Pause Young (Concurrent Start) (G1 Humongous Allocation)
[2022-12-13T06:42:27.187+0000][151028][gc,task     ] GC(938) Using 10 workers of 10 for evacuation
[2022-12-13T06:42:27.187+0000][151028][gc,age      ] GC(938) Desired survivor size 314572800 bytes, new threshold 15 (max threshold 15)
[2022-12-13T06:42:27.194+0000][151028][gc,phases   ] GC(938)   Pre Evacuate Collection Set: 0.7ms
[2022-12-13T06:42:27.194+0000][151028][gc,phases   ] GC(938)   Merge Heap Roots: 0.2ms
[2022-12-13T06:42:27.194+0000][151028][gc,phases   ] GC(938)   Evacuate Collection Set: 2.8ms
[2022-12-13T06:42:27.194+0000][151028][gc,phases   ] GC(938)   Post Evacuate Collection Set: 2.2ms
[2022-12-13T06:42:27.194+0000][151028][gc,phases   ] GC(938)   Other: 0.1ms
[2022-12-13T06:42:27.194+0000][151028][gc,age      ] GC(938) Age table with threshold 15 (max threshold 15)
[2022-12-13T06:42:27.194+0000][151028][gc,age      ] GC(938) - age   1:    4830584 bytes,    4830584 total
[2022-12-13T06:42:27.194+0000][151028][gc,age      ] GC(938) - age   2:     421344 bytes,    5251928 total
[2022-12-13T06:42:27.194+0000][151028][gc,age      ] GC(938) - age   3:    1591184 bytes,    6843112 total
[2022-12-13T06:42:27.194+0000][151028][gc,heap     ] GC(938) Eden regions: 18->0(1196)
[2022-12-13T06:42:27.194+0000][151028][gc,heap     ] GC(938) Survivor regions: 5->2(150)
[2022-12-13T06:42:27.194+0000][151028][gc,heap     ] GC(938) Old regions: 106->106
[2022-12-13T06:42:27.194+0000][151028][gc,heap     ] GC(938) Archive regions: 2->2
[2022-12-13T06:42:27.194+0000][151028][gc,heap     ] GC(938) Humongous regions: 35->2
[2022-12-13T06:42:27.194+0000][151028][gc,metaspace] GC(938) Metaspace: 179929K(184512K)->179929K(184512K) NonClass: 158005K(160512K)->158005K(160512K) Class: 21924K(24000K)->21924K(24000K)
[2022-12-13T06:42:27.194+0000][151028][gc          ] GC(938) Pause Young (Concurrent Start) (G1 Humongous Allocation) 652M->441M(7992M) 6.407ms
[2022-12-13T06:42:27.194+0000][151028][gc          ] GC(939) Concurrent Mark Cycle
[2022-12-13T06:42:27.194+0000][151028][gc,marking  ] GC(939) Concurrent Clear Claimed Marks
[2022-12-13T06:42:27.194+0000][151028][gc,cpu      ] GC(938) User=0.03s Sys=0.00s Real=0.01s
[2022-12-13T06:42:27.194+0000][151028][safepoint   ] Safepoint "G1TryInitiateConcMark", Time since last: 126562800 ns, Reaching safepoint: 189100 ns, At safepoint: 6655400 ns, Total: 6844500 ns
[2022-12-13T06:42:27.194+0000][151028][gc,marking  ] GC(939) Concurrent Clear Claimed Marks 0.376ms
[2022-12-13T06:42:27.194+0000][151028][gc,marking  ] GC(939) Concurrent Scan Root Regions
[2022-12-13T06:42:27.197+0000][151028][gc,marking  ] GC(939) Concurrent Scan Root Regions 2.954ms
[2022-12-13T06:42:27.197+0000][151028][gc,marking  ] GC(939) Concurrent Mark
[2022-12-13T06:42:27.197+0000][151028][gc,marking  ] GC(939) Concurrent Mark From Roots
[2022-12-13T06:42:27.197+0000][151028][gc,task     ] GC(939) Using 3 workers of 3 for marking
[2022-12-13T06:42:27.449+0000][151028][gc,marking  ] GC(939) Concurrent Mark From Roots 251.798ms
[2022-12-13T06:42:27.449+0000][151028][gc,marking  ] GC(939) Concurrent Preclean
[2022-12-13T06:42:27.450+0000][151028][gc,marking  ] GC(939) Concurrent Preclean 0.598ms
[2022-12-13T06:42:27.450+0000][151028][gc,start    ] GC(939) Pause Remark
[2022-12-13T06:42:27.463+0000][151028][gc          ] GC(939) Pause Remark 747M->747M(7992M) 13.261ms
[2022-12-13T06:42:27.464+0000][151028][gc,cpu      ] GC(939) User=0.11s Sys=0.00s Real=0.01s
[2022-12-13T06:42:27.464+0000][151028][safepoint   ] Safepoint "G1PauseRemark", Time since last: 255896700 ns, Reaching safepoint: 262500 ns, At safepoint: 13535500 ns, Total: 13798000 ns
[2022-12-13T06:42:27.464+0000][151028][gc,marking  ] GC(939) Concurrent Mark 266.431ms
[2022-12-13T06:42:27.464+0000][151028][gc,marking  ] GC(939) Concurrent Rebuild Remembered Sets
[2022-12-13T06:42:27.594+0000][151028][gc,marking  ] GC(939) Concurrent Rebuild Remembered Sets 130.331ms
[2022-12-13T06:42:27.606+0000][151028][gc,start    ] GC(939) Pause Cleanup
[2022-12-13T06:42:27.607+0000][151028][gc          ] GC(939) Pause Cleanup 894M->894M(7992M) 0.532ms
[2022-12-13T06:42:27.607+0000][151028][gc,cpu      ] GC(939) User=0.00s Sys=0.00s Real=0.00s
[2022-12-13T06:42:27.607+0000][151028][safepoint   ] Safepoint "G1PauseCleanup", Time since last: 130619000 ns, Reaching safepoint: 12141000 ns, At safepoint: 690100 ns, Total: 12831100 ns
[2022-12-13T06:42:27.607+0000][151028][gc,marking  ] GC(939) Concurrent Cleanup for Next Mark
[2022-12-13T06:42:27.640+0000][151028][gc,marking  ] GC(939) Concurrent Cleanup for Next Mark 33.196ms
[2022-12-13T06:42:27.640+0000][151028][gc          ] GC(939) Concurrent Mark Cycle 446.632ms
[2022-12-13T06:42:29.163+0000][151028][safepoint   ] Safepoint "Cleanup", Time since last: 1555439900 ns, Reaching safepoint: 193000 ns, At safepoint: 24900 ns, Total: 217900 ns
[2022-12-13T06:42:30.163+0000][151028][safepoint   ] Safepoint "Cleanup", Time since last: 1000153800 ns, Reaching safepoint: 276600 ns, At safepoint: 39600 ns, Total: 316200 ns
[2022-12-13T06:42:31.164+0000][151028][safepoint   ] Safepoint "Cleanup", Time since last: 1000150800 ns, Reaching safepoint: 192800 ns, At safepoint: 11600 ns, Total: 204400 ns
[2022-12-13T06:42:33.236+0000][151028][gc,start    ] GC(940) Pause Young (Prepare Mixed) (G1 Preventive Collection)
[2022-12-13T06:42:33.236+0000][151028][gc,task     ] GC(940) Using 10 workers of 10 for evacuation
[2022-12-13T06:42:33.236+0000][151028][gc,age      ] GC(940) Desired survivor size 314572800 bytes, new threshold 15 (max threshold 15)
[2022-12-13T06:42:33.289+0000][151028][gc,phases   ] GC(940)   Pre Evacuate Collection Set: 0.5ms
[2022-12-13T06:42:33.290+0000][151028][gc,phases   ] GC(940)   Merge Heap Roots: 0.4ms
[2022-12-13T06:42:33.290+0000][151028][gc,phases   ] GC(940)   Evacuate Collection Set: 5.5ms
[2022-12-13T06:42:33.290+0000][151028][gc,phases   ] GC(940)   Post Evacuate Collection Set: 46.9ms
[2022-12-13T06:42:33.290+0000][151028][gc,phases   ] GC(940)   Other: 0.3ms
[2022-12-13T06:42:33.290+0000][151028][gc,age      ] GC(940) Age table with threshold 15 (max threshold 15)
[2022-12-13T06:42:33.290+0000][151028][gc,age      ] GC(940) - age   1:  103770960 bytes,  103770960 total
[2022-12-13T06:42:33.290+0000][151028][gc,age      ] GC(940) - age   2:      36848 bytes,  103807808 total
[2022-12-13T06:42:33.290+0000][151028][gc,age      ] GC(940) - age   3:     129536 bytes,  103937344 total
[2022-12-13T06:42:33.290+0000][151028][gc,age      ] GC(940) - age   4:    1577608 bytes,  105514952 total
[2022-12-13T06:42:33.290+0000][151028][gc,heap     ] GC(940) Eden regions: 585->0(72)
[2022-12-13T06:42:33.290+0000][151028][gc,heap     ] GC(940) Survivor regions: 2->27(83)
[2022-12-13T06:42:33.290+0000][151028][gc,heap     ] GC(940) Old regions: 106->106
[2022-12-13T06:42:33.290+0000][151028][gc,heap     ] GC(940) Archive regions: 2->2
[2022-12-13T06:42:33.290+0000][151028][gc,heap     ] GC(940) Humongous regions: 1220->2
[2022-12-13T06:42:33.290+0000][151028][gc,metaspace] GC(940) Metaspace: 179931K(184512K)->179931K(184512K) NonClass: 158007K(160512K)->158007K(160512K) Class: 21924K(24000K)->21924K(24000K)
[2022-12-13T06:42:33.290+0000][151028][gc          ] GC(940) Pause Young (Prepare Mixed) (G1 Preventive Collection) 7649M->538M(7992M) 54.131ms
[2022-12-13T06:42:33.290+0000][151028][gc,cpu      ] GC(940) User=0.40s Sys=0.03s Real=0.05s
[2022-12-13T06:42:33.290+0000][151028][safepoint   ] Safepoint "G1CollectForAllocation", Time since last: 2071862600 ns, Reaching safepoint: 289900 ns, At safepoint: 54384600 ns, Total: 54674500 ns
[2022-12-13T06:42:34.291+0000][151028][safepoint   ] Safepoint "Cleanup", Time since last: 1000135300 ns, Reaching safepoint: 315400 ns, At safepoint: 32200 ns, Total: 347600 ns
[2022-12-13T06:42:34.517+0000][151028][gc,start    ] GC(941) Pause Young (Mixed) (G1 Evacuation Pause)
[2022-12-13T06:42:34.517+0000][151028][gc,task     ] GC(941) Using 10 workers of 10 for evacuation
[2022-12-13T06:42:34.517+0000][151028][gc,age      ] GC(941) Desired survivor size 27262976 bytes, new threshold 1 (max threshold 15)
[2022-12-13T06:42:34.534+0000][151028][gc,phases   ] GC(941)   Pre Evacuate Collection Set: 0.4ms
[2022-12-13T06:42:34.534+0000][151028][gc,phases   ] GC(941)   Merge Heap Roots: 0.2ms
[2022-12-13T06:42:34.534+0000][151028][gc,phases   ] GC(941)   Evacuate Collection Set: 10.2ms
[2022-12-13T06:42:34.534+0000][151028][gc,phases   ] GC(941)   Post Evacuate Collection Set: 5.4ms
[2022-12-13T06:42:34.534+0000][151028][gc,phases   ] GC(941)   Other: 0.2ms
[2022-12-13T06:42:34.534+0000][151028][gc,age      ] GC(941) Age table with threshold 1 (max threshold 15)
[2022-12-13T06:42:34.534+0000][151028][gc,age      ] GC(941) - age   1:   21785048 bytes,   21785048 total
[2022-12-13T06:42:34.534+0000][151028][gc,heap     ] GC(941) Eden regions: 72->0(1191)
[2022-12-13T06:42:34.534+0000][151028][gc,heap     ] GC(941) Survivor regions: 27->7(13)
[2022-12-13T06:42:34.534+0000][151028][gc,heap     ] GC(941) Old regions: 106->106
[2022-12-13T06:42:34.534+0000][151028][gc,heap     ] GC(941) Archive regions: 2->2
