[2022-12-12T06:20:40.579+0000][134561][gc,init] CardTable entry size: 512
[2022-12-12T06:20:40.583+0000][134561][gc     ] Using G1
[2022-12-12T06:20:40.587+0000][134561][gc,init] Version: 19.0.1+10-21 (release)
[2022-12-12T06:20:40.587+0000][134561][gc,init] CPUs: 12 total, 12 available
[2022-12-12T06:20:40.587+0000][134561][gc,init] Memory: 15984M
[2022-12-12T06:20:40.587+0000][134561][gc,init] Large Page Support: Disabled
[2022-12-12T06:20:40.587+0000][134561][gc,init] NUMA Support: Disabled
[2022-12-12T06:20:40.587+0000][134561][gc,init] Compressed Oops: Enabled (Zero based)
[2022-12-12T06:20:40.587+0000][134561][gc,init] Heap Region Size: 2M
[2022-12-12T06:20:40.587+0000][134561][gc,init] Heap Min Capacity: 8M
[2022-12-12T06:20:40.587+0000][134561][gc,init] Heap Initial Capacity: 250M
[2022-12-12T06:20:40.587+0000][134561][gc,init] Heap Max Capacity: 3998M
[2022-12-12T06:20:40.587+0000][134561][gc,init] Pre-touch: Disabled
[2022-12-12T06:20:40.587+0000][134561][gc,init] Parallel Workers: 10
[2022-12-12T06:20:40.588+0000][134561][gc,init] Concurrent Workers: 3
[2022-12-12T06:20:40.588+0000][134561][gc,init] Concurrent Refinement Workers: 10
[2022-12-12T06:20:40.588+0000][134561][gc,init] Periodic GC: Disabled
[2022-12-12T06:20:40.588+0000][134561][gc,metaspace] CDS archive(s) mapped at: [0x0000000800000000-0x0000000800c4f000-0x0000000800c4f000), size 12906496, SharedBaseAddress: 0x0000000800000000, ArchiveRelocationMode: 0.
[2022-12-12T06:20:40.588+0000][134561][gc,metaspace] Compressed class space mapped at: 0x0000000801000000-0x0000000841000000, reserved size: 1073741824
[2022-12-12T06:20:40.588+0000][134561][gc,metaspace] Narrow klass base: 0x0000000800000000, Narrow klass shift: 0, Narrow klass range: 0x100000000
[2022-12-12T06:20:40.685+0000][134561][gc,heap,exit] Heap
[2022-12-12T06:20:40.685+0000][134561][gc,heap,exit]  garbage-first heap   total 260096K, used 3818K [0x0000000706200000, 0x0000000800000000)
[2022-12-12T06:20:40.685+0000][134561][gc,heap,exit]   region size 2048K, 1 young (2048K), 0 survivors (0K)
[2022-12-12T06:20:40.685+0000][134561][gc,heap,exit]  Metaspace       used 57K, committed 128K, reserved 1114112K
[2022-12-12T06:20:40.685+0000][134561][gc,heap,exit]   class space    used 1K, committed 64K, reserved 1048576K
