[2022-12-13T06:25:09.419+0000][151010][gc,init] CardTable entry size: 512
[2022-12-13T06:25:09.422+0000][151010][gc     ] Using G1
[2022-12-13T06:25:09.453+0000][151010][gc,init] Version: 19.0.1+10-21 (release)
[2022-12-13T06:25:09.453+0000][151010][gc,init] CPUs: 12 total, 12 available
[2022-12-13T06:25:09.453+0000][151010][gc,init] Memory: 15984M
[2022-12-13T06:25:09.453+0000][151010][gc,init] Large Page Support: Disabled
[2022-12-13T06:25:09.453+0000][151010][gc,init] NUMA Support: Disabled
[2022-12-13T06:25:09.453+0000][151010][gc,init] Compressed Oops: Enabled (Zero based)
[2022-12-13T06:25:09.453+0000][151010][gc,init] Heap Region Size: 4M
[2022-12-13T06:25:09.453+0000][151010][gc,init] Heap Min Capacity: 7992M
[2022-12-13T06:25:09.453+0000][151010][gc,init] Heap Initial Capacity: 7992M
[2022-12-13T06:25:09.453+0000][151010][gc,init] Heap Max Capacity: 7992M
[2022-12-13T06:25:09.453+0000][151010][gc,init] Pre-touch: Disabled
[2022-12-13T06:25:09.453+0000][151010][gc,init] Parallel Workers: 10
[2022-12-13T06:25:09.453+0000][151010][gc,init] Concurrent Workers: 3
[2022-12-13T06:25:09.453+0000][151010][gc,init] Concurrent Refinement Workers: 10
[2022-12-13T06:25:09.453+0000][151010][gc,init] Periodic GC: Disabled
[2022-12-13T06:25:09.453+0000][151010][gc,metaspace] CDS archive(s) mapped at: [0x0000000800000000-0x0000000800c4f000-0x0000000800c4f000), size 12906496, SharedBaseAddress: 0x0000000800000000, ArchiveRelocationMode: 0.
[2022-12-13T06:25:09.453+0000][151010][gc,metaspace] Compressed class space mapped at: 0x0000000801000000-0x0000000841000000, reserved size: 1073741824
[2022-12-13T06:25:09.453+0000][151010][gc,metaspace] Narrow klass base: 0x0000000800000000, Narrow klass shift: 0, Narrow klass range: 0x100000000
[2022-12-13T06:25:09.540+0000][151010][gc,heap,exit] Heap
[2022-12-13T06:25:09.540+0000][151010][gc,heap,exit]  garbage-first heap   total 8183808K, used 10210K [0x000000060c800000, 0x0000000800000000)
[2022-12-13T06:25:09.540+0000][151010][gc,heap,exit]   region size 4096K, 2 young (8192K), 0 survivors (0K)
[2022-12-13T06:25:09.540+0000][151010][gc,heap,exit]  Metaspace       used 57K, committed 128K, reserved 1114112K
[2022-12-13T06:25:09.540+0000][151010][gc,heap,exit]   class space    used 1K, committed 64K, reserved 1048576K
